2026-10-09 06:30:18.660798 ==============================================================================
2026-10-09 06:30:18.685127 Suites
2026-10-09 06:30:18.685146 ==============================================================================
2026-10-09 06:30:18.685162 Suites.Cart
2026-10-09 06:30:18.685900 ==============================================================================
2026-10-09 06:30:18.685919 Suites.Cart.TC13 verify product quantity :: TC13 - Verify Product Quantity ...
2026-10-09 06:30:18.685919 [ ERROR ] Error in file '/home/runner/work/engg-robot-testing-framework/engg-robot-testing-framework/resources/common.resource' on line 4: Importing library 'playwright_keyword_library.PlaywrightKeywordLibrary' failed: ModuleNotFoundError: No module named 'playwright_keyword_library'
2026-10-09 06:30:18.716899 ==============================================================================
2026-10-09 06:30:18.716899 Traceback (most recent call last):
2026-10-09 06:30:18.716921   None
2026-10-09 06:30:18.767016 PYTHONPATH:
2026-10-09 06:30:18.817108   /opt/hostedtoolcache/Python/3.11.17/x64/bin
2026-10-09 06:30:18.867207   /opt/hostedtoolcache/Python/3.11.17/x64/lib/python311.zip
2026-10-09 06:30:18.917310   /opt/hostedtoolcache/Python/3.11.17/x64/lib/python3.11
2026-10-09 06:30:18.967415   /opt/hostedtoolcache/Python/3.11.17/x64/lib/python3.11/lib-dynload
2026-10-09 06:30:19.017550   /opt/hostedtoolcache/Python/3.11.17/x64/lib/python3.11/site-packages
2026-10-09 06:30:19.067700 [ ERROR ] Error in file '/home/runner/work/engg-robot-testing-framework/engg-robot-testing-framework/resources/product_keywords.resource' on line 2: Importing library 'playwright_keyword_library.PlaywrightKeywordLibrary' failed: ModuleNotFoundError: No module named 'playwright_keyword_library'
2026-10-09 06:30:19.117836 Traceback (most recent call last):
2026-10-09 06:30:19.167989   None
2026-10-09 06:30:19.218123 PYTHONPATH:
2026-10-09 06:30:19.268270   /opt/hostedtoolcache/Python/3.11.17/x64/bin
2026-10-09 06:30:19.318404   /opt/hostedtoolcache/Python/3.11.17/x64/lib/python311.zip
2026-10-09 06:30:19.368538   /opt/hostedtoolcache/Python/3.11.17/x64/lib/python3.11
2026-10-09 06:30:19.418674   /opt/hostedtoolcache/Python/3.11.17/x64/lib/python3.11/lib-dynload
2026-10-09 06:30:19.468807   /opt/hostedtoolcache/Python/3.11.17/x64/lib/python3.11/site-packages
2026-10-09 06:30:19.518941 [ ERROR ] Error in file '/home/runner/work/engg-robot-testing-framework/engg-robot-testing-framework/resources/cart_keywords.resource' on line 2: Importing library 'playwright_keyword_library.PlaywrightKeywordLibrary' failed: ModuleNotFoundError: No module named 'playwright_keyword_library'
2026-10-09 06:30:19.569079 Traceback (most recent call last):
2026-10-09 06:30:19.619175   None
2026-10-09 06:30:19.669310 PYTHONPATH:
2026-10-09 06:30:19.719407   /opt/hostedtoolcache/Python/3.11.17/x64/bin
2026-10-09 06:30:19.769551   /opt/hostedtoolcache/Python/3.11.17/x64/lib/python311.zip
2026-10-09 06:30:19.819662   /opt/hostedtoolcache/Python/3.11.17/x64/lib/python3.11
2026-10-09 06:30:19.869811   /opt/hostedtoolcache/Python/3.11.17/x64/lib/python3.11/lib-dynload
2026-10-09 06:30:19.919920   /opt/hostedtoolcache/Python/3.11.17/x64/lib/python3.11/site-packages
2026-10-09 06:30:28.692414 TC13 Verify Product Quantity In Cart                                  | FAIL |
2026-10-09 06:30:28.728230 Setup failed:
2026-10-09 06:30:28.728248 No keyword with name 'Open Browser' found.
2026-10-09 06:30:28.728263 
2026-10-09 06:30:28.728278 Also teardown failed:
2026-10-09 06:30:28.728292 Several failures occurred:
2026-10-09 06:30:28.728305 
2026-10-09 06:30:28.728325 1) No keyword with name 'Register Keyword To Run On Failure' found.
2026-10-09 06:30:28.728338 
2026-10-09 06:30:28.728350 2) No keyword with name 'Close Browser' found. Did you mean:
2026-10-09 06:30:28.728362     common.Close Test Browser
2026-10-09 06:30:28.728373 ------------------------------------------------------------------------------
2026-10-09 06:30:28.728384 Suites.Cart.TC13 verify product quantity :: TC13 - Verify Product ... | FAIL |
2026-10-09 06:30:28.728908 1 test, 0 passed, 1 failed
2026-10-09 06:30:28.728953 ==============================================================================
2026-10-09 06:30:28.729075 Suites.Cart                                                           | FAIL |
2026-10-09 06:30:28.730080 1 test, 0 passed, 1 failed
2026-10-09 06:30:28.730094 ==============================================================================
2026-10-09 06:30:28.730105 Suites                                                                | FAIL |
2026-10-09 06:30:28.730116 1 test, 0 passed, 1 failed
2026-10-09 06:30:28.730128 ==============================================================================
2026-10-09 06:30:28.730139 Output:  /home/runner/work/engg-robot-testing-framework/engg-robot-testing-framework/reports/pabot_results/6/output.xml
