2026-09-20 05:13:10.995506 ==============================================================================
2026-09-20 05:13:11.024056 Suites
2026-09-20 05:13:11.024077 ==============================================================================
2026-09-20 05:13:11.024091 Suites.Cart
2026-09-20 05:13:11.025007 ==============================================================================
2026-09-20 05:13:11.025025 Suites.Cart.TC17 remove products from cart :: TC17 - Remove Products From Cart
2026-09-20 05:13:11.025025 [ ERROR ] Error in file '/home/runner/work/engg-robot-testing-framework/engg-robot-testing-framework/resources/common.resource' on line 4: Importing library 'playwright_keyword_library.PlaywrightKeywordLibrary' failed: ModuleNotFoundError: No module named 'playwright_keyword_library'
2026-09-20 05:13:11.056797 ==============================================================================
2026-09-20 05:13:11.056797 Traceback (most recent call last):
2026-09-20 05:13:11.056825   None
2026-09-20 05:13:11.106984 PYTHONPATH:
2026-09-20 05:13:11.157121   /opt/hostedtoolcache/Python/3.11.16/x64/bin
2026-09-20 05:13:11.207261   /opt/hostedtoolcache/Python/3.11.16/x64/lib/python311.zip
2026-09-20 05:13:11.257387   /opt/hostedtoolcache/Python/3.11.16/x64/lib/python3.11
2026-09-20 05:13:11.307520   /opt/hostedtoolcache/Python/3.11.16/x64/lib/python3.11/lib-dynload
2026-09-20 05:13:11.357633   /opt/hostedtoolcache/Python/3.11.16/x64/lib/python3.11/site-packages
2026-09-20 05:13:11.407798 [ ERROR ] Error in file '/home/runner/work/engg-robot-testing-framework/engg-robot-testing-framework/resources/product_keywords.resource' on line 2: Importing library 'playwright_keyword_library.PlaywrightKeywordLibrary' failed: ModuleNotFoundError: No module named 'playwright_keyword_library'
2026-09-20 05:13:11.457917 Traceback (most recent call last):
2026-09-20 05:13:11.508064   None
2026-09-20 05:13:11.558218 PYTHONPATH:
2026-09-20 05:13:11.608370   /opt/hostedtoolcache/Python/3.11.16/x64/bin
2026-09-20 05:13:11.658523   /opt/hostedtoolcache/Python/3.11.16/x64/lib/python311.zip
2026-09-20 05:13:11.708673   /opt/hostedtoolcache/Python/3.11.16/x64/lib/python3.11
2026-09-20 05:13:11.758805   /opt/hostedtoolcache/Python/3.11.16/x64/lib/python3.11/lib-dynload
2026-09-20 05:13:11.808954   /opt/hostedtoolcache/Python/3.11.16/x64/lib/python3.11/site-packages
2026-09-20 05:13:11.859095 [ ERROR ] Error in file '/home/runner/work/engg-robot-testing-framework/engg-robot-testing-framework/resources/cart_keywords.resource' on line 2: Importing library 'playwright_keyword_library.PlaywrightKeywordLibrary' failed: ModuleNotFoundError: No module named 'playwright_keyword_library'
2026-09-20 05:13:11.909247 Traceback (most recent call last):
2026-09-20 05:13:11.959385   None
2026-09-20 05:13:12.009542 PYTHONPATH:
2026-09-20 05:13:12.059689   /opt/hostedtoolcache/Python/3.11.16/x64/bin
2026-09-20 05:13:12.109846   /opt/hostedtoolcache/Python/3.11.16/x64/lib/python311.zip
2026-09-20 05:13:12.160225   /opt/hostedtoolcache/Python/3.11.16/x64/lib/python3.11
2026-09-20 05:13:12.210381   /opt/hostedtoolcache/Python/3.11.16/x64/lib/python3.11/lib-dynload
2026-09-20 05:13:12.260547   /opt/hostedtoolcache/Python/3.11.16/x64/lib/python3.11/site-packages
2026-09-20 05:13:21.032216 TC17 Remove Products From Cart                                        | FAIL |
2026-09-20 05:13:21.068487 Setup failed:
2026-09-20 05:13:21.068502 No keyword with name 'Open Browser' found.
2026-09-20 05:13:21.068514 
2026-09-20 05:13:21.068525 Also teardown failed:
2026-09-20 05:13:21.068535 Several failures occurred:
2026-09-20 05:13:21.068546 
2026-09-20 05:13:21.068582 1) No keyword with name 'Register Keyword To Run On Failure' found.
2026-09-20 05:13:21.068595 
2026-09-20 05:13:21.068605 2) No keyword with name 'Close Browser' found. Did you mean:
2026-09-20 05:13:21.068615     common.Close Test Browser
2026-09-20 05:13:21.068625 ------------------------------------------------------------------------------
2026-09-20 05:13:21.068635 Suites.Cart.TC17 remove products from cart :: TC17 - Remove Produc... | FAIL |
2026-09-20 05:13:21.069133 1 test, 0 passed, 1 failed
2026-09-20 05:13:21.069195 ==============================================================================
2026-09-20 05:13:21.069208 Suites.Cart                                                           | FAIL |
2026-09-20 05:13:21.069595 1 test, 0 passed, 1 failed
2026-09-20 05:13:21.069660 ==============================================================================
2026-09-20 05:13:21.069672 Suites                                                                | FAIL |
2026-09-20 05:13:21.069971 1 test, 0 passed, 1 failed
2026-09-20 05:13:21.070036 ==============================================================================
2026-09-20 05:13:21.070048 Output:  /home/runner/work/engg-robot-testing-framework/engg-robot-testing-framework/reports/pabot_results/7/output.xml
