2026-07-18 03:41:11.367478 ==============================================================================
2026-07-18 03:41:11.380453 Suites
2026-07-18 03:41:11.380473 ==============================================================================
2026-07-18 03:41:11.380486 Suites.Auth
2026-07-18 03:41:11.381309 ==============================================================================
2026-07-18 03:41:11.381325 Suites.Auth.TC01 register user
2026-07-18 03:41:11.381325 [ ERROR ] Error in file '/home/runner/work/engg-robot-testing-framework/engg-robot-testing-framework/tests/auth/TC01_register_user.robot' on line 2: Importing library 'playwright_keyword_library.PlaywrightKeywordLibrary' failed: ModuleNotFoundError: No module named 'playwright_keyword_library'
2026-07-18 03:41:11.397954 ==============================================================================
2026-07-18 03:41:11.397954 Traceback (most recent call last):
2026-07-18 03:41:11.397975   None
2026-07-18 03:41:11.448088 PYTHONPATH:
2026-07-18 03:41:11.498218   /opt/hostedtoolcache/Python/3.11.15/x64/bin
2026-07-18 03:41:11.548356   /opt/hostedtoolcache/Python/3.11.15/x64/lib/python311.zip
2026-07-18 03:41:11.598498   /opt/hostedtoolcache/Python/3.11.15/x64/lib/python3.11
2026-07-18 03:41:11.648660   /opt/hostedtoolcache/Python/3.11.15/x64/lib/python3.11/lib-dynload
2026-07-18 03:41:11.698797   /opt/hostedtoolcache/Python/3.11.15/x64/lib/python3.11/site-packages
2026-07-18 03:41:11.748944 [ ERROR ] Error in file '/home/runner/work/engg-robot-testing-framework/engg-robot-testing-framework/resources/auth_keywords.resource' on line 2: Importing library 'playwright_keyword_library.PlaywrightKeywordLibrary' failed: ModuleNotFoundError: No module named 'playwright_keyword_library'
2026-07-18 03:41:11.799198 Traceback (most recent call last):
2026-07-18 03:41:11.849373   None
2026-07-18 03:41:11.899623 PYTHONPATH:
2026-07-18 03:41:11.949863   /opt/hostedtoolcache/Python/3.11.15/x64/bin
2026-07-18 03:41:12.000062   /opt/hostedtoolcache/Python/3.11.15/x64/lib/python311.zip
2026-07-18 03:41:12.050306   /opt/hostedtoolcache/Python/3.11.15/x64/lib/python3.11
2026-07-18 03:41:12.100491   /opt/hostedtoolcache/Python/3.11.15/x64/lib/python3.11/lib-dynload
2026-07-18 03:41:12.150723   /opt/hostedtoolcache/Python/3.11.15/x64/lib/python3.11/site-packages
2026-07-18 03:41:12.200976 [ ERROR ] Error in file '/home/runner/work/engg-robot-testing-framework/engg-robot-testing-framework/resources/common.resource' on line 4: Importing library 'playwright_keyword_library.PlaywrightKeywordLibrary' failed: ModuleNotFoundError: No module named 'playwright_keyword_library'
2026-07-18 03:41:12.251153 Traceback (most recent call last):
2026-07-18 03:41:12.301409   None
2026-07-18 03:41:12.351593 PYTHONPATH:
2026-07-18 03:41:12.401787   /opt/hostedtoolcache/Python/3.11.15/x64/bin
2026-07-18 03:41:12.452026   /opt/hostedtoolcache/Python/3.11.15/x64/lib/python311.zip
2026-07-18 03:41:12.502238   /opt/hostedtoolcache/Python/3.11.15/x64/lib/python3.11
2026-07-18 03:41:12.552402   /opt/hostedtoolcache/Python/3.11.15/x64/lib/python3.11/lib-dynload
2026-07-18 03:41:12.602670   /opt/hostedtoolcache/Python/3.11.15/x64/lib/python3.11/site-packages
2026-07-18 03:41:21.376835 TC01 Register User                                                    | FAIL |
2026-07-18 03:41:21.407183 Setup failed:
2026-07-18 03:41:21.407203 No keyword with name 'Open Browser' found.
2026-07-18 03:41:21.407217 
2026-07-18 03:41:21.407233 Also teardown failed:
2026-07-18 03:41:21.407283 Several failures occurred:
2026-07-18 03:41:21.407297 
2026-07-18 03:41:21.407308 1) No keyword with name 'Register Keyword To Run On Failure' found.
2026-07-18 03:41:21.407319 
2026-07-18 03:41:21.407329 2) No keyword with name 'Close Browser' found. Did you mean:
2026-07-18 03:41:21.407340     common.Close Test Browser
2026-07-18 03:41:21.407350 ------------------------------------------------------------------------------
2026-07-18 03:41:21.407361 Suites.Auth.TC01 register user                                        | FAIL |
2026-07-18 03:41:21.407780 1 test, 0 passed, 1 failed
2026-07-18 03:41:21.407835 ==============================================================================
2026-07-18 03:41:21.407847 Suites.Auth                                                           | FAIL |
2026-07-18 03:41:21.408199 1 test, 0 passed, 1 failed
2026-07-18 03:41:21.408255 ==============================================================================
2026-07-18 03:41:21.408267 Suites                                                                | FAIL |
2026-07-18 03:41:21.408570 1 test, 0 passed, 1 failed
2026-07-18 03:41:21.408639 ==============================================================================
2026-07-18 03:41:21.408651 Output:  /home/runner/work/engg-robot-testing-framework/engg-robot-testing-framework/reports/pabot_results/0/output.xml
