2026-08-12 03:04:32.294067 ==============================================================================
2026-08-12 03:04:32.317455 Suites
2026-08-12 03:04:32.317478 ==============================================================================
2026-08-12 03:04:32.317493 Suites.Auth
2026-08-12 03:04:32.318342 ==============================================================================
2026-08-12 03:04:32.318361 Suites.Auth.TC01 register user
2026-08-12 03:04:32.318361 [ ERROR ] Error in file '/home/runner/work/engg-robot-testing-framework/engg-robot-testing-framework/tests/auth/TC01_register_user.robot' on line 2: Importing library 'playwright_keyword_library.PlaywrightKeywordLibrary' failed: ModuleNotFoundError: No module named 'playwright_keyword_library'
2026-08-12 03:04:32.338558 ==============================================================================
2026-08-12 03:04:32.338558 Traceback (most recent call last):
2026-08-12 03:04:32.340166   None
2026-08-12 03:04:32.390365 PYTHONPATH:
2026-08-12 03:04:32.440519   /opt/hostedtoolcache/Python/3.11.15/x64/bin
2026-08-12 03:04:32.490701   /opt/hostedtoolcache/Python/3.11.15/x64/lib/python311.zip
2026-08-12 03:04:32.540881   /opt/hostedtoolcache/Python/3.11.15/x64/lib/python3.11
2026-08-12 03:04:32.591051   /opt/hostedtoolcache/Python/3.11.15/x64/lib/python3.11/lib-dynload
2026-08-12 03:04:32.641340   /opt/hostedtoolcache/Python/3.11.15/x64/lib/python3.11/site-packages
2026-08-12 03:04:32.691581 [ ERROR ] Error in file '/home/runner/work/engg-robot-testing-framework/engg-robot-testing-framework/resources/auth_keywords.resource' on line 2: Importing library 'playwright_keyword_library.PlaywrightKeywordLibrary' failed: ModuleNotFoundError: No module named 'playwright_keyword_library'
2026-08-12 03:04:32.741800 Traceback (most recent call last):
2026-08-12 03:04:32.792092   None
2026-08-12 03:04:32.842331 PYTHONPATH:
2026-08-12 03:04:32.892570   /opt/hostedtoolcache/Python/3.11.15/x64/bin
2026-08-12 03:04:32.942824   /opt/hostedtoolcache/Python/3.11.15/x64/lib/python311.zip
2026-08-12 03:04:32.993129   /opt/hostedtoolcache/Python/3.11.15/x64/lib/python3.11
2026-08-12 03:04:33.043420   /opt/hostedtoolcache/Python/3.11.15/x64/lib/python3.11/lib-dynload
2026-08-12 03:04:33.093696   /opt/hostedtoolcache/Python/3.11.15/x64/lib/python3.11/site-packages
2026-08-12 03:04:33.143943 [ ERROR ] Error in file '/home/runner/work/engg-robot-testing-framework/engg-robot-testing-framework/resources/common.resource' on line 4: Importing library 'playwright_keyword_library.PlaywrightKeywordLibrary' failed: ModuleNotFoundError: No module named 'playwright_keyword_library'
2026-08-12 03:04:33.194216 Traceback (most recent call last):
2026-08-12 03:04:33.244459   None
2026-08-12 03:04:33.294689 PYTHONPATH:
2026-08-12 03:04:33.344894   /opt/hostedtoolcache/Python/3.11.15/x64/bin
2026-08-12 03:04:33.395174   /opt/hostedtoolcache/Python/3.11.15/x64/lib/python311.zip
2026-08-12 03:04:33.445388   /opt/hostedtoolcache/Python/3.11.15/x64/lib/python3.11
2026-08-12 03:04:33.495669   /opt/hostedtoolcache/Python/3.11.15/x64/lib/python3.11/lib-dynload
2026-08-12 03:04:33.545867   /opt/hostedtoolcache/Python/3.11.15/x64/lib/python3.11/site-packages
2026-08-12 03:04:42.325999 TC01 Register User                                                    | FAIL |
2026-08-12 03:04:42.349358 Setup failed:
2026-08-12 03:04:42.349384 No keyword with name 'Open Browser' found.
2026-08-12 03:04:42.349403 
2026-08-12 03:04:42.349420 Also teardown failed:
2026-08-12 03:04:42.349436 Several failures occurred:
2026-08-12 03:04:42.349451 
2026-08-12 03:04:42.349465 1) No keyword with name 'Register Keyword To Run On Failure' found.
2026-08-12 03:04:42.349480 
2026-08-12 03:04:42.349493 2) No keyword with name 'Close Browser' found. Did you mean:
2026-08-12 03:04:42.349508     common.Close Test Browser
2026-08-12 03:04:42.349521 ------------------------------------------------------------------------------
2026-08-12 03:04:42.349536 Suites.Auth.TC01 register user                                        | FAIL |
2026-08-12 03:04:42.350029 1 test, 0 passed, 1 failed
2026-08-12 03:04:42.350073 ==============================================================================
2026-08-12 03:04:42.350137 Suites.Auth                                                           | FAIL |
2026-08-12 03:04:42.350501 1 test, 0 passed, 1 failed
2026-08-12 03:04:42.350571 ==============================================================================
2026-08-12 03:04:42.350591 Suites                                                                | FAIL |
2026-08-12 03:04:42.350938 1 test, 0 passed, 1 failed
2026-08-12 03:04:42.351009 ==============================================================================
2026-08-12 03:04:42.351021 Output:  /home/runner/work/engg-robot-testing-framework/engg-robot-testing-framework/reports/pabot_results/0/output.xml
