2026-09-17 05:07:54.559914 ==============================================================================
2026-09-17 05:07:54.589631 Suites
2026-09-17 05:07:54.589656 ==============================================================================
2026-09-17 05:07:54.589699 Suites.Cart
2026-09-17 05:07:54.590494 ==============================================================================
2026-09-17 05:07:54.590512 Suites.Cart.TC12 add products to cart :: TC12 - Add Products In Cart
2026-09-17 05:07:54.590512 [ ERROR ] Error in file '/home/runner/work/engg-robot-testing-framework/engg-robot-testing-framework/resources/common.resource' on line 4: Importing library 'playwright_keyword_library.PlaywrightKeywordLibrary' failed: ModuleNotFoundError: No module named 'playwright_keyword_library'
2026-09-17 05:07:54.620751 ==============================================================================
2026-09-17 05:07:54.620751 Traceback (most recent call last):
2026-09-17 05:07:54.620777   None
2026-09-17 05:07:54.670880 PYTHONPATH:
2026-09-17 05:07:54.720982   /opt/hostedtoolcache/Python/3.11.16/x64/bin
2026-09-17 05:07:54.771108   /opt/hostedtoolcache/Python/3.11.16/x64/lib/python311.zip
2026-09-17 05:07:54.821233   /opt/hostedtoolcache/Python/3.11.16/x64/lib/python3.11
2026-09-17 05:07:54.871339   /opt/hostedtoolcache/Python/3.11.16/x64/lib/python3.11/lib-dynload
2026-09-17 05:07:54.921449   /opt/hostedtoolcache/Python/3.11.16/x64/lib/python3.11/site-packages
2026-09-17 05:07:54.971596 [ ERROR ] Error in file '/home/runner/work/engg-robot-testing-framework/engg-robot-testing-framework/resources/product_keywords.resource' on line 2: Importing library 'playwright_keyword_library.PlaywrightKeywordLibrary' failed: ModuleNotFoundError: No module named 'playwright_keyword_library'
2026-09-17 05:07:55.021743 Traceback (most recent call last):
2026-09-17 05:07:55.071901   None
2026-09-17 05:07:55.122053 PYTHONPATH:
2026-09-17 05:07:55.172199   /opt/hostedtoolcache/Python/3.11.16/x64/bin
2026-09-17 05:07:55.222363   /opt/hostedtoolcache/Python/3.11.16/x64/lib/python311.zip
2026-09-17 05:07:55.272488   /opt/hostedtoolcache/Python/3.11.16/x64/lib/python3.11
2026-09-17 05:07:55.322637   /opt/hostedtoolcache/Python/3.11.16/x64/lib/python3.11/lib-dynload
2026-09-17 05:07:55.372785   /opt/hostedtoolcache/Python/3.11.16/x64/lib/python3.11/site-packages
2026-09-17 05:07:55.422937 [ ERROR ] Error in file '/home/runner/work/engg-robot-testing-framework/engg-robot-testing-framework/resources/cart_keywords.resource' on line 2: Importing library 'playwright_keyword_library.PlaywrightKeywordLibrary' failed: ModuleNotFoundError: No module named 'playwright_keyword_library'
2026-09-17 05:07:55.473086 Traceback (most recent call last):
2026-09-17 05:07:55.523241   None
2026-09-17 05:07:55.573392 PYTHONPATH:
2026-09-17 05:07:55.623544   /opt/hostedtoolcache/Python/3.11.16/x64/bin
2026-09-17 05:07:55.673691   /opt/hostedtoolcache/Python/3.11.16/x64/lib/python311.zip
2026-09-17 05:07:55.723840   /opt/hostedtoolcache/Python/3.11.16/x64/lib/python3.11
2026-09-17 05:07:55.773970   /opt/hostedtoolcache/Python/3.11.16/x64/lib/python3.11/lib-dynload
2026-09-17 05:07:55.824129   /opt/hostedtoolcache/Python/3.11.16/x64/lib/python3.11/site-packages
2026-09-17 05:08:04.595525 TC12 Add Products In Cart                                             | FAIL |
2026-09-17 05:08:04.632066 Setup failed:
2026-09-17 05:08:04.632110 No keyword with name 'Open Browser' found.
2026-09-17 05:08:04.632127 
2026-09-17 05:08:04.632141 Also teardown failed:
2026-09-17 05:08:04.632155 Several failures occurred:
2026-09-17 05:08:04.632168 
2026-09-17 05:08:04.632180 1) No keyword with name 'Register Keyword To Run On Failure' found.
2026-09-17 05:08:04.632192 
2026-09-17 05:08:04.632204 2) No keyword with name 'Close Browser' found. Did you mean:
2026-09-17 05:08:04.632215     common.Close Test Browser
2026-09-17 05:08:04.632227 ------------------------------------------------------------------------------
2026-09-17 05:08:04.632240 Suites.Cart.TC12 add products to cart :: TC12 - Add Products In Cart  | FAIL |
2026-09-17 05:08:04.633694 1 test, 0 passed, 1 failed
2026-09-17 05:08:04.633711 ==============================================================================
2026-09-17 05:08:04.633724 Suites.Cart                                                           | FAIL |
2026-09-17 05:08:04.633770 1 test, 0 passed, 1 failed
2026-09-17 05:08:04.633783 ==============================================================================
2026-09-17 05:08:04.633795 Suites                                                                | FAIL |
2026-09-17 05:08:04.633807 1 test, 0 passed, 1 failed
2026-09-17 05:08:04.633897 ==============================================================================
2026-09-17 05:08:04.633911 Output:  /home/runner/work/engg-robot-testing-framework/engg-robot-testing-framework/reports/pabot_results/5/output.xml
