[INFO]    Initialized logging in reports/pabot_results
[INFO]    Robot Framework remote server at 127.0.0.1:8270 started.
[DEBUG]   Storing .pabotsuitenames file
[DEBUG]   2026-07-14 03:44:13.238529 [PID:2304] [0] [ID:0] EXECUTING Suites.Auth.TC01 register user
[DEBUG]   2026-07-14 03:44:13.240254 [PID:2305] [1] [ID:1] EXECUTING Suites.Auth.TC02 login valid
[DEBUG]   2026-07-14 03:44:18.245472 [PID:2304] [0] [ID:0] still running Suites.Auth.TC01 register user after 5.0s
[DEBUG]   2026-07-14 03:44:18.245611 [PID:2305] [1] [ID:1] still running Suites.Auth.TC02 login valid after 5.0s
[INFO]    2026-07-14 03:44:23.657432 [PID:2304] [0] [ID:0] Execution failed in Suites.Auth.TC01 register user with 1 failing test(s)
==============================================================================
Suites
==============================================================================
Suites.Auth
==============================================================================
Suites.Auth.TC01 register user
==============================================================================
TC01 Register User                                                    | FAIL |
Setup failed:
No keyword with name 'Open Browser' found.

Also teardown failed:
Several failures occurred:

1) No keyword with name 'Register Keyword To Run On Failure' found.

2) No keyword with name 'Close Browser' found. Did you mean:
    common.Close Test Browser
------------------------------------------------------------------------------
Suites.Auth.TC01 register user                                        | FAIL |
1 test, 0 passed, 1 failed
==============================================================================
Suites.Auth                                                           | FAIL |
1 test, 0 passed, 1 failed
==============================================================================
Suites                                                                | FAIL |
1 test, 0 passed, 1 failed
==============================================================================
Output:  /home/runner/work/engg-robot-testing-framework/engg-robot-testing-framework/reports/pabot_results/0/output.xml

[ ERROR ] Error in file '/home/runner/work/engg-robot-testing-framework/engg-robot-testing-framework/tests/auth/TC01_register_user.robot' on line 2: Importing library 'playwright_keyword_library.PlaywrightKeywordLibrary' failed: ModuleNotFoundError: No module named 'playwright_keyword_library'
Traceback (most recent call last):
  None
PYTHONPATH:
  /opt/hostedtoolcache/Python/3.11.15/x64/bin
  /opt/hostedtoolcache/Python/3.11.15/x64/lib/python311.zip
  /opt/hostedtoolcache/Python/3.11.15/x64/lib/python3.11
  /opt/hostedtoolcache/Python/3.11.15/x64/lib/python3.11/lib-dynload
  /opt/hostedtoolcache/Python/3.11.15/x64/lib/python3.11/site-packages
[ ERROR ] Error in file '/home/runner/work/engg-robot-testing-framework/engg-robot-testing-framework/resources/auth_keywords.resource' on line 2: Importing library 'playwright_keyword_library.PlaywrightKeywordLibrary' failed: ModuleNotFoundError: No module named 'playwright_keyword_library'
Traceback (most recent call last):
  None
PYTHONPATH:
  /opt/hostedtoolcache/Python/3.11.15/x64/bin
  /opt/hostedtoolcache/Python/3.11.15/x64/lib/python311.zip
  /opt/hostedtoolcache/Python/3.11.15/x64/lib/python3.11
  /opt/hostedtoolcache/Python/3.11.15/x64/lib/python3.11/lib-dynload
  /opt/hostedtoolcache/Python/3.11.15/x64/lib/python3.11/site-packages
[ ERROR ] Error in file '/home/runner/work/engg-robot-testing-framework/engg-robot-testing-framework/resources/common.resource' on line 4: Importing library 'playwright_keyword_library.PlaywrightKeywordLibrary' failed: ModuleNotFoundError: No module named 'playwright_keyword_library'
Traceback (most recent call last):
  None
PYTHONPATH:
  /opt/hostedtoolcache/Python/3.11.15/x64/bin
  /opt/hostedtoolcache/Python/3.11.15/x64/lib/python311.zip
  /opt/hostedtoolcache/Python/3.11.15/x64/lib/python3.11
  /opt/hostedtoolcache/Python/3.11.15/x64/lib/python3.11/lib-dynload
  /opt/hostedtoolcache/Python/3.11.15/x64/lib/python3.11/site-packages
[INFO]    2026-07-14 03:44:23.662071 [PID:2305] [1] [ID:1] Execution failed in Suites.Auth.TC02 login valid with 1 failing test(s)
==============================================================================
Suites
==============================================================================
Suites.Auth
==============================================================================
Suites.Auth.TC02 login valid
==============================================================================
TC02 Login User With Correct Email And Password                       | FAIL |
Setup failed:
No keyword with name 'Open Browser' found.

Also teardown failed:
Several failures occurred:

1) No keyword with name 'Register Keyword To Run On Failure' found.

2) No keyword with name 'Close Browser' found. Did you mean:
    common.Close Test Browser
------------------------------------------------------------------------------
Suites.Auth.TC02 login valid                                          | FAIL |
1 test, 0 passed, 1 failed
==============================================================================
Suites.Auth                                                           | FAIL |
1 test, 0 passed, 1 failed
==============================================================================
Suites                                                                | FAIL |
1 test, 0 passed, 1 failed
==============================================================================
Output:  /home/runner/work/engg-robot-testing-framework/engg-robot-testing-framework/reports/pabot_results/1/output.xml

[ ERROR ] Error in file '/home/runner/work/engg-robot-testing-framework/engg-robot-testing-framework/tests/auth/TC02_login_valid.robot' on line 2: Importing library 'playwright_keyword_library.PlaywrightKeywordLibrary' failed: ModuleNotFoundError: No module named 'playwright_keyword_library'
Traceback (most recent call last):
  None
PYTHONPATH:
  /opt/hostedtoolcache/Python/3.11.15/x64/bin
  /opt/hostedtoolcache/Python/3.11.15/x64/lib/python311.zip
  /opt/hostedtoolcache/Python/3.11.15/x64/lib/python3.11
  /opt/hostedtoolcache/Python/3.11.15/x64/lib/python3.11/lib-dynload
  /opt/hostedtoolcache/Python/3.11.15/x64/lib/python3.11/site-packages
[ ERROR ] Error in file '/home/runner/work/engg-robot-testing-framework/engg-robot-testing-framework/resources/auth_keywords.resource' on line 2: Importing library 'playwright_keyword_library.PlaywrightKeywordLibrary' failed: ModuleNotFoundError: No module named 'playwright_keyword_library'
Traceback (most recent call last):
  None
PYTHONPATH:
  /opt/hostedtoolcache/Python/3.11.15/x64/bin
  /opt/hostedtoolcache/Python/3.11.15/x64/lib/python311.zip
  /opt/hostedtoolcache/Python/3.11.15/x64/lib/python3.11
  /opt/hostedtoolcache/Python/3.11.15/x64/lib/python3.11/lib-dynload
  /opt/hostedtoolcache/Python/3.11.15/x64/lib/python3.11/site-packages
[ ERROR ] Error in file '/home/runner/work/engg-robot-testing-framework/engg-robot-testing-framework/resources/common.resource' on line 4: Importing library 'playwright_keyword_library.PlaywrightKeywordLibrary' failed: ModuleNotFoundError: No module named 'playwright_keyword_library'
Traceback (most recent call last):
  None
PYTHONPATH:
  /opt/hostedtoolcache/Python/3.11.15/x64/bin
  /opt/hostedtoolcache/Python/3.11.15/x64/lib/python311.zip
  /opt/hostedtoolcache/Python/3.11.15/x64/lib/python3.11
  /opt/hostedtoolcache/Python/3.11.15/x64/lib/python3.11/lib-dynload
  /opt/hostedtoolcache/Python/3.11.15/x64/lib/python3.11/site-packages
[DEBUG]   2026-07-14 03:44:23.662597 [PID:2313] [0] [ID:2] EXECUTING Suites.Auth.TC03 login invalid
[DEBUG]   2026-07-14 03:44:23.667165 [PID:2317] [1] [ID:3] EXECUTING Suites.Auth.TC04 logout user
[DEBUG]   2026-07-14 03:44:28.669395 [PID:2313] [0] [ID:2] still running Suites.Auth.TC03 login invalid after 5.0s
[DEBUG]   2026-07-14 03:44:28.673538 [PID:2317] [1] [ID:3] still running Suites.Auth.TC04 logout user after 5.0s
[INFO]    2026-07-14 03:44:34.078802 [PID:2313] [0] [ID:2] Execution failed in Suites.Auth.TC03 login invalid with 1 failing test(s)
==============================================================================
Suites
==============================================================================
Suites.Auth
==============================================================================
Suites.Auth.TC03 login invalid
==============================================================================
TC03 Login User With Incorrect Email And Password                     | FAIL |
Setup failed:
No keyword with name 'Open Browser' found.

Also teardown failed:
Several failures occurred:

1) No keyword with name 'Register Keyword To Run On Failure' found.

2) No keyword with name 'Close Browser' found. Did you mean:
    common.Close Test Browser
------------------------------------------------------------------------------
Suites.Auth.TC03 login invalid                                        | FAIL |
1 test, 0 passed, 1 failed
==============================================================================
Suites.Auth                                                           | FAIL |
1 test, 0 passed, 1 failed
==============================================================================
Suites                                                                | FAIL |
1 test, 0 passed, 1 failed
==============================================================================
Output:  /home/runner/work/engg-robot-testing-framework/engg-robot-testing-framework/reports/pabot_results/2/output.xml

[ ERROR ] Error in file '/home/runner/work/engg-robot-testing-framework/engg-robot-testing-framework/tests/auth/TC03_login_invalid.robot' on line 2: Importing library 'playwright_keyword_library.PlaywrightKeywordLibrary' failed: ModuleNotFoundError: No module named 'playwright_keyword_library'
Traceback (most recent call last):
  None
PYTHONPATH:
  /opt/hostedtoolcache/Python/3.11.15/x64/bin
  /opt/hostedtoolcache/Python/3.11.15/x64/lib/python311.zip
  /opt/hostedtoolcache/Python/3.11.15/x64/lib/python3.11
  /opt/hostedtoolcache/Python/3.11.15/x64/lib/python3.11/lib-dynload
  /opt/hostedtoolcache/Python/3.11.15/x64/lib/python3.11/site-packages
[ ERROR ] Error in file '/home/runner/work/engg-robot-testing-framework/engg-robot-testing-framework/resources/auth_keywords.resource' on line 2: Importing library 'playwright_keyword_library.PlaywrightKeywordLibrary' failed: ModuleNotFoundError: No module named 'playwright_keyword_library'
Traceback (most recent call last):
  None
PYTHONPATH:
  /opt/hostedtoolcache/Python/3.11.15/x64/bin
  /opt/hostedtoolcache/Python/3.11.15/x64/lib/python311.zip
  /opt/hostedtoolcache/Python/3.11.15/x64/lib/python3.11
  /opt/hostedtoolcache/Python/3.11.15/x64/lib/python3.11/lib-dynload
  /opt/hostedtoolcache/Python/3.11.15/x64/lib/python3.11/site-packages
[ ERROR ] Error in file '/home/runner/work/engg-robot-testing-framework/engg-robot-testing-framework/resources/common.resource' on line 4: Importing library 'playwright_keyword_library.PlaywrightKeywordLibrary' failed: ModuleNotFoundError: No module named 'playwright_keyword_library'
Traceback (most recent call last):
  None
PYTHONPATH:
  /opt/hostedtoolcache/Python/3.11.15/x64/bin
  /opt/hostedtoolcache/Python/3.11.15/x64/lib/python311.zip
  /opt/hostedtoolcache/Python/3.11.15/x64/lib/python3.11
  /opt/hostedtoolcache/Python/3.11.15/x64/lib/python3.11/lib-dynload
  /opt/hostedtoolcache/Python/3.11.15/x64/lib/python3.11/site-packages
[DEBUG]   2026-07-14 03:44:34.083623 [PID:2322] [0] [ID:4] EXECUTING Suites.Auth.TC05 register existing email
[INFO]    2026-07-14 03:44:34.085750 [PID:2317] [1] [ID:3] Execution failed in Suites.Auth.TC04 logout user with 1 failing test(s)
==============================================================================
Suites
==============================================================================
Suites.Auth
==============================================================================
Suites.Auth.TC04 logout user
==============================================================================
TC04 Logout User                                                      | FAIL |
Setup failed:
No keyword with name 'Open Browser' found.

Also teardown failed:
Several failures occurred:

1) No keyword with name 'Register Keyword To Run On Failure' found.

2) No keyword with name 'Close Browser' found. Did you mean:
    common.Close Test Browser
------------------------------------------------------------------------------
Suites.Auth.TC04 logout user                                          | FAIL |
1 test, 0 passed, 1 failed
==============================================================================
Suites.Auth                                                           | FAIL |
1 test, 0 passed, 1 failed
==============================================================================
Suites                                                                | FAIL |
1 test, 0 passed, 1 failed
==============================================================================
Output:  /home/runner/work/engg-robot-testing-framework/engg-robot-testing-framework/reports/pabot_results/3/output.xml

[ ERROR ] Error in file '/home/runner/work/engg-robot-testing-framework/engg-robot-testing-framework/tests/auth/TC04_logout_user.robot' on line 2: Importing library 'playwright_keyword_library.PlaywrightKeywordLibrary' failed: ModuleNotFoundError: No module named 'playwright_keyword_library'
Traceback (most recent call last):
  None
PYTHONPATH:
  /opt/hostedtoolcache/Python/3.11.15/x64/bin
  /opt/hostedtoolcache/Python/3.11.15/x64/lib/python311.zip
  /opt/hostedtoolcache/Python/3.11.15/x64/lib/python3.11
  /opt/hostedtoolcache/Python/3.11.15/x64/lib/python3.11/lib-dynload
  /opt/hostedtoolcache/Python/3.11.15/x64/lib/python3.11/site-packages
[ ERROR ] Error in file '/home/runner/work/engg-robot-testing-framework/engg-robot-testing-framework/resources/auth_keywords.resource' on line 2: Importing library 'playwright_keyword_library.PlaywrightKeywordLibrary' failed: ModuleNotFoundError: No module named 'playwright_keyword_library'
Traceback (most recent call last):
  None
PYTHONPATH:
  /opt/hostedtoolcache/Python/3.11.15/x64/bin
  /opt/hostedtoolcache/Python/3.11.15/x64/lib/python311.zip
  /opt/hostedtoolcache/Python/3.11.15/x64/lib/python3.11
  /opt/hostedtoolcache/Python/3.11.15/x64/lib/python3.11/lib-dynload
  /opt/hostedtoolcache/Python/3.11.15/x64/lib/python3.11/site-packages
[ ERROR ] Error in file '/home/runner/work/engg-robot-testing-framework/engg-robot-testing-framework/resources/common.resource' on line 4: Importing library 'playwright_keyword_library.PlaywrightKeywordLibrary' failed: ModuleNotFoundError: No module named 'playwright_keyword_library'
Traceback (most recent call last):
  None
PYTHONPATH:
  /opt/hostedtoolcache/Python/3.11.15/x64/bin
  /opt/hostedtoolcache/Python/3.11.15/x64/lib/python311.zip
  /opt/hostedtoolcache/Python/3.11.15/x64/lib/python3.11
  /opt/hostedtoolcache/Python/3.11.15/x64/lib/python3.11/lib-dynload
  /opt/hostedtoolcache/Python/3.11.15/x64/lib/python3.11/site-packages
[DEBUG]   2026-07-14 03:44:34.090107 [PID:2326] [1] [ID:5] EXECUTING Suites.Cart.TC12 add products to cart
[DEBUG]   2026-07-14 03:44:39.091024 [PID:2322] [0] [ID:4] still running Suites.Auth.TC05 register existing email after 5.0s
[DEBUG]   2026-07-14 03:44:39.095769 [PID:2326] [1] [ID:5] still running Suites.Cart.TC12 add products to cart after 5.0s
[INFO]    2026-07-14 03:44:44.500639 [PID:2322] [0] [ID:4] Execution failed in Suites.Auth.TC05 register existing email with 1 failing test(s)
==============================================================================
Suites
==============================================================================
Suites.Auth
==============================================================================
Suites.Auth.TC05 register existing email
==============================================================================
TC05 Register User With Existing Email                                | FAIL |
Setup failed:
No keyword with name 'Open Browser' found.

Also teardown failed:
Several failures occurred:

1) No keyword with name 'Register Keyword To Run On Failure' found.

2) No keyword with name 'Close Browser' found. Did you mean:
    common.Close Test Browser
------------------------------------------------------------------------------
Suites.Auth.TC05 register existing email                              | FAIL |
1 test, 0 passed, 1 failed
==============================================================================
Suites.Auth                                                           | FAIL |
1 test, 0 passed, 1 failed
==============================================================================
Suites                                                                | FAIL |
1 test, 0 passed, 1 failed
==============================================================================
Output:  /home/runner/work/engg-robot-testing-framework/engg-robot-testing-framework/reports/pabot_results/4/output.xml

[ ERROR ] Error in file '/home/runner/work/engg-robot-testing-framework/engg-robot-testing-framework/tests/auth/TC05_register_existing_email.robot' on line 2: Importing library 'playwright_keyword_library.PlaywrightKeywordLibrary' failed: ModuleNotFoundError: No module named 'playwright_keyword_library'
Traceback (most recent call last):
  None
PYTHONPATH:
  /opt/hostedtoolcache/Python/3.11.15/x64/bin
  /opt/hostedtoolcache/Python/3.11.15/x64/lib/python311.zip
  /opt/hostedtoolcache/Python/3.11.15/x64/lib/python3.11
  /opt/hostedtoolcache/Python/3.11.15/x64/lib/python3.11/lib-dynload
  /opt/hostedtoolcache/Python/3.11.15/x64/lib/python3.11/site-packages
[ ERROR ] Error in file '/home/runner/work/engg-robot-testing-framework/engg-robot-testing-framework/resources/auth_keywords.resource' on line 2: Importing library 'playwright_keyword_library.PlaywrightKeywordLibrary' failed: ModuleNotFoundError: No module named 'playwright_keyword_library'
Traceback (most recent call last):
  None
PYTHONPATH:
  /opt/hostedtoolcache/Python/3.11.15/x64/bin
  /opt/hostedtoolcache/Python/3.11.15/x64/lib/python311.zip
  /opt/hostedtoolcache/Python/3.11.15/x64/lib/python3.11
  /opt/hostedtoolcache/Python/3.11.15/x64/lib/python3.11/lib-dynload
  /opt/hostedtoolcache/Python/3.11.15/x64/lib/python3.11/site-packages
[ ERROR ] Error in file '/home/runner/work/engg-robot-testing-framework/engg-robot-testing-framework/resources/common.resource' on line 4: Importing library 'playwright_keyword_library.PlaywrightKeywordLibrary' failed: ModuleNotFoundError: No module named 'playwright_keyword_library'
Traceback (most recent call last):
  None
PYTHONPATH:
  /opt/hostedtoolcache/Python/3.11.15/x64/bin
  /opt/hostedtoolcache/Python/3.11.15/x64/lib/python311.zip
  /opt/hostedtoolcache/Python/3.11.15/x64/lib/python3.11
  /opt/hostedtoolcache/Python/3.11.15/x64/lib/python3.11/lib-dynload
  /opt/hostedtoolcache/Python/3.11.15/x64/lib/python3.11/site-packages
[DEBUG]   2026-07-14 03:44:44.505526 [PID:2334] [0] [ID:6] EXECUTING Suites.Cart.TC13 verify product quantity
[INFO]    2026-07-14 03:44:44.507345 [PID:2326] [1] [ID:5] Execution failed in Suites.Cart.TC12 add products to cart with 1 failing test(s)
==============================================================================
Suites
==============================================================================
Suites.Cart
==============================================================================
Suites.Cart.TC12 add products to cart :: TC12 - Add Products In Cart
==============================================================================
TC12 Add Products In Cart                                             | FAIL |
Setup failed:
No keyword with name 'Open Browser' found.

Also teardown failed:
Several failures occurred:

1) No keyword with name 'Register Keyword To Run On Failure' found.

2) No keyword with name 'Close Browser' found. Did you mean:
    common.Close Test Browser
------------------------------------------------------------------------------
Suites.Cart.TC12 add products to cart :: TC12 - Add Products In Cart  | FAIL |
1 test, 0 passed, 1 failed
==============================================================================
Suites.Cart                                                           | FAIL |
1 test, 0 passed, 1 failed
==============================================================================
Suites                                                                | FAIL |
1 test, 0 passed, 1 failed
==============================================================================
Output:  /home/runner/work/engg-robot-testing-framework/engg-robot-testing-framework/reports/pabot_results/5/output.xml

[ ERROR ] Error in file '/home/runner/work/engg-robot-testing-framework/engg-robot-testing-framework/resources/common.resource' on line 4: Importing library 'playwright_keyword_library.PlaywrightKeywordLibrary' failed: ModuleNotFoundError: No module named 'playwright_keyword_library'
Traceback (most recent call last):
  None
PYTHONPATH:
  /opt/hostedtoolcache/Python/3.11.15/x64/bin
  /opt/hostedtoolcache/Python/3.11.15/x64/lib/python311.zip
  /opt/hostedtoolcache/Python/3.11.15/x64/lib/python3.11
  /opt/hostedtoolcache/Python/3.11.15/x64/lib/python3.11/lib-dynload
  /opt/hostedtoolcache/Python/3.11.15/x64/lib/python3.11/site-packages
[ ERROR ] Error in file '/home/runner/work/engg-robot-testing-framework/engg-robot-testing-framework/resources/product_keywords.resource' on line 2: Importing library 'playwright_keyword_library.PlaywrightKeywordLibrary' failed: ModuleNotFoundError: No module named 'playwright_keyword_library'
Traceback (most recent call last):
  None
PYTHONPATH:
  /opt/hostedtoolcache/Python/3.11.15/x64/bin
  /opt/hostedtoolcache/Python/3.11.15/x64/lib/python311.zip
  /opt/hostedtoolcache/Python/3.11.15/x64/lib/python3.11
  /opt/hostedtoolcache/Python/3.11.15/x64/lib/python3.11/lib-dynload
  /opt/hostedtoolcache/Python/3.11.15/x64/lib/python3.11/site-packages
[ ERROR ] Error in file '/home/runner/work/engg-robot-testing-framework/engg-robot-testing-framework/resources/cart_keywords.resource' on line 2: Importing library 'playwright_keyword_library.PlaywrightKeywordLibrary' failed: ModuleNotFoundError: No module named 'playwright_keyword_library'
Traceback (most recent call last):
  None
PYTHONPATH:
  /opt/hostedtoolcache/Python/3.11.15/x64/bin
  /opt/hostedtoolcache/Python/3.11.15/x64/lib/python311.zip
  /opt/hostedtoolcache/Python/3.11.15/x64/lib/python3.11
  /opt/hostedtoolcache/Python/3.11.15/x64/lib/python3.11/lib-dynload
  /opt/hostedtoolcache/Python/3.11.15/x64/lib/python3.11/site-packages
[DEBUG]   2026-07-14 03:44:44.510895 [PID:2338] [1] [ID:7] EXECUTING Suites.Cart.TC17 remove products from cart
[DEBUG]   2026-07-14 03:44:49.512431 [PID:2334] [0] [ID:6] still running Suites.Cart.TC13 verify product quantity after 5.0s
[DEBUG]   2026-07-14 03:44:49.517643 [PID:2338] [1] [ID:7] still running Suites.Cart.TC17 remove products from cart after 5.0s
[INFO]    2026-07-14 03:44:54.921681 [PID:2334] [0] [ID:6] Execution failed in Suites.Cart.TC13 verify product quantity with 1 failing test(s)
==============================================================================
Suites
==============================================================================
Suites.Cart
==============================================================================
Suites.Cart.TC13 verify product quantity :: TC13 - Verify Product Quantity ...
==============================================================================
TC13 Verify Product Quantity In Cart                                  | FAIL |
Setup failed:
No keyword with name 'Open Browser' found.

Also teardown failed:
Several failures occurred:

1) No keyword with name 'Register Keyword To Run On Failure' found.

2) No keyword with name 'Close Browser' found. Did you mean:
    common.Close Test Browser
------------------------------------------------------------------------------
Suites.Cart.TC13 verify product quantity :: TC13 - Verify Product ... | FAIL |
1 test, 0 passed, 1 failed
==============================================================================
Suites.Cart                                                           | FAIL |
1 test, 0 passed, 1 failed
==============================================================================
Suites                                                                | FAIL |
1 test, 0 passed, 1 failed
==============================================================================
Output:  /home/runner/work/engg-robot-testing-framework/engg-robot-testing-framework/reports/pabot_results/6/output.xml

[ ERROR ] Error in file '/home/runner/work/engg-robot-testing-framework/engg-robot-testing-framework/resources/common.resource' on line 4: Importing library 'playwright_keyword_library.PlaywrightKeywordLibrary' failed: ModuleNotFoundError: No module named 'playwright_keyword_library'
Traceback (most recent call last):
  None
PYTHONPATH:
  /opt/hostedtoolcache/Python/3.11.15/x64/bin
  /opt/hostedtoolcache/Python/3.11.15/x64/lib/python311.zip
  /opt/hostedtoolcache/Python/3.11.15/x64/lib/python3.11
  /opt/hostedtoolcache/Python/3.11.15/x64/lib/python3.11/lib-dynload
  /opt/hostedtoolcache/Python/3.11.15/x64/lib/python3.11/site-packages
[ ERROR ] Error in file '/home/runner/work/engg-robot-testing-framework/engg-robot-testing-framework/resources/product_keywords.resource' on line 2: Importing library 'playwright_keyword_library.PlaywrightKeywordLibrary' failed: ModuleNotFoundError: No module named 'playwright_keyword_library'
Traceback (most recent call last):
  None
PYTHONPATH:
  /opt/hostedtoolcache/Python/3.11.15/x64/bin
  /opt/hostedtoolcache/Python/3.11.15/x64/lib/python311.zip
  /opt/hostedtoolcache/Python/3.11.15/x64/lib/python3.11
  /opt/hostedtoolcache/Python/3.11.15/x64/lib/python3.11/lib-dynload
  /opt/hostedtoolcache/Python/3.11.15/x64/lib/python3.11/site-packages
[ ERROR ] Error in file '/home/runner/work/engg-robot-testing-framework/engg-robot-testing-framework/resources/cart_keywords.resource' on line 2: Importing library 'playwright_keyword_library.PlaywrightKeywordLibrary' failed: ModuleNotFoundError: No module named 'playwright_keyword_library'
Traceback (most recent call last):
  None
PYTHONPATH:
  /opt/hostedtoolcache/Python/3.11.15/x64/bin
  /opt/hostedtoolcache/Python/3.11.15/x64/lib/python311.zip
  /opt/hostedtoolcache/Python/3.11.15/x64/lib/python3.11
  /opt/hostedtoolcache/Python/3.11.15/x64/lib/python3.11/lib-dynload
  /opt/hostedtoolcache/Python/3.11.15/x64/lib/python3.11/site-packages
[DEBUG]   2026-07-14 03:44:54.925863 [PID:2345] [0] [ID:8] EXECUTING Suites.Cart.TC20 search and verify cart after login
[INFO]    2026-07-14 03:44:54.930080 [PID:2338] [1] [ID:7] Execution failed in Suites.Cart.TC17 remove products from cart with 1 failing test(s)
==============================================================================
Suites
==============================================================================
Suites.Cart
==============================================================================
Suites.Cart.TC17 remove products from cart :: TC17 - Remove Products From Cart
==============================================================================
TC17 Remove Products From Cart                                        | FAIL |
Setup failed:
No keyword with name 'Open Browser' found.

Also teardown failed:
Several failures occurred:

1) No keyword with name 'Register Keyword To Run On Failure' found.

2) No keyword with name 'Close Browser' found. Did you mean:
    common.Close Test Browser
------------------------------------------------------------------------------
Suites.Cart.TC17 remove products from cart :: TC17 - Remove Produc... | FAIL |
1 test, 0 passed, 1 failed
==============================================================================
Suites.Cart                                                           | FAIL |
1 test, 0 passed, 1 failed
==============================================================================
Suites                                                                | FAIL |
1 test, 0 passed, 1 failed
==============================================================================
Output:  /home/runner/work/engg-robot-testing-framework/engg-robot-testing-framework/reports/pabot_results/7/output.xml

[ ERROR ] Error in file '/home/runner/work/engg-robot-testing-framework/engg-robot-testing-framework/resources/common.resource' on line 4: Importing library 'playwright_keyword_library.PlaywrightKeywordLibrary' failed: ModuleNotFoundError: No module named 'playwright_keyword_library'
Traceback (most recent call last):
  None
PYTHONPATH:
  /opt/hostedtoolcache/Python/3.11.15/x64/bin
  /opt/hostedtoolcache/Python/3.11.15/x64/lib/python311.zip
  /opt/hostedtoolcache/Python/3.11.15/x64/lib/python3.11
  /opt/hostedtoolcache/Python/3.11.15/x64/lib/python3.11/lib-dynload
  /opt/hostedtoolcache/Python/3.11.15/x64/lib/python3.11/site-packages
[ ERROR ] Error in file '/home/runner/work/engg-robot-testing-framework/engg-robot-testing-framework/resources/product_keywords.resource' on line 2: Importing library 'playwright_keyword_library.PlaywrightKeywordLibrary' failed: ModuleNotFoundError: No module named 'playwright_keyword_library'
Traceback (most recent call last):
  None
PYTHONPATH:
  /opt/hostedtoolcache/Python/3.11.15/x64/bin
  /opt/hostedtoolcache/Python/3.11.15/x64/lib/python311.zip
  /opt/hostedtoolcache/Python/3.11.15/x64/lib/python3.11
  /opt/hostedtoolcache/Python/3.11.15/x64/lib/python3.11/lib-dynload
  /opt/hostedtoolcache/Python/3.11.15/x64/lib/python3.11/site-packages
[ ERROR ] Error in file '/home/runner/work/engg-robot-testing-framework/engg-robot-testing-framework/resources/cart_keywords.resource' on line 2: Importing library 'playwright_keyword_library.PlaywrightKeywordLibrary' failed: ModuleNotFoundError: No module named 'playwright_keyword_library'
Traceback (most recent call last):
  None
PYTHONPATH:
  /opt/hostedtoolcache/Python/3.11.15/x64/bin
  /opt/hostedtoolcache/Python/3.11.15/x64/lib/python311.zip
  /opt/hostedtoolcache/Python/3.11.15/x64/lib/python3.11
  /opt/hostedtoolcache/Python/3.11.15/x64/lib/python3.11/lib-dynload
  /opt/hostedtoolcache/Python/3.11.15/x64/lib/python3.11/site-packages
[DEBUG]   2026-07-14 03:44:54.933289 [PID:2349] [1] [ID:9] EXECUTING Suites.Cart.TC22 add from recommended items
[DEBUG]   2026-07-14 03:44:59.931317 [PID:2345] [0] [ID:8] still running Suites.Cart.TC20 search and verify cart after login after 5.0s
[DEBUG]   2026-07-14 03:44:59.939457 [PID:2349] [1] [ID:9] still running Suites.Cart.TC22 add from recommended items after 5.0s
[INFO]    2026-07-14 03:45:05.340481 [PID:2345] [0] [ID:8] Execution failed in Suites.Cart.TC20 search and verify cart after login with 1 failing test(s)
==============================================================================
Suites
==============================================================================
Suites.Cart
==============================================================================
Suites.Cart.TC20 search and verify cart after login :: TC20 - Search Produc...
==============================================================================
TC20 Search Products And Verify Cart After Login                      | FAIL |
Setup failed:
No keyword with name 'Open Browser' found.

Also teardown failed:
Several failures occurred:

1) No keyword with name 'Register Keyword To Run On Failure' found.

2) No keyword with name 'Close Browser' found. Did you mean:
    common.Close Test Browser
------------------------------------------------------------------------------
Suites.Cart.TC20 search and verify cart after login :: TC20 - Sear... | FAIL |
1 test, 0 passed, 1 failed
==============================================================================
Suites.Cart                                                           | FAIL |
1 test, 0 passed, 1 failed
==============================================================================
Suites                                                                | FAIL |
1 test, 0 passed, 1 failed
==============================================================================
Output:  /home/runner/work/engg-robot-testing-framework/engg-robot-testing-framework/reports/pabot_results/8/output.xml

[ ERROR ] Error in file '/home/runner/work/engg-robot-testing-framework/engg-robot-testing-framework/tests/cart/TC20_search_and_verify_cart_after_login.robot' on line 3: Importing library 'playwright_keyword_library.PlaywrightKeywordLibrary' failed: ModuleNotFoundError: No module named 'playwright_keyword_library'
Traceback (most recent call last):
  None
PYTHONPATH:
  /opt/hostedtoolcache/Python/3.11.15/x64/bin
  /opt/hostedtoolcache/Python/3.11.15/x64/lib/python311.zip
  /opt/hostedtoolcache/Python/3.11.15/x64/lib/python3.11
  /opt/hostedtoolcache/Python/3.11.15/x64/lib/python3.11/lib-dynload
  /opt/hostedtoolcache/Python/3.11.15/x64/lib/python3.11/site-packages
[ ERROR ] Error in file '/home/runner/work/engg-robot-testing-framework/engg-robot-testing-framework/resources/common.resource' on line 4: Importing library 'playwright_keyword_library.PlaywrightKeywordLibrary' failed: ModuleNotFoundError: No module named 'playwright_keyword_library'
Traceback (most recent call last):
  None
PYTHONPATH:
  /opt/hostedtoolcache/Python/3.11.15/x64/bin
  /opt/hostedtoolcache/Python/3.11.15/x64/lib/python311.zip
  /opt/hostedtoolcache/Python/3.11.15/x64/lib/python3.11
  /opt/hostedtoolcache/Python/3.11.15/x64/lib/python3.11/lib-dynload
  /opt/hostedtoolcache/Python/3.11.15/x64/lib/python3.11/site-packages
[ ERROR ] Error in file '/home/runner/work/engg-robot-testing-framework/engg-robot-testing-framework/resources/product_keywords.resource' on line 2: Importing library 'playwright_keyword_library.PlaywrightKeywordLibrary' failed: ModuleNotFoundError: No module named 'playwright_keyword_library'
Traceback (most recent call last):
  None
PYTHONPATH:
  /opt/hostedtoolcache/Python/3.11.15/x64/bin
  /opt/hostedtoolcache/Python/3.11.15/x64/lib/python311.zip
  /opt/hostedtoolcache/Python/3.11.15/x64/lib/python3.11
  /opt/hostedtoolcache/Python/3.11.15/x64/lib/python3.11/lib-dynload
  /opt/hostedtoolcache/Python/3.11.15/x64/lib/python3.11/site-packages
[ ERROR ] Error in file '/home/runner/work/engg-robot-testing-framework/engg-robot-testing-framework/resources/cart_keywords.resource' on line 2: Importing library 'playwright_keyword_library.PlaywrightKeywordLibrary' failed: ModuleNotFoundError: No module named 'playwright_keyword_library'
Traceback (most recent call last):
  None
PYTHONPATH:
  /opt/hostedtoolcache/Python/3.11.15/x64/bin
  /opt/hostedtoolcache/Python/3.11.15/x64/lib/python311.zip
  /opt/hostedtoolcache/Python/3.11.15/x64/lib/python3.11
  /opt/hostedtoolcache/Python/3.11.15/x64/lib/python3.11/lib-dynload
  /opt/hostedtoolcache/Python/3.11.15/x64/lib/python3.11/site-packages
[ ERROR ] Error in file '/home/runner/work/engg-robot-testing-framework/engg-robot-testing-framework/resources/auth_keywords.resource' on line 2: Importing library 'playwright_keyword_library.PlaywrightKeywordLibrary' failed: ModuleNotFoundError: No module named 'playwright_keyword_library'
Traceback (most recent call last):
  None
PYTHONPATH:
  /opt/hostedtoolcache/Python/3.11.15/x64/bin
  /opt/hostedtoolcache/Python/3.11.15/x64/lib/python311.zip
  /opt/hostedtoolcache/Python/3.11.15/x64/lib/python3.11
  /opt/hostedtoolcache/Python/3.11.15/x64/lib/python3.11/lib-dynload
  /opt/hostedtoolcache/Python/3.11.15/x64/lib/python3.11/site-packages
[INFO]    2026-07-14 03:45:05.347488 [PID:2349] [1] [ID:9] Execution failed in Suites.Cart.TC22 add from recommended items with 1 failing test(s)
==============================================================================
Suites
==============================================================================
Suites.Cart
==============================================================================
Suites.Cart.TC22 add from recommended items :: TC22 - Add To Cart From Reco...
==============================================================================
TC22 Add To Cart From Recommended Items                               | FAIL |
Setup failed:
No keyword with name 'Open Browser' found.

Also teardown failed:
Several failures occurred:

1) No keyword with name 'Register Keyword To Run On Failure' found.

2) No keyword with name 'Close Browser' found. Did you mean:
    common.Close Test Browser
------------------------------------------------------------------------------
Suites.Cart.TC22 add from recommended items :: TC22 - Add To Cart ... | FAIL |
1 test, 0 passed, 1 failed
==============================================================================
Suites.Cart                                                           | FAIL |
1 test, 0 passed, 1 failed
==============================================================================
Suites                                                                | FAIL |
1 test, 0 passed, 1 failed
==============================================================================
Output:  /home/runner/work/engg-robot-testing-framework/engg-robot-testing-framework/reports/pabot_results/9/output.xml

[ ERROR ] Error in file '/home/runner/work/engg-robot-testing-framework/engg-robot-testing-framework/resources/common.resource' on line 4: Importing library 'playwright_keyword_library.PlaywrightKeywordLibrary' failed: ModuleNotFoundError: No module named 'playwright_keyword_library'
Traceback (most recent call last):
  None
PYTHONPATH:
  /opt/hostedtoolcache/Python/3.11.15/x64/bin
  /opt/hostedtoolcache/Python/3.11.15/x64/lib/python311.zip
  /opt/hostedtoolcache/Python/3.11.15/x64/lib/python3.11
  /opt/hostedtoolcache/Python/3.11.15/x64/lib/python3.11/lib-dynload
  /opt/hostedtoolcache/Python/3.11.15/x64/lib/python3.11/site-packages
[ ERROR ] Error in file '/home/runner/work/engg-robot-testing-framework/engg-robot-testing-framework/resources/cart_keywords.resource' on line 2: Importing library 'playwright_keyword_library.PlaywrightKeywordLibrary' failed: ModuleNotFoundError: No module named 'playwright_keyword_library'
Traceback (most recent call last):
  None
PYTHONPATH:
  /opt/hostedtoolcache/Python/3.11.15/x64/bin
  /opt/hostedtoolcache/Python/3.11.15/x64/lib/python311.zip
  /opt/hostedtoolcache/Python/3.11.15/x64/lib/python3.11
  /opt/hostedtoolcache/Python/3.11.15/x64/lib/python3.11/lib-dynload
  /opt/hostedtoolcache/Python/3.11.15/x64/lib/python3.11/site-packages
[INFO]    10 tests, 0 passed, 10 failed, 0 skipped.
[INFO]    ===================================================
[INFO]    Output:  /home/runner/work/engg-robot-testing-framework/engg-robot-testing-framework/reports/output.xml
[INFO]    Log:     /home/runner/work/engg-robot-testing-framework/engg-robot-testing-framework/reports/log.html
[INFO]    Report:  /home/runner/work/engg-robot-testing-framework/engg-robot-testing-framework/reports/report.html
[DEBUG]   Finalizing Pabot execution...
[DEBUG]   Stopping PabotLib process
[INFO]    Robot Framework remote server at 127.0.0.1:8270 stopped.
[DEBUG]   PabotLib process stopped
[INFO]    Total testing: 1 minute 44.0 seconds
[INFO]    Elapsed time:  52.72 seconds
[DEBUG]   Logs flushed successfully.
