2026-07-21 03:55:51.136752 ==============================================================================
2026-07-21 03:55:51.149219 Suites
2026-07-21 03:55:51.149240 ==============================================================================
2026-07-21 03:55:51.149255 Suites.Auth
2026-07-21 03:55:51.150012 ==============================================================================
2026-07-21 03:55:51.150033 Suites.Auth.TC02 login valid
2026-07-21 03:55:51.150033 [ ERROR ] Error in file '/home/runner/work/engg-robot-testing-framework/engg-robot-testing-framework/tests/auth/TC02_login_valid.robot' on line 2: Importing library 'playwright_keyword_library.PlaywrightKeywordLibrary' failed: ModuleNotFoundError: No module named 'playwright_keyword_library'
2026-07-21 03:55:51.168814 ==============================================================================
2026-07-21 03:55:51.168814 Traceback (most recent call last):
2026-07-21 03:55:51.168844   None
2026-07-21 03:55:51.218959 PYTHONPATH:
2026-07-21 03:55:51.269085   /opt/hostedtoolcache/Python/3.11.15/x64/bin
2026-07-21 03:55:51.319188   /opt/hostedtoolcache/Python/3.11.15/x64/lib/python311.zip
2026-07-21 03:55:51.369286   /opt/hostedtoolcache/Python/3.11.15/x64/lib/python3.11
2026-07-21 03:55:51.419388   /opt/hostedtoolcache/Python/3.11.15/x64/lib/python3.11/lib-dynload
2026-07-21 03:55:51.469479   /opt/hostedtoolcache/Python/3.11.15/x64/lib/python3.11/site-packages
2026-07-21 03:55:51.519717 [ ERROR ] Error in file '/home/runner/work/engg-robot-testing-framework/engg-robot-testing-framework/resources/auth_keywords.resource' on line 2: Importing library 'playwright_keyword_library.PlaywrightKeywordLibrary' failed: ModuleNotFoundError: No module named 'playwright_keyword_library'
2026-07-21 03:55:51.569916 Traceback (most recent call last):
2026-07-21 03:55:51.620046   None
2026-07-21 03:55:51.670200 PYTHONPATH:
2026-07-21 03:55:51.720346   /opt/hostedtoolcache/Python/3.11.15/x64/bin
2026-07-21 03:55:51.770507   /opt/hostedtoolcache/Python/3.11.15/x64/lib/python311.zip
2026-07-21 03:55:51.820665   /opt/hostedtoolcache/Python/3.11.15/x64/lib/python3.11
2026-07-21 03:55:51.870820   /opt/hostedtoolcache/Python/3.11.15/x64/lib/python3.11/lib-dynload
2026-07-21 03:55:51.920966   /opt/hostedtoolcache/Python/3.11.15/x64/lib/python3.11/site-packages
2026-07-21 03:55:51.971122 [ ERROR ] Error in file '/home/runner/work/engg-robot-testing-framework/engg-robot-testing-framework/resources/common.resource' on line 4: Importing library 'playwright_keyword_library.PlaywrightKeywordLibrary' failed: ModuleNotFoundError: No module named 'playwright_keyword_library'
2026-07-21 03:55:52.021254 Traceback (most recent call last):
2026-07-21 03:55:52.071402   None
2026-07-21 03:55:52.121555 PYTHONPATH:
2026-07-21 03:55:52.171701   /opt/hostedtoolcache/Python/3.11.15/x64/bin
2026-07-21 03:55:52.221860   /opt/hostedtoolcache/Python/3.11.15/x64/lib/python311.zip
2026-07-21 03:55:52.272016   /opt/hostedtoolcache/Python/3.11.15/x64/lib/python3.11
2026-07-21 03:55:52.322170   /opt/hostedtoolcache/Python/3.11.15/x64/lib/python3.11/lib-dynload
2026-07-21 03:55:52.372326   /opt/hostedtoolcache/Python/3.11.15/x64/lib/python3.11/site-packages
2026-07-21 03:56:01.145476 TC02 Login User With Correct Email And Password                       | FAIL |
2026-07-21 03:56:01.179264 Setup failed:
2026-07-21 03:56:01.179288 No keyword with name 'Open Browser' found.
2026-07-21 03:56:01.179307 
2026-07-21 03:56:01.179324 Also teardown failed:
2026-07-21 03:56:01.179347 Several failures occurred:
2026-07-21 03:56:01.179364 
2026-07-21 03:56:01.179389 1) No keyword with name 'Register Keyword To Run On Failure' found.
2026-07-21 03:56:01.179412 
2026-07-21 03:56:01.179451 2) No keyword with name 'Close Browser' found. Did you mean:
2026-07-21 03:56:01.179482     common.Close Test Browser
2026-07-21 03:56:01.179503 ------------------------------------------------------------------------------
2026-07-21 03:56:01.179520 Suites.Auth.TC02 login valid                                          | FAIL |
2026-07-21 03:56:01.180089 1 test, 0 passed, 1 failed
2026-07-21 03:56:01.180111 ==============================================================================
2026-07-21 03:56:01.180131 Suites.Auth                                                           | FAIL |
2026-07-21 03:56:01.180587 1 test, 0 passed, 1 failed
2026-07-21 03:56:01.180757 ==============================================================================
2026-07-21 03:56:01.180765 Suites                                                                | FAIL |
2026-07-21 03:56:01.181213 1 test, 0 passed, 1 failed
2026-07-21 03:56:01.181233 ==============================================================================
2026-07-21 03:56:01.181248 Output:  /home/runner/work/engg-robot-testing-framework/engg-robot-testing-framework/reports/pabot_results/1/output.xml
