2026-09-28 05:42:54.302098 ==============================================================================
2026-09-28 05:42:54.326546 Suites
2026-09-28 05:42:54.326566 ==============================================================================
2026-09-28 05:42:54.326579 Suites.Auth
2026-09-28 05:42:54.327156 ==============================================================================
2026-09-28 05:42:54.327169 Suites.Auth.TC01 register user
2026-09-28 05:42:54.327169 [ ERROR ] Error in file '/home/runner/work/engg-robot-testing-framework/engg-robot-testing-framework/tests/auth/TC01_register_user.robot' on line 2: Importing library 'playwright_keyword_library.PlaywrightKeywordLibrary' failed: ModuleNotFoundError: No module named 'playwright_keyword_library'
2026-09-28 05:42:54.341385 ==============================================================================
2026-09-28 05:42:54.341385 Traceback (most recent call last):
2026-09-28 05:42:54.341402   None
2026-09-28 05:42:54.391509 PYTHONPATH:
2026-09-28 05:42:54.441634   /opt/hostedtoolcache/Python/3.11.16/x64/bin
2026-09-28 05:42:54.491758   /opt/hostedtoolcache/Python/3.11.16/x64/lib/python311.zip
2026-09-28 05:42:54.541872   /opt/hostedtoolcache/Python/3.11.16/x64/lib/python3.11
2026-09-28 05:42:54.592000   /opt/hostedtoolcache/Python/3.11.16/x64/lib/python3.11/lib-dynload
2026-09-28 05:42:54.642116   /opt/hostedtoolcache/Python/3.11.16/x64/lib/python3.11/site-packages
2026-09-28 05:42:54.692242 [ ERROR ] Error in file '/home/runner/work/engg-robot-testing-framework/engg-robot-testing-framework/resources/auth_keywords.resource' on line 2: Importing library 'playwright_keyword_library.PlaywrightKeywordLibrary' failed: ModuleNotFoundError: No module named 'playwright_keyword_library'
2026-09-28 05:42:54.742372 Traceback (most recent call last):
2026-09-28 05:42:54.792457   None
2026-09-28 05:42:54.842586 PYTHONPATH:
2026-09-28 05:42:54.892700   /opt/hostedtoolcache/Python/3.11.16/x64/bin
2026-09-28 05:42:54.942850   /opt/hostedtoolcache/Python/3.11.16/x64/lib/python311.zip
2026-09-28 05:42:54.992989   /opt/hostedtoolcache/Python/3.11.16/x64/lib/python3.11
2026-09-28 05:42:55.043116   /opt/hostedtoolcache/Python/3.11.16/x64/lib/python3.11/lib-dynload
2026-09-28 05:42:55.093219   /opt/hostedtoolcache/Python/3.11.16/x64/lib/python3.11/site-packages
2026-09-28 05:42:55.143338 [ ERROR ] Error in file '/home/runner/work/engg-robot-testing-framework/engg-robot-testing-framework/resources/common.resource' on line 4: Importing library 'playwright_keyword_library.PlaywrightKeywordLibrary' failed: ModuleNotFoundError: No module named 'playwright_keyword_library'
2026-09-28 05:42:55.193453 Traceback (most recent call last):
2026-09-28 05:42:55.243577   None
2026-09-28 05:42:55.293704 PYTHONPATH:
2026-09-28 05:42:55.343829   /opt/hostedtoolcache/Python/3.11.16/x64/bin
2026-09-28 05:42:55.393949   /opt/hostedtoolcache/Python/3.11.16/x64/lib/python311.zip
2026-09-28 05:42:55.444113   /opt/hostedtoolcache/Python/3.11.16/x64/lib/python3.11
2026-09-28 05:42:55.494224   /opt/hostedtoolcache/Python/3.11.16/x64/lib/python3.11/lib-dynload
2026-09-28 05:42:55.544362   /opt/hostedtoolcache/Python/3.11.16/x64/lib/python3.11/site-packages
2026-09-28 05:43:04.312166 TC01 Register User                                                    | FAIL |
2026-09-28 05:43:04.348966 Setup failed:
2026-09-28 05:43:04.348979 No keyword with name 'Open Browser' found.
2026-09-28 05:43:04.348987 
2026-09-28 05:43:04.348994 Also teardown failed:
2026-09-28 05:43:04.349001 Several failures occurred:
2026-09-28 05:43:04.349008 
2026-09-28 05:43:04.349015 1) No keyword with name 'Register Keyword To Run On Failure' found.
2026-09-28 05:43:04.349022 
2026-09-28 05:43:04.349028 2) No keyword with name 'Close Browser' found. Did you mean:
2026-09-28 05:43:04.349034     common.Close Test Browser
2026-09-28 05:43:04.349041 ------------------------------------------------------------------------------
2026-09-28 05:43:04.349047 Suites.Auth.TC01 register user                                        | FAIL |
2026-09-28 05:43:04.349464 1 test, 0 passed, 1 failed
2026-09-28 05:43:04.349515 ==============================================================================
2026-09-28 05:43:04.349525 Suites.Auth                                                           | FAIL |
2026-09-28 05:43:04.349769 1 test, 0 passed, 1 failed
2026-09-28 05:43:04.349814 ==============================================================================
2026-09-28 05:43:04.349823 Suites                                                                | FAIL |
2026-09-28 05:43:04.350048 1 test, 0 passed, 1 failed
2026-09-28 05:43:04.350119 ==============================================================================
2026-09-28 05:43:04.350128 Output:  /home/runner/work/engg-robot-testing-framework/engg-robot-testing-framework/reports/pabot_results/0/output.xml
