2026-09-09 05:00:32.203913 ==============================================================================
2026-09-09 05:00:32.252423 Suites
2026-09-09 05:00:32.252446 ==============================================================================
2026-09-09 05:00:32.252514 Suites.Auth
2026-09-09 05:00:32.253248 ==============================================================================
2026-09-09 05:00:32.253266 Suites.Auth.TC04 logout user
2026-09-09 05:00:32.253266 [ ERROR ] Error in file '/home/runner/work/engg-robot-testing-framework/engg-robot-testing-framework/tests/auth/TC04_logout_user.robot' on line 2: Importing library 'playwright_keyword_library.PlaywrightKeywordLibrary' failed: ModuleNotFoundError: No module named 'playwright_keyword_library'
2026-09-09 05:00:32.269145 ==============================================================================
2026-09-09 05:00:32.269145 Traceback (most recent call last):
2026-09-09 05:00:32.269165   None
2026-09-09 05:00:32.319293 PYTHONPATH:
2026-09-09 05:00:32.369452   /opt/hostedtoolcache/Python/3.11.16/x64/bin
2026-09-09 05:00:32.419629   /opt/hostedtoolcache/Python/3.11.16/x64/lib/python311.zip
2026-09-09 05:00:32.469755   /opt/hostedtoolcache/Python/3.11.16/x64/lib/python3.11
2026-09-09 05:00:32.520045   /opt/hostedtoolcache/Python/3.11.16/x64/lib/python3.11/lib-dynload
2026-09-09 05:00:32.570201   /opt/hostedtoolcache/Python/3.11.16/x64/lib/python3.11/site-packages
2026-09-09 05:00:32.620536 [ ERROR ] Error in file '/home/runner/work/engg-robot-testing-framework/engg-robot-testing-framework/resources/auth_keywords.resource' on line 2: Importing library 'playwright_keyword_library.PlaywrightKeywordLibrary' failed: ModuleNotFoundError: No module named 'playwright_keyword_library'
2026-09-09 05:00:32.670684 Traceback (most recent call last):
2026-09-09 05:00:32.720821   None
2026-09-09 05:00:32.770997 PYTHONPATH:
2026-09-09 05:00:32.821121   /opt/hostedtoolcache/Python/3.11.16/x64/bin
2026-09-09 05:00:32.871243   /opt/hostedtoolcache/Python/3.11.16/x64/lib/python311.zip
2026-09-09 05:00:32.921407   /opt/hostedtoolcache/Python/3.11.16/x64/lib/python3.11
2026-09-09 05:00:32.971563   /opt/hostedtoolcache/Python/3.11.16/x64/lib/python3.11/lib-dynload
2026-09-09 05:00:33.021725   /opt/hostedtoolcache/Python/3.11.16/x64/lib/python3.11/site-packages
2026-09-09 05:00:33.071879 [ ERROR ] Error in file '/home/runner/work/engg-robot-testing-framework/engg-robot-testing-framework/resources/common.resource' on line 4: Importing library 'playwright_keyword_library.PlaywrightKeywordLibrary' failed: ModuleNotFoundError: No module named 'playwright_keyword_library'
2026-09-09 05:00:33.122025 Traceback (most recent call last):
2026-09-09 05:00:33.172174   None
2026-09-09 05:00:33.222323 PYTHONPATH:
2026-09-09 05:00:33.272483   /opt/hostedtoolcache/Python/3.11.16/x64/bin
2026-09-09 05:00:33.322624   /opt/hostedtoolcache/Python/3.11.16/x64/lib/python311.zip
2026-09-09 05:00:33.372798   /opt/hostedtoolcache/Python/3.11.16/x64/lib/python3.11
2026-09-09 05:00:33.422943   /opt/hostedtoolcache/Python/3.11.16/x64/lib/python3.11/lib-dynload
2026-09-09 05:00:33.473115   /opt/hostedtoolcache/Python/3.11.16/x64/lib/python3.11/site-packages
2026-09-09 05:00:42.246759 TC04 Logout User                                                      | FAIL |
2026-09-09 05:00:42.279104 Setup failed:
2026-09-09 05:00:42.279112 No keyword with name 'Open Browser' found.
2026-09-09 05:00:42.279120 
2026-09-09 05:00:42.279127 Also teardown failed:
2026-09-09 05:00:42.279134 Several failures occurred:
2026-09-09 05:00:42.279140 
2026-09-09 05:00:42.279147 1) No keyword with name 'Register Keyword To Run On Failure' found.
2026-09-09 05:00:42.279154 
2026-09-09 05:00:42.279160 2) No keyword with name 'Close Browser' found. Did you mean:
2026-09-09 05:00:42.279167     common.Close Test Browser
2026-09-09 05:00:42.279174 ------------------------------------------------------------------------------
2026-09-09 05:00:42.279181 Suites.Auth.TC04 logout user                                          | FAIL |
2026-09-09 05:00:42.280159 1 test, 0 passed, 1 failed
2026-09-09 05:00:42.280216 ==============================================================================
2026-09-09 05:00:42.280225 Suites.Auth                                                           | FAIL |
2026-09-09 05:00:42.280883 1 test, 0 passed, 1 failed
2026-09-09 05:00:42.280937 ==============================================================================
2026-09-09 05:00:42.280945 Suites                                                                | FAIL |
2026-09-09 05:00:42.281469 1 test, 0 passed, 1 failed
2026-09-09 05:00:42.281511 ==============================================================================
2026-09-09 05:00:42.281520 Output:  /home/runner/work/engg-robot-testing-framework/engg-robot-testing-framework/reports/pabot_results/3/output.xml
