2026-10-10 06:12:53.710283 ==============================================================================
2026-10-10 06:12:53.730783 Suites
2026-10-10 06:12:53.730810 ==============================================================================
2026-10-10 06:12:53.730827 Suites.Auth
2026-10-10 06:12:53.731726 ==============================================================================
2026-10-10 06:12:53.731748 Suites.Auth.TC02 login valid
2026-10-10 06:12:53.731748 [ ERROR ] Error in file '/home/runner/work/engg-robot-testing-framework/engg-robot-testing-framework/tests/auth/TC02_login_valid.robot' on line 2: Importing library 'playwright_keyword_library.PlaywrightKeywordLibrary' failed: ModuleNotFoundError: No module named 'playwright_keyword_library'
2026-10-10 06:12:53.751317 ==============================================================================
2026-10-10 06:12:53.751317 Traceback (most recent call last):
2026-10-10 06:12:53.751343   None
2026-10-10 06:12:53.801498 PYTHONPATH:
2026-10-10 06:12:53.851628   /opt/hostedtoolcache/Python/3.11.17/x64/bin
2026-10-10 06:12:53.901800   /opt/hostedtoolcache/Python/3.11.17/x64/lib/python311.zip
2026-10-10 06:12:53.951943   /opt/hostedtoolcache/Python/3.11.17/x64/lib/python3.11
2026-10-10 06:12:54.002086   /opt/hostedtoolcache/Python/3.11.17/x64/lib/python3.11/lib-dynload
2026-10-10 06:12:54.052297   /opt/hostedtoolcache/Python/3.11.17/x64/lib/python3.11/site-packages
2026-10-10 06:12:54.102498 [ ERROR ] Error in file '/home/runner/work/engg-robot-testing-framework/engg-robot-testing-framework/resources/auth_keywords.resource' on line 2: Importing library 'playwright_keyword_library.PlaywrightKeywordLibrary' failed: ModuleNotFoundError: No module named 'playwright_keyword_library'
2026-10-10 06:12:54.152656 Traceback (most recent call last):
2026-10-10 06:12:54.202816   None
2026-10-10 06:12:54.253010 PYTHONPATH:
2026-10-10 06:12:54.303171   /opt/hostedtoolcache/Python/3.11.17/x64/bin
2026-10-10 06:12:54.353457   /opt/hostedtoolcache/Python/3.11.17/x64/lib/python311.zip
2026-10-10 06:12:54.403685   /opt/hostedtoolcache/Python/3.11.17/x64/lib/python3.11
2026-10-10 06:12:54.453853   /opt/hostedtoolcache/Python/3.11.17/x64/lib/python3.11/lib-dynload
2026-10-10 06:12:54.504070   /opt/hostedtoolcache/Python/3.11.17/x64/lib/python3.11/site-packages
2026-10-10 06:12:54.554373 [ ERROR ] Error in file '/home/runner/work/engg-robot-testing-framework/engg-robot-testing-framework/resources/common.resource' on line 4: Importing library 'playwright_keyword_library.PlaywrightKeywordLibrary' failed: ModuleNotFoundError: No module named 'playwright_keyword_library'
2026-10-10 06:12:54.604600 Traceback (most recent call last):
2026-10-10 06:12:54.654894   None
2026-10-10 06:12:54.705109 PYTHONPATH:
2026-10-10 06:12:54.755401   /opt/hostedtoolcache/Python/3.11.17/x64/bin
2026-10-10 06:12:54.805617   /opt/hostedtoolcache/Python/3.11.17/x64/lib/python311.zip
2026-10-10 06:12:54.855872   /opt/hostedtoolcache/Python/3.11.17/x64/lib/python3.11
2026-10-10 06:12:54.906034   /opt/hostedtoolcache/Python/3.11.17/x64/lib/python3.11/lib-dynload
2026-10-10 06:12:54.956292   /opt/hostedtoolcache/Python/3.11.17/x64/lib/python3.11/site-packages
2026-10-10 06:13:03.730710 TC02 Login User With Correct Email And Password                       | FAIL |
2026-10-10 06:13:03.761949 Setup failed:
2026-10-10 06:13:03.761970 No keyword with name 'Open Browser' found.
2026-10-10 06:13:03.761985 
2026-10-10 06:13:03.761998 Also teardown failed:
2026-10-10 06:13:03.762010 Several failures occurred:
2026-10-10 06:13:03.762022 
2026-10-10 06:13:03.762034 1) No keyword with name 'Register Keyword To Run On Failure' found.
2026-10-10 06:13:03.762049 
2026-10-10 06:13:03.762123 2) No keyword with name 'Close Browser' found. Did you mean:
2026-10-10 06:13:03.762149     common.Close Test Browser
2026-10-10 06:13:03.762179 ------------------------------------------------------------------------------
2026-10-10 06:13:03.762194 Suites.Auth.TC02 login valid                                          | FAIL |
2026-10-10 06:13:03.762642 1 test, 0 passed, 1 failed
2026-10-10 06:13:03.762667 ==============================================================================
2026-10-10 06:13:03.762726 Suites.Auth                                                           | FAIL |
2026-10-10 06:13:03.763186 1 test, 0 passed, 1 failed
2026-10-10 06:13:03.763205 ==============================================================================
2026-10-10 06:13:03.763219 Suites                                                                | FAIL |
2026-10-10 06:13:03.763646 1 test, 0 passed, 1 failed
2026-10-10 06:13:03.763713 ==============================================================================
2026-10-10 06:13:03.763730 Output:  /home/runner/work/engg-robot-testing-framework/engg-robot-testing-framework/reports/pabot_results/1/output.xml
