2026-09-23 05:00:04.478821 ==============================================================================
2026-09-23 05:00:04.504178 Suites
2026-09-23 05:00:04.504198 ==============================================================================
2026-09-23 05:00:04.504221 Suites.Auth
2026-09-23 05:00:04.505248 ==============================================================================
2026-09-23 05:00:04.505266 Suites.Auth.TC03 login invalid
2026-09-23 05:00:04.505266 [ ERROR ] Error in file '/home/runner/work/engg-robot-testing-framework/engg-robot-testing-framework/tests/auth/TC03_login_invalid.robot' on line 2: Importing library 'playwright_keyword_library.PlaywrightKeywordLibrary' failed: ModuleNotFoundError: No module named 'playwright_keyword_library'
2026-09-23 05:00:04.525077 ==============================================================================
2026-09-23 05:00:04.525077 Traceback (most recent call last):
2026-09-23 05:00:04.525102   None
2026-09-23 05:00:04.575232 PYTHONPATH:
2026-09-23 05:00:04.625352   /opt/hostedtoolcache/Python/3.11.16/x64/bin
2026-09-23 05:00:04.675470   /opt/hostedtoolcache/Python/3.11.16/x64/lib/python311.zip
2026-09-23 05:00:04.725581   /opt/hostedtoolcache/Python/3.11.16/x64/lib/python3.11
2026-09-23 05:00:04.775727   /opt/hostedtoolcache/Python/3.11.16/x64/lib/python3.11/lib-dynload
2026-09-23 05:00:04.825851   /opt/hostedtoolcache/Python/3.11.16/x64/lib/python3.11/site-packages
2026-09-23 05:00:04.876002 [ ERROR ] Error in file '/home/runner/work/engg-robot-testing-framework/engg-robot-testing-framework/resources/auth_keywords.resource' on line 2: Importing library 'playwright_keyword_library.PlaywrightKeywordLibrary' failed: ModuleNotFoundError: No module named 'playwright_keyword_library'
2026-09-23 05:00:04.926153 Traceback (most recent call last):
2026-09-23 05:00:04.976307   None
2026-09-23 05:00:05.026472 PYTHONPATH:
2026-09-23 05:00:05.076629   /opt/hostedtoolcache/Python/3.11.16/x64/bin
2026-09-23 05:00:05.126790   /opt/hostedtoolcache/Python/3.11.16/x64/lib/python311.zip
2026-09-23 05:00:05.176942   /opt/hostedtoolcache/Python/3.11.16/x64/lib/python3.11
2026-09-23 05:00:05.227090   /opt/hostedtoolcache/Python/3.11.16/x64/lib/python3.11/lib-dynload
2026-09-23 05:00:05.277250   /opt/hostedtoolcache/Python/3.11.16/x64/lib/python3.11/site-packages
2026-09-23 05:00:05.327424 [ ERROR ] Error in file '/home/runner/work/engg-robot-testing-framework/engg-robot-testing-framework/resources/common.resource' on line 4: Importing library 'playwright_keyword_library.PlaywrightKeywordLibrary' failed: ModuleNotFoundError: No module named 'playwright_keyword_library'
2026-09-23 05:00:05.377590 Traceback (most recent call last):
2026-09-23 05:00:05.427757   None
2026-09-23 05:00:05.477873 PYTHONPATH:
2026-09-23 05:00:05.527996   /opt/hostedtoolcache/Python/3.11.16/x64/bin
2026-09-23 05:00:05.578155   /opt/hostedtoolcache/Python/3.11.16/x64/lib/python311.zip
2026-09-23 05:00:05.628281   /opt/hostedtoolcache/Python/3.11.16/x64/lib/python3.11
2026-09-23 05:00:05.678429   /opt/hostedtoolcache/Python/3.11.16/x64/lib/python3.11/lib-dynload
2026-09-23 05:00:05.728580   /opt/hostedtoolcache/Python/3.11.16/x64/lib/python3.11/site-packages
2026-09-23 05:00:14.499228 TC03 Login User With Incorrect Email And Password                     | FAIL |
2026-09-23 05:00:14.535919 Setup failed:
2026-09-23 05:00:14.535934 No keyword with name 'Open Browser' found.
2026-09-23 05:00:14.535948 
2026-09-23 05:00:14.535960 Also teardown failed:
2026-09-23 05:00:14.535973 Several failures occurred:
2026-09-23 05:00:14.535987 
2026-09-23 05:00:14.536000 1) No keyword with name 'Register Keyword To Run On Failure' found.
2026-09-23 05:00:14.536012 
2026-09-23 05:00:14.536023 2) No keyword with name 'Close Browser' found. Did you mean:
2026-09-23 05:00:14.536034     common.Close Test Browser
2026-09-23 05:00:14.536044 ------------------------------------------------------------------------------
2026-09-23 05:00:14.536054 Suites.Auth.TC03 login invalid                                        | FAIL |
2026-09-23 05:00:14.536530 1 test, 0 passed, 1 failed
2026-09-23 05:00:14.536586 ==============================================================================
2026-09-23 05:00:14.536598 Suites.Auth                                                           | FAIL |
2026-09-23 05:00:14.536967 1 test, 0 passed, 1 failed
2026-09-23 05:00:14.537016 ==============================================================================
2026-09-23 05:00:14.537027 Suites                                                                | FAIL |
2026-09-23 05:00:14.537361 1 test, 0 passed, 1 failed
2026-09-23 05:00:14.537453 ==============================================================================
2026-09-23 05:00:14.537470 Output:  /home/runner/work/engg-robot-testing-framework/engg-robot-testing-framework/reports/pabot_results/2/output.xml
