2026-05-17 04:40:05.331101 ==============================================================================
2026-05-17 04:40:05.349638 Suites
2026-05-17 04:40:05.349656 ==============================================================================
2026-05-17 04:40:05.349670 Suites.Cart
2026-05-17 04:40:05.350401 ==============================================================================
2026-05-17 04:40:05.450695 Suites.Cart.TC22 add from recommended items :: TC22 - Add To Cart From Reco...
2026-05-17 04:40:05.466547 ==============================================================================
2026-05-17 04:40:16.399843 TC22 Add To Cart From Recommended Items                               | FAIL |
2026-05-17 04:40:16.412707 Setup failed:
2026-05-17 04:40:16.412720 Title should have been 'Automation Exercise' but was 'One moment, please...'.
2026-05-17 04:40:16.412728 ------------------------------------------------------------------------------
2026-05-17 04:40:16.412734 Suites.Cart.TC22 add from recommended items :: TC22 - Add To Cart ... | FAIL |
2026-05-17 04:40:16.413397 1 test, 0 passed, 1 failed
2026-05-17 04:40:16.413435 ==============================================================================
2026-05-17 04:40:16.413442 Suites.Cart                                                           | FAIL |
2026-05-17 04:40:16.413733 1 test, 0 passed, 1 failed
2026-05-17 04:40:16.413769 ==============================================================================
2026-05-17 04:40:16.413776 Suites                                                                | FAIL |
2026-05-17 04:40:16.414040 1 test, 0 passed, 1 failed
2026-05-17 04:40:16.414047 ==============================================================================
2026-05-17 04:40:16.414053 Output:  /home/runner/work/engg-robot-testing-framework/engg-robot-testing-framework/reports/pabot_results/9/output.xml
