2026-07-18 03:41:21.791735 ==============================================================================
2026-07-18 03:41:21.801401 Suites
2026-07-18 03:41:21.801420 ==============================================================================
2026-07-18 03:41:21.801433 Suites.Auth
2026-07-18 03:41:21.802160 ==============================================================================
2026-07-18 03:41:21.802177 Suites.Auth.TC03 login invalid
2026-07-18 03:41:21.802177 [ ERROR ] Error in file '/home/runner/work/engg-robot-testing-framework/engg-robot-testing-framework/tests/auth/TC03_login_invalid.robot' on line 2: Importing library 'playwright_keyword_library.PlaywrightKeywordLibrary' failed: ModuleNotFoundError: No module named 'playwright_keyword_library'
2026-07-18 03:41:21.819089 ==============================================================================
2026-07-18 03:41:21.819089 Traceback (most recent call last):
2026-07-18 03:41:21.819112   None
2026-07-18 03:41:21.869248 PYTHONPATH:
2026-07-18 03:41:21.919420   /opt/hostedtoolcache/Python/3.11.15/x64/bin
2026-07-18 03:41:21.969587   /opt/hostedtoolcache/Python/3.11.15/x64/lib/python311.zip
2026-07-18 03:41:22.019770   /opt/hostedtoolcache/Python/3.11.15/x64/lib/python3.11
2026-07-18 03:41:22.069936   /opt/hostedtoolcache/Python/3.11.15/x64/lib/python3.11/lib-dynload
2026-07-18 03:41:22.120109   /opt/hostedtoolcache/Python/3.11.15/x64/lib/python3.11/site-packages
2026-07-18 03:41:22.170276 [ ERROR ] Error in file '/home/runner/work/engg-robot-testing-framework/engg-robot-testing-framework/resources/auth_keywords.resource' on line 2: Importing library 'playwright_keyword_library.PlaywrightKeywordLibrary' failed: ModuleNotFoundError: No module named 'playwright_keyword_library'
2026-07-18 03:41:22.220456 Traceback (most recent call last):
2026-07-18 03:41:22.270657   None
2026-07-18 03:41:22.320834 PYTHONPATH:
2026-07-18 03:41:22.370998   /opt/hostedtoolcache/Python/3.11.15/x64/bin
2026-07-18 03:41:22.421177   /opt/hostedtoolcache/Python/3.11.15/x64/lib/python311.zip
2026-07-18 03:41:22.471344   /opt/hostedtoolcache/Python/3.11.15/x64/lib/python3.11
2026-07-18 03:41:22.521514   /opt/hostedtoolcache/Python/3.11.15/x64/lib/python3.11/lib-dynload
2026-07-18 03:41:22.571683   /opt/hostedtoolcache/Python/3.11.15/x64/lib/python3.11/site-packages
2026-07-18 03:41:22.621858 [ ERROR ] Error in file '/home/runner/work/engg-robot-testing-framework/engg-robot-testing-framework/resources/common.resource' on line 4: Importing library 'playwright_keyword_library.PlaywrightKeywordLibrary' failed: ModuleNotFoundError: No module named 'playwright_keyword_library'
2026-07-18 03:41:22.672026 Traceback (most recent call last):
2026-07-18 03:41:22.722208   None
2026-07-18 03:41:22.772375 PYTHONPATH:
2026-07-18 03:41:22.822543   /opt/hostedtoolcache/Python/3.11.15/x64/bin
2026-07-18 03:41:22.872701   /opt/hostedtoolcache/Python/3.11.15/x64/lib/python311.zip
2026-07-18 03:41:22.922876   /opt/hostedtoolcache/Python/3.11.15/x64/lib/python3.11
2026-07-18 03:41:22.973039   /opt/hostedtoolcache/Python/3.11.15/x64/lib/python3.11/lib-dynload
2026-07-18 03:41:23.023215   /opt/hostedtoolcache/Python/3.11.15/x64/lib/python3.11/site-packages
2026-07-18 03:41:31.795587 TC03 Login User With Incorrect Email And Password                     | FAIL |
2026-07-18 03:41:31.828332 Setup failed:
2026-07-18 03:41:31.828346 No keyword with name 'Open Browser' found.
2026-07-18 03:41:31.828355 
2026-07-18 03:41:31.828362 Also teardown failed:
2026-07-18 03:41:31.828369 Several failures occurred:
2026-07-18 03:41:31.828376 
2026-07-18 03:41:31.828384 1) No keyword with name 'Register Keyword To Run On Failure' found.
2026-07-18 03:41:31.828392 
2026-07-18 03:41:31.828398 2) No keyword with name 'Close Browser' found. Did you mean:
2026-07-18 03:41:31.828405     common.Close Test Browser
2026-07-18 03:41:31.828412 ------------------------------------------------------------------------------
2026-07-18 03:41:31.828419 Suites.Auth.TC03 login invalid                                        | FAIL |
2026-07-18 03:41:31.828943 1 test, 0 passed, 1 failed
2026-07-18 03:41:31.828956 ==============================================================================
2026-07-18 03:41:31.828964 Suites.Auth                                                           | FAIL |
2026-07-18 03:41:31.829242 1 test, 0 passed, 1 failed
2026-07-18 03:41:31.829275 ==============================================================================
2026-07-18 03:41:31.829282 Suites                                                                | FAIL |
2026-07-18 03:41:31.829558 1 test, 0 passed, 1 failed
2026-07-18 03:41:31.829590 ==============================================================================
2026-07-18 03:41:31.829612 Output:  /home/runner/work/engg-robot-testing-framework/engg-robot-testing-framework/reports/pabot_results/2/output.xml
