2026-07-01 05:05:59.845210 ==============================================================================
2026-07-01 05:05:59.860901 Suites
2026-07-01 05:05:59.860921 ==============================================================================
2026-07-01 05:05:59.860934 Suites.Cart
2026-07-01 05:05:59.861681 ==============================================================================
2026-07-01 05:05:59.861697 Suites.Cart.TC20 search and verify cart after login :: TC20 - Search Produc...
2026-07-01 05:05:59.861697 [ ERROR ] Error in file '/home/runner/work/engg-robot-testing-framework/engg-robot-testing-framework/tests/cart/TC20_search_and_verify_cart_after_login.robot' on line 3: Importing library 'playwright_keyword_library.PlaywrightKeywordLibrary' failed: ModuleNotFoundError: No module named 'playwright_keyword_library'
2026-07-01 05:05:59.894103 ==============================================================================
2026-07-01 05:05:59.894103 Traceback (most recent call last):
2026-07-01 05:05:59.894126   None
2026-07-01 05:05:59.944252 PYTHONPATH:
2026-07-01 05:05:59.994395   /opt/hostedtoolcache/Python/3.11.15/x64/bin
2026-07-01 05:06:00.044543   /opt/hostedtoolcache/Python/3.11.15/x64/lib/python311.zip
2026-07-01 05:06:00.094700   /opt/hostedtoolcache/Python/3.11.15/x64/lib/python3.11
2026-07-01 05:06:00.144891   /opt/hostedtoolcache/Python/3.11.15/x64/lib/python3.11/lib-dynload
2026-07-01 05:06:00.195045   /opt/hostedtoolcache/Python/3.11.15/x64/lib/python3.11/site-packages
2026-07-01 05:06:00.245186 [ ERROR ] Error in file '/home/runner/work/engg-robot-testing-framework/engg-robot-testing-framework/resources/common.resource' on line 4: Importing library 'playwright_keyword_library.PlaywrightKeywordLibrary' failed: ModuleNotFoundError: No module named 'playwright_keyword_library'
2026-07-01 05:06:00.295331 Traceback (most recent call last):
2026-07-01 05:06:00.345484   None
2026-07-01 05:06:00.395633 PYTHONPATH:
2026-07-01 05:06:00.445786   /opt/hostedtoolcache/Python/3.11.15/x64/bin
2026-07-01 05:06:00.495931   /opt/hostedtoolcache/Python/3.11.15/x64/lib/python311.zip
2026-07-01 05:06:00.546080   /opt/hostedtoolcache/Python/3.11.15/x64/lib/python3.11
2026-07-01 05:06:00.596227   /opt/hostedtoolcache/Python/3.11.15/x64/lib/python3.11/lib-dynload
2026-07-01 05:06:00.646377   /opt/hostedtoolcache/Python/3.11.15/x64/lib/python3.11/site-packages
2026-07-01 05:06:00.696543 [ ERROR ] Error in file '/home/runner/work/engg-robot-testing-framework/engg-robot-testing-framework/resources/product_keywords.resource' on line 2: Importing library 'playwright_keyword_library.PlaywrightKeywordLibrary' failed: ModuleNotFoundError: No module named 'playwright_keyword_library'
2026-07-01 05:06:00.746726 Traceback (most recent call last):
2026-07-01 05:06:00.796911   None
2026-07-01 05:06:00.847070 PYTHONPATH:
2026-07-01 05:06:00.897238   /opt/hostedtoolcache/Python/3.11.15/x64/bin
2026-07-01 05:06:00.947386   /opt/hostedtoolcache/Python/3.11.15/x64/lib/python311.zip
2026-07-01 05:06:00.997561   /opt/hostedtoolcache/Python/3.11.15/x64/lib/python3.11
2026-07-01 05:06:01.047724   /opt/hostedtoolcache/Python/3.11.15/x64/lib/python3.11/lib-dynload
2026-07-01 05:06:01.097919   /opt/hostedtoolcache/Python/3.11.15/x64/lib/python3.11/site-packages
2026-07-01 05:06:01.148080 [ ERROR ] Error in file '/home/runner/work/engg-robot-testing-framework/engg-robot-testing-framework/resources/cart_keywords.resource' on line 2: Importing library 'playwright_keyword_library.PlaywrightKeywordLibrary' failed: ModuleNotFoundError: No module named 'playwright_keyword_library'
2026-07-01 05:06:01.198254 Traceback (most recent call last):
2026-07-01 05:06:01.248421   None
2026-07-01 05:06:01.298589 PYTHONPATH:
2026-07-01 05:06:01.348753   /opt/hostedtoolcache/Python/3.11.15/x64/bin
2026-07-01 05:06:01.398923   /opt/hostedtoolcache/Python/3.11.15/x64/lib/python311.zip
2026-07-01 05:06:01.449092   /opt/hostedtoolcache/Python/3.11.15/x64/lib/python3.11
2026-07-01 05:06:01.499267   /opt/hostedtoolcache/Python/3.11.15/x64/lib/python3.11/lib-dynload
2026-07-01 05:06:01.549426   /opt/hostedtoolcache/Python/3.11.15/x64/lib/python3.11/site-packages
2026-07-01 05:06:01.599607 [ ERROR ] Error in file '/home/runner/work/engg-robot-testing-framework/engg-robot-testing-framework/resources/auth_keywords.resource' on line 2: Importing library 'playwright_keyword_library.PlaywrightKeywordLibrary' failed: ModuleNotFoundError: No module named 'playwright_keyword_library'
2026-07-01 05:06:01.649775 Traceback (most recent call last):
2026-07-01 05:06:01.699962   None
2026-07-01 05:06:01.750104 PYTHONPATH:
2026-07-01 05:06:01.800293   /opt/hostedtoolcache/Python/3.11.15/x64/bin
2026-07-01 05:06:01.850425   /opt/hostedtoolcache/Python/3.11.15/x64/lib/python311.zip
2026-07-01 05:06:01.900565   /opt/hostedtoolcache/Python/3.11.15/x64/lib/python3.11
2026-07-01 05:06:01.950692   /opt/hostedtoolcache/Python/3.11.15/x64/lib/python3.11/lib-dynload
2026-07-01 05:06:02.000895   /opt/hostedtoolcache/Python/3.11.15/x64/lib/python3.11/site-packages
2026-07-01 05:06:09.871683 TC20 Search Products And Verify Cart After Login                      | FAIL |
2026-07-01 05:06:09.905178 Setup failed:
2026-07-01 05:06:09.905196 No keyword with name 'Open Browser' found.
2026-07-01 05:06:09.905210 
2026-07-01 05:06:09.905221 Also teardown failed:
2026-07-01 05:06:09.905233 Several failures occurred:
2026-07-01 05:06:09.905244 
2026-07-01 05:06:09.905254 1) No keyword with name 'Register Keyword To Run On Failure' found.
2026-07-01 05:06:09.905264 
2026-07-01 05:06:09.905273 2) No keyword with name 'Close Browser' found. Did you mean:
2026-07-01 05:06:09.905283     common.Close Test Browser
2026-07-01 05:06:09.905293 ------------------------------------------------------------------------------
2026-07-01 05:06:09.905302 Suites.Cart.TC20 search and verify cart after login :: TC20 - Sear... | FAIL |
2026-07-01 05:06:09.905840 1 test, 0 passed, 1 failed
2026-07-01 05:06:09.905905 ==============================================================================
2026-07-01 05:06:09.905918 Suites.Cart                                                           | FAIL |
2026-07-01 05:06:09.906219 1 test, 0 passed, 1 failed
2026-07-01 05:06:09.906275 ==============================================================================
2026-07-01 05:06:09.906287 Suites                                                                | FAIL |
2026-07-01 05:06:09.906543 1 test, 0 passed, 1 failed
2026-07-01 05:06:09.906598 ==============================================================================
2026-07-01 05:06:09.906609 Output:  /home/runner/work/engg-robot-testing-framework/engg-robot-testing-framework/reports/pabot_results/8/output.xml
