2026-06-04 05:21:41.846114 ==============================================================================
2026-06-04 05:21:41.876824 Suites
2026-06-04 05:21:41.876849 ==============================================================================
2026-06-04 05:21:41.876865 Suites.Auth
2026-06-04 05:21:41.877606 ==============================================================================
2026-06-04 05:21:42.078184 Suites.Auth.TC01 register user
2026-06-04 05:21:42.084440 ==============================================================================
2026-06-04 05:22:03.500837 TC01 Register User                                                    | FAIL |
2026-06-04 05:22:03.532206 Setup failed:
2026-06-04 05:22:03.532220 Title should have been 'Automation Exercise' but was 'One moment, please...'.
2026-06-04 05:22:03.532228 ------------------------------------------------------------------------------
2026-06-04 05:22:03.532235 Suites.Auth.TC01 register user                                        | FAIL |
2026-06-04 05:22:03.533072 1 test, 0 passed, 1 failed
2026-06-04 05:22:03.533092 ==============================================================================
2026-06-04 05:22:03.533105 Suites.Auth                                                           | FAIL |
2026-06-04 05:22:03.533504 1 test, 0 passed, 1 failed
2026-06-04 05:22:03.533582 ==============================================================================
2026-06-04 05:22:03.533598 Suites                                                                | FAIL |
2026-06-04 05:22:03.533986 1 test, 0 passed, 1 failed
2026-06-04 05:22:03.534012 ==============================================================================
2026-06-04 05:22:03.534032 Output:  /home/runner/work/engg-robot-testing-framework/engg-robot-testing-framework/reports/pabot_results/0/output.xml
