2026-06-29 05:12:22.831185 ==============================================================================
2026-06-29 05:12:22.850279 Suites
2026-06-29 05:12:22.850300 ==============================================================================
2026-06-29 05:12:22.850315 Suites.Cart
2026-06-29 05:12:22.851126 ==============================================================================
2026-06-29 05:12:22.851145 Suites.Cart.TC12 add products to cart :: TC12 - Add Products In Cart
2026-06-29 05:12:22.851145 [ ERROR ] Error in file '/home/runner/work/engg-robot-testing-framework/engg-robot-testing-framework/resources/common.resource' on line 4: Importing library 'playwright_keyword_library.PlaywrightKeywordLibrary' failed: ModuleNotFoundError: No module named 'playwright_keyword_library'
2026-06-29 05:12:22.882760 ==============================================================================
2026-06-29 05:12:22.882760 Traceback (most recent call last):
2026-06-29 05:12:22.882784   None
2026-06-29 05:12:22.932899 PYTHONPATH:
2026-06-29 05:12:22.983002   /opt/hostedtoolcache/Python/3.11.15/x64/bin
2026-06-29 05:12:23.033120   /opt/hostedtoolcache/Python/3.11.15/x64/lib/python311.zip
2026-06-29 05:12:23.083223   /opt/hostedtoolcache/Python/3.11.15/x64/lib/python3.11
2026-06-29 05:12:23.133336   /opt/hostedtoolcache/Python/3.11.15/x64/lib/python3.11/lib-dynload
2026-06-29 05:12:23.183439   /opt/hostedtoolcache/Python/3.11.15/x64/lib/python3.11/site-packages
2026-06-29 05:12:23.233619 [ ERROR ] Error in file '/home/runner/work/engg-robot-testing-framework/engg-robot-testing-framework/resources/product_keywords.resource' on line 2: Importing library 'playwright_keyword_library.PlaywrightKeywordLibrary' failed: ModuleNotFoundError: No module named 'playwright_keyword_library'
2026-06-29 05:12:23.283760 Traceback (most recent call last):
2026-06-29 05:12:23.333937   None
2026-06-29 05:12:23.384057 PYTHONPATH:
2026-06-29 05:12:23.434227   /opt/hostedtoolcache/Python/3.11.15/x64/bin
2026-06-29 05:12:23.484369   /opt/hostedtoolcache/Python/3.11.15/x64/lib/python311.zip
2026-06-29 05:12:23.534547   /opt/hostedtoolcache/Python/3.11.15/x64/lib/python3.11
2026-06-29 05:12:23.584706   /opt/hostedtoolcache/Python/3.11.15/x64/lib/python3.11/lib-dynload
2026-06-29 05:12:23.634883   /opt/hostedtoolcache/Python/3.11.15/x64/lib/python3.11/site-packages
2026-06-29 05:12:23.685046 [ ERROR ] Error in file '/home/runner/work/engg-robot-testing-framework/engg-robot-testing-framework/resources/cart_keywords.resource' on line 2: Importing library 'playwright_keyword_library.PlaywrightKeywordLibrary' failed: ModuleNotFoundError: No module named 'playwright_keyword_library'
2026-06-29 05:12:23.735220 Traceback (most recent call last):
2026-06-29 05:12:23.785398   None
2026-06-29 05:12:23.835575 PYTHONPATH:
2026-06-29 05:12:23.885738   /opt/hostedtoolcache/Python/3.11.15/x64/bin
2026-06-29 05:12:23.935908   /opt/hostedtoolcache/Python/3.11.15/x64/lib/python311.zip
2026-06-29 05:12:23.986079   /opt/hostedtoolcache/Python/3.11.15/x64/lib/python3.11
2026-06-29 05:12:24.036248   /opt/hostedtoolcache/Python/3.11.15/x64/lib/python3.11/lib-dynload
2026-06-29 05:12:24.086412   /opt/hostedtoolcache/Python/3.11.15/x64/lib/python3.11/site-packages
2026-06-29 05:12:32.859666 TC12 Add Products In Cart                                             | FAIL |
2026-06-29 05:12:32.894783 Setup failed:
2026-06-29 05:12:32.894798 No keyword with name 'Open Browser' found.
2026-06-29 05:12:32.894808 
2026-06-29 05:12:32.894818 Also teardown failed:
2026-06-29 05:12:32.894828 Several failures occurred:
2026-06-29 05:12:32.894836 
2026-06-29 05:12:32.894866 1) No keyword with name 'Register Keyword To Run On Failure' found.
2026-06-29 05:12:32.894878 
2026-06-29 05:12:32.894886 2) No keyword with name 'Close Browser' found. Did you mean:
2026-06-29 05:12:32.894894     common.Close Test Browser
2026-06-29 05:12:32.894902 ------------------------------------------------------------------------------
2026-06-29 05:12:32.894910 Suites.Cart.TC12 add products to cart :: TC12 - Add Products In Cart  | FAIL |
2026-06-29 05:12:32.895568 1 test, 0 passed, 1 failed
2026-06-29 05:12:32.895639 ==============================================================================
2026-06-29 05:12:32.895648 Suites.Cart                                                           | FAIL |
2026-06-29 05:12:32.896105 1 test, 0 passed, 1 failed
2026-06-29 05:12:32.896224 ==============================================================================
2026-06-29 05:12:32.896232 Suites                                                                | FAIL |
2026-06-29 05:12:32.896546 1 test, 0 passed, 1 failed
2026-06-29 05:12:32.896913 ==============================================================================
2026-06-29 05:12:32.896965 Output:  /home/runner/work/engg-robot-testing-framework/engg-robot-testing-framework/reports/pabot_results/5/output.xml
