2026-07-05 04:39:39.233453 ==============================================================================
2026-07-05 04:39:39.256954 Suites
2026-07-05 04:39:39.256990 ==============================================================================
2026-07-05 04:39:39.257014 Suites.Auth
2026-07-05 04:39:39.258006 ==============================================================================
2026-07-05 04:39:39.258023 Suites.Auth.TC02 login valid
2026-07-05 04:39:39.258023 [ ERROR ] Error in file '/home/runner/work/engg-robot-testing-framework/engg-robot-testing-framework/tests/auth/TC02_login_valid.robot' on line 2: Importing library 'playwright_keyword_library.PlaywrightKeywordLibrary' failed: ModuleNotFoundError: No module named 'playwright_keyword_library'
2026-07-05 04:39:39.278916 ==============================================================================
2026-07-05 04:39:39.278916 Traceback (most recent call last):
2026-07-05 04:39:39.278963   None
2026-07-05 04:39:39.329223 PYTHONPATH:
2026-07-05 04:39:39.379450   /opt/hostedtoolcache/Python/3.11.15/x64/bin
2026-07-05 04:39:39.429693   /opt/hostedtoolcache/Python/3.11.15/x64/lib/python311.zip
2026-07-05 04:39:39.479858   /opt/hostedtoolcache/Python/3.11.15/x64/lib/python3.11
2026-07-05 04:39:39.530097   /opt/hostedtoolcache/Python/3.11.15/x64/lib/python3.11/lib-dynload
2026-07-05 04:39:39.580341   /opt/hostedtoolcache/Python/3.11.15/x64/lib/python3.11/site-packages
2026-07-05 04:39:39.630670 [ ERROR ] Error in file '/home/runner/work/engg-robot-testing-framework/engg-robot-testing-framework/resources/auth_keywords.resource' on line 2: Importing library 'playwright_keyword_library.PlaywrightKeywordLibrary' failed: ModuleNotFoundError: No module named 'playwright_keyword_library'
2026-07-05 04:39:39.680812 Traceback (most recent call last):
2026-07-05 04:39:39.731167   None
2026-07-05 04:39:39.781391 PYTHONPATH:
2026-07-05 04:39:39.831729   /opt/hostedtoolcache/Python/3.11.15/x64/bin
2026-07-05 04:39:39.881970   /opt/hostedtoolcache/Python/3.11.15/x64/lib/python311.zip
2026-07-05 04:39:39.932318   /opt/hostedtoolcache/Python/3.11.15/x64/lib/python3.11
2026-07-05 04:39:39.982556   /opt/hostedtoolcache/Python/3.11.15/x64/lib/python3.11/lib-dynload
2026-07-05 04:39:40.032896   /opt/hostedtoolcache/Python/3.11.15/x64/lib/python3.11/site-packages
2026-07-05 04:39:40.083131 [ ERROR ] Error in file '/home/runner/work/engg-robot-testing-framework/engg-robot-testing-framework/resources/common.resource' on line 4: Importing library 'playwright_keyword_library.PlaywrightKeywordLibrary' failed: ModuleNotFoundError: No module named 'playwright_keyword_library'
2026-07-05 04:39:40.133458 Traceback (most recent call last):
2026-07-05 04:39:40.183704   None
2026-07-05 04:39:40.234018 PYTHONPATH:
2026-07-05 04:39:40.284220   /opt/hostedtoolcache/Python/3.11.15/x64/bin
2026-07-05 04:39:40.334422   /opt/hostedtoolcache/Python/3.11.15/x64/lib/python311.zip
2026-07-05 04:39:40.384664   /opt/hostedtoolcache/Python/3.11.15/x64/lib/python3.11
2026-07-05 04:39:40.434802   /opt/hostedtoolcache/Python/3.11.15/x64/lib/python3.11/lib-dynload
2026-07-05 04:39:40.485162   /opt/hostedtoolcache/Python/3.11.15/x64/lib/python3.11/site-packages
2026-07-05 04:39:49.260383 TC02 Login User With Correct Email And Password                       | FAIL |
2026-07-05 04:39:49.288950 Setup failed:
2026-07-05 04:39:49.288976 No keyword with name 'Open Browser' found.
2026-07-05 04:39:49.289072 
2026-07-05 04:39:49.289099 Also teardown failed:
2026-07-05 04:39:49.289115 Several failures occurred:
2026-07-05 04:39:49.289133 
2026-07-05 04:39:49.289221 1) No keyword with name 'Register Keyword To Run On Failure' found.
2026-07-05 04:39:49.289246 
2026-07-05 04:39:49.289313 2) No keyword with name 'Close Browser' found. Did you mean:
2026-07-05 04:39:49.289339     common.Close Test Browser
2026-07-05 04:39:49.289408 ------------------------------------------------------------------------------
2026-07-05 04:39:49.289433 Suites.Auth.TC02 login valid                                          | FAIL |
2026-07-05 04:39:49.289875 1 test, 0 passed, 1 failed
2026-07-05 04:39:49.289895 ==============================================================================
2026-07-05 04:39:49.289916 Suites.Auth                                                           | FAIL |
2026-07-05 04:39:49.290402 1 test, 0 passed, 1 failed
2026-07-05 04:39:49.290428 ==============================================================================
2026-07-05 04:39:49.290512 Suites                                                                | FAIL |
2026-07-05 04:39:49.290856 1 test, 0 passed, 1 failed
2026-07-05 04:39:49.291920 ==============================================================================
2026-07-05 04:39:49.291935 Output:  /home/runner/work/engg-robot-testing-framework/engg-robot-testing-framework/reports/pabot_results/1/output.xml
