2026-08-26 02:08:59.181653 ==============================================================================
2026-08-26 02:08:59.200906 Suites
2026-08-26 02:08:59.200923 ==============================================================================
2026-08-26 02:08:59.200936 Suites.Cart
2026-08-26 02:08:59.201696 ==============================================================================
2026-08-26 02:08:59.201713 Suites.Cart.TC12 add products to cart :: TC12 - Add Products In Cart
2026-08-26 02:08:59.201713 [ ERROR ] Error in file '/home/runner/work/engg-robot-testing-framework/engg-robot-testing-framework/resources/common.resource' on line 4: Importing library 'playwright_keyword_library.PlaywrightKeywordLibrary' failed: ModuleNotFoundError: No module named 'playwright_keyword_library'
2026-08-26 02:08:59.228934 ==============================================================================
2026-08-26 02:08:59.228934 Traceback (most recent call last):
2026-08-26 02:08:59.228956   None
2026-08-26 02:08:59.279083 PYTHONPATH:
2026-08-26 02:08:59.329192   /opt/hostedtoolcache/Python/3.11.16/x64/bin
2026-08-26 02:08:59.379337   /opt/hostedtoolcache/Python/3.11.16/x64/lib/python311.zip
2026-08-26 02:08:59.429469   /opt/hostedtoolcache/Python/3.11.16/x64/lib/python3.11
2026-08-26 02:08:59.479651   /opt/hostedtoolcache/Python/3.11.16/x64/lib/python3.11/lib-dynload
2026-08-26 02:08:59.529757   /opt/hostedtoolcache/Python/3.11.16/x64/lib/python3.11/site-packages
2026-08-26 02:08:59.579917 [ ERROR ] Error in file '/home/runner/work/engg-robot-testing-framework/engg-robot-testing-framework/resources/product_keywords.resource' on line 2: Importing library 'playwright_keyword_library.PlaywrightKeywordLibrary' failed: ModuleNotFoundError: No module named 'playwright_keyword_library'
2026-08-26 02:08:59.630023 Traceback (most recent call last):
2026-08-26 02:08:59.680178   None
2026-08-26 02:08:59.730411 PYTHONPATH:
2026-08-26 02:08:59.780563   /opt/hostedtoolcache/Python/3.11.16/x64/bin
2026-08-26 02:08:59.830792   /opt/hostedtoolcache/Python/3.11.16/x64/lib/python311.zip
2026-08-26 02:08:59.880948   /opt/hostedtoolcache/Python/3.11.16/x64/lib/python3.11
2026-08-26 02:08:59.931096   /opt/hostedtoolcache/Python/3.11.16/x64/lib/python3.11/lib-dynload
2026-08-26 02:08:59.981246   /opt/hostedtoolcache/Python/3.11.16/x64/lib/python3.11/site-packages
2026-08-26 02:09:00.031394 [ ERROR ] Error in file '/home/runner/work/engg-robot-testing-framework/engg-robot-testing-framework/resources/cart_keywords.resource' on line 2: Importing library 'playwright_keyword_library.PlaywrightKeywordLibrary' failed: ModuleNotFoundError: No module named 'playwright_keyword_library'
2026-08-26 02:09:00.081549 Traceback (most recent call last):
2026-08-26 02:09:00.131699   None
2026-08-26 02:09:00.181849 PYTHONPATH:
2026-08-26 02:09:00.231996   /opt/hostedtoolcache/Python/3.11.16/x64/bin
2026-08-26 02:09:00.282143   /opt/hostedtoolcache/Python/3.11.16/x64/lib/python311.zip
2026-08-26 02:09:00.332275   /opt/hostedtoolcache/Python/3.11.16/x64/lib/python3.11
2026-08-26 02:09:00.382434   /opt/hostedtoolcache/Python/3.11.16/x64/lib/python3.11/lib-dynload
2026-08-26 02:09:00.432560   /opt/hostedtoolcache/Python/3.11.16/x64/lib/python3.11/site-packages
2026-08-26 02:09:09.203369 TC12 Add Products In Cart                                             | FAIL |
2026-08-26 02:09:09.239535 Setup failed:
2026-08-26 02:09:09.239553 No keyword with name 'Open Browser' found.
2026-08-26 02:09:09.239567 
2026-08-26 02:09:09.239579 Also teardown failed:
2026-08-26 02:09:09.239609 Several failures occurred:
2026-08-26 02:09:09.239623 
2026-08-26 02:09:09.239635 1) No keyword with name 'Register Keyword To Run On Failure' found.
2026-08-26 02:09:09.239647 
2026-08-26 02:09:09.239657 2) No keyword with name 'Close Browser' found. Did you mean:
2026-08-26 02:09:09.239666     common.Close Test Browser
2026-08-26 02:09:09.239676 ------------------------------------------------------------------------------
2026-08-26 02:09:09.239685 Suites.Cart.TC12 add products to cart :: TC12 - Add Products In Cart  | FAIL |
2026-08-26 02:09:09.240203 1 test, 0 passed, 1 failed
2026-08-26 02:09:09.240218 ==============================================================================
2026-08-26 02:09:09.240229 Suites.Cart                                                           | FAIL |
2026-08-26 02:09:09.240566 1 test, 0 passed, 1 failed
2026-08-26 02:09:09.240643 ==============================================================================
2026-08-26 02:09:09.240657 Suites                                                                | FAIL |
2026-08-26 02:09:09.240921 1 test, 0 passed, 1 failed
2026-08-26 02:09:09.240976 ==============================================================================
2026-08-26 02:09:09.240987 Output:  /home/runner/work/engg-robot-testing-framework/engg-robot-testing-framework/reports/pabot_results/5/output.xml
