2026-10-09 06:30:08.243688 ==============================================================================
2026-10-09 06:30:08.262787 Suites
2026-10-09 06:30:08.262808 ==============================================================================
2026-10-09 06:30:08.262823 Suites.Cart
2026-10-09 06:30:08.263722 ==============================================================================
2026-10-09 06:30:08.263739 Suites.Cart.TC12 add products to cart :: TC12 - Add Products In Cart
2026-10-09 06:30:08.263739 [ ERROR ] Error in file '/home/runner/work/engg-robot-testing-framework/engg-robot-testing-framework/resources/common.resource' on line 4: Importing library 'playwright_keyword_library.PlaywrightKeywordLibrary' failed: ModuleNotFoundError: No module named 'playwright_keyword_library'
2026-10-09 06:30:08.294920 ==============================================================================
2026-10-09 06:30:08.294920 Traceback (most recent call last):
2026-10-09 06:30:08.294941   None
2026-10-09 06:30:08.345052 PYTHONPATH:
2026-10-09 06:30:08.395158   /opt/hostedtoolcache/Python/3.11.17/x64/bin
2026-10-09 06:30:08.445273   /opt/hostedtoolcache/Python/3.11.17/x64/lib/python311.zip
2026-10-09 06:30:08.495385   /opt/hostedtoolcache/Python/3.11.17/x64/lib/python3.11
2026-10-09 06:30:08.545495   /opt/hostedtoolcache/Python/3.11.17/x64/lib/python3.11/lib-dynload
2026-10-09 06:30:08.595594   /opt/hostedtoolcache/Python/3.11.17/x64/lib/python3.11/site-packages
2026-10-09 06:30:08.645730 [ ERROR ] Error in file '/home/runner/work/engg-robot-testing-framework/engg-robot-testing-framework/resources/product_keywords.resource' on line 2: Importing library 'playwright_keyword_library.PlaywrightKeywordLibrary' failed: ModuleNotFoundError: No module named 'playwright_keyword_library'
2026-10-09 06:30:08.695842 Traceback (most recent call last):
2026-10-09 06:30:08.745990   None
2026-10-09 06:30:08.796106 PYTHONPATH:
2026-10-09 06:30:08.846254   /opt/hostedtoolcache/Python/3.11.17/x64/bin
2026-10-09 06:30:08.896403   /opt/hostedtoolcache/Python/3.11.17/x64/lib/python311.zip
2026-10-09 06:30:08.946557   /opt/hostedtoolcache/Python/3.11.17/x64/lib/python3.11
2026-10-09 06:30:08.996709   /opt/hostedtoolcache/Python/3.11.17/x64/lib/python3.11/lib-dynload
2026-10-09 06:30:09.046863   /opt/hostedtoolcache/Python/3.11.17/x64/lib/python3.11/site-packages
2026-10-09 06:30:09.097011 [ ERROR ] Error in file '/home/runner/work/engg-robot-testing-framework/engg-robot-testing-framework/resources/cart_keywords.resource' on line 2: Importing library 'playwright_keyword_library.PlaywrightKeywordLibrary' failed: ModuleNotFoundError: No module named 'playwright_keyword_library'
2026-10-09 06:30:09.147181 Traceback (most recent call last):
2026-10-09 06:30:09.197332   None
2026-10-09 06:30:09.247481 PYTHONPATH:
2026-10-09 06:30:09.297585   /opt/hostedtoolcache/Python/3.11.17/x64/bin
2026-10-09 06:30:09.347731   /opt/hostedtoolcache/Python/3.11.17/x64/lib/python311.zip
2026-10-09 06:30:09.397849   /opt/hostedtoolcache/Python/3.11.17/x64/lib/python3.11
2026-10-09 06:30:09.448000   /opt/hostedtoolcache/Python/3.11.17/x64/lib/python3.11/lib-dynload
2026-10-09 06:30:09.498124   /opt/hostedtoolcache/Python/3.11.17/x64/lib/python3.11/site-packages
2026-10-09 06:30:18.270211 TC12 Add Products In Cart                                             | FAIL |
2026-10-09 06:30:18.306193 Setup failed:
2026-10-09 06:30:18.306212 No keyword with name 'Open Browser' found.
2026-10-09 06:30:18.306227 
2026-10-09 06:30:18.306241 Also teardown failed:
2026-10-09 06:30:18.306254 Several failures occurred:
2026-10-09 06:30:18.306267 
2026-10-09 06:30:18.306280 1) No keyword with name 'Register Keyword To Run On Failure' found.
2026-10-09 06:30:18.306294 
2026-10-09 06:30:18.306305 2) No keyword with name 'Close Browser' found. Did you mean:
2026-10-09 06:30:18.306316     common.Close Test Browser
2026-10-09 06:30:18.306328 ------------------------------------------------------------------------------
2026-10-09 06:30:18.306339 Suites.Cart.TC12 add products to cart :: TC12 - Add Products In Cart  | FAIL |
2026-10-09 06:30:18.306872 1 test, 0 passed, 1 failed
2026-10-09 06:30:18.306898 ==============================================================================
2026-10-09 06:30:18.306972 Suites.Cart                                                           | FAIL |
2026-10-09 06:30:18.307343 1 test, 0 passed, 1 failed
2026-10-09 06:30:18.307368 ==============================================================================
2026-10-09 06:30:18.307440 Suites                                                                | FAIL |
2026-10-09 06:30:18.307747 1 test, 0 passed, 1 failed
2026-10-09 06:30:18.307763 ==============================================================================
2026-10-09 06:30:18.307775 Output:  /home/runner/work/engg-robot-testing-framework/engg-robot-testing-framework/reports/pabot_results/5/output.xml
