2026-10-01 06:23:42.107834 ==============================================================================
2026-10-01 06:23:42.127510 Suites
2026-10-01 06:23:42.127532 ==============================================================================
2026-10-01 06:23:42.127547 Suites.Cart
2026-10-01 06:23:42.128328 ==============================================================================
2026-10-01 06:23:42.128345 Suites.Cart.TC12 add products to cart :: TC12 - Add Products In Cart
2026-10-01 06:23:42.128345 [ ERROR ] Error in file '/home/runner/work/engg-robot-testing-framework/engg-robot-testing-framework/resources/common.resource' on line 4: Importing library 'playwright_keyword_library.PlaywrightKeywordLibrary' failed: ModuleNotFoundError: No module named 'playwright_keyword_library'
2026-10-01 06:23:42.159228 ==============================================================================
2026-10-01 06:23:42.159228 Traceback (most recent call last):
2026-10-01 06:23:42.159248   None
2026-10-01 06:23:42.209358 PYTHONPATH:
2026-10-01 06:23:42.259473   /opt/hostedtoolcache/Python/3.11.16/x64/bin
2026-10-01 06:23:42.309576   /opt/hostedtoolcache/Python/3.11.16/x64/lib/python311.zip
2026-10-01 06:23:42.359685   /opt/hostedtoolcache/Python/3.11.16/x64/lib/python3.11
2026-10-01 06:23:42.409786   /opt/hostedtoolcache/Python/3.11.16/x64/lib/python3.11/lib-dynload
2026-10-01 06:23:42.459939   /opt/hostedtoolcache/Python/3.11.16/x64/lib/python3.11/site-packages
2026-10-01 06:23:42.510087 [ ERROR ] Error in file '/home/runner/work/engg-robot-testing-framework/engg-robot-testing-framework/resources/product_keywords.resource' on line 2: Importing library 'playwright_keyword_library.PlaywrightKeywordLibrary' failed: ModuleNotFoundError: No module named 'playwright_keyword_library'
2026-10-01 06:23:42.560240 Traceback (most recent call last):
2026-10-01 06:23:42.610386   None
2026-10-01 06:23:42.660534 PYTHONPATH:
2026-10-01 06:23:42.710635   /opt/hostedtoolcache/Python/3.11.16/x64/bin
2026-10-01 06:23:42.760787   /opt/hostedtoolcache/Python/3.11.16/x64/lib/python311.zip
2026-10-01 06:23:42.810937   /opt/hostedtoolcache/Python/3.11.16/x64/lib/python3.11
2026-10-01 06:23:42.861094   /opt/hostedtoolcache/Python/3.11.16/x64/lib/python3.11/lib-dynload
2026-10-01 06:23:42.911236   /opt/hostedtoolcache/Python/3.11.16/x64/lib/python3.11/site-packages
2026-10-01 06:23:42.961387 [ ERROR ] Error in file '/home/runner/work/engg-robot-testing-framework/engg-robot-testing-framework/resources/cart_keywords.resource' on line 2: Importing library 'playwright_keyword_library.PlaywrightKeywordLibrary' failed: ModuleNotFoundError: No module named 'playwright_keyword_library'
2026-10-01 06:23:43.011520 Traceback (most recent call last):
2026-10-01 06:23:43.061671   None
2026-10-01 06:23:43.111801 PYTHONPATH:
2026-10-01 06:23:43.161935   /opt/hostedtoolcache/Python/3.11.16/x64/bin
2026-10-01 06:23:43.212070   /opt/hostedtoolcache/Python/3.11.16/x64/lib/python311.zip
2026-10-01 06:23:43.262226   /opt/hostedtoolcache/Python/3.11.16/x64/lib/python3.11
2026-10-01 06:23:43.312356   /opt/hostedtoolcache/Python/3.11.16/x64/lib/python3.11/lib-dynload
2026-10-01 06:23:43.362510   /opt/hostedtoolcache/Python/3.11.16/x64/lib/python3.11/site-packages
2026-10-01 06:23:52.134366 TC12 Add Products In Cart                                             | FAIL |
2026-10-01 06:23:52.170846 Setup failed:
2026-10-01 06:23:52.170859 No keyword with name 'Open Browser' found.
2026-10-01 06:23:52.170867 
2026-10-01 06:23:52.170875 Also teardown failed:
2026-10-01 06:23:52.170884 Several failures occurred:
2026-10-01 06:23:52.170891 
2026-10-01 06:23:52.170898 1) No keyword with name 'Register Keyword To Run On Failure' found.
2026-10-01 06:23:52.170924 
2026-10-01 06:23:52.170932 2) No keyword with name 'Close Browser' found. Did you mean:
2026-10-01 06:23:52.170940     common.Close Test Browser
2026-10-01 06:23:52.170946 ------------------------------------------------------------------------------
2026-10-01 06:23:52.170954 Suites.Cart.TC12 add products to cart :: TC12 - Add Products In Cart  | FAIL |
2026-10-01 06:23:52.171702 1 test, 0 passed, 1 failed
2026-10-01 06:23:52.171714 ==============================================================================
2026-10-01 06:23:52.171722 Suites.Cart                                                           | FAIL |
2026-10-01 06:23:52.172217 1 test, 0 passed, 1 failed
2026-10-01 06:23:52.172278 ==============================================================================
2026-10-01 06:23:52.172287 Suites                                                                | FAIL |
2026-10-01 06:23:52.172685 1 test, 0 passed, 1 failed
2026-10-01 06:23:52.172726 ==============================================================================
2026-10-01 06:23:52.172736 Output:  /home/runner/work/engg-robot-testing-framework/engg-robot-testing-framework/reports/pabot_results/5/output.xml
