2026-08-12 03:04:42.722539 ==============================================================================
2026-08-12 03:04:42.746863 Suites
2026-08-12 03:04:42.746888 ==============================================================================
2026-08-12 03:04:42.746902 Suites.Auth
2026-08-12 03:04:42.747713 ==============================================================================
2026-08-12 03:04:42.747732 Suites.Auth.TC04 logout user
2026-08-12 03:04:42.747732 [ ERROR ] Error in file '/home/runner/work/engg-robot-testing-framework/engg-robot-testing-framework/tests/auth/TC04_logout_user.robot' on line 2: Importing library 'playwright_keyword_library.PlaywrightKeywordLibrary' failed: ModuleNotFoundError: No module named 'playwright_keyword_library'
2026-08-12 03:04:42.767115 ==============================================================================
2026-08-12 03:04:42.767115 Traceback (most recent call last):
2026-08-12 03:04:42.767150   None
2026-08-12 03:04:42.817328 PYTHONPATH:
2026-08-12 03:04:42.867503   /opt/hostedtoolcache/Python/3.11.15/x64/bin
2026-08-12 03:04:42.917689   /opt/hostedtoolcache/Python/3.11.15/x64/lib/python311.zip
2026-08-12 03:04:42.967868   /opt/hostedtoolcache/Python/3.11.15/x64/lib/python3.11
2026-08-12 03:04:43.018049   /opt/hostedtoolcache/Python/3.11.15/x64/lib/python3.11/lib-dynload
2026-08-12 03:04:43.068298   /opt/hostedtoolcache/Python/3.11.15/x64/lib/python3.11/site-packages
2026-08-12 03:04:43.118531 [ ERROR ] Error in file '/home/runner/work/engg-robot-testing-framework/engg-robot-testing-framework/resources/auth_keywords.resource' on line 2: Importing library 'playwright_keyword_library.PlaywrightKeywordLibrary' failed: ModuleNotFoundError: No module named 'playwright_keyword_library'
2026-08-12 03:04:43.168756 Traceback (most recent call last):
2026-08-12 03:04:43.219005   None
2026-08-12 03:04:43.269239 PYTHONPATH:
2026-08-12 03:04:43.319525   /opt/hostedtoolcache/Python/3.11.15/x64/bin
2026-08-12 03:04:43.369789   /opt/hostedtoolcache/Python/3.11.15/x64/lib/python311.zip
2026-08-12 03:04:43.420028   /opt/hostedtoolcache/Python/3.11.15/x64/lib/python3.11
2026-08-12 03:04:43.470270   /opt/hostedtoolcache/Python/3.11.15/x64/lib/python3.11/lib-dynload
2026-08-12 03:04:43.520486   /opt/hostedtoolcache/Python/3.11.15/x64/lib/python3.11/site-packages
2026-08-12 03:04:43.570727 [ ERROR ] Error in file '/home/runner/work/engg-robot-testing-framework/engg-robot-testing-framework/resources/common.resource' on line 4: Importing library 'playwright_keyword_library.PlaywrightKeywordLibrary' failed: ModuleNotFoundError: No module named 'playwright_keyword_library'
2026-08-12 03:04:43.620967 Traceback (most recent call last):
2026-08-12 03:04:43.671214   None
2026-08-12 03:04:43.721451 PYTHONPATH:
2026-08-12 03:04:43.771685   /opt/hostedtoolcache/Python/3.11.15/x64/bin
2026-08-12 03:04:43.821933   /opt/hostedtoolcache/Python/3.11.15/x64/lib/python311.zip
2026-08-12 03:04:43.872146   /opt/hostedtoolcache/Python/3.11.15/x64/lib/python3.11
2026-08-12 03:04:43.922384   /opt/hostedtoolcache/Python/3.11.15/x64/lib/python3.11/lib-dynload
2026-08-12 03:04:43.972579   /opt/hostedtoolcache/Python/3.11.15/x64/lib/python3.11/site-packages
2026-08-12 03:04:52.750605 TC04 Logout User                                                      | FAIL |
2026-08-12 03:04:52.777739 Setup failed:
2026-08-12 03:04:52.777754 No keyword with name 'Open Browser' found.
2026-08-12 03:04:52.777762 
2026-08-12 03:04:52.777769 Also teardown failed:
2026-08-12 03:04:52.777776 Several failures occurred:
2026-08-12 03:04:52.777783 
2026-08-12 03:04:52.777796 1) No keyword with name 'Register Keyword To Run On Failure' found.
2026-08-12 03:04:52.777803 
2026-08-12 03:04:52.777809 2) No keyword with name 'Close Browser' found. Did you mean:
2026-08-12 03:04:52.777816     common.Close Test Browser
2026-08-12 03:04:52.777823 ------------------------------------------------------------------------------
2026-08-12 03:04:52.777829 Suites.Auth.TC04 logout user                                          | FAIL |
2026-08-12 03:04:52.778418 1 test, 0 passed, 1 failed
2026-08-12 03:04:52.778506 ==============================================================================
2026-08-12 03:04:52.778520 Suites.Auth                                                           | FAIL |
2026-08-12 03:04:52.778865 1 test, 0 passed, 1 failed
2026-08-12 03:04:52.778942 ==============================================================================
2026-08-12 03:04:52.778956 Suites                                                                | FAIL |
2026-08-12 03:04:52.779290 1 test, 0 passed, 1 failed
2026-08-12 03:04:52.779374 ==============================================================================
2026-08-12 03:04:52.779391 Output:  /home/runner/work/engg-robot-testing-framework/engg-robot-testing-framework/reports/pabot_results/3/output.xml
