2026-07-02 04:39:51.247813 ==============================================================================
2026-07-02 04:39:51.267642 Suites
2026-07-02 04:39:51.267664 ==============================================================================
2026-07-02 04:39:51.267680 Suites.Auth
2026-07-02 04:39:51.268484 ==============================================================================
2026-07-02 04:39:51.268503 Suites.Auth.TC03 login invalid
2026-07-02 04:39:51.268503 [ ERROR ] Error in file '/home/runner/work/engg-robot-testing-framework/engg-robot-testing-framework/tests/auth/TC03_login_invalid.robot' on line 2: Importing library 'playwright_keyword_library.PlaywrightKeywordLibrary' failed: ModuleNotFoundError: No module named 'playwright_keyword_library'
2026-07-02 04:39:51.287498 ==============================================================================
2026-07-02 04:39:51.287498 Traceback (most recent call last):
2026-07-02 04:39:51.287529   None
2026-07-02 04:39:51.337690 PYTHONPATH:
2026-07-02 04:39:51.387856   /opt/hostedtoolcache/Python/3.11.15/x64/bin
2026-07-02 04:39:51.438007   /opt/hostedtoolcache/Python/3.11.15/x64/lib/python311.zip
2026-07-02 04:39:51.488168   /opt/hostedtoolcache/Python/3.11.15/x64/lib/python3.11
2026-07-02 04:39:51.538333   /opt/hostedtoolcache/Python/3.11.15/x64/lib/python3.11/lib-dynload
2026-07-02 04:39:51.588543   /opt/hostedtoolcache/Python/3.11.15/x64/lib/python3.11/site-packages
2026-07-02 04:39:51.638737 [ ERROR ] Error in file '/home/runner/work/engg-robot-testing-framework/engg-robot-testing-framework/resources/auth_keywords.resource' on line 2: Importing library 'playwright_keyword_library.PlaywrightKeywordLibrary' failed: ModuleNotFoundError: No module named 'playwright_keyword_library'
2026-07-02 04:39:51.688973 Traceback (most recent call last):
2026-07-02 04:39:51.739221   None
2026-07-02 04:39:51.789492 PYTHONPATH:
2026-07-02 04:39:51.839723   /opt/hostedtoolcache/Python/3.11.15/x64/bin
2026-07-02 04:39:51.889963   /opt/hostedtoolcache/Python/3.11.15/x64/lib/python311.zip
2026-07-02 04:39:51.940177   /opt/hostedtoolcache/Python/3.11.15/x64/lib/python3.11
2026-07-02 04:39:51.990435   /opt/hostedtoolcache/Python/3.11.15/x64/lib/python3.11/lib-dynload
2026-07-02 04:39:52.040670   /opt/hostedtoolcache/Python/3.11.15/x64/lib/python3.11/site-packages
2026-07-02 04:39:52.090892 [ ERROR ] Error in file '/home/runner/work/engg-robot-testing-framework/engg-robot-testing-framework/resources/common.resource' on line 4: Importing library 'playwright_keyword_library.PlaywrightKeywordLibrary' failed: ModuleNotFoundError: No module named 'playwright_keyword_library'
2026-07-02 04:39:52.141089 Traceback (most recent call last):
2026-07-02 04:39:52.191352   None
2026-07-02 04:39:52.241552 PYTHONPATH:
2026-07-02 04:39:52.291757   /opt/hostedtoolcache/Python/3.11.15/x64/bin
2026-07-02 04:39:52.341956   /opt/hostedtoolcache/Python/3.11.15/x64/lib/python311.zip
2026-07-02 04:39:52.392171   /opt/hostedtoolcache/Python/3.11.15/x64/lib/python3.11
2026-07-02 04:39:52.442370   /opt/hostedtoolcache/Python/3.11.15/x64/lib/python3.11/lib-dynload
2026-07-02 04:39:52.492579   /opt/hostedtoolcache/Python/3.11.15/x64/lib/python3.11/site-packages
2026-07-02 04:40:01.270355 TC03 Login User With Incorrect Email And Password                     | FAIL |
2026-07-02 04:40:01.297686 Setup failed:
2026-07-02 04:40:01.297706 No keyword with name 'Open Browser' found.
2026-07-02 04:40:01.297721 
2026-07-02 04:40:01.297735 Also teardown failed:
2026-07-02 04:40:01.297747 Several failures occurred:
2026-07-02 04:40:01.297760 
2026-07-02 04:40:01.297777 1) No keyword with name 'Register Keyword To Run On Failure' found.
2026-07-02 04:40:01.297798 
2026-07-02 04:40:01.297811 2) No keyword with name 'Close Browser' found. Did you mean:
2026-07-02 04:40:01.297824     common.Close Test Browser
2026-07-02 04:40:01.297837 ------------------------------------------------------------------------------
2026-07-02 04:40:01.297849 Suites.Auth.TC03 login invalid                                        | FAIL |
2026-07-02 04:40:01.298404 1 test, 0 passed, 1 failed
2026-07-02 04:40:01.298422 ==============================================================================
2026-07-02 04:40:01.298435 Suites.Auth                                                           | FAIL |
2026-07-02 04:40:01.298788 1 test, 0 passed, 1 failed
2026-07-02 04:40:01.298814 ==============================================================================
2026-07-02 04:40:01.298877 Suites                                                                | FAIL |
2026-07-02 04:40:01.299159 1 test, 0 passed, 1 failed
2026-07-02 04:40:01.299231 ==============================================================================
2026-07-02 04:40:01.299285 Output:  /home/runner/work/engg-robot-testing-framework/engg-robot-testing-framework/reports/pabot_results/2/output.xml
