2026-07-04 04:11:32.824343 ==============================================================================
2026-07-04 04:11:32.836296 Suites
2026-07-04 04:11:32.836316 ==============================================================================
2026-07-04 04:11:32.836332 Suites.Cart
2026-07-04 04:11:32.836959 ==============================================================================
2026-07-04 04:11:32.836978 Suites.Cart.TC22 add from recommended items :: TC22 - Add To Cart From Reco...
2026-07-04 04:11:32.836978 [ ERROR ] Error in file '/home/runner/work/engg-robot-testing-framework/engg-robot-testing-framework/resources/common.resource' on line 4: Importing library 'playwright_keyword_library.PlaywrightKeywordLibrary' failed: ModuleNotFoundError: No module named 'playwright_keyword_library'
2026-07-04 04:11:32.860114 ==============================================================================
2026-07-04 04:11:32.860114 Traceback (most recent call last):
2026-07-04 04:11:32.860139   None
2026-07-04 04:11:32.910243 PYTHONPATH:
2026-07-04 04:11:32.960341   /opt/hostedtoolcache/Python/3.11.15/x64/bin
2026-07-04 04:11:33.010440   /opt/hostedtoolcache/Python/3.11.15/x64/lib/python311.zip
2026-07-04 04:11:33.060537   /opt/hostedtoolcache/Python/3.11.15/x64/lib/python3.11
2026-07-04 04:11:33.110650   /opt/hostedtoolcache/Python/3.11.15/x64/lib/python3.11/lib-dynload
2026-07-04 04:11:33.160761   /opt/hostedtoolcache/Python/3.11.15/x64/lib/python3.11/site-packages
2026-07-04 04:11:33.210893 [ ERROR ] Error in file '/home/runner/work/engg-robot-testing-framework/engg-robot-testing-framework/resources/cart_keywords.resource' on line 2: Importing library 'playwright_keyword_library.PlaywrightKeywordLibrary' failed: ModuleNotFoundError: No module named 'playwright_keyword_library'
2026-07-04 04:11:33.261021 Traceback (most recent call last):
2026-07-04 04:11:33.311174   None
2026-07-04 04:11:33.361252 PYTHONPATH:
2026-07-04 04:11:33.411404   /opt/hostedtoolcache/Python/3.11.15/x64/bin
2026-07-04 04:11:33.461533   /opt/hostedtoolcache/Python/3.11.15/x64/lib/python311.zip
2026-07-04 04:11:33.511688   /opt/hostedtoolcache/Python/3.11.15/x64/lib/python3.11
2026-07-04 04:11:33.561816   /opt/hostedtoolcache/Python/3.11.15/x64/lib/python3.11/lib-dynload
2026-07-04 04:11:33.611969   /opt/hostedtoolcache/Python/3.11.15/x64/lib/python3.11/site-packages
2026-07-04 04:11:42.835465 TC22 Add To Cart From Recommended Items                               | FAIL |
2026-07-04 04:11:42.870416 Setup failed:
2026-07-04 04:11:42.870436 No keyword with name 'Open Browser' found.
2026-07-04 04:11:42.870451 
2026-07-04 04:11:42.870465 Also teardown failed:
2026-07-04 04:11:42.870478 Several failures occurred:
2026-07-04 04:11:42.870491 
2026-07-04 04:11:42.870503 1) No keyword with name 'Register Keyword To Run On Failure' found.
2026-07-04 04:11:42.870524 
2026-07-04 04:11:42.870536 2) No keyword with name 'Close Browser' found. Did you mean:
2026-07-04 04:11:42.870548     common.Close Test Browser
2026-07-04 04:11:42.870559 ------------------------------------------------------------------------------
2026-07-04 04:11:42.870571 Suites.Cart.TC22 add from recommended items :: TC22 - Add To Cart ... | FAIL |
2026-07-04 04:11:42.871068 1 test, 0 passed, 1 failed
2026-07-04 04:11:42.871141 ==============================================================================
2026-07-04 04:11:42.871158 Suites.Cart                                                           | FAIL |
2026-07-04 04:11:42.871504 1 test, 0 passed, 1 failed
2026-07-04 04:11:42.871567 ==============================================================================
2026-07-04 04:11:42.871583 Suites                                                                | FAIL |
2026-07-04 04:11:42.871873 1 test, 0 passed, 1 failed
2026-07-04 04:11:42.871933 ==============================================================================
2026-07-04 04:11:42.871948 Output:  /home/runner/work/engg-robot-testing-framework/engg-robot-testing-framework/reports/pabot_results/9/output.xml
