2026-08-05 03:43:35.947338 ==============================================================================
2026-08-05 03:43:35.969613 Suites
2026-08-05 03:43:35.969633 ==============================================================================
2026-08-05 03:43:35.969647 Suites.Cart
2026-08-05 03:43:35.970531 ==============================================================================
2026-08-05 03:43:35.970550 Suites.Cart.TC17 remove products from cart :: TC17 - Remove Products From Cart
2026-08-05 03:43:35.970550 [ ERROR ] Error in file '/home/runner/work/engg-robot-testing-framework/engg-robot-testing-framework/resources/common.resource' on line 4: Importing library 'playwright_keyword_library.PlaywrightKeywordLibrary' failed: ModuleNotFoundError: No module named 'playwright_keyword_library'
2026-08-05 03:43:36.001679 ==============================================================================
2026-08-05 03:43:36.001679 Traceback (most recent call last):
2026-08-05 03:43:36.001703   None
2026-08-05 03:43:36.051809 PYTHONPATH:
2026-08-05 03:43:36.101906   /opt/hostedtoolcache/Python/3.11.15/x64/bin
2026-08-05 03:43:36.152008   /opt/hostedtoolcache/Python/3.11.15/x64/lib/python311.zip
2026-08-05 03:43:36.202109   /opt/hostedtoolcache/Python/3.11.15/x64/lib/python3.11
2026-08-05 03:43:36.252210   /opt/hostedtoolcache/Python/3.11.15/x64/lib/python3.11/lib-dynload
2026-08-05 03:43:36.302348   /opt/hostedtoolcache/Python/3.11.15/x64/lib/python3.11/site-packages
2026-08-05 03:43:36.352492 [ ERROR ] Error in file '/home/runner/work/engg-robot-testing-framework/engg-robot-testing-framework/resources/product_keywords.resource' on line 2: Importing library 'playwright_keyword_library.PlaywrightKeywordLibrary' failed: ModuleNotFoundError: No module named 'playwright_keyword_library'
2026-08-05 03:43:36.402646 Traceback (most recent call last):
2026-08-05 03:43:36.452798   None
2026-08-05 03:43:36.502951 PYTHONPATH:
2026-08-05 03:43:36.553107   /opt/hostedtoolcache/Python/3.11.15/x64/bin
2026-08-05 03:43:36.603253   /opt/hostedtoolcache/Python/3.11.15/x64/lib/python311.zip
2026-08-05 03:43:36.653391   /opt/hostedtoolcache/Python/3.11.15/x64/lib/python3.11
2026-08-05 03:43:36.703529   /opt/hostedtoolcache/Python/3.11.15/x64/lib/python3.11/lib-dynload
2026-08-05 03:43:36.753682   /opt/hostedtoolcache/Python/3.11.15/x64/lib/python3.11/site-packages
2026-08-05 03:43:36.803826 [ ERROR ] Error in file '/home/runner/work/engg-robot-testing-framework/engg-robot-testing-framework/resources/cart_keywords.resource' on line 2: Importing library 'playwright_keyword_library.PlaywrightKeywordLibrary' failed: ModuleNotFoundError: No module named 'playwright_keyword_library'
2026-08-05 03:43:36.853963 Traceback (most recent call last):
2026-08-05 03:43:36.904101   None
2026-08-05 03:43:36.954250 PYTHONPATH:
2026-08-05 03:43:37.004403   /opt/hostedtoolcache/Python/3.11.15/x64/bin
2026-08-05 03:43:37.054560   /opt/hostedtoolcache/Python/3.11.15/x64/lib/python311.zip
2026-08-05 03:43:37.104715   /opt/hostedtoolcache/Python/3.11.15/x64/lib/python3.11
2026-08-05 03:43:37.154868   /opt/hostedtoolcache/Python/3.11.15/x64/lib/python3.11/lib-dynload
2026-08-05 03:43:37.205026   /opt/hostedtoolcache/Python/3.11.15/x64/lib/python3.11/site-packages
2026-08-05 03:43:45.981278 TC17 Remove Products From Cart                                        | FAIL |
2026-08-05 03:43:46.013749 Setup failed:
2026-08-05 03:43:46.013782 No keyword with name 'Open Browser' found.
2026-08-05 03:43:46.013803 
2026-08-05 03:43:46.013841 Also teardown failed:
2026-08-05 03:43:46.013863 Several failures occurred:
2026-08-05 03:43:46.013879 
2026-08-05 03:43:46.013898 1) No keyword with name 'Register Keyword To Run On Failure' found.
2026-08-05 03:43:46.013939 
2026-08-05 03:43:46.013960 2) No keyword with name 'Close Browser' found. Did you mean:
2026-08-05 03:43:46.013981     common.Close Test Browser
2026-08-05 03:43:46.014001 ------------------------------------------------------------------------------
2026-08-05 03:43:46.014127 Suites.Cart.TC17 remove products from cart :: TC17 - Remove Produc... | FAIL |
2026-08-05 03:43:46.014499 1 test, 0 passed, 1 failed
2026-08-05 03:43:46.014512 ==============================================================================
2026-08-05 03:43:46.014523 Suites.Cart                                                           | FAIL |
2026-08-05 03:43:46.014899 1 test, 0 passed, 1 failed
2026-08-05 03:43:46.014963 ==============================================================================
2026-08-05 03:43:46.014976 Suites                                                                | FAIL |
2026-08-05 03:43:46.015294 1 test, 0 passed, 1 failed
2026-08-05 03:43:46.015379 ==============================================================================
2026-08-05 03:43:46.015392 Output:  /home/runner/work/engg-robot-testing-framework/engg-robot-testing-framework/reports/pabot_results/7/output.xml
