2026-09-17 05:08:15.406497 ==============================================================================
2026-09-17 05:08:15.424761 Suites
2026-09-17 05:08:15.424784 ==============================================================================
2026-09-17 05:08:15.424830 Suites.Cart
2026-09-17 05:08:15.425767 ==============================================================================
2026-09-17 05:08:15.425787 Suites.Cart.TC22 add from recommended items :: TC22 - Add To Cart From Reco...
2026-09-17 05:08:15.425787 [ ERROR ] Error in file '/home/runner/work/engg-robot-testing-framework/engg-robot-testing-framework/resources/common.resource' on line 4: Importing library 'playwright_keyword_library.PlaywrightKeywordLibrary' failed: ModuleNotFoundError: No module named 'playwright_keyword_library'
2026-09-17 05:08:15.449752 ==============================================================================
2026-09-17 05:08:15.449752 Traceback (most recent call last):
2026-09-17 05:08:15.449780   None
2026-09-17 05:08:15.499930 PYTHONPATH:
2026-09-17 05:08:15.550048   /opt/hostedtoolcache/Python/3.11.16/x64/bin
2026-09-17 05:08:15.600169   /opt/hostedtoolcache/Python/3.11.16/x64/lib/python311.zip
2026-09-17 05:08:15.650303   /opt/hostedtoolcache/Python/3.11.16/x64/lib/python3.11
2026-09-17 05:08:15.700421   /opt/hostedtoolcache/Python/3.11.16/x64/lib/python3.11/lib-dynload
2026-09-17 05:08:15.750582   /opt/hostedtoolcache/Python/3.11.16/x64/lib/python3.11/site-packages
2026-09-17 05:08:15.800654 [ ERROR ] Error in file '/home/runner/work/engg-robot-testing-framework/engg-robot-testing-framework/resources/cart_keywords.resource' on line 2: Importing library 'playwright_keyword_library.PlaywrightKeywordLibrary' failed: ModuleNotFoundError: No module named 'playwright_keyword_library'
2026-09-17 05:08:15.850816 Traceback (most recent call last):
2026-09-17 05:08:15.900972   None
2026-09-17 05:08:15.951148 PYTHONPATH:
2026-09-17 05:08:16.001310   /opt/hostedtoolcache/Python/3.11.16/x64/bin
2026-09-17 05:08:16.051486   /opt/hostedtoolcache/Python/3.11.16/x64/lib/python311.zip
2026-09-17 05:08:16.101647   /opt/hostedtoolcache/Python/3.11.16/x64/lib/python3.11
2026-09-17 05:08:16.151805   /opt/hostedtoolcache/Python/3.11.16/x64/lib/python3.11/lib-dynload
2026-09-17 05:08:16.201921   /opt/hostedtoolcache/Python/3.11.16/x64/lib/python3.11/site-packages
2026-09-17 05:08:25.425609 TC22 Add To Cart From Recommended Items                               | FAIL |
2026-09-17 05:08:25.460598 Setup failed:
2026-09-17 05:08:25.460613 No keyword with name 'Open Browser' found.
2026-09-17 05:08:25.460621 
2026-09-17 05:08:25.460628 Also teardown failed:
2026-09-17 05:08:25.460635 Several failures occurred:
2026-09-17 05:08:25.460641 
2026-09-17 05:08:25.460647 1) No keyword with name 'Register Keyword To Run On Failure' found.
2026-09-17 05:08:25.460684 
2026-09-17 05:08:25.460695 2) No keyword with name 'Close Browser' found. Did you mean:
2026-09-17 05:08:25.460702     common.Close Test Browser
2026-09-17 05:08:25.460708 ------------------------------------------------------------------------------
2026-09-17 05:08:25.460715 Suites.Cart.TC22 add from recommended items :: TC22 - Add To Cart ... | FAIL |
2026-09-17 05:08:25.461156 1 test, 0 passed, 1 failed
2026-09-17 05:08:25.461168 ==============================================================================
2026-09-17 05:08:25.461175 Suites.Cart                                                           | FAIL |
2026-09-17 05:08:25.461506 1 test, 0 passed, 1 failed
2026-09-17 05:08:25.461518 ==============================================================================
2026-09-17 05:08:25.461526 Suites                                                                | FAIL |
2026-09-17 05:08:25.461812 1 test, 0 passed, 1 failed
2026-09-17 05:08:25.461840 ==============================================================================
2026-09-17 05:08:25.461898 Output:  /home/runner/work/engg-robot-testing-framework/engg-robot-testing-framework/reports/pabot_results/9/output.xml
