2026-08-16 02:06:02.786990 ==============================================================================
2026-08-16 02:06:02.809675 Suites
2026-08-16 02:06:02.809697 ==============================================================================
2026-08-16 02:06:02.809712 Suites.Auth
2026-08-16 02:06:02.810547 ==============================================================================
2026-08-16 02:06:02.810568 Suites.Auth.TC05 register existing email
2026-08-16 02:06:02.810568 [ ERROR ] Error in file '/home/runner/work/engg-robot-testing-framework/engg-robot-testing-framework/tests/auth/TC05_register_existing_email.robot' on line 2: Importing library 'playwright_keyword_library.PlaywrightKeywordLibrary' failed: ModuleNotFoundError: No module named 'playwright_keyword_library'
2026-08-16 02:06:02.829607 ==============================================================================
2026-08-16 02:06:02.829607 Traceback (most recent call last):
2026-08-16 02:06:02.829633   None
2026-08-16 02:06:02.879765 PYTHONPATH:
2026-08-16 02:06:02.929872   /opt/hostedtoolcache/Python/3.11.15/x64/bin
2026-08-16 02:06:02.980053   /opt/hostedtoolcache/Python/3.11.15/x64/lib/python311.zip
2026-08-16 02:06:03.030177   /opt/hostedtoolcache/Python/3.11.15/x64/lib/python3.11
2026-08-16 02:06:03.080300   /opt/hostedtoolcache/Python/3.11.15/x64/lib/python3.11/lib-dynload
2026-08-16 02:06:03.130428   /opt/hostedtoolcache/Python/3.11.15/x64/lib/python3.11/site-packages
2026-08-16 02:06:03.180606 [ ERROR ] Error in file '/home/runner/work/engg-robot-testing-framework/engg-robot-testing-framework/resources/auth_keywords.resource' on line 2: Importing library 'playwright_keyword_library.PlaywrightKeywordLibrary' failed: ModuleNotFoundError: No module named 'playwright_keyword_library'
2026-08-16 02:06:03.230762 Traceback (most recent call last):
2026-08-16 02:06:03.280918   None
2026-08-16 02:06:03.331107 PYTHONPATH:
2026-08-16 02:06:03.381226   /opt/hostedtoolcache/Python/3.11.15/x64/bin
2026-08-16 02:06:03.431384   /opt/hostedtoolcache/Python/3.11.15/x64/lib/python311.zip
2026-08-16 02:06:03.481532   /opt/hostedtoolcache/Python/3.11.15/x64/lib/python3.11
2026-08-16 02:06:03.531697   /opt/hostedtoolcache/Python/3.11.15/x64/lib/python3.11/lib-dynload
2026-08-16 02:06:03.581860   /opt/hostedtoolcache/Python/3.11.15/x64/lib/python3.11/site-packages
2026-08-16 02:06:03.632020 [ ERROR ] Error in file '/home/runner/work/engg-robot-testing-framework/engg-robot-testing-framework/resources/common.resource' on line 4: Importing library 'playwright_keyword_library.PlaywrightKeywordLibrary' failed: ModuleNotFoundError: No module named 'playwright_keyword_library'
2026-08-16 02:06:03.682172 Traceback (most recent call last):
2026-08-16 02:06:03.732331   None
2026-08-16 02:06:03.782480 PYTHONPATH:
2026-08-16 02:06:03.832652   /opt/hostedtoolcache/Python/3.11.15/x64/bin
2026-08-16 02:06:03.882824   /opt/hostedtoolcache/Python/3.11.15/x64/lib/python311.zip
2026-08-16 02:06:03.932980   /opt/hostedtoolcache/Python/3.11.15/x64/lib/python3.11
2026-08-16 02:06:03.983129   /opt/hostedtoolcache/Python/3.11.15/x64/lib/python3.11/lib-dynload
2026-08-16 02:06:04.033300   /opt/hostedtoolcache/Python/3.11.15/x64/lib/python3.11/site-packages
2026-08-16 02:06:12.805053 TC05 Register User With Existing Email                                | FAIL |
2026-08-16 02:06:12.839693 Setup failed:
2026-08-16 02:06:12.839710 No keyword with name 'Open Browser' found.
2026-08-16 02:06:12.839720 
2026-08-16 02:06:12.839729 Also teardown failed:
2026-08-16 02:06:12.839738 Several failures occurred:
2026-08-16 02:06:12.839747 
2026-08-16 02:06:12.839756 1) No keyword with name 'Register Keyword To Run On Failure' found.
2026-08-16 02:06:12.839764 
2026-08-16 02:06:12.839772 2) No keyword with name 'Close Browser' found. Did you mean:
2026-08-16 02:06:12.839781     common.Close Test Browser
2026-08-16 02:06:12.839789 ------------------------------------------------------------------------------
2026-08-16 02:06:12.839797 Suites.Auth.TC05 register existing email                              | FAIL |
2026-08-16 02:06:12.840325 1 test, 0 passed, 1 failed
2026-08-16 02:06:12.840383 ==============================================================================
2026-08-16 02:06:12.840392 Suites.Auth                                                           | FAIL |
2026-08-16 02:06:12.840772 1 test, 0 passed, 1 failed
2026-08-16 02:06:12.840834 ==============================================================================
2026-08-16 02:06:12.840844 Suites                                                                | FAIL |
2026-08-16 02:06:12.841198 1 test, 0 passed, 1 failed
2026-08-16 02:06:12.841259 ==============================================================================
2026-08-16 02:06:12.841269 Output:  /home/runner/work/engg-robot-testing-framework/engg-robot-testing-framework/reports/pabot_results/4/output.xml
