2026-06-08 05:15:33.408189 ==============================================================================
2026-06-08 05:15:33.423799 Suites
2026-06-08 05:15:33.423827 ==============================================================================
2026-06-08 05:15:33.423893 Suites.Cart
2026-06-08 05:15:33.424663 ==============================================================================
2026-06-08 05:15:33.524902 Suites.Cart.TC20 search and verify cart after login :: TC20 - Search Produc...
2026-06-08 05:15:33.570564 ==============================================================================
2026-06-08 05:15:58.903116 TC20 Search Products And Verify Cart After Login                      | FAIL |
2026-06-08 05:15:58.913290 ElementClickInterceptedException: Message: element click intercepted: Element <a href="/products">...</a> is not clickable at point (926, 40). Other element would receive the click: <iframe id="aswift_1" name="aswift_1" style="min-height: auto !important; max-height: none !important; min-width: auto !important; max-width: none !important; width: 100vw !important; height: 100vh !important; inset: 0px auto auto 0px !important; position: absolute !important; clear: none !important; display: inline !important; float: none !important; margin: 0px !important; opacity: 1 !important; overflow: visible !important; padding: 0px !important; vertical-align: baseline !important; visibility: visible !important; z-index: auto !important;" sandbox="allow-forms allow-popups allow-popups-to-escape-sandbox allow-same-origin allow-scripts allow-top-navigation-by-user-activation" width="" height="" frameborder="0" marginwidth="0" marginheight="0" vspace="0" hspace="0" allowtransparency="true" scrolling="no" allow="attribution-reporting; run-ad-auction" src="https://googleads.g.doubleclick.net/pagead/html/r20260604/r20190131/zrt_lookup.html#RS-0-&amp;adk=1812271808&amp;client=ca-pub-1677597403311019&amp;fa=8&amp;ifi=2&amp;uci=a!2" data-google-container-id="a!2" tabindex="0" title="Advertisement" aria-label="Advertisement" data-google-query-id="CJ_kztDx9pQDFYaIAwEdfb8FXg" data-load-complete="true"></iframe>
2026-06-08 05:15:58.913319   (Session info: chrome=148.0.7778.178)
2026-06-08 05:15:58.913336     [ Message content over the limit has been removed. ]
2026-06-08 05:15:58.913350 #1 0x557dd83916b9 <unknown>
2026-06-08 05:15:58.913365 #2 0x557dd83ec57b <unknown>
2026-06-08 05:15:58.913378 #3 0x557dd83ea662 <unknown>
2026-06-08 05:15:58.913392 #4 0x557dd83e804c <unknown>
2026-06-08 05:15:58.913405 #5 0x557dd83e7147 <unknown>
2026-06-08 05:15:58.913417 #6 0x557dd83db142 <unknown>
2026-06-08 05:15:58.913429 #7 0x557dd83daa87 <unknown>
2026-06-08 05:15:58.913442 #8 0x557dd842dcbf <unknown>
2026-06-08 05:15:58.913454 #9 0x557dd83d9222 <unknown>
2026-06-08 05:15:58.913492 #10 0x557dd83da011 <unknown>
2026-06-08 05:15:58.913512 #11 0x557dd8959a0b <unknown>
2026-06-08 05:15:58.913526 #12 0x557dd895c92d <unknown>
2026-06-08 05:15:58.913539 #13 0x557dd8946948 <unknown>
2026-06-08 05:15:58.913551 #14 0x557dd895d4c0 <unknown>
2026-06-08 05:15:58.913565 #15 0x557dd892d560 <unknown>
2026-06-08 05:15:58.913578 #16 0x557dd8980dd8 <unknown>
2026-06-08 05:15:58.913589 #17 0x557dd8980f75 <unknown>
2026-06-08 05:15:58.913600 #18 0x557dd8992bce <unknown>
2026-06-08 05:15:58.913612 #19 0x7fa8ce09caa4 <unknown>
2026-06-08 05:15:58.913626 #20 0x7fa8ce129c6c <unknown>
2026-06-08 05:15:58.913637 ------------------------------------------------------------------------------
2026-06-08 05:15:58.913650 Suites.Cart.TC20 search and verify cart after login :: TC20 - Sear... | FAIL |
2026-06-08 05:15:58.914167 1 test, 0 passed, 1 failed
2026-06-08 05:15:58.914225 ==============================================================================
2026-06-08 05:15:58.914241 Suites.Cart                                                           | FAIL |
2026-06-08 05:15:58.914648 1 test, 0 passed, 1 failed
2026-06-08 05:15:58.914705 ==============================================================================
2026-06-08 05:15:58.914721 Suites                                                                | FAIL |
2026-06-08 05:15:58.915031 1 test, 0 passed, 1 failed
2026-06-08 05:15:58.915086 ==============================================================================
2026-06-08 05:15:58.915106 Output:  /home/runner/work/engg-robot-testing-framework/engg-robot-testing-framework/reports/pabot_results/8/output.xml
