2026-09-30 05:50:06.308553 ==============================================================================
2026-09-30 05:50:06.351685 Suites
2026-09-30 05:50:06.351710 ==============================================================================
2026-09-30 05:50:06.351733 Suites.Cart
2026-09-30 05:50:06.352600 ==============================================================================
2026-09-30 05:50:06.352617 Suites.Cart.TC22 add from recommended items :: TC22 - Add To Cart From Reco...
2026-09-30 05:50:06.352617 [ ERROR ] Error in file '/home/runner/work/engg-robot-testing-framework/engg-robot-testing-framework/resources/common.resource' on line 4: Importing library 'playwright_keyword_library.PlaywrightKeywordLibrary' failed: ModuleNotFoundError: No module named 'playwright_keyword_library'
2026-09-30 05:50:06.377324 ==============================================================================
2026-09-30 05:50:06.377324 Traceback (most recent call last):
2026-09-30 05:50:06.377353   None
2026-09-30 05:50:06.427547 PYTHONPATH:
2026-09-30 05:50:06.477682   /opt/hostedtoolcache/Python/3.11.16/x64/bin
2026-09-30 05:50:06.527849   /opt/hostedtoolcache/Python/3.11.16/x64/lib/python311.zip
2026-09-30 05:50:06.577989   /opt/hostedtoolcache/Python/3.11.16/x64/lib/python3.11
2026-09-30 05:50:06.628157   /opt/hostedtoolcache/Python/3.11.16/x64/lib/python3.11/lib-dynload
2026-09-30 05:50:06.678315   /opt/hostedtoolcache/Python/3.11.16/x64/lib/python3.11/site-packages
2026-09-30 05:50:06.728544 [ ERROR ] Error in file '/home/runner/work/engg-robot-testing-framework/engg-robot-testing-framework/resources/cart_keywords.resource' on line 2: Importing library 'playwright_keyword_library.PlaywrightKeywordLibrary' failed: ModuleNotFoundError: No module named 'playwright_keyword_library'
2026-09-30 05:50:06.778761 Traceback (most recent call last):
2026-09-30 05:50:06.828957   None
2026-09-30 05:50:06.879089 PYTHONPATH:
2026-09-30 05:50:06.929300   /opt/hostedtoolcache/Python/3.11.16/x64/bin
2026-09-30 05:50:06.979476   /opt/hostedtoolcache/Python/3.11.16/x64/lib/python311.zip
2026-09-30 05:50:07.029735   /opt/hostedtoolcache/Python/3.11.16/x64/lib/python3.11
2026-09-30 05:50:07.079921   /opt/hostedtoolcache/Python/3.11.16/x64/lib/python3.11/lib-dynload
2026-09-30 05:50:07.130106   /opt/hostedtoolcache/Python/3.11.16/x64/lib/python3.11/site-packages
2026-09-30 05:50:16.359713 TC22 Add To Cart From Recommended Items                               | FAIL |
2026-09-30 05:50:16.388131 Setup failed:
2026-09-30 05:50:16.388144 No keyword with name 'Open Browser' found.
2026-09-30 05:50:16.388153 
2026-09-30 05:50:16.388160 Also teardown failed:
2026-09-30 05:50:16.388168 Several failures occurred:
2026-09-30 05:50:16.388174 
2026-09-30 05:50:16.388181 1) No keyword with name 'Register Keyword To Run On Failure' found.
2026-09-30 05:50:16.388188 
2026-09-30 05:50:16.388195 2) No keyword with name 'Close Browser' found. Did you mean:
2026-09-30 05:50:16.388201     common.Close Test Browser
2026-09-30 05:50:16.388207 ------------------------------------------------------------------------------
2026-09-30 05:50:16.388214 Suites.Cart.TC22 add from recommended items :: TC22 - Add To Cart ... | FAIL |
2026-09-30 05:50:16.388921 1 test, 0 passed, 1 failed
2026-09-30 05:50:16.388935 ==============================================================================
2026-09-30 05:50:16.388967 Suites.Cart                                                           | FAIL |
2026-09-30 05:50:16.389407 1 test, 0 passed, 1 failed
2026-09-30 05:50:16.389491 ==============================================================================
2026-09-30 05:50:16.389509 Suites                                                                | FAIL |
2026-09-30 05:50:16.389949 1 test, 0 passed, 1 failed
2026-09-30 05:50:16.389960 ==============================================================================
2026-09-30 05:50:16.389967 Output:  /home/runner/work/engg-robot-testing-framework/engg-robot-testing-framework/reports/pabot_results/9/output.xml
