2026-08-10 02:41:42.295760 ==============================================================================
2026-08-10 02:41:42.339767 Suites
2026-08-10 02:41:42.339779 ==============================================================================
2026-08-10 02:41:42.339784 Suites.Cart
2026-08-10 02:41:42.340386 ==============================================================================
2026-08-10 02:41:42.340392 Suites.Cart.TC20 search and verify cart after login :: TC20 - Search Produc...
2026-08-10 02:41:42.340392 [ ERROR ] Error in file '/home/runner/work/engg-robot-testing-framework/engg-robot-testing-framework/tests/cart/TC20_search_and_verify_cart_after_login.robot' on line 3: Importing library 'playwright_keyword_library.PlaywrightKeywordLibrary' failed: ModuleNotFoundError: No module named 'playwright_keyword_library'
2026-08-10 02:41:42.368317 ==============================================================================
2026-08-10 02:41:42.368317 Traceback (most recent call last):
2026-08-10 02:41:42.368329   None
2026-08-10 02:41:42.418443 PYTHONPATH:
2026-08-10 02:41:42.468531   /opt/hostedtoolcache/Python/3.11.15/x64/bin
2026-08-10 02:41:42.518636   /opt/hostedtoolcache/Python/3.11.15/x64/lib/python311.zip
2026-08-10 02:41:42.568776   /opt/hostedtoolcache/Python/3.11.15/x64/lib/python3.11
2026-08-10 02:41:42.618889   /opt/hostedtoolcache/Python/3.11.15/x64/lib/python3.11/lib-dynload
2026-08-10 02:41:42.669019   /opt/hostedtoolcache/Python/3.11.15/x64/lib/python3.11/site-packages
2026-08-10 02:41:42.719130 [ ERROR ] Error in file '/home/runner/work/engg-robot-testing-framework/engg-robot-testing-framework/resources/common.resource' on line 4: Importing library 'playwright_keyword_library.PlaywrightKeywordLibrary' failed: ModuleNotFoundError: No module named 'playwright_keyword_library'
2026-08-10 02:41:42.769267 Traceback (most recent call last):
2026-08-10 02:41:42.819376   None
2026-08-10 02:41:42.869497 PYTHONPATH:
2026-08-10 02:41:42.919610   /opt/hostedtoolcache/Python/3.11.15/x64/bin
2026-08-10 02:41:42.969741   /opt/hostedtoolcache/Python/3.11.15/x64/lib/python311.zip
2026-08-10 02:41:43.019841   /opt/hostedtoolcache/Python/3.11.15/x64/lib/python3.11
2026-08-10 02:41:43.069955   /opt/hostedtoolcache/Python/3.11.15/x64/lib/python3.11/lib-dynload
2026-08-10 02:41:43.120023   /opt/hostedtoolcache/Python/3.11.15/x64/lib/python3.11/site-packages
2026-08-10 02:41:43.170143 [ ERROR ] Error in file '/home/runner/work/engg-robot-testing-framework/engg-robot-testing-framework/resources/product_keywords.resource' on line 2: Importing library 'playwright_keyword_library.PlaywrightKeywordLibrary' failed: ModuleNotFoundError: No module named 'playwright_keyword_library'
2026-08-10 02:41:43.220262 Traceback (most recent call last):
2026-08-10 02:41:43.270352   None
2026-08-10 02:41:43.320464 PYTHONPATH:
2026-08-10 02:41:43.370578   /opt/hostedtoolcache/Python/3.11.15/x64/bin
2026-08-10 02:41:43.420695   /opt/hostedtoolcache/Python/3.11.15/x64/lib/python311.zip
2026-08-10 02:41:43.470816   /opt/hostedtoolcache/Python/3.11.15/x64/lib/python3.11
2026-08-10 02:41:43.520953   /opt/hostedtoolcache/Python/3.11.15/x64/lib/python3.11/lib-dynload
2026-08-10 02:41:43.571107   /opt/hostedtoolcache/Python/3.11.15/x64/lib/python3.11/site-packages
2026-08-10 02:41:43.621271 [ ERROR ] Error in file '/home/runner/work/engg-robot-testing-framework/engg-robot-testing-framework/resources/cart_keywords.resource' on line 2: Importing library 'playwright_keyword_library.PlaywrightKeywordLibrary' failed: ModuleNotFoundError: No module named 'playwright_keyword_library'
2026-08-10 02:41:43.671422 Traceback (most recent call last):
2026-08-10 02:41:43.721580   None
2026-08-10 02:41:43.771714 PYTHONPATH:
2026-08-10 02:41:43.821866   /opt/hostedtoolcache/Python/3.11.15/x64/bin
2026-08-10 02:41:43.871986   /opt/hostedtoolcache/Python/3.11.15/x64/lib/python311.zip
2026-08-10 02:41:43.922102   /opt/hostedtoolcache/Python/3.11.15/x64/lib/python3.11
2026-08-10 02:41:43.972243   /opt/hostedtoolcache/Python/3.11.15/x64/lib/python3.11/lib-dynload
2026-08-10 02:41:44.022348   /opt/hostedtoolcache/Python/3.11.15/x64/lib/python3.11/site-packages
2026-08-10 02:41:44.072466 [ ERROR ] Error in file '/home/runner/work/engg-robot-testing-framework/engg-robot-testing-framework/resources/auth_keywords.resource' on line 2: Importing library 'playwright_keyword_library.PlaywrightKeywordLibrary' failed: ModuleNotFoundError: No module named 'playwright_keyword_library'
2026-08-10 02:41:44.122574 Traceback (most recent call last):
2026-08-10 02:41:44.172717   None
2026-08-10 02:41:44.222841 PYTHONPATH:
2026-08-10 02:41:44.272961   /opt/hostedtoolcache/Python/3.11.15/x64/bin
2026-08-10 02:41:44.323084   /opt/hostedtoolcache/Python/3.11.15/x64/lib/python311.zip
2026-08-10 02:41:44.373358   /opt/hostedtoolcache/Python/3.11.15/x64/lib/python3.11
2026-08-10 02:41:44.423485   /opt/hostedtoolcache/Python/3.11.15/x64/lib/python3.11/lib-dynload
2026-08-10 02:41:44.473588   /opt/hostedtoolcache/Python/3.11.15/x64/lib/python3.11/site-packages
2026-08-10 02:41:52.339663 TC20 Search Products And Verify Cart After Login                      | FAIL |
2026-08-10 02:41:52.377991 Setup failed:
2026-08-10 02:41:52.378007 No keyword with name 'Open Browser' found.
2026-08-10 02:41:52.378013 
2026-08-10 02:41:52.378018 Also teardown failed:
2026-08-10 02:41:52.378023 Several failures occurred:
2026-08-10 02:41:52.378028 
2026-08-10 02:41:52.378032 1) No keyword with name 'Register Keyword To Run On Failure' found.
2026-08-10 02:41:52.378038 
2026-08-10 02:41:52.378042 2) No keyword with name 'Close Browser' found. Did you mean:
2026-08-10 02:41:52.378047     common.Close Test Browser
2026-08-10 02:41:52.378052 ------------------------------------------------------------------------------
2026-08-10 02:41:52.378056 Suites.Cart.TC20 search and verify cart after login :: TC20 - Sear... | FAIL |
2026-08-10 02:41:52.378399 1 test, 0 passed, 1 failed
2026-08-10 02:41:52.378439 ==============================================================================
2026-08-10 02:41:52.378444 Suites.Cart                                                           | FAIL |
2026-08-10 02:41:52.378737 1 test, 0 passed, 1 failed
2026-08-10 02:41:52.378778 ==============================================================================
2026-08-10 02:41:52.378783 Suites                                                                | FAIL |
2026-08-10 02:41:52.379045 1 test, 0 passed, 1 failed
2026-08-10 02:41:52.379090 ==============================================================================
2026-08-10 02:41:52.379095 Output:  /home/runner/work/engg-robot-testing-framework/engg-robot-testing-framework/reports/pabot_results/8/output.xml
