2026-08-12 03:05:14.003647 ==============================================================================
2026-08-12 03:05:14.029287 Suites
2026-08-12 03:05:14.029306 ==============================================================================
2026-08-12 03:05:14.029318 Suites.Cart
2026-08-12 03:05:14.030229 ==============================================================================
2026-08-12 03:05:14.030246 Suites.Cart.TC22 add from recommended items :: TC22 - Add To Cart From Reco...
2026-08-12 03:05:14.030246 [ ERROR ] Error in file '/home/runner/work/engg-robot-testing-framework/engg-robot-testing-framework/resources/common.resource' on line 4: Importing library 'playwright_keyword_library.PlaywrightKeywordLibrary' failed: ModuleNotFoundError: No module named 'playwright_keyword_library'
2026-08-12 03:05:14.055552 ==============================================================================
2026-08-12 03:05:14.055552 Traceback (most recent call last):
2026-08-12 03:05:14.055580   None
2026-08-12 03:05:14.105748 PYTHONPATH:
2026-08-12 03:05:14.155889   /opt/hostedtoolcache/Python/3.11.15/x64/bin
2026-08-12 03:05:14.206036   /opt/hostedtoolcache/Python/3.11.15/x64/lib/python311.zip
2026-08-12 03:05:14.256169   /opt/hostedtoolcache/Python/3.11.15/x64/lib/python3.11
2026-08-12 03:05:14.306324   /opt/hostedtoolcache/Python/3.11.15/x64/lib/python3.11/lib-dynload
2026-08-12 03:05:14.356516   /opt/hostedtoolcache/Python/3.11.15/x64/lib/python3.11/site-packages
2026-08-12 03:05:14.406669 [ ERROR ] Error in file '/home/runner/work/engg-robot-testing-framework/engg-robot-testing-framework/resources/cart_keywords.resource' on line 2: Importing library 'playwright_keyword_library.PlaywrightKeywordLibrary' failed: ModuleNotFoundError: No module named 'playwright_keyword_library'
2026-08-12 03:05:14.456847 Traceback (most recent call last):
2026-08-12 03:05:14.507011   None
2026-08-12 03:05:14.557184 PYTHONPATH:
2026-08-12 03:05:14.607348   /opt/hostedtoolcache/Python/3.11.15/x64/bin
2026-08-12 03:05:14.657539   /opt/hostedtoolcache/Python/3.11.15/x64/lib/python311.zip
2026-08-12 03:05:14.707702   /opt/hostedtoolcache/Python/3.11.15/x64/lib/python3.11
2026-08-12 03:05:14.757894   /opt/hostedtoolcache/Python/3.11.15/x64/lib/python3.11/lib-dynload
2026-08-12 03:05:14.808065   /opt/hostedtoolcache/Python/3.11.15/x64/lib/python3.11/site-packages
2026-08-12 03:05:24.037083 TC22 Add To Cart From Recommended Items                               | FAIL |
2026-08-12 03:05:24.066786 Setup failed:
2026-08-12 03:05:24.066802 No keyword with name 'Open Browser' found.
2026-08-12 03:05:24.066812 
2026-08-12 03:05:24.066821 Also teardown failed:
2026-08-12 03:05:24.066830 Several failures occurred:
2026-08-12 03:05:24.066839 
2026-08-12 03:05:24.066847 1) No keyword with name 'Register Keyword To Run On Failure' found.
2026-08-12 03:05:24.066856 
2026-08-12 03:05:24.066864 2) No keyword with name 'Close Browser' found. Did you mean:
2026-08-12 03:05:24.066873     common.Close Test Browser
2026-08-12 03:05:24.066881 ------------------------------------------------------------------------------
2026-08-12 03:05:24.066889 Suites.Cart.TC22 add from recommended items :: TC22 - Add To Cart ... | FAIL |
2026-08-12 03:05:24.067533 1 test, 0 passed, 1 failed
2026-08-12 03:05:24.067545 ==============================================================================
2026-08-12 03:05:24.067553 Suites.Cart                                                           | FAIL |
2026-08-12 03:05:24.067906 1 test, 0 passed, 1 failed
2026-08-12 03:05:24.067964 ==============================================================================
2026-08-12 03:05:24.067972 Suites                                                                | FAIL |
2026-08-12 03:05:24.068325 1 test, 0 passed, 1 failed
2026-08-12 03:05:24.068381 ==============================================================================
2026-08-12 03:05:24.068389 Output:  /home/runner/work/engg-robot-testing-framework/engg-robot-testing-framework/reports/pabot_results/9/output.xml
