2026-08-11 02:35:29.801050 ==============================================================================
2026-08-11 02:35:29.823824 Suites
2026-08-11 02:35:29.823841 ==============================================================================
2026-08-11 02:35:29.823855 Suites.Cart
2026-08-11 02:35:29.824646 ==============================================================================
2026-08-11 02:35:29.824662 Suites.Cart.TC13 verify product quantity :: TC13 - Verify Product Quantity ...
2026-08-11 02:35:29.824662 [ ERROR ] Error in file '/home/runner/work/engg-robot-testing-framework/engg-robot-testing-framework/resources/common.resource' on line 4: Importing library 'playwright_keyword_library.PlaywrightKeywordLibrary' failed: ModuleNotFoundError: No module named 'playwright_keyword_library'
2026-08-11 02:35:29.851871 ==============================================================================
2026-08-11 02:35:29.851871 Traceback (most recent call last):
2026-08-11 02:35:29.851891   None
2026-08-11 02:35:29.901982 PYTHONPATH:
2026-08-11 02:35:29.952067   /opt/hostedtoolcache/Python/3.11.15/x64/bin
2026-08-11 02:35:30.002197   /opt/hostedtoolcache/Python/3.11.15/x64/lib/python311.zip
2026-08-11 02:35:30.052307   /opt/hostedtoolcache/Python/3.11.15/x64/lib/python3.11
2026-08-11 02:35:30.102416   /opt/hostedtoolcache/Python/3.11.15/x64/lib/python3.11/lib-dynload
2026-08-11 02:35:30.152555   /opt/hostedtoolcache/Python/3.11.15/x64/lib/python3.11/site-packages
2026-08-11 02:35:30.202686 [ ERROR ] Error in file '/home/runner/work/engg-robot-testing-framework/engg-robot-testing-framework/resources/product_keywords.resource' on line 2: Importing library 'playwright_keyword_library.PlaywrightKeywordLibrary' failed: ModuleNotFoundError: No module named 'playwright_keyword_library'
2026-08-11 02:35:30.252795 Traceback (most recent call last):
2026-08-11 02:35:30.302936   None
2026-08-11 02:35:30.353030 PYTHONPATH:
2026-08-11 02:35:30.403161   /opt/hostedtoolcache/Python/3.11.15/x64/bin
2026-08-11 02:35:30.453296   /opt/hostedtoolcache/Python/3.11.15/x64/lib/python311.zip
2026-08-11 02:35:30.503430   /opt/hostedtoolcache/Python/3.11.15/x64/lib/python3.11
2026-08-11 02:35:30.553549   /opt/hostedtoolcache/Python/3.11.15/x64/lib/python3.11/lib-dynload
2026-08-11 02:35:30.603680   /opt/hostedtoolcache/Python/3.11.15/x64/lib/python3.11/site-packages
2026-08-11 02:35:30.653773 [ ERROR ] Error in file '/home/runner/work/engg-robot-testing-framework/engg-robot-testing-framework/resources/cart_keywords.resource' on line 2: Importing library 'playwright_keyword_library.PlaywrightKeywordLibrary' failed: ModuleNotFoundError: No module named 'playwright_keyword_library'
2026-08-11 02:35:30.703857 Traceback (most recent call last):
2026-08-11 02:35:30.753996   None
2026-08-11 02:35:30.804249 PYTHONPATH:
2026-08-11 02:35:30.854425   /opt/hostedtoolcache/Python/3.11.15/x64/bin
2026-08-11 02:35:30.904693   /opt/hostedtoolcache/Python/3.11.15/x64/lib/python311.zip
2026-08-11 02:35:30.954845   /opt/hostedtoolcache/Python/3.11.15/x64/lib/python3.11
2026-08-11 02:35:31.005091   /opt/hostedtoolcache/Python/3.11.15/x64/lib/python3.11/lib-dynload
2026-08-11 02:35:31.055282   /opt/hostedtoolcache/Python/3.11.15/x64/lib/python3.11/site-packages
2026-08-11 02:35:39.829007 TC13 Verify Product Quantity In Cart                                  | FAIL |
2026-08-11 02:35:39.863413 Setup failed:
2026-08-11 02:35:39.863431 No keyword with name 'Open Browser' found.
2026-08-11 02:35:39.863447 
2026-08-11 02:35:39.863463 Also teardown failed:
2026-08-11 02:35:39.863529 Several failures occurred:
2026-08-11 02:35:39.863543 
2026-08-11 02:35:39.863553 1) No keyword with name 'Register Keyword To Run On Failure' found.
2026-08-11 02:35:39.863608 
2026-08-11 02:35:39.863618 2) No keyword with name 'Close Browser' found. Did you mean:
2026-08-11 02:35:39.863625     common.Close Test Browser
2026-08-11 02:35:39.863631 ------------------------------------------------------------------------------
2026-08-11 02:35:39.863638 Suites.Cart.TC13 verify product quantity :: TC13 - Verify Product ... | FAIL |
2026-08-11 02:35:39.864222 1 test, 0 passed, 1 failed
2026-08-11 02:35:39.864260 ==============================================================================
2026-08-11 02:35:39.864267 Suites.Cart                                                           | FAIL |
2026-08-11 02:35:39.864733 1 test, 0 passed, 1 failed
2026-08-11 02:35:39.864767 ==============================================================================
2026-08-11 02:35:39.864774 Suites                                                                | FAIL |
2026-08-11 02:35:39.865096 1 test, 0 passed, 1 failed
2026-08-11 02:35:39.865127 ==============================================================================
2026-08-11 02:35:39.865133 Output:  /home/runner/work/engg-robot-testing-framework/engg-robot-testing-framework/reports/pabot_results/6/output.xml
