2026-08-04 03:49:25.310717 ==============================================================================
2026-08-04 03:49:25.318785 Suites
2026-08-04 03:49:25.318796 ==============================================================================
2026-08-04 03:49:25.318802 Suites.Cart
2026-08-04 03:49:25.319267 ==============================================================================
2026-08-04 03:49:25.319275 Suites.Cart.TC22 add from recommended items :: TC22 - Add To Cart From Reco...
2026-08-04 03:49:25.319275 [ ERROR ] Error in file '/home/runner/work/engg-robot-testing-framework/engg-robot-testing-framework/resources/common.resource' on line 4: Importing library 'playwright_keyword_library.PlaywrightKeywordLibrary' failed: ModuleNotFoundError: No module named 'playwright_keyword_library'
2026-08-04 03:49:25.333334 ==============================================================================
2026-08-04 03:49:25.333334 Traceback (most recent call last):
2026-08-04 03:49:25.333346   None
2026-08-04 03:49:25.383464 PYTHONPATH:
2026-08-04 03:49:25.433573   /opt/hostedtoolcache/Python/3.11.15/x64/bin
2026-08-04 03:49:25.483674   /opt/hostedtoolcache/Python/3.11.15/x64/lib/python311.zip
2026-08-04 03:49:25.533787   /opt/hostedtoolcache/Python/3.11.15/x64/lib/python3.11
2026-08-04 03:49:25.583910   /opt/hostedtoolcache/Python/3.11.15/x64/lib/python3.11/lib-dynload
2026-08-04 03:49:25.634021   /opt/hostedtoolcache/Python/3.11.15/x64/lib/python3.11/site-packages
2026-08-04 03:49:25.684174 [ ERROR ] Error in file '/home/runner/work/engg-robot-testing-framework/engg-robot-testing-framework/resources/cart_keywords.resource' on line 2: Importing library 'playwright_keyword_library.PlaywrightKeywordLibrary' failed: ModuleNotFoundError: No module named 'playwright_keyword_library'
2026-08-04 03:49:25.734310 Traceback (most recent call last):
2026-08-04 03:49:25.784406   None
2026-08-04 03:49:25.834530 PYTHONPATH:
2026-08-04 03:49:25.884663   /opt/hostedtoolcache/Python/3.11.15/x64/bin
2026-08-04 03:49:25.934777   /opt/hostedtoolcache/Python/3.11.15/x64/lib/python311.zip
2026-08-04 03:49:25.984884   /opt/hostedtoolcache/Python/3.11.15/x64/lib/python3.11
2026-08-04 03:49:26.034983   /opt/hostedtoolcache/Python/3.11.15/x64/lib/python3.11/lib-dynload
2026-08-04 03:49:26.085069   /opt/hostedtoolcache/Python/3.11.15/x64/lib/python3.11/site-packages
2026-08-04 03:49:35.300786 TC22 Add To Cart From Recommended Items                               | FAIL |
2026-08-04 03:49:35.340527 Setup failed:
2026-08-04 03:49:35.340536 No keyword with name 'Open Browser' found.
2026-08-04 03:49:35.340540 
2026-08-04 03:49:35.340544 Also teardown failed:
2026-08-04 03:49:35.340548 Several failures occurred:
2026-08-04 03:49:35.340552 
2026-08-04 03:49:35.340556 1) No keyword with name 'Register Keyword To Run On Failure' found.
2026-08-04 03:49:35.340560 
2026-08-04 03:49:35.340564 2) No keyword with name 'Close Browser' found. Did you mean:
2026-08-04 03:49:35.340568     common.Close Test Browser
2026-08-04 03:49:35.340571 ------------------------------------------------------------------------------
2026-08-04 03:49:35.340575 Suites.Cart.TC22 add from recommended items :: TC22 - Add To Cart ... | FAIL |
2026-08-04 03:49:35.341034 1 test, 0 passed, 1 failed
2026-08-04 03:49:35.341038 ==============================================================================
2026-08-04 03:49:35.341042 Suites.Cart                                                           | FAIL |
2026-08-04 03:49:35.341307 1 test, 0 passed, 1 failed
2026-08-04 03:49:35.341312 ==============================================================================
2026-08-04 03:49:35.341371 Suites                                                                | FAIL |
2026-08-04 03:49:35.341566 1 test, 0 passed, 1 failed
2026-08-04 03:49:35.341570 ==============================================================================
2026-08-04 03:49:35.341573 Output:  /home/runner/work/engg-robot-testing-framework/engg-robot-testing-framework/reports/pabot_results/9/output.xml
