2026-06-17 05:24:43.472084 ==============================================================================
2026-06-17 05:24:43.520567 Suites
2026-06-17 05:24:43.520577 ==============================================================================
2026-06-17 05:24:43.520583 Suites.Auth
2026-06-17 05:24:43.521280 ==============================================================================
2026-06-17 05:24:43.621470 Suites.Auth.TC05 register existing email
2026-06-17 05:24:43.625455 ==============================================================================
2026-06-17 05:24:54.205186 TC05 Register User With Existing Email                                | FAIL |
2026-06-17 05:24:54.220628 Setup failed:
2026-06-17 05:24:54.220641 Title should have been 'Automation Exercise' but was 'One moment, please...'.
2026-06-17 05:24:54.220648 ------------------------------------------------------------------------------
2026-06-17 05:24:54.220655 Suites.Auth.TC05 register existing email                              | FAIL |
2026-06-17 05:24:54.221203 1 test, 0 passed, 1 failed
2026-06-17 05:24:54.221231 ==============================================================================
2026-06-17 05:24:54.221237 Suites.Auth                                                           | FAIL |
2026-06-17 05:24:54.221549 1 test, 0 passed, 1 failed
2026-06-17 05:24:54.221590 ==============================================================================
2026-06-17 05:24:54.221596 Suites                                                                | FAIL |
2026-06-17 05:24:54.221842 1 test, 0 passed, 1 failed
2026-06-17 05:24:54.221884 ==============================================================================
2026-06-17 05:24:54.221890 Output:  /home/runner/work/engg-robot-testing-framework/engg-robot-testing-framework/reports/pabot_results/4/output.xml
