2026-07-07 04:33:09.757698 ==============================================================================
2026-07-07 04:33:09.774307 Suites
2026-07-07 04:33:09.774324 ==============================================================================
2026-07-07 04:33:09.774337 Suites.Cart
2026-07-07 04:33:09.775119 ==============================================================================
2026-07-07 04:33:09.775135 Suites.Cart.TC13 verify product quantity :: TC13 - Verify Product Quantity ...
2026-07-07 04:33:09.775135 [ ERROR ] Error in file '/home/runner/work/engg-robot-testing-framework/engg-robot-testing-framework/resources/common.resource' on line 4: Importing library 'playwright_keyword_library.PlaywrightKeywordLibrary' failed: ModuleNotFoundError: No module named 'playwright_keyword_library'
2026-07-07 04:33:09.802676 ==============================================================================
2026-07-07 04:33:09.802676 Traceback (most recent call last):
2026-07-07 04:33:09.802697   None
2026-07-07 04:33:09.852791 PYTHONPATH:
2026-07-07 04:33:09.902882   /opt/hostedtoolcache/Python/3.11.15/x64/bin
2026-07-07 04:33:09.953015   /opt/hostedtoolcache/Python/3.11.15/x64/lib/python311.zip
2026-07-07 04:33:10.003101   /opt/hostedtoolcache/Python/3.11.15/x64/lib/python3.11
2026-07-07 04:33:10.053234   /opt/hostedtoolcache/Python/3.11.15/x64/lib/python3.11/lib-dynload
2026-07-07 04:33:10.103321   /opt/hostedtoolcache/Python/3.11.15/x64/lib/python3.11/site-packages
2026-07-07 04:33:10.153454 [ ERROR ] Error in file '/home/runner/work/engg-robot-testing-framework/engg-robot-testing-framework/resources/product_keywords.resource' on line 2: Importing library 'playwright_keyword_library.PlaywrightKeywordLibrary' failed: ModuleNotFoundError: No module named 'playwright_keyword_library'
2026-07-07 04:33:10.203540 Traceback (most recent call last):
2026-07-07 04:33:10.253675   None
2026-07-07 04:33:10.303762 PYTHONPATH:
2026-07-07 04:33:10.353894   /opt/hostedtoolcache/Python/3.11.15/x64/bin
2026-07-07 04:33:10.403979   /opt/hostedtoolcache/Python/3.11.15/x64/lib/python311.zip
2026-07-07 04:33:10.454112   /opt/hostedtoolcache/Python/3.11.15/x64/lib/python3.11
2026-07-07 04:33:10.504198   /opt/hostedtoolcache/Python/3.11.15/x64/lib/python3.11/lib-dynload
2026-07-07 04:33:10.554331   /opt/hostedtoolcache/Python/3.11.15/x64/lib/python3.11/site-packages
2026-07-07 04:33:10.604454 [ ERROR ] Error in file '/home/runner/work/engg-robot-testing-framework/engg-robot-testing-framework/resources/cart_keywords.resource' on line 2: Importing library 'playwright_keyword_library.PlaywrightKeywordLibrary' failed: ModuleNotFoundError: No module named 'playwright_keyword_library'
2026-07-07 04:33:10.654593 Traceback (most recent call last):
2026-07-07 04:33:10.704707   None
2026-07-07 04:33:10.754844 PYTHONPATH:
2026-07-07 04:33:10.804984   /opt/hostedtoolcache/Python/3.11.15/x64/bin
2026-07-07 04:33:10.855122   /opt/hostedtoolcache/Python/3.11.15/x64/lib/python311.zip
2026-07-07 04:33:10.905231   /opt/hostedtoolcache/Python/3.11.15/x64/lib/python3.11
2026-07-07 04:33:10.955342   /opt/hostedtoolcache/Python/3.11.15/x64/lib/python3.11/lib-dynload
2026-07-07 04:33:11.005511   /opt/hostedtoolcache/Python/3.11.15/x64/lib/python3.11/site-packages
2026-07-07 04:33:19.778906 TC13 Verify Product Quantity In Cart                                  | FAIL |
2026-07-07 04:33:19.813325 Setup failed:
2026-07-07 04:33:19.813337 No keyword with name 'Open Browser' found.
2026-07-07 04:33:19.813347 
2026-07-07 04:33:19.813357 Also teardown failed:
2026-07-07 04:33:19.813368 Several failures occurred:
2026-07-07 04:33:19.813378 
2026-07-07 04:33:19.813388 1) No keyword with name 'Register Keyword To Run On Failure' found.
2026-07-07 04:33:19.813416 
2026-07-07 04:33:19.813430 2) No keyword with name 'Close Browser' found. Did you mean:
2026-07-07 04:33:19.813441     common.Close Test Browser
2026-07-07 04:33:19.813452 ------------------------------------------------------------------------------
2026-07-07 04:33:19.813462 Suites.Cart.TC13 verify product quantity :: TC13 - Verify Product ... | FAIL |
2026-07-07 04:33:19.814054 1 test, 0 passed, 1 failed
2026-07-07 04:33:19.814111 ==============================================================================
2026-07-07 04:33:19.814123 Suites.Cart                                                           | FAIL |
2026-07-07 04:33:19.814436 1 test, 0 passed, 1 failed
2026-07-07 04:33:19.814490 ==============================================================================
2026-07-07 04:33:19.814503 Suites                                                                | FAIL |
2026-07-07 04:33:19.814766 1 test, 0 passed, 1 failed
2026-07-07 04:33:19.814817 ==============================================================================
2026-07-07 04:33:19.814829 Output:  /home/runner/work/engg-robot-testing-framework/engg-robot-testing-framework/reports/pabot_results/6/output.xml
