2026-07-28 03:46:20.803168 ==============================================================================
2026-07-28 03:46:20.817014 Suites
2026-07-28 03:46:20.817039 ==============================================================================
2026-07-28 03:46:20.817058 Suites.Auth
2026-07-28 03:46:20.817871 ==============================================================================
2026-07-28 03:46:20.817893 Suites.Auth.TC02 login valid
2026-07-28 03:46:20.817893 [ ERROR ] Error in file '/home/runner/work/engg-robot-testing-framework/engg-robot-testing-framework/tests/auth/TC02_login_valid.robot' on line 2: Importing library 'playwright_keyword_library.PlaywrightKeywordLibrary' failed: ModuleNotFoundError: No module named 'playwright_keyword_library'
2026-07-28 03:46:20.836715 ==============================================================================
2026-07-28 03:46:20.836715 Traceback (most recent call last):
2026-07-28 03:46:20.836744   None
2026-07-28 03:46:20.886868 PYTHONPATH:
2026-07-28 03:46:20.936998   /opt/hostedtoolcache/Python/3.11.15/x64/bin
2026-07-28 03:46:20.987114   /opt/hostedtoolcache/Python/3.11.15/x64/lib/python311.zip
2026-07-28 03:46:21.037223   /opt/hostedtoolcache/Python/3.11.15/x64/lib/python3.11
2026-07-28 03:46:21.087339   /opt/hostedtoolcache/Python/3.11.15/x64/lib/python3.11/lib-dynload
2026-07-28 03:46:21.137497   /opt/hostedtoolcache/Python/3.11.15/x64/lib/python3.11/site-packages
2026-07-28 03:46:21.187662 [ ERROR ] Error in file '/home/runner/work/engg-robot-testing-framework/engg-robot-testing-framework/resources/auth_keywords.resource' on line 2: Importing library 'playwright_keyword_library.PlaywrightKeywordLibrary' failed: ModuleNotFoundError: No module named 'playwright_keyword_library'
2026-07-28 03:46:21.237814 Traceback (most recent call last):
2026-07-28 03:46:21.287977   None
2026-07-28 03:46:21.338087 PYTHONPATH:
2026-07-28 03:46:21.388241   /opt/hostedtoolcache/Python/3.11.15/x64/bin
2026-07-28 03:46:21.438395   /opt/hostedtoolcache/Python/3.11.15/x64/lib/python311.zip
2026-07-28 03:46:21.488556   /opt/hostedtoolcache/Python/3.11.15/x64/lib/python3.11
2026-07-28 03:46:21.538706   /opt/hostedtoolcache/Python/3.11.15/x64/lib/python3.11/lib-dynload
2026-07-28 03:46:21.588849   /opt/hostedtoolcache/Python/3.11.15/x64/lib/python3.11/site-packages
2026-07-28 03:46:21.639000 [ ERROR ] Error in file '/home/runner/work/engg-robot-testing-framework/engg-robot-testing-framework/resources/common.resource' on line 4: Importing library 'playwright_keyword_library.PlaywrightKeywordLibrary' failed: ModuleNotFoundError: No module named 'playwright_keyword_library'
2026-07-28 03:46:21.689153 Traceback (most recent call last):
2026-07-28 03:46:21.739295   None
2026-07-28 03:46:21.789447 PYTHONPATH:
2026-07-28 03:46:21.839603   /opt/hostedtoolcache/Python/3.11.15/x64/bin
2026-07-28 03:46:21.889756   /opt/hostedtoolcache/Python/3.11.15/x64/lib/python311.zip
2026-07-28 03:46:21.939908   /opt/hostedtoolcache/Python/3.11.15/x64/lib/python3.11
2026-07-28 03:46:21.990052   /opt/hostedtoolcache/Python/3.11.15/x64/lib/python3.11/lib-dynload
2026-07-28 03:46:22.040212   /opt/hostedtoolcache/Python/3.11.15/x64/lib/python3.11/site-packages
2026-07-28 03:46:30.812502 TC02 Login User With Correct Email And Password                       | FAIL |
2026-07-28 03:46:30.846258 Setup failed:
2026-07-28 03:46:30.846278 No keyword with name 'Open Browser' found.
2026-07-28 03:46:30.846293 
2026-07-28 03:46:30.846307 Also teardown failed:
2026-07-28 03:46:30.846320 Several failures occurred:
2026-07-28 03:46:30.846333 
2026-07-28 03:46:30.846346 1) No keyword with name 'Register Keyword To Run On Failure' found.
2026-07-28 03:46:30.846360 
2026-07-28 03:46:30.846371 2) No keyword with name 'Close Browser' found. Did you mean:
2026-07-28 03:46:30.846381     common.Close Test Browser
2026-07-28 03:46:30.846394 ------------------------------------------------------------------------------
2026-07-28 03:46:30.846405 Suites.Auth.TC02 login valid                                          | FAIL |
2026-07-28 03:46:30.846942 1 test, 0 passed, 1 failed
2026-07-28 03:46:30.847013 ==============================================================================
2026-07-28 03:46:30.847030 Suites.Auth                                                           | FAIL |
2026-07-28 03:46:30.847355 1 test, 0 passed, 1 failed
2026-07-28 03:46:30.847489 ==============================================================================
2026-07-28 03:46:30.847505 Suites                                                                | FAIL |
2026-07-28 03:46:30.847828 1 test, 0 passed, 1 failed
2026-07-28 03:46:30.847910 ==============================================================================
2026-07-28 03:46:30.847926 Output:  /home/runner/work/engg-robot-testing-framework/engg-robot-testing-framework/reports/pabot_results/1/output.xml
