2026-07-18 03:41:11.368342 ==============================================================================
2026-07-18 03:41:11.379972 Suites
2026-07-18 03:41:11.379992 ==============================================================================
2026-07-18 03:41:11.380006 Suites.Auth
2026-07-18 03:41:11.380742 ==============================================================================
2026-07-18 03:41:11.380765 Suites.Auth.TC02 login valid
2026-07-18 03:41:11.380765 [ ERROR ] Error in file '/home/runner/work/engg-robot-testing-framework/engg-robot-testing-framework/tests/auth/TC02_login_valid.robot' on line 2: Importing library 'playwright_keyword_library.PlaywrightKeywordLibrary' failed: ModuleNotFoundError: No module named 'playwright_keyword_library'
2026-07-18 03:41:11.397729 ==============================================================================
2026-07-18 03:41:11.397729 Traceback (most recent call last):
2026-07-18 03:41:11.397752   None
2026-07-18 03:41:11.447883 PYTHONPATH:
2026-07-18 03:41:11.498055   /opt/hostedtoolcache/Python/3.11.15/x64/bin
2026-07-18 03:41:11.548225   /opt/hostedtoolcache/Python/3.11.15/x64/lib/python311.zip
2026-07-18 03:41:11.598403   /opt/hostedtoolcache/Python/3.11.15/x64/lib/python3.11
2026-07-18 03:41:11.648567   /opt/hostedtoolcache/Python/3.11.15/x64/lib/python3.11/lib-dynload
2026-07-18 03:41:11.698744   /opt/hostedtoolcache/Python/3.11.15/x64/lib/python3.11/site-packages
2026-07-18 03:41:11.748972 [ ERROR ] Error in file '/home/runner/work/engg-robot-testing-framework/engg-robot-testing-framework/resources/auth_keywords.resource' on line 2: Importing library 'playwright_keyword_library.PlaywrightKeywordLibrary' failed: ModuleNotFoundError: No module named 'playwright_keyword_library'
2026-07-18 03:41:11.799167 Traceback (most recent call last):
2026-07-18 03:41:11.849402   None
2026-07-18 03:41:11.899653 PYTHONPATH:
2026-07-18 03:41:11.949834   /opt/hostedtoolcache/Python/3.11.15/x64/bin
2026-07-18 03:41:12.000092   /opt/hostedtoolcache/Python/3.11.15/x64/lib/python311.zip
2026-07-18 03:41:12.050277   /opt/hostedtoolcache/Python/3.11.15/x64/lib/python3.11
2026-07-18 03:41:12.100522   /opt/hostedtoolcache/Python/3.11.15/x64/lib/python3.11/lib-dynload
2026-07-18 03:41:12.150754   /opt/hostedtoolcache/Python/3.11.15/x64/lib/python3.11/site-packages
2026-07-18 03:41:12.200946 [ ERROR ] Error in file '/home/runner/work/engg-robot-testing-framework/engg-robot-testing-framework/resources/common.resource' on line 4: Importing library 'playwright_keyword_library.PlaywrightKeywordLibrary' failed: ModuleNotFoundError: No module named 'playwright_keyword_library'
2026-07-18 03:41:12.251181 Traceback (most recent call last):
2026-07-18 03:41:12.301378   None
2026-07-18 03:41:12.351561 PYTHONPATH:
2026-07-18 03:41:12.401817   /opt/hostedtoolcache/Python/3.11.15/x64/bin
2026-07-18 03:41:12.451996   /opt/hostedtoolcache/Python/3.11.15/x64/lib/python311.zip
2026-07-18 03:41:12.502274   /opt/hostedtoolcache/Python/3.11.15/x64/lib/python3.11
2026-07-18 03:41:12.552430   /opt/hostedtoolcache/Python/3.11.15/x64/lib/python3.11/lib-dynload
2026-07-18 03:41:12.602640   /opt/hostedtoolcache/Python/3.11.15/x64/lib/python3.11/site-packages
2026-07-18 03:41:21.376920 TC02 Login User With Correct Email And Password                       | FAIL |
2026-07-18 03:41:21.406915 Setup failed:
2026-07-18 03:41:21.406934 No keyword with name 'Open Browser' found.
2026-07-18 03:41:21.406947 
2026-07-18 03:41:21.406963 Also teardown failed:
2026-07-18 03:41:21.406978 Several failures occurred:
2026-07-18 03:41:21.407060 
2026-07-18 03:41:21.407085 1) No keyword with name 'Register Keyword To Run On Failure' found.
2026-07-18 03:41:21.407101 
2026-07-18 03:41:21.407114 2) No keyword with name 'Close Browser' found. Did you mean:
2026-07-18 03:41:21.407127     common.Close Test Browser
2026-07-18 03:41:21.407142 ------------------------------------------------------------------------------
2026-07-18 03:41:21.407249 Suites.Auth.TC02 login valid                                          | FAIL |
2026-07-18 03:41:21.407615 1 test, 0 passed, 1 failed
2026-07-18 03:41:21.407677 ==============================================================================
2026-07-18 03:41:21.407692 Suites.Auth                                                           | FAIL |
2026-07-18 03:41:21.408055 1 test, 0 passed, 1 failed
2026-07-18 03:41:21.408070 ==============================================================================
2026-07-18 03:41:21.408080 Suites                                                                | FAIL |
2026-07-18 03:41:21.408400 1 test, 0 passed, 1 failed
2026-07-18 03:41:21.408456 ==============================================================================
2026-07-18 03:41:21.408467 Output:  /home/runner/work/engg-robot-testing-framework/engg-robot-testing-framework/reports/pabot_results/1/output.xml
