2026-09-26 05:18:28.789818 ==============================================================================
2026-09-26 05:18:28.822981 Suites
2026-09-26 05:18:28.822996 ==============================================================================
2026-09-26 05:18:28.823004 Suites.Cart
2026-09-26 05:18:28.823622 ==============================================================================
2026-09-26 05:18:28.823633 Suites.Cart.TC17 remove products from cart :: TC17 - Remove Products From Cart
2026-09-26 05:18:28.823633 [ ERROR ] Error in file '/home/runner/work/engg-robot-testing-framework/engg-robot-testing-framework/resources/common.resource' on line 4: Importing library 'playwright_keyword_library.PlaywrightKeywordLibrary' failed: ModuleNotFoundError: No module named 'playwright_keyword_library'
2026-09-26 05:18:28.847896 ==============================================================================
2026-09-26 05:18:28.847896 Traceback (most recent call last):
2026-09-26 05:18:28.847912   None
2026-09-26 05:18:28.898046 PYTHONPATH:
2026-09-26 05:18:28.948294   /opt/hostedtoolcache/Python/3.11.16/x64/bin
2026-09-26 05:18:28.998435   /opt/hostedtoolcache/Python/3.11.16/x64/lib/python311.zip
2026-09-26 05:18:29.048608   /opt/hostedtoolcache/Python/3.11.16/x64/lib/python3.11
2026-09-26 05:18:29.098745   /opt/hostedtoolcache/Python/3.11.16/x64/lib/python3.11/lib-dynload
2026-09-26 05:18:29.148900   /opt/hostedtoolcache/Python/3.11.16/x64/lib/python3.11/site-packages
2026-09-26 05:18:29.199043 [ ERROR ] Error in file '/home/runner/work/engg-robot-testing-framework/engg-robot-testing-framework/resources/product_keywords.resource' on line 2: Importing library 'playwright_keyword_library.PlaywrightKeywordLibrary' failed: ModuleNotFoundError: No module named 'playwright_keyword_library'
2026-09-26 05:18:29.249220 Traceback (most recent call last):
2026-09-26 05:18:29.299359   None
2026-09-26 05:18:29.349511 PYTHONPATH:
2026-09-26 05:18:29.399660   /opt/hostedtoolcache/Python/3.11.16/x64/bin
2026-09-26 05:18:29.449849   /opt/hostedtoolcache/Python/3.11.16/x64/lib/python311.zip
2026-09-26 05:18:29.499994   /opt/hostedtoolcache/Python/3.11.16/x64/lib/python3.11
2026-09-26 05:18:29.550124   /opt/hostedtoolcache/Python/3.11.16/x64/lib/python3.11/lib-dynload
2026-09-26 05:18:29.600253   /opt/hostedtoolcache/Python/3.11.16/x64/lib/python3.11/site-packages
2026-09-26 05:18:29.650432 [ ERROR ] Error in file '/home/runner/work/engg-robot-testing-framework/engg-robot-testing-framework/resources/cart_keywords.resource' on line 2: Importing library 'playwright_keyword_library.PlaywrightKeywordLibrary' failed: ModuleNotFoundError: No module named 'playwright_keyword_library'
2026-09-26 05:18:29.700560 Traceback (most recent call last):
2026-09-26 05:18:29.750753   None
2026-09-26 05:18:29.800920 PYTHONPATH:
2026-09-26 05:18:29.851121   /opt/hostedtoolcache/Python/3.11.16/x64/bin
2026-09-26 05:18:29.901254   /opt/hostedtoolcache/Python/3.11.16/x64/lib/python311.zip
2026-09-26 05:18:29.951447   /opt/hostedtoolcache/Python/3.11.16/x64/lib/python3.11
2026-09-26 05:18:30.001580   /opt/hostedtoolcache/Python/3.11.16/x64/lib/python3.11/lib-dynload
2026-09-26 05:18:30.051831   /opt/hostedtoolcache/Python/3.11.16/x64/lib/python3.11/site-packages
2026-09-26 05:18:38.818542 TC17 Remove Products From Cart                                        | FAIL |
2026-09-26 05:18:38.856668 Setup failed:
2026-09-26 05:18:38.856682 No keyword with name 'Open Browser' found.
2026-09-26 05:18:38.856690 
2026-09-26 05:18:38.856697 Also teardown failed:
2026-09-26 05:18:38.856704 Several failures occurred:
2026-09-26 05:18:38.856710 
2026-09-26 05:18:38.856717 1) No keyword with name 'Register Keyword To Run On Failure' found.
2026-09-26 05:18:38.856724 
2026-09-26 05:18:38.856730 2) No keyword with name 'Close Browser' found. Did you mean:
2026-09-26 05:18:38.856737     common.Close Test Browser
2026-09-26 05:18:38.856744 ------------------------------------------------------------------------------
2026-09-26 05:18:38.856751 Suites.Cart.TC17 remove products from cart :: TC17 - Remove Produc... | FAIL |
2026-09-26 05:18:38.857175 1 test, 0 passed, 1 failed
2026-09-26 05:18:38.857185 ==============================================================================
2026-09-26 05:18:38.857192 Suites.Cart                                                           | FAIL |
2026-09-26 05:18:38.857479 1 test, 0 passed, 1 failed
2026-09-26 05:18:38.857489 ==============================================================================
2026-09-26 05:18:38.857496 Suites                                                                | FAIL |
2026-09-26 05:18:38.857737 1 test, 0 passed, 1 failed
2026-09-26 05:18:38.857746 ==============================================================================
2026-09-26 05:18:38.857754 Output:  /home/runner/work/engg-robot-testing-framework/engg-robot-testing-framework/reports/pabot_results/7/output.xml
