2026-07-27 04:12:54.746528 ==============================================================================
2026-07-27 04:12:54.758843 Suites
2026-07-27 04:12:54.758864 ==============================================================================
2026-07-27 04:12:54.758878 Suites.Auth
2026-07-27 04:12:54.759626 ==============================================================================
2026-07-27 04:12:54.759640 Suites.Auth.TC04 logout user
2026-07-27 04:12:54.759640 [ ERROR ] Error in file '/home/runner/work/engg-robot-testing-framework/engg-robot-testing-framework/tests/auth/TC04_logout_user.robot' on line 2: Importing library 'playwright_keyword_library.PlaywrightKeywordLibrary' failed: ModuleNotFoundError: No module named 'playwright_keyword_library'
2026-07-27 04:12:54.776328 ==============================================================================
2026-07-27 04:12:54.776328 Traceback (most recent call last):
2026-07-27 04:12:54.776395   None
2026-07-27 04:12:54.826523 PYTHONPATH:
2026-07-27 04:12:54.876697   /opt/hostedtoolcache/Python/3.11.15/x64/bin
2026-07-27 04:12:54.926865   /opt/hostedtoolcache/Python/3.11.15/x64/lib/python311.zip
2026-07-27 04:12:54.977038   /opt/hostedtoolcache/Python/3.11.15/x64/lib/python3.11
2026-07-27 04:12:55.027184   /opt/hostedtoolcache/Python/3.11.15/x64/lib/python3.11/lib-dynload
2026-07-27 04:12:55.077366   /opt/hostedtoolcache/Python/3.11.15/x64/lib/python3.11/site-packages
2026-07-27 04:12:55.127542 [ ERROR ] Error in file '/home/runner/work/engg-robot-testing-framework/engg-robot-testing-framework/resources/auth_keywords.resource' on line 2: Importing library 'playwright_keyword_library.PlaywrightKeywordLibrary' failed: ModuleNotFoundError: No module named 'playwright_keyword_library'
2026-07-27 04:12:55.177712 Traceback (most recent call last):
2026-07-27 04:12:55.227874   None
2026-07-27 04:12:55.278061 PYTHONPATH:
2026-07-27 04:12:55.328226   /opt/hostedtoolcache/Python/3.11.15/x64/bin
2026-07-27 04:12:55.378403   /opt/hostedtoolcache/Python/3.11.15/x64/lib/python311.zip
2026-07-27 04:12:55.428576   /opt/hostedtoolcache/Python/3.11.15/x64/lib/python3.11
2026-07-27 04:12:55.478763   /opt/hostedtoolcache/Python/3.11.15/x64/lib/python3.11/lib-dynload
2026-07-27 04:12:55.528955   /opt/hostedtoolcache/Python/3.11.15/x64/lib/python3.11/site-packages
2026-07-27 04:12:55.579128 [ ERROR ] Error in file '/home/runner/work/engg-robot-testing-framework/engg-robot-testing-framework/resources/common.resource' on line 4: Importing library 'playwright_keyword_library.PlaywrightKeywordLibrary' failed: ModuleNotFoundError: No module named 'playwright_keyword_library'
2026-07-27 04:12:55.629297 Traceback (most recent call last):
2026-07-27 04:12:55.679463   None
2026-07-27 04:12:55.729627 PYTHONPATH:
2026-07-27 04:12:55.779802   /opt/hostedtoolcache/Python/3.11.15/x64/bin
2026-07-27 04:12:55.829980   /opt/hostedtoolcache/Python/3.11.15/x64/lib/python311.zip
2026-07-27 04:12:55.880141   /opt/hostedtoolcache/Python/3.11.15/x64/lib/python3.11
2026-07-27 04:12:55.930302   /opt/hostedtoolcache/Python/3.11.15/x64/lib/python3.11/lib-dynload
2026-07-27 04:12:55.980482   /opt/hostedtoolcache/Python/3.11.15/x64/lib/python3.11/site-packages
2026-07-27 04:13:04.754816 TC04 Logout User                                                      | FAIL |
2026-07-27 04:13:04.785535 Setup failed:
2026-07-27 04:13:04.785558 No keyword with name 'Open Browser' found.
2026-07-27 04:13:04.785575 
2026-07-27 04:13:04.785591 Also teardown failed:
2026-07-27 04:13:04.785603 Several failures occurred:
2026-07-27 04:13:04.785615 
2026-07-27 04:13:04.785631 1) No keyword with name 'Register Keyword To Run On Failure' found.
2026-07-27 04:13:04.785796 
2026-07-27 04:13:04.785819 2) No keyword with name 'Close Browser' found. Did you mean:
2026-07-27 04:13:04.786008     common.Close Test Browser
2026-07-27 04:13:04.786029 ------------------------------------------------------------------------------
2026-07-27 04:13:04.786042 Suites.Auth.TC04 logout user                                          | FAIL |
2026-07-27 04:13:04.786324 1 test, 0 passed, 1 failed
2026-07-27 04:13:04.786342 ==============================================================================
2026-07-27 04:13:04.786356 Suites.Auth                                                           | FAIL |
2026-07-27 04:13:04.786666 1 test, 0 passed, 1 failed
2026-07-27 04:13:04.786725 ==============================================================================
2026-07-27 04:13:04.786738 Suites                                                                | FAIL |
2026-07-27 04:13:04.787151 1 test, 0 passed, 1 failed
2026-07-27 04:13:04.787164 ==============================================================================
2026-07-27 04:13:04.787174 Output:  /home/runner/work/engg-robot-testing-framework/engg-robot-testing-framework/reports/pabot_results/3/output.xml
