2026-07-08 03:54:41.048349 ==============================================================================
2026-07-08 03:54:41.065642 Suites
2026-07-08 03:54:41.065665 ==============================================================================
2026-07-08 03:54:41.065680 Suites.Cart
2026-07-08 03:54:41.066555 ==============================================================================
2026-07-08 03:54:41.066574 Suites.Cart.TC17 remove products from cart :: TC17 - Remove Products From Cart
2026-07-08 03:54:41.066574 [ ERROR ] Error in file '/home/runner/work/engg-robot-testing-framework/engg-robot-testing-framework/resources/common.resource' on line 4: Importing library 'playwright_keyword_library.PlaywrightKeywordLibrary' failed: ModuleNotFoundError: No module named 'playwright_keyword_library'
2026-07-08 03:54:41.096945 ==============================================================================
2026-07-08 03:54:41.096945 Traceback (most recent call last):
2026-07-08 03:54:41.096972   None
2026-07-08 03:54:41.147144 PYTHONPATH:
2026-07-08 03:54:41.197293   /opt/hostedtoolcache/Python/3.11.15/x64/bin
2026-07-08 03:54:41.247449   /opt/hostedtoolcache/Python/3.11.15/x64/lib/python311.zip
2026-07-08 03:54:41.297600   /opt/hostedtoolcache/Python/3.11.15/x64/lib/python3.11
2026-07-08 03:54:41.347726   /opt/hostedtoolcache/Python/3.11.15/x64/lib/python3.11/lib-dynload
2026-07-08 03:54:41.397846   /opt/hostedtoolcache/Python/3.11.15/x64/lib/python3.11/site-packages
2026-07-08 03:54:41.448011 [ ERROR ] Error in file '/home/runner/work/engg-robot-testing-framework/engg-robot-testing-framework/resources/product_keywords.resource' on line 2: Importing library 'playwright_keyword_library.PlaywrightKeywordLibrary' failed: ModuleNotFoundError: No module named 'playwright_keyword_library'
2026-07-08 03:54:41.498213 Traceback (most recent call last):
2026-07-08 03:54:41.548385   None
2026-07-08 03:54:41.598553 PYTHONPATH:
2026-07-08 03:54:41.648788   /opt/hostedtoolcache/Python/3.11.15/x64/bin
2026-07-08 03:54:41.698981   /opt/hostedtoolcache/Python/3.11.15/x64/lib/python311.zip
2026-07-08 03:54:41.749328   /opt/hostedtoolcache/Python/3.11.15/x64/lib/python3.11
2026-07-08 03:54:41.799523   /opt/hostedtoolcache/Python/3.11.15/x64/lib/python3.11/lib-dynload
2026-07-08 03:54:41.849758   /opt/hostedtoolcache/Python/3.11.15/x64/lib/python3.11/site-packages
2026-07-08 03:54:41.899994 [ ERROR ] Error in file '/home/runner/work/engg-robot-testing-framework/engg-robot-testing-framework/resources/cart_keywords.resource' on line 2: Importing library 'playwright_keyword_library.PlaywrightKeywordLibrary' failed: ModuleNotFoundError: No module named 'playwright_keyword_library'
2026-07-08 03:54:41.950222 Traceback (most recent call last):
2026-07-08 03:54:42.000416   None
2026-07-08 03:54:42.050733 PYTHONPATH:
2026-07-08 03:54:42.100907   /opt/hostedtoolcache/Python/3.11.15/x64/bin
2026-07-08 03:54:42.151207   /opt/hostedtoolcache/Python/3.11.15/x64/lib/python311.zip
2026-07-08 03:54:42.201401   /opt/hostedtoolcache/Python/3.11.15/x64/lib/python3.11
2026-07-08 03:54:42.251575   /opt/hostedtoolcache/Python/3.11.15/x64/lib/python3.11/lib-dynload
2026-07-08 03:54:42.301710   /opt/hostedtoolcache/Python/3.11.15/x64/lib/python3.11/site-packages
2026-07-08 03:54:51.075237 TC17 Remove Products From Cart                                        | FAIL |
2026-07-08 03:54:51.109112 Setup failed:
2026-07-08 03:54:51.109125 No keyword with name 'Open Browser' found.
2026-07-08 03:54:51.109133 
2026-07-08 03:54:51.109140 Also teardown failed:
2026-07-08 03:54:51.109147 Several failures occurred:
2026-07-08 03:54:51.109153 
2026-07-08 03:54:51.109160 1) No keyword with name 'Register Keyword To Run On Failure' found.
2026-07-08 03:54:51.109167 
2026-07-08 03:54:51.109173 2) No keyword with name 'Close Browser' found. Did you mean:
2026-07-08 03:54:51.109203     common.Close Test Browser
2026-07-08 03:54:51.109216 ------------------------------------------------------------------------------
2026-07-08 03:54:51.109223 Suites.Cart.TC17 remove products from cart :: TC17 - Remove Produc... | FAIL |
2026-07-08 03:54:51.109775 1 test, 0 passed, 1 failed
2026-07-08 03:54:51.109850 ==============================================================================
2026-07-08 03:54:51.109864 Suites.Cart                                                           | FAIL |
2026-07-08 03:54:51.110237 1 test, 0 passed, 1 failed
2026-07-08 03:54:51.110306 ==============================================================================
2026-07-08 03:54:51.110324 Suites                                                                | FAIL |
2026-07-08 03:54:51.110635 1 test, 0 passed, 1 failed
2026-07-08 03:54:51.110725 ==============================================================================
2026-07-08 03:54:51.110740 Output:  /home/runner/work/engg-robot-testing-framework/engg-robot-testing-framework/reports/pabot_results/7/output.xml
