2026-09-15 05:09:43.037228 ==============================================================================
2026-09-15 05:09:43.081153 Suites
2026-09-15 05:09:43.081169 ==============================================================================
2026-09-15 05:09:43.081179 Suites.Cart
2026-09-15 05:09:43.081842 ==============================================================================
2026-09-15 05:09:43.081855 Suites.Cart.TC13 verify product quantity :: TC13 - Verify Product Quantity ...
2026-09-15 05:09:43.081855 [ ERROR ] Error in file '/home/runner/work/engg-robot-testing-framework/engg-robot-testing-framework/resources/common.resource' on line 4: Importing library 'playwright_keyword_library.PlaywrightKeywordLibrary' failed: ModuleNotFoundError: No module named 'playwright_keyword_library'
2026-09-15 05:09:43.106142 ==============================================================================
2026-09-15 05:09:43.106142 Traceback (most recent call last):
2026-09-15 05:09:43.106157   None
2026-09-15 05:09:43.156266 PYTHONPATH:
2026-09-15 05:09:43.206370   /opt/hostedtoolcache/Python/3.11.16/x64/bin
2026-09-15 05:09:43.256470   /opt/hostedtoolcache/Python/3.11.16/x64/lib/python311.zip
2026-09-15 05:09:43.306588   /opt/hostedtoolcache/Python/3.11.16/x64/lib/python3.11
2026-09-15 05:09:43.356707   /opt/hostedtoolcache/Python/3.11.16/x64/lib/python3.11/lib-dynload
2026-09-15 05:09:43.406801   /opt/hostedtoolcache/Python/3.11.16/x64/lib/python3.11/site-packages
2026-09-15 05:09:43.456936 [ ERROR ] Error in file '/home/runner/work/engg-robot-testing-framework/engg-robot-testing-framework/resources/product_keywords.resource' on line 2: Importing library 'playwright_keyword_library.PlaywrightKeywordLibrary' failed: ModuleNotFoundError: No module named 'playwright_keyword_library'
2026-09-15 05:09:43.507064 Traceback (most recent call last):
2026-09-15 05:09:43.557196   None
2026-09-15 05:09:43.607311 PYTHONPATH:
2026-09-15 05:09:43.657463   /opt/hostedtoolcache/Python/3.11.16/x64/bin
2026-09-15 05:09:43.707583   /opt/hostedtoolcache/Python/3.11.16/x64/lib/python311.zip
2026-09-15 05:09:43.757714   /opt/hostedtoolcache/Python/3.11.16/x64/lib/python3.11
2026-09-15 05:09:43.807800   /opt/hostedtoolcache/Python/3.11.16/x64/lib/python3.11/lib-dynload
2026-09-15 05:09:43.857891   /opt/hostedtoolcache/Python/3.11.16/x64/lib/python3.11/site-packages
2026-09-15 05:09:43.908013 [ ERROR ] Error in file '/home/runner/work/engg-robot-testing-framework/engg-robot-testing-framework/resources/cart_keywords.resource' on line 2: Importing library 'playwright_keyword_library.PlaywrightKeywordLibrary' failed: ModuleNotFoundError: No module named 'playwright_keyword_library'
2026-09-15 05:09:43.958108 Traceback (most recent call last):
2026-09-15 05:09:44.008224   None
2026-09-15 05:09:44.058363 PYTHONPATH:
2026-09-15 05:09:44.108484   /opt/hostedtoolcache/Python/3.11.16/x64/bin
2026-09-15 05:09:44.158625   /opt/hostedtoolcache/Python/3.11.16/x64/lib/python311.zip
2026-09-15 05:09:44.208759   /opt/hostedtoolcache/Python/3.11.16/x64/lib/python3.11
2026-09-15 05:09:44.258858   /opt/hostedtoolcache/Python/3.11.16/x64/lib/python3.11/lib-dynload
2026-09-15 05:09:44.308987   /opt/hostedtoolcache/Python/3.11.16/x64/lib/python3.11/site-packages
2026-09-15 05:09:53.077223 TC13 Verify Product Quantity In Cart                                  | FAIL |
2026-09-15 05:09:53.115659 Setup failed:
2026-09-15 05:09:53.115669 No keyword with name 'Open Browser' found.
2026-09-15 05:09:53.115674 
2026-09-15 05:09:53.115679 Also teardown failed:
2026-09-15 05:09:53.115684 Several failures occurred:
2026-09-15 05:09:53.115689 
2026-09-15 05:09:53.115694 1) No keyword with name 'Register Keyword To Run On Failure' found.
2026-09-15 05:09:53.115699 
2026-09-15 05:09:53.115703 2) No keyword with name 'Close Browser' found. Did you mean:
2026-09-15 05:09:53.115708     common.Close Test Browser
2026-09-15 05:09:53.115712 ------------------------------------------------------------------------------
2026-09-15 05:09:53.115717 Suites.Cart.TC13 verify product quantity :: TC13 - Verify Product ... | FAIL |
2026-09-15 05:09:53.116186 1 test, 0 passed, 1 failed
2026-09-15 05:09:53.116220 ==============================================================================
2026-09-15 05:09:53.116226 Suites.Cart                                                           | FAIL |
2026-09-15 05:09:53.116532 1 test, 0 passed, 1 failed
2026-09-15 05:09:53.116570 ==============================================================================
2026-09-15 05:09:53.116575 Suites                                                                | FAIL |
2026-09-15 05:09:53.116841 1 test, 0 passed, 1 failed
2026-09-15 05:09:53.116873 ==============================================================================
2026-09-15 05:09:53.116878 Output:  /home/runner/work/engg-robot-testing-framework/engg-robot-testing-framework/reports/pabot_results/6/output.xml
