2026-07-07 04:33:20.179588 ==============================================================================
2026-07-07 04:33:20.195125 Suites
2026-07-07 04:33:20.195144 ==============================================================================
2026-07-07 04:33:20.195157 Suites.Cart
2026-07-07 04:33:20.195904 ==============================================================================
2026-07-07 04:33:20.195921 Suites.Cart.TC20 search and verify cart after login :: TC20 - Search Produc...
2026-07-07 04:33:20.195921 [ ERROR ] Error in file '/home/runner/work/engg-robot-testing-framework/engg-robot-testing-framework/tests/cart/TC20_search_and_verify_cart_after_login.robot' on line 3: Importing library 'playwright_keyword_library.PlaywrightKeywordLibrary' failed: ModuleNotFoundError: No module named 'playwright_keyword_library'
2026-07-07 04:33:20.228225 ==============================================================================
2026-07-07 04:33:20.228225 Traceback (most recent call last):
2026-07-07 04:33:20.228247   None
2026-07-07 04:33:20.278381 PYTHONPATH:
2026-07-07 04:33:20.328523   /opt/hostedtoolcache/Python/3.11.15/x64/bin
2026-07-07 04:33:20.378672   /opt/hostedtoolcache/Python/3.11.15/x64/lib/python311.zip
2026-07-07 04:33:20.428790   /opt/hostedtoolcache/Python/3.11.15/x64/lib/python3.11
2026-07-07 04:33:20.478932   /opt/hostedtoolcache/Python/3.11.15/x64/lib/python3.11/lib-dynload
2026-07-07 04:33:20.529060   /opt/hostedtoolcache/Python/3.11.15/x64/lib/python3.11/site-packages
2026-07-07 04:33:20.579207 [ ERROR ] Error in file '/home/runner/work/engg-robot-testing-framework/engg-robot-testing-framework/resources/common.resource' on line 4: Importing library 'playwright_keyword_library.PlaywrightKeywordLibrary' failed: ModuleNotFoundError: No module named 'playwright_keyword_library'
2026-07-07 04:33:20.629324 Traceback (most recent call last):
2026-07-07 04:33:20.679466   None
2026-07-07 04:33:20.729579 PYTHONPATH:
2026-07-07 04:33:20.779727   /opt/hostedtoolcache/Python/3.11.15/x64/bin
2026-07-07 04:33:20.829840   /opt/hostedtoolcache/Python/3.11.15/x64/lib/python311.zip
2026-07-07 04:33:20.879990   /opt/hostedtoolcache/Python/3.11.15/x64/lib/python3.11
2026-07-07 04:33:20.930100   /opt/hostedtoolcache/Python/3.11.15/x64/lib/python3.11/lib-dynload
2026-07-07 04:33:20.980242   /opt/hostedtoolcache/Python/3.11.15/x64/lib/python3.11/site-packages
2026-07-07 04:33:21.030355 [ ERROR ] Error in file '/home/runner/work/engg-robot-testing-framework/engg-robot-testing-framework/resources/product_keywords.resource' on line 2: Importing library 'playwright_keyword_library.PlaywrightKeywordLibrary' failed: ModuleNotFoundError: No module named 'playwright_keyword_library'
2026-07-07 04:33:21.080512 Traceback (most recent call last):
2026-07-07 04:33:21.130631   None
2026-07-07 04:33:21.180783 PYTHONPATH:
2026-07-07 04:33:21.230898   /opt/hostedtoolcache/Python/3.11.15/x64/bin
2026-07-07 04:33:21.281052   /opt/hostedtoolcache/Python/3.11.15/x64/lib/python311.zip
2026-07-07 04:33:21.331169   /opt/hostedtoolcache/Python/3.11.15/x64/lib/python3.11
2026-07-07 04:33:21.381328   /opt/hostedtoolcache/Python/3.11.15/x64/lib/python3.11/lib-dynload
2026-07-07 04:33:21.431461   /opt/hostedtoolcache/Python/3.11.15/x64/lib/python3.11/site-packages
2026-07-07 04:33:21.481619 [ ERROR ] Error in file '/home/runner/work/engg-robot-testing-framework/engg-robot-testing-framework/resources/cart_keywords.resource' on line 2: Importing library 'playwright_keyword_library.PlaywrightKeywordLibrary' failed: ModuleNotFoundError: No module named 'playwright_keyword_library'
2026-07-07 04:33:21.531732 Traceback (most recent call last):
2026-07-07 04:33:21.581886   None
2026-07-07 04:33:21.631999 PYTHONPATH:
2026-07-07 04:33:21.682152   /opt/hostedtoolcache/Python/3.11.15/x64/bin
2026-07-07 04:33:21.732263   /opt/hostedtoolcache/Python/3.11.15/x64/lib/python311.zip
2026-07-07 04:33:21.782447   /opt/hostedtoolcache/Python/3.11.15/x64/lib/python3.11
2026-07-07 04:33:21.832566   /opt/hostedtoolcache/Python/3.11.15/x64/lib/python3.11/lib-dynload
2026-07-07 04:33:21.882727   /opt/hostedtoolcache/Python/3.11.15/x64/lib/python3.11/site-packages
2026-07-07 04:33:21.932834 [ ERROR ] Error in file '/home/runner/work/engg-robot-testing-framework/engg-robot-testing-framework/resources/auth_keywords.resource' on line 2: Importing library 'playwright_keyword_library.PlaywrightKeywordLibrary' failed: ModuleNotFoundError: No module named 'playwright_keyword_library'
2026-07-07 04:33:21.982983 Traceback (most recent call last):
2026-07-07 04:33:22.033102   None
2026-07-07 04:33:22.083259 PYTHONPATH:
2026-07-07 04:33:22.133431   /opt/hostedtoolcache/Python/3.11.15/x64/bin
2026-07-07 04:33:22.183587   /opt/hostedtoolcache/Python/3.11.15/x64/lib/python311.zip
2026-07-07 04:33:22.233740   /opt/hostedtoolcache/Python/3.11.15/x64/lib/python3.11
2026-07-07 04:33:22.283901   /opt/hostedtoolcache/Python/3.11.15/x64/lib/python3.11/lib-dynload
2026-07-07 04:33:22.334054   /opt/hostedtoolcache/Python/3.11.15/x64/lib/python3.11/site-packages
2026-07-07 04:33:30.202684 TC20 Search Products And Verify Cart After Login                      | FAIL |
2026-07-07 04:33:30.239004 Setup failed:
2026-07-07 04:33:30.239023 No keyword with name 'Open Browser' found.
2026-07-07 04:33:30.239037 
2026-07-07 04:33:30.239049 Also teardown failed:
2026-07-07 04:33:30.239061 Several failures occurred:
2026-07-07 04:33:30.239072 
2026-07-07 04:33:30.239083 1) No keyword with name 'Register Keyword To Run On Failure' found.
2026-07-07 04:33:30.239093 
2026-07-07 04:33:30.239102 2) No keyword with name 'Close Browser' found. Did you mean:
2026-07-07 04:33:30.239112     common.Close Test Browser
2026-07-07 04:33:30.239122 ------------------------------------------------------------------------------
2026-07-07 04:33:30.239132 Suites.Cart.TC20 search and verify cart after login :: TC20 - Sear... | FAIL |
2026-07-07 04:33:30.239686 1 test, 0 passed, 1 failed
2026-07-07 04:33:30.239750 ==============================================================================
2026-07-07 04:33:30.239764 Suites.Cart                                                           | FAIL |
2026-07-07 04:33:30.240058 1 test, 0 passed, 1 failed
2026-07-07 04:33:30.240114 ==============================================================================
2026-07-07 04:33:30.240126 Suites                                                                | FAIL |
2026-07-07 04:33:30.240417 1 test, 0 passed, 1 failed
2026-07-07 04:33:30.240436 ==============================================================================
2026-07-07 04:33:30.240447 Output:  /home/runner/work/engg-robot-testing-framework/engg-robot-testing-framework/reports/pabot_results/8/output.xml
