2026-08-06 03:49:33.745573 ==============================================================================
2026-08-06 03:49:33.767904 Suites
2026-08-06 03:49:33.767924 ==============================================================================
2026-08-06 03:49:33.767939 Suites.Cart
2026-08-06 03:49:33.768782 ==============================================================================
2026-08-06 03:49:33.768800 Suites.Cart.TC12 add products to cart :: TC12 - Add Products In Cart
2026-08-06 03:49:33.768800 [ ERROR ] Error in file '/home/runner/work/engg-robot-testing-framework/engg-robot-testing-framework/resources/common.resource' on line 4: Importing library 'playwright_keyword_library.PlaywrightKeywordLibrary' failed: ModuleNotFoundError: No module named 'playwright_keyword_library'
2026-08-06 03:49:33.799904 ==============================================================================
2026-08-06 03:49:33.799904 Traceback (most recent call last):
2026-08-06 03:49:33.799924   None
2026-08-06 03:49:33.850053 PYTHONPATH:
2026-08-06 03:49:33.900179   /opt/hostedtoolcache/Python/3.11.15/x64/bin
2026-08-06 03:49:33.950315   /opt/hostedtoolcache/Python/3.11.15/x64/lib/python311.zip
2026-08-06 03:49:34.000446   /opt/hostedtoolcache/Python/3.11.15/x64/lib/python3.11
2026-08-06 03:49:34.050577   /opt/hostedtoolcache/Python/3.11.15/x64/lib/python3.11/lib-dynload
2026-08-06 03:49:34.100734   /opt/hostedtoolcache/Python/3.11.15/x64/lib/python3.11/site-packages
2026-08-06 03:49:34.150897 [ ERROR ] Error in file '/home/runner/work/engg-robot-testing-framework/engg-robot-testing-framework/resources/product_keywords.resource' on line 2: Importing library 'playwright_keyword_library.PlaywrightKeywordLibrary' failed: ModuleNotFoundError: No module named 'playwright_keyword_library'
2026-08-06 03:49:34.201110 Traceback (most recent call last):
2026-08-06 03:49:34.251284   None
2026-08-06 03:49:34.301443 PYTHONPATH:
2026-08-06 03:49:34.351609   /opt/hostedtoolcache/Python/3.11.15/x64/bin
2026-08-06 03:49:34.401759   /opt/hostedtoolcache/Python/3.11.15/x64/lib/python311.zip
2026-08-06 03:49:34.451925   /opt/hostedtoolcache/Python/3.11.15/x64/lib/python3.11
2026-08-06 03:49:34.502091   /opt/hostedtoolcache/Python/3.11.15/x64/lib/python3.11/lib-dynload
2026-08-06 03:49:34.552276   /opt/hostedtoolcache/Python/3.11.15/x64/lib/python3.11/site-packages
2026-08-06 03:49:34.602390 [ ERROR ] Error in file '/home/runner/work/engg-robot-testing-framework/engg-robot-testing-framework/resources/cart_keywords.resource' on line 2: Importing library 'playwright_keyword_library.PlaywrightKeywordLibrary' failed: ModuleNotFoundError: No module named 'playwright_keyword_library'
2026-08-06 03:49:34.652566 Traceback (most recent call last):
2026-08-06 03:49:34.702731   None
2026-08-06 03:49:34.752912 PYTHONPATH:
2026-08-06 03:49:34.803078   /opt/hostedtoolcache/Python/3.11.15/x64/bin
2026-08-06 03:49:34.853244   /opt/hostedtoolcache/Python/3.11.15/x64/lib/python311.zip
2026-08-06 03:49:34.903400   /opt/hostedtoolcache/Python/3.11.15/x64/lib/python3.11
2026-08-06 03:49:34.953529   /opt/hostedtoolcache/Python/3.11.15/x64/lib/python3.11/lib-dynload
2026-08-06 03:49:35.003647   /opt/hostedtoolcache/Python/3.11.15/x64/lib/python3.11/site-packages
2026-08-06 03:49:43.776428 TC12 Add Products In Cart                                             | FAIL |
2026-08-06 03:49:43.811689 Setup failed:
2026-08-06 03:49:43.811703 No keyword with name 'Open Browser' found.
2026-08-06 03:49:43.811711 
2026-08-06 03:49:43.811718 Also teardown failed:
2026-08-06 03:49:43.811725 Several failures occurred:
2026-08-06 03:49:43.811732 
2026-08-06 03:49:43.811739 1) No keyword with name 'Register Keyword To Run On Failure' found.
2026-08-06 03:49:43.811746 
2026-08-06 03:49:43.811752 2) No keyword with name 'Close Browser' found. Did you mean:
2026-08-06 03:49:43.811759     common.Close Test Browser
2026-08-06 03:49:43.811765 ------------------------------------------------------------------------------
2026-08-06 03:49:43.811772 Suites.Cart.TC12 add products to cart :: TC12 - Add Products In Cart  | FAIL |
2026-08-06 03:49:43.812489 1 test, 0 passed, 1 failed
2026-08-06 03:49:43.812560 ==============================================================================
2026-08-06 03:49:43.812569 Suites.Cart                                                           | FAIL |
2026-08-06 03:49:43.813000 1 test, 0 passed, 1 failed
2026-08-06 03:49:43.813049 ==============================================================================
2026-08-06 03:49:43.813060 Suites                                                                | FAIL |
2026-08-06 03:49:43.813470 1 test, 0 passed, 1 failed
2026-08-06 03:49:43.813512 ==============================================================================
2026-08-06 03:49:43.813521 Output:  /home/runner/work/engg-robot-testing-framework/engg-robot-testing-framework/reports/pabot_results/5/output.xml
