2026-06-17 05:25:05.668551 ==============================================================================
2026-06-17 05:25:05.676107 Suites
2026-06-17 05:25:05.676123 ==============================================================================
2026-06-17 05:25:05.676131 Suites.Cart
2026-06-17 05:25:05.676809 ==============================================================================
2026-06-17 05:25:05.777078 Suites.Cart.TC20 search and verify cart after login :: TC20 - Search Produc...
2026-06-17 05:25:05.799228 ==============================================================================
2026-06-17 05:25:16.431660 TC20 Search Products And Verify Cart After Login                      | FAIL |
2026-06-17 05:25:16.454484 Setup failed:
2026-06-17 05:25:16.454498 Title should have been 'Automation Exercise' but was 'One moment, please...'.
2026-06-17 05:25:16.454505 ------------------------------------------------------------------------------
2026-06-17 05:25:16.454512 Suites.Cart.TC20 search and verify cart after login :: TC20 - Sear... | FAIL |
2026-06-17 05:25:16.455147 1 test, 0 passed, 1 failed
2026-06-17 05:25:16.455174 ==============================================================================
2026-06-17 05:25:16.455180 Suites.Cart                                                           | FAIL |
2026-06-17 05:25:16.455502 1 test, 0 passed, 1 failed
2026-06-17 05:25:16.455544 ==============================================================================
2026-06-17 05:25:16.455550 Suites                                                                | FAIL |
2026-06-17 05:25:16.455786 1 test, 0 passed, 1 failed
2026-06-17 05:25:16.455831 ==============================================================================
2026-06-17 05:25:16.455837 Output:  /home/runner/work/engg-robot-testing-framework/engg-robot-testing-framework/reports/pabot_results/8/output.xml
