2026-08-20 01:59:18.485940 ==============================================================================
2026-08-20 01:59:18.513890 Suites
2026-08-20 01:59:18.513905 ==============================================================================
2026-08-20 01:59:18.513931 Suites.Auth
2026-08-20 01:59:18.514528 ==============================================================================
2026-08-20 01:59:18.514539 Suites.Auth.TC04 logout user
2026-08-20 01:59:18.514539 [ ERROR ] Error in file '/home/runner/work/engg-robot-testing-framework/engg-robot-testing-framework/tests/auth/TC04_logout_user.robot' on line 2: Importing library 'playwright_keyword_library.PlaywrightKeywordLibrary' failed: ModuleNotFoundError: No module named 'playwright_keyword_library'
2026-08-20 01:59:18.527567 ==============================================================================
2026-08-20 01:59:18.527567 Traceback (most recent call last):
2026-08-20 01:59:18.527583   None
2026-08-20 01:59:18.577710 PYTHONPATH:
2026-08-20 01:59:18.627839   /opt/hostedtoolcache/Python/3.11.15/x64/bin
2026-08-20 01:59:18.677965   /opt/hostedtoolcache/Python/3.11.15/x64/lib/python311.zip
2026-08-20 01:59:18.728099   /opt/hostedtoolcache/Python/3.11.15/x64/lib/python3.11
2026-08-20 01:59:18.778196   /opt/hostedtoolcache/Python/3.11.15/x64/lib/python3.11/lib-dynload
2026-08-20 01:59:18.828322   /opt/hostedtoolcache/Python/3.11.15/x64/lib/python3.11/site-packages
2026-08-20 01:59:18.878417 [ ERROR ] Error in file '/home/runner/work/engg-robot-testing-framework/engg-robot-testing-framework/resources/auth_keywords.resource' on line 2: Importing library 'playwright_keyword_library.PlaywrightKeywordLibrary' failed: ModuleNotFoundError: No module named 'playwright_keyword_library'
2026-08-20 01:59:18.928545 Traceback (most recent call last):
2026-08-20 01:59:18.978676   None
2026-08-20 01:59:19.028808 PYTHONPATH:
2026-08-20 01:59:19.078900   /opt/hostedtoolcache/Python/3.11.15/x64/bin
2026-08-20 01:59:19.129032   /opt/hostedtoolcache/Python/3.11.15/x64/lib/python311.zip
2026-08-20 01:59:19.179124   /opt/hostedtoolcache/Python/3.11.15/x64/lib/python3.11
2026-08-20 01:59:19.229257   /opt/hostedtoolcache/Python/3.11.15/x64/lib/python3.11/lib-dynload
2026-08-20 01:59:19.279368   /opt/hostedtoolcache/Python/3.11.15/x64/lib/python3.11/site-packages
2026-08-20 01:59:19.329498 [ ERROR ] Error in file '/home/runner/work/engg-robot-testing-framework/engg-robot-testing-framework/resources/common.resource' on line 4: Importing library 'playwright_keyword_library.PlaywrightKeywordLibrary' failed: ModuleNotFoundError: No module named 'playwright_keyword_library'
2026-08-20 01:59:19.379598 Traceback (most recent call last):
2026-08-20 01:59:19.429726   None
2026-08-20 01:59:19.479826 PYTHONPATH:
2026-08-20 01:59:19.529958   /opt/hostedtoolcache/Python/3.11.15/x64/bin
2026-08-20 01:59:19.580053   /opt/hostedtoolcache/Python/3.11.15/x64/lib/python311.zip
2026-08-20 01:59:19.630164   /opt/hostedtoolcache/Python/3.11.15/x64/lib/python3.11
2026-08-20 01:59:19.680274   /opt/hostedtoolcache/Python/3.11.15/x64/lib/python3.11/lib-dynload
2026-08-20 01:59:19.730413   /opt/hostedtoolcache/Python/3.11.15/x64/lib/python3.11/site-packages
2026-08-20 01:59:28.498688 TC04 Logout User                                                      | FAIL |
2026-08-20 01:59:28.534824 Setup failed:
2026-08-20 01:59:28.534839 No keyword with name 'Open Browser' found.
2026-08-20 01:59:28.534849 
2026-08-20 01:59:28.534858 Also teardown failed:
2026-08-20 01:59:28.534867 Several failures occurred:
2026-08-20 01:59:28.534875 
2026-08-20 01:59:28.534883 1) No keyword with name 'Register Keyword To Run On Failure' found.
2026-08-20 01:59:28.534892 
2026-08-20 01:59:28.534899 2) No keyword with name 'Close Browser' found. Did you mean:
2026-08-20 01:59:28.534920     common.Close Test Browser
2026-08-20 01:59:28.534930 ------------------------------------------------------------------------------
2026-08-20 01:59:28.534938 Suites.Auth.TC04 logout user                                          | FAIL |
2026-08-20 01:59:28.535318 1 test, 0 passed, 1 failed
2026-08-20 01:59:28.535367 ==============================================================================
2026-08-20 01:59:28.535376 Suites.Auth                                                           | FAIL |
2026-08-20 01:59:28.535618 1 test, 0 passed, 1 failed
2026-08-20 01:59:28.535665 ==============================================================================
2026-08-20 01:59:28.535675 Suites                                                                | FAIL |
2026-08-20 01:59:28.535876 1 test, 0 passed, 1 failed
2026-08-20 01:59:28.535936 ==============================================================================
2026-08-20 01:59:28.535945 Output:  /home/runner/work/engg-robot-testing-framework/engg-robot-testing-framework/reports/pabot_results/3/output.xml
