2026-06-28 05:02:06.399770 ==============================================================================
2026-06-28 05:02:06.412117 Suites
2026-06-28 05:02:06.412135 ==============================================================================
2026-06-28 05:02:06.412150 Suites.Auth
2026-06-28 05:02:06.413012 ==============================================================================
2026-06-28 05:02:06.413031 Suites.Auth.TC03 login invalid
2026-06-28 05:02:06.413031 [ ERROR ] Error in file '/home/runner/work/engg-robot-testing-framework/engg-robot-testing-framework/tests/auth/TC03_login_invalid.robot' on line 2: Importing library 'playwright_keyword_library.PlaywrightKeywordLibrary' failed: ModuleNotFoundError: No module named 'playwright_keyword_library'
2026-06-28 05:02:06.431930 ==============================================================================
2026-06-28 05:02:06.431930 Traceback (most recent call last):
2026-06-28 05:02:06.431954   None
2026-06-28 05:02:06.482056 PYTHONPATH:
2026-06-28 05:02:06.532160   /opt/hostedtoolcache/Python/3.11.15/x64/bin
2026-06-28 05:02:06.582262   /opt/hostedtoolcache/Python/3.11.15/x64/lib/python311.zip
2026-06-28 05:02:06.632369   /opt/hostedtoolcache/Python/3.11.15/x64/lib/python3.11
2026-06-28 05:02:06.682463   /opt/hostedtoolcache/Python/3.11.15/x64/lib/python3.11/lib-dynload
2026-06-28 05:02:06.732761   /opt/hostedtoolcache/Python/3.11.15/x64/lib/python3.11/site-packages
2026-06-28 05:02:06.782900 [ ERROR ] Error in file '/home/runner/work/engg-robot-testing-framework/engg-robot-testing-framework/resources/auth_keywords.resource' on line 2: Importing library 'playwright_keyword_library.PlaywrightKeywordLibrary' failed: ModuleNotFoundError: No module named 'playwright_keyword_library'
2026-06-28 05:02:06.833035 Traceback (most recent call last):
2026-06-28 05:02:06.883187   None
2026-06-28 05:02:06.933331 PYTHONPATH:
2026-06-28 05:02:06.983459   /opt/hostedtoolcache/Python/3.11.15/x64/bin
2026-06-28 05:02:07.033595   /opt/hostedtoolcache/Python/3.11.15/x64/lib/python311.zip
2026-06-28 05:02:07.083748   /opt/hostedtoolcache/Python/3.11.15/x64/lib/python3.11
2026-06-28 05:02:07.133880   /opt/hostedtoolcache/Python/3.11.15/x64/lib/python3.11/lib-dynload
2026-06-28 05:02:07.184011   /opt/hostedtoolcache/Python/3.11.15/x64/lib/python3.11/site-packages
2026-06-28 05:02:07.234143 [ ERROR ] Error in file '/home/runner/work/engg-robot-testing-framework/engg-robot-testing-framework/resources/common.resource' on line 4: Importing library 'playwright_keyword_library.PlaywrightKeywordLibrary' failed: ModuleNotFoundError: No module named 'playwright_keyword_library'
2026-06-28 05:02:07.284275 Traceback (most recent call last):
2026-06-28 05:02:07.334410   None
2026-06-28 05:02:07.384542 PYTHONPATH:
2026-06-28 05:02:07.434672   /opt/hostedtoolcache/Python/3.11.15/x64/bin
2026-06-28 05:02:07.484799   /opt/hostedtoolcache/Python/3.11.15/x64/lib/python311.zip
2026-06-28 05:02:07.534931   /opt/hostedtoolcache/Python/3.11.15/x64/lib/python3.11
2026-06-28 05:02:07.585062   /opt/hostedtoolcache/Python/3.11.15/x64/lib/python3.11/lib-dynload
2026-06-28 05:02:07.635192   /opt/hostedtoolcache/Python/3.11.15/x64/lib/python3.11/site-packages
2026-06-28 05:02:16.406016 TC03 Login User With Incorrect Email And Password                     | FAIL |
2026-06-28 05:02:16.441901 Setup failed:
2026-06-28 05:02:16.441918 No keyword with name 'Open Browser' found.
2026-06-28 05:02:16.441931 
2026-06-28 05:02:16.441944 Also teardown failed:
2026-06-28 05:02:16.441956 Several failures occurred:
2026-06-28 05:02:16.441970 
2026-06-28 05:02:16.441983 1) No keyword with name 'Register Keyword To Run On Failure' found.
2026-06-28 05:02:16.441995 
2026-06-28 05:02:16.442007 2) No keyword with name 'Close Browser' found. Did you mean:
2026-06-28 05:02:16.442018     common.Close Test Browser
2026-06-28 05:02:16.442030 ------------------------------------------------------------------------------
2026-06-28 05:02:16.442041 Suites.Auth.TC03 login invalid                                        | FAIL |
2026-06-28 05:02:16.442553 1 test, 0 passed, 1 failed
2026-06-28 05:02:16.442570 ==============================================================================
2026-06-28 05:02:16.442582 Suites.Auth                                                           | FAIL |
2026-06-28 05:02:16.442992 1 test, 0 passed, 1 failed
2026-06-28 05:02:16.443068 ==============================================================================
2026-06-28 05:02:16.443084 Suites                                                                | FAIL |
2026-06-28 05:02:16.443364 1 test, 0 passed, 1 failed
2026-06-28 05:02:16.443387 ==============================================================================
2026-06-28 05:02:16.443459 Output:  /home/runner/work/engg-robot-testing-framework/engg-robot-testing-framework/reports/pabot_results/2/output.xml
