2026-07-31 04:00:29.544019 ==============================================================================
2026-07-31 04:00:29.569141 Suites
2026-07-31 04:00:29.569163 ==============================================================================
2026-07-31 04:00:29.569179 Suites.Cart
2026-07-31 04:00:29.569964 ==============================================================================
2026-07-31 04:00:29.569983 Suites.Cart.TC13 verify product quantity :: TC13 - Verify Product Quantity ...
2026-07-31 04:00:29.569983 [ ERROR ] Error in file '/home/runner/work/engg-robot-testing-framework/engg-robot-testing-framework/resources/common.resource' on line 4: Importing library 'playwright_keyword_library.PlaywrightKeywordLibrary' failed: ModuleNotFoundError: No module named 'playwright_keyword_library'
2026-07-31 04:00:29.601787 ==============================================================================
2026-07-31 04:00:29.601787 Traceback (most recent call last):
2026-07-31 04:00:29.601816   None
2026-07-31 04:00:29.651983 PYTHONPATH:
2026-07-31 04:00:29.702124   /opt/hostedtoolcache/Python/3.11.15/x64/bin
2026-07-31 04:00:29.752295   /opt/hostedtoolcache/Python/3.11.15/x64/lib/python311.zip
2026-07-31 04:00:29.802431   /opt/hostedtoolcache/Python/3.11.15/x64/lib/python3.11
2026-07-31 04:00:29.852608   /opt/hostedtoolcache/Python/3.11.15/x64/lib/python3.11/lib-dynload
2026-07-31 04:00:29.902791   /opt/hostedtoolcache/Python/3.11.15/x64/lib/python3.11/site-packages
2026-07-31 04:00:29.952950 [ ERROR ] Error in file '/home/runner/work/engg-robot-testing-framework/engg-robot-testing-framework/resources/product_keywords.resource' on line 2: Importing library 'playwright_keyword_library.PlaywrightKeywordLibrary' failed: ModuleNotFoundError: No module named 'playwright_keyword_library'
2026-07-31 04:00:30.003115 Traceback (most recent call last):
2026-07-31 04:00:30.053327   None
2026-07-31 04:00:30.103518 PYTHONPATH:
2026-07-31 04:00:30.153741   /opt/hostedtoolcache/Python/3.11.15/x64/bin
2026-07-31 04:00:30.203930   /opt/hostedtoolcache/Python/3.11.15/x64/lib/python311.zip
2026-07-31 04:00:30.254132   /opt/hostedtoolcache/Python/3.11.15/x64/lib/python3.11
2026-07-31 04:00:30.304310   /opt/hostedtoolcache/Python/3.11.15/x64/lib/python3.11/lib-dynload
2026-07-31 04:00:30.354530   /opt/hostedtoolcache/Python/3.11.15/x64/lib/python3.11/site-packages
2026-07-31 04:00:30.404722 [ ERROR ] Error in file '/home/runner/work/engg-robot-testing-framework/engg-robot-testing-framework/resources/cart_keywords.resource' on line 2: Importing library 'playwright_keyword_library.PlaywrightKeywordLibrary' failed: ModuleNotFoundError: No module named 'playwright_keyword_library'
2026-07-31 04:00:30.454984 Traceback (most recent call last):
2026-07-31 04:00:30.505171   None
2026-07-31 04:00:30.555370 PYTHONPATH:
2026-07-31 04:00:30.605552   /opt/hostedtoolcache/Python/3.11.15/x64/bin
2026-07-31 04:00:30.655763   /opt/hostedtoolcache/Python/3.11.15/x64/lib/python311.zip
2026-07-31 04:00:30.705936   /opt/hostedtoolcache/Python/3.11.15/x64/lib/python3.11
2026-07-31 04:00:30.756056   /opt/hostedtoolcache/Python/3.11.15/x64/lib/python3.11/lib-dynload
2026-07-31 04:00:30.806213   /opt/hostedtoolcache/Python/3.11.15/x64/lib/python3.11/site-packages
2026-07-31 04:00:39.580698 TC13 Verify Product Quantity In Cart                                  | FAIL |
2026-07-31 04:00:39.614454 Setup failed:
2026-07-31 04:00:39.614474 No keyword with name 'Open Browser' found.
2026-07-31 04:00:39.614489 
2026-07-31 04:00:39.614502 Also teardown failed:
2026-07-31 04:00:39.614515 Several failures occurred:
2026-07-31 04:00:39.614527 
2026-07-31 04:00:39.614540 1) No keyword with name 'Register Keyword To Run On Failure' found.
2026-07-31 04:00:39.614558 
2026-07-31 04:00:39.614569 2) No keyword with name 'Close Browser' found. Did you mean:
2026-07-31 04:00:39.614581     common.Close Test Browser
2026-07-31 04:00:39.614594 ------------------------------------------------------------------------------
2026-07-31 04:00:39.614606 Suites.Cart.TC13 verify product quantity :: TC13 - Verify Product ... | FAIL |
2026-07-31 04:00:39.615194 1 test, 0 passed, 1 failed
2026-07-31 04:00:39.615213 ==============================================================================
2026-07-31 04:00:39.615225 Suites.Cart                                                           | FAIL |
2026-07-31 04:00:39.615595 1 test, 0 passed, 1 failed
2026-07-31 04:00:39.615612 ==============================================================================
2026-07-31 04:00:39.615625 Suites                                                                | FAIL |
2026-07-31 04:00:39.615938 1 test, 0 passed, 1 failed
2026-07-31 04:00:39.615997 ==============================================================================
2026-07-31 04:00:39.616013 Output:  /home/runner/work/engg-robot-testing-framework/engg-robot-testing-framework/reports/pabot_results/6/output.xml
