2026-08-23 02:09:36.520947 ==============================================================================
2026-08-23 02:09:36.548966 Suites
2026-08-23 02:09:36.548989 ==============================================================================
2026-08-23 02:09:36.549006 Suites.Cart
2026-08-23 02:09:36.549931 ==============================================================================
2026-08-23 02:09:36.549949 Suites.Cart.TC12 add products to cart :: TC12 - Add Products In Cart
2026-08-23 02:09:36.549949 [ ERROR ] Error in file '/home/runner/work/engg-robot-testing-framework/engg-robot-testing-framework/resources/common.resource' on line 4: Importing library 'playwright_keyword_library.PlaywrightKeywordLibrary' failed: ModuleNotFoundError: No module named 'playwright_keyword_library'
2026-08-23 02:09:36.581321 ==============================================================================
2026-08-23 02:09:36.581321 Traceback (most recent call last):
2026-08-23 02:09:36.581341   None
2026-08-23 02:09:36.631478 PYTHONPATH:
2026-08-23 02:09:36.681615   /opt/hostedtoolcache/Python/3.11.16/x64/bin
2026-08-23 02:09:36.731780   /opt/hostedtoolcache/Python/3.11.16/x64/lib/python311.zip
2026-08-23 02:09:36.781919   /opt/hostedtoolcache/Python/3.11.16/x64/lib/python3.11
2026-08-23 02:09:36.832080   /opt/hostedtoolcache/Python/3.11.16/x64/lib/python3.11/lib-dynload
2026-08-23 02:09:36.882206   /opt/hostedtoolcache/Python/3.11.16/x64/lib/python3.11/site-packages
2026-08-23 02:09:36.932353 [ ERROR ] Error in file '/home/runner/work/engg-robot-testing-framework/engg-robot-testing-framework/resources/product_keywords.resource' on line 2: Importing library 'playwright_keyword_library.PlaywrightKeywordLibrary' failed: ModuleNotFoundError: No module named 'playwright_keyword_library'
2026-08-23 02:09:36.982479 Traceback (most recent call last):
2026-08-23 02:09:37.032612   None
2026-08-23 02:09:37.082749 PYTHONPATH:
2026-08-23 02:09:37.132946   /opt/hostedtoolcache/Python/3.11.16/x64/bin
2026-08-23 02:09:37.183090   /opt/hostedtoolcache/Python/3.11.16/x64/lib/python311.zip
2026-08-23 02:09:37.233296   /opt/hostedtoolcache/Python/3.11.16/x64/lib/python3.11
2026-08-23 02:09:37.283425   /opt/hostedtoolcache/Python/3.11.16/x64/lib/python3.11/lib-dynload
2026-08-23 02:09:37.333603   /opt/hostedtoolcache/Python/3.11.16/x64/lib/python3.11/site-packages
2026-08-23 02:09:37.383756 [ ERROR ] Error in file '/home/runner/work/engg-robot-testing-framework/engg-robot-testing-framework/resources/cart_keywords.resource' on line 2: Importing library 'playwright_keyword_library.PlaywrightKeywordLibrary' failed: ModuleNotFoundError: No module named 'playwright_keyword_library'
2026-08-23 02:09:37.433969 Traceback (most recent call last):
2026-08-23 02:09:37.484139   None
2026-08-23 02:09:37.534331 PYTHONPATH:
2026-08-23 02:09:37.584483   /opt/hostedtoolcache/Python/3.11.16/x64/bin
2026-08-23 02:09:37.634708   /opt/hostedtoolcache/Python/3.11.16/x64/lib/python311.zip
2026-08-23 02:09:37.685107   /opt/hostedtoolcache/Python/3.11.16/x64/lib/python3.11
2026-08-23 02:09:37.735273   /opt/hostedtoolcache/Python/3.11.16/x64/lib/python3.11/lib-dynload
2026-08-23 02:09:37.785457   /opt/hostedtoolcache/Python/3.11.16/x64/lib/python3.11/site-packages
2026-08-23 02:09:46.560958 TC12 Add Products In Cart                                             | FAIL |
2026-08-23 02:09:46.595737 Setup failed:
2026-08-23 02:09:46.595757 No keyword with name 'Open Browser' found.
2026-08-23 02:09:46.595772 
2026-08-23 02:09:46.595786 Also teardown failed:
2026-08-23 02:09:46.595799 Several failures occurred:
2026-08-23 02:09:46.595812 
2026-08-23 02:09:46.595826 1) No keyword with name 'Register Keyword To Run On Failure' found.
2026-08-23 02:09:46.595837 
2026-08-23 02:09:46.595848 2) No keyword with name 'Close Browser' found. Did you mean:
2026-08-23 02:09:46.595860     common.Close Test Browser
2026-08-23 02:09:46.595872 ------------------------------------------------------------------------------
2026-08-23 02:09:46.595883 Suites.Cart.TC12 add products to cart :: TC12 - Add Products In Cart  | FAIL |
2026-08-23 02:09:46.596451 1 test, 0 passed, 1 failed
2026-08-23 02:09:46.596469 ==============================================================================
2026-08-23 02:09:46.596483 Suites.Cart                                                           | FAIL |
2026-08-23 02:09:46.596839 1 test, 0 passed, 1 failed
2026-08-23 02:09:46.596905 ==============================================================================
2026-08-23 02:09:46.596921 Suites                                                                | FAIL |
2026-08-23 02:09:46.597303 1 test, 0 passed, 1 failed
2026-08-23 02:09:46.598131 ==============================================================================
2026-08-23 02:09:46.598151 Output:  /home/runner/work/engg-robot-testing-framework/engg-robot-testing-framework/reports/pabot_results/5/output.xml
