[INFO]    Initialized logging in reports/pabot_results
[INFO]    Robot Framework remote server at 127.0.0.1:8270 started.
[DEBUG]   2026-05-31 05:01:23.185892 [PID:2380] [0] [ID:0] EXECUTING Suites.Auth.TC01 register user
[DEBUG]   2026-05-31 05:01:23.187691 [PID:2381] [1] [ID:1] EXECUTING Suites.Auth.TC02 login valid
[DEBUG]   2026-05-31 05:01:28.192475 [PID:2380] [0] [ID:0] still running Suites.Auth.TC01 register user after 5.0s
[DEBUG]   2026-05-31 05:01:28.193252 [PID:2381] [1] [ID:1] still running Suites.Auth.TC02 login valid after 5.0s
[DEBUG]   2026-05-31 05:01:38.203249 [PID:2380] [0] [ID:0] still running Suites.Auth.TC01 register user after 15.0s
[DEBUG]   2026-05-31 05:01:38.203350 [PID:2381] [1] [ID:1] still running Suites.Auth.TC02 login valid after 15.0s
[DEBUG]   2026-05-31 05:01:53.224615 [PID:2380] [0] [ID:0] still running Suites.Auth.TC01 register user after 30.0s
[DEBUG]   2026-05-31 05:01:53.234865 [PID:2381] [1] [ID:1] still running Suites.Auth.TC02 login valid after 30.0s
[DEBUG]   2026-05-31 05:02:13.261138 [PID:2380] [0] [ID:0] still running Suites.Auth.TC01 register user after 50.0s
[DEBUG]   2026-05-31 05:02:13.266919 [PID:2381] [1] [ID:1] still running Suites.Auth.TC02 login valid after 50.0s
[INFO]    2026-05-31 05:02:16.367568 [PID:2380] [0] [ID:0] PASSED Suites.Auth.TC01 register user in 53.2 seconds
[DEBUG]   2026-05-31 05:02:16.372791 [PID:2917] [0] [ID:2] EXECUTING Suites.Auth.TC03 login invalid
[DEBUG]   2026-05-31 05:02:21.380078 [PID:2917] [0] [ID:2] still running Suites.Auth.TC03 login invalid after 5.0s
[DEBUG]   2026-05-31 05:02:31.389166 [PID:2917] [0] [ID:2] still running Suites.Auth.TC03 login invalid after 15.0s
[INFO]    2026-05-31 05:02:31.492045 [PID:2917] [0] [ID:2] PASSED Suites.Auth.TC03 login invalid in 15.1 seconds
[DEBUG]   2026-05-31 05:02:31.497496 [PID:3155] [1] [ID:3] EXECUTING Suites.Auth.TC04 logout user
[DEBUG]   2026-05-31 05:02:36.504282 [PID:3155] [1] [ID:3] still running Suites.Auth.TC04 logout user after 5.0s
[DEBUG]   2026-05-31 05:02:38.298269 [PID:2381] [1] [ID:1] still running Suites.Auth.TC02 login valid after 75.0s
[DEBUG]   2026-05-31 05:02:46.518278 [PID:3155] [1] [ID:3] still running Suites.Auth.TC04 logout user after 15.0s
[DEBUG]   2026-05-31 05:03:01.533197 [PID:3155] [1] [ID:3] still running Suites.Auth.TC04 logout user after 30.0s
[INFO]    2026-05-31 05:03:02.737014 [PID:3155] [1] [ID:3] PASSED Suites.Auth.TC04 logout user in 31.2 seconds
[DEBUG]   2026-05-31 05:03:02.741582 [PID:3577] [0] [ID:4] EXECUTING Suites.Auth.TC05 register existing email
[INFO]    2026-05-31 05:03:04.931434 [PID:2381] [1] [ID:1] Execution failed in Suites.Auth.TC02 login valid with 1 failing test(s)
==============================================================================
Suites
==============================================================================
Suites.Auth
==============================================================================
Suites.Auth.TC02 login valid
==============================================================================
TC02 Login User With Correct Email And Password                       | FAIL |
Element 'xpath=//a[contains(text(),'Logout')]' not visible after 45 seconds.
------------------------------------------------------------------------------
Suites.Auth.TC02 login valid                                          | FAIL |
1 test, 0 passed, 1 failed
==============================================================================
Suites.Auth                                                           | FAIL |
1 test, 0 passed, 1 failed
==============================================================================
Suites                                                                | FAIL |
1 test, 0 passed, 1 failed
==============================================================================
Output:  /home/runner/work/engg-robot-testing-framework/engg-robot-testing-framework/reports/pabot_results/1/output.xml
[DEBUG]   2026-05-31 05:03:04.935271 [PID:3741] [1] [ID:5] EXECUTING Suites.Cart.TC12 add products to cart
[DEBUG]   2026-05-31 05:03:07.749063 [PID:3577] [0] [ID:4] still running Suites.Auth.TC05 register existing email after 5.0s
[DEBUG]   2026-05-31 05:03:09.949670 [PID:3741] [1] [ID:5] still running Suites.Cart.TC12 add products to cart after 5.0s
[DEBUG]   2026-05-31 05:03:17.760840 [PID:3577] [0] [ID:4] still running Suites.Auth.TC05 register existing email after 15.0s
[DEBUG]   2026-05-31 05:03:19.959885 [PID:3741] [1] [ID:5] still running Suites.Cart.TC12 add products to cart after 15.0s
[INFO]    2026-05-31 05:03:22.765772 [PID:3741] [1] [ID:5] PASSED Suites.Cart.TC12 add products to cart in 17.8 seconds
[DEBUG]   2026-05-31 05:03:22.770735 [PID:4050] [0] [ID:6] EXECUTING Suites.Cart.TC13 verify product quantity
[DEBUG]   2026-05-31 05:03:27.780219 [PID:4050] [0] [ID:6] still running Suites.Cart.TC13 verify product quantity after 5.0s
[DEBUG]   2026-05-31 05:03:32.775978 [PID:3577] [0] [ID:4] still running Suites.Auth.TC05 register existing email after 30.0s
[INFO]    2026-05-31 05:03:36.290594 [PID:4050] [0] [ID:6] PASSED Suites.Cart.TC13 verify product quantity in 13.5 seconds
[DEBUG]   2026-05-31 05:03:36.295592 [PID:4287] [1] [ID:7] EXECUTING Suites.Cart.TC17 remove products from cart
[INFO]    2026-05-31 05:03:40.789045 [PID:3577] [0] [ID:4] PASSED Suites.Auth.TC05 register existing email in 38.0 seconds
[DEBUG]   2026-05-31 05:03:40.793759 [PID:4453] [0] [ID:8] EXECUTING Suites.Cart.TC20 search and verify cart after login
[DEBUG]   2026-05-31 05:03:41.304398 [PID:4287] [1] [ID:7] still running Suites.Cart.TC17 remove products from cart after 5.0s
[DEBUG]   2026-05-31 05:03:45.803277 [PID:4453] [0] [ID:8] still running Suites.Cart.TC20 search and verify cart after login after 5.0s
[DEBUG]   2026-05-31 05:03:51.316112 [PID:4287] [1] [ID:7] still running Suites.Cart.TC17 remove products from cart after 15.0s
[DEBUG]   2026-05-31 05:03:55.816227 [PID:4453] [0] [ID:8] still running Suites.Cart.TC20 search and verify cart after login after 15.0s
[INFO]    2026-05-31 05:04:05.934408 [PID:4287] [1] [ID:7] PASSED Suites.Cart.TC17 remove products from cart in 29.6 seconds
[DEBUG]   2026-05-31 05:04:05.938393 [PID:4763] [1] [ID:9] EXECUTING Suites.Cart.TC22 add from recommended items
[DEBUG]   2026-05-31 05:04:10.831503 [PID:4453] [0] [ID:8] still running Suites.Cart.TC20 search and verify cart after login after 30.0s
[DEBUG]   2026-05-31 05:04:10.946812 [PID:4763] [1] [ID:9] still running Suites.Cart.TC22 add from recommended items after 5.0s
[INFO]    2026-05-31 05:04:18.045046 [PID:4453] [0] [ID:8] PASSED Suites.Cart.TC20 search and verify cart after login in 37.3 seconds
[DEBUG]   2026-05-31 05:04:20.958041 [PID:4763] [1] [ID:9] still running Suites.Cart.TC22 add from recommended items after 15.0s
[INFO]    2026-05-31 05:04:22.561969 [PID:4763] [1] [ID:9] PASSED Suites.Cart.TC22 add from recommended items in 16.6 seconds
[INFO]    10 tests, 9 passed, 1 failed, 0 skipped.
[INFO]    ===================================================
[INFO]    Output:  /home/runner/work/engg-robot-testing-framework/engg-robot-testing-framework/reports/output.xml
[INFO]    Log:     /home/runner/work/engg-robot-testing-framework/engg-robot-testing-framework/reports/log.html
[INFO]    Report:  /home/runner/work/engg-robot-testing-framework/engg-robot-testing-framework/reports/report.html
[DEBUG]   Finalizing Pabot execution...
[DEBUG]   Stopping PabotLib process
[INFO]    Robot Framework remote server at 127.0.0.1:8270 stopped.
[DEBUG]   PabotLib process stopped
[INFO]    Total testing: 5 minutes 54.0 seconds
[INFO]    Elapsed time:  3 minutes 0.0 seconds
[DEBUG]   Logs flushed successfully.
