2026-09-04 04:55:41.219225 ==============================================================================
2026-09-04 04:55:41.238531 Suites
2026-09-04 04:55:41.238549 ==============================================================================
2026-09-04 04:55:41.238565 Suites.Auth
2026-09-04 04:55:41.239475 ==============================================================================
2026-09-04 04:55:41.239493 Suites.Auth.TC04 logout user
2026-09-04 04:55:41.239493 [ ERROR ] Error in file '/home/runner/work/engg-robot-testing-framework/engg-robot-testing-framework/tests/auth/TC04_logout_user.robot' on line 2: Importing library 'playwright_keyword_library.PlaywrightKeywordLibrary' failed: ModuleNotFoundError: No module named 'playwright_keyword_library'
2026-09-04 04:55:41.258026 ==============================================================================
2026-09-04 04:55:41.258026 Traceback (most recent call last):
2026-09-04 04:55:41.258048   None
2026-09-04 04:55:41.308143 PYTHONPATH:
2026-09-04 04:55:41.358234   /opt/hostedtoolcache/Python/3.11.16/x64/bin
2026-09-04 04:55:41.408333   /opt/hostedtoolcache/Python/3.11.16/x64/lib/python311.zip
2026-09-04 04:55:41.458433   /opt/hostedtoolcache/Python/3.11.16/x64/lib/python3.11
2026-09-04 04:55:41.508535   /opt/hostedtoolcache/Python/3.11.16/x64/lib/python3.11/lib-dynload
2026-09-04 04:55:41.558710   /opt/hostedtoolcache/Python/3.11.16/x64/lib/python3.11/site-packages
2026-09-04 04:55:41.608875 [ ERROR ] Error in file '/home/runner/work/engg-robot-testing-framework/engg-robot-testing-framework/resources/auth_keywords.resource' on line 2: Importing library 'playwright_keyword_library.PlaywrightKeywordLibrary' failed: ModuleNotFoundError: No module named 'playwright_keyword_library'
2026-09-04 04:55:41.659037 Traceback (most recent call last):
2026-09-04 04:55:41.709188   None
2026-09-04 04:55:41.759344 PYTHONPATH:
2026-09-04 04:55:41.809485   /opt/hostedtoolcache/Python/3.11.16/x64/bin
2026-09-04 04:55:41.859643   /opt/hostedtoolcache/Python/3.11.16/x64/lib/python311.zip
2026-09-04 04:55:41.909792   /opt/hostedtoolcache/Python/3.11.16/x64/lib/python3.11
2026-09-04 04:55:41.959985   /opt/hostedtoolcache/Python/3.11.16/x64/lib/python3.11/lib-dynload
2026-09-04 04:55:42.010254   /opt/hostedtoolcache/Python/3.11.16/x64/lib/python3.11/site-packages
2026-09-04 04:55:42.060473 [ ERROR ] Error in file '/home/runner/work/engg-robot-testing-framework/engg-robot-testing-framework/resources/common.resource' on line 4: Importing library 'playwright_keyword_library.PlaywrightKeywordLibrary' failed: ModuleNotFoundError: No module named 'playwright_keyword_library'
2026-09-04 04:55:42.110718 Traceback (most recent call last):
2026-09-04 04:55:42.160896   None
2026-09-04 04:55:42.211137 PYTHONPATH:
2026-09-04 04:55:42.261322   /opt/hostedtoolcache/Python/3.11.16/x64/bin
2026-09-04 04:55:42.311518   /opt/hostedtoolcache/Python/3.11.16/x64/lib/python311.zip
2026-09-04 04:55:42.361796   /opt/hostedtoolcache/Python/3.11.16/x64/lib/python3.11
2026-09-04 04:55:42.412012   /opt/hostedtoolcache/Python/3.11.16/x64/lib/python3.11/lib-dynload
2026-09-04 04:55:42.462190   /opt/hostedtoolcache/Python/3.11.16/x64/lib/python3.11/site-packages
2026-09-04 04:55:51.235387 TC04 Logout User                                                      | FAIL |
2026-09-04 04:55:51.268259 Setup failed:
2026-09-04 04:55:51.268276 No keyword with name 'Open Browser' found.
2026-09-04 04:55:51.268291 
2026-09-04 04:55:51.268304 Also teardown failed:
2026-09-04 04:55:51.268318 Several failures occurred:
2026-09-04 04:55:51.268331 
2026-09-04 04:55:51.268350 1) No keyword with name 'Register Keyword To Run On Failure' found.
2026-09-04 04:55:51.268364 
2026-09-04 04:55:51.268377 2) No keyword with name 'Close Browser' found. Did you mean:
2026-09-04 04:55:51.268390     common.Close Test Browser
2026-09-04 04:55:51.268403 ------------------------------------------------------------------------------
2026-09-04 04:55:51.268416 Suites.Auth.TC04 logout user                                          | FAIL |
2026-09-04 04:55:51.268952 1 test, 0 passed, 1 failed
2026-09-04 04:55:51.269049 ==============================================================================
2026-09-04 04:55:51.269067 Suites.Auth                                                           | FAIL |
2026-09-04 04:55:51.269442 1 test, 0 passed, 1 failed
2026-09-04 04:55:51.269509 ==============================================================================
2026-09-04 04:55:51.269525 Suites                                                                | FAIL |
2026-09-04 04:55:51.269822 1 test, 0 passed, 1 failed
2026-09-04 04:55:51.269889 ==============================================================================
2026-09-04 04:55:51.269904 Output:  /home/runner/work/engg-robot-testing-framework/engg-robot-testing-framework/reports/pabot_results/3/output.xml
