2026-10-01 06:23:21.260490 ==============================================================================
2026-10-01 06:23:21.287274 Suites
2026-10-01 06:23:21.287297 ==============================================================================
2026-10-01 06:23:21.287313 Suites.Auth
2026-10-01 06:23:21.288110 ==============================================================================
2026-10-01 06:23:21.288130 Suites.Auth.TC01 register user
2026-10-01 06:23:21.288130 [ ERROR ] Error in file '/home/runner/work/engg-robot-testing-framework/engg-robot-testing-framework/tests/auth/TC01_register_user.robot' on line 2: Importing library 'playwright_keyword_library.PlaywrightKeywordLibrary' failed: ModuleNotFoundError: No module named 'playwright_keyword_library'
2026-10-01 06:23:21.307618 ==============================================================================
2026-10-01 06:23:21.307618 Traceback (most recent call last):
2026-10-01 06:23:21.307644   None
2026-10-01 06:23:21.357755 PYTHONPATH:
2026-10-01 06:23:21.407876   /opt/hostedtoolcache/Python/3.11.16/x64/bin
2026-10-01 06:23:21.457990   /opt/hostedtoolcache/Python/3.11.16/x64/lib/python311.zip
2026-10-01 06:23:21.508096   /opt/hostedtoolcache/Python/3.11.16/x64/lib/python3.11
2026-10-01 06:23:21.558209   /opt/hostedtoolcache/Python/3.11.16/x64/lib/python3.11/lib-dynload
2026-10-01 06:23:21.608363   /opt/hostedtoolcache/Python/3.11.16/x64/lib/python3.11/site-packages
2026-10-01 06:23:21.658527 [ ERROR ] Error in file '/home/runner/work/engg-robot-testing-framework/engg-robot-testing-framework/resources/auth_keywords.resource' on line 2: Importing library 'playwright_keyword_library.PlaywrightKeywordLibrary' failed: ModuleNotFoundError: No module named 'playwright_keyword_library'
2026-10-01 06:23:21.708684 Traceback (most recent call last):
2026-10-01 06:23:21.758833   None
2026-10-01 06:23:21.808985 PYTHONPATH:
2026-10-01 06:23:21.859191   /opt/hostedtoolcache/Python/3.11.16/x64/bin
2026-10-01 06:23:21.909347   /opt/hostedtoolcache/Python/3.11.16/x64/lib/python311.zip
2026-10-01 06:23:21.959496   /opt/hostedtoolcache/Python/3.11.16/x64/lib/python3.11
2026-10-01 06:23:22.009658   /opt/hostedtoolcache/Python/3.11.16/x64/lib/python3.11/lib-dynload
2026-10-01 06:23:22.059810   /opt/hostedtoolcache/Python/3.11.16/x64/lib/python3.11/site-packages
2026-10-01 06:23:22.109970 [ ERROR ] Error in file '/home/runner/work/engg-robot-testing-framework/engg-robot-testing-framework/resources/common.resource' on line 4: Importing library 'playwright_keyword_library.PlaywrightKeywordLibrary' failed: ModuleNotFoundError: No module named 'playwright_keyword_library'
2026-10-01 06:23:22.160121 Traceback (most recent call last):
2026-10-01 06:23:22.210251   None
2026-10-01 06:23:22.260403 PYTHONPATH:
2026-10-01 06:23:22.310558   /opt/hostedtoolcache/Python/3.11.16/x64/bin
2026-10-01 06:23:22.360718   /opt/hostedtoolcache/Python/3.11.16/x64/lib/python311.zip
2026-10-01 06:23:22.410866   /opt/hostedtoolcache/Python/3.11.16/x64/lib/python3.11
2026-10-01 06:23:22.461016   /opt/hostedtoolcache/Python/3.11.16/x64/lib/python3.11/lib-dynload
2026-10-01 06:23:22.511203   /opt/hostedtoolcache/Python/3.11.16/x64/lib/python3.11/site-packages
2026-10-01 06:23:31.283087 TC01 Register User                                                    | FAIL |
2026-10-01 06:23:31.317444 Setup failed:
2026-10-01 06:23:31.317463 No keyword with name 'Open Browser' found.
2026-10-01 06:23:31.317478 
2026-10-01 06:23:31.317492 Also teardown failed:
2026-10-01 06:23:31.317505 Several failures occurred:
2026-10-01 06:23:31.317517 
2026-10-01 06:23:31.317529 1) No keyword with name 'Register Keyword To Run On Failure' found.
2026-10-01 06:23:31.317542 
2026-10-01 06:23:31.317553 2) No keyword with name 'Close Browser' found. Did you mean:
2026-10-01 06:23:31.317565     common.Close Test Browser
2026-10-01 06:23:31.317578 ------------------------------------------------------------------------------
2026-10-01 06:23:31.317590 Suites.Auth.TC01 register user                                        | FAIL |
2026-10-01 06:23:31.318077 1 test, 0 passed, 1 failed
2026-10-01 06:23:31.318102 ==============================================================================
2026-10-01 06:23:31.318157 Suites.Auth                                                           | FAIL |
2026-10-01 06:23:31.318485 1 test, 0 passed, 1 failed
2026-10-01 06:23:31.318502 ==============================================================================
2026-10-01 06:23:31.318516 Suites                                                                | FAIL |
2026-10-01 06:23:31.319016 1 test, 0 passed, 1 failed
2026-10-01 06:23:31.319030 ==============================================================================
2026-10-01 06:23:31.319043 Output:  /home/runner/work/engg-robot-testing-framework/engg-robot-testing-framework/reports/pabot_results/0/output.xml
