2026-06-27 04:35:01.478844 ==============================================================================
2026-06-27 04:35:01.508295 Suites
2026-06-27 04:35:01.508324 ==============================================================================
2026-06-27 04:35:01.508386 Suites.Cart
2026-06-27 04:35:01.509284 ==============================================================================
2026-06-27 04:35:01.509302 Suites.Cart.TC13 verify product quantity :: TC13 - Verify Product Quantity ...
2026-06-27 04:35:01.509302 [ ERROR ] Error in file '/home/runner/work/engg-robot-testing-framework/engg-robot-testing-framework/resources/common.resource' on line 4: Importing library 'playwright_keyword_library.PlaywrightKeywordLibrary' failed: ModuleNotFoundError: No module named 'playwright_keyword_library'
2026-06-27 04:35:01.542332 ==============================================================================
2026-06-27 04:35:01.542332 Traceback (most recent call last):
2026-06-27 04:35:01.542355   None
2026-06-27 04:35:01.592467 PYTHONPATH:
2026-06-27 04:35:01.642572   /opt/hostedtoolcache/Python/3.11.15/x64/bin
2026-06-27 04:35:01.692676   /opt/hostedtoolcache/Python/3.11.15/x64/lib/python311.zip
2026-06-27 04:35:01.742775   /opt/hostedtoolcache/Python/3.11.15/x64/lib/python3.11
2026-06-27 04:35:01.792876   /opt/hostedtoolcache/Python/3.11.15/x64/lib/python3.11/lib-dynload
2026-06-27 04:35:01.843016   /opt/hostedtoolcache/Python/3.11.15/x64/lib/python3.11/site-packages
2026-06-27 04:35:01.893161 [ ERROR ] Error in file '/home/runner/work/engg-robot-testing-framework/engg-robot-testing-framework/resources/product_keywords.resource' on line 2: Importing library 'playwright_keyword_library.PlaywrightKeywordLibrary' failed: ModuleNotFoundError: No module named 'playwright_keyword_library'
2026-06-27 04:35:01.943300 Traceback (most recent call last):
2026-06-27 04:35:01.993444   None
2026-06-27 04:35:02.043586 PYTHONPATH:
2026-06-27 04:35:02.093738   /opt/hostedtoolcache/Python/3.11.15/x64/bin
2026-06-27 04:35:02.143892   /opt/hostedtoolcache/Python/3.11.15/x64/lib/python311.zip
2026-06-27 04:35:02.194044   /opt/hostedtoolcache/Python/3.11.15/x64/lib/python3.11
2026-06-27 04:35:02.244162   /opt/hostedtoolcache/Python/3.11.15/x64/lib/python3.11/lib-dynload
2026-06-27 04:35:02.294275   /opt/hostedtoolcache/Python/3.11.15/x64/lib/python3.11/site-packages
2026-06-27 04:35:02.344397 [ ERROR ] Error in file '/home/runner/work/engg-robot-testing-framework/engg-robot-testing-framework/resources/cart_keywords.resource' on line 2: Importing library 'playwright_keyword_library.PlaywrightKeywordLibrary' failed: ModuleNotFoundError: No module named 'playwright_keyword_library'
2026-06-27 04:35:02.394558 Traceback (most recent call last):
2026-06-27 04:35:02.444710   None
2026-06-27 04:35:02.494868 PYTHONPATH:
2026-06-27 04:35:02.544976   /opt/hostedtoolcache/Python/3.11.15/x64/bin
2026-06-27 04:35:02.595137   /opt/hostedtoolcache/Python/3.11.15/x64/lib/python311.zip
2026-06-27 04:35:02.645294   /opt/hostedtoolcache/Python/3.11.15/x64/lib/python3.11
2026-06-27 04:35:02.695447   /opt/hostedtoolcache/Python/3.11.15/x64/lib/python3.11/lib-dynload
2026-06-27 04:35:02.745600   /opt/hostedtoolcache/Python/3.11.15/x64/lib/python3.11/site-packages
2026-06-27 04:35:11.518169 TC13 Verify Product Quantity In Cart                                  | FAIL |
2026-06-27 04:35:11.553832 Setup failed:
2026-06-27 04:35:11.553849 No keyword with name 'Open Browser' found.
2026-06-27 04:35:11.553864 
2026-06-27 04:35:11.553878 Also teardown failed:
2026-06-27 04:35:11.553894 Several failures occurred:
2026-06-27 04:35:11.553908 
2026-06-27 04:35:11.553986 1) No keyword with name 'Register Keyword To Run On Failure' found.
2026-06-27 04:35:11.553999 
2026-06-27 04:35:11.554011 2) No keyword with name 'Close Browser' found. Did you mean:
2026-06-27 04:35:11.554024     common.Close Test Browser
2026-06-27 04:35:11.554036 ------------------------------------------------------------------------------
2026-06-27 04:35:11.554048 Suites.Cart.TC13 verify product quantity :: TC13 - Verify Product ... | FAIL |
2026-06-27 04:35:11.554564 1 test, 0 passed, 1 failed
2026-06-27 04:35:11.554581 ==============================================================================
2026-06-27 04:35:11.554594 Suites.Cart                                                           | FAIL |
2026-06-27 04:35:11.554969 1 test, 0 passed, 1 failed
2026-06-27 04:35:11.555049 ==============================================================================
2026-06-27 04:35:11.555065 Suites                                                                | FAIL |
2026-06-27 04:35:11.555378 1 test, 0 passed, 1 failed
2026-06-27 04:35:11.555457 ==============================================================================
2026-06-27 04:35:11.555472 Output:  /home/runner/work/engg-robot-testing-framework/engg-robot-testing-framework/reports/pabot_results/6/output.xml
