2026-07-20 04:13:32.257040 ==============================================================================
2026-07-20 04:13:32.274172 Suites
2026-07-20 04:13:32.274190 ==============================================================================
2026-07-20 04:13:32.274204 Suites.Auth
2026-07-20 04:13:32.274902 ==============================================================================
2026-07-20 04:13:32.274926 Suites.Auth.TC02 login valid
2026-07-20 04:13:32.274926 [ ERROR ] Error in file '/home/runner/work/engg-robot-testing-framework/engg-robot-testing-framework/tests/auth/TC02_login_valid.robot' on line 2: Importing library 'playwright_keyword_library.PlaywrightKeywordLibrary' failed: ModuleNotFoundError: No module named 'playwright_keyword_library'
2026-07-20 04:13:32.292797 ==============================================================================
2026-07-20 04:13:32.292797 Traceback (most recent call last):
2026-07-20 04:13:32.292817   None
2026-07-20 04:13:32.342933 PYTHONPATH:
2026-07-20 04:13:32.393121   /opt/hostedtoolcache/Python/3.11.15/x64/bin
2026-07-20 04:13:32.443327   /opt/hostedtoolcache/Python/3.11.15/x64/lib/python311.zip
2026-07-20 04:13:32.493559   /opt/hostedtoolcache/Python/3.11.15/x64/lib/python3.11
2026-07-20 04:13:32.543819   /opt/hostedtoolcache/Python/3.11.15/x64/lib/python3.11/lib-dynload
2026-07-20 04:13:32.594033   /opt/hostedtoolcache/Python/3.11.15/x64/lib/python3.11/site-packages
2026-07-20 04:13:32.644286 [ ERROR ] Error in file '/home/runner/work/engg-robot-testing-framework/engg-robot-testing-framework/resources/auth_keywords.resource' on line 2: Importing library 'playwright_keyword_library.PlaywrightKeywordLibrary' failed: ModuleNotFoundError: No module named 'playwright_keyword_library'
2026-07-20 04:13:32.694552 Traceback (most recent call last):
2026-07-20 04:13:32.744750   None
2026-07-20 04:13:32.795073 PYTHONPATH:
2026-07-20 04:13:32.845259   /opt/hostedtoolcache/Python/3.11.15/x64/bin
2026-07-20 04:13:32.895483   /opt/hostedtoolcache/Python/3.11.15/x64/lib/python311.zip
2026-07-20 04:13:32.945659   /opt/hostedtoolcache/Python/3.11.15/x64/lib/python3.11
2026-07-20 04:13:32.995888   /opt/hostedtoolcache/Python/3.11.15/x64/lib/python3.11/lib-dynload
2026-07-20 04:13:33.046169   /opt/hostedtoolcache/Python/3.11.15/x64/lib/python3.11/site-packages
2026-07-20 04:13:33.096402 [ ERROR ] Error in file '/home/runner/work/engg-robot-testing-framework/engg-robot-testing-framework/resources/common.resource' on line 4: Importing library 'playwright_keyword_library.PlaywrightKeywordLibrary' failed: ModuleNotFoundError: No module named 'playwright_keyword_library'
2026-07-20 04:13:33.146635 Traceback (most recent call last):
2026-07-20 04:13:33.196868   None
2026-07-20 04:13:33.247148 PYTHONPATH:
2026-07-20 04:13:33.297323   /opt/hostedtoolcache/Python/3.11.15/x64/bin
2026-07-20 04:13:33.347553   /opt/hostedtoolcache/Python/3.11.15/x64/lib/python311.zip
2026-07-20 04:13:33.397843   /opt/hostedtoolcache/Python/3.11.15/x64/lib/python3.11
2026-07-20 04:13:33.448051   /opt/hostedtoolcache/Python/3.11.15/x64/lib/python3.11/lib-dynload
2026-07-20 04:13:33.498362   /opt/hostedtoolcache/Python/3.11.15/x64/lib/python3.11/site-packages
2026-07-20 04:13:42.274083 TC02 Login User With Correct Email And Password                       | FAIL |
2026-07-20 04:13:42.302891 Setup failed:
2026-07-20 04:13:42.302910 No keyword with name 'Open Browser' found.
2026-07-20 04:13:42.302923 
2026-07-20 04:13:42.302937 Also teardown failed:
2026-07-20 04:13:42.302949 Several failures occurred:
2026-07-20 04:13:42.302962 
2026-07-20 04:13:42.302975 1) No keyword with name 'Register Keyword To Run On Failure' found.
2026-07-20 04:13:42.302990 
2026-07-20 04:13:42.303061 2) No keyword with name 'Close Browser' found. Did you mean:
2026-07-20 04:13:42.303069     common.Close Test Browser
2026-07-20 04:13:42.303075 ------------------------------------------------------------------------------
2026-07-20 04:13:42.303081 Suites.Auth.TC02 login valid                                          | FAIL |
2026-07-20 04:13:42.303526 1 test, 0 passed, 1 failed
2026-07-20 04:13:42.303567 ==============================================================================
2026-07-20 04:13:42.303574 Suites.Auth                                                           | FAIL |
2026-07-20 04:13:42.304022 1 test, 0 passed, 1 failed
2026-07-20 04:13:42.304067 ==============================================================================
2026-07-20 04:13:42.304073 Suites                                                                | FAIL |
2026-07-20 04:13:42.304476 1 test, 0 passed, 1 failed
2026-07-20 04:13:42.304511 ==============================================================================
2026-07-20 04:13:42.304518 Output:  /home/runner/work/engg-robot-testing-framework/engg-robot-testing-framework/reports/pabot_results/1/output.xml
