2026-09-05 04:49:48.574032 ==============================================================================
2026-09-05 04:49:48.596525 Suites
2026-09-05 04:49:48.596545 ==============================================================================
2026-09-05 04:49:48.596560 Suites.Cart
2026-09-05 04:49:48.597382 ==============================================================================
2026-09-05 04:49:48.597402 Suites.Cart.TC12 add products to cart :: TC12 - Add Products In Cart
2026-09-05 04:49:48.597402 [ ERROR ] Error in file '/home/runner/work/engg-robot-testing-framework/engg-robot-testing-framework/resources/common.resource' on line 4: Importing library 'playwright_keyword_library.PlaywrightKeywordLibrary' failed: ModuleNotFoundError: No module named 'playwright_keyword_library'
2026-09-05 04:49:48.627669 ==============================================================================
2026-09-05 04:49:48.627669 Traceback (most recent call last):
2026-09-05 04:49:48.627695   None
2026-09-05 04:49:48.677796 PYTHONPATH:
2026-09-05 04:49:48.727901   /opt/hostedtoolcache/Python/3.11.16/x64/bin
2026-09-05 04:49:48.778024   /opt/hostedtoolcache/Python/3.11.16/x64/lib/python311.zip
2026-09-05 04:49:48.828135   /opt/hostedtoolcache/Python/3.11.16/x64/lib/python3.11
2026-09-05 04:49:48.878242   /opt/hostedtoolcache/Python/3.11.16/x64/lib/python3.11/lib-dynload
2026-09-05 04:49:48.928352   /opt/hostedtoolcache/Python/3.11.16/x64/lib/python3.11/site-packages
2026-09-05 04:49:48.978485 [ ERROR ] Error in file '/home/runner/work/engg-robot-testing-framework/engg-robot-testing-framework/resources/product_keywords.resource' on line 2: Importing library 'playwright_keyword_library.PlaywrightKeywordLibrary' failed: ModuleNotFoundError: No module named 'playwright_keyword_library'
2026-09-05 04:49:49.028643 Traceback (most recent call last):
2026-09-05 04:49:49.078777   None
2026-09-05 04:49:49.128934 PYTHONPATH:
2026-09-05 04:49:49.179063   /opt/hostedtoolcache/Python/3.11.16/x64/bin
2026-09-05 04:49:49.229223   /opt/hostedtoolcache/Python/3.11.16/x64/lib/python311.zip
2026-09-05 04:49:49.279355   /opt/hostedtoolcache/Python/3.11.16/x64/lib/python3.11
2026-09-05 04:49:49.329512   /opt/hostedtoolcache/Python/3.11.16/x64/lib/python3.11/lib-dynload
2026-09-05 04:49:49.379643   /opt/hostedtoolcache/Python/3.11.16/x64/lib/python3.11/site-packages
2026-09-05 04:49:49.429802 [ ERROR ] Error in file '/home/runner/work/engg-robot-testing-framework/engg-robot-testing-framework/resources/cart_keywords.resource' on line 2: Importing library 'playwright_keyword_library.PlaywrightKeywordLibrary' failed: ModuleNotFoundError: No module named 'playwright_keyword_library'
2026-09-05 04:49:49.479934 Traceback (most recent call last):
2026-09-05 04:49:49.530050   None
2026-09-05 04:49:49.580235 PYTHONPATH:
2026-09-05 04:49:49.630392   /opt/hostedtoolcache/Python/3.11.16/x64/bin
2026-09-05 04:49:49.680524   /opt/hostedtoolcache/Python/3.11.16/x64/lib/python311.zip
2026-09-05 04:49:49.730672   /opt/hostedtoolcache/Python/3.11.16/x64/lib/python3.11
2026-09-05 04:49:49.780803   /opt/hostedtoolcache/Python/3.11.16/x64/lib/python3.11/lib-dynload
2026-09-05 04:49:49.830966   /opt/hostedtoolcache/Python/3.11.16/x64/lib/python3.11/site-packages
2026-09-05 04:49:58.603722 TC12 Add Products In Cart                                             | FAIL |
2026-09-05 04:49:58.638434 Setup failed:
2026-09-05 04:49:58.638452 No keyword with name 'Open Browser' found.
2026-09-05 04:49:58.638468 
2026-09-05 04:49:58.638481 Also teardown failed:
2026-09-05 04:49:58.638494 Several failures occurred:
2026-09-05 04:49:58.638507 
2026-09-05 04:49:58.638521 1) No keyword with name 'Register Keyword To Run On Failure' found.
2026-09-05 04:49:58.638534 
2026-09-05 04:49:58.638545 2) No keyword with name 'Close Browser' found. Did you mean:
2026-09-05 04:49:58.638556     common.Close Test Browser
2026-09-05 04:49:58.638568 ------------------------------------------------------------------------------
2026-09-05 04:49:58.638580 Suites.Cart.TC12 add products to cart :: TC12 - Add Products In Cart  | FAIL |
2026-09-05 04:49:58.639123 1 test, 0 passed, 1 failed
2026-09-05 04:49:58.639143 ==============================================================================
2026-09-05 04:49:58.639158 Suites.Cart                                                           | FAIL |
2026-09-05 04:49:58.639563 1 test, 0 passed, 1 failed
2026-09-05 04:49:58.639582 ==============================================================================
2026-09-05 04:49:58.639596 Suites                                                                | FAIL |
2026-09-05 04:49:58.639932 1 test, 0 passed, 1 failed
2026-09-05 04:49:58.639948 ==============================================================================
2026-09-05 04:49:58.639960 Output:  /home/runner/work/engg-robot-testing-framework/engg-robot-testing-framework/reports/pabot_results/5/output.xml
