2026-07-05 04:40:00.085652 ==============================================================================
2026-07-05 04:40:00.107869 Suites
2026-07-05 04:40:00.107935 ==============================================================================
2026-07-05 04:40:00.107951 Suites.Auth
2026-07-05 04:40:00.108731 ==============================================================================
2026-07-05 04:40:00.108750 Suites.Auth.TC05 register existing email
2026-07-05 04:40:00.108750 [ ERROR ] Error in file '/home/runner/work/engg-robot-testing-framework/engg-robot-testing-framework/tests/auth/TC05_register_existing_email.robot' on line 2: Importing library 'playwright_keyword_library.PlaywrightKeywordLibrary' failed: ModuleNotFoundError: No module named 'playwright_keyword_library'
2026-07-05 04:40:00.127606 ==============================================================================
2026-07-05 04:40:00.127606 Traceback (most recent call last):
2026-07-05 04:40:00.127631   None
2026-07-05 04:40:00.177751 PYTHONPATH:
2026-07-05 04:40:00.227858   /opt/hostedtoolcache/Python/3.11.15/x64/bin
2026-07-05 04:40:00.277994   /opt/hostedtoolcache/Python/3.11.15/x64/lib/python311.zip
2026-07-05 04:40:00.328109   /opt/hostedtoolcache/Python/3.11.15/x64/lib/python3.11
2026-07-05 04:40:00.378224   /opt/hostedtoolcache/Python/3.11.15/x64/lib/python3.11/lib-dynload
2026-07-05 04:40:00.428360   /opt/hostedtoolcache/Python/3.11.15/x64/lib/python3.11/site-packages
2026-07-05 04:40:00.478499 [ ERROR ] Error in file '/home/runner/work/engg-robot-testing-framework/engg-robot-testing-framework/resources/auth_keywords.resource' on line 2: Importing library 'playwright_keyword_library.PlaywrightKeywordLibrary' failed: ModuleNotFoundError: No module named 'playwright_keyword_library'
2026-07-05 04:40:00.528661 Traceback (most recent call last):
2026-07-05 04:40:00.578813   None
2026-07-05 04:40:00.628989 PYTHONPATH:
2026-07-05 04:40:00.679137   /opt/hostedtoolcache/Python/3.11.15/x64/bin
2026-07-05 04:40:00.729291   /opt/hostedtoolcache/Python/3.11.15/x64/lib/python311.zip
2026-07-05 04:40:00.779438   /opt/hostedtoolcache/Python/3.11.15/x64/lib/python3.11
2026-07-05 04:40:00.829593   /opt/hostedtoolcache/Python/3.11.15/x64/lib/python3.11/lib-dynload
2026-07-05 04:40:00.879711   /opt/hostedtoolcache/Python/3.11.15/x64/lib/python3.11/site-packages
2026-07-05 04:40:00.929861 [ ERROR ] Error in file '/home/runner/work/engg-robot-testing-framework/engg-robot-testing-framework/resources/common.resource' on line 4: Importing library 'playwright_keyword_library.PlaywrightKeywordLibrary' failed: ModuleNotFoundError: No module named 'playwright_keyword_library'
2026-07-05 04:40:00.979983 Traceback (most recent call last):
2026-07-05 04:40:01.030138   None
2026-07-05 04:40:01.080301 PYTHONPATH:
2026-07-05 04:40:01.130449   /opt/hostedtoolcache/Python/3.11.15/x64/bin
2026-07-05 04:40:01.180576   /opt/hostedtoolcache/Python/3.11.15/x64/lib/python311.zip
2026-07-05 04:40:01.230724   /opt/hostedtoolcache/Python/3.11.15/x64/lib/python3.11
2026-07-05 04:40:01.280883   /opt/hostedtoolcache/Python/3.11.15/x64/lib/python3.11/lib-dynload
2026-07-05 04:40:01.331029   /opt/hostedtoolcache/Python/3.11.15/x64/lib/python3.11/site-packages
2026-07-05 04:40:10.104928 TC05 Register User With Existing Email                                | FAIL |
2026-07-05 04:40:10.137517 Setup failed:
2026-07-05 04:40:10.137532 No keyword with name 'Open Browser' found.
2026-07-05 04:40:10.137542 
2026-07-05 04:40:10.137550 Also teardown failed:
2026-07-05 04:40:10.137559 Several failures occurred:
2026-07-05 04:40:10.137567 
2026-07-05 04:40:10.137575 1) No keyword with name 'Register Keyword To Run On Failure' found.
2026-07-05 04:40:10.137584 
2026-07-05 04:40:10.137592 2) No keyword with name 'Close Browser' found. Did you mean:
2026-07-05 04:40:10.137600     common.Close Test Browser
2026-07-05 04:40:10.137609 ------------------------------------------------------------------------------
2026-07-05 04:40:10.137617 Suites.Auth.TC05 register existing email                              | FAIL |
2026-07-05 04:40:10.138057 1 test, 0 passed, 1 failed
2026-07-05 04:40:10.138071 ==============================================================================
2026-07-05 04:40:10.138081 Suites.Auth                                                           | FAIL |
2026-07-05 04:40:10.138383 1 test, 0 passed, 1 failed
2026-07-05 04:40:10.138395 ==============================================================================
2026-07-05 04:40:10.138402 Suites                                                                | FAIL |
2026-07-05 04:40:10.138689 1 test, 0 passed, 1 failed
2026-07-05 04:40:10.138701 ==============================================================================
2026-07-05 04:40:10.138708 Output:  /home/runner/work/engg-robot-testing-framework/engg-robot-testing-framework/reports/pabot_results/4/output.xml
