2026-07-20 04:13:53.108172 ==============================================================================
2026-07-20 04:13:53.128158 Suites
2026-07-20 04:13:53.128175 ==============================================================================
2026-07-20 04:13:53.128188 Suites.Auth
2026-07-20 04:13:53.128985 ==============================================================================
2026-07-20 04:13:53.129000 Suites.Auth.TC05 register existing email
2026-07-20 04:13:53.129000 [ ERROR ] Error in file '/home/runner/work/engg-robot-testing-framework/engg-robot-testing-framework/tests/auth/TC05_register_existing_email.robot' on line 2: Importing library 'playwright_keyword_library.PlaywrightKeywordLibrary' failed: ModuleNotFoundError: No module named 'playwright_keyword_library'
2026-07-20 04:13:53.146106 ==============================================================================
2026-07-20 04:13:53.146106 Traceback (most recent call last):
2026-07-20 04:13:53.146130   None
2026-07-20 04:13:53.196284 PYTHONPATH:
2026-07-20 04:13:53.246479   /opt/hostedtoolcache/Python/3.11.15/x64/bin
2026-07-20 04:13:53.296662   /opt/hostedtoolcache/Python/3.11.15/x64/lib/python311.zip
2026-07-20 04:13:53.346842   /opt/hostedtoolcache/Python/3.11.15/x64/lib/python3.11
2026-07-20 04:13:53.397033   /opt/hostedtoolcache/Python/3.11.15/x64/lib/python3.11/lib-dynload
2026-07-20 04:13:53.447240   /opt/hostedtoolcache/Python/3.11.15/x64/lib/python3.11/site-packages
2026-07-20 04:13:53.497420 [ ERROR ] Error in file '/home/runner/work/engg-robot-testing-framework/engg-robot-testing-framework/resources/auth_keywords.resource' on line 2: Importing library 'playwright_keyword_library.PlaywrightKeywordLibrary' failed: ModuleNotFoundError: No module named 'playwright_keyword_library'
2026-07-20 04:13:53.547640 Traceback (most recent call last):
2026-07-20 04:13:53.597852   None
2026-07-20 04:13:53.648070 PYTHONPATH:
2026-07-20 04:13:53.698260   /opt/hostedtoolcache/Python/3.11.15/x64/bin
2026-07-20 04:13:53.748525   /opt/hostedtoolcache/Python/3.11.15/x64/lib/python311.zip
2026-07-20 04:13:53.798755   /opt/hostedtoolcache/Python/3.11.15/x64/lib/python3.11
2026-07-20 04:13:53.848988   /opt/hostedtoolcache/Python/3.11.15/x64/lib/python3.11/lib-dynload
2026-07-20 04:13:53.899187   /opt/hostedtoolcache/Python/3.11.15/x64/lib/python3.11/site-packages
2026-07-20 04:13:53.949410 [ ERROR ] Error in file '/home/runner/work/engg-robot-testing-framework/engg-robot-testing-framework/resources/common.resource' on line 4: Importing library 'playwright_keyword_library.PlaywrightKeywordLibrary' failed: ModuleNotFoundError: No module named 'playwright_keyword_library'
2026-07-20 04:13:53.999627 Traceback (most recent call last):
2026-07-20 04:13:54.049859   None
2026-07-20 04:13:54.100078 PYTHONPATH:
2026-07-20 04:13:54.150292   /opt/hostedtoolcache/Python/3.11.15/x64/bin
2026-07-20 04:13:54.200490   /opt/hostedtoolcache/Python/3.11.15/x64/lib/python311.zip
2026-07-20 04:13:54.250676   /opt/hostedtoolcache/Python/3.11.15/x64/lib/python3.11
2026-07-20 04:13:54.300847   /opt/hostedtoolcache/Python/3.11.15/x64/lib/python3.11/lib-dynload
2026-07-20 04:13:54.351059   /opt/hostedtoolcache/Python/3.11.15/x64/lib/python3.11/site-packages
2026-07-20 04:14:03.126074 TC05 Register User With Existing Email                                | FAIL |
2026-07-20 04:14:03.155653 Setup failed:
2026-07-20 04:14:03.155666 No keyword with name 'Open Browser' found.
2026-07-20 04:14:03.155675 
2026-07-20 04:14:03.155682 Also teardown failed:
2026-07-20 04:14:03.155689 Several failures occurred:
2026-07-20 04:14:03.155696 
2026-07-20 04:14:03.155703 1) No keyword with name 'Register Keyword To Run On Failure' found.
2026-07-20 04:14:03.155711 
2026-07-20 04:14:03.155717 2) No keyword with name 'Close Browser' found. Did you mean:
2026-07-20 04:14:03.155724     common.Close Test Browser
2026-07-20 04:14:03.155731 ------------------------------------------------------------------------------
2026-07-20 04:14:03.155737 Suites.Auth.TC05 register existing email                              | FAIL |
2026-07-20 04:14:03.156263 1 test, 0 passed, 1 failed
2026-07-20 04:14:03.156276 ==============================================================================
2026-07-20 04:14:03.156284 Suites.Auth                                                           | FAIL |
2026-07-20 04:14:03.156591 1 test, 0 passed, 1 failed
2026-07-20 04:14:03.156622 ==============================================================================
2026-07-20 04:14:03.156629 Suites                                                                | FAIL |
2026-07-20 04:14:03.156899 1 test, 0 passed, 1 failed
2026-07-20 04:14:03.156934 ==============================================================================
2026-07-20 04:14:03.156941 Output:  /home/runner/work/engg-robot-testing-framework/engg-robot-testing-framework/reports/pabot_results/4/output.xml
