2026-09-18 05:01:07.040146 ==============================================================================
2026-09-18 05:01:07.052329 Suites
2026-09-18 05:01:07.052352 ==============================================================================
2026-09-18 05:01:07.052368 Suites.Cart
2026-09-18 05:01:07.053222 ==============================================================================
2026-09-18 05:01:07.053242 Suites.Cart.TC22 add from recommended items :: TC22 - Add To Cart From Reco...
2026-09-18 05:01:07.053242 [ ERROR ] Error in file '/home/runner/work/engg-robot-testing-framework/engg-robot-testing-framework/resources/common.resource' on line 4: Importing library 'playwright_keyword_library.PlaywrightKeywordLibrary' failed: ModuleNotFoundError: No module named 'playwright_keyword_library'
2026-09-18 05:01:07.075918 ==============================================================================
2026-09-18 05:01:07.075918 Traceback (most recent call last):
2026-09-18 05:01:07.075944   None
2026-09-18 05:01:07.126058 PYTHONPATH:
2026-09-18 05:01:07.176173   /opt/hostedtoolcache/Python/3.11.16/x64/bin
2026-09-18 05:01:07.226335   /opt/hostedtoolcache/Python/3.11.16/x64/lib/python311.zip
2026-09-18 05:01:07.276466   /opt/hostedtoolcache/Python/3.11.16/x64/lib/python3.11
2026-09-18 05:01:07.326613   /opt/hostedtoolcache/Python/3.11.16/x64/lib/python3.11/lib-dynload
2026-09-18 05:01:07.376769   /opt/hostedtoolcache/Python/3.11.16/x64/lib/python3.11/site-packages
2026-09-18 05:01:07.426925 [ ERROR ] Error in file '/home/runner/work/engg-robot-testing-framework/engg-robot-testing-framework/resources/cart_keywords.resource' on line 2: Importing library 'playwright_keyword_library.PlaywrightKeywordLibrary' failed: ModuleNotFoundError: No module named 'playwright_keyword_library'
2026-09-18 05:01:07.477087 Traceback (most recent call last):
2026-09-18 05:01:07.527238   None
2026-09-18 05:01:07.577352 PYTHONPATH:
2026-09-18 05:01:07.627467   /opt/hostedtoolcache/Python/3.11.16/x64/bin
2026-09-18 05:01:07.677623   /opt/hostedtoolcache/Python/3.11.16/x64/lib/python311.zip
2026-09-18 05:01:07.727747   /opt/hostedtoolcache/Python/3.11.16/x64/lib/python3.11
2026-09-18 05:01:07.777896   /opt/hostedtoolcache/Python/3.11.16/x64/lib/python3.11/lib-dynload
2026-09-18 05:01:07.828002   /opt/hostedtoolcache/Python/3.11.16/x64/lib/python3.11/site-packages
2026-09-18 05:01:17.050723 TC22 Add To Cart From Recommended Items                               | FAIL |
2026-09-18 05:01:17.086069 Setup failed:
2026-09-18 05:01:17.086082 No keyword with name 'Open Browser' found.
2026-09-18 05:01:17.086090 
2026-09-18 05:01:17.086097 Also teardown failed:
2026-09-18 05:01:17.086104 Several failures occurred:
2026-09-18 05:01:17.086111 
2026-09-18 05:01:17.086117 1) No keyword with name 'Register Keyword To Run On Failure' found.
2026-09-18 05:01:17.086124 
2026-09-18 05:01:17.086130 2) No keyword with name 'Close Browser' found. Did you mean:
2026-09-18 05:01:17.086137     common.Close Test Browser
2026-09-18 05:01:17.086143 ------------------------------------------------------------------------------
2026-09-18 05:01:17.086150 Suites.Cart.TC22 add from recommended items :: TC22 - Add To Cart ... | FAIL |
2026-09-18 05:01:17.086748 1 test, 0 passed, 1 failed
2026-09-18 05:01:17.086803 ==============================================================================
2026-09-18 05:01:17.086813 Suites.Cart                                                           | FAIL |
2026-09-18 05:01:17.087177 1 test, 0 passed, 1 failed
2026-09-18 05:01:17.087240 ==============================================================================
2026-09-18 05:01:17.087249 Suites                                                                | FAIL |
2026-09-18 05:01:17.087559 1 test, 0 passed, 1 failed
2026-09-18 05:01:17.087623 ==============================================================================
2026-09-18 05:01:17.087633 Output:  /home/runner/work/engg-robot-testing-framework/engg-robot-testing-framework/reports/pabot_results/9/output.xml
