2026-10-01 06:23:31.685029 ==============================================================================
2026-10-01 06:23:31.703554 Suites
2026-10-01 06:23:31.703574 ==============================================================================
2026-10-01 06:23:31.703589 Suites.Auth
2026-10-01 06:23:31.704417 ==============================================================================
2026-10-01 06:23:31.704436 Suites.Auth.TC04 logout user
2026-10-01 06:23:31.704436 [ ERROR ] Error in file '/home/runner/work/engg-robot-testing-framework/engg-robot-testing-framework/tests/auth/TC04_logout_user.robot' on line 2: Importing library 'playwright_keyword_library.PlaywrightKeywordLibrary' failed: ModuleNotFoundError: No module named 'playwright_keyword_library'
2026-10-01 06:23:31.722722 ==============================================================================
2026-10-01 06:23:31.722722 Traceback (most recent call last):
2026-10-01 06:23:31.722747   None
2026-10-01 06:23:31.772842 PYTHONPATH:
2026-10-01 06:23:31.822937   /opt/hostedtoolcache/Python/3.11.16/x64/bin
2026-10-01 06:23:31.873029   /opt/hostedtoolcache/Python/3.11.16/x64/lib/python311.zip
2026-10-01 06:23:31.923125   /opt/hostedtoolcache/Python/3.11.16/x64/lib/python3.11
2026-10-01 06:23:31.973217   /opt/hostedtoolcache/Python/3.11.16/x64/lib/python3.11/lib-dynload
2026-10-01 06:23:32.023346   /opt/hostedtoolcache/Python/3.11.16/x64/lib/python3.11/site-packages
2026-10-01 06:23:32.073482 [ ERROR ] Error in file '/home/runner/work/engg-robot-testing-framework/engg-robot-testing-framework/resources/auth_keywords.resource' on line 2: Importing library 'playwright_keyword_library.PlaywrightKeywordLibrary' failed: ModuleNotFoundError: No module named 'playwright_keyword_library'
2026-10-01 06:23:32.123618 Traceback (most recent call last):
2026-10-01 06:23:32.173751   None
2026-10-01 06:23:32.223846 PYTHONPATH:
2026-10-01 06:23:32.273976   /opt/hostedtoolcache/Python/3.11.16/x64/bin
2026-10-01 06:23:32.324111   /opt/hostedtoolcache/Python/3.11.16/x64/lib/python311.zip
2026-10-01 06:23:32.374243   /opt/hostedtoolcache/Python/3.11.16/x64/lib/python3.11
2026-10-01 06:23:32.424398   /opt/hostedtoolcache/Python/3.11.16/x64/lib/python3.11/lib-dynload
2026-10-01 06:23:32.474494   /opt/hostedtoolcache/Python/3.11.16/x64/lib/python3.11/site-packages
2026-10-01 06:23:32.524624 [ ERROR ] Error in file '/home/runner/work/engg-robot-testing-framework/engg-robot-testing-framework/resources/common.resource' on line 4: Importing library 'playwright_keyword_library.PlaywrightKeywordLibrary' failed: ModuleNotFoundError: No module named 'playwright_keyword_library'
2026-10-01 06:23:32.574758 Traceback (most recent call last):
2026-10-01 06:23:32.624892   None
2026-10-01 06:23:32.675039 PYTHONPATH:
2026-10-01 06:23:32.725135   /opt/hostedtoolcache/Python/3.11.16/x64/bin
2026-10-01 06:23:32.775282   /opt/hostedtoolcache/Python/3.11.16/x64/lib/python311.zip
2026-10-01 06:23:32.825430   /opt/hostedtoolcache/Python/3.11.16/x64/lib/python3.11
2026-10-01 06:23:32.875580   /opt/hostedtoolcache/Python/3.11.16/x64/lib/python3.11/lib-dynload
2026-10-01 06:23:32.925728   /opt/hostedtoolcache/Python/3.11.16/x64/lib/python3.11/site-packages
2026-10-01 06:23:41.696780 TC04 Logout User                                                      | FAIL |
2026-10-01 06:23:41.732519 Setup failed:
2026-10-01 06:23:41.732546 No keyword with name 'Open Browser' found.
2026-10-01 06:23:41.732568 
2026-10-01 06:23:41.732585 Also teardown failed:
2026-10-01 06:23:41.732600 Several failures occurred:
2026-10-01 06:23:41.732623 
2026-10-01 06:23:41.732640 1) No keyword with name 'Register Keyword To Run On Failure' found.
2026-10-01 06:23:41.732658 
2026-10-01 06:23:41.732673 2) No keyword with name 'Close Browser' found. Did you mean:
2026-10-01 06:23:41.732694     common.Close Test Browser
2026-10-01 06:23:41.732764 ------------------------------------------------------------------------------
2026-10-01 06:23:41.732783 Suites.Auth.TC04 logout user                                          | FAIL |
2026-10-01 06:23:41.733358 1 test, 0 passed, 1 failed
2026-10-01 06:23:41.733441 ==============================================================================
2026-10-01 06:23:41.733458 Suites.Auth                                                           | FAIL |
2026-10-01 06:23:41.733865 1 test, 0 passed, 1 failed
2026-10-01 06:23:41.733889 ==============================================================================
2026-10-01 06:23:41.733904 Suites                                                                | FAIL |
2026-10-01 06:23:41.734219 1 test, 0 passed, 1 failed
2026-10-01 06:23:41.734242 ==============================================================================
2026-10-01 06:23:41.734320 Output:  /home/runner/work/engg-robot-testing-framework/engg-robot-testing-framework/reports/pabot_results/3/output.xml
