2026-09-25 05:13:15.274853 ==============================================================================
2026-09-25 05:13:15.277034 Suites
2026-09-25 05:13:15.277053 ==============================================================================
2026-09-25 05:13:15.277063 Suites.Auth
2026-09-25 05:13:15.277773 ==============================================================================
2026-09-25 05:13:15.277786 Suites.Auth.TC02 login valid
2026-09-25 05:13:15.277786 [ ERROR ] Error in file '/home/runner/work/engg-robot-testing-framework/engg-robot-testing-framework/tests/auth/TC02_login_valid.robot' on line 2: Importing library 'playwright_keyword_library.PlaywrightKeywordLibrary' failed: ModuleNotFoundError: No module named 'playwright_keyword_library'
2026-09-25 05:13:15.294024 ==============================================================================
2026-09-25 05:13:15.294024 Traceback (most recent call last):
2026-09-25 05:13:15.294043   None
2026-09-25 05:13:15.344217 PYTHONPATH:
2026-09-25 05:13:15.394399   /opt/hostedtoolcache/Python/3.11.16/x64/bin
2026-09-25 05:13:15.444597   /opt/hostedtoolcache/Python/3.11.16/x64/lib/python311.zip
2026-09-25 05:13:15.494813   /opt/hostedtoolcache/Python/3.11.16/x64/lib/python3.11
2026-09-25 05:13:15.544993   /opt/hostedtoolcache/Python/3.11.16/x64/lib/python3.11/lib-dynload
2026-09-25 05:13:15.595203   /opt/hostedtoolcache/Python/3.11.16/x64/lib/python3.11/site-packages
2026-09-25 05:13:15.645381 [ ERROR ] Error in file '/home/runner/work/engg-robot-testing-framework/engg-robot-testing-framework/resources/auth_keywords.resource' on line 2: Importing library 'playwright_keyword_library.PlaywrightKeywordLibrary' failed: ModuleNotFoundError: No module named 'playwright_keyword_library'
2026-09-25 05:13:15.695570 Traceback (most recent call last):
2026-09-25 05:13:15.745717   None
2026-09-25 05:13:15.795917 PYTHONPATH:
2026-09-25 05:13:15.846099   /opt/hostedtoolcache/Python/3.11.16/x64/bin
2026-09-25 05:13:15.896284   /opt/hostedtoolcache/Python/3.11.16/x64/lib/python311.zip
2026-09-25 05:13:15.946435   /opt/hostedtoolcache/Python/3.11.16/x64/lib/python3.11
2026-09-25 05:13:15.996662   /opt/hostedtoolcache/Python/3.11.16/x64/lib/python3.11/lib-dynload
2026-09-25 05:13:16.046826   /opt/hostedtoolcache/Python/3.11.16/x64/lib/python3.11/site-packages
2026-09-25 05:13:16.097097 [ ERROR ] Error in file '/home/runner/work/engg-robot-testing-framework/engg-robot-testing-framework/resources/common.resource' on line 4: Importing library 'playwright_keyword_library.PlaywrightKeywordLibrary' failed: ModuleNotFoundError: No module named 'playwright_keyword_library'
2026-09-25 05:13:16.147314 Traceback (most recent call last):
2026-09-25 05:13:16.197732   None
2026-09-25 05:13:16.247931 PYTHONPATH:
2026-09-25 05:13:16.298212   /opt/hostedtoolcache/Python/3.11.16/x64/bin
2026-09-25 05:13:16.348395   /opt/hostedtoolcache/Python/3.11.16/x64/lib/python311.zip
2026-09-25 05:13:16.398678   /opt/hostedtoolcache/Python/3.11.16/x64/lib/python3.11
2026-09-25 05:13:16.448881   /opt/hostedtoolcache/Python/3.11.16/x64/lib/python3.11/lib-dynload
2026-09-25 05:13:16.499113   /opt/hostedtoolcache/Python/3.11.16/x64/lib/python3.11/site-packages
2026-09-25 05:13:25.275191 TC02 Login User With Correct Email And Password                       | FAIL |
2026-09-25 05:13:25.303101 Setup failed:
2026-09-25 05:13:25.303113 No keyword with name 'Open Browser' found.
2026-09-25 05:13:25.303118 
2026-09-25 05:13:25.303123 Also teardown failed:
2026-09-25 05:13:25.303129 Several failures occurred:
2026-09-25 05:13:25.303133 
2026-09-25 05:13:25.303138 1) No keyword with name 'Register Keyword To Run On Failure' found.
2026-09-25 05:13:25.303144 
2026-09-25 05:13:25.303149 2) No keyword with name 'Close Browser' found. Did you mean:
2026-09-25 05:13:25.303154     common.Close Test Browser
2026-09-25 05:13:25.303158 ------------------------------------------------------------------------------
2026-09-25 05:13:25.303163 Suites.Auth.TC02 login valid                                          | FAIL |
2026-09-25 05:13:25.303738 1 test, 0 passed, 1 failed
2026-09-25 05:13:25.303787 ==============================================================================
2026-09-25 05:13:25.303792 Suites.Auth                                                           | FAIL |
2026-09-25 05:13:25.304190 1 test, 0 passed, 1 failed
2026-09-25 05:13:25.304253 ==============================================================================
2026-09-25 05:13:25.304258 Suites                                                                | FAIL |
2026-09-25 05:13:25.304576 1 test, 0 passed, 1 failed
2026-09-25 05:13:25.304635 ==============================================================================
2026-09-25 05:13:25.304641 Output:  /home/runner/work/engg-robot-testing-framework/engg-robot-testing-framework/reports/pabot_results/1/output.xml
