2026-05-16 04:10:32.528518 ==============================================================================
2026-05-16 04:10:32.560268 Suites
2026-05-16 04:10:32.560282 ==============================================================================
2026-05-16 04:10:32.560290 Suites.Auth
2026-05-16 04:10:32.561144 ==============================================================================
2026-05-16 04:10:32.661468 Suites.Auth.TC04 logout user
2026-05-16 04:10:32.688951 ==============================================================================
2026-05-16 04:11:47.442868 TC04 Logout User                                                      | FAIL |
2026-05-16 04:11:47.480171 Element 'css=li a b' did not appear in 45 seconds.
2026-05-16 04:11:47.480191 ------------------------------------------------------------------------------
2026-05-16 04:11:47.480201 Suites.Auth.TC04 logout user                                          | FAIL |
2026-05-16 04:11:47.480855 1 test, 0 passed, 1 failed
2026-05-16 04:11:47.480869 ==============================================================================
2026-05-16 04:11:47.480878 Suites.Auth                                                           | FAIL |
2026-05-16 04:11:47.481226 1 test, 0 passed, 1 failed
2026-05-16 04:11:47.481241 ==============================================================================
2026-05-16 04:11:47.481249 Suites                                                                | FAIL |
2026-05-16 04:11:47.482119 1 test, 0 passed, 1 failed
2026-05-16 04:11:47.482131 ==============================================================================
2026-05-16 04:11:47.482139 Output:  /home/runner/work/engg-robot-testing-framework/engg-robot-testing-framework/reports/pabot_results/3/output.xml
