2026-08-10 02:41:31.880663 ==============================================================================
2026-08-10 02:41:31.922488 Suites
2026-08-10 02:41:31.922501 ==============================================================================
2026-08-10 02:41:31.922507 Suites.Cart
2026-08-10 02:41:31.923120 ==============================================================================
2026-08-10 02:41:31.923126 Suites.Cart.TC13 verify product quantity :: TC13 - Verify Product Quantity ...
2026-08-10 02:41:31.923126 [ ERROR ] Error in file '/home/runner/work/engg-robot-testing-framework/engg-robot-testing-framework/resources/common.resource' on line 4: Importing library 'playwright_keyword_library.PlaywrightKeywordLibrary' failed: ModuleNotFoundError: No module named 'playwright_keyword_library'
2026-08-10 02:41:31.962844 ==============================================================================
2026-08-10 02:41:31.962844 Traceback (most recent call last):
2026-08-10 02:41:31.962857   None
2026-08-10 02:41:32.013005 PYTHONPATH:
2026-08-10 02:41:32.063105   /opt/hostedtoolcache/Python/3.11.15/x64/bin
2026-08-10 02:41:32.113182   /opt/hostedtoolcache/Python/3.11.15/x64/lib/python311.zip
2026-08-10 02:41:32.163289   /opt/hostedtoolcache/Python/3.11.15/x64/lib/python3.11
2026-08-10 02:41:32.213432   /opt/hostedtoolcache/Python/3.11.15/x64/lib/python3.11/lib-dynload
2026-08-10 02:41:32.263570   /opt/hostedtoolcache/Python/3.11.15/x64/lib/python3.11/site-packages
2026-08-10 02:41:32.313713 [ ERROR ] Error in file '/home/runner/work/engg-robot-testing-framework/engg-robot-testing-framework/resources/product_keywords.resource' on line 2: Importing library 'playwright_keyword_library.PlaywrightKeywordLibrary' failed: ModuleNotFoundError: No module named 'playwright_keyword_library'
2026-08-10 02:41:32.363826 Traceback (most recent call last):
2026-08-10 02:41:32.413959   None
2026-08-10 02:41:32.464078 PYTHONPATH:
2026-08-10 02:41:32.514207   /opt/hostedtoolcache/Python/3.11.15/x64/bin
2026-08-10 02:41:32.564332   /opt/hostedtoolcache/Python/3.11.15/x64/lib/python311.zip
2026-08-10 02:41:32.614447   /opt/hostedtoolcache/Python/3.11.15/x64/lib/python3.11
2026-08-10 02:41:32.664587   /opt/hostedtoolcache/Python/3.11.15/x64/lib/python3.11/lib-dynload
2026-08-10 02:41:32.714692   /opt/hostedtoolcache/Python/3.11.15/x64/lib/python3.11/site-packages
2026-08-10 02:41:32.764804 [ ERROR ] Error in file '/home/runner/work/engg-robot-testing-framework/engg-robot-testing-framework/resources/cart_keywords.resource' on line 2: Importing library 'playwright_keyword_library.PlaywrightKeywordLibrary' failed: ModuleNotFoundError: No module named 'playwright_keyword_library'
2026-08-10 02:41:32.814920 Traceback (most recent call last):
2026-08-10 02:41:32.865034   None
2026-08-10 02:41:32.915272 PYTHONPATH:
2026-08-10 02:41:32.965385   /opt/hostedtoolcache/Python/3.11.15/x64/bin
2026-08-10 02:41:33.015534   /opt/hostedtoolcache/Python/3.11.15/x64/lib/python311.zip
2026-08-10 02:41:33.065648   /opt/hostedtoolcache/Python/3.11.15/x64/lib/python3.11
2026-08-10 02:41:33.115758   /opt/hostedtoolcache/Python/3.11.15/x64/lib/python3.11/lib-dynload
2026-08-10 02:41:33.165850   /opt/hostedtoolcache/Python/3.11.15/x64/lib/python3.11/site-packages
2026-08-10 02:41:41.934208 TC13 Verify Product Quantity In Cart                                  | FAIL |
2026-08-10 02:41:41.956755 Setup failed:
2026-08-10 02:41:41.956766 No keyword with name 'Open Browser' found.
2026-08-10 02:41:41.956772 
2026-08-10 02:41:41.956777 Also teardown failed:
2026-08-10 02:41:41.956783 Several failures occurred:
2026-08-10 02:41:41.956787 
2026-08-10 02:41:41.956792 1) No keyword with name 'Register Keyword To Run On Failure' found.
2026-08-10 02:41:41.956797 
2026-08-10 02:41:41.956802 2) No keyword with name 'Close Browser' found. Did you mean:
2026-08-10 02:41:41.956806     common.Close Test Browser
2026-08-10 02:41:41.956811 ------------------------------------------------------------------------------
2026-08-10 02:41:41.956816 Suites.Cart.TC13 verify product quantity :: TC13 - Verify Product ... | FAIL |
2026-08-10 02:41:41.957292 1 test, 0 passed, 1 failed
2026-08-10 02:41:41.957331 ==============================================================================
2026-08-10 02:41:41.957337 Suites.Cart                                                           | FAIL |
2026-08-10 02:41:41.957629 1 test, 0 passed, 1 failed
2026-08-10 02:41:41.957667 ==============================================================================
2026-08-10 02:41:41.957673 Suites                                                                | FAIL |
2026-08-10 02:41:41.957911 1 test, 0 passed, 1 failed
2026-08-10 02:41:41.957948 ==============================================================================
2026-08-10 02:41:41.957953 Output:  /home/runner/work/engg-robot-testing-framework/engg-robot-testing-framework/reports/pabot_results/6/output.xml
