2026-07-28 03:46:52.073934 ==============================================================================
2026-07-28 03:46:52.090932 Suites
2026-07-28 03:46:52.090953 ==============================================================================
2026-07-28 03:46:52.090968 Suites.Cart
2026-07-28 03:46:52.091781 ==============================================================================
2026-07-28 03:46:52.091800 Suites.Cart.TC13 verify product quantity :: TC13 - Verify Product Quantity ...
2026-07-28 03:46:52.091800 [ ERROR ] Error in file '/home/runner/work/engg-robot-testing-framework/engg-robot-testing-framework/resources/common.resource' on line 4: Importing library 'playwright_keyword_library.PlaywrightKeywordLibrary' failed: ModuleNotFoundError: No module named 'playwright_keyword_library'
2026-07-28 03:46:52.122503 ==============================================================================
2026-07-28 03:46:52.122503 Traceback (most recent call last):
2026-07-28 03:46:52.122529   None
2026-07-28 03:46:52.172642 PYTHONPATH:
2026-07-28 03:46:52.222755   /opt/hostedtoolcache/Python/3.11.15/x64/bin
2026-07-28 03:46:52.272868   /opt/hostedtoolcache/Python/3.11.15/x64/lib/python311.zip
2026-07-28 03:46:52.322976   /opt/hostedtoolcache/Python/3.11.15/x64/lib/python3.11
2026-07-28 03:46:52.373091   /opt/hostedtoolcache/Python/3.11.15/x64/lib/python3.11/lib-dynload
2026-07-28 03:46:52.423238   /opt/hostedtoolcache/Python/3.11.15/x64/lib/python3.11/site-packages
2026-07-28 03:46:52.473393 [ ERROR ] Error in file '/home/runner/work/engg-robot-testing-framework/engg-robot-testing-framework/resources/product_keywords.resource' on line 2: Importing library 'playwright_keyword_library.PlaywrightKeywordLibrary' failed: ModuleNotFoundError: No module named 'playwright_keyword_library'
2026-07-28 03:46:52.523565 Traceback (most recent call last):
2026-07-28 03:46:52.573717   None
2026-07-28 03:46:52.623875 PYTHONPATH:
2026-07-28 03:46:52.674024   /opt/hostedtoolcache/Python/3.11.15/x64/bin
2026-07-28 03:46:52.724178   /opt/hostedtoolcache/Python/3.11.15/x64/lib/python311.zip
2026-07-28 03:46:52.774334   /opt/hostedtoolcache/Python/3.11.15/x64/lib/python3.11
2026-07-28 03:46:52.824495   /opt/hostedtoolcache/Python/3.11.15/x64/lib/python3.11/lib-dynload
2026-07-28 03:46:52.874670   /opt/hostedtoolcache/Python/3.11.15/x64/lib/python3.11/site-packages
2026-07-28 03:46:52.924827 [ ERROR ] Error in file '/home/runner/work/engg-robot-testing-framework/engg-robot-testing-framework/resources/cart_keywords.resource' on line 2: Importing library 'playwright_keyword_library.PlaywrightKeywordLibrary' failed: ModuleNotFoundError: No module named 'playwright_keyword_library'
2026-07-28 03:46:52.974938 Traceback (most recent call last):
2026-07-28 03:46:53.025051   None
2026-07-28 03:46:53.075172 PYTHONPATH:
2026-07-28 03:46:53.125314   /opt/hostedtoolcache/Python/3.11.15/x64/bin
2026-07-28 03:46:53.175472   /opt/hostedtoolcache/Python/3.11.15/x64/lib/python311.zip
2026-07-28 03:46:53.225618   /opt/hostedtoolcache/Python/3.11.15/x64/lib/python3.11
2026-07-28 03:46:53.275782   /opt/hostedtoolcache/Python/3.11.15/x64/lib/python3.11/lib-dynload
2026-07-28 03:46:53.325962   /opt/hostedtoolcache/Python/3.11.15/x64/lib/python3.11/site-packages
2026-07-28 03:47:02.097907 TC13 Verify Product Quantity In Cart                                  | FAIL |
2026-07-28 03:47:02.133658 Setup failed:
2026-07-28 03:47:02.133677 No keyword with name 'Open Browser' found.
2026-07-28 03:47:02.133692 
2026-07-28 03:47:02.133706 Also teardown failed:
2026-07-28 03:47:02.133721 Several failures occurred:
2026-07-28 03:47:02.133734 
2026-07-28 03:47:02.133747 1) No keyword with name 'Register Keyword To Run On Failure' found.
2026-07-28 03:47:02.133761 
2026-07-28 03:47:02.133772 2) No keyword with name 'Close Browser' found. Did you mean:
2026-07-28 03:47:02.133784     common.Close Test Browser
2026-07-28 03:47:02.133796 ------------------------------------------------------------------------------
2026-07-28 03:47:02.133808 Suites.Cart.TC13 verify product quantity :: TC13 - Verify Product ... | FAIL |
2026-07-28 03:47:02.134478 1 test, 0 passed, 1 failed
2026-07-28 03:47:02.134496 ==============================================================================
2026-07-28 03:47:02.134510 Suites.Cart                                                           | FAIL |
2026-07-28 03:47:02.134983 1 test, 0 passed, 1 failed
2026-07-28 03:47:02.135001 ==============================================================================
2026-07-28 03:47:02.135015 Suites                                                                | FAIL |
2026-07-28 03:47:02.135862 1 test, 0 passed, 1 failed
2026-07-28 03:47:02.135881 ==============================================================================
2026-07-28 03:47:02.135895 Output:  /home/runner/work/engg-robot-testing-framework/engg-robot-testing-framework/reports/pabot_results/6/output.xml
