2026-06-29 05:12:01.980436 ==============================================================================
2026-06-29 05:12:01.998971 Suites
2026-06-29 05:12:01.998994 ==============================================================================
2026-06-29 05:12:01.999009 Suites.Auth
2026-06-29 05:12:01.999918 ==============================================================================
2026-06-29 05:12:01.999938 Suites.Auth.TC02 login valid
2026-06-29 05:12:01.999938 [ ERROR ] Error in file '/home/runner/work/engg-robot-testing-framework/engg-robot-testing-framework/tests/auth/TC02_login_valid.robot' on line 2: Importing library 'playwright_keyword_library.PlaywrightKeywordLibrary' failed: ModuleNotFoundError: No module named 'playwright_keyword_library'
2026-06-29 05:12:02.019170 ==============================================================================
2026-06-29 05:12:02.019170 Traceback (most recent call last):
2026-06-29 05:12:02.019195   None
2026-06-29 05:12:02.069363 PYTHONPATH:
2026-06-29 05:12:02.119509   /opt/hostedtoolcache/Python/3.11.15/x64/bin
2026-06-29 05:12:02.169677   /opt/hostedtoolcache/Python/3.11.15/x64/lib/python311.zip
2026-06-29 05:12:02.219848   /opt/hostedtoolcache/Python/3.11.15/x64/lib/python3.11
2026-06-29 05:12:02.270001   /opt/hostedtoolcache/Python/3.11.15/x64/lib/python3.11/lib-dynload
2026-06-29 05:12:02.320199   /opt/hostedtoolcache/Python/3.11.15/x64/lib/python3.11/site-packages
2026-06-29 05:12:02.370439 [ ERROR ] Error in file '/home/runner/work/engg-robot-testing-framework/engg-robot-testing-framework/resources/auth_keywords.resource' on line 2: Importing library 'playwright_keyword_library.PlaywrightKeywordLibrary' failed: ModuleNotFoundError: No module named 'playwright_keyword_library'
2026-06-29 05:12:02.420746 Traceback (most recent call last):
2026-06-29 05:12:02.470960   None
2026-06-29 05:12:02.521183 PYTHONPATH:
2026-06-29 05:12:02.571480   /opt/hostedtoolcache/Python/3.11.15/x64/bin
2026-06-29 05:12:02.621699   /opt/hostedtoolcache/Python/3.11.15/x64/lib/python311.zip
2026-06-29 05:12:02.671993   /opt/hostedtoolcache/Python/3.11.15/x64/lib/python3.11
2026-06-29 05:12:02.722296   /opt/hostedtoolcache/Python/3.11.15/x64/lib/python3.11/lib-dynload
2026-06-29 05:12:02.772600   /opt/hostedtoolcache/Python/3.11.15/x64/lib/python3.11/site-packages
2026-06-29 05:12:02.822955 [ ERROR ] Error in file '/home/runner/work/engg-robot-testing-framework/engg-robot-testing-framework/resources/common.resource' on line 4: Importing library 'playwright_keyword_library.PlaywrightKeywordLibrary' failed: ModuleNotFoundError: No module named 'playwright_keyword_library'
2026-06-29 05:12:02.873221 Traceback (most recent call last):
2026-06-29 05:12:02.923564   None
2026-06-29 05:12:02.973809 PYTHONPATH:
2026-06-29 05:12:03.024173   /opt/hostedtoolcache/Python/3.11.15/x64/bin
2026-06-29 05:12:03.074430   /opt/hostedtoolcache/Python/3.11.15/x64/lib/python311.zip
2026-06-29 05:12:03.124722   /opt/hostedtoolcache/Python/3.11.15/x64/lib/python3.11
2026-06-29 05:12:03.175031   /opt/hostedtoolcache/Python/3.11.15/x64/lib/python3.11/lib-dynload
2026-06-29 05:12:03.225298   /opt/hostedtoolcache/Python/3.11.15/x64/lib/python3.11/site-packages
2026-06-29 05:12:12.004387 TC02 Login User With Correct Email And Password                       | FAIL |
2026-06-29 05:12:12.029643 Setup failed:
2026-06-29 05:12:12.029668 No keyword with name 'Open Browser' found.
2026-06-29 05:12:12.029735 
2026-06-29 05:12:12.029760 Also teardown failed:
2026-06-29 05:12:12.029847 Several failures occurred:
2026-06-29 05:12:12.029878 
2026-06-29 05:12:12.029896 1) No keyword with name 'Register Keyword To Run On Failure' found.
2026-06-29 05:12:12.029985 
2026-06-29 05:12:12.030011 2) No keyword with name 'Close Browser' found. Did you mean:
2026-06-29 05:12:12.030031     common.Close Test Browser
2026-06-29 05:12:12.030094 ------------------------------------------------------------------------------
2026-06-29 05:12:12.030116 Suites.Auth.TC02 login valid                                          | FAIL |
2026-06-29 05:12:12.030290 1 test, 0 passed, 1 failed
2026-06-29 05:12:12.030307 ==============================================================================
2026-06-29 05:12:12.030360 Suites.Auth                                                           | FAIL |
2026-06-29 05:12:12.030727 1 test, 0 passed, 1 failed
2026-06-29 05:12:12.030744 ==============================================================================
2026-06-29 05:12:12.030757 Suites                                                                | FAIL |
2026-06-29 05:12:12.031171 1 test, 0 passed, 1 failed
2026-06-29 05:12:12.031187 ==============================================================================
2026-06-29 05:12:12.031198 Output:  /home/runner/work/engg-robot-testing-framework/engg-robot-testing-framework/reports/pabot_results/1/output.xml
