2026-06-30 04:45:35.948673 ==============================================================================
2026-06-30 04:45:35.964434 Suites
2026-06-30 04:45:35.964453 ==============================================================================
2026-06-30 04:45:35.964467 Suites.Cart
2026-06-30 04:45:35.965208 ==============================================================================
2026-06-30 04:45:35.965225 Suites.Cart.TC20 search and verify cart after login :: TC20 - Search Produc...
2026-06-30 04:45:35.965225 [ ERROR ] Error in file '/home/runner/work/engg-robot-testing-framework/engg-robot-testing-framework/tests/cart/TC20_search_and_verify_cart_after_login.robot' on line 3: Importing library 'playwright_keyword_library.PlaywrightKeywordLibrary' failed: ModuleNotFoundError: No module named 'playwright_keyword_library'
2026-06-30 04:45:35.996910 ==============================================================================
2026-06-30 04:45:35.996910 Traceback (most recent call last):
2026-06-30 04:45:35.996934   None
2026-06-30 04:45:36.047079 PYTHONPATH:
2026-06-30 04:45:36.097200   /opt/hostedtoolcache/Python/3.11.15/x64/bin
2026-06-30 04:45:36.147348   /opt/hostedtoolcache/Python/3.11.15/x64/lib/python311.zip
2026-06-30 04:45:36.197487   /opt/hostedtoolcache/Python/3.11.15/x64/lib/python3.11
2026-06-30 04:45:36.247630   /opt/hostedtoolcache/Python/3.11.15/x64/lib/python3.11/lib-dynload
2026-06-30 04:45:36.297773   /opt/hostedtoolcache/Python/3.11.15/x64/lib/python3.11/site-packages
2026-06-30 04:45:36.347920 [ ERROR ] Error in file '/home/runner/work/engg-robot-testing-framework/engg-robot-testing-framework/resources/common.resource' on line 4: Importing library 'playwright_keyword_library.PlaywrightKeywordLibrary' failed: ModuleNotFoundError: No module named 'playwright_keyword_library'
2026-06-30 04:45:36.398061 Traceback (most recent call last):
2026-06-30 04:45:36.448206   None
2026-06-30 04:45:36.498342 PYTHONPATH:
2026-06-30 04:45:36.548493   /opt/hostedtoolcache/Python/3.11.15/x64/bin
2026-06-30 04:45:36.598596   /opt/hostedtoolcache/Python/3.11.15/x64/lib/python311.zip
2026-06-30 04:45:36.648741   /opt/hostedtoolcache/Python/3.11.15/x64/lib/python3.11
2026-06-30 04:45:36.698925   /opt/hostedtoolcache/Python/3.11.15/x64/lib/python3.11/lib-dynload
2026-06-30 04:45:36.749061   /opt/hostedtoolcache/Python/3.11.15/x64/lib/python3.11/site-packages
2026-06-30 04:45:36.799205 [ ERROR ] Error in file '/home/runner/work/engg-robot-testing-framework/engg-robot-testing-framework/resources/product_keywords.resource' on line 2: Importing library 'playwright_keyword_library.PlaywrightKeywordLibrary' failed: ModuleNotFoundError: No module named 'playwright_keyword_library'
2026-06-30 04:45:36.849353 Traceback (most recent call last):
2026-06-30 04:45:36.899489   None
2026-06-30 04:45:36.949612 PYTHONPATH:
2026-06-30 04:45:36.999761   /opt/hostedtoolcache/Python/3.11.15/x64/bin
2026-06-30 04:45:37.049943   /opt/hostedtoolcache/Python/3.11.15/x64/lib/python311.zip
2026-06-30 04:45:37.100069   /opt/hostedtoolcache/Python/3.11.15/x64/lib/python3.11
2026-06-30 04:45:37.150239   /opt/hostedtoolcache/Python/3.11.15/x64/lib/python3.11/lib-dynload
2026-06-30 04:45:37.200389   /opt/hostedtoolcache/Python/3.11.15/x64/lib/python3.11/site-packages
2026-06-30 04:45:37.250538 [ ERROR ] Error in file '/home/runner/work/engg-robot-testing-framework/engg-robot-testing-framework/resources/cart_keywords.resource' on line 2: Importing library 'playwright_keyword_library.PlaywrightKeywordLibrary' failed: ModuleNotFoundError: No module named 'playwright_keyword_library'
2026-06-30 04:45:37.300690 Traceback (most recent call last):
2026-06-30 04:45:37.350852   None
2026-06-30 04:45:37.401033 PYTHONPATH:
2026-06-30 04:45:37.451151   /opt/hostedtoolcache/Python/3.11.15/x64/bin
2026-06-30 04:45:37.501302   /opt/hostedtoolcache/Python/3.11.15/x64/lib/python311.zip
2026-06-30 04:45:37.551460   /opt/hostedtoolcache/Python/3.11.15/x64/lib/python3.11
2026-06-30 04:45:37.601615   /opt/hostedtoolcache/Python/3.11.15/x64/lib/python3.11/lib-dynload
2026-06-30 04:45:37.651781   /opt/hostedtoolcache/Python/3.11.15/x64/lib/python3.11/site-packages
2026-06-30 04:45:37.701924 [ ERROR ] Error in file '/home/runner/work/engg-robot-testing-framework/engg-robot-testing-framework/resources/auth_keywords.resource' on line 2: Importing library 'playwright_keyword_library.PlaywrightKeywordLibrary' failed: ModuleNotFoundError: No module named 'playwright_keyword_library'
2026-06-30 04:45:37.752082 Traceback (most recent call last):
2026-06-30 04:45:37.802246   None
2026-06-30 04:45:37.852398 PYTHONPATH:
2026-06-30 04:45:37.902550   /opt/hostedtoolcache/Python/3.11.15/x64/bin
2026-06-30 04:45:37.952741   /opt/hostedtoolcache/Python/3.11.15/x64/lib/python311.zip
2026-06-30 04:45:38.002925   /opt/hostedtoolcache/Python/3.11.15/x64/lib/python3.11
2026-06-30 04:45:38.053048   /opt/hostedtoolcache/Python/3.11.15/x64/lib/python3.11/lib-dynload
2026-06-30 04:45:38.103171   /opt/hostedtoolcache/Python/3.11.15/x64/lib/python3.11/site-packages
2026-06-30 04:45:45.971052 TC20 Search Products And Verify Cart After Login                      | FAIL |
2026-06-30 04:45:46.008469 Setup failed:
2026-06-30 04:45:46.008483 No keyword with name 'Open Browser' found.
2026-06-30 04:45:46.008492 
2026-06-30 04:45:46.008499 Also teardown failed:
2026-06-30 04:45:46.008506 Several failures occurred:
2026-06-30 04:45:46.008513 
2026-06-30 04:45:46.008520 1) No keyword with name 'Register Keyword To Run On Failure' found.
2026-06-30 04:45:46.008527 
2026-06-30 04:45:46.008533 2) No keyword with name 'Close Browser' found. Did you mean:
2026-06-30 04:45:46.008540     common.Close Test Browser
2026-06-30 04:45:46.008546 ------------------------------------------------------------------------------
2026-06-30 04:45:46.008553 Suites.Cart.TC20 search and verify cart after login :: TC20 - Sear... | FAIL |
2026-06-30 04:45:46.009058 1 test, 0 passed, 1 failed
2026-06-30 04:45:46.009086 ==============================================================================
2026-06-30 04:45:46.009092 Suites.Cart                                                           | FAIL |
2026-06-30 04:45:46.009420 1 test, 0 passed, 1 failed
2026-06-30 04:45:46.009453 ==============================================================================
2026-06-30 04:45:46.009460 Suites                                                                | FAIL |
2026-06-30 04:45:46.009751 1 test, 0 passed, 1 failed
2026-06-30 04:45:46.009787 ==============================================================================
2026-06-30 04:45:46.009793 Output:  /home/runner/work/engg-robot-testing-framework/engg-robot-testing-framework/reports/pabot_results/8/output.xml
