2026-10-10 06:13:14.662090 ==============================================================================
2026-10-10 06:13:14.671665 Suites
2026-10-10 06:13:14.671678 ==============================================================================
2026-10-10 06:13:14.671688 Suites.Auth
2026-10-10 06:13:14.671698 ==============================================================================
2026-10-10 06:13:14.671708 Suites.Auth.TC05 register existing email
2026-10-10 06:13:14.671708 [ ERROR ] Error in file '/home/runner/work/engg-robot-testing-framework/engg-robot-testing-framework/tests/auth/TC05_register_existing_email.robot' on line 2: Importing library 'playwright_keyword_library.PlaywrightKeywordLibrary' failed: ModuleNotFoundError: No module named 'playwright_keyword_library'
2026-10-10 06:13:14.703286 ==============================================================================
2026-10-10 06:13:14.703286 Traceback (most recent call last):
2026-10-10 06:13:14.703304   None
2026-10-10 06:13:14.753422 PYTHONPATH:
2026-10-10 06:13:14.803529   /opt/hostedtoolcache/Python/3.11.17/x64/bin
2026-10-10 06:13:14.853709   /opt/hostedtoolcache/Python/3.11.17/x64/lib/python311.zip
2026-10-10 06:13:14.903856   /opt/hostedtoolcache/Python/3.11.17/x64/lib/python3.11
2026-10-10 06:13:14.954016   /opt/hostedtoolcache/Python/3.11.17/x64/lib/python3.11/lib-dynload
2026-10-10 06:13:15.004141   /opt/hostedtoolcache/Python/3.11.17/x64/lib/python3.11/site-packages
2026-10-10 06:13:15.054246 [ ERROR ] Error in file '/home/runner/work/engg-robot-testing-framework/engg-robot-testing-framework/resources/auth_keywords.resource' on line 2: Importing library 'playwright_keyword_library.PlaywrightKeywordLibrary' failed: ModuleNotFoundError: No module named 'playwright_keyword_library'
2026-10-10 06:13:15.104347 Traceback (most recent call last):
2026-10-10 06:13:15.154489   None
2026-10-10 06:13:15.204634 PYTHONPATH:
2026-10-10 06:13:15.254797   /opt/hostedtoolcache/Python/3.11.17/x64/bin
2026-10-10 06:13:15.304946   /opt/hostedtoolcache/Python/3.11.17/x64/lib/python311.zip
2026-10-10 06:13:15.355083   /opt/hostedtoolcache/Python/3.11.17/x64/lib/python3.11
2026-10-10 06:13:15.405260   /opt/hostedtoolcache/Python/3.11.17/x64/lib/python3.11/lib-dynload
2026-10-10 06:13:15.455493   /opt/hostedtoolcache/Python/3.11.17/x64/lib/python3.11/site-packages
2026-10-10 06:13:15.505652 [ ERROR ] Error in file '/home/runner/work/engg-robot-testing-framework/engg-robot-testing-framework/resources/common.resource' on line 4: Importing library 'playwright_keyword_library.PlaywrightKeywordLibrary' failed: ModuleNotFoundError: No module named 'playwright_keyword_library'
2026-10-10 06:13:15.555801 Traceback (most recent call last):
2026-10-10 06:13:15.605977   None
2026-10-10 06:13:15.656134 PYTHONPATH:
2026-10-10 06:13:15.706344   /opt/hostedtoolcache/Python/3.11.17/x64/bin
2026-10-10 06:13:15.756549   /opt/hostedtoolcache/Python/3.11.17/x64/lib/python311.zip
2026-10-10 06:13:15.806776   /opt/hostedtoolcache/Python/3.11.17/x64/lib/python3.11
2026-10-10 06:13:15.856995   /opt/hostedtoolcache/Python/3.11.17/x64/lib/python3.11/lib-dynload
2026-10-10 06:13:15.907212   /opt/hostedtoolcache/Python/3.11.17/x64/lib/python3.11/site-packages
2026-10-10 06:13:24.681006 TC05 Register User With Existing Email                                | FAIL |
2026-10-10 06:13:24.718188 Setup failed:
2026-10-10 06:13:24.718209 No keyword with name 'Open Browser' found.
2026-10-10 06:13:24.718224 
2026-10-10 06:13:24.718236 Also teardown failed:
2026-10-10 06:13:24.718248 Several failures occurred:
2026-10-10 06:13:24.718260 
2026-10-10 06:13:24.718273 1) No keyword with name 'Register Keyword To Run On Failure' found.
2026-10-10 06:13:24.718286 
2026-10-10 06:13:24.718298 2) No keyword with name 'Close Browser' found. Did you mean:
2026-10-10 06:13:24.718314     common.Close Test Browser
2026-10-10 06:13:24.718329 ------------------------------------------------------------------------------
2026-10-10 06:13:24.718341 Suites.Auth.TC05 register existing email                              | FAIL |
2026-10-10 06:13:24.718828 1 test, 0 passed, 1 failed
2026-10-10 06:13:24.718846 ==============================================================================
2026-10-10 06:13:24.718860 Suites.Auth                                                           | FAIL |
2026-10-10 06:13:24.719241 1 test, 0 passed, 1 failed
2026-10-10 06:13:24.719267 ==============================================================================
2026-10-10 06:13:24.719326 Suites                                                                | FAIL |
2026-10-10 06:13:24.719615 1 test, 0 passed, 1 failed
2026-10-10 06:13:24.719678 ==============================================================================
2026-10-10 06:13:24.719694 Output:  /home/runner/work/engg-robot-testing-framework/engg-robot-testing-framework/reports/pabot_results/4/output.xml
