2026-06-24 04:47:11.266537 ==============================================================================
2026-06-24 04:47:11.284711 Suites
2026-06-24 04:47:11.284730 ==============================================================================
2026-06-24 04:47:11.284745 Suites.Cart
2026-06-24 04:47:11.285559 ==============================================================================
2026-06-24 04:47:11.285577 Suites.Cart.TC17 remove products from cart :: TC17 - Remove Products From Cart
2026-06-24 04:47:11.285577 [ ERROR ] Error in file '/home/runner/work/engg-robot-testing-framework/engg-robot-testing-framework/resources/common.resource' on line 4: Importing library 'playwright_keyword_library.PlaywrightKeywordLibrary' failed: ModuleNotFoundError: No module named 'playwright_keyword_library'
2026-06-24 04:47:11.316074 ==============================================================================
2026-06-24 04:47:11.316074 Traceback (most recent call last):
2026-06-24 04:47:11.316111   None
2026-06-24 04:47:11.366240 PYTHONPATH:
2026-06-24 04:47:11.416393   /opt/hostedtoolcache/Python/3.11.15/x64/bin
2026-06-24 04:47:11.466543   /opt/hostedtoolcache/Python/3.11.15/x64/lib/python311.zip
2026-06-24 04:47:11.516653   /opt/hostedtoolcache/Python/3.11.15/x64/lib/python3.11
2026-06-24 04:47:11.566775   /opt/hostedtoolcache/Python/3.11.15/x64/lib/python3.11/lib-dynload
2026-06-24 04:47:11.616920   /opt/hostedtoolcache/Python/3.11.15/x64/lib/python3.11/site-packages
2026-06-24 04:47:11.667068 [ ERROR ] Error in file '/home/runner/work/engg-robot-testing-framework/engg-robot-testing-framework/resources/product_keywords.resource' on line 2: Importing library 'playwright_keyword_library.PlaywrightKeywordLibrary' failed: ModuleNotFoundError: No module named 'playwright_keyword_library'
2026-06-24 04:47:11.717220 Traceback (most recent call last):
2026-06-24 04:47:11.767376   None
2026-06-24 04:47:11.817524 PYTHONPATH:
2026-06-24 04:47:11.867654   /opt/hostedtoolcache/Python/3.11.15/x64/bin
2026-06-24 04:47:11.917799   /opt/hostedtoolcache/Python/3.11.15/x64/lib/python311.zip
2026-06-24 04:47:11.967949   /opt/hostedtoolcache/Python/3.11.15/x64/lib/python3.11
2026-06-24 04:47:12.018105   /opt/hostedtoolcache/Python/3.11.15/x64/lib/python3.11/lib-dynload
2026-06-24 04:47:12.068276   /opt/hostedtoolcache/Python/3.11.15/x64/lib/python3.11/site-packages
2026-06-24 04:47:12.118413 [ ERROR ] Error in file '/home/runner/work/engg-robot-testing-framework/engg-robot-testing-framework/resources/cart_keywords.resource' on line 2: Importing library 'playwright_keyword_library.PlaywrightKeywordLibrary' failed: ModuleNotFoundError: No module named 'playwright_keyword_library'
2026-06-24 04:47:12.168572 Traceback (most recent call last):
2026-06-24 04:47:12.218700   None
2026-06-24 04:47:12.268851 PYTHONPATH:
2026-06-24 04:47:12.318988   /opt/hostedtoolcache/Python/3.11.15/x64/bin
2026-06-24 04:47:12.369181   /opt/hostedtoolcache/Python/3.11.15/x64/lib/python311.zip
2026-06-24 04:47:12.419326   /opt/hostedtoolcache/Python/3.11.15/x64/lib/python3.11
2026-06-24 04:47:12.469485   /opt/hostedtoolcache/Python/3.11.15/x64/lib/python3.11/lib-dynload
2026-06-24 04:47:12.519621   /opt/hostedtoolcache/Python/3.11.15/x64/lib/python3.11/site-packages
2026-06-24 04:47:21.292086 TC17 Remove Products From Cart                                        | FAIL |
2026-06-24 04:47:21.327040 Setup failed:
2026-06-24 04:47:21.327056 No keyword with name 'Open Browser' found.
2026-06-24 04:47:21.327068 
2026-06-24 04:47:21.327079 Also teardown failed:
2026-06-24 04:47:21.327088 Several failures occurred:
2026-06-24 04:47:21.327098 
2026-06-24 04:47:21.327109 1) No keyword with name 'Register Keyword To Run On Failure' found.
2026-06-24 04:47:21.327120 
2026-06-24 04:47:21.327130 2) No keyword with name 'Close Browser' found. Did you mean:
2026-06-24 04:47:21.327139     common.Close Test Browser
2026-06-24 04:47:21.327149 ------------------------------------------------------------------------------
2026-06-24 04:47:21.327160 Suites.Cart.TC17 remove products from cart :: TC17 - Remove Produc... | FAIL |
2026-06-24 04:47:21.327689 1 test, 0 passed, 1 failed
2026-06-24 04:47:21.327752 ==============================================================================
2026-06-24 04:47:21.327764 Suites.Cart                                                           | FAIL |
2026-06-24 04:47:21.328107 1 test, 0 passed, 1 failed
2026-06-24 04:47:21.328167 ==============================================================================
2026-06-24 04:47:21.328178 Suites                                                                | FAIL |
2026-06-24 04:47:21.328492 1 test, 0 passed, 1 failed
2026-06-24 04:47:21.328556 ==============================================================================
2026-06-24 04:47:21.328575 Output:  /home/runner/work/engg-robot-testing-framework/engg-robot-testing-framework/reports/pabot_results/7/output.xml
