2026-07-30 03:41:13.945258 ==============================================================================
2026-07-30 03:41:13.963780 Suites
2026-07-30 03:41:13.963802 ==============================================================================
2026-07-30 03:41:13.963816 Suites.Cart
2026-07-30 03:41:13.964730 ==============================================================================
2026-07-30 03:41:13.964746 Suites.Cart.TC12 add products to cart :: TC12 - Add Products In Cart
2026-07-30 03:41:13.964746 [ ERROR ] Error in file '/home/runner/work/engg-robot-testing-framework/engg-robot-testing-framework/resources/common.resource' on line 4: Importing library 'playwright_keyword_library.PlaywrightKeywordLibrary' failed: ModuleNotFoundError: No module named 'playwright_keyword_library'
2026-07-30 03:41:13.996440 ==============================================================================
2026-07-30 03:41:13.996440 Traceback (most recent call last):
2026-07-30 03:41:13.996464   None
2026-07-30 03:41:14.046576 PYTHONPATH:
2026-07-30 03:41:14.096688   /opt/hostedtoolcache/Python/3.11.15/x64/bin
2026-07-30 03:41:14.146801   /opt/hostedtoolcache/Python/3.11.15/x64/lib/python311.zip
2026-07-30 03:41:14.196902   /opt/hostedtoolcache/Python/3.11.15/x64/lib/python3.11
2026-07-30 03:41:14.247016   /opt/hostedtoolcache/Python/3.11.15/x64/lib/python3.11/lib-dynload
2026-07-30 03:41:14.297170   /opt/hostedtoolcache/Python/3.11.15/x64/lib/python3.11/site-packages
2026-07-30 03:41:14.347325 [ ERROR ] Error in file '/home/runner/work/engg-robot-testing-framework/engg-robot-testing-framework/resources/product_keywords.resource' on line 2: Importing library 'playwright_keyword_library.PlaywrightKeywordLibrary' failed: ModuleNotFoundError: No module named 'playwright_keyword_library'
2026-07-30 03:41:14.397430 Traceback (most recent call last):
2026-07-30 03:41:14.447588   None
2026-07-30 03:41:14.497708 PYTHONPATH:
2026-07-30 03:41:14.547877   /opt/hostedtoolcache/Python/3.11.15/x64/bin
2026-07-30 03:41:14.597992   /opt/hostedtoolcache/Python/3.11.15/x64/lib/python311.zip
2026-07-30 03:41:14.648161   /opt/hostedtoolcache/Python/3.11.15/x64/lib/python3.11
2026-07-30 03:41:14.698267   /opt/hostedtoolcache/Python/3.11.15/x64/lib/python3.11/lib-dynload
2026-07-30 03:41:14.748420   /opt/hostedtoolcache/Python/3.11.15/x64/lib/python3.11/site-packages
2026-07-30 03:41:14.798528 [ ERROR ] Error in file '/home/runner/work/engg-robot-testing-framework/engg-robot-testing-framework/resources/cart_keywords.resource' on line 2: Importing library 'playwright_keyword_library.PlaywrightKeywordLibrary' failed: ModuleNotFoundError: No module named 'playwright_keyword_library'
2026-07-30 03:41:14.848686 Traceback (most recent call last):
2026-07-30 03:41:14.898790   None
2026-07-30 03:41:14.948943 PYTHONPATH:
2026-07-30 03:41:14.999065   /opt/hostedtoolcache/Python/3.11.15/x64/bin
2026-07-30 03:41:15.049227   /opt/hostedtoolcache/Python/3.11.15/x64/lib/python311.zip
2026-07-30 03:41:15.099369   /opt/hostedtoolcache/Python/3.11.15/x64/lib/python3.11
2026-07-30 03:41:15.149540   /opt/hostedtoolcache/Python/3.11.15/x64/lib/python3.11/lib-dynload
2026-07-30 03:41:15.199679   /opt/hostedtoolcache/Python/3.11.15/x64/lib/python3.11/site-packages
2026-07-30 03:41:23.972507 TC12 Add Products In Cart                                             | FAIL |
2026-07-30 03:41:24.007733 Setup failed:
2026-07-30 03:41:24.007751 No keyword with name 'Open Browser' found.
2026-07-30 03:41:24.007765 
2026-07-30 03:41:24.007777 Also teardown failed:
2026-07-30 03:41:24.007789 Several failures occurred:
2026-07-30 03:41:24.007801 
2026-07-30 03:41:24.007813 1) No keyword with name 'Register Keyword To Run On Failure' found.
2026-07-30 03:41:24.007825 
2026-07-30 03:41:24.007836 2) No keyword with name 'Close Browser' found. Did you mean:
2026-07-30 03:41:24.007847     common.Close Test Browser
2026-07-30 03:41:24.007858 ------------------------------------------------------------------------------
2026-07-30 03:41:24.007870 Suites.Cart.TC12 add products to cart :: TC12 - Add Products In Cart  | FAIL |
2026-07-30 03:41:24.008400 1 test, 0 passed, 1 failed
2026-07-30 03:41:24.008464 ==============================================================================
2026-07-30 03:41:24.008478 Suites.Cart                                                           | FAIL |
2026-07-30 03:41:24.008862 1 test, 0 passed, 1 failed
2026-07-30 03:41:24.008906 ==============================================================================
2026-07-30 03:41:24.008919 Suites                                                                | FAIL |
2026-07-30 03:41:24.009266 1 test, 0 passed, 1 failed
2026-07-30 03:41:24.009341 ==============================================================================
2026-07-30 03:41:24.009355 Output:  /home/runner/work/engg-robot-testing-framework/engg-robot-testing-framework/reports/pabot_results/5/output.xml
