2026-08-01 04:02:39.566126 ==============================================================================
2026-08-01 04:02:39.588927 Suites
2026-08-01 04:02:39.588949 ==============================================================================
2026-08-01 04:02:39.588965 Suites.Auth
2026-08-01 04:02:39.589756 ==============================================================================
2026-08-01 04:02:39.589783 Suites.Auth.TC05 register existing email
2026-08-01 04:02:39.589783 [ ERROR ] Error in file '/home/runner/work/engg-robot-testing-framework/engg-robot-testing-framework/tests/auth/TC05_register_existing_email.robot' on line 2: Importing library 'playwright_keyword_library.PlaywrightKeywordLibrary' failed: ModuleNotFoundError: No module named 'playwright_keyword_library'
2026-08-01 04:02:39.608821 ==============================================================================
2026-08-01 04:02:39.608821 Traceback (most recent call last):
2026-08-01 04:02:39.608872   None
2026-08-01 04:02:39.659059 PYTHONPATH:
2026-08-01 04:02:39.709222   /opt/hostedtoolcache/Python/3.11.15/x64/bin
2026-08-01 04:02:39.759399   /opt/hostedtoolcache/Python/3.11.15/x64/lib/python311.zip
2026-08-01 04:02:39.809549   /opt/hostedtoolcache/Python/3.11.15/x64/lib/python3.11
2026-08-01 04:02:39.859708   /opt/hostedtoolcache/Python/3.11.15/x64/lib/python3.11/lib-dynload
2026-08-01 04:02:39.909873   /opt/hostedtoolcache/Python/3.11.15/x64/lib/python3.11/site-packages
2026-08-01 04:02:39.960086 [ ERROR ] Error in file '/home/runner/work/engg-robot-testing-framework/engg-robot-testing-framework/resources/auth_keywords.resource' on line 2: Importing library 'playwright_keyword_library.PlaywrightKeywordLibrary' failed: ModuleNotFoundError: No module named 'playwright_keyword_library'
2026-08-01 04:02:40.010313 Traceback (most recent call last):
2026-08-01 04:02:40.060509   None
2026-08-01 04:02:40.110685 PYTHONPATH:
2026-08-01 04:02:40.160889   /opt/hostedtoolcache/Python/3.11.15/x64/bin
2026-08-01 04:02:40.211079   /opt/hostedtoolcache/Python/3.11.15/x64/lib/python311.zip
2026-08-01 04:02:40.261235   /opt/hostedtoolcache/Python/3.11.15/x64/lib/python3.11
2026-08-01 04:02:40.311375   /opt/hostedtoolcache/Python/3.11.15/x64/lib/python3.11/lib-dynload
2026-08-01 04:02:40.361516   /opt/hostedtoolcache/Python/3.11.15/x64/lib/python3.11/site-packages
2026-08-01 04:02:40.411652 [ ERROR ] Error in file '/home/runner/work/engg-robot-testing-framework/engg-robot-testing-framework/resources/common.resource' on line 4: Importing library 'playwright_keyword_library.PlaywrightKeywordLibrary' failed: ModuleNotFoundError: No module named 'playwright_keyword_library'
2026-08-01 04:02:40.461802 Traceback (most recent call last):
2026-08-01 04:02:40.512002   None
2026-08-01 04:02:40.562167 PYTHONPATH:
2026-08-01 04:02:40.612373   /opt/hostedtoolcache/Python/3.11.15/x64/bin
2026-08-01 04:02:40.662589   /opt/hostedtoolcache/Python/3.11.15/x64/lib/python311.zip
2026-08-01 04:02:40.712801   /opt/hostedtoolcache/Python/3.11.15/x64/lib/python3.11
2026-08-01 04:02:40.763027   /opt/hostedtoolcache/Python/3.11.15/x64/lib/python3.11/lib-dynload
2026-08-01 04:02:40.813224   /opt/hostedtoolcache/Python/3.11.15/x64/lib/python3.11/site-packages
2026-08-01 04:02:49.586737 TC05 Register User With Existing Email                                | FAIL |
2026-08-01 04:02:49.619664 Setup failed:
2026-08-01 04:02:49.619684 No keyword with name 'Open Browser' found.
2026-08-01 04:02:49.619700 
2026-08-01 04:02:49.619714 Also teardown failed:
2026-08-01 04:02:49.619728 Several failures occurred:
2026-08-01 04:02:49.619740 
2026-08-01 04:02:49.619752 1) No keyword with name 'Register Keyword To Run On Failure' found.
2026-08-01 04:02:49.619811 
2026-08-01 04:02:49.619825 2) No keyword with name 'Close Browser' found. Did you mean:
2026-08-01 04:02:49.619839     common.Close Test Browser
2026-08-01 04:02:49.619851 ------------------------------------------------------------------------------
2026-08-01 04:02:49.619865 Suites.Auth.TC05 register existing email                              | FAIL |
2026-08-01 04:02:49.620341 1 test, 0 passed, 1 failed
2026-08-01 04:02:49.620415 ==============================================================================
2026-08-01 04:02:49.620432 Suites.Auth                                                           | FAIL |
2026-08-01 04:02:49.620774 1 test, 0 passed, 1 failed
2026-08-01 04:02:49.620856 ==============================================================================
2026-08-01 04:02:49.620872 Suites                                                                | FAIL |
2026-08-01 04:02:49.621210 1 test, 0 passed, 1 failed
2026-08-01 04:02:49.621229 ==============================================================================
2026-08-01 04:02:49.621242 Output:  /home/runner/work/engg-robot-testing-framework/engg-robot-testing-framework/reports/pabot_results/4/output.xml
