2026-09-30 05:49:24.607394 ==============================================================================
2026-09-30 05:49:24.632501 Suites
2026-09-30 05:49:24.632526 ==============================================================================
2026-09-30 05:49:24.632542 Suites.Auth
2026-09-30 05:49:24.633457 ==============================================================================
2026-09-30 05:49:24.633476 Suites.Auth.TC02 login valid
2026-09-30 05:49:24.633476 [ ERROR ] Error in file '/home/runner/work/engg-robot-testing-framework/engg-robot-testing-framework/tests/auth/TC02_login_valid.robot' on line 2: Importing library 'playwright_keyword_library.PlaywrightKeywordLibrary' failed: ModuleNotFoundError: No module named 'playwright_keyword_library'
2026-09-30 05:49:24.654206 ==============================================================================
2026-09-30 05:49:24.654206 Traceback (most recent call last):
2026-09-30 05:49:24.654231   None
2026-09-30 05:49:24.704386 PYTHONPATH:
2026-09-30 05:49:24.754517   /opt/hostedtoolcache/Python/3.11.16/x64/bin
2026-09-30 05:49:24.804677   /opt/hostedtoolcache/Python/3.11.16/x64/lib/python311.zip
2026-09-30 05:49:24.854812   /opt/hostedtoolcache/Python/3.11.16/x64/lib/python3.11
2026-09-30 05:49:24.904962   /opt/hostedtoolcache/Python/3.11.16/x64/lib/python3.11/lib-dynload
2026-09-30 05:49:24.955178   /opt/hostedtoolcache/Python/3.11.16/x64/lib/python3.11/site-packages
2026-09-30 05:49:25.005392 [ ERROR ] Error in file '/home/runner/work/engg-robot-testing-framework/engg-robot-testing-framework/resources/auth_keywords.resource' on line 2: Importing library 'playwright_keyword_library.PlaywrightKeywordLibrary' failed: ModuleNotFoundError: No module named 'playwright_keyword_library'
2026-09-30 05:49:25.055608 Traceback (most recent call last):
2026-09-30 05:49:25.105830   None
2026-09-30 05:49:25.155984 PYTHONPATH:
2026-09-30 05:49:25.206184   /opt/hostedtoolcache/Python/3.11.16/x64/bin
2026-09-30 05:49:25.256382   /opt/hostedtoolcache/Python/3.11.16/x64/lib/python311.zip
2026-09-30 05:49:25.306557   /opt/hostedtoolcache/Python/3.11.16/x64/lib/python3.11
2026-09-30 05:49:25.356761   /opt/hostedtoolcache/Python/3.11.16/x64/lib/python3.11/lib-dynload
2026-09-30 05:49:25.406995   /opt/hostedtoolcache/Python/3.11.16/x64/lib/python3.11/site-packages
2026-09-30 05:49:25.457178 [ ERROR ] Error in file '/home/runner/work/engg-robot-testing-framework/engg-robot-testing-framework/resources/common.resource' on line 4: Importing library 'playwright_keyword_library.PlaywrightKeywordLibrary' failed: ModuleNotFoundError: No module named 'playwright_keyword_library'
2026-09-30 05:49:25.507379 Traceback (most recent call last):
2026-09-30 05:49:25.557578   None
2026-09-30 05:49:25.607780 PYTHONPATH:
2026-09-30 05:49:25.658010   /opt/hostedtoolcache/Python/3.11.16/x64/bin
2026-09-30 05:49:25.708205   /opt/hostedtoolcache/Python/3.11.16/x64/lib/python311.zip
2026-09-30 05:49:25.758354   /opt/hostedtoolcache/Python/3.11.16/x64/lib/python3.11
2026-09-30 05:49:25.808549   /opt/hostedtoolcache/Python/3.11.16/x64/lib/python3.11/lib-dynload
2026-09-30 05:49:25.858733   /opt/hostedtoolcache/Python/3.11.16/x64/lib/python3.11/site-packages
2026-09-30 05:49:34.633409 TC02 Login User With Correct Email And Password                       | FAIL |
2026-09-30 05:49:34.664828 Setup failed:
2026-09-30 05:49:34.664845 No keyword with name 'Open Browser' found.
2026-09-30 05:49:34.664855 
2026-09-30 05:49:34.664864 Also teardown failed:
2026-09-30 05:49:34.664872 Several failures occurred:
2026-09-30 05:49:34.664880 
2026-09-30 05:49:34.664890 1) No keyword with name 'Register Keyword To Run On Failure' found.
2026-09-30 05:49:34.664899 
2026-09-30 05:49:34.664907 2) No keyword with name 'Close Browser' found. Did you mean:
2026-09-30 05:49:34.664915     common.Close Test Browser
2026-09-30 05:49:34.664923 ------------------------------------------------------------------------------
2026-09-30 05:49:34.664931 Suites.Auth.TC02 login valid                                          | FAIL |
2026-09-30 05:49:34.665467 1 test, 0 passed, 1 failed
2026-09-30 05:49:34.665544 ==============================================================================
2026-09-30 05:49:34.665556 Suites.Auth                                                           | FAIL |
2026-09-30 05:49:34.665947 1 test, 0 passed, 1 failed
2026-09-30 05:49:34.666021 ==============================================================================
2026-09-30 05:49:34.666033 Suites                                                                | FAIL |
2026-09-30 05:49:34.666364 1 test, 0 passed, 1 failed
2026-09-30 05:49:34.666441 ==============================================================================
2026-09-30 05:49:34.666452 Output:  /home/runner/work/engg-robot-testing-framework/engg-robot-testing-framework/reports/pabot_results/1/output.xml
