2026-07-04 04:11:11.979333 ==============================================================================
2026-07-04 04:11:12.027696 Suites
2026-07-04 04:11:12.027718 ==============================================================================
2026-07-04 04:11:12.027734 Suites.Cart
2026-07-04 04:11:12.028499 ==============================================================================
2026-07-04 04:11:12.028517 Suites.Cart.TC12 add products to cart :: TC12 - Add Products In Cart
2026-07-04 04:11:12.028517 [ ERROR ] Error in file '/home/runner/work/engg-robot-testing-framework/engg-robot-testing-framework/resources/common.resource' on line 4: Importing library 'playwright_keyword_library.PlaywrightKeywordLibrary' failed: ModuleNotFoundError: No module named 'playwright_keyword_library'
2026-07-04 04:11:12.058515 ==============================================================================
2026-07-04 04:11:12.058515 Traceback (most recent call last):
2026-07-04 04:11:12.058535   None
2026-07-04 04:11:12.108652 PYTHONPATH:
2026-07-04 04:11:12.158755   /opt/hostedtoolcache/Python/3.11.15/x64/bin
2026-07-04 04:11:12.208880   /opt/hostedtoolcache/Python/3.11.15/x64/lib/python311.zip
2026-07-04 04:11:12.258997   /opt/hostedtoolcache/Python/3.11.15/x64/lib/python3.11
2026-07-04 04:11:12.309122   /opt/hostedtoolcache/Python/3.11.15/x64/lib/python3.11/lib-dynload
2026-07-04 04:11:12.359280   /opt/hostedtoolcache/Python/3.11.15/x64/lib/python3.11/site-packages
2026-07-04 04:11:12.409437 [ ERROR ] Error in file '/home/runner/work/engg-robot-testing-framework/engg-robot-testing-framework/resources/product_keywords.resource' on line 2: Importing library 'playwright_keyword_library.PlaywrightKeywordLibrary' failed: ModuleNotFoundError: No module named 'playwright_keyword_library'
2026-07-04 04:11:12.459568 Traceback (most recent call last):
2026-07-04 04:11:12.509724   None
2026-07-04 04:11:12.559885 PYTHONPATH:
2026-07-04 04:11:12.610040   /opt/hostedtoolcache/Python/3.11.15/x64/bin
2026-07-04 04:11:12.660199   /opt/hostedtoolcache/Python/3.11.15/x64/lib/python311.zip
2026-07-04 04:11:12.710358   /opt/hostedtoolcache/Python/3.11.15/x64/lib/python3.11
2026-07-04 04:11:12.760519   /opt/hostedtoolcache/Python/3.11.15/x64/lib/python3.11/lib-dynload
2026-07-04 04:11:12.810675   /opt/hostedtoolcache/Python/3.11.15/x64/lib/python3.11/site-packages
2026-07-04 04:11:12.860845 [ ERROR ] Error in file '/home/runner/work/engg-robot-testing-framework/engg-robot-testing-framework/resources/cart_keywords.resource' on line 2: Importing library 'playwright_keyword_library.PlaywrightKeywordLibrary' failed: ModuleNotFoundError: No module named 'playwright_keyword_library'
2026-07-04 04:11:12.911001 Traceback (most recent call last):
2026-07-04 04:11:12.961160   None
2026-07-04 04:11:13.011307 PYTHONPATH:
2026-07-04 04:11:13.061464   /opt/hostedtoolcache/Python/3.11.15/x64/bin
2026-07-04 04:11:13.111615   /opt/hostedtoolcache/Python/3.11.15/x64/lib/python311.zip
2026-07-04 04:11:13.161774   /opt/hostedtoolcache/Python/3.11.15/x64/lib/python3.11
2026-07-04 04:11:13.211927   /opt/hostedtoolcache/Python/3.11.15/x64/lib/python3.11/lib-dynload
2026-07-04 04:11:13.262058   /opt/hostedtoolcache/Python/3.11.15/x64/lib/python3.11/site-packages
2026-07-04 04:11:22.033694 TC12 Add Products In Cart                                             | FAIL |
2026-07-04 04:11:22.070232 Setup failed:
2026-07-04 04:11:22.070244 No keyword with name 'Open Browser' found.
2026-07-04 04:11:22.070252 
2026-07-04 04:11:22.070259 Also teardown failed:
2026-07-04 04:11:22.070266 Several failures occurred:
2026-07-04 04:11:22.070272 
2026-07-04 04:11:22.070279 1) No keyword with name 'Register Keyword To Run On Failure' found.
2026-07-04 04:11:22.070286 
2026-07-04 04:11:22.070292 2) No keyword with name 'Close Browser' found. Did you mean:
2026-07-04 04:11:22.070298     common.Close Test Browser
2026-07-04 04:11:22.070304 ------------------------------------------------------------------------------
2026-07-04 04:11:22.070311 Suites.Cart.TC12 add products to cart :: TC12 - Add Products In Cart  | FAIL |
2026-07-04 04:11:22.071088 1 test, 0 passed, 1 failed
2026-07-04 04:11:22.071155 ==============================================================================
2026-07-04 04:11:22.071165 Suites.Cart                                                           | FAIL |
2026-07-04 04:11:22.071651 1 test, 0 passed, 1 failed
2026-07-04 04:11:22.071692 ==============================================================================
2026-07-04 04:11:22.071700 Suites                                                                | FAIL |
2026-07-04 04:11:22.072111 1 test, 0 passed, 1 failed
2026-07-04 04:11:22.072151 ==============================================================================
2026-07-04 04:11:22.072158 Output:  /home/runner/work/engg-robot-testing-framework/engg-robot-testing-framework/reports/pabot_results/5/output.xml
