2026-09-04 04:56:02.743676 ==============================================================================
2026-09-04 04:56:02.759554 Suites
2026-09-04 04:56:02.759575 ==============================================================================
2026-09-04 04:56:02.759591 Suites.Cart
2026-09-04 04:56:02.760415 ==============================================================================
2026-09-04 04:56:02.760434 Suites.Cart.TC13 verify product quantity :: TC13 - Verify Product Quantity ...
2026-09-04 04:56:02.760434 [ ERROR ] Error in file '/home/runner/work/engg-robot-testing-framework/engg-robot-testing-framework/resources/common.resource' on line 4: Importing library 'playwright_keyword_library.PlaywrightKeywordLibrary' failed: ModuleNotFoundError: No module named 'playwright_keyword_library'
2026-09-04 04:56:02.790923 ==============================================================================
2026-09-04 04:56:02.790923 Traceback (most recent call last):
2026-09-04 04:56:02.790949   None
2026-09-04 04:56:02.841075 PYTHONPATH:
2026-09-04 04:56:02.891186   /opt/hostedtoolcache/Python/3.11.16/x64/bin
2026-09-04 04:56:02.941324   /opt/hostedtoolcache/Python/3.11.16/x64/lib/python311.zip
2026-09-04 04:56:02.991631   /opt/hostedtoolcache/Python/3.11.16/x64/lib/python3.11
2026-09-04 04:56:03.041749   /opt/hostedtoolcache/Python/3.11.16/x64/lib/python3.11/lib-dynload
2026-09-04 04:56:03.091859   /opt/hostedtoolcache/Python/3.11.16/x64/lib/python3.11/site-packages
2026-09-04 04:56:03.141976 [ ERROR ] Error in file '/home/runner/work/engg-robot-testing-framework/engg-robot-testing-framework/resources/product_keywords.resource' on line 2: Importing library 'playwright_keyword_library.PlaywrightKeywordLibrary' failed: ModuleNotFoundError: No module named 'playwright_keyword_library'
2026-09-04 04:56:03.192119 Traceback (most recent call last):
2026-09-04 04:56:03.242257   None
2026-09-04 04:56:03.292408 PYTHONPATH:
2026-09-04 04:56:03.342560   /opt/hostedtoolcache/Python/3.11.16/x64/bin
2026-09-04 04:56:03.392716   /opt/hostedtoolcache/Python/3.11.16/x64/lib/python311.zip
2026-09-04 04:56:03.442910   /opt/hostedtoolcache/Python/3.11.16/x64/lib/python3.11
2026-09-04 04:56:03.493067   /opt/hostedtoolcache/Python/3.11.16/x64/lib/python3.11/lib-dynload
2026-09-04 04:56:03.543226   /opt/hostedtoolcache/Python/3.11.16/x64/lib/python3.11/site-packages
2026-09-04 04:56:03.593370 [ ERROR ] Error in file '/home/runner/work/engg-robot-testing-framework/engg-robot-testing-framework/resources/cart_keywords.resource' on line 2: Importing library 'playwright_keyword_library.PlaywrightKeywordLibrary' failed: ModuleNotFoundError: No module named 'playwright_keyword_library'
2026-09-04 04:56:03.643516 Traceback (most recent call last):
2026-09-04 04:56:03.693698   None
2026-09-04 04:56:03.743847 PYTHONPATH:
2026-09-04 04:56:03.793999   /opt/hostedtoolcache/Python/3.11.16/x64/bin
2026-09-04 04:56:03.844119   /opt/hostedtoolcache/Python/3.11.16/x64/lib/python311.zip
2026-09-04 04:56:03.894273   /opt/hostedtoolcache/Python/3.11.16/x64/lib/python3.11
2026-09-04 04:56:03.944420   /opt/hostedtoolcache/Python/3.11.16/x64/lib/python3.11/lib-dynload
2026-09-04 04:56:03.994576   /opt/hostedtoolcache/Python/3.11.16/x64/lib/python3.11/site-packages
2026-09-04 04:56:12.765849 TC13 Verify Product Quantity In Cart                                  | FAIL |
2026-09-04 04:56:12.802134 Setup failed:
2026-09-04 04:56:12.802150 No keyword with name 'Open Browser' found.
2026-09-04 04:56:12.802160 
2026-09-04 04:56:12.802168 Also teardown failed:
2026-09-04 04:56:12.802176 Several failures occurred:
2026-09-04 04:56:12.802186 
2026-09-04 04:56:12.802194 1) No keyword with name 'Register Keyword To Run On Failure' found.
2026-09-04 04:56:12.802203 
2026-09-04 04:56:12.802211 2) No keyword with name 'Close Browser' found. Did you mean:
2026-09-04 04:56:12.802219     common.Close Test Browser
2026-09-04 04:56:12.802227 ------------------------------------------------------------------------------
2026-09-04 04:56:12.802235 Suites.Cart.TC13 verify product quantity :: TC13 - Verify Product ... | FAIL |
2026-09-04 04:56:12.802725 1 test, 0 passed, 1 failed
2026-09-04 04:56:12.802780 ==============================================================================
2026-09-04 04:56:12.802788 Suites.Cart                                                           | FAIL |
2026-09-04 04:56:12.803186 1 test, 0 passed, 1 failed
2026-09-04 04:56:12.803234 ==============================================================================
2026-09-04 04:56:12.803242 Suites                                                                | FAIL |
2026-09-04 04:56:12.803575 1 test, 0 passed, 1 failed
2026-09-04 04:56:12.803619 ==============================================================================
2026-09-04 04:56:12.803626 Output:  /home/runner/work/engg-robot-testing-framework/engg-robot-testing-framework/reports/pabot_results/6/output.xml
