2026-07-02 04:40:22.527032 ==============================================================================
2026-07-02 04:40:22.548692 Suites
2026-07-02 04:40:22.548711 ==============================================================================
2026-07-02 04:40:22.548725 Suites.Cart
2026-07-02 04:40:22.549626 ==============================================================================
2026-07-02 04:40:22.549646 Suites.Cart.TC22 add from recommended items :: TC22 - Add To Cart From Reco...
2026-07-02 04:40:22.549646 [ ERROR ] Error in file '/home/runner/work/engg-robot-testing-framework/engg-robot-testing-framework/resources/common.resource' on line 4: Importing library 'playwright_keyword_library.PlaywrightKeywordLibrary' failed: ModuleNotFoundError: No module named 'playwright_keyword_library'
2026-07-02 04:40:22.573665 ==============================================================================
2026-07-02 04:40:22.573665 Traceback (most recent call last):
2026-07-02 04:40:22.573692   None
2026-07-02 04:40:22.623850 PYTHONPATH:
2026-07-02 04:40:22.673992   /opt/hostedtoolcache/Python/3.11.15/x64/bin
2026-07-02 04:40:22.724130   /opt/hostedtoolcache/Python/3.11.15/x64/lib/python311.zip
2026-07-02 04:40:22.774277   /opt/hostedtoolcache/Python/3.11.15/x64/lib/python3.11
2026-07-02 04:40:22.824399   /opt/hostedtoolcache/Python/3.11.15/x64/lib/python3.11/lib-dynload
2026-07-02 04:40:22.874627   /opt/hostedtoolcache/Python/3.11.15/x64/lib/python3.11/site-packages
2026-07-02 04:40:22.924776 [ ERROR ] Error in file '/home/runner/work/engg-robot-testing-framework/engg-robot-testing-framework/resources/cart_keywords.resource' on line 2: Importing library 'playwright_keyword_library.PlaywrightKeywordLibrary' failed: ModuleNotFoundError: No module named 'playwright_keyword_library'
2026-07-02 04:40:22.974966 Traceback (most recent call last):
2026-07-02 04:40:23.025130   None
2026-07-02 04:40:23.075325 PYTHONPATH:
2026-07-02 04:40:23.125508   /opt/hostedtoolcache/Python/3.11.15/x64/bin
2026-07-02 04:40:23.175695   /opt/hostedtoolcache/Python/3.11.15/x64/lib/python311.zip
2026-07-02 04:40:23.225817   /opt/hostedtoolcache/Python/3.11.15/x64/lib/python3.11
2026-07-02 04:40:23.275992   /opt/hostedtoolcache/Python/3.11.15/x64/lib/python3.11/lib-dynload
2026-07-02 04:40:23.326152   /opt/hostedtoolcache/Python/3.11.15/x64/lib/python3.11/site-packages
2026-07-02 04:40:32.553314 TC22 Add To Cart From Recommended Items                               | FAIL |
2026-07-02 04:40:32.584757 Setup failed:
2026-07-02 04:40:32.584771 No keyword with name 'Open Browser' found.
2026-07-02 04:40:32.584780 
2026-07-02 04:40:32.584787 Also teardown failed:
2026-07-02 04:40:32.584794 Several failures occurred:
2026-07-02 04:40:32.584801 
2026-07-02 04:40:32.584807 1) No keyword with name 'Register Keyword To Run On Failure' found.
2026-07-02 04:40:32.584815 
2026-07-02 04:40:32.584822 2) No keyword with name 'Close Browser' found. Did you mean:
2026-07-02 04:40:32.584829     common.Close Test Browser
2026-07-02 04:40:32.584836 ------------------------------------------------------------------------------
2026-07-02 04:40:32.584843 Suites.Cart.TC22 add from recommended items :: TC22 - Add To Cart ... | FAIL |
2026-07-02 04:40:32.585342 1 test, 0 passed, 1 failed
2026-07-02 04:40:32.585377 ==============================================================================
2026-07-02 04:40:32.585388 Suites.Cart                                                           | FAIL |
2026-07-02 04:40:32.585730 1 test, 0 passed, 1 failed
2026-07-02 04:40:32.585743 ==============================================================================
2026-07-02 04:40:32.585751 Suites                                                                | FAIL |
2026-07-02 04:40:32.586006 1 test, 0 passed, 1 failed
2026-07-02 04:40:32.586038 ==============================================================================
2026-07-02 04:40:32.586101 Output:  /home/runner/work/engg-robot-testing-framework/engg-robot-testing-framework/reports/pabot_results/9/output.xml
