2026-08-23 02:09:15.666040 ==============================================================================
2026-08-23 02:09:15.688252 Suites
2026-08-23 02:09:15.688287 ==============================================================================
2026-08-23 02:09:15.688310 Suites.Auth
2026-08-23 02:09:15.689196 ==============================================================================
2026-08-23 02:09:15.689215 Suites.Auth.TC02 login valid
2026-08-23 02:09:15.689215 [ ERROR ] Error in file '/home/runner/work/engg-robot-testing-framework/engg-robot-testing-framework/tests/auth/TC02_login_valid.robot' on line 2: Importing library 'playwright_keyword_library.PlaywrightKeywordLibrary' failed: ModuleNotFoundError: No module named 'playwright_keyword_library'
2026-08-23 02:09:15.709555 ==============================================================================
2026-08-23 02:09:15.709555 Traceback (most recent call last):
2026-08-23 02:09:15.709585   None
2026-08-23 02:09:15.759765 PYTHONPATH:
2026-08-23 02:09:15.809934   /opt/hostedtoolcache/Python/3.11.16/x64/bin
2026-08-23 02:09:15.860107   /opt/hostedtoolcache/Python/3.11.16/x64/lib/python311.zip
2026-08-23 02:09:15.910276   /opt/hostedtoolcache/Python/3.11.16/x64/lib/python3.11
2026-08-23 02:09:15.960435   /opt/hostedtoolcache/Python/3.11.16/x64/lib/python3.11/lib-dynload
2026-08-23 02:09:16.010590   /opt/hostedtoolcache/Python/3.11.16/x64/lib/python3.11/site-packages
2026-08-23 02:09:16.060796 [ ERROR ] Error in file '/home/runner/work/engg-robot-testing-framework/engg-robot-testing-framework/resources/auth_keywords.resource' on line 2: Importing library 'playwright_keyword_library.PlaywrightKeywordLibrary' failed: ModuleNotFoundError: No module named 'playwright_keyword_library'
2026-08-23 02:09:16.110971 Traceback (most recent call last):
2026-08-23 02:09:16.161176   None
2026-08-23 02:09:16.211387 PYTHONPATH:
2026-08-23 02:09:16.261541   /opt/hostedtoolcache/Python/3.11.16/x64/bin
2026-08-23 02:09:16.311725   /opt/hostedtoolcache/Python/3.11.16/x64/lib/python311.zip
2026-08-23 02:09:16.361916   /opt/hostedtoolcache/Python/3.11.16/x64/lib/python3.11
2026-08-23 02:09:16.412110   /opt/hostedtoolcache/Python/3.11.16/x64/lib/python3.11/lib-dynload
2026-08-23 02:09:16.462293   /opt/hostedtoolcache/Python/3.11.16/x64/lib/python3.11/site-packages
2026-08-23 02:09:16.512479 [ ERROR ] Error in file '/home/runner/work/engg-robot-testing-framework/engg-robot-testing-framework/resources/common.resource' on line 4: Importing library 'playwright_keyword_library.PlaywrightKeywordLibrary' failed: ModuleNotFoundError: No module named 'playwright_keyword_library'
2026-08-23 02:09:16.562688 Traceback (most recent call last):
2026-08-23 02:09:16.612891   None
2026-08-23 02:09:16.663151 PYTHONPATH:
2026-08-23 02:09:16.713342   /opt/hostedtoolcache/Python/3.11.16/x64/bin
2026-08-23 02:09:16.763537   /opt/hostedtoolcache/Python/3.11.16/x64/lib/python311.zip
2026-08-23 02:09:16.813713   /opt/hostedtoolcache/Python/3.11.16/x64/lib/python3.11
2026-08-23 02:09:16.863877   /opt/hostedtoolcache/Python/3.11.16/x64/lib/python3.11/lib-dynload
2026-08-23 02:09:16.914058   /opt/hostedtoolcache/Python/3.11.16/x64/lib/python3.11/site-packages
2026-08-23 02:09:25.688737 TC02 Login User With Correct Email And Password                       | FAIL |
2026-08-23 02:09:25.720513 Setup failed:
2026-08-23 02:09:25.720531 No keyword with name 'Open Browser' found.
2026-08-23 02:09:25.720541 
2026-08-23 02:09:25.720550 Also teardown failed:
2026-08-23 02:09:25.720559 Several failures occurred:
2026-08-23 02:09:25.720568 
2026-08-23 02:09:25.720577 1) No keyword with name 'Register Keyword To Run On Failure' found.
2026-08-23 02:09:25.720586 
2026-08-23 02:09:25.720593 2) No keyword with name 'Close Browser' found. Did you mean:
2026-08-23 02:09:25.720601     common.Close Test Browser
2026-08-23 02:09:25.720609 ------------------------------------------------------------------------------
2026-08-23 02:09:25.720617 Suites.Auth.TC02 login valid                                          | FAIL |
2026-08-23 02:09:25.720974 1 test, 0 passed, 1 failed
2026-08-23 02:09:25.720987 ==============================================================================
2026-08-23 02:09:25.720995 Suites.Auth                                                           | FAIL |
2026-08-23 02:09:25.721354 1 test, 0 passed, 1 failed
2026-08-23 02:09:25.721366 ==============================================================================
2026-08-23 02:09:25.721374 Suites                                                                | FAIL |
2026-08-23 02:09:25.721677 1 test, 0 passed, 1 failed
2026-08-23 02:09:25.721752 ==============================================================================
2026-08-23 02:09:25.721762 Output:  /home/runner/work/engg-robot-testing-framework/engg-robot-testing-framework/reports/pabot_results/1/output.xml
