==============================================================================
Suites
==============================================================================
Suites.Auth
==============================================================================
Suites.Auth.TC01 register user
==============================================================================
TC01 Register User                                                    | FAIL |
Setup failed:
No keyword with name 'Open Browser' found.

Also teardown failed:
Several failures occurred:

1) No keyword with name 'Register Keyword To Run On Failure' found.

2) No keyword with name 'Close Browser' found. Did you mean:
    common.Close Test Browser
------------------------------------------------------------------------------
Suites.Auth.TC01 register user                                        | FAIL |
1 test, 0 passed, 1 failed
==============================================================================
Suites.Auth                                                           | FAIL |
1 test, 0 passed, 1 failed
==============================================================================
Suites                                                                | FAIL |
1 test, 0 passed, 1 failed
==============================================================================
Output:  /home/runner/work/engg-robot-testing-framework/engg-robot-testing-framework/reports/pabot_results/0/output.xml
