2026-09-20 05:13:00.566598 ==============================================================================
2026-09-20 05:13:00.587906 Suites
2026-09-20 05:13:00.587928 ==============================================================================
2026-09-20 05:13:00.587943 Suites.Auth
2026-09-20 05:13:00.588766 ==============================================================================
2026-09-20 05:13:00.588785 Suites.Auth.TC05 register existing email
2026-09-20 05:13:00.588785 [ ERROR ] Error in file '/home/runner/work/engg-robot-testing-framework/engg-robot-testing-framework/tests/auth/TC05_register_existing_email.robot' on line 2: Importing library 'playwright_keyword_library.PlaywrightKeywordLibrary' failed: ModuleNotFoundError: No module named 'playwright_keyword_library'
2026-09-20 05:13:00.608044 ==============================================================================
2026-09-20 05:13:00.608044 Traceback (most recent call last):
2026-09-20 05:13:00.608070   None
2026-09-20 05:13:00.658191 PYTHONPATH:
2026-09-20 05:13:00.708308   /opt/hostedtoolcache/Python/3.11.16/x64/bin
2026-09-20 05:13:00.758416   /opt/hostedtoolcache/Python/3.11.16/x64/lib/python311.zip
2026-09-20 05:13:00.808518   /opt/hostedtoolcache/Python/3.11.16/x64/lib/python3.11
2026-09-20 05:13:00.858652   /opt/hostedtoolcache/Python/3.11.16/x64/lib/python3.11/lib-dynload
2026-09-20 05:13:00.908831   /opt/hostedtoolcache/Python/3.11.16/x64/lib/python3.11/site-packages
2026-09-20 05:13:00.959048 [ ERROR ] Error in file '/home/runner/work/engg-robot-testing-framework/engg-robot-testing-framework/resources/auth_keywords.resource' on line 2: Importing library 'playwright_keyword_library.PlaywrightKeywordLibrary' failed: ModuleNotFoundError: No module named 'playwright_keyword_library'
2026-09-20 05:13:01.009257 Traceback (most recent call last):
2026-09-20 05:13:01.059421   None
2026-09-20 05:13:01.109589 PYTHONPATH:
2026-09-20 05:13:01.159769   /opt/hostedtoolcache/Python/3.11.16/x64/bin
2026-09-20 05:13:01.209972   /opt/hostedtoolcache/Python/3.11.16/x64/lib/python311.zip
2026-09-20 05:13:01.260155   /opt/hostedtoolcache/Python/3.11.16/x64/lib/python3.11
2026-09-20 05:13:01.310376   /opt/hostedtoolcache/Python/3.11.16/x64/lib/python3.11/lib-dynload
2026-09-20 05:13:01.360584   /opt/hostedtoolcache/Python/3.11.16/x64/lib/python3.11/site-packages
2026-09-20 05:13:01.410795 [ ERROR ] Error in file '/home/runner/work/engg-robot-testing-framework/engg-robot-testing-framework/resources/common.resource' on line 4: Importing library 'playwright_keyword_library.PlaywrightKeywordLibrary' failed: ModuleNotFoundError: No module named 'playwright_keyword_library'
2026-09-20 05:13:01.461009 Traceback (most recent call last):
2026-09-20 05:13:01.511226   None
2026-09-20 05:13:01.561449 PYTHONPATH:
2026-09-20 05:13:01.611688   /opt/hostedtoolcache/Python/3.11.16/x64/bin
2026-09-20 05:13:01.661920   /opt/hostedtoolcache/Python/3.11.16/x64/lib/python311.zip
2026-09-20 05:13:01.712150   /opt/hostedtoolcache/Python/3.11.16/x64/lib/python3.11
2026-09-20 05:13:01.762381   /opt/hostedtoolcache/Python/3.11.16/x64/lib/python3.11/lib-dynload
2026-09-20 05:13:01.812610   /opt/hostedtoolcache/Python/3.11.16/x64/lib/python3.11/site-packages
2026-09-20 05:13:10.586457 TC05 Register User With Existing Email                                | FAIL |
2026-09-20 05:13:10.618020 Setup failed:
2026-09-20 05:13:10.618036 No keyword with name 'Open Browser' found.
2026-09-20 05:13:10.618046 
2026-09-20 05:13:10.618055 Also teardown failed:
2026-09-20 05:13:10.618064 Several failures occurred:
2026-09-20 05:13:10.618072 
2026-09-20 05:13:10.618080 1) No keyword with name 'Register Keyword To Run On Failure' found.
2026-09-20 05:13:10.618088 
2026-09-20 05:13:10.618096 2) No keyword with name 'Close Browser' found. Did you mean:
2026-09-20 05:13:10.618104     common.Close Test Browser
2026-09-20 05:13:10.618111 ------------------------------------------------------------------------------
2026-09-20 05:13:10.618119 Suites.Auth.TC05 register existing email                              | FAIL |
2026-09-20 05:13:10.618638 1 test, 0 passed, 1 failed
2026-09-20 05:13:10.618654 ==============================================================================
2026-09-20 05:13:10.618664 Suites.Auth                                                           | FAIL |
2026-09-20 05:13:10.619031 1 test, 0 passed, 1 failed
2026-09-20 05:13:10.619089 ==============================================================================
2026-09-20 05:13:10.619098 Suites                                                                | FAIL |
2026-09-20 05:13:10.619421 1 test, 0 passed, 1 failed
2026-09-20 05:13:10.619492 ==============================================================================
2026-09-20 05:13:10.619501 Output:  /home/runner/work/engg-robot-testing-framework/engg-robot-testing-framework/reports/pabot_results/4/output.xml
