2026-08-14 03:06:28.970504 ==============================================================================
2026-08-14 03:06:28.994811 Suites
2026-08-14 03:06:28.994834 ==============================================================================
2026-08-14 03:06:28.994852 Suites.Auth
2026-08-14 03:06:28.995665 ==============================================================================
2026-08-14 03:06:28.995684 Suites.Auth.TC04 logout user
2026-08-14 03:06:28.995684 [ ERROR ] Error in file '/home/runner/work/engg-robot-testing-framework/engg-robot-testing-framework/tests/auth/TC04_logout_user.robot' on line 2: Importing library 'playwright_keyword_library.PlaywrightKeywordLibrary' failed: ModuleNotFoundError: No module named 'playwright_keyword_library'
2026-08-14 03:06:29.014918 ==============================================================================
2026-08-14 03:06:29.014918 Traceback (most recent call last):
2026-08-14 03:06:29.014944   None
2026-08-14 03:06:29.065105 PYTHONPATH:
2026-08-14 03:06:29.115407   /opt/hostedtoolcache/Python/3.11.15/x64/bin
2026-08-14 03:06:29.165569   /opt/hostedtoolcache/Python/3.11.15/x64/lib/python311.zip
2026-08-14 03:06:29.215848   /opt/hostedtoolcache/Python/3.11.15/x64/lib/python3.11
2026-08-14 03:06:29.266014   /opt/hostedtoolcache/Python/3.11.15/x64/lib/python3.11/lib-dynload
2026-08-14 03:06:29.316191   /opt/hostedtoolcache/Python/3.11.15/x64/lib/python3.11/site-packages
2026-08-14 03:06:29.366396 [ ERROR ] Error in file '/home/runner/work/engg-robot-testing-framework/engg-robot-testing-framework/resources/auth_keywords.resource' on line 2: Importing library 'playwright_keyword_library.PlaywrightKeywordLibrary' failed: ModuleNotFoundError: No module named 'playwright_keyword_library'
2026-08-14 03:06:29.416610 Traceback (most recent call last):
2026-08-14 03:06:29.466783   None
2026-08-14 03:06:29.516979 PYTHONPATH:
2026-08-14 03:06:29.567140   /opt/hostedtoolcache/Python/3.11.15/x64/bin
2026-08-14 03:06:29.617319   /opt/hostedtoolcache/Python/3.11.15/x64/lib/python311.zip
2026-08-14 03:06:29.667506   /opt/hostedtoolcache/Python/3.11.15/x64/lib/python3.11
2026-08-14 03:06:29.717673   /opt/hostedtoolcache/Python/3.11.15/x64/lib/python3.11/lib-dynload
2026-08-14 03:06:29.767867   /opt/hostedtoolcache/Python/3.11.15/x64/lib/python3.11/site-packages
2026-08-14 03:06:29.818046 [ ERROR ] Error in file '/home/runner/work/engg-robot-testing-framework/engg-robot-testing-framework/resources/common.resource' on line 4: Importing library 'playwright_keyword_library.PlaywrightKeywordLibrary' failed: ModuleNotFoundError: No module named 'playwright_keyword_library'
2026-08-14 03:06:29.868245 Traceback (most recent call last):
2026-08-14 03:06:29.918446   None
2026-08-14 03:06:29.968634 PYTHONPATH:
2026-08-14 03:06:30.018825   /opt/hostedtoolcache/Python/3.11.15/x64/bin
2026-08-14 03:06:30.069036   /opt/hostedtoolcache/Python/3.11.15/x64/lib/python311.zip
2026-08-14 03:06:30.119296   /opt/hostedtoolcache/Python/3.11.15/x64/lib/python3.11
2026-08-14 03:06:30.169517   /opt/hostedtoolcache/Python/3.11.15/x64/lib/python3.11/lib-dynload
2026-08-14 03:06:30.219727   /opt/hostedtoolcache/Python/3.11.15/x64/lib/python3.11/site-packages
2026-08-14 03:06:38.996965 TC04 Logout User                                                      | FAIL |
2026-08-14 03:06:39.025031 Setup failed:
2026-08-14 03:06:39.025089 No keyword with name 'Open Browser' found.
2026-08-14 03:06:39.025117 
2026-08-14 03:06:39.025136 Also teardown failed:
2026-08-14 03:06:39.025156 Several failures occurred:
2026-08-14 03:06:39.025176 
2026-08-14 03:06:39.025194 1) No keyword with name 'Register Keyword To Run On Failure' found.
2026-08-14 03:06:39.025212 
2026-08-14 03:06:39.025230 2) No keyword with name 'Close Browser' found. Did you mean:
2026-08-14 03:06:39.025249     common.Close Test Browser
2026-08-14 03:06:39.025266 ------------------------------------------------------------------------------
2026-08-14 03:06:39.025284 Suites.Auth.TC04 logout user                                          | FAIL |
2026-08-14 03:06:39.025657 1 test, 0 passed, 1 failed
2026-08-14 03:06:39.025754 ==============================================================================
2026-08-14 03:06:39.025774 Suites.Auth                                                           | FAIL |
2026-08-14 03:06:39.026098 1 test, 0 passed, 1 failed
2026-08-14 03:06:39.026170 ==============================================================================
2026-08-14 03:06:39.026187 Suites                                                                | FAIL |
2026-08-14 03:06:39.026520 1 test, 0 passed, 1 failed
2026-08-14 03:06:39.026613 ==============================================================================
2026-08-14 03:06:39.026631 Output:  /home/runner/work/engg-robot-testing-framework/engg-robot-testing-framework/reports/pabot_results/3/output.xml
