2026-09-26 05:17:57.820340 ==============================================================================
2026-09-26 05:17:57.861631 Suites
2026-09-26 05:17:57.861652 ==============================================================================
2026-09-26 05:17:57.861665 Suites.Auth
2026-09-26 05:17:57.862308 ==============================================================================
2026-09-26 05:17:57.862319 Suites.Auth.TC02 login valid
2026-09-26 05:17:57.862319 [ ERROR ] Error in file '/home/runner/work/engg-robot-testing-framework/engg-robot-testing-framework/tests/auth/TC02_login_valid.robot' on line 2: Importing library 'playwright_keyword_library.PlaywrightKeywordLibrary' failed: ModuleNotFoundError: No module named 'playwright_keyword_library'
2026-09-26 05:17:57.878169 ==============================================================================
2026-09-26 05:17:57.878169 Traceback (most recent call last):
2026-09-26 05:17:57.878188   None
2026-09-26 05:17:57.928317 PYTHONPATH:
2026-09-26 05:17:57.978492   /opt/hostedtoolcache/Python/3.11.16/x64/bin
2026-09-26 05:17:58.028618   /opt/hostedtoolcache/Python/3.11.16/x64/lib/python311.zip
2026-09-26 05:17:58.078738   /opt/hostedtoolcache/Python/3.11.16/x64/lib/python3.11
2026-09-26 05:17:58.128807   /opt/hostedtoolcache/Python/3.11.16/x64/lib/python3.11/lib-dynload
2026-09-26 05:17:58.178911   /opt/hostedtoolcache/Python/3.11.16/x64/lib/python3.11/site-packages
2026-09-26 05:17:58.229011 [ ERROR ] Error in file '/home/runner/work/engg-robot-testing-framework/engg-robot-testing-framework/resources/auth_keywords.resource' on line 2: Importing library 'playwright_keyword_library.PlaywrightKeywordLibrary' failed: ModuleNotFoundError: No module named 'playwright_keyword_library'
2026-09-26 05:17:58.279119 Traceback (most recent call last):
2026-09-26 05:17:58.329239   None
2026-09-26 05:17:58.379362 PYTHONPATH:
2026-09-26 05:17:58.429464   /opt/hostedtoolcache/Python/3.11.16/x64/bin
2026-09-26 05:17:58.479576   /opt/hostedtoolcache/Python/3.11.16/x64/lib/python311.zip
2026-09-26 05:17:58.529674   /opt/hostedtoolcache/Python/3.11.16/x64/lib/python3.11
2026-09-26 05:17:58.579823   /opt/hostedtoolcache/Python/3.11.16/x64/lib/python3.11/lib-dynload
2026-09-26 05:17:58.629923   /opt/hostedtoolcache/Python/3.11.16/x64/lib/python3.11/site-packages
2026-09-26 05:17:58.680030 [ ERROR ] Error in file '/home/runner/work/engg-robot-testing-framework/engg-robot-testing-framework/resources/common.resource' on line 4: Importing library 'playwright_keyword_library.PlaywrightKeywordLibrary' failed: ModuleNotFoundError: No module named 'playwright_keyword_library'
2026-09-26 05:17:58.730121 Traceback (most recent call last):
2026-09-26 05:17:58.780259   None
2026-09-26 05:17:58.830348 PYTHONPATH:
2026-09-26 05:17:58.880468   /opt/hostedtoolcache/Python/3.11.16/x64/bin
2026-09-26 05:17:58.930557   /opt/hostedtoolcache/Python/3.11.16/x64/lib/python311.zip
2026-09-26 05:17:58.980672   /opt/hostedtoolcache/Python/3.11.16/x64/lib/python3.11
2026-09-26 05:17:59.030793   /opt/hostedtoolcache/Python/3.11.16/x64/lib/python3.11/lib-dynload
2026-09-26 05:17:59.080915   /opt/hostedtoolcache/Python/3.11.16/x64/lib/python3.11/site-packages
2026-09-26 05:18:07.854973 TC02 Login User With Correct Email And Password                       | FAIL |
2026-09-26 05:18:07.890066 Setup failed:
2026-09-26 05:18:07.890078 No keyword with name 'Open Browser' found.
2026-09-26 05:18:07.890086 
2026-09-26 05:18:07.890095 Also teardown failed:
2026-09-26 05:18:07.890103 Several failures occurred:
2026-09-26 05:18:07.890111 
2026-09-26 05:18:07.890120 1) No keyword with name 'Register Keyword To Run On Failure' found.
2026-09-26 05:18:07.890128 
2026-09-26 05:18:07.890136 2) No keyword with name 'Close Browser' found. Did you mean:
2026-09-26 05:18:07.890144     common.Close Test Browser
2026-09-26 05:18:07.890152 ------------------------------------------------------------------------------
2026-09-26 05:18:07.890160 Suites.Auth.TC02 login valid                                          | FAIL |
2026-09-26 05:18:07.890566 1 test, 0 passed, 1 failed
2026-09-26 05:18:07.890607 ==============================================================================
2026-09-26 05:18:07.890616 Suites.Auth                                                           | FAIL |
2026-09-26 05:18:07.890900 1 test, 0 passed, 1 failed
2026-09-26 05:18:07.890944 ==============================================================================
2026-09-26 05:18:07.890952 Suites                                                                | FAIL |
2026-09-26 05:18:07.891161 1 test, 0 passed, 1 failed
2026-09-26 05:18:07.891204 ==============================================================================
2026-09-26 05:18:07.891212 Output:  /home/runner/work/engg-robot-testing-framework/engg-robot-testing-framework/reports/pabot_results/1/output.xml
