2026-08-31 05:55:59.141352 ==============================================================================
2026-08-31 05:55:59.171561 Suites
2026-08-31 05:55:59.171579 ==============================================================================
2026-08-31 05:55:59.171592 Suites.Cart
2026-08-31 05:55:59.172363 ==============================================================================
2026-08-31 05:55:59.172378 Suites.Cart.TC22 add from recommended items :: TC22 - Add To Cart From Reco...
2026-08-31 05:55:59.172378 [ ERROR ] Error in file '/home/runner/work/engg-robot-testing-framework/engg-robot-testing-framework/resources/common.resource' on line 4: Importing library 'playwright_keyword_library.PlaywrightKeywordLibrary' failed: ModuleNotFoundError: No module named 'playwright_keyword_library'
2026-08-31 05:55:59.193276 ==============================================================================
2026-08-31 05:55:59.193276 Traceback (most recent call last):
2026-08-31 05:55:59.193299   None
2026-08-31 05:55:59.243441 PYTHONPATH:
2026-08-31 05:55:59.293579   /opt/hostedtoolcache/Python/3.11.16/x64/bin
2026-08-31 05:55:59.343758   /opt/hostedtoolcache/Python/3.11.16/x64/lib/python311.zip
2026-08-31 05:55:59.393900   /opt/hostedtoolcache/Python/3.11.16/x64/lib/python3.11
2026-08-31 05:55:59.444044   /opt/hostedtoolcache/Python/3.11.16/x64/lib/python3.11/lib-dynload
2026-08-31 05:55:59.494301   /opt/hostedtoolcache/Python/3.11.16/x64/lib/python3.11/site-packages
2026-08-31 05:55:59.544449 [ ERROR ] Error in file '/home/runner/work/engg-robot-testing-framework/engg-robot-testing-framework/resources/cart_keywords.resource' on line 2: Importing library 'playwright_keyword_library.PlaywrightKeywordLibrary' failed: ModuleNotFoundError: No module named 'playwright_keyword_library'
2026-08-31 05:55:59.594572 Traceback (most recent call last):
2026-08-31 05:55:59.644707   None
2026-08-31 05:55:59.694833 PYTHONPATH:
2026-08-31 05:55:59.744976   /opt/hostedtoolcache/Python/3.11.16/x64/bin
2026-08-31 05:55:59.795109   /opt/hostedtoolcache/Python/3.11.16/x64/lib/python311.zip
2026-08-31 05:55:59.845244   /opt/hostedtoolcache/Python/3.11.16/x64/lib/python3.11
2026-08-31 05:55:59.895423   /opt/hostedtoolcache/Python/3.11.16/x64/lib/python3.11/lib-dynload
2026-08-31 05:55:59.945574   /opt/hostedtoolcache/Python/3.11.16/x64/lib/python3.11/site-packages
2026-08-31 05:56:09.164727 TC22 Add To Cart From Recommended Items                               | FAIL |
2026-08-31 05:56:09.203427 Setup failed:
2026-08-31 05:56:09.203441 No keyword with name 'Open Browser' found.
2026-08-31 05:56:09.203450 
2026-08-31 05:56:09.203458 Also teardown failed:
2026-08-31 05:56:09.203465 Several failures occurred:
2026-08-31 05:56:09.203472 
2026-08-31 05:56:09.203479 1) No keyword with name 'Register Keyword To Run On Failure' found.
2026-08-31 05:56:09.203487 
2026-08-31 05:56:09.203493 2) No keyword with name 'Close Browser' found. Did you mean:
2026-08-31 05:56:09.203500     common.Close Test Browser
2026-08-31 05:56:09.203506 ------------------------------------------------------------------------------
2026-08-31 05:56:09.203513 Suites.Cart.TC22 add from recommended items :: TC22 - Add To Cart ... | FAIL |
2026-08-31 05:56:09.204050 1 test, 0 passed, 1 failed
2026-08-31 05:56:09.204080 ==============================================================================
2026-08-31 05:56:09.204087 Suites.Cart                                                           | FAIL |
2026-08-31 05:56:09.204415 1 test, 0 passed, 1 failed
2026-08-31 05:56:09.204449 ==============================================================================
2026-08-31 05:56:09.204455 Suites                                                                | FAIL |
2026-08-31 05:56:09.204725 1 test, 0 passed, 1 failed
2026-08-31 05:56:09.204766 ==============================================================================
2026-08-31 05:56:09.204796 Output:  /home/runner/work/engg-robot-testing-framework/engg-robot-testing-framework/reports/pabot_results/9/output.xml
