2026-10-03 05:35:56.770493 ==============================================================================
2026-10-03 05:35:56.801125 Suites
2026-10-03 05:35:56.801145 ==============================================================================
2026-10-03 05:35:56.801159 Suites.Cart
2026-10-03 05:35:56.802157 ==============================================================================
2026-10-03 05:35:56.802176 Suites.Cart.TC13 verify product quantity :: TC13 - Verify Product Quantity ...
2026-10-03 05:35:56.802176 [ ERROR ] Error in file '/home/runner/work/engg-robot-testing-framework/engg-robot-testing-framework/resources/common.resource' on line 4: Importing library 'playwright_keyword_library.PlaywrightKeywordLibrary' failed: ModuleNotFoundError: No module named 'playwright_keyword_library'
2026-10-03 05:35:56.836840 ==============================================================================
2026-10-03 05:35:56.836840 Traceback (most recent call last):
2026-10-03 05:35:56.836864   None
2026-10-03 05:35:56.887004 PYTHONPATH:
2026-10-03 05:35:56.937149   /opt/hostedtoolcache/Python/3.11.16/x64/bin
2026-10-03 05:35:56.987273   /opt/hostedtoolcache/Python/3.11.16/x64/lib/python311.zip
2026-10-03 05:35:57.037386   /opt/hostedtoolcache/Python/3.11.16/x64/lib/python3.11
2026-10-03 05:35:57.087510   /opt/hostedtoolcache/Python/3.11.16/x64/lib/python3.11/lib-dynload
2026-10-03 05:35:57.137666   /opt/hostedtoolcache/Python/3.11.16/x64/lib/python3.11/site-packages
2026-10-03 05:35:57.187838 [ ERROR ] Error in file '/home/runner/work/engg-robot-testing-framework/engg-robot-testing-framework/resources/product_keywords.resource' on line 2: Importing library 'playwright_keyword_library.PlaywrightKeywordLibrary' failed: ModuleNotFoundError: No module named 'playwright_keyword_library'
2026-10-03 05:35:57.238010 Traceback (most recent call last):
2026-10-03 05:35:57.288190   None
2026-10-03 05:35:57.338360 PYTHONPATH:
2026-10-03 05:35:57.388535   /opt/hostedtoolcache/Python/3.11.16/x64/bin
2026-10-03 05:35:57.438701   /opt/hostedtoolcache/Python/3.11.16/x64/lib/python311.zip
2026-10-03 05:35:57.488878   /opt/hostedtoolcache/Python/3.11.16/x64/lib/python3.11
2026-10-03 05:35:57.539049   /opt/hostedtoolcache/Python/3.11.16/x64/lib/python3.11/lib-dynload
2026-10-03 05:35:57.589218   /opt/hostedtoolcache/Python/3.11.16/x64/lib/python3.11/site-packages
2026-10-03 05:35:57.639373 [ ERROR ] Error in file '/home/runner/work/engg-robot-testing-framework/engg-robot-testing-framework/resources/cart_keywords.resource' on line 2: Importing library 'playwright_keyword_library.PlaywrightKeywordLibrary' failed: ModuleNotFoundError: No module named 'playwright_keyword_library'
2026-10-03 05:35:57.689548 Traceback (most recent call last):
2026-10-03 05:35:57.739713   None
2026-10-03 05:35:57.789894 PYTHONPATH:
2026-10-03 05:35:57.840049   /opt/hostedtoolcache/Python/3.11.16/x64/bin
2026-10-03 05:35:57.890224   /opt/hostedtoolcache/Python/3.11.16/x64/lib/python311.zip
2026-10-03 05:35:57.940375   /opt/hostedtoolcache/Python/3.11.16/x64/lib/python3.11
2026-10-03 05:35:57.990577   /opt/hostedtoolcache/Python/3.11.16/x64/lib/python3.11/lib-dynload
2026-10-03 05:35:58.040759   /opt/hostedtoolcache/Python/3.11.16/x64/lib/python3.11/site-packages
2026-10-03 05:36:06.816262 TC13 Verify Product Quantity In Cart                                  | FAIL |
2026-10-03 05:36:06.852782 Setup failed:
2026-10-03 05:36:06.852799 No keyword with name 'Open Browser' found.
2026-10-03 05:36:06.852811 
2026-10-03 05:36:06.852822 Also teardown failed:
2026-10-03 05:36:06.852833 Several failures occurred:
2026-10-03 05:36:06.852844 
2026-10-03 05:36:06.852855 1) No keyword with name 'Register Keyword To Run On Failure' found.
2026-10-03 05:36:06.852865 
2026-10-03 05:36:06.852875 2) No keyword with name 'Close Browser' found. Did you mean:
2026-10-03 05:36:06.852886     common.Close Test Browser
2026-10-03 05:36:06.852896 ------------------------------------------------------------------------------
2026-10-03 05:36:06.852907 Suites.Cart.TC13 verify product quantity :: TC13 - Verify Product ... | FAIL |
2026-10-03 05:36:06.853766 1 test, 0 passed, 1 failed
2026-10-03 05:36:06.853786 ==============================================================================
2026-10-03 05:36:06.853803 Suites.Cart                                                           | FAIL |
2026-10-03 05:36:06.854200 1 test, 0 passed, 1 failed
2026-10-03 05:36:06.854217 ==============================================================================
2026-10-03 05:36:06.854231 Suites                                                                | FAIL |
2026-10-03 05:36:06.854569 1 test, 0 passed, 1 failed
2026-10-03 05:36:06.854594 ==============================================================================
2026-10-03 05:36:06.854649 Output:  /home/runner/work/engg-robot-testing-framework/engg-robot-testing-framework/reports/pabot_results/6/output.xml
