2026-07-14 03:44:44.657288 ==============================================================================
2026-07-14 03:44:44.662363 Suites
2026-07-14 03:44:44.662380 ==============================================================================
2026-07-14 03:44:44.662391 Suites.Cart
2026-07-14 03:44:44.663166 ==============================================================================
2026-07-14 03:44:44.663182 Suites.Cart.TC13 verify product quantity :: TC13 - Verify Product Quantity ...
2026-07-14 03:44:44.663182 [ ERROR ] Error in file '/home/runner/work/engg-robot-testing-framework/engg-robot-testing-framework/resources/common.resource' on line 4: Importing library 'playwright_keyword_library.PlaywrightKeywordLibrary' failed: ModuleNotFoundError: No module named 'playwright_keyword_library'
2026-07-14 03:44:44.690487 ==============================================================================
2026-07-14 03:44:44.690487 Traceback (most recent call last):
2026-07-14 03:44:44.690509   None
2026-07-14 03:44:44.740660 PYTHONPATH:
2026-07-14 03:44:44.790892   /opt/hostedtoolcache/Python/3.11.15/x64/bin
2026-07-14 03:44:44.841056   /opt/hostedtoolcache/Python/3.11.15/x64/lib/python311.zip
2026-07-14 03:44:44.891233   /opt/hostedtoolcache/Python/3.11.15/x64/lib/python3.11
2026-07-14 03:44:44.941403   /opt/hostedtoolcache/Python/3.11.15/x64/lib/python3.11/lib-dynload
2026-07-14 03:44:44.991606   /opt/hostedtoolcache/Python/3.11.15/x64/lib/python3.11/site-packages
2026-07-14 03:44:45.041818 [ ERROR ] Error in file '/home/runner/work/engg-robot-testing-framework/engg-robot-testing-framework/resources/product_keywords.resource' on line 2: Importing library 'playwright_keyword_library.PlaywrightKeywordLibrary' failed: ModuleNotFoundError: No module named 'playwright_keyword_library'
2026-07-14 03:44:45.092024 Traceback (most recent call last):
2026-07-14 03:44:45.142216   None
2026-07-14 03:44:45.192393 PYTHONPATH:
2026-07-14 03:44:45.242582   /opt/hostedtoolcache/Python/3.11.15/x64/bin
2026-07-14 03:44:45.292735   /opt/hostedtoolcache/Python/3.11.15/x64/lib/python311.zip
2026-07-14 03:44:45.342905   /opt/hostedtoolcache/Python/3.11.15/x64/lib/python3.11
2026-07-14 03:44:45.393083   /opt/hostedtoolcache/Python/3.11.15/x64/lib/python3.11/lib-dynload
2026-07-14 03:44:45.443395   /opt/hostedtoolcache/Python/3.11.15/x64/lib/python3.11/site-packages
2026-07-14 03:44:45.493598 [ ERROR ] Error in file '/home/runner/work/engg-robot-testing-framework/engg-robot-testing-framework/resources/cart_keywords.resource' on line 2: Importing library 'playwright_keyword_library.PlaywrightKeywordLibrary' failed: ModuleNotFoundError: No module named 'playwright_keyword_library'
2026-07-14 03:44:45.543765 Traceback (most recent call last):
2026-07-14 03:44:45.593943   None
2026-07-14 03:44:45.644108 PYTHONPATH:
2026-07-14 03:44:45.694261   /opt/hostedtoolcache/Python/3.11.15/x64/bin
2026-07-14 03:44:45.744419   /opt/hostedtoolcache/Python/3.11.15/x64/lib/python311.zip
2026-07-14 03:44:45.794595   /opt/hostedtoolcache/Python/3.11.15/x64/lib/python3.11
2026-07-14 03:44:45.844758   /opt/hostedtoolcache/Python/3.11.15/x64/lib/python3.11/lib-dynload
2026-07-14 03:44:45.894948   /opt/hostedtoolcache/Python/3.11.15/x64/lib/python3.11/site-packages
2026-07-14 03:44:54.668968 TC13 Verify Product Quantity In Cart                                  | FAIL |
2026-07-14 03:44:54.701300 Setup failed:
2026-07-14 03:44:54.701316 No keyword with name 'Open Browser' found.
2026-07-14 03:44:54.701326 
2026-07-14 03:44:54.701334 Also teardown failed:
2026-07-14 03:44:54.701342 Several failures occurred:
2026-07-14 03:44:54.701350 
2026-07-14 03:44:54.701358 1) No keyword with name 'Register Keyword To Run On Failure' found.
2026-07-14 03:44:54.701366 
2026-07-14 03:44:54.701372 2) No keyword with name 'Close Browser' found. Did you mean:
2026-07-14 03:44:54.701379     common.Close Test Browser
2026-07-14 03:44:54.701386 ------------------------------------------------------------------------------
2026-07-14 03:44:54.701393 Suites.Cart.TC13 verify product quantity :: TC13 - Verify Product ... | FAIL |
2026-07-14 03:44:54.701825 1 test, 0 passed, 1 failed
2026-07-14 03:44:54.701870 ==============================================================================
2026-07-14 03:44:54.701877 Suites.Cart                                                           | FAIL |
2026-07-14 03:44:54.702171 1 test, 0 passed, 1 failed
2026-07-14 03:44:54.702211 ==============================================================================
2026-07-14 03:44:54.702218 Suites                                                                | FAIL |
2026-07-14 03:44:54.702475 1 test, 0 passed, 1 failed
2026-07-14 03:44:54.702510 ==============================================================================
2026-07-14 03:44:54.702518 Output:  /home/runner/work/engg-robot-testing-framework/engg-robot-testing-framework/reports/pabot_results/6/output.xml
