2026-07-27 04:12:44.322550 ==============================================================================
2026-07-27 04:12:44.341082 Suites
2026-07-27 04:12:44.341102 ==============================================================================
2026-07-27 04:12:44.341146 Suites.Auth
2026-07-27 04:12:44.341867 ==============================================================================
2026-07-27 04:12:44.341890 Suites.Auth.TC02 login valid
2026-07-27 04:12:44.341890 [ ERROR ] Error in file '/home/runner/work/engg-robot-testing-framework/engg-robot-testing-framework/tests/auth/TC02_login_valid.robot' on line 2: Importing library 'playwright_keyword_library.PlaywrightKeywordLibrary' failed: ModuleNotFoundError: No module named 'playwright_keyword_library'
2026-07-27 04:12:44.359213 ==============================================================================
2026-07-27 04:12:44.359213 Traceback (most recent call last):
2026-07-27 04:12:44.359236   None
2026-07-27 04:12:44.409366 PYTHONPATH:
2026-07-27 04:12:44.459550   /opt/hostedtoolcache/Python/3.11.15/x64/bin
2026-07-27 04:12:44.509723   /opt/hostedtoolcache/Python/3.11.15/x64/lib/python311.zip
2026-07-27 04:12:44.559898   /opt/hostedtoolcache/Python/3.11.15/x64/lib/python3.11
2026-07-27 04:12:44.610074   /opt/hostedtoolcache/Python/3.11.15/x64/lib/python3.11/lib-dynload
2026-07-27 04:12:44.660319   /opt/hostedtoolcache/Python/3.11.15/x64/lib/python3.11/site-packages
2026-07-27 04:12:44.710529 [ ERROR ] Error in file '/home/runner/work/engg-robot-testing-framework/engg-robot-testing-framework/resources/auth_keywords.resource' on line 2: Importing library 'playwright_keyword_library.PlaywrightKeywordLibrary' failed: ModuleNotFoundError: No module named 'playwright_keyword_library'
2026-07-27 04:12:44.760753 Traceback (most recent call last):
2026-07-27 04:12:44.810972   None
2026-07-27 04:12:44.861179 PYTHONPATH:
2026-07-27 04:12:44.911425   /opt/hostedtoolcache/Python/3.11.15/x64/bin
2026-07-27 04:12:44.961608   /opt/hostedtoolcache/Python/3.11.15/x64/lib/python311.zip
2026-07-27 04:12:45.011792   /opt/hostedtoolcache/Python/3.11.15/x64/lib/python3.11
2026-07-27 04:12:45.062062   /opt/hostedtoolcache/Python/3.11.15/x64/lib/python3.11/lib-dynload
2026-07-27 04:12:45.112246   /opt/hostedtoolcache/Python/3.11.15/x64/lib/python3.11/site-packages
2026-07-27 04:12:45.162485 [ ERROR ] Error in file '/home/runner/work/engg-robot-testing-framework/engg-robot-testing-framework/resources/common.resource' on line 4: Importing library 'playwright_keyword_library.PlaywrightKeywordLibrary' failed: ModuleNotFoundError: No module named 'playwright_keyword_library'
2026-07-27 04:12:45.212663 Traceback (most recent call last):
2026-07-27 04:12:45.262910   None
2026-07-27 04:12:45.313089 PYTHONPATH:
2026-07-27 04:12:45.363329   /opt/hostedtoolcache/Python/3.11.15/x64/bin
2026-07-27 04:12:45.413508   /opt/hostedtoolcache/Python/3.11.15/x64/lib/python311.zip
2026-07-27 04:12:45.463747   /opt/hostedtoolcache/Python/3.11.15/x64/lib/python3.11
2026-07-27 04:12:45.513925   /opt/hostedtoolcache/Python/3.11.15/x64/lib/python3.11/lib-dynload
2026-07-27 04:12:45.564205   /opt/hostedtoolcache/Python/3.11.15/x64/lib/python3.11/site-packages
2026-07-27 04:12:54.337578 TC02 Login User With Correct Email And Password                       | FAIL |
2026-07-27 04:12:54.369058 Setup failed:
2026-07-27 04:12:54.369078 No keyword with name 'Open Browser' found.
2026-07-27 04:12:54.369095 
2026-07-27 04:12:54.369219 Also teardown failed:
2026-07-27 04:12:54.369240 Several failures occurred:
2026-07-27 04:12:54.369253 
2026-07-27 04:12:54.369268 1) No keyword with name 'Register Keyword To Run On Failure' found.
2026-07-27 04:12:54.369325 
2026-07-27 04:12:54.369342 2) No keyword with name 'Close Browser' found. Did you mean:
2026-07-27 04:12:54.369356     common.Close Test Browser
2026-07-27 04:12:54.369370 ------------------------------------------------------------------------------
2026-07-27 04:12:54.369383 Suites.Auth.TC02 login valid                                          | FAIL |
2026-07-27 04:12:54.369800 1 test, 0 passed, 1 failed
2026-07-27 04:12:54.369838 ==============================================================================
2026-07-27 04:12:54.369851 Suites.Auth                                                           | FAIL |
2026-07-27 04:12:54.370323 1 test, 0 passed, 1 failed
2026-07-27 04:12:54.370364 ==============================================================================
2026-07-27 04:12:54.370376 Suites                                                                | FAIL |
2026-07-27 04:12:54.370753 1 test, 0 passed, 1 failed
2026-07-27 04:12:54.370795 ==============================================================================
2026-07-27 04:12:54.370802 Output:  /home/runner/work/engg-robot-testing-framework/engg-robot-testing-framework/reports/pabot_results/1/output.xml
