2026-06-28 05:02:38.123905 ==============================================================================
2026-06-28 05:02:38.137847 Suites
2026-06-28 05:02:38.137868 ==============================================================================
2026-06-28 05:02:38.137883 Suites.Cart
2026-06-28 05:02:38.138689 ==============================================================================
2026-06-28 05:02:38.138708 Suites.Cart.TC20 search and verify cart after login :: TC20 - Search Produc...
2026-06-28 05:02:38.138708 [ ERROR ] Error in file '/home/runner/work/engg-robot-testing-framework/engg-robot-testing-framework/tests/cart/TC20_search_and_verify_cart_after_login.robot' on line 3: Importing library 'playwright_keyword_library.PlaywrightKeywordLibrary' failed: ModuleNotFoundError: No module named 'playwright_keyword_library'
2026-06-28 05:02:38.174071 ==============================================================================
2026-06-28 05:02:38.174071 Traceback (most recent call last):
2026-06-28 05:02:38.174094   None
2026-06-28 05:02:38.224204 PYTHONPATH:
2026-06-28 05:02:38.274310   /opt/hostedtoolcache/Python/3.11.15/x64/bin
2026-06-28 05:02:38.324430   /opt/hostedtoolcache/Python/3.11.15/x64/lib/python311.zip
2026-06-28 05:02:38.374531   /opt/hostedtoolcache/Python/3.11.15/x64/lib/python3.11
2026-06-28 05:02:38.424648   /opt/hostedtoolcache/Python/3.11.15/x64/lib/python3.11/lib-dynload
2026-06-28 05:02:38.474778   /opt/hostedtoolcache/Python/3.11.15/x64/lib/python3.11/site-packages
2026-06-28 05:02:38.524921 [ ERROR ] Error in file '/home/runner/work/engg-robot-testing-framework/engg-robot-testing-framework/resources/common.resource' on line 4: Importing library 'playwright_keyword_library.PlaywrightKeywordLibrary' failed: ModuleNotFoundError: No module named 'playwright_keyword_library'
2026-06-28 05:02:38.575050 Traceback (most recent call last):
2026-06-28 05:02:38.625191   None
2026-06-28 05:02:38.675319 PYTHONPATH:
2026-06-28 05:02:38.725466   /opt/hostedtoolcache/Python/3.11.15/x64/bin
2026-06-28 05:02:38.775594   /opt/hostedtoolcache/Python/3.11.15/x64/lib/python311.zip
2026-06-28 05:02:38.825736   /opt/hostedtoolcache/Python/3.11.15/x64/lib/python3.11
2026-06-28 05:02:38.875865   /opt/hostedtoolcache/Python/3.11.15/x64/lib/python3.11/lib-dynload
2026-06-28 05:02:38.926014   /opt/hostedtoolcache/Python/3.11.15/x64/lib/python3.11/site-packages
2026-06-28 05:02:38.976144 [ ERROR ] Error in file '/home/runner/work/engg-robot-testing-framework/engg-robot-testing-framework/resources/product_keywords.resource' on line 2: Importing library 'playwright_keyword_library.PlaywrightKeywordLibrary' failed: ModuleNotFoundError: No module named 'playwright_keyword_library'
2026-06-28 05:02:39.026314 Traceback (most recent call last):
2026-06-28 05:02:39.076444   None
2026-06-28 05:02:39.126587 PYTHONPATH:
2026-06-28 05:02:39.176715   /opt/hostedtoolcache/Python/3.11.15/x64/bin
2026-06-28 05:02:39.226834   /opt/hostedtoolcache/Python/3.11.15/x64/lib/python311.zip
2026-06-28 05:02:39.276953   /opt/hostedtoolcache/Python/3.11.15/x64/lib/python3.11
2026-06-28 05:02:39.327099   /opt/hostedtoolcache/Python/3.11.15/x64/lib/python3.11/lib-dynload
2026-06-28 05:02:39.377211   /opt/hostedtoolcache/Python/3.11.15/x64/lib/python3.11/site-packages
2026-06-28 05:02:39.427339 [ ERROR ] Error in file '/home/runner/work/engg-robot-testing-framework/engg-robot-testing-framework/resources/cart_keywords.resource' on line 2: Importing library 'playwright_keyword_library.PlaywrightKeywordLibrary' failed: ModuleNotFoundError: No module named 'playwright_keyword_library'
2026-06-28 05:02:39.477439 Traceback (most recent call last):
2026-06-28 05:02:39.527597   None
2026-06-28 05:02:39.577701 PYTHONPATH:
2026-06-28 05:02:39.627835   /opt/hostedtoolcache/Python/3.11.15/x64/bin
2026-06-28 05:02:39.677942   /opt/hostedtoolcache/Python/3.11.15/x64/lib/python311.zip
2026-06-28 05:02:39.728078   /opt/hostedtoolcache/Python/3.11.15/x64/lib/python3.11
2026-06-28 05:02:39.778181   /opt/hostedtoolcache/Python/3.11.15/x64/lib/python3.11/lib-dynload
2026-06-28 05:02:39.828324   /opt/hostedtoolcache/Python/3.11.15/x64/lib/python3.11/site-packages
2026-06-28 05:02:39.878421 [ ERROR ] Error in file '/home/runner/work/engg-robot-testing-framework/engg-robot-testing-framework/resources/auth_keywords.resource' on line 2: Importing library 'playwright_keyword_library.PlaywrightKeywordLibrary' failed: ModuleNotFoundError: No module named 'playwright_keyword_library'
2026-06-28 05:02:39.928565 Traceback (most recent call last):
2026-06-28 05:02:39.978691   None
2026-06-28 05:02:40.028834 PYTHONPATH:
2026-06-28 05:02:40.078941   /opt/hostedtoolcache/Python/3.11.15/x64/bin
2026-06-28 05:02:40.129092   /opt/hostedtoolcache/Python/3.11.15/x64/lib/python311.zip
2026-06-28 05:02:40.179201   /opt/hostedtoolcache/Python/3.11.15/x64/lib/python3.11
2026-06-28 05:02:40.229344   /opt/hostedtoolcache/Python/3.11.15/x64/lib/python3.11/lib-dynload
2026-06-28 05:02:40.279470   /opt/hostedtoolcache/Python/3.11.15/x64/lib/python3.11/site-packages
2026-06-28 05:02:48.147630 TC20 Search Products And Verify Cart After Login                      | FAIL |
2026-06-28 05:02:48.185316 Setup failed:
2026-06-28 05:02:48.185341 No keyword with name 'Open Browser' found.
2026-06-28 05:02:48.185382 
2026-06-28 05:02:48.185396 Also teardown failed:
2026-06-28 05:02:48.185407 Several failures occurred:
2026-06-28 05:02:48.185418 
2026-06-28 05:02:48.185429 1) No keyword with name 'Register Keyword To Run On Failure' found.
2026-06-28 05:02:48.185440 
2026-06-28 05:02:48.185450 2) No keyword with name 'Close Browser' found. Did you mean:
2026-06-28 05:02:48.185461     common.Close Test Browser
2026-06-28 05:02:48.185471 ------------------------------------------------------------------------------
2026-06-28 05:02:48.185481 Suites.Cart.TC20 search and verify cart after login :: TC20 - Sear... | FAIL |
2026-06-28 05:02:48.185994 1 test, 0 passed, 1 failed
2026-06-28 05:02:48.186066 ==============================================================================
2026-06-28 05:02:48.186079 Suites.Cart                                                           | FAIL |
2026-06-28 05:02:48.186409 1 test, 0 passed, 1 failed
2026-06-28 05:02:48.186473 ==============================================================================
2026-06-28 05:02:48.186486 Suites                                                                | FAIL |
2026-06-28 05:02:48.186791 1 test, 0 passed, 1 failed
2026-06-28 05:02:48.186833 ==============================================================================
2026-06-28 05:02:48.186845 Output:  /home/runner/work/engg-robot-testing-framework/engg-robot-testing-framework/reports/pabot_results/8/output.xml
