2026-09-22 05:15:24.615461 ==============================================================================
2026-09-22 05:15:24.649574 Suites
2026-09-22 05:15:24.649598 ==============================================================================
2026-09-22 05:15:24.649615 Suites.Auth
2026-09-22 05:15:24.650433 ==============================================================================
2026-09-22 05:15:24.650450 Suites.Auth.TC01 register user
2026-09-22 05:15:24.650450 [ ERROR ] Error in file '/home/runner/work/engg-robot-testing-framework/engg-robot-testing-framework/tests/auth/TC01_register_user.robot' on line 2: Importing library 'playwright_keyword_library.PlaywrightKeywordLibrary' failed: ModuleNotFoundError: No module named 'playwright_keyword_library'
2026-09-22 05:15:24.671038 ==============================================================================
2026-09-22 05:15:24.671038 Traceback (most recent call last):
2026-09-22 05:15:24.671067   None
2026-09-22 05:15:24.721236 PYTHONPATH:
2026-09-22 05:15:24.771363   /opt/hostedtoolcache/Python/3.11.16/x64/bin
2026-09-22 05:15:24.821518   /opt/hostedtoolcache/Python/3.11.16/x64/lib/python311.zip
2026-09-22 05:15:24.871650   /opt/hostedtoolcache/Python/3.11.16/x64/lib/python3.11
2026-09-22 05:15:24.921798   /opt/hostedtoolcache/Python/3.11.16/x64/lib/python3.11/lib-dynload
2026-09-22 05:15:24.971924   /opt/hostedtoolcache/Python/3.11.16/x64/lib/python3.11/site-packages
2026-09-22 05:15:25.022092 [ ERROR ] Error in file '/home/runner/work/engg-robot-testing-framework/engg-robot-testing-framework/resources/auth_keywords.resource' on line 2: Importing library 'playwright_keyword_library.PlaywrightKeywordLibrary' failed: ModuleNotFoundError: No module named 'playwright_keyword_library'
2026-09-22 05:15:25.072256 Traceback (most recent call last):
2026-09-22 05:15:25.122466   None
2026-09-22 05:15:25.172599 PYTHONPATH:
2026-09-22 05:15:25.222788   /opt/hostedtoolcache/Python/3.11.16/x64/bin
2026-09-22 05:15:25.272922   /opt/hostedtoolcache/Python/3.11.16/x64/lib/python311.zip
2026-09-22 05:15:25.323101   /opt/hostedtoolcache/Python/3.11.16/x64/lib/python3.11
2026-09-22 05:15:25.373248   /opt/hostedtoolcache/Python/3.11.16/x64/lib/python3.11/lib-dynload
2026-09-22 05:15:25.423403   /opt/hostedtoolcache/Python/3.11.16/x64/lib/python3.11/site-packages
2026-09-22 05:15:25.473544 [ ERROR ] Error in file '/home/runner/work/engg-robot-testing-framework/engg-robot-testing-framework/resources/common.resource' on line 4: Importing library 'playwright_keyword_library.PlaywrightKeywordLibrary' failed: ModuleNotFoundError: No module named 'playwright_keyword_library'
2026-09-22 05:15:25.523696 Traceback (most recent call last):
2026-09-22 05:15:25.573832   None
2026-09-22 05:15:25.623980 PYTHONPATH:
2026-09-22 05:15:25.674112   /opt/hostedtoolcache/Python/3.11.16/x64/bin
2026-09-22 05:15:25.724260   /opt/hostedtoolcache/Python/3.11.16/x64/lib/python311.zip
2026-09-22 05:15:25.774374   /opt/hostedtoolcache/Python/3.11.16/x64/lib/python3.11
2026-09-22 05:15:25.824522   /opt/hostedtoolcache/Python/3.11.16/x64/lib/python3.11/lib-dynload
2026-09-22 05:15:25.874654   /opt/hostedtoolcache/Python/3.11.16/x64/lib/python3.11/site-packages
2026-09-22 05:15:34.649689 TC01 Register User                                                    | FAIL |
2026-09-22 05:15:34.681090 Setup failed:
2026-09-22 05:15:34.681103 No keyword with name 'Open Browser' found.
2026-09-22 05:15:34.681111 
2026-09-22 05:15:34.681118 Also teardown failed:
2026-09-22 05:15:34.681125 Several failures occurred:
2026-09-22 05:15:34.681132 
2026-09-22 05:15:34.681139 1) No keyword with name 'Register Keyword To Run On Failure' found.
2026-09-22 05:15:34.681146 
2026-09-22 05:15:34.681152 2) No keyword with name 'Close Browser' found. Did you mean:
2026-09-22 05:15:34.681158     common.Close Test Browser
2026-09-22 05:15:34.681165 ------------------------------------------------------------------------------
2026-09-22 05:15:34.681171 Suites.Auth.TC01 register user                                        | FAIL |
2026-09-22 05:15:34.681710 1 test, 0 passed, 1 failed
2026-09-22 05:15:34.681721 ==============================================================================
2026-09-22 05:15:34.681728 Suites.Auth                                                           | FAIL |
2026-09-22 05:15:34.682148 1 test, 0 passed, 1 failed
2026-09-22 05:15:34.682201 ==============================================================================
2026-09-22 05:15:34.682210 Suites                                                                | FAIL |
2026-09-22 05:15:34.682667 1 test, 0 passed, 1 failed
2026-09-22 05:15:34.682710 ==============================================================================
2026-09-22 05:15:34.682717 Output:  /home/runner/work/engg-robot-testing-framework/engg-robot-testing-framework/reports/pabot_results/0/output.xml
