2026-07-23 03:54:35.267426 ==============================================================================
2026-07-23 03:54:35.296164 Suites
2026-07-23 03:54:35.296178 ==============================================================================
2026-07-23 03:54:35.296186 Suites.Auth
2026-07-23 03:54:35.296787 ==============================================================================
2026-07-23 03:54:35.296798 Suites.Auth.TC05 register existing email
2026-07-23 03:54:35.296798 [ ERROR ] Error in file '/home/runner/work/engg-robot-testing-framework/engg-robot-testing-framework/tests/auth/TC05_register_existing_email.robot' on line 2: Importing library 'playwright_keyword_library.PlaywrightKeywordLibrary' failed: ModuleNotFoundError: No module named 'playwright_keyword_library'
2026-07-23 03:54:35.309944 ==============================================================================
2026-07-23 03:54:35.309944 Traceback (most recent call last):
2026-07-23 03:54:35.309959   None
2026-07-23 03:54:35.360059 PYTHONPATH:
2026-07-23 03:54:35.410176   /opt/hostedtoolcache/Python/3.11.15/x64/bin
2026-07-23 03:54:35.460258   /opt/hostedtoolcache/Python/3.11.15/x64/lib/python311.zip
2026-07-23 03:54:35.510364   /opt/hostedtoolcache/Python/3.11.15/x64/lib/python3.11
2026-07-23 03:54:35.560501   /opt/hostedtoolcache/Python/3.11.15/x64/lib/python3.11/lib-dynload
2026-07-23 03:54:35.610596   /opt/hostedtoolcache/Python/3.11.15/x64/lib/python3.11/site-packages
2026-07-23 03:54:35.660717 [ ERROR ] Error in file '/home/runner/work/engg-robot-testing-framework/engg-robot-testing-framework/resources/auth_keywords.resource' on line 2: Importing library 'playwright_keyword_library.PlaywrightKeywordLibrary' failed: ModuleNotFoundError: No module named 'playwright_keyword_library'
2026-07-23 03:54:35.710826 Traceback (most recent call last):
2026-07-23 03:54:35.761118   None
2026-07-23 03:54:35.811234 PYTHONPATH:
2026-07-23 03:54:35.861328   /opt/hostedtoolcache/Python/3.11.15/x64/bin
2026-07-23 03:54:35.911434   /opt/hostedtoolcache/Python/3.11.15/x64/lib/python311.zip
2026-07-23 03:54:35.961557   /opt/hostedtoolcache/Python/3.11.15/x64/lib/python3.11
2026-07-23 03:54:36.011671   /opt/hostedtoolcache/Python/3.11.15/x64/lib/python3.11/lib-dynload
2026-07-23 03:54:36.061795   /opt/hostedtoolcache/Python/3.11.15/x64/lib/python3.11/site-packages
2026-07-23 03:54:36.111901 [ ERROR ] Error in file '/home/runner/work/engg-robot-testing-framework/engg-robot-testing-framework/resources/common.resource' on line 4: Importing library 'playwright_keyword_library.PlaywrightKeywordLibrary' failed: ModuleNotFoundError: No module named 'playwright_keyword_library'
2026-07-23 03:54:36.162033 Traceback (most recent call last):
2026-07-23 03:54:36.212136   None
2026-07-23 03:54:36.262265 PYTHONPATH:
2026-07-23 03:54:36.312386   /opt/hostedtoolcache/Python/3.11.15/x64/bin
2026-07-23 03:54:36.362519   /opt/hostedtoolcache/Python/3.11.15/x64/lib/python311.zip
2026-07-23 03:54:36.412688   /opt/hostedtoolcache/Python/3.11.15/x64/lib/python3.11
2026-07-23 03:54:36.462808   /opt/hostedtoolcache/Python/3.11.15/x64/lib/python3.11/lib-dynload
2026-07-23 03:54:36.512907   /opt/hostedtoolcache/Python/3.11.15/x64/lib/python3.11/site-packages
2026-07-23 03:54:45.280426 TC05 Register User With Existing Email                                | FAIL |
2026-07-23 03:54:45.317384 Setup failed:
2026-07-23 03:54:45.317393 No keyword with name 'Open Browser' found.
2026-07-23 03:54:45.317398 
2026-07-23 03:54:45.317403 Also teardown failed:
2026-07-23 03:54:45.317407 Several failures occurred:
2026-07-23 03:54:45.317411 
2026-07-23 03:54:45.317416 1) No keyword with name 'Register Keyword To Run On Failure' found.
2026-07-23 03:54:45.317421 
2026-07-23 03:54:45.317425 2) No keyword with name 'Close Browser' found. Did you mean:
2026-07-23 03:54:45.317429     common.Close Test Browser
2026-07-23 03:54:45.317437 ------------------------------------------------------------------------------
2026-07-23 03:54:45.317441 Suites.Auth.TC05 register existing email                              | FAIL |
2026-07-23 03:54:45.317845 1 test, 0 passed, 1 failed
2026-07-23 03:54:45.317896 ==============================================================================
2026-07-23 03:54:45.317900 Suites.Auth                                                           | FAIL |
2026-07-23 03:54:45.318176 1 test, 0 passed, 1 failed
2026-07-23 03:54:45.318242 ==============================================================================
2026-07-23 03:54:45.318247 Suites                                                                | FAIL |
2026-07-23 03:54:45.318454 1 test, 0 passed, 1 failed
2026-07-23 03:54:45.318519 ==============================================================================
2026-07-23 03:54:45.318523 Output:  /home/runner/work/engg-robot-testing-framework/engg-robot-testing-framework/reports/pabot_results/4/output.xml
