2026-08-16 02:06:23.638954 ==============================================================================
2026-08-16 02:06:23.658009 Suites
2026-08-16 02:06:23.658034 ==============================================================================
2026-08-16 02:06:23.658049 Suites.Cart
2026-08-16 02:06:23.659003 ==============================================================================
2026-08-16 02:06:23.659023 Suites.Cart.TC22 add from recommended items :: TC22 - Add To Cart From Reco...
2026-08-16 02:06:23.659023 [ ERROR ] Error in file '/home/runner/work/engg-robot-testing-framework/engg-robot-testing-framework/resources/common.resource' on line 4: Importing library 'playwright_keyword_library.PlaywrightKeywordLibrary' failed: ModuleNotFoundError: No module named 'playwright_keyword_library'
2026-08-16 02:06:23.687047 ==============================================================================
2026-08-16 02:06:23.687047 Traceback (most recent call last):
2026-08-16 02:06:23.687079   None
2026-08-16 02:06:23.737209 PYTHONPATH:
2026-08-16 02:06:23.787335   /opt/hostedtoolcache/Python/3.11.15/x64/bin
2026-08-16 02:06:23.837507   /opt/hostedtoolcache/Python/3.11.15/x64/lib/python311.zip
2026-08-16 02:06:23.887656   /opt/hostedtoolcache/Python/3.11.15/x64/lib/python3.11
2026-08-16 02:06:23.937816   /opt/hostedtoolcache/Python/3.11.15/x64/lib/python3.11/lib-dynload
2026-08-16 02:06:23.987992   /opt/hostedtoolcache/Python/3.11.15/x64/lib/python3.11/site-packages
2026-08-16 02:06:24.038197 [ ERROR ] Error in file '/home/runner/work/engg-robot-testing-framework/engg-robot-testing-framework/resources/cart_keywords.resource' on line 2: Importing library 'playwright_keyword_library.PlaywrightKeywordLibrary' failed: ModuleNotFoundError: No module named 'playwright_keyword_library'
2026-08-16 02:06:24.088472 Traceback (most recent call last):
2026-08-16 02:06:24.138688   None
2026-08-16 02:06:24.188871 PYTHONPATH:
2026-08-16 02:06:24.239077   /opt/hostedtoolcache/Python/3.11.15/x64/bin
2026-08-16 02:06:24.289258   /opt/hostedtoolcache/Python/3.11.15/x64/lib/python311.zip
2026-08-16 02:06:24.339467   /opt/hostedtoolcache/Python/3.11.15/x64/lib/python3.11
2026-08-16 02:06:24.389654   /opt/hostedtoolcache/Python/3.11.15/x64/lib/python3.11/lib-dynload
2026-08-16 02:06:24.439876   /opt/hostedtoolcache/Python/3.11.15/x64/lib/python3.11/site-packages
2026-08-16 02:06:33.665842 TC22 Add To Cart From Recommended Items                               | FAIL |
2026-08-16 02:06:33.699119 Setup failed:
2026-08-16 02:06:33.699140 No keyword with name 'Open Browser' found.
2026-08-16 02:06:33.699155 
2026-08-16 02:06:33.699168 Also teardown failed:
2026-08-16 02:06:33.699180 Several failures occurred:
2026-08-16 02:06:33.699192 
2026-08-16 02:06:33.699203 1) No keyword with name 'Register Keyword To Run On Failure' found.
2026-08-16 02:06:33.699217 
2026-08-16 02:06:33.699229 2) No keyword with name 'Close Browser' found. Did you mean:
2026-08-16 02:06:33.699242     common.Close Test Browser
2026-08-16 02:06:33.699254 ------------------------------------------------------------------------------
2026-08-16 02:06:33.699267 Suites.Cart.TC22 add from recommended items :: TC22 - Add To Cart ... | FAIL |
2026-08-16 02:06:33.699785 1 test, 0 passed, 1 failed
2026-08-16 02:06:33.699802 ==============================================================================
2026-08-16 02:06:33.699817 Suites.Cart                                                           | FAIL |
2026-08-16 02:06:33.700235 1 test, 0 passed, 1 failed
2026-08-16 02:06:33.700255 ==============================================================================
2026-08-16 02:06:33.700269 Suites                                                                | FAIL |
2026-08-16 02:06:33.700639 1 test, 0 passed, 1 failed
2026-08-16 02:06:33.700658 ==============================================================================
2026-08-16 02:06:33.700672 Output:  /home/runner/work/engg-robot-testing-framework/engg-robot-testing-framework/reports/pabot_results/9/output.xml
