2026-06-30 04:45:25.529879 ==============================================================================
2026-06-30 04:45:25.549396 Suites
2026-06-30 04:45:25.549418 ==============================================================================
2026-06-30 04:45:25.549431 Suites.Cart
2026-06-30 04:45:25.550182 ==============================================================================
2026-06-30 04:45:25.550198 Suites.Cart.TC13 verify product quantity :: TC13 - Verify Product Quantity ...
2026-06-30 04:45:25.550198 [ ERROR ] Error in file '/home/runner/work/engg-robot-testing-framework/engg-robot-testing-framework/resources/common.resource' on line 4: Importing library 'playwright_keyword_library.PlaywrightKeywordLibrary' failed: ModuleNotFoundError: No module named 'playwright_keyword_library'
2026-06-30 04:45:25.580015 ==============================================================================
2026-06-30 04:45:25.580015 Traceback (most recent call last):
2026-06-30 04:45:25.580038   None
2026-06-30 04:45:25.630185 PYTHONPATH:
2026-06-30 04:45:25.680291   /opt/hostedtoolcache/Python/3.11.15/x64/bin
2026-06-30 04:45:25.730411   /opt/hostedtoolcache/Python/3.11.15/x64/lib/python311.zip
2026-06-30 04:45:25.780541   /opt/hostedtoolcache/Python/3.11.15/x64/lib/python3.11
2026-06-30 04:45:25.830648   /opt/hostedtoolcache/Python/3.11.15/x64/lib/python3.11/lib-dynload
2026-06-30 04:45:25.880783   /opt/hostedtoolcache/Python/3.11.15/x64/lib/python3.11/site-packages
2026-06-30 04:45:25.930918 [ ERROR ] Error in file '/home/runner/work/engg-robot-testing-framework/engg-robot-testing-framework/resources/product_keywords.resource' on line 2: Importing library 'playwright_keyword_library.PlaywrightKeywordLibrary' failed: ModuleNotFoundError: No module named 'playwright_keyword_library'
2026-06-30 04:45:25.981068 Traceback (most recent call last):
2026-06-30 04:45:26.031204   None
2026-06-30 04:45:26.081297 PYTHONPATH:
2026-06-30 04:45:26.131579   /opt/hostedtoolcache/Python/3.11.15/x64/bin
2026-06-30 04:45:26.181766   /opt/hostedtoolcache/Python/3.11.15/x64/lib/python311.zip
2026-06-30 04:45:26.231917   /opt/hostedtoolcache/Python/3.11.15/x64/lib/python3.11
2026-06-30 04:45:26.282053   /opt/hostedtoolcache/Python/3.11.15/x64/lib/python3.11/lib-dynload
2026-06-30 04:45:26.332152   /opt/hostedtoolcache/Python/3.11.15/x64/lib/python3.11/site-packages
2026-06-30 04:45:26.382246 [ ERROR ] Error in file '/home/runner/work/engg-robot-testing-framework/engg-robot-testing-framework/resources/cart_keywords.resource' on line 2: Importing library 'playwright_keyword_library.PlaywrightKeywordLibrary' failed: ModuleNotFoundError: No module named 'playwright_keyword_library'
2026-06-30 04:45:26.432362 Traceback (most recent call last):
2026-06-30 04:45:26.482515   None
2026-06-30 04:45:26.532711 PYTHONPATH:
2026-06-30 04:45:26.582905   /opt/hostedtoolcache/Python/3.11.15/x64/bin
2026-06-30 04:45:26.633168   /opt/hostedtoolcache/Python/3.11.15/x64/lib/python311.zip
2026-06-30 04:45:26.683325   /opt/hostedtoolcache/Python/3.11.15/x64/lib/python3.11
2026-06-30 04:45:26.733577   /opt/hostedtoolcache/Python/3.11.15/x64/lib/python3.11/lib-dynload
2026-06-30 04:45:26.783743   /opt/hostedtoolcache/Python/3.11.15/x64/lib/python3.11/site-packages
2026-06-30 04:45:35.557489 TC13 Verify Product Quantity In Cart                                  | FAIL |
2026-06-30 04:45:35.593057 Setup failed:
2026-06-30 04:45:35.593070 No keyword with name 'Open Browser' found.
2026-06-30 04:45:35.593079 
2026-06-30 04:45:35.593086 Also teardown failed:
2026-06-30 04:45:35.593093 Several failures occurred:
2026-06-30 04:45:35.593100 
2026-06-30 04:45:35.593108 1) No keyword with name 'Register Keyword To Run On Failure' found.
2026-06-30 04:45:35.593115 
2026-06-30 04:45:35.593121 2) No keyword with name 'Close Browser' found. Did you mean:
2026-06-30 04:45:35.593127     common.Close Test Browser
2026-06-30 04:45:35.593137 ------------------------------------------------------------------------------
2026-06-30 04:45:35.593144 Suites.Cart.TC13 verify product quantity :: TC13 - Verify Product ... | FAIL |
2026-06-30 04:45:35.593574 1 test, 0 passed, 1 failed
2026-06-30 04:45:35.593592 ==============================================================================
2026-06-30 04:45:35.593629 Suites.Cart                                                           | FAIL |
2026-06-30 04:45:35.593877 1 test, 0 passed, 1 failed
2026-06-30 04:45:35.593920 ==============================================================================
2026-06-30 04:45:35.593926 Suites                                                                | FAIL |
2026-06-30 04:45:35.594127 1 test, 0 passed, 1 failed
2026-06-30 04:45:35.594170 ==============================================================================
2026-06-30 04:45:35.594177 Output:  /home/runner/work/engg-robot-testing-framework/engg-robot-testing-framework/reports/pabot_results/6/output.xml
