2026-06-20 13:35:46.221038 ==============================================================================
2026-06-20 13:35:46.222067 Suites
2026-06-20 13:35:46.222087 ==============================================================================
2026-06-20 13:35:46.222099 Suites.Auth
2026-06-20 13:35:46.222854 ==============================================================================
2026-06-20 13:35:46.222870 Suites.Auth.TC02 login valid
2026-06-20 13:35:46.222870 [ ERROR ] Error in file '/home/runner/work/engg-robot-testing-framework/engg-robot-testing-framework/tests/auth/TC02_login_valid.robot' on line 2: Importing library 'playwright_keyword_library.PlaywrightKeywordLibrary' failed: ModuleNotFoundError: No module named 'playwright_keyword_library'
2026-06-20 13:35:46.239217 ==============================================================================
2026-06-20 13:35:46.239217 Traceback (most recent call last):
2026-06-20 13:35:46.239237   None
2026-06-20 13:35:46.289361 PYTHONPATH:
2026-06-20 13:35:46.339525   /opt/hostedtoolcache/Python/3.11.15/x64/bin
2026-06-20 13:35:46.389654   /opt/hostedtoolcache/Python/3.11.15/x64/lib/python311.zip
2026-06-20 13:35:46.439809   /opt/hostedtoolcache/Python/3.11.15/x64/lib/python3.11
2026-06-20 13:35:46.489967   /opt/hostedtoolcache/Python/3.11.15/x64/lib/python3.11/lib-dynload
2026-06-20 13:35:46.540126   /opt/hostedtoolcache/Python/3.11.15/x64/lib/python3.11/site-packages
2026-06-20 13:35:46.590258 [ ERROR ] Error in file '/home/runner/work/engg-robot-testing-framework/engg-robot-testing-framework/resources/auth_keywords.resource' on line 2: Importing library 'playwright_keyword_library.PlaywrightKeywordLibrary' failed: ModuleNotFoundError: No module named 'playwright_keyword_library'
2026-06-20 13:35:46.640441 Traceback (most recent call last):
2026-06-20 13:35:46.690564   None
2026-06-20 13:35:46.740710 PYTHONPATH:
2026-06-20 13:35:46.790837   /opt/hostedtoolcache/Python/3.11.15/x64/bin
2026-06-20 13:35:46.841028   /opt/hostedtoolcache/Python/3.11.15/x64/lib/python311.zip
2026-06-20 13:35:46.891159   /opt/hostedtoolcache/Python/3.11.15/x64/lib/python3.11
2026-06-20 13:35:46.941355   /opt/hostedtoolcache/Python/3.11.15/x64/lib/python3.11/lib-dynload
2026-06-20 13:35:46.991515   /opt/hostedtoolcache/Python/3.11.15/x64/lib/python3.11/site-packages
2026-06-20 13:35:47.041740 [ ERROR ] Error in file '/home/runner/work/engg-robot-testing-framework/engg-robot-testing-framework/resources/common.resource' on line 4: Importing library 'playwright_keyword_library.PlaywrightKeywordLibrary' failed: ModuleNotFoundError: No module named 'playwright_keyword_library'
2026-06-20 13:35:47.091886 Traceback (most recent call last):
2026-06-20 13:35:47.142125   None
2026-06-20 13:35:47.192309 PYTHONPATH:
2026-06-20 13:35:47.242540   /opt/hostedtoolcache/Python/3.11.15/x64/bin
2026-06-20 13:35:47.292732   /opt/hostedtoolcache/Python/3.11.15/x64/lib/python311.zip
2026-06-20 13:35:47.342962   /opt/hostedtoolcache/Python/3.11.15/x64/lib/python3.11
2026-06-20 13:35:47.393115   /opt/hostedtoolcache/Python/3.11.15/x64/lib/python3.11/lib-dynload
2026-06-20 13:35:47.443364   /opt/hostedtoolcache/Python/3.11.15/x64/lib/python3.11/site-packages
2026-06-20 13:35:56.214497 TC02 Login User With Correct Email And Password                       | FAIL |
2026-06-20 13:35:56.248983 Setup failed:
2026-06-20 13:35:56.248997 No keyword with name 'Open Browser' found.
2026-06-20 13:35:56.249005 
2026-06-20 13:35:56.249011 Also teardown failed:
2026-06-20 13:35:56.249018 Several failures occurred:
2026-06-20 13:35:56.249025 
2026-06-20 13:35:56.249032 1) No keyword with name 'Register Keyword To Run On Failure' found.
2026-06-20 13:35:56.249040 
2026-06-20 13:35:56.249046 2) No keyword with name 'Close Browser' found. Did you mean:
2026-06-20 13:35:56.249053     common.Close Test Browser
2026-06-20 13:35:56.249060 ------------------------------------------------------------------------------
2026-06-20 13:35:56.249067 Suites.Auth.TC02 login valid                                          | FAIL |
2026-06-20 13:35:56.249931 1 test, 0 passed, 1 failed
2026-06-20 13:35:56.249984 ==============================================================================
2026-06-20 13:35:56.249991 Suites.Auth                                                           | FAIL |
2026-06-20 13:35:56.250586 1 test, 0 passed, 1 failed
2026-06-20 13:35:56.250649 ==============================================================================
2026-06-20 13:35:56.250656 Suites                                                                | FAIL |
2026-06-20 13:35:56.251186 1 test, 0 passed, 1 failed
2026-06-20 13:35:56.251240 ==============================================================================
2026-06-20 13:35:56.251248 Output:  /home/runner/work/engg-robot-testing-framework/engg-robot-testing-framework/reports/pabot_results/1/output.xml
