2026-10-05 06:03:51.173748 ==============================================================================
2026-10-05 06:03:51.193032 Suites
2026-10-05 06:03:51.193053 ==============================================================================
2026-10-05 06:03:51.193068 Suites.Auth
2026-10-05 06:03:51.193939 ==============================================================================
2026-10-05 06:03:51.193958 Suites.Auth.TC05 register existing email
2026-10-05 06:03:51.193958 [ ERROR ] Error in file '/home/runner/work/engg-robot-testing-framework/engg-robot-testing-framework/tests/auth/TC05_register_existing_email.robot' on line 2: Importing library 'playwright_keyword_library.PlaywrightKeywordLibrary' failed: ModuleNotFoundError: No module named 'playwright_keyword_library'
2026-10-05 06:03:51.213021 ==============================================================================
2026-10-05 06:03:51.213021 Traceback (most recent call last):
2026-10-05 06:03:51.213046   None
2026-10-05 06:03:51.263149 PYTHONPATH:
2026-10-05 06:03:51.313253   /opt/hostedtoolcache/Python/3.11.16/x64/bin
2026-10-05 06:03:51.363354   /opt/hostedtoolcache/Python/3.11.16/x64/lib/python311.zip
2026-10-05 06:03:51.413471   /opt/hostedtoolcache/Python/3.11.16/x64/lib/python3.11
2026-10-05 06:03:51.463588   /opt/hostedtoolcache/Python/3.11.16/x64/lib/python3.11/lib-dynload
2026-10-05 06:03:51.513737   /opt/hostedtoolcache/Python/3.11.16/x64/lib/python3.11/site-packages
2026-10-05 06:03:51.563887 [ ERROR ] Error in file '/home/runner/work/engg-robot-testing-framework/engg-robot-testing-framework/resources/auth_keywords.resource' on line 2: Importing library 'playwright_keyword_library.PlaywrightKeywordLibrary' failed: ModuleNotFoundError: No module named 'playwright_keyword_library'
2026-10-05 06:03:51.614023 Traceback (most recent call last):
2026-10-05 06:03:51.664186   None
2026-10-05 06:03:51.714347 PYTHONPATH:
2026-10-05 06:03:51.764505   /opt/hostedtoolcache/Python/3.11.16/x64/bin
2026-10-05 06:03:51.814659   /opt/hostedtoolcache/Python/3.11.16/x64/lib/python311.zip
2026-10-05 06:03:51.864817   /opt/hostedtoolcache/Python/3.11.16/x64/lib/python3.11
2026-10-05 06:03:51.914975   /opt/hostedtoolcache/Python/3.11.16/x64/lib/python3.11/lib-dynload
2026-10-05 06:03:51.965136   /opt/hostedtoolcache/Python/3.11.16/x64/lib/python3.11/site-packages
2026-10-05 06:03:52.015319 [ ERROR ] Error in file '/home/runner/work/engg-robot-testing-framework/engg-robot-testing-framework/resources/common.resource' on line 4: Importing library 'playwright_keyword_library.PlaywrightKeywordLibrary' failed: ModuleNotFoundError: No module named 'playwright_keyword_library'
2026-10-05 06:03:52.065477 Traceback (most recent call last):
2026-10-05 06:03:52.115601   None
2026-10-05 06:03:52.165766 PYTHONPATH:
2026-10-05 06:03:52.215890   /opt/hostedtoolcache/Python/3.11.16/x64/bin
2026-10-05 06:03:52.266053   /opt/hostedtoolcache/Python/3.11.16/x64/lib/python311.zip
2026-10-05 06:03:52.316195   /opt/hostedtoolcache/Python/3.11.16/x64/lib/python3.11
2026-10-05 06:03:52.366353   /opt/hostedtoolcache/Python/3.11.16/x64/lib/python3.11/lib-dynload
2026-10-05 06:03:52.416513   /opt/hostedtoolcache/Python/3.11.16/x64/lib/python3.11/site-packages
2026-10-05 06:04:01.188550 TC05 Register User With Existing Email                                | FAIL |
2026-10-05 06:04:01.222983 Setup failed:
2026-10-05 06:04:01.223003 No keyword with name 'Open Browser' found.
2026-10-05 06:04:01.223020 
2026-10-05 06:04:01.223039 Also teardown failed:
2026-10-05 06:04:01.223057 Several failures occurred:
2026-10-05 06:04:01.223076 
2026-10-05 06:04:01.223095 1) No keyword with name 'Register Keyword To Run On Failure' found.
2026-10-05 06:04:01.223110 
2026-10-05 06:04:01.223126 2) No keyword with name 'Close Browser' found. Did you mean:
2026-10-05 06:04:01.223143     common.Close Test Browser
2026-10-05 06:04:01.223157 ------------------------------------------------------------------------------
2026-10-05 06:04:01.223169 Suites.Auth.TC05 register existing email                              | FAIL |
2026-10-05 06:04:01.223718 1 test, 0 passed, 1 failed
2026-10-05 06:04:01.223783 ==============================================================================
2026-10-05 06:04:01.223799 Suites.Auth                                                           | FAIL |
2026-10-05 06:04:01.224154 1 test, 0 passed, 1 failed
2026-10-05 06:04:01.224172 ==============================================================================
2026-10-05 06:04:01.224186 Suites                                                                | FAIL |
2026-10-05 06:04:01.224526 1 test, 0 passed, 1 failed
2026-10-05 06:04:01.224550 ==============================================================================
2026-10-05 06:04:01.224565 Output:  /home/runner/work/engg-robot-testing-framework/engg-robot-testing-framework/reports/pabot_results/4/output.xml
