2026-08-08 02:28:00.363863 ==============================================================================
2026-08-08 02:28:00.377365 Suites
2026-08-08 02:28:00.377386 ==============================================================================
2026-08-08 02:28:00.377401 Suites.Auth
2026-08-08 02:28:00.378124 ==============================================================================
2026-08-08 02:28:00.378145 Suites.Auth.TC02 login valid
2026-08-08 02:28:00.378145 [ ERROR ] Error in file '/home/runner/work/engg-robot-testing-framework/engg-robot-testing-framework/tests/auth/TC02_login_valid.robot' on line 2: Importing library 'playwright_keyword_library.PlaywrightKeywordLibrary' failed: ModuleNotFoundError: No module named 'playwright_keyword_library'
2026-08-08 02:28:00.396674 ==============================================================================
2026-08-08 02:28:00.396674 Traceback (most recent call last):
2026-08-08 02:28:00.396699   None
2026-08-08 02:28:00.446801 PYTHONPATH:
2026-08-08 02:28:00.496898   /opt/hostedtoolcache/Python/3.11.15/x64/bin
2026-08-08 02:28:00.547000   /opt/hostedtoolcache/Python/3.11.15/x64/lib/python311.zip
2026-08-08 02:28:00.597107   /opt/hostedtoolcache/Python/3.11.15/x64/lib/python3.11
2026-08-08 02:28:00.647247   /opt/hostedtoolcache/Python/3.11.15/x64/lib/python3.11/lib-dynload
2026-08-08 02:28:00.697401   /opt/hostedtoolcache/Python/3.11.15/x64/lib/python3.11/site-packages
2026-08-08 02:28:00.747514 [ ERROR ] Error in file '/home/runner/work/engg-robot-testing-framework/engg-robot-testing-framework/resources/auth_keywords.resource' on line 2: Importing library 'playwright_keyword_library.PlaywrightKeywordLibrary' failed: ModuleNotFoundError: No module named 'playwright_keyword_library'
2026-08-08 02:28:00.797663 Traceback (most recent call last):
2026-08-08 02:28:00.847795   None
2026-08-08 02:28:00.897956 PYTHONPATH:
2026-08-08 02:28:00.948100   /opt/hostedtoolcache/Python/3.11.15/x64/bin
2026-08-08 02:28:00.998241   /opt/hostedtoolcache/Python/3.11.15/x64/lib/python311.zip
2026-08-08 02:28:01.048385   /opt/hostedtoolcache/Python/3.11.15/x64/lib/python3.11
2026-08-08 02:28:01.098542   /opt/hostedtoolcache/Python/3.11.15/x64/lib/python3.11/lib-dynload
2026-08-08 02:28:01.148690   /opt/hostedtoolcache/Python/3.11.15/x64/lib/python3.11/site-packages
2026-08-08 02:28:01.198843 [ ERROR ] Error in file '/home/runner/work/engg-robot-testing-framework/engg-robot-testing-framework/resources/common.resource' on line 4: Importing library 'playwright_keyword_library.PlaywrightKeywordLibrary' failed: ModuleNotFoundError: No module named 'playwright_keyword_library'
2026-08-08 02:28:01.248986 Traceback (most recent call last):
2026-08-08 02:28:01.299141   None
2026-08-08 02:28:01.349293 PYTHONPATH:
2026-08-08 02:28:01.399451   /opt/hostedtoolcache/Python/3.11.15/x64/bin
2026-08-08 02:28:01.449606   /opt/hostedtoolcache/Python/3.11.15/x64/lib/python311.zip
2026-08-08 02:28:01.499751   /opt/hostedtoolcache/Python/3.11.15/x64/lib/python3.11
2026-08-08 02:28:01.549894   /opt/hostedtoolcache/Python/3.11.15/x64/lib/python3.11/lib-dynload
2026-08-08 02:28:01.600045   /opt/hostedtoolcache/Python/3.11.15/x64/lib/python3.11/site-packages
2026-08-08 02:28:10.371932 TC02 Login User With Correct Email And Password                       | FAIL |
2026-08-08 02:28:10.406636 Setup failed:
2026-08-08 02:28:10.406661 No keyword with name 'Open Browser' found.
2026-08-08 02:28:10.406683 
2026-08-08 02:28:10.406721 Also teardown failed:
2026-08-08 02:28:10.406730 Several failures occurred:
2026-08-08 02:28:10.406737 
2026-08-08 02:28:10.406744 1) No keyword with name 'Register Keyword To Run On Failure' found.
2026-08-08 02:28:10.406751 
2026-08-08 02:28:10.406757 2) No keyword with name 'Close Browser' found. Did you mean:
2026-08-08 02:28:10.406764     common.Close Test Browser
2026-08-08 02:28:10.406770 ------------------------------------------------------------------------------
2026-08-08 02:28:10.406776 Suites.Auth.TC02 login valid                                          | FAIL |
2026-08-08 02:28:10.409867 1 test, 0 passed, 1 failed
2026-08-08 02:28:10.409874 ==============================================================================
2026-08-08 02:28:10.409881 Suites.Auth                                                           | FAIL |
2026-08-08 02:28:10.409887 1 test, 0 passed, 1 failed
2026-08-08 02:28:10.409893 ==============================================================================
2026-08-08 02:28:10.409899 Suites                                                                | FAIL |
2026-08-08 02:28:10.409906 1 test, 0 passed, 1 failed
2026-08-08 02:28:10.409912 ==============================================================================
2026-08-08 02:28:10.409918 Output:  /home/runner/work/engg-robot-testing-framework/engg-robot-testing-framework/reports/pabot_results/1/output.xml
