2026-08-03 04:06:02.674229 ==============================================================================
2026-08-03 04:06:02.691321 Suites
2026-08-03 04:06:02.691354 ==============================================================================
2026-08-03 04:06:02.691378 Suites.Auth
2026-08-03 04:06:02.692383 ==============================================================================
2026-08-03 04:06:02.692408 Suites.Auth.TC01 register user
2026-08-03 04:06:02.692408 [ ERROR ] Error in file '/home/runner/work/engg-robot-testing-framework/engg-robot-testing-framework/tests/auth/TC01_register_user.robot' on line 2: Importing library 'playwright_keyword_library.PlaywrightKeywordLibrary' failed: ModuleNotFoundError: No module named 'playwright_keyword_library'
2026-08-03 04:06:02.711849 ==============================================================================
2026-08-03 04:06:02.711849 Traceback (most recent call last):
2026-08-03 04:06:02.711874   None
2026-08-03 04:06:02.761994 PYTHONPATH:
2026-08-03 04:06:02.812106   /opt/hostedtoolcache/Python/3.11.15/x64/bin
2026-08-03 04:06:02.862210   /opt/hostedtoolcache/Python/3.11.15/x64/lib/python311.zip
2026-08-03 04:06:02.912315   /opt/hostedtoolcache/Python/3.11.15/x64/lib/python3.11
2026-08-03 04:06:02.962420   /opt/hostedtoolcache/Python/3.11.15/x64/lib/python3.11/lib-dynload
2026-08-03 04:06:03.012569   /opt/hostedtoolcache/Python/3.11.15/x64/lib/python3.11/site-packages
2026-08-03 04:06:03.062723 [ ERROR ] Error in file '/home/runner/work/engg-robot-testing-framework/engg-robot-testing-framework/resources/auth_keywords.resource' on line 2: Importing library 'playwright_keyword_library.PlaywrightKeywordLibrary' failed: ModuleNotFoundError: No module named 'playwright_keyword_library'
2026-08-03 04:06:03.112891 Traceback (most recent call last):
2026-08-03 04:06:03.163041   None
2026-08-03 04:06:03.213190 PYTHONPATH:
2026-08-03 04:06:03.263339   /opt/hostedtoolcache/Python/3.11.15/x64/bin
2026-08-03 04:06:03.313488   /opt/hostedtoolcache/Python/3.11.15/x64/lib/python311.zip
2026-08-03 04:06:03.363640   /opt/hostedtoolcache/Python/3.11.15/x64/lib/python3.11
2026-08-03 04:06:03.413791   /opt/hostedtoolcache/Python/3.11.15/x64/lib/python3.11/lib-dynload
2026-08-03 04:06:03.463939   /opt/hostedtoolcache/Python/3.11.15/x64/lib/python3.11/site-packages
2026-08-03 04:06:03.514086 [ ERROR ] Error in file '/home/runner/work/engg-robot-testing-framework/engg-robot-testing-framework/resources/common.resource' on line 4: Importing library 'playwright_keyword_library.PlaywrightKeywordLibrary' failed: ModuleNotFoundError: No module named 'playwright_keyword_library'
2026-08-03 04:06:03.564205 Traceback (most recent call last):
2026-08-03 04:06:03.614343   None
2026-08-03 04:06:03.664490 PYTHONPATH:
2026-08-03 04:06:03.714643   /opt/hostedtoolcache/Python/3.11.15/x64/bin
2026-08-03 04:06:03.764801   /opt/hostedtoolcache/Python/3.11.15/x64/lib/python311.zip
2026-08-03 04:06:03.814951   /opt/hostedtoolcache/Python/3.11.15/x64/lib/python3.11
2026-08-03 04:06:03.865111   /opt/hostedtoolcache/Python/3.11.15/x64/lib/python3.11/lib-dynload
2026-08-03 04:06:03.915305   /opt/hostedtoolcache/Python/3.11.15/x64/lib/python3.11/site-packages
2026-08-03 04:06:12.688799 TC01 Register User                                                    | FAIL |
2026-08-03 04:06:12.722792 Setup failed:
2026-08-03 04:06:12.722805 No keyword with name 'Open Browser' found.
2026-08-03 04:06:12.722813 
2026-08-03 04:06:12.722820 Also teardown failed:
2026-08-03 04:06:12.722827 Several failures occurred:
2026-08-03 04:06:12.722834 
2026-08-03 04:06:12.722841 1) No keyword with name 'Register Keyword To Run On Failure' found.
2026-08-03 04:06:12.722849 
2026-08-03 04:06:12.722855 2) No keyword with name 'Close Browser' found. Did you mean:
2026-08-03 04:06:12.722861     common.Close Test Browser
2026-08-03 04:06:12.722867 ------------------------------------------------------------------------------
2026-08-03 04:06:12.722874 Suites.Auth.TC01 register user                                        | FAIL |
2026-08-03 04:06:12.723701 1 test, 0 passed, 1 failed
2026-08-03 04:06:12.723715 ==============================================================================
2026-08-03 04:06:12.723723 Suites.Auth                                                           | FAIL |
2026-08-03 04:06:12.724464 1 test, 0 passed, 1 failed
2026-08-03 04:06:12.724479 ==============================================================================
2026-08-03 04:06:12.724491 Suites                                                                | FAIL |
2026-08-03 04:06:12.725521 1 test, 0 passed, 1 failed
2026-08-03 04:06:12.725546 ==============================================================================
2026-08-03 04:06:12.725570 Output:  /home/runner/work/engg-robot-testing-framework/engg-robot-testing-framework/reports/pabot_results/0/output.xml
