2026-07-07 04:32:59.336537 ==============================================================================
2026-07-07 04:32:59.353543 Suites
2026-07-07 04:32:59.353561 ==============================================================================
2026-07-07 04:32:59.353574 Suites.Cart
2026-07-07 04:32:59.354338 ==============================================================================
2026-07-07 04:32:59.354354 Suites.Cart.TC12 add products to cart :: TC12 - Add Products In Cart
2026-07-07 04:32:59.354354 [ ERROR ] Error in file '/home/runner/work/engg-robot-testing-framework/engg-robot-testing-framework/resources/common.resource' on line 4: Importing library 'playwright_keyword_library.PlaywrightKeywordLibrary' failed: ModuleNotFoundError: No module named 'playwright_keyword_library'
2026-07-07 04:32:59.382113 ==============================================================================
2026-07-07 04:32:59.382113 Traceback (most recent call last):
2026-07-07 04:32:59.382130   None
2026-07-07 04:32:59.432279 PYTHONPATH:
2026-07-07 04:32:59.482387   /opt/hostedtoolcache/Python/3.11.15/x64/bin
2026-07-07 04:32:59.532543   /opt/hostedtoolcache/Python/3.11.15/x64/lib/python311.zip
2026-07-07 04:32:59.582653   /opt/hostedtoolcache/Python/3.11.15/x64/lib/python3.11
2026-07-07 04:32:59.632797   /opt/hostedtoolcache/Python/3.11.15/x64/lib/python3.11/lib-dynload
2026-07-07 04:32:59.682905   /opt/hostedtoolcache/Python/3.11.15/x64/lib/python3.11/site-packages
2026-07-07 04:32:59.733045 [ ERROR ] Error in file '/home/runner/work/engg-robot-testing-framework/engg-robot-testing-framework/resources/product_keywords.resource' on line 2: Importing library 'playwright_keyword_library.PlaywrightKeywordLibrary' failed: ModuleNotFoundError: No module named 'playwright_keyword_library'
2026-07-07 04:32:59.783162 Traceback (most recent call last):
2026-07-07 04:32:59.833306   None
2026-07-07 04:32:59.883423 PYTHONPATH:
2026-07-07 04:32:59.933566   /opt/hostedtoolcache/Python/3.11.15/x64/bin
2026-07-07 04:32:59.983674   /opt/hostedtoolcache/Python/3.11.15/x64/lib/python311.zip
2026-07-07 04:33:00.033823   /opt/hostedtoolcache/Python/3.11.15/x64/lib/python3.11
2026-07-07 04:33:00.083932   /opt/hostedtoolcache/Python/3.11.15/x64/lib/python3.11/lib-dynload
2026-07-07 04:33:00.134087   /opt/hostedtoolcache/Python/3.11.15/x64/lib/python3.11/site-packages
2026-07-07 04:33:00.184233 [ ERROR ] Error in file '/home/runner/work/engg-robot-testing-framework/engg-robot-testing-framework/resources/cart_keywords.resource' on line 2: Importing library 'playwright_keyword_library.PlaywrightKeywordLibrary' failed: ModuleNotFoundError: No module named 'playwright_keyword_library'
2026-07-07 04:33:00.234388 Traceback (most recent call last):
2026-07-07 04:33:00.284540   None
2026-07-07 04:33:00.334687 PYTHONPATH:
2026-07-07 04:33:00.384830   /opt/hostedtoolcache/Python/3.11.15/x64/bin
2026-07-07 04:33:00.434973   /opt/hostedtoolcache/Python/3.11.15/x64/lib/python311.zip
2026-07-07 04:33:00.485118   /opt/hostedtoolcache/Python/3.11.15/x64/lib/python3.11
2026-07-07 04:33:00.535269   /opt/hostedtoolcache/Python/3.11.15/x64/lib/python3.11/lib-dynload
2026-07-07 04:33:00.585437   /opt/hostedtoolcache/Python/3.11.15/x64/lib/python3.11/site-packages
2026-07-07 04:33:09.355119 TC12 Add Products In Cart                                             | FAIL |
2026-07-07 04:33:09.393260 Setup failed:
2026-07-07 04:33:09.393273 No keyword with name 'Open Browser' found.
2026-07-07 04:33:09.393282 
2026-07-07 04:33:09.393289 Also teardown failed:
2026-07-07 04:33:09.393296 Several failures occurred:
2026-07-07 04:33:09.393302 
2026-07-07 04:33:09.393310 1) No keyword with name 'Register Keyword To Run On Failure' found.
2026-07-07 04:33:09.393317 
2026-07-07 04:33:09.393323 2) No keyword with name 'Close Browser' found. Did you mean:
2026-07-07 04:33:09.393330     common.Close Test Browser
2026-07-07 04:33:09.393337 ------------------------------------------------------------------------------
2026-07-07 04:33:09.393344 Suites.Cart.TC12 add products to cart :: TC12 - Add Products In Cart  | FAIL |
2026-07-07 04:33:09.394031 1 test, 0 passed, 1 failed
2026-07-07 04:33:09.394072 ==============================================================================
2026-07-07 04:33:09.394080 Suites.Cart                                                           | FAIL |
2026-07-07 04:33:09.394439 1 test, 0 passed, 1 failed
2026-07-07 04:33:09.394486 ==============================================================================
2026-07-07 04:33:09.394493 Suites                                                                | FAIL |
2026-07-07 04:33:09.394818 1 test, 0 passed, 1 failed
2026-07-07 04:33:09.394858 ==============================================================================
2026-07-07 04:33:09.394864 Output:  /home/runner/work/engg-robot-testing-framework/engg-robot-testing-framework/reports/pabot_results/5/output.xml
