2026-08-22 01:57:27.625978 ==============================================================================
2026-08-22 01:57:27.644757 Suites
2026-08-22 01:57:27.644778 ==============================================================================
2026-08-22 01:57:27.644792 Suites.Auth
2026-08-22 01:57:27.645605 ==============================================================================
2026-08-22 01:57:27.645624 Suites.Auth.TC03 login invalid
2026-08-22 01:57:27.645624 [ ERROR ] Error in file '/home/runner/work/engg-robot-testing-framework/engg-robot-testing-framework/tests/auth/TC03_login_invalid.robot' on line 2: Importing library 'playwright_keyword_library.PlaywrightKeywordLibrary' failed: ModuleNotFoundError: No module named 'playwright_keyword_library'
2026-08-22 01:57:27.664322 ==============================================================================
2026-08-22 01:57:27.664322 Traceback (most recent call last):
2026-08-22 01:57:27.664351   None
2026-08-22 01:57:27.714496 PYTHONPATH:
2026-08-22 01:57:27.764629   /opt/hostedtoolcache/Python/3.11.16/x64/bin
2026-08-22 01:57:27.814754   /opt/hostedtoolcache/Python/3.11.16/x64/lib/python311.zip
2026-08-22 01:57:27.864882   /opt/hostedtoolcache/Python/3.11.16/x64/lib/python3.11
2026-08-22 01:57:27.915022   /opt/hostedtoolcache/Python/3.11.16/x64/lib/python3.11/lib-dynload
2026-08-22 01:57:27.965249   /opt/hostedtoolcache/Python/3.11.16/x64/lib/python3.11/site-packages
2026-08-22 01:57:28.015464 [ ERROR ] Error in file '/home/runner/work/engg-robot-testing-framework/engg-robot-testing-framework/resources/auth_keywords.resource' on line 2: Importing library 'playwright_keyword_library.PlaywrightKeywordLibrary' failed: ModuleNotFoundError: No module named 'playwright_keyword_library'
2026-08-22 01:57:28.065723 Traceback (most recent call last):
2026-08-22 01:57:28.115939   None
2026-08-22 01:57:28.166156 PYTHONPATH:
2026-08-22 01:57:28.216373   /opt/hostedtoolcache/Python/3.11.16/x64/bin
2026-08-22 01:57:28.266548   /opt/hostedtoolcache/Python/3.11.16/x64/lib/python311.zip
2026-08-22 01:57:28.316774   /opt/hostedtoolcache/Python/3.11.16/x64/lib/python3.11
2026-08-22 01:57:28.367000   /opt/hostedtoolcache/Python/3.11.16/x64/lib/python3.11/lib-dynload
2026-08-22 01:57:28.417211   /opt/hostedtoolcache/Python/3.11.16/x64/lib/python3.11/site-packages
2026-08-22 01:57:28.467438 [ ERROR ] Error in file '/home/runner/work/engg-robot-testing-framework/engg-robot-testing-framework/resources/common.resource' on line 4: Importing library 'playwright_keyword_library.PlaywrightKeywordLibrary' failed: ModuleNotFoundError: No module named 'playwright_keyword_library'
2026-08-22 01:57:28.517692 Traceback (most recent call last):
2026-08-22 01:57:28.567902   None
2026-08-22 01:57:28.618119 PYTHONPATH:
2026-08-22 01:57:28.668373   /opt/hostedtoolcache/Python/3.11.16/x64/bin
2026-08-22 01:57:28.718653   /opt/hostedtoolcache/Python/3.11.16/x64/lib/python311.zip
2026-08-22 01:57:28.768874   /opt/hostedtoolcache/Python/3.11.16/x64/lib/python3.11
2026-08-22 01:57:28.819101   /opt/hostedtoolcache/Python/3.11.16/x64/lib/python3.11/lib-dynload
2026-08-22 01:57:28.869334   /opt/hostedtoolcache/Python/3.11.16/x64/lib/python3.11/site-packages
2026-08-22 01:57:37.642476 TC03 Login User With Incorrect Email And Password                     | FAIL |
2026-08-22 01:57:37.674704 Setup failed:
2026-08-22 01:57:37.674717 No keyword with name 'Open Browser' found.
2026-08-22 01:57:37.674725 
2026-08-22 01:57:37.674732 Also teardown failed:
2026-08-22 01:57:37.674738 Several failures occurred:
2026-08-22 01:57:37.674745 
2026-08-22 01:57:37.674756 1) No keyword with name 'Register Keyword To Run On Failure' found.
2026-08-22 01:57:37.674764 
2026-08-22 01:57:37.674770 2) No keyword with name 'Close Browser' found. Did you mean:
2026-08-22 01:57:37.674777     common.Close Test Browser
2026-08-22 01:57:37.674783 ------------------------------------------------------------------------------
2026-08-22 01:57:37.674789 Suites.Auth.TC03 login invalid                                        | FAIL |
2026-08-22 01:57:37.675334 1 test, 0 passed, 1 failed
2026-08-22 01:57:37.675378 ==============================================================================
2026-08-22 01:57:37.675386 Suites.Auth                                                           | FAIL |
2026-08-22 01:57:37.675771 1 test, 0 passed, 1 failed
2026-08-22 01:57:37.675812 ==============================================================================
2026-08-22 01:57:37.675819 Suites                                                                | FAIL |
2026-08-22 01:57:37.676281 1 test, 0 passed, 1 failed
2026-08-22 01:57:37.676349 ==============================================================================
2026-08-22 01:57:37.676357 Output:  /home/runner/work/engg-robot-testing-framework/engg-robot-testing-framework/reports/pabot_results/2/output.xml
