2026-06-23 04:41:26.340638 ==============================================================================
2026-06-23 04:41:26.353681 Suites
2026-06-23 04:41:26.353700 ==============================================================================
2026-06-23 04:41:26.353713 Suites.Cart
2026-06-23 04:41:26.354450 ==============================================================================
2026-06-23 04:41:26.354466 Suites.Cart.TC20 search and verify cart after login :: TC20 - Search Produc...
2026-06-23 04:41:26.354466 [ ERROR ] Error in file '/home/runner/work/engg-robot-testing-framework/engg-robot-testing-framework/tests/cart/TC20_search_and_verify_cart_after_login.robot' on line 3: Importing library 'playwright_keyword_library.PlaywrightKeywordLibrary' failed: ModuleNotFoundError: No module named 'playwright_keyword_library'
2026-06-23 04:41:26.385815 ==============================================================================
2026-06-23 04:41:26.385815 Traceback (most recent call last):
2026-06-23 04:41:26.385831   None
2026-06-23 04:41:26.435938 PYTHONPATH:
2026-06-23 04:41:26.486088   /opt/hostedtoolcache/Python/3.11.15/x64/bin
2026-06-23 04:41:26.536231   /opt/hostedtoolcache/Python/3.11.15/x64/lib/python311.zip
2026-06-23 04:41:26.586381   /opt/hostedtoolcache/Python/3.11.15/x64/lib/python3.11
2026-06-23 04:41:26.636528   /opt/hostedtoolcache/Python/3.11.15/x64/lib/python3.11/lib-dynload
2026-06-23 04:41:26.686691   /opt/hostedtoolcache/Python/3.11.15/x64/lib/python3.11/site-packages
2026-06-23 04:41:26.736839 [ ERROR ] Error in file '/home/runner/work/engg-robot-testing-framework/engg-robot-testing-framework/resources/common.resource' on line 4: Importing library 'playwright_keyword_library.PlaywrightKeywordLibrary' failed: ModuleNotFoundError: No module named 'playwright_keyword_library'
2026-06-23 04:41:26.786990 Traceback (most recent call last):
2026-06-23 04:41:26.837140   None
2026-06-23 04:41:26.887296 PYTHONPATH:
2026-06-23 04:41:26.937442   /opt/hostedtoolcache/Python/3.11.15/x64/bin
2026-06-23 04:41:26.987594   /opt/hostedtoolcache/Python/3.11.15/x64/lib/python311.zip
2026-06-23 04:41:27.037741   /opt/hostedtoolcache/Python/3.11.15/x64/lib/python3.11
2026-06-23 04:41:27.087891   /opt/hostedtoolcache/Python/3.11.15/x64/lib/python3.11/lib-dynload
2026-06-23 04:41:27.138047   /opt/hostedtoolcache/Python/3.11.15/x64/lib/python3.11/site-packages
2026-06-23 04:41:27.188193 [ ERROR ] Error in file '/home/runner/work/engg-robot-testing-framework/engg-robot-testing-framework/resources/product_keywords.resource' on line 2: Importing library 'playwright_keyword_library.PlaywrightKeywordLibrary' failed: ModuleNotFoundError: No module named 'playwright_keyword_library'
2026-06-23 04:41:27.238368 Traceback (most recent call last):
2026-06-23 04:41:27.288528   None
2026-06-23 04:41:27.338683 PYTHONPATH:
2026-06-23 04:41:27.388852   /opt/hostedtoolcache/Python/3.11.15/x64/bin
2026-06-23 04:41:27.439004   /opt/hostedtoolcache/Python/3.11.15/x64/lib/python311.zip
2026-06-23 04:41:27.489174   /opt/hostedtoolcache/Python/3.11.15/x64/lib/python3.11
2026-06-23 04:41:27.539334   /opt/hostedtoolcache/Python/3.11.15/x64/lib/python3.11/lib-dynload
2026-06-23 04:41:27.589495   /opt/hostedtoolcache/Python/3.11.15/x64/lib/python3.11/site-packages
2026-06-23 04:41:27.639624 [ ERROR ] Error in file '/home/runner/work/engg-robot-testing-framework/engg-robot-testing-framework/resources/cart_keywords.resource' on line 2: Importing library 'playwright_keyword_library.PlaywrightKeywordLibrary' failed: ModuleNotFoundError: No module named 'playwright_keyword_library'
2026-06-23 04:41:27.689792 Traceback (most recent call last):
2026-06-23 04:41:27.739951   None
2026-06-23 04:41:27.790109 PYTHONPATH:
2026-06-23 04:41:27.840233   /opt/hostedtoolcache/Python/3.11.15/x64/bin
2026-06-23 04:41:27.890398   /opt/hostedtoolcache/Python/3.11.15/x64/lib/python311.zip
2026-06-23 04:41:27.940573   /opt/hostedtoolcache/Python/3.11.15/x64/lib/python3.11
2026-06-23 04:41:27.990733   /opt/hostedtoolcache/Python/3.11.15/x64/lib/python3.11/lib-dynload
2026-06-23 04:41:28.040859   /opt/hostedtoolcache/Python/3.11.15/x64/lib/python3.11/site-packages
2026-06-23 04:41:28.091018 [ ERROR ] Error in file '/home/runner/work/engg-robot-testing-framework/engg-robot-testing-framework/resources/auth_keywords.resource' on line 2: Importing library 'playwright_keyword_library.PlaywrightKeywordLibrary' failed: ModuleNotFoundError: No module named 'playwright_keyword_library'
2026-06-23 04:41:28.141151 Traceback (most recent call last):
2026-06-23 04:41:28.191325   None
2026-06-23 04:41:28.241478 PYTHONPATH:
2026-06-23 04:41:28.291632   /opt/hostedtoolcache/Python/3.11.15/x64/bin
2026-06-23 04:41:28.341750   /opt/hostedtoolcache/Python/3.11.15/x64/lib/python311.zip
2026-06-23 04:41:28.391915   /opt/hostedtoolcache/Python/3.11.15/x64/lib/python3.11
2026-06-23 04:41:28.442043   /opt/hostedtoolcache/Python/3.11.15/x64/lib/python3.11/lib-dynload
2026-06-23 04:41:28.492203   /opt/hostedtoolcache/Python/3.11.15/x64/lib/python3.11/site-packages
2026-06-23 04:41:36.360056 TC20 Search Products And Verify Cart After Login                      | FAIL |
2026-06-23 04:41:36.396658 Setup failed:
2026-06-23 04:41:36.396675 No keyword with name 'Open Browser' found.
2026-06-23 04:41:36.396687 
2026-06-23 04:41:36.396698 Also teardown failed:
2026-06-23 04:41:36.396708 Several failures occurred:
2026-06-23 04:41:36.396718 
2026-06-23 04:41:36.396729 1) No keyword with name 'Register Keyword To Run On Failure' found.
2026-06-23 04:41:36.396739 
2026-06-23 04:41:36.396748 2) No keyword with name 'Close Browser' found. Did you mean:
2026-06-23 04:41:36.396758     common.Close Test Browser
2026-06-23 04:41:36.396768 ------------------------------------------------------------------------------
2026-06-23 04:41:36.396777 Suites.Cart.TC20 search and verify cart after login :: TC20 - Sear... | FAIL |
2026-06-23 04:41:36.397282 1 test, 0 passed, 1 failed
2026-06-23 04:41:36.397339 ==============================================================================
2026-06-23 04:41:36.397349 Suites.Cart                                                           | FAIL |
2026-06-23 04:41:36.397665 1 test, 0 passed, 1 failed
2026-06-23 04:41:36.397716 ==============================================================================
2026-06-23 04:41:36.397726 Suites                                                                | FAIL |
2026-06-23 04:41:36.397984 1 test, 0 passed, 1 failed
2026-06-23 04:41:36.398027 ==============================================================================
2026-06-23 04:41:36.398036 Output:  /home/runner/work/engg-robot-testing-framework/engg-robot-testing-framework/reports/pabot_results/8/output.xml
