2026-08-17 13:10:20.066863 ==============================================================================
2026-08-17 13:10:20.082660 Suites
2026-08-17 13:10:20.082681 ==============================================================================
2026-08-17 13:10:20.082695 Suites.Auth
2026-08-17 13:10:20.083434 ==============================================================================
2026-08-17 13:10:20.083452 Suites.Auth.TC02 login valid
2026-08-17 13:10:20.083452 [ ERROR ] Error in file '/home/runner/work/engg-robot-testing-framework/engg-robot-testing-framework/tests/auth/TC02_login_valid.robot' on line 2: Importing library 'playwright_keyword_library.PlaywrightKeywordLibrary' failed: ModuleNotFoundError: No module named 'playwright_keyword_library'
2026-08-17 13:10:20.101016 ==============================================================================
2026-08-17 13:10:20.101016 Traceback (most recent call last):
2026-08-17 13:10:20.101040   None
2026-08-17 13:10:20.151183 PYTHONPATH:
2026-08-17 13:10:20.201395   /opt/hostedtoolcache/Python/3.11.15/x64/bin
2026-08-17 13:10:20.251572   /opt/hostedtoolcache/Python/3.11.15/x64/lib/python311.zip
2026-08-17 13:10:20.301752   /opt/hostedtoolcache/Python/3.11.15/x64/lib/python3.11
2026-08-17 13:10:20.351918   /opt/hostedtoolcache/Python/3.11.15/x64/lib/python3.11/lib-dynload
2026-08-17 13:10:20.402143   /opt/hostedtoolcache/Python/3.11.15/x64/lib/python3.11/site-packages
2026-08-17 13:10:20.452349 [ ERROR ] Error in file '/home/runner/work/engg-robot-testing-framework/engg-robot-testing-framework/resources/auth_keywords.resource' on line 2: Importing library 'playwright_keyword_library.PlaywrightKeywordLibrary' failed: ModuleNotFoundError: No module named 'playwright_keyword_library'
2026-08-17 13:10:20.502627 Traceback (most recent call last):
2026-08-17 13:10:20.552821   None
2026-08-17 13:10:20.603001 PYTHONPATH:
2026-08-17 13:10:20.653196   /opt/hostedtoolcache/Python/3.11.15/x64/bin
2026-08-17 13:10:20.703411   /opt/hostedtoolcache/Python/3.11.15/x64/lib/python311.zip
2026-08-17 13:10:20.753625   /opt/hostedtoolcache/Python/3.11.15/x64/lib/python3.11
2026-08-17 13:10:20.803845   /opt/hostedtoolcache/Python/3.11.15/x64/lib/python3.11/lib-dynload
2026-08-17 13:10:20.854022   /opt/hostedtoolcache/Python/3.11.15/x64/lib/python3.11/site-packages
2026-08-17 13:10:20.904211 [ ERROR ] Error in file '/home/runner/work/engg-robot-testing-framework/engg-robot-testing-framework/resources/common.resource' on line 4: Importing library 'playwright_keyword_library.PlaywrightKeywordLibrary' failed: ModuleNotFoundError: No module named 'playwright_keyword_library'
2026-08-17 13:10:20.954456 Traceback (most recent call last):
2026-08-17 13:10:21.004655   None
2026-08-17 13:10:21.054832 PYTHONPATH:
2026-08-17 13:10:21.105004   /opt/hostedtoolcache/Python/3.11.15/x64/bin
2026-08-17 13:10:21.155149   /opt/hostedtoolcache/Python/3.11.15/x64/lib/python311.zip
2026-08-17 13:10:21.205330   /opt/hostedtoolcache/Python/3.11.15/x64/lib/python3.11
2026-08-17 13:10:21.255502   /opt/hostedtoolcache/Python/3.11.15/x64/lib/python3.11/lib-dynload
2026-08-17 13:10:21.305690   /opt/hostedtoolcache/Python/3.11.15/x64/lib/python3.11/site-packages
2026-08-17 13:10:30.080316 TC02 Login User With Correct Email And Password                       | FAIL |
2026-08-17 13:10:30.110680 Setup failed:
2026-08-17 13:10:30.110698 No keyword with name 'Open Browser' found.
2026-08-17 13:10:30.110711 
2026-08-17 13:10:30.110722 Also teardown failed:
2026-08-17 13:10:30.110733 Several failures occurred:
2026-08-17 13:10:30.110744 
2026-08-17 13:10:30.110755 1) No keyword with name 'Register Keyword To Run On Failure' found.
2026-08-17 13:10:30.110767 
2026-08-17 13:10:30.110776 2) No keyword with name 'Close Browser' found. Did you mean:
2026-08-17 13:10:30.110786     common.Close Test Browser
2026-08-17 13:10:30.110797 ------------------------------------------------------------------------------
2026-08-17 13:10:30.110807 Suites.Auth.TC02 login valid                                          | FAIL |
2026-08-17 13:10:30.111252 1 test, 0 passed, 1 failed
2026-08-17 13:10:30.111273 ==============================================================================
2026-08-17 13:10:30.111328 Suites.Auth                                                           | FAIL |
2026-08-17 13:10:30.111643 1 test, 0 passed, 1 failed
2026-08-17 13:10:30.111664 ==============================================================================
2026-08-17 13:10:30.111718 Suites                                                                | FAIL |
2026-08-17 13:10:30.111972 1 test, 0 passed, 1 failed
2026-08-17 13:10:30.111992 ==============================================================================
2026-08-17 13:10:30.112037 Output:  /home/runner/work/engg-robot-testing-framework/engg-robot-testing-framework/reports/pabot_results/1/output.xml
