2026-07-12 04:07:04.950540 ==============================================================================
2026-07-12 04:07:04.966608 Suites
2026-07-12 04:07:04.966628 ==============================================================================
2026-07-12 04:07:04.966643 Suites.Cart
2026-07-12 04:07:04.967325 ==============================================================================
2026-07-12 04:07:04.967343 Suites.Cart.TC20 search and verify cart after login :: TC20 - Search Produc...
2026-07-12 04:07:04.967343 [ ERROR ] Error in file '/home/runner/work/engg-robot-testing-framework/engg-robot-testing-framework/tests/cart/TC20_search_and_verify_cart_after_login.robot' on line 3: Importing library 'playwright_keyword_library.PlaywrightKeywordLibrary' failed: ModuleNotFoundError: No module named 'playwright_keyword_library'
2026-07-12 04:07:04.999319 ==============================================================================
2026-07-12 04:07:04.999319 Traceback (most recent call last):
2026-07-12 04:07:04.999340   None
2026-07-12 04:07:05.049442 PYTHONPATH:
2026-07-12 04:07:05.099578   /opt/hostedtoolcache/Python/3.11.15/x64/bin
2026-07-12 04:07:05.149718   /opt/hostedtoolcache/Python/3.11.15/x64/lib/python311.zip
2026-07-12 04:07:05.199860   /opt/hostedtoolcache/Python/3.11.15/x64/lib/python3.11
2026-07-12 04:07:05.250001   /opt/hostedtoolcache/Python/3.11.15/x64/lib/python3.11/lib-dynload
2026-07-12 04:07:05.300135   /opt/hostedtoolcache/Python/3.11.15/x64/lib/python3.11/site-packages
2026-07-12 04:07:05.350279 [ ERROR ] Error in file '/home/runner/work/engg-robot-testing-framework/engg-robot-testing-framework/resources/common.resource' on line 4: Importing library 'playwright_keyword_library.PlaywrightKeywordLibrary' failed: ModuleNotFoundError: No module named 'playwright_keyword_library'
2026-07-12 04:07:05.400465 Traceback (most recent call last):
2026-07-12 04:07:05.450562   None
2026-07-12 04:07:05.500681 PYTHONPATH:
2026-07-12 04:07:05.550815   /opt/hostedtoolcache/Python/3.11.15/x64/bin
2026-07-12 04:07:05.600950   /opt/hostedtoolcache/Python/3.11.15/x64/lib/python311.zip
2026-07-12 04:07:05.651086   /opt/hostedtoolcache/Python/3.11.15/x64/lib/python3.11
2026-07-12 04:07:05.701220   /opt/hostedtoolcache/Python/3.11.15/x64/lib/python3.11/lib-dynload
2026-07-12 04:07:05.751362   /opt/hostedtoolcache/Python/3.11.15/x64/lib/python3.11/site-packages
2026-07-12 04:07:05.801492 [ ERROR ] Error in file '/home/runner/work/engg-robot-testing-framework/engg-robot-testing-framework/resources/product_keywords.resource' on line 2: Importing library 'playwright_keyword_library.PlaywrightKeywordLibrary' failed: ModuleNotFoundError: No module named 'playwright_keyword_library'
2026-07-12 04:07:05.851643 Traceback (most recent call last):
2026-07-12 04:07:05.901760   None
2026-07-12 04:07:05.951910 PYTHONPATH:
2026-07-12 04:07:06.002064   /opt/hostedtoolcache/Python/3.11.15/x64/bin
2026-07-12 04:07:06.052210   /opt/hostedtoolcache/Python/3.11.15/x64/lib/python311.zip
2026-07-12 04:07:06.102367   /opt/hostedtoolcache/Python/3.11.15/x64/lib/python3.11
2026-07-12 04:07:06.152537   /opt/hostedtoolcache/Python/3.11.15/x64/lib/python3.11/lib-dynload
2026-07-12 04:07:06.202692   /opt/hostedtoolcache/Python/3.11.15/x64/lib/python3.11/site-packages
2026-07-12 04:07:06.252843 [ ERROR ] Error in file '/home/runner/work/engg-robot-testing-framework/engg-robot-testing-framework/resources/cart_keywords.resource' on line 2: Importing library 'playwright_keyword_library.PlaywrightKeywordLibrary' failed: ModuleNotFoundError: No module named 'playwright_keyword_library'
2026-07-12 04:07:06.302972 Traceback (most recent call last):
2026-07-12 04:07:06.353125   None
2026-07-12 04:07:06.403254 PYTHONPATH:
2026-07-12 04:07:06.453400   /opt/hostedtoolcache/Python/3.11.15/x64/bin
2026-07-12 04:07:06.503577   /opt/hostedtoolcache/Python/3.11.15/x64/lib/python311.zip
2026-07-12 04:07:06.553722   /opt/hostedtoolcache/Python/3.11.15/x64/lib/python3.11
2026-07-12 04:07:06.603879   /opt/hostedtoolcache/Python/3.11.15/x64/lib/python3.11/lib-dynload
2026-07-12 04:07:06.654026   /opt/hostedtoolcache/Python/3.11.15/x64/lib/python3.11/site-packages
2026-07-12 04:07:06.704184 [ ERROR ] Error in file '/home/runner/work/engg-robot-testing-framework/engg-robot-testing-framework/resources/auth_keywords.resource' on line 2: Importing library 'playwright_keyword_library.PlaywrightKeywordLibrary' failed: ModuleNotFoundError: No module named 'playwright_keyword_library'
2026-07-12 04:07:06.754334 Traceback (most recent call last):
2026-07-12 04:07:06.804489   None
2026-07-12 04:07:06.854681 PYTHONPATH:
2026-07-12 04:07:06.904828   /opt/hostedtoolcache/Python/3.11.15/x64/bin
2026-07-12 04:07:06.954981   /opt/hostedtoolcache/Python/3.11.15/x64/lib/python311.zip
2026-07-12 04:07:07.005135   /opt/hostedtoolcache/Python/3.11.15/x64/lib/python3.11
2026-07-12 04:07:07.055284   /opt/hostedtoolcache/Python/3.11.15/x64/lib/python3.11/lib-dynload
2026-07-12 04:07:07.105408   /opt/hostedtoolcache/Python/3.11.15/x64/lib/python3.11/site-packages
2026-07-12 04:07:14.973215 TC20 Search Products And Verify Cart After Login                      | FAIL |
2026-07-12 04:07:15.010182 Setup failed:
2026-07-12 04:07:15.010200 No keyword with name 'Open Browser' found.
2026-07-12 04:07:15.010214 
2026-07-12 04:07:15.010226 Also teardown failed:
2026-07-12 04:07:15.010238 Several failures occurred:
2026-07-12 04:07:15.010249 
2026-07-12 04:07:15.010261 1) No keyword with name 'Register Keyword To Run On Failure' found.
2026-07-12 04:07:15.010272 
2026-07-12 04:07:15.010281 2) No keyword with name 'Close Browser' found. Did you mean:
2026-07-12 04:07:15.010291     common.Close Test Browser
2026-07-12 04:07:15.010301 ------------------------------------------------------------------------------
2026-07-12 04:07:15.010312 Suites.Cart.TC20 search and verify cart after login :: TC20 - Sear... | FAIL |
2026-07-12 04:07:15.010854 1 test, 0 passed, 1 failed
2026-07-12 04:07:15.010914 ==============================================================================
2026-07-12 04:07:15.010928 Suites.Cart                                                           | FAIL |
2026-07-12 04:07:15.011224 1 test, 0 passed, 1 failed
2026-07-12 04:07:15.011281 ==============================================================================
2026-07-12 04:07:15.011294 Suites                                                                | FAIL |
2026-07-12 04:07:15.011548 1 test, 0 passed, 1 failed
2026-07-12 04:07:15.011586 ==============================================================================
2026-07-12 04:07:15.011599 Output:  /home/runner/work/engg-robot-testing-framework/engg-robot-testing-framework/reports/pabot_results/8/output.xml
