2026-08-24 02:07:17.895492 ==============================================================================
2026-08-24 02:07:17.897486 Suites
2026-08-24 02:07:17.897498 ==============================================================================
2026-08-24 02:07:17.897510 Suites.Auth
2026-08-24 02:07:17.898235 ==============================================================================
2026-08-24 02:07:17.898246 Suites.Auth.TC02 login valid
2026-08-24 02:07:17.898246 [ ERROR ] Error in file '/home/runner/work/engg-robot-testing-framework/engg-robot-testing-framework/tests/auth/TC02_login_valid.robot' on line 2: Importing library 'playwright_keyword_library.PlaywrightKeywordLibrary' failed: ModuleNotFoundError: No module named 'playwright_keyword_library'
2026-08-24 02:07:17.912196 ==============================================================================
2026-08-24 02:07:17.912196 Traceback (most recent call last):
2026-08-24 02:07:17.912212   None
2026-08-24 02:07:17.962293 PYTHONPATH:
2026-08-24 02:07:18.012369   /opt/hostedtoolcache/Python/3.11.16/x64/bin
2026-08-24 02:07:18.062455   /opt/hostedtoolcache/Python/3.11.16/x64/lib/python311.zip
2026-08-24 02:07:18.112541   /opt/hostedtoolcache/Python/3.11.16/x64/lib/python3.11
2026-08-24 02:07:18.162626   /opt/hostedtoolcache/Python/3.11.16/x64/lib/python3.11/lib-dynload
2026-08-24 02:07:18.212706   /opt/hostedtoolcache/Python/3.11.16/x64/lib/python3.11/site-packages
2026-08-24 02:07:18.262787 [ ERROR ] Error in file '/home/runner/work/engg-robot-testing-framework/engg-robot-testing-framework/resources/auth_keywords.resource' on line 2: Importing library 'playwright_keyword_library.PlaywrightKeywordLibrary' failed: ModuleNotFoundError: No module named 'playwright_keyword_library'
2026-08-24 02:07:18.312872 Traceback (most recent call last):
2026-08-24 02:07:18.362951   None
2026-08-24 02:07:18.413037 PYTHONPATH:
2026-08-24 02:07:18.463112   /opt/hostedtoolcache/Python/3.11.16/x64/bin
2026-08-24 02:07:18.513197   /opt/hostedtoolcache/Python/3.11.16/x64/lib/python311.zip
2026-08-24 02:07:18.563274   /opt/hostedtoolcache/Python/3.11.16/x64/lib/python3.11
2026-08-24 02:07:18.613362   /opt/hostedtoolcache/Python/3.11.16/x64/lib/python3.11/lib-dynload
2026-08-24 02:07:18.663441   /opt/hostedtoolcache/Python/3.11.16/x64/lib/python3.11/site-packages
2026-08-24 02:07:18.713525 [ ERROR ] Error in file '/home/runner/work/engg-robot-testing-framework/engg-robot-testing-framework/resources/common.resource' on line 4: Importing library 'playwright_keyword_library.PlaywrightKeywordLibrary' failed: ModuleNotFoundError: No module named 'playwright_keyword_library'
2026-08-24 02:07:18.763605 Traceback (most recent call last):
2026-08-24 02:07:18.813693   None
2026-08-24 02:07:18.863774 PYTHONPATH:
2026-08-24 02:07:18.913860   /opt/hostedtoolcache/Python/3.11.16/x64/bin
2026-08-24 02:07:18.963943   /opt/hostedtoolcache/Python/3.11.16/x64/lib/python311.zip
2026-08-24 02:07:19.014023   /opt/hostedtoolcache/Python/3.11.16/x64/lib/python3.11
2026-08-24 02:07:19.064106   /opt/hostedtoolcache/Python/3.11.16/x64/lib/python3.11/lib-dynload
2026-08-24 02:07:19.114197   /opt/hostedtoolcache/Python/3.11.16/x64/lib/python3.11/site-packages
2026-08-24 02:07:27.882667 TC02 Login User With Correct Email And Password                       | FAIL |
2026-08-24 02:07:27.920072 Setup failed:
2026-08-24 02:07:27.920083 No keyword with name 'Open Browser' found.
2026-08-24 02:07:27.920092 
2026-08-24 02:07:27.920101 Also teardown failed:
2026-08-24 02:07:27.920110 Several failures occurred:
2026-08-24 02:07:27.920119 
2026-08-24 02:07:27.920128 1) No keyword with name 'Register Keyword To Run On Failure' found.
2026-08-24 02:07:27.920137 
2026-08-24 02:07:27.920146 2) No keyword with name 'Close Browser' found. Did you mean:
2026-08-24 02:07:27.920154     common.Close Test Browser
2026-08-24 02:07:27.920163 ------------------------------------------------------------------------------
2026-08-24 02:07:27.920171 Suites.Auth.TC02 login valid                                          | FAIL |
2026-08-24 02:07:27.920598 1 test, 0 passed, 1 failed
2026-08-24 02:07:27.920639 ==============================================================================
2026-08-24 02:07:27.920649 Suites.Auth                                                           | FAIL |
2026-08-24 02:07:27.920954 1 test, 0 passed, 1 failed
2026-08-24 02:07:27.921003 ==============================================================================
2026-08-24 02:07:27.921012 Suites                                                                | FAIL |
2026-08-24 02:07:27.921237 1 test, 0 passed, 1 failed
2026-08-24 02:07:27.921285 ==============================================================================
2026-08-24 02:07:27.921294 Output:  /home/runner/work/engg-robot-testing-framework/engg-robot-testing-framework/reports/pabot_results/1/output.xml
