2026-08-07 03:28:42.378276 ==============================================================================
2026-08-07 03:28:42.407797 Suites
2026-08-07 03:28:42.407812 ==============================================================================
2026-08-07 03:28:42.407823 Suites.Cart
2026-08-07 03:28:42.408392 ==============================================================================
2026-08-07 03:28:42.408404 Suites.Cart.TC17 remove products from cart :: TC17 - Remove Products From Cart
2026-08-07 03:28:42.408404 [ ERROR ] Error in file '/home/runner/work/engg-robot-testing-framework/engg-robot-testing-framework/resources/common.resource' on line 4: Importing library 'playwright_keyword_library.PlaywrightKeywordLibrary' failed: ModuleNotFoundError: No module named 'playwright_keyword_library'
2026-08-07 03:28:42.429366 ==============================================================================
2026-08-07 03:28:42.429366 Traceback (most recent call last):
2026-08-07 03:28:42.429383   None
2026-08-07 03:28:42.479485 PYTHONPATH:
2026-08-07 03:28:42.529605   /opt/hostedtoolcache/Python/3.11.15/x64/bin
2026-08-07 03:28:42.579694   /opt/hostedtoolcache/Python/3.11.15/x64/lib/python311.zip
2026-08-07 03:28:42.629812   /opt/hostedtoolcache/Python/3.11.15/x64/lib/python3.11
2026-08-07 03:28:42.679902   /opt/hostedtoolcache/Python/3.11.15/x64/lib/python3.11/lib-dynload
2026-08-07 03:28:42.730003   /opt/hostedtoolcache/Python/3.11.15/x64/lib/python3.11/site-packages
2026-08-07 03:28:42.780089 [ ERROR ] Error in file '/home/runner/work/engg-robot-testing-framework/engg-robot-testing-framework/resources/product_keywords.resource' on line 2: Importing library 'playwright_keyword_library.PlaywrightKeywordLibrary' failed: ModuleNotFoundError: No module named 'playwright_keyword_library'
2026-08-07 03:28:42.830209 Traceback (most recent call last):
2026-08-07 03:28:42.880298   None
2026-08-07 03:28:42.930396 PYTHONPATH:
2026-08-07 03:28:42.980485   /opt/hostedtoolcache/Python/3.11.15/x64/bin
2026-08-07 03:28:43.030604   /opt/hostedtoolcache/Python/3.11.15/x64/lib/python311.zip
2026-08-07 03:28:43.080699   /opt/hostedtoolcache/Python/3.11.15/x64/lib/python3.11
2026-08-07 03:28:43.130820   /opt/hostedtoolcache/Python/3.11.15/x64/lib/python3.11/lib-dynload
2026-08-07 03:28:43.180911   /opt/hostedtoolcache/Python/3.11.15/x64/lib/python3.11/site-packages
2026-08-07 03:28:43.231013 [ ERROR ] Error in file '/home/runner/work/engg-robot-testing-framework/engg-robot-testing-framework/resources/cart_keywords.resource' on line 2: Importing library 'playwright_keyword_library.PlaywrightKeywordLibrary' failed: ModuleNotFoundError: No module named 'playwright_keyword_library'
2026-08-07 03:28:43.281104 Traceback (most recent call last):
2026-08-07 03:28:43.331227   None
2026-08-07 03:28:43.381325 PYTHONPATH:
2026-08-07 03:28:43.431446   /opt/hostedtoolcache/Python/3.11.15/x64/bin
2026-08-07 03:28:43.481542   /opt/hostedtoolcache/Python/3.11.15/x64/lib/python311.zip
2026-08-07 03:28:43.531629   /opt/hostedtoolcache/Python/3.11.15/x64/lib/python3.11
2026-08-07 03:28:43.581724   /opt/hostedtoolcache/Python/3.11.15/x64/lib/python3.11/lib-dynload
2026-08-07 03:28:43.631844   /opt/hostedtoolcache/Python/3.11.15/x64/lib/python3.11/site-packages
2026-08-07 03:28:52.399671 TC17 Remove Products From Cart                                        | FAIL |
2026-08-07 03:28:52.437863 Setup failed:
2026-08-07 03:28:52.437874 No keyword with name 'Open Browser' found.
2026-08-07 03:28:52.437882 
2026-08-07 03:28:52.437889 Also teardown failed:
2026-08-07 03:28:52.437896 Several failures occurred:
2026-08-07 03:28:52.437903 
2026-08-07 03:28:52.437909 1) No keyword with name 'Register Keyword To Run On Failure' found.
2026-08-07 03:28:52.437916 
2026-08-07 03:28:52.437921 2) No keyword with name 'Close Browser' found. Did you mean:
2026-08-07 03:28:52.437928     common.Close Test Browser
2026-08-07 03:28:52.437934 ------------------------------------------------------------------------------
2026-08-07 03:28:52.437940 Suites.Cart.TC17 remove products from cart :: TC17 - Remove Produc... | FAIL |
2026-08-07 03:28:52.438470 1 test, 0 passed, 1 failed
2026-08-07 03:28:52.438503 ==============================================================================
2026-08-07 03:28:52.438510 Suites.Cart                                                           | FAIL |
2026-08-07 03:28:52.438783 1 test, 0 passed, 1 failed
2026-08-07 03:28:52.438817 ==============================================================================
2026-08-07 03:28:52.438824 Suites                                                                | FAIL |
2026-08-07 03:28:52.439047 1 test, 0 passed, 1 failed
2026-08-07 03:28:52.439085 ==============================================================================
2026-08-07 03:28:52.439092 Output:  /home/runner/work/engg-robot-testing-framework/engg-robot-testing-framework/reports/pabot_results/7/output.xml
