2026-08-11 02:35:40.224788 ==============================================================================
2026-08-11 02:35:40.236576 Suites
2026-08-11 02:35:40.236595 ==============================================================================
2026-08-11 02:35:40.236608 Suites.Cart
2026-08-11 02:35:40.237366 ==============================================================================
2026-08-11 02:35:40.237389 Suites.Cart.TC22 add from recommended items :: TC22 - Add To Cart From Reco...
2026-08-11 02:35:40.237389 [ ERROR ] Error in file '/home/runner/work/engg-robot-testing-framework/engg-robot-testing-framework/resources/common.resource' on line 4: Importing library 'playwright_keyword_library.PlaywrightKeywordLibrary' failed: ModuleNotFoundError: No module named 'playwright_keyword_library'
2026-08-11 02:35:40.257940 ==============================================================================
2026-08-11 02:35:40.257940 Traceback (most recent call last):
2026-08-11 02:35:40.257962   None
2026-08-11 02:35:40.308092 PYTHONPATH:
2026-08-11 02:35:40.358256   /opt/hostedtoolcache/Python/3.11.15/x64/bin
2026-08-11 02:35:40.408420   /opt/hostedtoolcache/Python/3.11.15/x64/lib/python311.zip
2026-08-11 02:35:40.458593   /opt/hostedtoolcache/Python/3.11.15/x64/lib/python3.11
2026-08-11 02:35:40.508729   /opt/hostedtoolcache/Python/3.11.15/x64/lib/python3.11/lib-dynload
2026-08-11 02:35:40.558898   /opt/hostedtoolcache/Python/3.11.15/x64/lib/python3.11/site-packages
2026-08-11 02:35:40.609062 [ ERROR ] Error in file '/home/runner/work/engg-robot-testing-framework/engg-robot-testing-framework/resources/cart_keywords.resource' on line 2: Importing library 'playwright_keyword_library.PlaywrightKeywordLibrary' failed: ModuleNotFoundError: No module named 'playwright_keyword_library'
2026-08-11 02:35:40.659222 Traceback (most recent call last):
2026-08-11 02:35:40.709392   None
2026-08-11 02:35:40.759584 PYTHONPATH:
2026-08-11 02:35:40.809752   /opt/hostedtoolcache/Python/3.11.15/x64/bin
2026-08-11 02:35:40.859928   /opt/hostedtoolcache/Python/3.11.15/x64/lib/python311.zip
2026-08-11 02:35:40.910089   /opt/hostedtoolcache/Python/3.11.15/x64/lib/python3.11
2026-08-11 02:35:40.960274   /opt/hostedtoolcache/Python/3.11.15/x64/lib/python3.11/lib-dynload
2026-08-11 02:35:41.010435   /opt/hostedtoolcache/Python/3.11.15/x64/lib/python3.11/site-packages
2026-08-11 02:35:50.235325 TC22 Add To Cart From Recommended Items                               | FAIL |
2026-08-11 02:35:50.267792 Setup failed:
2026-08-11 02:35:50.267809 No keyword with name 'Open Browser' found.
2026-08-11 02:35:50.267822 
2026-08-11 02:35:50.267834 Also teardown failed:
2026-08-11 02:35:50.267844 Several failures occurred:
2026-08-11 02:35:50.267854 
2026-08-11 02:35:50.267864 1) No keyword with name 'Register Keyword To Run On Failure' found.
2026-08-11 02:35:50.267875 
2026-08-11 02:35:50.267885 2) No keyword with name 'Close Browser' found. Did you mean:
2026-08-11 02:35:50.267895     common.Close Test Browser
2026-08-11 02:35:50.267905 ------------------------------------------------------------------------------
2026-08-11 02:35:50.267915 Suites.Cart.TC22 add from recommended items :: TC22 - Add To Cart ... | FAIL |
2026-08-11 02:35:50.268427 1 test, 0 passed, 1 failed
2026-08-11 02:35:50.268448 ==============================================================================
2026-08-11 02:35:50.268491 Suites.Cart                                                           | FAIL |
2026-08-11 02:35:50.268812 1 test, 0 passed, 1 failed
2026-08-11 02:35:50.268862 ==============================================================================
2026-08-11 02:35:50.268875 Suites                                                                | FAIL |
2026-08-11 02:35:50.269128 1 test, 0 passed, 1 failed
2026-08-11 02:35:50.269146 ==============================================================================
2026-08-11 02:35:50.269185 Output:  /home/runner/work/engg-robot-testing-framework/engg-robot-testing-framework/reports/pabot_results/9/output.xml
