2026-07-24 03:54:02.631275 ==============================================================================
2026-07-24 03:54:02.644629 Suites
2026-07-24 03:54:02.644647 ==============================================================================
2026-07-24 03:54:02.644660 Suites.Cart
2026-07-24 03:54:02.645291 ==============================================================================
2026-07-24 03:54:02.645307 Suites.Cart.TC20 search and verify cart after login :: TC20 - Search Produc...
2026-07-24 03:54:02.645307 [ ERROR ] Error in file '/home/runner/work/engg-robot-testing-framework/engg-robot-testing-framework/tests/cart/TC20_search_and_verify_cart_after_login.robot' on line 3: Importing library 'playwright_keyword_library.PlaywrightKeywordLibrary' failed: ModuleNotFoundError: No module named 'playwright_keyword_library'
2026-07-24 03:54:02.676771 ==============================================================================
2026-07-24 03:54:02.676771 Traceback (most recent call last):
2026-07-24 03:54:02.676791   None
2026-07-24 03:54:02.726889 PYTHONPATH:
2026-07-24 03:54:02.777024   /opt/hostedtoolcache/Python/3.11.15/x64/bin
2026-07-24 03:54:02.827162   /opt/hostedtoolcache/Python/3.11.15/x64/lib/python311.zip
2026-07-24 03:54:02.877300   /opt/hostedtoolcache/Python/3.11.15/x64/lib/python3.11
2026-07-24 03:54:02.927439   /opt/hostedtoolcache/Python/3.11.15/x64/lib/python3.11/lib-dynload
2026-07-24 03:54:02.977605   /opt/hostedtoolcache/Python/3.11.15/x64/lib/python3.11/site-packages
2026-07-24 03:54:03.027742 [ ERROR ] Error in file '/home/runner/work/engg-robot-testing-framework/engg-robot-testing-framework/resources/common.resource' on line 4: Importing library 'playwright_keyword_library.PlaywrightKeywordLibrary' failed: ModuleNotFoundError: No module named 'playwright_keyword_library'
2026-07-24 03:54:03.077878 Traceback (most recent call last):
2026-07-24 03:54:03.128015   None
2026-07-24 03:54:03.178148 PYTHONPATH:
2026-07-24 03:54:03.228285   /opt/hostedtoolcache/Python/3.11.15/x64/bin
2026-07-24 03:54:03.278417   /opt/hostedtoolcache/Python/3.11.15/x64/lib/python311.zip
2026-07-24 03:54:03.328587   /opt/hostedtoolcache/Python/3.11.15/x64/lib/python3.11
2026-07-24 03:54:03.378725   /opt/hostedtoolcache/Python/3.11.15/x64/lib/python3.11/lib-dynload
2026-07-24 03:54:03.428867   /opt/hostedtoolcache/Python/3.11.15/x64/lib/python3.11/site-packages
2026-07-24 03:54:03.479013 [ ERROR ] Error in file '/home/runner/work/engg-robot-testing-framework/engg-robot-testing-framework/resources/product_keywords.resource' on line 2: Importing library 'playwright_keyword_library.PlaywrightKeywordLibrary' failed: ModuleNotFoundError: No module named 'playwright_keyword_library'
2026-07-24 03:54:03.529168 Traceback (most recent call last):
2026-07-24 03:54:03.579325   None
2026-07-24 03:54:03.629438 PYTHONPATH:
2026-07-24 03:54:03.679618   /opt/hostedtoolcache/Python/3.11.15/x64/bin
2026-07-24 03:54:03.729770   /opt/hostedtoolcache/Python/3.11.15/x64/lib/python311.zip
2026-07-24 03:54:03.779930   /opt/hostedtoolcache/Python/3.11.15/x64/lib/python3.11
2026-07-24 03:54:03.830046   /opt/hostedtoolcache/Python/3.11.15/x64/lib/python3.11/lib-dynload
2026-07-24 03:54:03.880206   /opt/hostedtoolcache/Python/3.11.15/x64/lib/python3.11/site-packages
2026-07-24 03:54:03.930324 [ ERROR ] Error in file '/home/runner/work/engg-robot-testing-framework/engg-robot-testing-framework/resources/cart_keywords.resource' on line 2: Importing library 'playwright_keyword_library.PlaywrightKeywordLibrary' failed: ModuleNotFoundError: No module named 'playwright_keyword_library'
2026-07-24 03:54:03.980490 Traceback (most recent call last):
2026-07-24 03:54:04.030613   None
2026-07-24 03:54:04.080773 PYTHONPATH:
2026-07-24 03:54:04.130885   /opt/hostedtoolcache/Python/3.11.15/x64/bin
2026-07-24 03:54:04.181044   /opt/hostedtoolcache/Python/3.11.15/x64/lib/python311.zip
2026-07-24 03:54:04.231195   /opt/hostedtoolcache/Python/3.11.15/x64/lib/python3.11
2026-07-24 03:54:04.281348   /opt/hostedtoolcache/Python/3.11.15/x64/lib/python3.11/lib-dynload
2026-07-24 03:54:04.331495   /opt/hostedtoolcache/Python/3.11.15/x64/lib/python3.11/site-packages
2026-07-24 03:54:04.381646 [ ERROR ] Error in file '/home/runner/work/engg-robot-testing-framework/engg-robot-testing-framework/resources/auth_keywords.resource' on line 2: Importing library 'playwright_keyword_library.PlaywrightKeywordLibrary' failed: ModuleNotFoundError: No module named 'playwright_keyword_library'
2026-07-24 03:54:04.431799 Traceback (most recent call last):
2026-07-24 03:54:04.481935   None
2026-07-24 03:54:04.532086 PYTHONPATH:
2026-07-24 03:54:04.582239   /opt/hostedtoolcache/Python/3.11.15/x64/bin
2026-07-24 03:54:04.632361   /opt/hostedtoolcache/Python/3.11.15/x64/lib/python311.zip
2026-07-24 03:54:04.682486   /opt/hostedtoolcache/Python/3.11.15/x64/lib/python3.11
2026-07-24 03:54:04.732641   /opt/hostedtoolcache/Python/3.11.15/x64/lib/python3.11/lib-dynload
2026-07-24 03:54:04.782770   /opt/hostedtoolcache/Python/3.11.15/x64/lib/python3.11/site-packages
2026-07-24 03:54:12.651219 TC20 Search Products And Verify Cart After Login                      | FAIL |
2026-07-24 03:54:12.687668 Setup failed:
2026-07-24 03:54:12.687684 No keyword with name 'Open Browser' found.
2026-07-24 03:54:12.687695 
2026-07-24 03:54:12.687705 Also teardown failed:
2026-07-24 03:54:12.687714 Several failures occurred:
2026-07-24 03:54:12.687723 
2026-07-24 03:54:12.687732 1) No keyword with name 'Register Keyword To Run On Failure' found.
2026-07-24 03:54:12.687742 
2026-07-24 03:54:12.687750 2) No keyword with name 'Close Browser' found. Did you mean:
2026-07-24 03:54:12.687760     common.Close Test Browser
2026-07-24 03:54:12.687768 ------------------------------------------------------------------------------
2026-07-24 03:54:12.687777 Suites.Cart.TC20 search and verify cart after login :: TC20 - Sear... | FAIL |
2026-07-24 03:54:12.688287 1 test, 0 passed, 1 failed
2026-07-24 03:54:12.688339 ==============================================================================
2026-07-24 03:54:12.688349 Suites.Cart                                                           | FAIL |
2026-07-24 03:54:12.688687 1 test, 0 passed, 1 failed
2026-07-24 03:54:12.688738 ==============================================================================
2026-07-24 03:54:12.688749 Suites                                                                | FAIL |
2026-07-24 03:54:12.689005 1 test, 0 passed, 1 failed
2026-07-24 03:54:12.689055 ==============================================================================
2026-07-24 03:54:12.689065 Output:  /home/runner/work/engg-robot-testing-framework/engg-robot-testing-framework/reports/pabot_results/8/output.xml
