2026-07-01 05:05:49.423915 ==============================================================================
2026-07-01 05:05:49.440509 Suites
2026-07-01 05:05:49.440529 ==============================================================================
2026-07-01 05:05:49.440543 Suites.Cart
2026-07-01 05:05:49.441234 ==============================================================================
2026-07-01 05:05:49.441250 Suites.Cart.TC13 verify product quantity :: TC13 - Verify Product Quantity ...
2026-07-01 05:05:49.441250 [ ERROR ] Error in file '/home/runner/work/engg-robot-testing-framework/engg-robot-testing-framework/resources/common.resource' on line 4: Importing library 'playwright_keyword_library.PlaywrightKeywordLibrary' failed: ModuleNotFoundError: No module named 'playwright_keyword_library'
2026-07-01 05:05:49.468793 ==============================================================================
2026-07-01 05:05:49.468793 Traceback (most recent call last):
2026-07-01 05:05:49.468819   None
2026-07-01 05:05:49.518994 PYTHONPATH:
2026-07-01 05:05:49.569200   /opt/hostedtoolcache/Python/3.11.15/x64/bin
2026-07-01 05:05:49.619371   /opt/hostedtoolcache/Python/3.11.15/x64/lib/python311.zip
2026-07-01 05:05:49.669560   /opt/hostedtoolcache/Python/3.11.15/x64/lib/python3.11
2026-07-01 05:05:49.719753   /opt/hostedtoolcache/Python/3.11.15/x64/lib/python3.11/lib-dynload
2026-07-01 05:05:49.769949   /opt/hostedtoolcache/Python/3.11.15/x64/lib/python3.11/site-packages
2026-07-01 05:05:49.820141 [ ERROR ] Error in file '/home/runner/work/engg-robot-testing-framework/engg-robot-testing-framework/resources/product_keywords.resource' on line 2: Importing library 'playwright_keyword_library.PlaywrightKeywordLibrary' failed: ModuleNotFoundError: No module named 'playwright_keyword_library'
2026-07-01 05:05:49.870360 Traceback (most recent call last):
2026-07-01 05:05:49.920510   None
2026-07-01 05:05:49.970711 PYTHONPATH:
2026-07-01 05:05:50.020874   /opt/hostedtoolcache/Python/3.11.15/x64/bin
2026-07-01 05:05:50.071069   /opt/hostedtoolcache/Python/3.11.15/x64/lib/python311.zip
2026-07-01 05:05:50.121268   /opt/hostedtoolcache/Python/3.11.15/x64/lib/python3.11
2026-07-01 05:05:50.171472   /opt/hostedtoolcache/Python/3.11.15/x64/lib/python3.11/lib-dynload
2026-07-01 05:05:50.221653   /opt/hostedtoolcache/Python/3.11.15/x64/lib/python3.11/site-packages
2026-07-01 05:05:50.271875 [ ERROR ] Error in file '/home/runner/work/engg-robot-testing-framework/engg-robot-testing-framework/resources/cart_keywords.resource' on line 2: Importing library 'playwright_keyword_library.PlaywrightKeywordLibrary' failed: ModuleNotFoundError: No module named 'playwright_keyword_library'
2026-07-01 05:05:50.322057 Traceback (most recent call last):
2026-07-01 05:05:50.372267   None
2026-07-01 05:05:50.422449 PYTHONPATH:
2026-07-01 05:05:50.472652   /opt/hostedtoolcache/Python/3.11.15/x64/bin
2026-07-01 05:05:50.522887   /opt/hostedtoolcache/Python/3.11.15/x64/lib/python311.zip
2026-07-01 05:05:50.573069   /opt/hostedtoolcache/Python/3.11.15/x64/lib/python3.11
2026-07-01 05:05:50.623259   /opt/hostedtoolcache/Python/3.11.15/x64/lib/python3.11/lib-dynload
2026-07-01 05:05:50.673457   /opt/hostedtoolcache/Python/3.11.15/x64/lib/python3.11/site-packages
2026-07-01 05:05:59.447270 TC13 Verify Product Quantity In Cart                                  | FAIL |
2026-07-01 05:05:59.479734 Setup failed:
2026-07-01 05:05:59.479748 No keyword with name 'Open Browser' found.
2026-07-01 05:05:59.479757 
2026-07-01 05:05:59.479764 Also teardown failed:
2026-07-01 05:05:59.479771 Several failures occurred:
2026-07-01 05:05:59.479778 
2026-07-01 05:05:59.479785 1) No keyword with name 'Register Keyword To Run On Failure' found.
2026-07-01 05:05:59.479793 
2026-07-01 05:05:59.479799 2) No keyword with name 'Close Browser' found. Did you mean:
2026-07-01 05:05:59.479806     common.Close Test Browser
2026-07-01 05:05:59.479812 ------------------------------------------------------------------------------
2026-07-01 05:05:59.479819 Suites.Cart.TC13 verify product quantity :: TC13 - Verify Product ... | FAIL |
2026-07-01 05:05:59.480293 1 test, 0 passed, 1 failed
2026-07-01 05:05:59.480342 ==============================================================================
2026-07-01 05:05:59.480350 Suites.Cart                                                           | FAIL |
2026-07-01 05:05:59.480650 1 test, 0 passed, 1 failed
2026-07-01 05:05:59.480685 ==============================================================================
2026-07-01 05:05:59.480692 Suites                                                                | FAIL |
2026-07-01 05:05:59.480979 1 test, 0 passed, 1 failed
2026-07-01 05:05:59.481010 ==============================================================================
2026-07-01 05:05:59.481017 Output:  /home/runner/work/engg-robot-testing-framework/engg-robot-testing-framework/reports/pabot_results/6/output.xml
