2026-08-15 01:56:52.974540 ==============================================================================
2026-08-15 01:56:53.000051 Suites
2026-08-15 01:56:53.000067 ==============================================================================
2026-08-15 01:56:53.000078 Suites.Cart
2026-08-15 01:56:53.000605 ==============================================================================
2026-08-15 01:56:53.000617 Suites.Cart.TC13 verify product quantity :: TC13 - Verify Product Quantity ...
2026-08-15 01:56:53.000617 [ ERROR ] Error in file '/home/runner/work/engg-robot-testing-framework/engg-robot-testing-framework/resources/common.resource' on line 4: Importing library 'playwright_keyword_library.PlaywrightKeywordLibrary' failed: ModuleNotFoundError: No module named 'playwright_keyword_library'
2026-08-15 01:56:53.021355 ==============================================================================
2026-08-15 01:56:53.021355 Traceback (most recent call last):
2026-08-15 01:56:53.021374   None
2026-08-15 01:56:53.071465 PYTHONPATH:
2026-08-15 01:56:53.121575   /opt/hostedtoolcache/Python/3.11.15/x64/bin
2026-08-15 01:56:53.171711   /opt/hostedtoolcache/Python/3.11.15/x64/lib/python311.zip
2026-08-15 01:56:53.221818   /opt/hostedtoolcache/Python/3.11.15/x64/lib/python3.11
2026-08-15 01:56:53.271960   /opt/hostedtoolcache/Python/3.11.15/x64/lib/python3.11/lib-dynload
2026-08-15 01:56:53.322069   /opt/hostedtoolcache/Python/3.11.15/x64/lib/python3.11/site-packages
2026-08-15 01:56:53.372208 [ ERROR ] Error in file '/home/runner/work/engg-robot-testing-framework/engg-robot-testing-framework/resources/product_keywords.resource' on line 2: Importing library 'playwright_keyword_library.PlaywrightKeywordLibrary' failed: ModuleNotFoundError: No module named 'playwright_keyword_library'
2026-08-15 01:56:53.422325 Traceback (most recent call last):
2026-08-15 01:56:53.472456   None
2026-08-15 01:56:53.522560 PYTHONPATH:
2026-08-15 01:56:53.572692   /opt/hostedtoolcache/Python/3.11.15/x64/bin
2026-08-15 01:56:53.622804   /opt/hostedtoolcache/Python/3.11.15/x64/lib/python311.zip
2026-08-15 01:56:53.672939   /opt/hostedtoolcache/Python/3.11.15/x64/lib/python3.11
2026-08-15 01:56:53.723043   /opt/hostedtoolcache/Python/3.11.15/x64/lib/python3.11/lib-dynload
2026-08-15 01:56:53.773182   /opt/hostedtoolcache/Python/3.11.15/x64/lib/python3.11/site-packages
2026-08-15 01:56:53.823291 [ ERROR ] Error in file '/home/runner/work/engg-robot-testing-framework/engg-robot-testing-framework/resources/cart_keywords.resource' on line 2: Importing library 'playwright_keyword_library.PlaywrightKeywordLibrary' failed: ModuleNotFoundError: No module named 'playwright_keyword_library'
2026-08-15 01:56:53.873433 Traceback (most recent call last):
2026-08-15 01:56:53.923537   None
2026-08-15 01:56:53.973681 PYTHONPATH:
2026-08-15 01:56:54.023789   /opt/hostedtoolcache/Python/3.11.15/x64/bin
2026-08-15 01:56:54.073924   /opt/hostedtoolcache/Python/3.11.15/x64/lib/python311.zip
2026-08-15 01:56:54.124030   /opt/hostedtoolcache/Python/3.11.15/x64/lib/python3.11
2026-08-15 01:56:54.174157   /opt/hostedtoolcache/Python/3.11.15/x64/lib/python3.11/lib-dynload
2026-08-15 01:56:54.224260   /opt/hostedtoolcache/Python/3.11.15/x64/lib/python3.11/site-packages
2026-08-15 01:57:02.992985 TC13 Verify Product Quantity In Cart                                  | FAIL |
2026-08-15 01:57:03.029982 Setup failed:
2026-08-15 01:57:03.029997 No keyword with name 'Open Browser' found.
2026-08-15 01:57:03.030007 
2026-08-15 01:57:03.030016 Also teardown failed:
2026-08-15 01:57:03.030025 Several failures occurred:
2026-08-15 01:57:03.030033 
2026-08-15 01:57:03.030041 1) No keyword with name 'Register Keyword To Run On Failure' found.
2026-08-15 01:57:03.030049 
2026-08-15 01:57:03.030056 2) No keyword with name 'Close Browser' found. Did you mean:
2026-08-15 01:57:03.030064     common.Close Test Browser
2026-08-15 01:57:03.030071 ------------------------------------------------------------------------------
2026-08-15 01:57:03.030079 Suites.Cart.TC13 verify product quantity :: TC13 - Verify Product ... | FAIL |
2026-08-15 01:57:03.030483 1 test, 0 passed, 1 failed
2026-08-15 01:57:03.030500 ==============================================================================
2026-08-15 01:57:03.030542 Suites.Cart                                                           | FAIL |
2026-08-15 01:57:03.030792 1 test, 0 passed, 1 failed
2026-08-15 01:57:03.030860 ==============================================================================
2026-08-15 01:57:03.030871 Suites                                                                | FAIL |
2026-08-15 01:57:03.031053 1 test, 0 passed, 1 failed
2026-08-15 01:57:03.031069 ==============================================================================
2026-08-15 01:57:03.031109 Output:  /home/runner/work/engg-robot-testing-framework/engg-robot-testing-framework/reports/pabot_results/6/output.xml
