2026-07-14 03:44:55.084338 ==============================================================================
2026-07-14 03:44:55.086254 Suites
2026-07-14 03:44:55.086272 ==============================================================================
2026-07-14 03:44:55.086285 Suites.Cart
2026-07-14 03:44:55.087074 ==============================================================================
2026-07-14 03:44:55.087089 Suites.Cart.TC22 add from recommended items :: TC22 - Add To Cart From Reco...
2026-07-14 03:44:55.087089 [ ERROR ] Error in file '/home/runner/work/engg-robot-testing-framework/engg-robot-testing-framework/resources/common.resource' on line 4: Importing library 'playwright_keyword_library.PlaywrightKeywordLibrary' failed: ModuleNotFoundError: No module named 'playwright_keyword_library'
2026-07-14 03:44:55.107846 ==============================================================================
2026-07-14 03:44:55.107846 Traceback (most recent call last):
2026-07-14 03:44:55.107869   None
2026-07-14 03:44:55.158027 PYTHONPATH:
2026-07-14 03:44:55.208226   /opt/hostedtoolcache/Python/3.11.15/x64/bin
2026-07-14 03:44:55.258502   /opt/hostedtoolcache/Python/3.11.15/x64/lib/python311.zip
2026-07-14 03:44:55.308663   /opt/hostedtoolcache/Python/3.11.15/x64/lib/python3.11
2026-07-14 03:44:55.358828   /opt/hostedtoolcache/Python/3.11.15/x64/lib/python3.11/lib-dynload
2026-07-14 03:44:55.408980   /opt/hostedtoolcache/Python/3.11.15/x64/lib/python3.11/site-packages
2026-07-14 03:44:55.459168 [ ERROR ] Error in file '/home/runner/work/engg-robot-testing-framework/engg-robot-testing-framework/resources/cart_keywords.resource' on line 2: Importing library 'playwright_keyword_library.PlaywrightKeywordLibrary' failed: ModuleNotFoundError: No module named 'playwright_keyword_library'
2026-07-14 03:44:55.509355 Traceback (most recent call last):
2026-07-14 03:44:55.559532   None
2026-07-14 03:44:55.609714 PYTHONPATH:
2026-07-14 03:44:55.659879   /opt/hostedtoolcache/Python/3.11.15/x64/bin
2026-07-14 03:44:55.710032   /opt/hostedtoolcache/Python/3.11.15/x64/lib/python311.zip
2026-07-14 03:44:55.760198   /opt/hostedtoolcache/Python/3.11.15/x64/lib/python3.11
2026-07-14 03:44:55.810390   /opt/hostedtoolcache/Python/3.11.15/x64/lib/python3.11/lib-dynload
2026-07-14 03:44:55.860596   /opt/hostedtoolcache/Python/3.11.15/x64/lib/python3.11/site-packages
2026-07-14 03:45:05.087765 TC22 Add To Cart From Recommended Items                               | FAIL |
2026-07-14 03:45:05.118208 Setup failed:
2026-07-14 03:45:05.118222 No keyword with name 'Open Browser' found.
2026-07-14 03:45:05.118230 
2026-07-14 03:45:05.118237 Also teardown failed:
2026-07-14 03:45:05.118244 Several failures occurred:
2026-07-14 03:45:05.118251 
2026-07-14 03:45:05.118257 1) No keyword with name 'Register Keyword To Run On Failure' found.
2026-07-14 03:45:05.118265 
2026-07-14 03:45:05.118271 2) No keyword with name 'Close Browser' found. Did you mean:
2026-07-14 03:45:05.118278     common.Close Test Browser
2026-07-14 03:45:05.118285 ------------------------------------------------------------------------------
2026-07-14 03:45:05.118292 Suites.Cart.TC22 add from recommended items :: TC22 - Add To Cart ... | FAIL |
2026-07-14 03:45:05.118796 1 test, 0 passed, 1 failed
2026-07-14 03:45:05.118805 ==============================================================================
2026-07-14 03:45:05.118812 Suites.Cart                                                           | FAIL |
2026-07-14 03:45:05.119134 1 test, 0 passed, 1 failed
2026-07-14 03:45:05.119189 ==============================================================================
2026-07-14 03:45:05.119196 Suites                                                                | FAIL |
2026-07-14 03:45:05.119441 1 test, 0 passed, 1 failed
2026-07-14 03:45:05.119489 ==============================================================================
2026-07-14 03:45:05.119496 Output:  /home/runner/work/engg-robot-testing-framework/engg-robot-testing-framework/reports/pabot_results/9/output.xml
