2026-09-02 04:55:41.922037 ==============================================================================
2026-09-02 04:55:41.938758 Suites
2026-09-02 04:55:41.938778 ==============================================================================
2026-09-02 04:55:41.938792 Suites.Cart
2026-09-02 04:55:41.939575 ==============================================================================
2026-09-02 04:55:41.939594 Suites.Cart.TC20 search and verify cart after login :: TC20 - Search Produc...
2026-09-02 04:55:41.939594 [ ERROR ] Error in file '/home/runner/work/engg-robot-testing-framework/engg-robot-testing-framework/tests/cart/TC20_search_and_verify_cart_after_login.robot' on line 3: Importing library 'playwright_keyword_library.PlaywrightKeywordLibrary' failed: ModuleNotFoundError: No module named 'playwright_keyword_library'
2026-09-02 04:55:41.975004 ==============================================================================
2026-09-02 04:55:41.975004 Traceback (most recent call last):
2026-09-02 04:55:41.975030   None
2026-09-02 04:55:42.025156 PYTHONPATH:
2026-09-02 04:55:42.075268   /opt/hostedtoolcache/Python/3.11.16/x64/bin
2026-09-02 04:55:42.125387   /opt/hostedtoolcache/Python/3.11.16/x64/lib/python311.zip
2026-09-02 04:55:42.175500   /opt/hostedtoolcache/Python/3.11.16/x64/lib/python3.11
2026-09-02 04:55:42.225614   /opt/hostedtoolcache/Python/3.11.16/x64/lib/python3.11/lib-dynload
2026-09-02 04:55:42.275762   /opt/hostedtoolcache/Python/3.11.16/x64/lib/python3.11/site-packages
2026-09-02 04:55:42.325913 [ ERROR ] Error in file '/home/runner/work/engg-robot-testing-framework/engg-robot-testing-framework/resources/common.resource' on line 4: Importing library 'playwright_keyword_library.PlaywrightKeywordLibrary' failed: ModuleNotFoundError: No module named 'playwright_keyword_library'
2026-09-02 04:55:42.376063 Traceback (most recent call last):
2026-09-02 04:55:42.426213   None
2026-09-02 04:55:42.476366 PYTHONPATH:
2026-09-02 04:55:42.526524   /opt/hostedtoolcache/Python/3.11.16/x64/bin
2026-09-02 04:55:42.576682   /opt/hostedtoolcache/Python/3.11.16/x64/lib/python311.zip
2026-09-02 04:55:42.626831   /opt/hostedtoolcache/Python/3.11.16/x64/lib/python3.11
2026-09-02 04:55:42.676980   /opt/hostedtoolcache/Python/3.11.16/x64/lib/python3.11/lib-dynload
2026-09-02 04:55:42.727116   /opt/hostedtoolcache/Python/3.11.16/x64/lib/python3.11/site-packages
2026-09-02 04:55:42.777249 [ ERROR ] Error in file '/home/runner/work/engg-robot-testing-framework/engg-robot-testing-framework/resources/product_keywords.resource' on line 2: Importing library 'playwright_keyword_library.PlaywrightKeywordLibrary' failed: ModuleNotFoundError: No module named 'playwright_keyword_library'
2026-09-02 04:55:42.827380 Traceback (most recent call last):
2026-09-02 04:55:42.877543   None
2026-09-02 04:55:42.927672 PYTHONPATH:
2026-09-02 04:55:42.977805   /opt/hostedtoolcache/Python/3.11.16/x64/bin
2026-09-02 04:55:43.027960   /opt/hostedtoolcache/Python/3.11.16/x64/lib/python311.zip
2026-09-02 04:55:43.078107   /opt/hostedtoolcache/Python/3.11.16/x64/lib/python3.11
2026-09-02 04:55:43.128270   /opt/hostedtoolcache/Python/3.11.16/x64/lib/python3.11/lib-dynload
2026-09-02 04:55:43.178405   /opt/hostedtoolcache/Python/3.11.16/x64/lib/python3.11/site-packages
2026-09-02 04:55:43.228509 [ ERROR ] Error in file '/home/runner/work/engg-robot-testing-framework/engg-robot-testing-framework/resources/cart_keywords.resource' on line 2: Importing library 'playwright_keyword_library.PlaywrightKeywordLibrary' failed: ModuleNotFoundError: No module named 'playwright_keyword_library'
2026-09-02 04:55:43.278658 Traceback (most recent call last):
2026-09-02 04:55:43.328771   None
2026-09-02 04:55:43.378941 PYTHONPATH:
2026-09-02 04:55:43.429102   /opt/hostedtoolcache/Python/3.11.16/x64/bin
2026-09-02 04:55:43.479257   /opt/hostedtoolcache/Python/3.11.16/x64/lib/python311.zip
2026-09-02 04:55:43.529405   /opt/hostedtoolcache/Python/3.11.16/x64/lib/python3.11
2026-09-02 04:55:43.579557   /opt/hostedtoolcache/Python/3.11.16/x64/lib/python3.11/lib-dynload
2026-09-02 04:55:43.629674   /opt/hostedtoolcache/Python/3.11.16/x64/lib/python3.11/site-packages
2026-09-02 04:55:43.679806 [ ERROR ] Error in file '/home/runner/work/engg-robot-testing-framework/engg-robot-testing-framework/resources/auth_keywords.resource' on line 2: Importing library 'playwright_keyword_library.PlaywrightKeywordLibrary' failed: ModuleNotFoundError: No module named 'playwright_keyword_library'
2026-09-02 04:55:43.729921 Traceback (most recent call last):
2026-09-02 04:55:43.780037   None
2026-09-02 04:55:43.830152 PYTHONPATH:
2026-09-02 04:55:43.880301   /opt/hostedtoolcache/Python/3.11.16/x64/bin
2026-09-02 04:55:43.930448   /opt/hostedtoolcache/Python/3.11.16/x64/lib/python311.zip
2026-09-02 04:55:43.980595   /opt/hostedtoolcache/Python/3.11.16/x64/lib/python3.11
2026-09-02 04:55:44.030741   /opt/hostedtoolcache/Python/3.11.16/x64/lib/python3.11/lib-dynload
2026-09-02 04:55:44.080890   /opt/hostedtoolcache/Python/3.11.16/x64/lib/python3.11/site-packages
2026-09-02 04:55:51.949771 TC20 Search Products And Verify Cart After Login                      | FAIL |
2026-09-02 04:55:51.986502 Setup failed:
2026-09-02 04:55:51.986514 No keyword with name 'Open Browser' found.
2026-09-02 04:55:51.986523 
2026-09-02 04:55:51.986530 Also teardown failed:
2026-09-02 04:55:51.986537 Several failures occurred:
2026-09-02 04:55:51.986544 
2026-09-02 04:55:51.986551 1) No keyword with name 'Register Keyword To Run On Failure' found.
2026-09-02 04:55:51.986558 
2026-09-02 04:55:51.986564 2) No keyword with name 'Close Browser' found. Did you mean:
2026-09-02 04:55:51.986570     common.Close Test Browser
2026-09-02 04:55:51.986577 ------------------------------------------------------------------------------
2026-09-02 04:55:51.986583 Suites.Cart.TC20 search and verify cart after login :: TC20 - Sear... | FAIL |
2026-09-02 04:55:51.987114 1 test, 0 passed, 1 failed
2026-09-02 04:55:51.987143 ==============================================================================
2026-09-02 04:55:51.987200 Suites.Cart                                                           | FAIL |
2026-09-02 04:55:51.987446 1 test, 0 passed, 1 failed
2026-09-02 04:55:51.987502 ==============================================================================
2026-09-02 04:55:51.987509 Suites                                                                | FAIL |
2026-09-02 04:55:51.987738 1 test, 0 passed, 1 failed
2026-09-02 04:55:51.987800 ==============================================================================
2026-09-02 04:55:51.987808 Output:  /home/runner/work/engg-robot-testing-framework/engg-robot-testing-framework/reports/pabot_results/8/output.xml
