2026-07-10 04:33:31.278263 ==============================================================================
2026-07-10 04:33:31.293492 Suites
2026-07-10 04:33:31.293517 ==============================================================================
2026-07-10 04:33:31.293535 Suites.Auth
2026-07-10 04:33:31.294365 ==============================================================================
2026-07-10 04:33:31.294383 Suites.Auth.TC01 register user
2026-07-10 04:33:31.294383 [ ERROR ] Error in file '/home/runner/work/engg-robot-testing-framework/engg-robot-testing-framework/tests/auth/TC01_register_user.robot' on line 2: Importing library 'playwright_keyword_library.PlaywrightKeywordLibrary' failed: ModuleNotFoundError: No module named 'playwright_keyword_library'
2026-07-10 04:33:31.313653 ==============================================================================
2026-07-10 04:33:31.313653 Traceback (most recent call last):
2026-07-10 04:33:31.313794   None
2026-07-10 04:33:31.363976 PYTHONPATH:
2026-07-10 04:33:31.414080   /opt/hostedtoolcache/Python/3.11.15/x64/bin
2026-07-10 04:33:31.464184   /opt/hostedtoolcache/Python/3.11.15/x64/lib/python311.zip
2026-07-10 04:33:31.514284   /opt/hostedtoolcache/Python/3.11.15/x64/lib/python3.11
2026-07-10 04:33:31.564391   /opt/hostedtoolcache/Python/3.11.15/x64/lib/python3.11/lib-dynload
2026-07-10 04:33:31.614538   /opt/hostedtoolcache/Python/3.11.15/x64/lib/python3.11/site-packages
2026-07-10 04:33:31.664738 [ ERROR ] Error in file '/home/runner/work/engg-robot-testing-framework/engg-robot-testing-framework/resources/auth_keywords.resource' on line 2: Importing library 'playwright_keyword_library.PlaywrightKeywordLibrary' failed: ModuleNotFoundError: No module named 'playwright_keyword_library'
2026-07-10 04:33:31.715067 Traceback (most recent call last):
2026-07-10 04:33:31.765301   None
2026-07-10 04:33:31.815648 PYTHONPATH:
2026-07-10 04:33:31.865875   /opt/hostedtoolcache/Python/3.11.15/x64/bin
2026-07-10 04:33:31.916138   /opt/hostedtoolcache/Python/3.11.15/x64/lib/python311.zip
2026-07-10 04:33:31.966308   /opt/hostedtoolcache/Python/3.11.15/x64/lib/python3.11
2026-07-10 04:33:32.016666   /opt/hostedtoolcache/Python/3.11.15/x64/lib/python3.11/lib-dynload
2026-07-10 04:33:32.066907   /opt/hostedtoolcache/Python/3.11.15/x64/lib/python3.11/site-packages
2026-07-10 04:33:32.117220 [ ERROR ] Error in file '/home/runner/work/engg-robot-testing-framework/engg-robot-testing-framework/resources/common.resource' on line 4: Importing library 'playwright_keyword_library.PlaywrightKeywordLibrary' failed: ModuleNotFoundError: No module named 'playwright_keyword_library'
2026-07-10 04:33:32.167484 Traceback (most recent call last):
2026-07-10 04:33:32.217831   None
2026-07-10 04:33:32.268081 PYTHONPATH:
2026-07-10 04:33:32.318409   /opt/hostedtoolcache/Python/3.11.15/x64/bin
2026-07-10 04:33:32.368698   /opt/hostedtoolcache/Python/3.11.15/x64/lib/python311.zip
2026-07-10 04:33:32.419082   /opt/hostedtoolcache/Python/3.11.15/x64/lib/python3.11
2026-07-10 04:33:32.469329   /opt/hostedtoolcache/Python/3.11.15/x64/lib/python3.11/lib-dynload
2026-07-10 04:33:32.519519   /opt/hostedtoolcache/Python/3.11.15/x64/lib/python3.11/site-packages
2026-07-10 04:33:41.297231 TC01 Register User                                                    | FAIL |
2026-07-10 04:33:41.323838 Setup failed:
2026-07-10 04:33:41.323872 No keyword with name 'Open Browser' found.
2026-07-10 04:33:41.323895 
2026-07-10 04:33:41.323912 Also teardown failed:
2026-07-10 04:33:41.323930 Several failures occurred:
2026-07-10 04:33:41.323952 
2026-07-10 04:33:41.323968 1) No keyword with name 'Register Keyword To Run On Failure' found.
2026-07-10 04:33:41.323992 
2026-07-10 04:33:41.324072 2) No keyword with name 'Close Browser' found. Did you mean:
2026-07-10 04:33:41.324097     common.Close Test Browser
2026-07-10 04:33:41.324168 ------------------------------------------------------------------------------
2026-07-10 04:33:41.324187 Suites.Auth.TC01 register user                                        | FAIL |
2026-07-10 04:33:41.324666 1 test, 0 passed, 1 failed
2026-07-10 04:33:41.324685 ==============================================================================
2026-07-10 04:33:41.324700 Suites.Auth                                                           | FAIL |
2026-07-10 04:33:41.325124 1 test, 0 passed, 1 failed
2026-07-10 04:33:41.325407 ==============================================================================
2026-07-10 04:33:41.325429 Suites                                                                | FAIL |
2026-07-10 04:33:41.325657 1 test, 0 passed, 1 failed
2026-07-10 04:33:41.325674 ==============================================================================
2026-07-10 04:33:41.325688 Output:  /home/runner/work/engg-robot-testing-framework/engg-robot-testing-framework/reports/pabot_results/0/output.xml
