2026-07-21 03:56:22.410091 ==============================================================================
2026-07-21 03:56:22.429984 Suites
2026-07-21 03:56:22.430007 ==============================================================================
2026-07-21 03:56:22.430022 Suites.Cart
2026-07-21 03:56:22.430871 ==============================================================================
2026-07-21 03:56:22.431554 Suites.Cart.TC17 remove products from cart :: TC17 - Remove Products From Cart
2026-07-21 03:56:22.431554 [ ERROR ] Error in file '/home/runner/work/engg-robot-testing-framework/engg-robot-testing-framework/resources/common.resource' on line 4: Importing library 'playwright_keyword_library.PlaywrightKeywordLibrary' failed: ModuleNotFoundError: No module named 'playwright_keyword_library'
2026-07-21 03:56:22.462973 ==============================================================================
2026-07-21 03:56:22.462973 Traceback (most recent call last):
2026-07-21 03:56:22.463000   None
2026-07-21 03:56:22.513193 PYTHONPATH:
2026-07-21 03:56:22.563341   /opt/hostedtoolcache/Python/3.11.15/x64/bin
2026-07-21 03:56:22.613507   /opt/hostedtoolcache/Python/3.11.15/x64/lib/python311.zip
2026-07-21 03:56:22.663645   /opt/hostedtoolcache/Python/3.11.15/x64/lib/python3.11
2026-07-21 03:56:22.713803   /opt/hostedtoolcache/Python/3.11.15/x64/lib/python3.11/lib-dynload
2026-07-21 03:56:22.763942   /opt/hostedtoolcache/Python/3.11.15/x64/lib/python3.11/site-packages
2026-07-21 03:56:22.814166 [ ERROR ] Error in file '/home/runner/work/engg-robot-testing-framework/engg-robot-testing-framework/resources/product_keywords.resource' on line 2: Importing library 'playwright_keyword_library.PlaywrightKeywordLibrary' failed: ModuleNotFoundError: No module named 'playwright_keyword_library'
2026-07-21 03:56:22.864354 Traceback (most recent call last):
2026-07-21 03:56:22.914549   None
2026-07-21 03:56:22.964732 PYTHONPATH:
2026-07-21 03:56:23.014951   /opt/hostedtoolcache/Python/3.11.15/x64/bin
2026-07-21 03:56:23.065128   /opt/hostedtoolcache/Python/3.11.15/x64/lib/python311.zip
2026-07-21 03:56:23.115329   /opt/hostedtoolcache/Python/3.11.15/x64/lib/python3.11
2026-07-21 03:56:23.165499   /opt/hostedtoolcache/Python/3.11.15/x64/lib/python3.11/lib-dynload
2026-07-21 03:56:23.215716   /opt/hostedtoolcache/Python/3.11.15/x64/lib/python3.11/site-packages
2026-07-21 03:56:23.265890 [ ERROR ] Error in file '/home/runner/work/engg-robot-testing-framework/engg-robot-testing-framework/resources/cart_keywords.resource' on line 2: Importing library 'playwright_keyword_library.PlaywrightKeywordLibrary' failed: ModuleNotFoundError: No module named 'playwright_keyword_library'
2026-07-21 03:56:23.316099 Traceback (most recent call last):
2026-07-21 03:56:23.366293   None
2026-07-21 03:56:23.416492 PYTHONPATH:
2026-07-21 03:56:23.466682   /opt/hostedtoolcache/Python/3.11.15/x64/bin
2026-07-21 03:56:23.516882   /opt/hostedtoolcache/Python/3.11.15/x64/lib/python311.zip
2026-07-21 03:56:23.567047   /opt/hostedtoolcache/Python/3.11.15/x64/lib/python3.11
2026-07-21 03:56:23.617274   /opt/hostedtoolcache/Python/3.11.15/x64/lib/python3.11/lib-dynload
2026-07-21 03:56:23.667451   /opt/hostedtoolcache/Python/3.11.15/x64/lib/python3.11/site-packages
2026-07-21 03:56:32.443597 TC17 Remove Products From Cart                                        | FAIL |
2026-07-21 03:56:32.474853 Setup failed:
2026-07-21 03:56:32.474866 No keyword with name 'Open Browser' found.
2026-07-21 03:56:32.474873 
2026-07-21 03:56:32.474880 Also teardown failed:
2026-07-21 03:56:32.474887 Several failures occurred:
2026-07-21 03:56:32.474894 
2026-07-21 03:56:32.474900 1) No keyword with name 'Register Keyword To Run On Failure' found.
2026-07-21 03:56:32.474908 
2026-07-21 03:56:32.474914 2) No keyword with name 'Close Browser' found. Did you mean:
2026-07-21 03:56:32.474920     common.Close Test Browser
2026-07-21 03:56:32.474927 ------------------------------------------------------------------------------
2026-07-21 03:56:32.474933 Suites.Cart.TC17 remove products from cart :: TC17 - Remove Produc... | FAIL |
2026-07-21 03:56:32.475771 1 test, 0 passed, 1 failed
2026-07-21 03:56:32.475832 ==============================================================================
2026-07-21 03:56:32.475842 Suites.Cart                                                           | FAIL |
2026-07-21 03:56:32.476324 1 test, 0 passed, 1 failed
2026-07-21 03:56:32.476374 ==============================================================================
2026-07-21 03:56:32.476382 Suites                                                                | FAIL |
2026-07-21 03:56:32.476880 1 test, 0 passed, 1 failed
2026-07-21 03:56:32.476953 ==============================================================================
2026-07-21 03:56:32.476962 Output:  /home/runner/work/engg-robot-testing-framework/engg-robot-testing-framework/reports/pabot_results/7/output.xml
