2026-10-08 06:28:50.093479 ==============================================================================
2026-10-08 06:28:50.119078 Suites
2026-10-08 06:28:50.119091 ==============================================================================
2026-10-08 06:28:50.119102 Suites.Auth
2026-10-08 06:28:50.119690 ==============================================================================
2026-10-08 06:28:50.119702 Suites.Auth.TC04 logout user
2026-10-08 06:28:50.119702 [ ERROR ] Error in file '/home/runner/work/engg-robot-testing-framework/engg-robot-testing-framework/tests/auth/TC04_logout_user.robot' on line 2: Importing library 'playwright_keyword_library.PlaywrightKeywordLibrary' failed: ModuleNotFoundError: No module named 'playwright_keyword_library'
2026-10-08 06:28:50.135480 ==============================================================================
2026-10-08 06:28:50.135480 Traceback (most recent call last):
2026-10-08 06:28:50.135501   None
2026-10-08 06:28:50.185601 PYTHONPATH:
2026-10-08 06:28:50.235725   /opt/hostedtoolcache/Python/3.11.16/x64/bin
2026-10-08 06:28:50.285827   /opt/hostedtoolcache/Python/3.11.16/x64/lib/python311.zip
2026-10-08 06:28:50.335950   /opt/hostedtoolcache/Python/3.11.16/x64/lib/python3.11
2026-10-08 06:28:50.386052   /opt/hostedtoolcache/Python/3.11.16/x64/lib/python3.11/lib-dynload
2026-10-08 06:28:50.436156   /opt/hostedtoolcache/Python/3.11.16/x64/lib/python3.11/site-packages
2026-10-08 06:28:50.486263 [ ERROR ] Error in file '/home/runner/work/engg-robot-testing-framework/engg-robot-testing-framework/resources/auth_keywords.resource' on line 2: Importing library 'playwright_keyword_library.PlaywrightKeywordLibrary' failed: ModuleNotFoundError: No module named 'playwright_keyword_library'
2026-10-08 06:28:50.536388 Traceback (most recent call last):
2026-10-08 06:28:50.586512   None
2026-10-08 06:28:50.636636 PYTHONPATH:
2026-10-08 06:28:50.686738   /opt/hostedtoolcache/Python/3.11.16/x64/bin
2026-10-08 06:28:50.736864   /opt/hostedtoolcache/Python/3.11.16/x64/lib/python311.zip
2026-10-08 06:28:50.786967   /opt/hostedtoolcache/Python/3.11.16/x64/lib/python3.11
2026-10-08 06:28:50.837088   /opt/hostedtoolcache/Python/3.11.16/x64/lib/python3.11/lib-dynload
2026-10-08 06:28:50.887186   /opt/hostedtoolcache/Python/3.11.16/x64/lib/python3.11/site-packages
2026-10-08 06:28:50.937309 [ ERROR ] Error in file '/home/runner/work/engg-robot-testing-framework/engg-robot-testing-framework/resources/common.resource' on line 4: Importing library 'playwright_keyword_library.PlaywrightKeywordLibrary' failed: ModuleNotFoundError: No module named 'playwright_keyword_library'
2026-10-08 06:28:50.987422 Traceback (most recent call last):
2026-10-08 06:28:51.037545   None
2026-10-08 06:28:51.087641 PYTHONPATH:
2026-10-08 06:28:51.137762   /opt/hostedtoolcache/Python/3.11.16/x64/bin
2026-10-08 06:28:51.187862   /opt/hostedtoolcache/Python/3.11.16/x64/lib/python311.zip
2026-10-08 06:28:51.237987   /opt/hostedtoolcache/Python/3.11.16/x64/lib/python3.11
2026-10-08 06:28:51.288087   /opt/hostedtoolcache/Python/3.11.16/x64/lib/python3.11/lib-dynload
2026-10-08 06:28:51.338208   /opt/hostedtoolcache/Python/3.11.16/x64/lib/python3.11/site-packages
2026-10-08 06:29:00.105833 TC04 Logout User                                                      | FAIL |
2026-10-08 06:29:00.140121 Setup failed:
2026-10-08 06:29:00.140138 No keyword with name 'Open Browser' found.
2026-10-08 06:29:00.140149 
2026-10-08 06:29:00.140159 Also teardown failed:
2026-10-08 06:29:00.140191 Several failures occurred:
2026-10-08 06:29:00.140201 
2026-10-08 06:29:00.140209 1) No keyword with name 'Register Keyword To Run On Failure' found.
2026-10-08 06:29:00.140218 
2026-10-08 06:29:00.140225 2) No keyword with name 'Close Browser' found. Did you mean:
2026-10-08 06:29:00.140233     common.Close Test Browser
2026-10-08 06:29:00.140242 ------------------------------------------------------------------------------
2026-10-08 06:29:00.140250 Suites.Auth.TC04 logout user                                          | FAIL |
2026-10-08 06:29:00.140597 1 test, 0 passed, 1 failed
2026-10-08 06:29:00.140641 ==============================================================================
2026-10-08 06:29:00.140649 Suites.Auth                                                           | FAIL |
2026-10-08 06:29:00.140880 1 test, 0 passed, 1 failed
2026-10-08 06:29:00.140905 ==============================================================================
2026-10-08 06:29:00.140914 Suites                                                                | FAIL |
2026-10-08 06:29:00.141140 1 test, 0 passed, 1 failed
2026-10-08 06:29:00.141188 ==============================================================================
2026-10-08 06:29:00.141197 Output:  /home/runner/work/engg-robot-testing-framework/engg-robot-testing-framework/reports/pabot_results/3/output.xml
