2026-06-21 05:25:09.627526 ==============================================================================
2026-06-21 05:25:09.639438 Suites
2026-06-21 05:25:09.639453 ==============================================================================
2026-06-21 05:25:09.639465 Suites.Auth
2026-06-21 05:25:09.640230 ==============================================================================
2026-06-21 05:25:09.640245 Suites.Auth.TC01 register user
2026-06-21 05:25:09.640245 [ ERROR ] Error in file '/home/runner/work/engg-robot-testing-framework/engg-robot-testing-framework/tests/auth/TC01_register_user.robot' on line 2: Importing library 'playwright_keyword_library.PlaywrightKeywordLibrary' failed: ModuleNotFoundError: No module named 'playwright_keyword_library'
2026-06-21 05:25:09.657305 ==============================================================================
2026-06-21 05:25:09.657305 Traceback (most recent call last):
2026-06-21 05:25:09.657325   None
2026-06-21 05:25:09.707413 PYTHONPATH:
2026-06-21 05:25:09.757583   /opt/hostedtoolcache/Python/3.11.15/x64/bin
2026-06-21 05:25:09.807811   /opt/hostedtoolcache/Python/3.11.15/x64/lib/python311.zip
2026-06-21 05:25:09.858001   /opt/hostedtoolcache/Python/3.11.15/x64/lib/python3.11
2026-06-21 05:25:09.908223   /opt/hostedtoolcache/Python/3.11.15/x64/lib/python3.11/lib-dynload
2026-06-21 05:25:09.958417   /opt/hostedtoolcache/Python/3.11.15/x64/lib/python3.11/site-packages
2026-06-21 05:25:10.008631 [ ERROR ] Error in file '/home/runner/work/engg-robot-testing-framework/engg-robot-testing-framework/resources/auth_keywords.resource' on line 2: Importing library 'playwright_keyword_library.PlaywrightKeywordLibrary' failed: ModuleNotFoundError: No module named 'playwright_keyword_library'
2026-06-21 05:25:10.058854 Traceback (most recent call last):
2026-06-21 05:25:10.109064   None
2026-06-21 05:25:10.159314 PYTHONPATH:
2026-06-21 05:25:10.209482   /opt/hostedtoolcache/Python/3.11.15/x64/bin
2026-06-21 05:25:10.259711   /opt/hostedtoolcache/Python/3.11.15/x64/lib/python311.zip
2026-06-21 05:25:10.309960   /opt/hostedtoolcache/Python/3.11.15/x64/lib/python3.11
2026-06-21 05:25:10.360191   /opt/hostedtoolcache/Python/3.11.15/x64/lib/python3.11/lib-dynload
2026-06-21 05:25:10.410382   /opt/hostedtoolcache/Python/3.11.15/x64/lib/python3.11/site-packages
2026-06-21 05:25:10.460640 [ ERROR ] Error in file '/home/runner/work/engg-robot-testing-framework/engg-robot-testing-framework/resources/common.resource' on line 4: Importing library 'playwright_keyword_library.PlaywrightKeywordLibrary' failed: ModuleNotFoundError: No module named 'playwright_keyword_library'
2026-06-21 05:25:10.510855 Traceback (most recent call last):
2026-06-21 05:25:10.561079   None
2026-06-21 05:25:10.611265 PYTHONPATH:
2026-06-21 05:25:10.661513   /opt/hostedtoolcache/Python/3.11.15/x64/bin
2026-06-21 05:25:10.711761   /opt/hostedtoolcache/Python/3.11.15/x64/lib/python311.zip
2026-06-21 05:25:10.761992   /opt/hostedtoolcache/Python/3.11.15/x64/lib/python3.11
2026-06-21 05:25:10.812151   /opt/hostedtoolcache/Python/3.11.15/x64/lib/python3.11/lib-dynload
2026-06-21 05:25:10.862394   /opt/hostedtoolcache/Python/3.11.15/x64/lib/python3.11/site-packages
2026-06-21 05:25:19.637187 TC01 Register User                                                    | FAIL |
2026-06-21 05:25:19.666512 Setup failed:
2026-06-21 05:25:19.666534 No keyword with name 'Open Browser' found.
2026-06-21 05:25:19.666547 
2026-06-21 05:25:19.666562 Also teardown failed:
2026-06-21 05:25:19.666574 Several failures occurred:
2026-06-21 05:25:19.666585 
2026-06-21 05:25:19.666601 1) No keyword with name 'Register Keyword To Run On Failure' found.
2026-06-21 05:25:19.666614 
2026-06-21 05:25:19.666626 2) No keyword with name 'Close Browser' found. Did you mean:
2026-06-21 05:25:19.666637     common.Close Test Browser
2026-06-21 05:25:19.666652 ------------------------------------------------------------------------------
2026-06-21 05:25:19.666709 Suites.Auth.TC01 register user                                        | FAIL |
2026-06-21 05:25:19.667195 1 test, 0 passed, 1 failed
2026-06-21 05:25:19.667252 ==============================================================================
2026-06-21 05:25:19.667263 Suites.Auth                                                           | FAIL |
2026-06-21 05:25:19.667651 1 test, 0 passed, 1 failed
2026-06-21 05:25:19.667665 ==============================================================================
2026-06-21 05:25:19.667676 Suites                                                                | FAIL |
2026-06-21 05:25:19.668013 1 test, 0 passed, 1 failed
2026-06-21 05:25:19.668026 ==============================================================================
2026-06-21 05:25:19.668037 Output:  /home/runner/work/engg-robot-testing-framework/engg-robot-testing-framework/reports/pabot_results/0/output.xml
