2026-08-31 05:55:48.717819 ==============================================================================
2026-08-31 05:55:48.733597 Suites
2026-08-31 05:55:48.733615 ==============================================================================
2026-08-31 05:55:48.733627 Suites.Cart
2026-08-31 05:55:48.734499 ==============================================================================
2026-08-31 05:55:48.734515 Suites.Cart.TC13 verify product quantity :: TC13 - Verify Product Quantity ...
2026-08-31 05:55:48.734515 [ ERROR ] Error in file '/home/runner/work/engg-robot-testing-framework/engg-robot-testing-framework/resources/common.resource' on line 4: Importing library 'playwright_keyword_library.PlaywrightKeywordLibrary' failed: ModuleNotFoundError: No module named 'playwright_keyword_library'
2026-08-31 05:55:48.768939 ==============================================================================
2026-08-31 05:55:48.768939 Traceback (most recent call last):
2026-08-31 05:55:48.768959   None
2026-08-31 05:55:48.819050 PYTHONPATH:
2026-08-31 05:55:48.869136   /opt/hostedtoolcache/Python/3.11.16/x64/bin
2026-08-31 05:55:48.919222   /opt/hostedtoolcache/Python/3.11.16/x64/lib/python311.zip
2026-08-31 05:55:48.969303   /opt/hostedtoolcache/Python/3.11.16/x64/lib/python3.11
2026-08-31 05:55:49.019389   /opt/hostedtoolcache/Python/3.11.16/x64/lib/python3.11/lib-dynload
2026-08-31 05:55:49.069519   /opt/hostedtoolcache/Python/3.11.16/x64/lib/python3.11/site-packages
2026-08-31 05:55:49.119626 [ ERROR ] Error in file '/home/runner/work/engg-robot-testing-framework/engg-robot-testing-framework/resources/product_keywords.resource' on line 2: Importing library 'playwright_keyword_library.PlaywrightKeywordLibrary' failed: ModuleNotFoundError: No module named 'playwright_keyword_library'
2026-08-31 05:55:49.169779 Traceback (most recent call last):
2026-08-31 05:55:49.219935   None
2026-08-31 05:55:49.270076 PYTHONPATH:
2026-08-31 05:55:49.320216   /opt/hostedtoolcache/Python/3.11.16/x64/bin
2026-08-31 05:55:49.370352   /opt/hostedtoolcache/Python/3.11.16/x64/lib/python311.zip
2026-08-31 05:55:49.420487   /opt/hostedtoolcache/Python/3.11.16/x64/lib/python3.11
2026-08-31 05:55:49.470623   /opt/hostedtoolcache/Python/3.11.16/x64/lib/python3.11/lib-dynload
2026-08-31 05:55:49.520787   /opt/hostedtoolcache/Python/3.11.16/x64/lib/python3.11/site-packages
2026-08-31 05:55:49.570926 [ ERROR ] Error in file '/home/runner/work/engg-robot-testing-framework/engg-robot-testing-framework/resources/cart_keywords.resource' on line 2: Importing library 'playwright_keyword_library.PlaywrightKeywordLibrary' failed: ModuleNotFoundError: No module named 'playwright_keyword_library'
2026-08-31 05:55:49.621066 Traceback (most recent call last):
2026-08-31 05:55:49.671200   None
2026-08-31 05:55:49.721349 PYTHONPATH:
2026-08-31 05:55:49.771493   /opt/hostedtoolcache/Python/3.11.16/x64/bin
2026-08-31 05:55:49.821652   /opt/hostedtoolcache/Python/3.11.16/x64/lib/python311.zip
2026-08-31 05:55:49.871805   /opt/hostedtoolcache/Python/3.11.16/x64/lib/python3.11
2026-08-31 05:55:49.922036   /opt/hostedtoolcache/Python/3.11.16/x64/lib/python3.11/lib-dynload
2026-08-31 05:55:49.972196   /opt/hostedtoolcache/Python/3.11.16/x64/lib/python3.11/site-packages
2026-08-31 05:55:58.742486 TC13 Verify Product Quantity In Cart                                  | FAIL |
2026-08-31 05:55:58.782690 Setup failed:
2026-08-31 05:55:58.782706 No keyword with name 'Open Browser' found.
2026-08-31 05:55:58.782718 
2026-08-31 05:55:58.782730 Also teardown failed:
2026-08-31 05:55:58.782802 Several failures occurred:
2026-08-31 05:55:58.782814 
2026-08-31 05:55:58.782826 1) No keyword with name 'Register Keyword To Run On Failure' found.
2026-08-31 05:55:58.782836 
2026-08-31 05:55:58.782846 2) No keyword with name 'Close Browser' found. Did you mean:
2026-08-31 05:55:58.782856     common.Close Test Browser
2026-08-31 05:55:58.782865 ------------------------------------------------------------------------------
2026-08-31 05:55:58.782875 Suites.Cart.TC13 verify product quantity :: TC13 - Verify Product ... | FAIL |
2026-08-31 05:55:58.783439 1 test, 0 passed, 1 failed
2026-08-31 05:55:58.783460 ==============================================================================
2026-08-31 05:55:58.783503 Suites.Cart                                                           | FAIL |
2026-08-31 05:55:58.783829 1 test, 0 passed, 1 failed
2026-08-31 05:55:58.783849 ==============================================================================
2026-08-31 05:55:58.783899 Suites                                                                | FAIL |
2026-08-31 05:55:58.784195 1 test, 0 passed, 1 failed
2026-08-31 05:55:58.784251 ==============================================================================
2026-08-31 05:55:58.784263 Output:  /home/runner/work/engg-robot-testing-framework/engg-robot-testing-framework/reports/pabot_results/6/output.xml
