2026-07-16 03:47:48.333462 ==============================================================================
2026-07-16 03:47:48.349075 Suites
2026-07-16 03:47:48.349096 ==============================================================================
2026-07-16 03:47:48.349112 Suites.Cart
2026-07-16 03:47:48.349896 ==============================================================================
2026-07-16 03:47:48.349915 Suites.Cart.TC20 search and verify cart after login :: TC20 - Search Produc...
2026-07-16 03:47:48.349915 [ ERROR ] Error in file '/home/runner/work/engg-robot-testing-framework/engg-robot-testing-framework/tests/cart/TC20_search_and_verify_cart_after_login.robot' on line 3: Importing library 'playwright_keyword_library.PlaywrightKeywordLibrary' failed: ModuleNotFoundError: No module named 'playwright_keyword_library'
2026-07-16 03:47:48.385679 ==============================================================================
2026-07-16 03:47:48.385679 Traceback (most recent call last):
2026-07-16 03:47:48.385712   None
2026-07-16 03:47:48.435823 PYTHONPATH:
2026-07-16 03:47:48.485920   /opt/hostedtoolcache/Python/3.11.15/x64/bin
2026-07-16 03:47:48.536029   /opt/hostedtoolcache/Python/3.11.15/x64/lib/python311.zip
2026-07-16 03:47:48.586124   /opt/hostedtoolcache/Python/3.11.15/x64/lib/python3.11
2026-07-16 03:47:48.636231   /opt/hostedtoolcache/Python/3.11.15/x64/lib/python3.11/lib-dynload
2026-07-16 03:47:48.686360   /opt/hostedtoolcache/Python/3.11.15/x64/lib/python3.11/site-packages
2026-07-16 03:47:48.736524 [ ERROR ] Error in file '/home/runner/work/engg-robot-testing-framework/engg-robot-testing-framework/resources/common.resource' on line 4: Importing library 'playwright_keyword_library.PlaywrightKeywordLibrary' failed: ModuleNotFoundError: No module named 'playwright_keyword_library'
2026-07-16 03:47:48.786656 Traceback (most recent call last):
2026-07-16 03:47:48.836814   None
2026-07-16 03:47:48.886952 PYTHONPATH:
2026-07-16 03:47:48.937119   /opt/hostedtoolcache/Python/3.11.15/x64/bin
2026-07-16 03:47:48.987250   /opt/hostedtoolcache/Python/3.11.15/x64/lib/python311.zip
2026-07-16 03:47:49.037407   /opt/hostedtoolcache/Python/3.11.15/x64/lib/python3.11
2026-07-16 03:47:49.087537   /opt/hostedtoolcache/Python/3.11.15/x64/lib/python3.11/lib-dynload
2026-07-16 03:47:49.137688   /opt/hostedtoolcache/Python/3.11.15/x64/lib/python3.11/site-packages
2026-07-16 03:47:49.187817 [ ERROR ] Error in file '/home/runner/work/engg-robot-testing-framework/engg-robot-testing-framework/resources/product_keywords.resource' on line 2: Importing library 'playwright_keyword_library.PlaywrightKeywordLibrary' failed: ModuleNotFoundError: No module named 'playwright_keyword_library'
2026-07-16 03:47:49.237943 Traceback (most recent call last):
2026-07-16 03:47:49.288264   None
2026-07-16 03:47:49.338430 PYTHONPATH:
2026-07-16 03:47:49.388580   /opt/hostedtoolcache/Python/3.11.15/x64/bin
2026-07-16 03:47:49.438733   /opt/hostedtoolcache/Python/3.11.15/x64/lib/python311.zip
2026-07-16 03:47:49.488898   /opt/hostedtoolcache/Python/3.11.15/x64/lib/python3.11
2026-07-16 03:47:49.539035   /opt/hostedtoolcache/Python/3.11.15/x64/lib/python3.11/lib-dynload
2026-07-16 03:47:49.589169   /opt/hostedtoolcache/Python/3.11.15/x64/lib/python3.11/site-packages
2026-07-16 03:47:49.639301 [ ERROR ] Error in file '/home/runner/work/engg-robot-testing-framework/engg-robot-testing-framework/resources/cart_keywords.resource' on line 2: Importing library 'playwright_keyword_library.PlaywrightKeywordLibrary' failed: ModuleNotFoundError: No module named 'playwright_keyword_library'
2026-07-16 03:47:49.689448 Traceback (most recent call last):
2026-07-16 03:47:49.739571   None
2026-07-16 03:47:49.789723 PYTHONPATH:
2026-07-16 03:47:49.839879   /opt/hostedtoolcache/Python/3.11.15/x64/bin
2026-07-16 03:47:49.890037   /opt/hostedtoolcache/Python/3.11.15/x64/lib/python311.zip
2026-07-16 03:47:49.940196   /opt/hostedtoolcache/Python/3.11.15/x64/lib/python3.11
2026-07-16 03:47:49.990344   /opt/hostedtoolcache/Python/3.11.15/x64/lib/python3.11/lib-dynload
2026-07-16 03:47:50.040481   /opt/hostedtoolcache/Python/3.11.15/x64/lib/python3.11/site-packages
2026-07-16 03:47:50.090618 [ ERROR ] Error in file '/home/runner/work/engg-robot-testing-framework/engg-robot-testing-framework/resources/auth_keywords.resource' on line 2: Importing library 'playwright_keyword_library.PlaywrightKeywordLibrary' failed: ModuleNotFoundError: No module named 'playwright_keyword_library'
2026-07-16 03:47:50.140776 Traceback (most recent call last):
2026-07-16 03:47:50.190928   None
2026-07-16 03:47:50.241086 PYTHONPATH:
2026-07-16 03:47:50.291239   /opt/hostedtoolcache/Python/3.11.15/x64/bin
2026-07-16 03:47:50.341397   /opt/hostedtoolcache/Python/3.11.15/x64/lib/python311.zip
2026-07-16 03:47:50.391549   /opt/hostedtoolcache/Python/3.11.15/x64/lib/python3.11
2026-07-16 03:47:50.441706   /opt/hostedtoolcache/Python/3.11.15/x64/lib/python3.11/lib-dynload
2026-07-16 03:47:50.491854   /opt/hostedtoolcache/Python/3.11.15/x64/lib/python3.11/site-packages
2026-07-16 03:47:58.361599 TC20 Search Products And Verify Cart After Login                      | FAIL |
2026-07-16 03:47:58.397666 Setup failed:
2026-07-16 03:47:58.397683 No keyword with name 'Open Browser' found.
2026-07-16 03:47:58.397693 
2026-07-16 03:47:58.397701 Also teardown failed:
2026-07-16 03:47:58.397710 Several failures occurred:
2026-07-16 03:47:58.397718 
2026-07-16 03:47:58.397747 1) No keyword with name 'Register Keyword To Run On Failure' found.
2026-07-16 03:47:58.397755 
2026-07-16 03:47:58.397762 2) No keyword with name 'Close Browser' found. Did you mean:
2026-07-16 03:47:58.397770     common.Close Test Browser
2026-07-16 03:47:58.397778 ------------------------------------------------------------------------------
2026-07-16 03:47:58.397786 Suites.Cart.TC20 search and verify cart after login :: TC20 - Sear... | FAIL |
2026-07-16 03:47:58.398568 1 test, 0 passed, 1 failed
2026-07-16 03:47:58.398636 ==============================================================================
2026-07-16 03:47:58.398645 Suites.Cart                                                           | FAIL |
2026-07-16 03:47:58.399129 1 test, 0 passed, 1 failed
2026-07-16 03:47:58.399188 ==============================================================================
2026-07-16 03:47:58.399196 Suites                                                                | FAIL |
2026-07-16 03:47:58.399580 1 test, 0 passed, 1 failed
2026-07-16 03:47:58.399621 ==============================================================================
2026-07-16 03:47:58.399629 Output:  /home/runner/work/engg-robot-testing-framework/engg-robot-testing-framework/reports/pabot_results/8/output.xml
