2026-06-21 05:25:20.053338 ==============================================================================
2026-06-21 05:25:20.065858 Suites
2026-06-21 05:25:20.065881 ==============================================================================
2026-06-21 05:25:20.065929 Suites.Auth
2026-06-21 05:25:20.066737 ==============================================================================
2026-06-21 05:25:20.066754 Suites.Auth.TC03 login invalid
2026-06-21 05:25:20.066754 [ ERROR ] Error in file '/home/runner/work/engg-robot-testing-framework/engg-robot-testing-framework/tests/auth/TC03_login_invalid.robot' on line 2: Importing library 'playwright_keyword_library.PlaywrightKeywordLibrary' failed: ModuleNotFoundError: No module named 'playwright_keyword_library'
2026-06-21 05:25:20.083140 ==============================================================================
2026-06-21 05:25:20.083140 Traceback (most recent call last):
2026-06-21 05:25:20.083161   None
2026-06-21 05:25:20.133266 PYTHONPATH:
2026-06-21 05:25:20.183395   /opt/hostedtoolcache/Python/3.11.15/x64/bin
2026-06-21 05:25:20.233535   /opt/hostedtoolcache/Python/3.11.15/x64/lib/python311.zip
2026-06-21 05:25:20.283681   /opt/hostedtoolcache/Python/3.11.15/x64/lib/python3.11
2026-06-21 05:25:20.333820   /opt/hostedtoolcache/Python/3.11.15/x64/lib/python3.11/lib-dynload
2026-06-21 05:25:20.383981   /opt/hostedtoolcache/Python/3.11.15/x64/lib/python3.11/site-packages
2026-06-21 05:25:20.434228 [ ERROR ] Error in file '/home/runner/work/engg-robot-testing-framework/engg-robot-testing-framework/resources/auth_keywords.resource' on line 2: Importing library 'playwright_keyword_library.PlaywrightKeywordLibrary' failed: ModuleNotFoundError: No module named 'playwright_keyword_library'
2026-06-21 05:25:20.484441 Traceback (most recent call last):
2026-06-21 05:25:20.534643   None
2026-06-21 05:25:20.585019 PYTHONPATH:
2026-06-21 05:25:20.635160   /opt/hostedtoolcache/Python/3.11.15/x64/bin
2026-06-21 05:25:20.685661   /opt/hostedtoolcache/Python/3.11.15/x64/lib/python311.zip
2026-06-21 05:25:20.735774   /opt/hostedtoolcache/Python/3.11.15/x64/lib/python3.11
2026-06-21 05:25:20.785959   /opt/hostedtoolcache/Python/3.11.15/x64/lib/python3.11/lib-dynload
2026-06-21 05:25:20.836150   /opt/hostedtoolcache/Python/3.11.15/x64/lib/python3.11/site-packages
2026-06-21 05:25:20.886377 [ ERROR ] Error in file '/home/runner/work/engg-robot-testing-framework/engg-robot-testing-framework/resources/common.resource' on line 4: Importing library 'playwright_keyword_library.PlaywrightKeywordLibrary' failed: ModuleNotFoundError: No module named 'playwright_keyword_library'
2026-06-21 05:25:20.936540 Traceback (most recent call last):
2026-06-21 05:25:20.986734   None
2026-06-21 05:25:21.036917 PYTHONPATH:
2026-06-21 05:25:21.087104   /opt/hostedtoolcache/Python/3.11.15/x64/bin
2026-06-21 05:25:21.137303   /opt/hostedtoolcache/Python/3.11.15/x64/lib/python311.zip
2026-06-21 05:25:21.187470   /opt/hostedtoolcache/Python/3.11.15/x64/lib/python3.11
2026-06-21 05:25:21.237649   /opt/hostedtoolcache/Python/3.11.15/x64/lib/python3.11/lib-dynload
2026-06-21 05:25:21.287840   /opt/hostedtoolcache/Python/3.11.15/x64/lib/python3.11/site-packages
2026-06-21 05:25:30.063015 TC03 Login User With Incorrect Email And Password                     | FAIL |
2026-06-21 05:25:30.092792 Setup failed:
2026-06-21 05:25:30.092800 No keyword with name 'Open Browser' found.
2026-06-21 05:25:30.092807 
2026-06-21 05:25:30.092814 Also teardown failed:
2026-06-21 05:25:30.092820 Several failures occurred:
2026-06-21 05:25:30.092826 
2026-06-21 05:25:30.092833 1) No keyword with name 'Register Keyword To Run On Failure' found.
2026-06-21 05:25:30.092839 
2026-06-21 05:25:30.092845 2) No keyword with name 'Close Browser' found. Did you mean:
2026-06-21 05:25:30.092851     common.Close Test Browser
2026-06-21 05:25:30.092857 ------------------------------------------------------------------------------
2026-06-21 05:25:30.092863 Suites.Auth.TC03 login invalid                                        | FAIL |
2026-06-21 05:25:30.093604 1 test, 0 passed, 1 failed
2026-06-21 05:25:30.093645 ==============================================================================
2026-06-21 05:25:30.093652 Suites.Auth                                                           | FAIL |
2026-06-21 05:25:30.094096 1 test, 0 passed, 1 failed
2026-06-21 05:25:30.094217 ==============================================================================
2026-06-21 05:25:30.094235 Suites                                                                | FAIL |
2026-06-21 05:25:30.094562 1 test, 0 passed, 1 failed
2026-06-21 05:25:30.094591 ==============================================================================
2026-06-21 05:25:30.094599 Output:  /home/runner/work/engg-robot-testing-framework/engg-robot-testing-framework/reports/pabot_results/2/output.xml
