2026-10-05 06:04:12.018666 ==============================================================================
2026-10-05 06:04:12.033911 Suites
2026-10-05 06:04:12.033933 ==============================================================================
2026-10-05 06:04:12.033947 Suites.Cart
2026-10-05 06:04:12.034740 ==============================================================================
2026-10-05 06:04:12.034759 Suites.Cart.TC22 add from recommended items :: TC22 - Add To Cart From Reco...
2026-10-05 06:04:12.034759 [ ERROR ] Error in file '/home/runner/work/engg-robot-testing-framework/engg-robot-testing-framework/resources/common.resource' on line 4: Importing library 'playwright_keyword_library.PlaywrightKeywordLibrary' failed: ModuleNotFoundError: No module named 'playwright_keyword_library'
2026-10-05 06:04:12.057745 ==============================================================================
2026-10-05 06:04:12.057745 Traceback (most recent call last):
2026-10-05 06:04:12.057769   None
2026-10-05 06:04:12.107896 PYTHONPATH:
2026-10-05 06:04:12.158000   /opt/hostedtoolcache/Python/3.11.16/x64/bin
2026-10-05 06:04:12.208116   /opt/hostedtoolcache/Python/3.11.16/x64/lib/python311.zip
2026-10-05 06:04:12.258250   /opt/hostedtoolcache/Python/3.11.16/x64/lib/python3.11
2026-10-05 06:04:12.308378   /opt/hostedtoolcache/Python/3.11.16/x64/lib/python3.11/lib-dynload
2026-10-05 06:04:12.358494   /opt/hostedtoolcache/Python/3.11.16/x64/lib/python3.11/site-packages
2026-10-05 06:04:12.408642 [ ERROR ] Error in file '/home/runner/work/engg-robot-testing-framework/engg-robot-testing-framework/resources/cart_keywords.resource' on line 2: Importing library 'playwright_keyword_library.PlaywrightKeywordLibrary' failed: ModuleNotFoundError: No module named 'playwright_keyword_library'
2026-10-05 06:04:12.458801 Traceback (most recent call last):
2026-10-05 06:04:12.508962   None
2026-10-05 06:04:12.559123 PYTHONPATH:
2026-10-05 06:04:12.609283   /opt/hostedtoolcache/Python/3.11.16/x64/bin
2026-10-05 06:04:12.659439   /opt/hostedtoolcache/Python/3.11.16/x64/lib/python311.zip
2026-10-05 06:04:12.709590   /opt/hostedtoolcache/Python/3.11.16/x64/lib/python3.11
2026-10-05 06:04:12.759742   /opt/hostedtoolcache/Python/3.11.16/x64/lib/python3.11/lib-dynload
2026-10-05 06:04:12.809906   /opt/hostedtoolcache/Python/3.11.16/x64/lib/python3.11/site-packages
2026-10-05 06:04:22.032618 TC22 Add To Cart From Recommended Items                               | FAIL |
2026-10-05 06:04:22.068995 Setup failed:
2026-10-05 06:04:22.069011 No keyword with name 'Open Browser' found.
2026-10-05 06:04:22.069021 
2026-10-05 06:04:22.069030 Also teardown failed:
2026-10-05 06:04:22.069039 Several failures occurred:
2026-10-05 06:04:22.069047 
2026-10-05 06:04:22.069055 1) No keyword with name 'Register Keyword To Run On Failure' found.
2026-10-05 06:04:22.069064 
2026-10-05 06:04:22.069072 2) No keyword with name 'Close Browser' found. Did you mean:
2026-10-05 06:04:22.069080     common.Close Test Browser
2026-10-05 06:04:22.069088 ------------------------------------------------------------------------------
2026-10-05 06:04:22.069096 Suites.Cart.TC22 add from recommended items :: TC22 - Add To Cart ... | FAIL |
2026-10-05 06:04:22.069688 1 test, 0 passed, 1 failed
2026-10-05 06:04:22.069747 ==============================================================================
2026-10-05 06:04:22.069757 Suites.Cart                                                           | FAIL |
2026-10-05 06:04:22.070157 1 test, 0 passed, 1 failed
2026-10-05 06:04:22.070217 ==============================================================================
2026-10-05 06:04:22.070226 Suites                                                                | FAIL |
2026-10-05 06:04:22.070520 1 test, 0 passed, 1 failed
2026-10-05 06:04:22.070576 ==============================================================================
2026-10-05 06:04:22.070584 Output:  /home/runner/work/engg-robot-testing-framework/engg-robot-testing-framework/reports/pabot_results/9/output.xml
