2026-10-10 06:13:35.504297 ==============================================================================
2026-10-10 06:13:35.523601 Suites
2026-10-10 06:13:35.523653 ==============================================================================
2026-10-10 06:13:35.523669 Suites.Cart
2026-10-10 06:13:35.524457 ==============================================================================
2026-10-10 06:13:35.524475 Suites.Cart.TC20 search and verify cart after login :: TC20 - Search Produc...
2026-10-10 06:13:35.524475 [ ERROR ] Error in file '/home/runner/work/engg-robot-testing-framework/engg-robot-testing-framework/tests/cart/TC20_search_and_verify_cart_after_login.robot' on line 3: Importing library 'playwright_keyword_library.PlaywrightKeywordLibrary' failed: ModuleNotFoundError: No module named 'playwright_keyword_library'
2026-10-10 06:13:35.560568 ==============================================================================
2026-10-10 06:13:35.560568 Traceback (most recent call last):
2026-10-10 06:13:35.560592   None
2026-10-10 06:13:35.610713 PYTHONPATH:
2026-10-10 06:13:35.660822   /opt/hostedtoolcache/Python/3.11.17/x64/bin
2026-10-10 06:13:35.710930   /opt/hostedtoolcache/Python/3.11.17/x64/lib/python311.zip
2026-10-10 06:13:35.761025   /opt/hostedtoolcache/Python/3.11.17/x64/lib/python3.11
2026-10-10 06:13:35.811147   /opt/hostedtoolcache/Python/3.11.17/x64/lib/python3.11/lib-dynload
2026-10-10 06:13:35.861282   /opt/hostedtoolcache/Python/3.11.17/x64/lib/python3.11/site-packages
2026-10-10 06:13:35.911437 [ ERROR ] Error in file '/home/runner/work/engg-robot-testing-framework/engg-robot-testing-framework/resources/common.resource' on line 4: Importing library 'playwright_keyword_library.PlaywrightKeywordLibrary' failed: ModuleNotFoundError: No module named 'playwright_keyword_library'
2026-10-10 06:13:35.961534 Traceback (most recent call last):
2026-10-10 06:13:36.011684   None
2026-10-10 06:13:36.061784 PYTHONPATH:
2026-10-10 06:13:36.111899   /opt/hostedtoolcache/Python/3.11.17/x64/bin
2026-10-10 06:13:36.162030   /opt/hostedtoolcache/Python/3.11.17/x64/lib/python311.zip
2026-10-10 06:13:36.212183   /opt/hostedtoolcache/Python/3.11.17/x64/lib/python3.11
2026-10-10 06:13:36.262309   /opt/hostedtoolcache/Python/3.11.17/x64/lib/python3.11/lib-dynload
2026-10-10 06:13:36.312436   /opt/hostedtoolcache/Python/3.11.17/x64/lib/python3.11/site-packages
2026-10-10 06:13:36.362530 [ ERROR ] Error in file '/home/runner/work/engg-robot-testing-framework/engg-robot-testing-framework/resources/product_keywords.resource' on line 2: Importing library 'playwright_keyword_library.PlaywrightKeywordLibrary' failed: ModuleNotFoundError: No module named 'playwright_keyword_library'
2026-10-10 06:13:36.412639 Traceback (most recent call last):
2026-10-10 06:13:36.462797   None
2026-10-10 06:13:36.512971 PYTHONPATH:
2026-10-10 06:13:36.563115   /opt/hostedtoolcache/Python/3.11.17/x64/bin
2026-10-10 06:13:36.613279   /opt/hostedtoolcache/Python/3.11.17/x64/lib/python311.zip
2026-10-10 06:13:36.663415   /opt/hostedtoolcache/Python/3.11.17/x64/lib/python3.11
2026-10-10 06:13:36.713568   /opt/hostedtoolcache/Python/3.11.17/x64/lib/python3.11/lib-dynload
2026-10-10 06:13:36.763684   /opt/hostedtoolcache/Python/3.11.17/x64/lib/python3.11/site-packages
2026-10-10 06:13:36.813837 [ ERROR ] Error in file '/home/runner/work/engg-robot-testing-framework/engg-robot-testing-framework/resources/cart_keywords.resource' on line 2: Importing library 'playwright_keyword_library.PlaywrightKeywordLibrary' failed: ModuleNotFoundError: No module named 'playwright_keyword_library'
2026-10-10 06:13:36.864019 Traceback (most recent call last):
2026-10-10 06:13:36.914172   None
2026-10-10 06:13:36.964327 PYTHONPATH:
2026-10-10 06:13:37.014478   /opt/hostedtoolcache/Python/3.11.17/x64/bin
2026-10-10 06:13:37.064649   /opt/hostedtoolcache/Python/3.11.17/x64/lib/python311.zip
2026-10-10 06:13:37.114805   /opt/hostedtoolcache/Python/3.11.17/x64/lib/python3.11
2026-10-10 06:13:37.164955   /opt/hostedtoolcache/Python/3.11.17/x64/lib/python3.11/lib-dynload
2026-10-10 06:13:37.215107   /opt/hostedtoolcache/Python/3.11.17/x64/lib/python3.11/site-packages
2026-10-10 06:13:37.265256 [ ERROR ] Error in file '/home/runner/work/engg-robot-testing-framework/engg-robot-testing-framework/resources/auth_keywords.resource' on line 2: Importing library 'playwright_keyword_library.PlaywrightKeywordLibrary' failed: ModuleNotFoundError: No module named 'playwright_keyword_library'
2026-10-10 06:13:37.315410 Traceback (most recent call last):
2026-10-10 06:13:37.365559   None
2026-10-10 06:13:37.415709 PYTHONPATH:
2026-10-10 06:13:37.465848   /opt/hostedtoolcache/Python/3.11.17/x64/bin
2026-10-10 06:13:37.515996   /opt/hostedtoolcache/Python/3.11.17/x64/lib/python311.zip
2026-10-10 06:13:37.566145   /opt/hostedtoolcache/Python/3.11.17/x64/lib/python3.11
2026-10-10 06:13:37.616294   /opt/hostedtoolcache/Python/3.11.17/x64/lib/python3.11/lib-dynload
2026-10-10 06:13:37.666443   /opt/hostedtoolcache/Python/3.11.17/x64/lib/python3.11/site-packages
2026-10-10 06:13:45.535710 TC20 Search Products And Verify Cart After Login                      | FAIL |
2026-10-10 06:13:45.572523 Setup failed:
2026-10-10 06:13:45.572533 No keyword with name 'Open Browser' found.
2026-10-10 06:13:45.572540 
2026-10-10 06:13:45.572547 Also teardown failed:
2026-10-10 06:13:45.572553 Several failures occurred:
2026-10-10 06:13:45.572559 
2026-10-10 06:13:45.572566 1) No keyword with name 'Register Keyword To Run On Failure' found.
2026-10-10 06:13:45.572572 
2026-10-10 06:13:45.572579 2) No keyword with name 'Close Browser' found. Did you mean:
2026-10-10 06:13:45.572585     common.Close Test Browser
2026-10-10 06:13:45.572608 ------------------------------------------------------------------------------
2026-10-10 06:13:45.572619 Suites.Cart.TC20 search and verify cart after login :: TC20 - Sear... | FAIL |
2026-10-10 06:13:45.573437 1 test, 0 passed, 1 failed
2026-10-10 06:13:45.573496 ==============================================================================
2026-10-10 06:13:45.573504 Suites.Cart                                                           | FAIL |
2026-10-10 06:13:45.574004 1 test, 0 passed, 1 failed
2026-10-10 06:13:45.574063 ==============================================================================
2026-10-10 06:13:45.574071 Suites                                                                | FAIL |
2026-10-10 06:13:45.574452 1 test, 0 passed, 1 failed
2026-10-10 06:13:45.574513 ==============================================================================
2026-10-10 06:13:45.574521 Output:  /home/runner/work/engg-robot-testing-framework/engg-robot-testing-framework/reports/pabot_results/8/output.xml
