2026-05-24 04:48:05.440793 ==============================================================================
2026-05-24 04:48:05.473503 Suites
2026-05-24 04:48:05.473523 ==============================================================================
2026-05-24 04:48:05.473538 Suites.Auth
2026-05-24 04:48:05.474333 ==============================================================================
2026-05-24 04:48:05.574620 Suites.Auth.TC04 logout user
2026-05-24 04:48:05.593486 ==============================================================================
2026-05-24 04:49:21.220168 TC04 Logout User                                                      | FAIL |
2026-05-24 04:49:21.261391 Element 'css=li a b' did not appear in 45 seconds.
2026-05-24 04:49:21.261407 ------------------------------------------------------------------------------
2026-05-24 04:49:21.261416 Suites.Auth.TC04 logout user                                          | FAIL |
2026-05-24 04:49:21.262294 1 test, 0 passed, 1 failed
2026-05-24 04:49:21.262309 ==============================================================================
2026-05-24 04:49:21.262319 Suites.Auth                                                           | FAIL |
2026-05-24 04:49:21.262690 1 test, 0 passed, 1 failed
2026-05-24 04:49:21.262713 ==============================================================================
2026-05-24 04:49:21.262760 Suites                                                                | FAIL |
2026-05-24 04:49:21.263106 1 test, 0 passed, 1 failed
2026-05-24 04:49:21.263822 ==============================================================================
2026-05-24 04:49:21.263843 Output:  /home/runner/work/engg-robot-testing-framework/engg-robot-testing-framework/reports/pabot_results/3/output.xml
