2026-09-10 05:04:00.240356 ==============================================================================
2026-09-10 05:04:00.256687 Suites
2026-09-10 05:04:00.256709 ==============================================================================
2026-09-10 05:04:00.256724 Suites.Cart
2026-09-10 05:04:00.257629 ==============================================================================
2026-09-10 05:04:00.257647 Suites.Cart.TC22 add from recommended items :: TC22 - Add To Cart From Reco...
2026-09-10 05:04:00.257647 [ ERROR ] Error in file '/home/runner/work/engg-robot-testing-framework/engg-robot-testing-framework/resources/common.resource' on line 4: Importing library 'playwright_keyword_library.PlaywrightKeywordLibrary' failed: ModuleNotFoundError: No module named 'playwright_keyword_library'
2026-09-10 05:04:00.281035 ==============================================================================
2026-09-10 05:04:00.281035 Traceback (most recent call last):
2026-09-10 05:04:00.281063   None
2026-09-10 05:04:00.331177 PYTHONPATH:
2026-09-10 05:04:00.381334   /opt/hostedtoolcache/Python/3.11.16/x64/bin
2026-09-10 05:04:00.431461   /opt/hostedtoolcache/Python/3.11.16/x64/lib/python311.zip
2026-09-10 05:04:00.481575   /opt/hostedtoolcache/Python/3.11.16/x64/lib/python3.11
2026-09-10 05:04:00.532043   /opt/hostedtoolcache/Python/3.11.16/x64/lib/python3.11/lib-dynload
2026-09-10 05:04:00.582200   /opt/hostedtoolcache/Python/3.11.16/x64/lib/python3.11/site-packages
2026-09-10 05:04:00.632484 [ ERROR ] Error in file '/home/runner/work/engg-robot-testing-framework/engg-robot-testing-framework/resources/cart_keywords.resource' on line 2: Importing library 'playwright_keyword_library.PlaywrightKeywordLibrary' failed: ModuleNotFoundError: No module named 'playwright_keyword_library'
2026-09-10 05:04:00.682649 Traceback (most recent call last):
2026-09-10 05:04:00.732819   None
2026-09-10 05:04:00.783015 PYTHONPATH:
2026-09-10 05:04:00.833175   /opt/hostedtoolcache/Python/3.11.16/x64/bin
2026-09-10 05:04:00.883384   /opt/hostedtoolcache/Python/3.11.16/x64/lib/python311.zip
2026-09-10 05:04:00.933586   /opt/hostedtoolcache/Python/3.11.16/x64/lib/python3.11
2026-09-10 05:04:00.983755   /opt/hostedtoolcache/Python/3.11.16/x64/lib/python3.11/lib-dynload
2026-09-10 05:04:01.033961   /opt/hostedtoolcache/Python/3.11.16/x64/lib/python3.11/site-packages
2026-09-10 05:04:10.258594 TC22 Add To Cart From Recommended Items                               | FAIL |
2026-09-10 05:04:10.291517 Setup failed:
2026-09-10 05:04:10.291538 No keyword with name 'Open Browser' found.
2026-09-10 05:04:10.291552 
2026-09-10 05:04:10.291593 Also teardown failed:
2026-09-10 05:04:10.291614 Several failures occurred:
2026-09-10 05:04:10.291627 
2026-09-10 05:04:10.291638 1) No keyword with name 'Register Keyword To Run On Failure' found.
2026-09-10 05:04:10.291654 
2026-09-10 05:04:10.291666 2) No keyword with name 'Close Browser' found. Did you mean:
2026-09-10 05:04:10.291678     common.Close Test Browser
2026-09-10 05:04:10.291690 ------------------------------------------------------------------------------
2026-09-10 05:04:10.291702 Suites.Cart.TC22 add from recommended items :: TC22 - Add To Cart ... | FAIL |
2026-09-10 05:04:10.292211 1 test, 0 passed, 1 failed
2026-09-10 05:04:10.292286 ==============================================================================
2026-09-10 05:04:10.292303 Suites.Cart                                                           | FAIL |
2026-09-10 05:04:10.292697 1 test, 0 passed, 1 failed
2026-09-10 05:04:10.292762 ==============================================================================
2026-09-10 05:04:10.292778 Suites                                                                | FAIL |
2026-09-10 05:04:10.293072 1 test, 0 passed, 1 failed
2026-09-10 05:04:10.293097 ==============================================================================
2026-09-10 05:04:10.293151 Output:  /home/runner/work/engg-robot-testing-framework/engg-robot-testing-framework/reports/pabot_results/9/output.xml
