2026-09-16 05:05:06.268695 ==============================================================================
2026-09-16 05:05:06.292084 Suites
2026-09-16 05:05:06.292108 ==============================================================================
2026-09-16 05:05:06.292225 Suites.Cart
2026-09-16 05:05:06.292963 ==============================================================================
2026-09-16 05:05:06.292981 Suites.Cart.TC12 add products to cart :: TC12 - Add Products In Cart
2026-09-16 05:05:06.292981 [ ERROR ] Error in file '/home/runner/work/engg-robot-testing-framework/engg-robot-testing-framework/resources/common.resource' on line 4: Importing library 'playwright_keyword_library.PlaywrightKeywordLibrary' failed: ModuleNotFoundError: No module named 'playwright_keyword_library'
2026-09-16 05:05:06.324797 ==============================================================================
2026-09-16 05:05:06.324797 Traceback (most recent call last):
2026-09-16 05:05:06.324823   None
2026-09-16 05:05:06.374952 PYTHONPATH:
2026-09-16 05:05:06.425065   /opt/hostedtoolcache/Python/3.11.16/x64/bin
2026-09-16 05:05:06.475201   /opt/hostedtoolcache/Python/3.11.16/x64/lib/python311.zip
2026-09-16 05:05:06.525310   /opt/hostedtoolcache/Python/3.11.16/x64/lib/python3.11
2026-09-16 05:05:06.575430   /opt/hostedtoolcache/Python/3.11.16/x64/lib/python3.11/lib-dynload
2026-09-16 05:05:06.625556   /opt/hostedtoolcache/Python/3.11.16/x64/lib/python3.11/site-packages
2026-09-16 05:05:06.675715 [ ERROR ] Error in file '/home/runner/work/engg-robot-testing-framework/engg-robot-testing-framework/resources/product_keywords.resource' on line 2: Importing library 'playwright_keyword_library.PlaywrightKeywordLibrary' failed: ModuleNotFoundError: No module named 'playwright_keyword_library'
2026-09-16 05:05:06.725834 Traceback (most recent call last):
2026-09-16 05:05:06.775996   None
2026-09-16 05:05:06.826111 PYTHONPATH:
2026-09-16 05:05:06.876264   /opt/hostedtoolcache/Python/3.11.16/x64/bin
2026-09-16 05:05:06.926371   /opt/hostedtoolcache/Python/3.11.16/x64/lib/python311.zip
2026-09-16 05:05:06.976508   /opt/hostedtoolcache/Python/3.11.16/x64/lib/python3.11
2026-09-16 05:05:07.026624   /opt/hostedtoolcache/Python/3.11.16/x64/lib/python3.11/lib-dynload
2026-09-16 05:05:07.076791   /opt/hostedtoolcache/Python/3.11.16/x64/lib/python3.11/site-packages
2026-09-16 05:05:07.126923 [ ERROR ] Error in file '/home/runner/work/engg-robot-testing-framework/engg-robot-testing-framework/resources/cart_keywords.resource' on line 2: Importing library 'playwright_keyword_library.PlaywrightKeywordLibrary' failed: ModuleNotFoundError: No module named 'playwright_keyword_library'
2026-09-16 05:05:07.177087 Traceback (most recent call last):
2026-09-16 05:05:07.227210   None
2026-09-16 05:05:07.277366 PYTHONPATH:
2026-09-16 05:05:07.327485   /opt/hostedtoolcache/Python/3.11.16/x64/bin
2026-09-16 05:05:07.377640   /opt/hostedtoolcache/Python/3.11.16/x64/lib/python311.zip
2026-09-16 05:05:07.427751   /opt/hostedtoolcache/Python/3.11.16/x64/lib/python3.11
2026-09-16 05:05:07.477865   /opt/hostedtoolcache/Python/3.11.16/x64/lib/python3.11/lib-dynload
2026-09-16 05:05:07.527974   /opt/hostedtoolcache/Python/3.11.16/x64/lib/python3.11/site-packages
2026-09-16 05:05:16.299703 TC12 Add Products In Cart                                             | FAIL |
2026-09-16 05:05:16.338603 Setup failed:
2026-09-16 05:05:16.338617 No keyword with name 'Open Browser' found.
2026-09-16 05:05:16.338627 
2026-09-16 05:05:16.338636 Also teardown failed:
2026-09-16 05:05:16.338645 Several failures occurred:
2026-09-16 05:05:16.338654 
2026-09-16 05:05:16.338662 1) No keyword with name 'Register Keyword To Run On Failure' found.
2026-09-16 05:05:16.338671 
2026-09-16 05:05:16.338679 2) No keyword with name 'Close Browser' found. Did you mean:
2026-09-16 05:05:16.338687     common.Close Test Browser
2026-09-16 05:05:16.338696 ------------------------------------------------------------------------------
2026-09-16 05:05:16.338704 Suites.Cart.TC12 add products to cart :: TC12 - Add Products In Cart  | FAIL |
2026-09-16 05:05:16.339439 1 test, 0 passed, 1 failed
2026-09-16 05:05:16.339452 ==============================================================================
2026-09-16 05:05:16.339461 Suites.Cart                                                           | FAIL |
2026-09-16 05:05:16.339927 1 test, 0 passed, 1 failed
2026-09-16 05:05:16.339989 ==============================================================================
2026-09-16 05:05:16.339998 Suites                                                                | FAIL |
2026-09-16 05:05:16.340417 1 test, 0 passed, 1 failed
2026-09-16 05:05:16.340474 ==============================================================================
2026-09-16 05:05:16.340482 Output:  /home/runner/work/engg-robot-testing-framework/engg-robot-testing-framework/reports/pabot_results/5/output.xml
