2026-06-24 04:47:21.681812 ==============================================================================
2026-06-24 04:47:21.697068 Suites
2026-06-24 04:47:21.697088 ==============================================================================
2026-06-24 04:47:21.697102 Suites.Cart
2026-06-24 04:47:21.697914 ==============================================================================
2026-06-24 04:47:21.697932 Suites.Cart.TC20 search and verify cart after login :: TC20 - Search Produc...
2026-06-24 04:47:21.697932 [ ERROR ] Error in file '/home/runner/work/engg-robot-testing-framework/engg-robot-testing-framework/tests/cart/TC20_search_and_verify_cart_after_login.robot' on line 3: Importing library 'playwright_keyword_library.PlaywrightKeywordLibrary' failed: ModuleNotFoundError: No module named 'playwright_keyword_library'
2026-06-24 04:47:21.732879 ==============================================================================
2026-06-24 04:47:21.732879 Traceback (most recent call last):
2026-06-24 04:47:21.732902   None
2026-06-24 04:47:21.783044 PYTHONPATH:
2026-06-24 04:47:21.833152   /opt/hostedtoolcache/Python/3.11.15/x64/bin
2026-06-24 04:47:21.883285   /opt/hostedtoolcache/Python/3.11.15/x64/lib/python311.zip
2026-06-24 04:47:21.933411   /opt/hostedtoolcache/Python/3.11.15/x64/lib/python3.11
2026-06-24 04:47:21.983530   /opt/hostedtoolcache/Python/3.11.15/x64/lib/python3.11/lib-dynload
2026-06-24 04:47:22.033673   /opt/hostedtoolcache/Python/3.11.15/x64/lib/python3.11/site-packages
2026-06-24 04:47:22.083823 [ ERROR ] Error in file '/home/runner/work/engg-robot-testing-framework/engg-robot-testing-framework/resources/common.resource' on line 4: Importing library 'playwright_keyword_library.PlaywrightKeywordLibrary' failed: ModuleNotFoundError: No module named 'playwright_keyword_library'
2026-06-24 04:47:22.133939 Traceback (most recent call last):
2026-06-24 04:47:22.184099   None
2026-06-24 04:47:22.234246 PYTHONPATH:
2026-06-24 04:47:22.284410   /opt/hostedtoolcache/Python/3.11.15/x64/bin
2026-06-24 04:47:22.334532   /opt/hostedtoolcache/Python/3.11.15/x64/lib/python311.zip
2026-06-24 04:47:22.384681   /opt/hostedtoolcache/Python/3.11.15/x64/lib/python3.11
2026-06-24 04:47:22.434824   /opt/hostedtoolcache/Python/3.11.15/x64/lib/python3.11/lib-dynload
2026-06-24 04:47:22.484991   /opt/hostedtoolcache/Python/3.11.15/x64/lib/python3.11/site-packages
2026-06-24 04:47:22.535131 [ ERROR ] Error in file '/home/runner/work/engg-robot-testing-framework/engg-robot-testing-framework/resources/product_keywords.resource' on line 2: Importing library 'playwright_keyword_library.PlaywrightKeywordLibrary' failed: ModuleNotFoundError: No module named 'playwright_keyword_library'
2026-06-24 04:47:22.585326 Traceback (most recent call last):
2026-06-24 04:47:22.635499   None
2026-06-24 04:47:22.685684 PYTHONPATH:
2026-06-24 04:47:22.735900   /opt/hostedtoolcache/Python/3.11.15/x64/bin
2026-06-24 04:47:22.786083   /opt/hostedtoolcache/Python/3.11.15/x64/lib/python311.zip
2026-06-24 04:47:22.836251   /opt/hostedtoolcache/Python/3.11.15/x64/lib/python3.11
2026-06-24 04:47:22.886430   /opt/hostedtoolcache/Python/3.11.15/x64/lib/python3.11/lib-dynload
2026-06-24 04:47:22.936609   /opt/hostedtoolcache/Python/3.11.15/x64/lib/python3.11/site-packages
2026-06-24 04:47:22.986780 [ ERROR ] Error in file '/home/runner/work/engg-robot-testing-framework/engg-robot-testing-framework/resources/cart_keywords.resource' on line 2: Importing library 'playwright_keyword_library.PlaywrightKeywordLibrary' failed: ModuleNotFoundError: No module named 'playwright_keyword_library'
2026-06-24 04:47:23.036953 Traceback (most recent call last):
2026-06-24 04:47:23.087125   None
2026-06-24 04:47:23.137251 PYTHONPATH:
2026-06-24 04:47:23.187414   /opt/hostedtoolcache/Python/3.11.15/x64/bin
2026-06-24 04:47:23.237589   /opt/hostedtoolcache/Python/3.11.15/x64/lib/python311.zip
2026-06-24 04:47:23.287788   /opt/hostedtoolcache/Python/3.11.15/x64/lib/python3.11
2026-06-24 04:47:23.337977   /opt/hostedtoolcache/Python/3.11.15/x64/lib/python3.11/lib-dynload
2026-06-24 04:47:23.388148   /opt/hostedtoolcache/Python/3.11.15/x64/lib/python3.11/site-packages
2026-06-24 04:47:23.438315 [ ERROR ] Error in file '/home/runner/work/engg-robot-testing-framework/engg-robot-testing-framework/resources/auth_keywords.resource' on line 2: Importing library 'playwright_keyword_library.PlaywrightKeywordLibrary' failed: ModuleNotFoundError: No module named 'playwright_keyword_library'
2026-06-24 04:47:23.488493 Traceback (most recent call last):
2026-06-24 04:47:23.538662   None
2026-06-24 04:47:23.588836 PYTHONPATH:
2026-06-24 04:47:23.639003   /opt/hostedtoolcache/Python/3.11.15/x64/bin
2026-06-24 04:47:23.689173   /opt/hostedtoolcache/Python/3.11.15/x64/lib/python311.zip
2026-06-24 04:47:23.739340   /opt/hostedtoolcache/Python/3.11.15/x64/lib/python3.11
2026-06-24 04:47:23.789519   /opt/hostedtoolcache/Python/3.11.15/x64/lib/python3.11/lib-dynload
2026-06-24 04:47:23.839723   /opt/hostedtoolcache/Python/3.11.15/x64/lib/python3.11/site-packages
2026-06-24 04:47:31.709208 TC20 Search Products And Verify Cart After Login                      | FAIL |
2026-06-24 04:47:31.744858 Setup failed:
2026-06-24 04:47:31.744868 No keyword with name 'Open Browser' found.
2026-06-24 04:47:31.744875 
2026-06-24 04:47:31.744881 Also teardown failed:
2026-06-24 04:47:31.744888 Several failures occurred:
2026-06-24 04:47:31.744894 
2026-06-24 04:47:31.744900 1) No keyword with name 'Register Keyword To Run On Failure' found.
2026-06-24 04:47:31.744906 
2026-06-24 04:47:31.744912 2) No keyword with name 'Close Browser' found. Did you mean:
2026-06-24 04:47:31.744918     common.Close Test Browser
2026-06-24 04:47:31.744925 ------------------------------------------------------------------------------
2026-06-24 04:47:31.744931 Suites.Cart.TC20 search and verify cart after login :: TC20 - Sear... | FAIL |
2026-06-24 04:47:31.745739 1 test, 0 passed, 1 failed
2026-06-24 04:47:31.745751 ==============================================================================
2026-06-24 04:47:31.745759 Suites.Cart                                                           | FAIL |
2026-06-24 04:47:31.746166 1 test, 0 passed, 1 failed
2026-06-24 04:47:31.746223 ==============================================================================
2026-06-24 04:47:31.746231 Suites                                                                | FAIL |
2026-06-24 04:47:31.746602 1 test, 0 passed, 1 failed
2026-06-24 04:47:31.746657 ==============================================================================
2026-06-24 04:47:31.746665 Output:  /home/runner/work/engg-robot-testing-framework/engg-robot-testing-framework/reports/pabot_results/8/output.xml
