2026-08-17 13:10:51.340526 ==============================================================================
2026-08-17 13:10:51.355098 Suites
2026-08-17 13:10:51.355116 ==============================================================================
2026-08-17 13:10:51.355130 Suites.Cart
2026-08-17 13:10:51.355918 ==============================================================================
2026-08-17 13:10:51.355935 Suites.Cart.TC17 remove products from cart :: TC17 - Remove Products From Cart
2026-08-17 13:10:51.355935 [ ERROR ] Error in file '/home/runner/work/engg-robot-testing-framework/engg-robot-testing-framework/resources/common.resource' on line 4: Importing library 'playwright_keyword_library.PlaywrightKeywordLibrary' failed: ModuleNotFoundError: No module named 'playwright_keyword_library'
2026-08-17 13:10:51.382715 ==============================================================================
2026-08-17 13:10:51.382715 Traceback (most recent call last):
2026-08-17 13:10:51.382738   None
2026-08-17 13:10:51.432856 PYTHONPATH:
2026-08-17 13:10:51.482996   /opt/hostedtoolcache/Python/3.11.15/x64/bin
2026-08-17 13:10:51.533141   /opt/hostedtoolcache/Python/3.11.15/x64/lib/python311.zip
2026-08-17 13:10:51.583279   /opt/hostedtoolcache/Python/3.11.15/x64/lib/python3.11
2026-08-17 13:10:51.633419   /opt/hostedtoolcache/Python/3.11.15/x64/lib/python3.11/lib-dynload
2026-08-17 13:10:51.683559   /opt/hostedtoolcache/Python/3.11.15/x64/lib/python3.11/site-packages
2026-08-17 13:10:51.733709 [ ERROR ] Error in file '/home/runner/work/engg-robot-testing-framework/engg-robot-testing-framework/resources/product_keywords.resource' on line 2: Importing library 'playwright_keyword_library.PlaywrightKeywordLibrary' failed: ModuleNotFoundError: No module named 'playwright_keyword_library'
2026-08-17 13:10:51.783857 Traceback (most recent call last):
2026-08-17 13:10:51.834001   None
2026-08-17 13:10:51.884158 PYTHONPATH:
2026-08-17 13:10:51.934295   /opt/hostedtoolcache/Python/3.11.15/x64/bin
2026-08-17 13:10:51.984443   /opt/hostedtoolcache/Python/3.11.15/x64/lib/python311.zip
2026-08-17 13:10:52.034569   /opt/hostedtoolcache/Python/3.11.15/x64/lib/python3.11
2026-08-17 13:10:52.084718   /opt/hostedtoolcache/Python/3.11.15/x64/lib/python3.11/lib-dynload
2026-08-17 13:10:52.134869   /opt/hostedtoolcache/Python/3.11.15/x64/lib/python3.11/site-packages
2026-08-17 13:10:52.185017 [ ERROR ] Error in file '/home/runner/work/engg-robot-testing-framework/engg-robot-testing-framework/resources/cart_keywords.resource' on line 2: Importing library 'playwright_keyword_library.PlaywrightKeywordLibrary' failed: ModuleNotFoundError: No module named 'playwright_keyword_library'
2026-08-17 13:10:52.235132 Traceback (most recent call last):
2026-08-17 13:10:52.285278   None
2026-08-17 13:10:52.335421 PYTHONPATH:
2026-08-17 13:10:52.385567   /opt/hostedtoolcache/Python/3.11.15/x64/bin
2026-08-17 13:10:52.435707   /opt/hostedtoolcache/Python/3.11.15/x64/lib/python311.zip
2026-08-17 13:10:52.485849   /opt/hostedtoolcache/Python/3.11.15/x64/lib/python3.11
2026-08-17 13:10:52.536010   /opt/hostedtoolcache/Python/3.11.15/x64/lib/python3.11/lib-dynload
2026-08-17 13:10:52.586151   /opt/hostedtoolcache/Python/3.11.15/x64/lib/python3.11/site-packages
2026-08-17 13:11:01.355435 TC17 Remove Products From Cart                                        | FAIL |
2026-08-17 13:11:01.393621 Setup failed:
2026-08-17 13:11:01.393634 No keyword with name 'Open Browser' found.
2026-08-17 13:11:01.393642 
2026-08-17 13:11:01.393650 Also teardown failed:
2026-08-17 13:11:01.393657 Several failures occurred:
2026-08-17 13:11:01.393664 
2026-08-17 13:11:01.393671 1) No keyword with name 'Register Keyword To Run On Failure' found.
2026-08-17 13:11:01.393679 
2026-08-17 13:11:01.393686 2) No keyword with name 'Close Browser' found. Did you mean:
2026-08-17 13:11:01.393692     common.Close Test Browser
2026-08-17 13:11:01.393699 ------------------------------------------------------------------------------
2026-08-17 13:11:01.393706 Suites.Cart.TC17 remove products from cart :: TC17 - Remove Produc... | FAIL |
2026-08-17 13:11:01.394373 1 test, 0 passed, 1 failed
2026-08-17 13:11:01.394420 ==============================================================================
2026-08-17 13:11:01.394428 Suites.Cart                                                           | FAIL |
2026-08-17 13:11:01.394791 1 test, 0 passed, 1 failed
2026-08-17 13:11:01.394817 ==============================================================================
2026-08-17 13:11:01.394824 Suites                                                                | FAIL |
2026-08-17 13:11:01.395139 1 test, 0 passed, 1 failed
2026-08-17 13:11:01.395165 ==============================================================================
2026-08-17 13:11:01.395172 Output:  /home/runner/work/engg-robot-testing-framework/engg-robot-testing-framework/reports/pabot_results/7/output.xml
