[INFO]    Initialized logging in reports/pabot_results
[INFO]    Robot Framework remote server at 127.0.0.1:8270 started.
[DEBUG]   2026-06-10 04:57:26.497493 [PID:2380] [0] [ID:0] EXECUTING Suites.Auth.TC01 register user
[DEBUG]   2026-06-10 04:57:26.498913 [PID:2381] [1] [ID:1] EXECUTING Suites.Auth.TC02 login valid
[DEBUG]   2026-06-10 04:57:31.504427 [PID:2380] [0] [ID:0] still running Suites.Auth.TC01 register user after 5.0s
[DEBUG]   2026-06-10 04:57:31.504837 [PID:2381] [1] [ID:1] still running Suites.Auth.TC02 login valid after 5.0s
[DEBUG]   2026-06-10 04:57:41.517291 [PID:2381] [1] [ID:1] still running Suites.Auth.TC02 login valid after 15.0s
[DEBUG]   2026-06-10 04:57:41.517378 [PID:2380] [0] [ID:0] still running Suites.Auth.TC01 register user after 15.0s
[DEBUG]   2026-06-10 04:57:56.539712 [PID:2380] [0] [ID:0] still running Suites.Auth.TC01 register user after 30.0s
[DEBUG]   2026-06-10 04:57:56.539825 [PID:2381] [1] [ID:1] still running Suites.Auth.TC02 login valid after 30.0s
[DEBUG]   2026-06-10 04:58:16.562888 [PID:2380] [0] [ID:0] still running Suites.Auth.TC01 register user after 50.0s
[DEBUG]   2026-06-10 04:58:16.563276 [PID:2381] [1] [ID:1] still running Suites.Auth.TC02 login valid after 50.0s
[INFO]    2026-06-10 04:58:19.571324 [PID:2381] [1] [ID:1] PASSED Suites.Auth.TC02 login valid in 53.1 seconds
[DEBUG]   2026-06-10 04:58:19.575172 [PID:2867] [0] [ID:2] EXECUTING Suites.Auth.TC03 login invalid
[DEBUG]   2026-06-10 04:58:24.582552 [PID:2867] [0] [ID:2] still running Suites.Auth.TC03 login invalid after 5.0s
[DEBUG]   2026-06-10 04:58:34.593395 [PID:2867] [0] [ID:2] still running Suites.Auth.TC03 login invalid after 15.0s
[INFO]    2026-06-10 04:58:34.796632 [PID:2867] [0] [ID:2] PASSED Suites.Auth.TC03 login invalid in 15.2 seconds
[DEBUG]   2026-06-10 04:58:34.800532 [PID:3169] [1] [ID:3] EXECUTING Suites.Auth.TC04 logout user
[DEBUG]   2026-06-10 04:58:39.806780 [PID:3169] [1] [ID:3] still running Suites.Auth.TC04 logout user after 5.0s
[DEBUG]   2026-06-10 04:58:41.603169 [PID:2380] [0] [ID:0] still running Suites.Auth.TC01 register user after 75.0s
[DEBUG]   2026-06-10 04:58:49.816976 [PID:3169] [1] [ID:3] still running Suites.Auth.TC04 logout user after 15.0s
[INFO]    2026-06-10 04:58:56.023592 [PID:2380] [0] [ID:0] Execution failed in Suites.Auth.TC01 register user with 1 failing test(s)
==============================================================================
Suites
==============================================================================
Suites.Auth
==============================================================================
Suites.Auth.TC01 register user
==============================================================================
TC01 Register User                                                    | FAIL |
Element 'css=li a b' did not appear in 45 seconds.
------------------------------------------------------------------------------
Suites.Auth.TC01 register user                                        | FAIL |
1 test, 0 passed, 1 failed
==============================================================================
Suites.Auth                                                           | FAIL |
1 test, 0 passed, 1 failed
==============================================================================
Suites                                                                | FAIL |
1 test, 0 passed, 1 failed
==============================================================================
Output:  /home/runner/work/engg-robot-testing-framework/engg-robot-testing-framework/reports/pabot_results/0/output.xml
[DEBUG]   2026-06-10 04:58:56.027092 [PID:3438] [0] [ID:4] EXECUTING Suites.Auth.TC05 register existing email
[DEBUG]   2026-06-10 04:59:01.034719 [PID:3438] [0] [ID:4] still running Suites.Auth.TC05 register existing email after 5.0s
[DEBUG]   2026-06-10 04:59:04.837371 [PID:3169] [1] [ID:3] still running Suites.Auth.TC04 logout user after 30.0s
[INFO]    2026-06-10 04:59:06.647517 [PID:3169] [1] [ID:3] PASSED Suites.Auth.TC04 logout user in 31.8 seconds
[DEBUG]   2026-06-10 04:59:06.650924 [PID:3644] [1] [ID:5] EXECUTING Suites.Cart.TC12 add products to cart
[DEBUG]   2026-06-10 04:59:11.052372 [PID:3438] [0] [ID:4] still running Suites.Auth.TC05 register existing email after 15.0s
[DEBUG]   2026-06-10 04:59:11.656999 [PID:3644] [1] [ID:5] still running Suites.Cart.TC12 add products to cart after 5.0s
[DEBUG]   2026-06-10 04:59:21.667280 [PID:3644] [1] [ID:5] still running Suites.Cart.TC12 add products to cart after 15.0s
[INFO]    2026-06-10 04:59:25.473808 [PID:3644] [1] [ID:5] PASSED Suites.Cart.TC12 add products to cart in 18.8 seconds
[DEBUG]   2026-06-10 04:59:25.477928 [PID:3966] [0] [ID:6] EXECUTING Suites.Cart.TC13 verify product quantity
[DEBUG]   2026-06-10 04:59:26.071861 [PID:3438] [0] [ID:4] still running Suites.Auth.TC05 register existing email after 30.0s
[DEBUG]   2026-06-10 04:59:30.488842 [PID:3966] [0] [ID:6] still running Suites.Cart.TC13 verify product quantity after 5.0s
[INFO]    2026-06-10 04:59:39.302914 [PID:3966] [0] [ID:6] PASSED Suites.Cart.TC13 verify product quantity in 13.8 seconds
[DEBUG]   2026-06-10 04:59:39.307258 [PID:4240] [1] [ID:7] EXECUTING Suites.Cart.TC17 remove products from cart
[DEBUG]   2026-06-10 04:59:44.313686 [PID:4240] [1] [ID:7] still running Suites.Cart.TC17 remove products from cart after 5.0s
[DEBUG]   2026-06-10 04:59:46.098913 [PID:3438] [0] [ID:4] still running Suites.Auth.TC05 register existing email after 50.0s
[DEBUG]   2026-06-10 04:59:54.323554 [PID:4240] [1] [ID:7] still running Suites.Cart.TC17 remove products from cart after 15.0s
[INFO]    2026-06-10 04:59:57.229126 [PID:4240] [1] [ID:7] PASSED Suites.Cart.TC17 remove products from cart in 17.9 seconds
[DEBUG]   2026-06-10 04:59:57.232671 [PID:4482] [0] [ID:8] EXECUTING Suites.Cart.TC20 search and verify cart after login
[DEBUG]   2026-06-10 05:00:02.237730 [PID:4482] [0] [ID:8] still running Suites.Cart.TC20 search and verify cart after login after 5.0s
[DEBUG]   2026-06-10 05:00:11.127479 [PID:3438] [0] [ID:4] still running Suites.Auth.TC05 register existing email after 75.0s
[DEBUG]   2026-06-10 05:00:12.247963 [PID:4482] [0] [ID:8] still running Suites.Cart.TC20 search and verify cart after login after 15.0s
[INFO]    2026-06-10 05:00:13.333945 [PID:3438] [0] [ID:4] Execution failed in Suites.Auth.TC05 register existing email with 1 failing test(s)
==============================================================================
Suites
==============================================================================
Suites.Auth
==============================================================================
Suites.Auth.TC05 register existing email
==============================================================================
TC05 Register User With Existing Email                                | FAIL |
Element 'xpath=//a[contains(text(),'Logout')]' not visible after 45 seconds.
------------------------------------------------------------------------------
Suites.Auth.TC05 register existing email                              | FAIL |
1 test, 0 passed, 1 failed
==============================================================================
Suites.Auth                                                           | FAIL |
1 test, 0 passed, 1 failed
==============================================================================
Suites                                                                | FAIL |
1 test, 0 passed, 1 failed
==============================================================================
Output:  /home/runner/work/engg-robot-testing-framework/engg-robot-testing-framework/reports/pabot_results/4/output.xml
[DEBUG]   2026-06-10 05:00:13.337611 [PID:4688] [1] [ID:9] EXECUTING Suites.Cart.TC22 add from recommended items
[DEBUG]   2026-06-10 05:00:18.342772 [PID:4688] [1] [ID:9] still running Suites.Cart.TC22 add from recommended items after 5.0s
[DEBUG]   2026-06-10 05:00:27.265313 [PID:4482] [0] [ID:8] still running Suites.Cart.TC20 search and verify cart after login after 30.0s
[DEBUG]   2026-06-10 05:00:28.353045 [PID:4688] [1] [ID:9] still running Suites.Cart.TC22 add from recommended items after 15.0s
[INFO]    2026-06-10 05:00:29.557627 [PID:4688] [1] [ID:9] PASSED Suites.Cart.TC22 add from recommended items in 16.2 seconds
[DEBUG]   2026-06-10 05:00:47.288870 [PID:4482] [0] [ID:8] still running Suites.Cart.TC20 search and verify cart after login after 50.0s
[DEBUG]   2026-06-10 05:01:12.316480 [PID:4482] [0] [ID:8] still running Suites.Cart.TC20 search and verify cart after login after 75.0s
[INFO]    2026-06-10 05:01:36.248789 [PID:4482] [0] [ID:8] PASSED Suites.Cart.TC20 search and verify cart after login in 99.0 seconds
[INFO]    10 tests, 8 passed, 2 failed, 0 skipped.
[INFO]    ===================================================
[INFO]    Output:  /home/runner/work/engg-robot-testing-framework/engg-robot-testing-framework/reports/output.xml
[INFO]    Log:     /home/runner/work/engg-robot-testing-framework/engg-robot-testing-framework/reports/log.html
[INFO]    Report:  /home/runner/work/engg-robot-testing-framework/engg-robot-testing-framework/reports/report.html
[DEBUG]   Finalizing Pabot execution...
[DEBUG]   Stopping PabotLib process
[INFO]    Robot Framework remote server at 127.0.0.1:8270 stopped.
[DEBUG]   PabotLib process stopped
[INFO]    Total testing: 7 minutes 12.60 seconds
[INFO]    Elapsed time:  4 minutes 10.32 seconds
[DEBUG]   Logs flushed successfully.
