2026-07-02 04:39:51.248530 ==============================================================================
2026-07-02 04:39:51.269596 Suites
2026-07-02 04:39:51.269616 ==============================================================================
2026-07-02 04:39:51.269631 Suites.Auth
2026-07-02 04:39:51.270501 ==============================================================================
2026-07-02 04:39:51.270521 Suites.Auth.TC04 logout user
2026-07-02 04:39:51.270521 [ ERROR ] Error in file '/home/runner/work/engg-robot-testing-framework/engg-robot-testing-framework/tests/auth/TC04_logout_user.robot' on line 2: Importing library 'playwright_keyword_library.PlaywrightKeywordLibrary' failed: ModuleNotFoundError: No module named 'playwright_keyword_library'
2026-07-02 04:39:51.289673 ==============================================================================
2026-07-02 04:39:51.289673 Traceback (most recent call last):
2026-07-02 04:39:51.289697   None
2026-07-02 04:39:51.339803 PYTHONPATH:
2026-07-02 04:39:51.389904   /opt/hostedtoolcache/Python/3.11.15/x64/bin
2026-07-02 04:39:51.440006   /opt/hostedtoolcache/Python/3.11.15/x64/lib/python311.zip
2026-07-02 04:39:51.490112   /opt/hostedtoolcache/Python/3.11.15/x64/lib/python3.11
2026-07-02 04:39:51.540219   /opt/hostedtoolcache/Python/3.11.15/x64/lib/python3.11/lib-dynload
2026-07-02 04:39:51.590365   /opt/hostedtoolcache/Python/3.11.15/x64/lib/python3.11/site-packages
2026-07-02 04:39:51.640521 [ ERROR ] Error in file '/home/runner/work/engg-robot-testing-framework/engg-robot-testing-framework/resources/auth_keywords.resource' on line 2: Importing library 'playwright_keyword_library.PlaywrightKeywordLibrary' failed: ModuleNotFoundError: No module named 'playwright_keyword_library'
2026-07-02 04:39:51.690682 Traceback (most recent call last):
2026-07-02 04:39:51.740829   None
2026-07-02 04:39:51.790972 PYTHONPATH:
2026-07-02 04:39:51.841119   /opt/hostedtoolcache/Python/3.11.15/x64/bin
2026-07-02 04:39:51.891268   /opt/hostedtoolcache/Python/3.11.15/x64/lib/python311.zip
2026-07-02 04:39:51.941413   /opt/hostedtoolcache/Python/3.11.15/x64/lib/python3.11
2026-07-02 04:39:51.991566   /opt/hostedtoolcache/Python/3.11.15/x64/lib/python3.11/lib-dynload
2026-07-02 04:39:52.041710   /opt/hostedtoolcache/Python/3.11.15/x64/lib/python3.11/site-packages
2026-07-02 04:39:52.091850 [ ERROR ] Error in file '/home/runner/work/engg-robot-testing-framework/engg-robot-testing-framework/resources/common.resource' on line 4: Importing library 'playwright_keyword_library.PlaywrightKeywordLibrary' failed: ModuleNotFoundError: No module named 'playwright_keyword_library'
2026-07-02 04:39:52.141993 Traceback (most recent call last):
2026-07-02 04:39:52.192151   None
2026-07-02 04:39:52.242310 PYTHONPATH:
2026-07-02 04:39:52.292464   /opt/hostedtoolcache/Python/3.11.15/x64/bin
2026-07-02 04:39:52.342622   /opt/hostedtoolcache/Python/3.11.15/x64/lib/python311.zip
2026-07-02 04:39:52.392777   /opt/hostedtoolcache/Python/3.11.15/x64/lib/python3.11
2026-07-02 04:39:52.442935   /opt/hostedtoolcache/Python/3.11.15/x64/lib/python3.11/lib-dynload
2026-07-02 04:39:52.493087   /opt/hostedtoolcache/Python/3.11.15/x64/lib/python3.11/site-packages
2026-07-02 04:40:01.270299 TC04 Logout User                                                      | FAIL |
2026-07-02 04:40:01.299990 Setup failed:
2026-07-02 04:40:01.300008 No keyword with name 'Open Browser' found.
2026-07-02 04:40:01.300024 
2026-07-02 04:40:01.300038 Also teardown failed:
2026-07-02 04:40:01.300051 Several failures occurred:
2026-07-02 04:40:01.300064 
2026-07-02 04:40:01.300076 1) No keyword with name 'Register Keyword To Run On Failure' found.
2026-07-02 04:40:01.300089 
2026-07-02 04:40:01.300101 2) No keyword with name 'Close Browser' found. Did you mean:
2026-07-02 04:40:01.300112     common.Close Test Browser
2026-07-02 04:40:01.300124 ------------------------------------------------------------------------------
2026-07-02 04:40:01.300135 Suites.Auth.TC04 logout user                                          | FAIL |
2026-07-02 04:40:01.300682 1 test, 0 passed, 1 failed
2026-07-02 04:40:01.300701 ==============================================================================
2026-07-02 04:40:01.300714 Suites.Auth                                                           | FAIL |
2026-07-02 04:40:01.301067 1 test, 0 passed, 1 failed
2026-07-02 04:40:01.301129 ==============================================================================
2026-07-02 04:40:01.301146 Suites                                                                | FAIL |
2026-07-02 04:40:01.301480 1 test, 0 passed, 1 failed
2026-07-02 04:40:01.301543 ==============================================================================
2026-07-02 04:40:01.301558 Output:  /home/runner/work/engg-robot-testing-framework/engg-robot-testing-framework/reports/pabot_results/3/output.xml
