2026-09-30 05:50:06.307687 ==============================================================================
2026-09-30 05:50:06.347010 Suites
2026-09-30 05:50:06.347034 ==============================================================================
2026-09-30 05:50:06.347054 Suites.Cart
2026-09-30 05:50:06.348485 ==============================================================================
2026-09-30 05:50:06.348504 Suites.Cart.TC20 search and verify cart after login :: TC20 - Search Produc...
2026-09-30 05:50:06.348504 [ ERROR ] Error in file '/home/runner/work/engg-robot-testing-framework/engg-robot-testing-framework/tests/cart/TC20_search_and_verify_cart_after_login.robot' on line 3: Importing library 'playwright_keyword_library.PlaywrightKeywordLibrary' failed: ModuleNotFoundError: No module named 'playwright_keyword_library'
2026-09-30 05:50:06.386916 ==============================================================================
2026-09-30 05:50:06.386916 Traceback (most recent call last):
2026-09-30 05:50:06.386933   None
2026-09-30 05:50:06.437055 PYTHONPATH:
2026-09-30 05:50:06.487194   /opt/hostedtoolcache/Python/3.11.16/x64/bin
2026-09-30 05:50:06.537347   /opt/hostedtoolcache/Python/3.11.16/x64/lib/python311.zip
2026-09-30 05:50:06.587497   /opt/hostedtoolcache/Python/3.11.16/x64/lib/python3.11
2026-09-30 05:50:06.637633   /opt/hostedtoolcache/Python/3.11.16/x64/lib/python3.11/lib-dynload
2026-09-30 05:50:06.687797   /opt/hostedtoolcache/Python/3.11.16/x64/lib/python3.11/site-packages
2026-09-30 05:50:06.738028 [ ERROR ] Error in file '/home/runner/work/engg-robot-testing-framework/engg-robot-testing-framework/resources/common.resource' on line 4: Importing library 'playwright_keyword_library.PlaywrightKeywordLibrary' failed: ModuleNotFoundError: No module named 'playwright_keyword_library'
2026-09-30 05:50:06.788184 Traceback (most recent call last):
2026-09-30 05:50:06.838350   None
2026-09-30 05:50:06.888503 PYTHONPATH:
2026-09-30 05:50:06.938680   /opt/hostedtoolcache/Python/3.11.16/x64/bin
2026-09-30 05:50:06.988877   /opt/hostedtoolcache/Python/3.11.16/x64/lib/python311.zip
2026-09-30 05:50:07.039096   /opt/hostedtoolcache/Python/3.11.16/x64/lib/python3.11
2026-09-30 05:50:07.089210   /opt/hostedtoolcache/Python/3.11.16/x64/lib/python3.11/lib-dynload
2026-09-30 05:50:07.139379   /opt/hostedtoolcache/Python/3.11.16/x64/lib/python3.11/site-packages
2026-09-30 05:50:07.189524 [ ERROR ] Error in file '/home/runner/work/engg-robot-testing-framework/engg-robot-testing-framework/resources/product_keywords.resource' on line 2: Importing library 'playwright_keyword_library.PlaywrightKeywordLibrary' failed: ModuleNotFoundError: No module named 'playwright_keyword_library'
2026-09-30 05:50:07.239737 Traceback (most recent call last):
2026-09-30 05:50:07.289916   None
2026-09-30 05:50:07.340107 PYTHONPATH:
2026-09-30 05:50:07.390244   /opt/hostedtoolcache/Python/3.11.16/x64/bin
2026-09-30 05:50:07.440440   /opt/hostedtoolcache/Python/3.11.16/x64/lib/python311.zip
2026-09-30 05:50:07.490568   /opt/hostedtoolcache/Python/3.11.16/x64/lib/python3.11
2026-09-30 05:50:07.540757   /opt/hostedtoolcache/Python/3.11.16/x64/lib/python3.11/lib-dynload
2026-09-30 05:50:07.590890   /opt/hostedtoolcache/Python/3.11.16/x64/lib/python3.11/site-packages
2026-09-30 05:50:07.641087 [ ERROR ] Error in file '/home/runner/work/engg-robot-testing-framework/engg-robot-testing-framework/resources/cart_keywords.resource' on line 2: Importing library 'playwright_keyword_library.PlaywrightKeywordLibrary' failed: ModuleNotFoundError: No module named 'playwright_keyword_library'
2026-09-30 05:50:07.691210 Traceback (most recent call last):
2026-09-30 05:50:07.741384   None
2026-09-30 05:50:07.791508 PYTHONPATH:
2026-09-30 05:50:07.841680   /opt/hostedtoolcache/Python/3.11.16/x64/bin
2026-09-30 05:50:07.891770   /opt/hostedtoolcache/Python/3.11.16/x64/lib/python311.zip
2026-09-30 05:50:07.941959   /opt/hostedtoolcache/Python/3.11.16/x64/lib/python3.11
2026-09-30 05:50:07.992086   /opt/hostedtoolcache/Python/3.11.16/x64/lib/python3.11/lib-dynload
2026-09-30 05:50:08.042288   /opt/hostedtoolcache/Python/3.11.16/x64/lib/python3.11/site-packages
2026-09-30 05:50:08.092457 [ ERROR ] Error in file '/home/runner/work/engg-robot-testing-framework/engg-robot-testing-framework/resources/auth_keywords.resource' on line 2: Importing library 'playwright_keyword_library.PlaywrightKeywordLibrary' failed: ModuleNotFoundError: No module named 'playwright_keyword_library'
2026-09-30 05:50:08.142648 Traceback (most recent call last):
2026-09-30 05:50:08.192820   None
2026-09-30 05:50:08.243023 PYTHONPATH:
2026-09-30 05:50:08.293240   /opt/hostedtoolcache/Python/3.11.16/x64/bin
2026-09-30 05:50:08.343428   /opt/hostedtoolcache/Python/3.11.16/x64/lib/python311.zip
2026-09-30 05:50:08.393549   /opt/hostedtoolcache/Python/3.11.16/x64/lib/python3.11
2026-09-30 05:50:08.443741   /opt/hostedtoolcache/Python/3.11.16/x64/lib/python3.11/lib-dynload
2026-09-30 05:50:08.493923   /opt/hostedtoolcache/Python/3.11.16/x64/lib/python3.11/site-packages
2026-09-30 05:50:16.365443 TC20 Search Products And Verify Cart After Login                      | FAIL |
2026-09-30 05:50:16.398565 Setup failed:
2026-09-30 05:50:16.398586 No keyword with name 'Open Browser' found.
2026-09-30 05:50:16.398606 
2026-09-30 05:50:16.398622 Also teardown failed:
2026-09-30 05:50:16.398635 Several failures occurred:
2026-09-30 05:50:16.398647 
2026-09-30 05:50:16.398658 1) No keyword with name 'Register Keyword To Run On Failure' found.
2026-09-30 05:50:16.398670 
2026-09-30 05:50:16.398682 2) No keyword with name 'Close Browser' found. Did you mean:
2026-09-30 05:50:16.398693     common.Close Test Browser
2026-09-30 05:50:16.398738 ------------------------------------------------------------------------------
2026-09-30 05:50:16.398752 Suites.Cart.TC20 search and verify cart after login :: TC20 - Sear... | FAIL |
2026-09-30 05:50:16.399235 1 test, 0 passed, 1 failed
2026-09-30 05:50:16.399301 ==============================================================================
2026-09-30 05:50:16.399314 Suites.Cart                                                           | FAIL |
2026-09-30 05:50:16.399679 1 test, 0 passed, 1 failed
2026-09-30 05:50:16.399753 ==============================================================================
2026-09-30 05:50:16.399766 Suites                                                                | FAIL |
2026-09-30 05:50:16.400092 1 test, 0 passed, 1 failed
2026-09-30 05:50:16.400135 ==============================================================================
2026-09-30 05:50:16.400148 Output:  /home/runner/work/engg-robot-testing-framework/engg-robot-testing-framework/reports/pabot_results/8/output.xml
