[INFO]    Initialized logging in reports/pabot_results
[INFO]    Robot Framework remote server at 127.0.0.1:8270 started.
[DEBUG]   2026-05-26 04:43:40.547594 [PID:2379] [0] [ID:0] EXECUTING Suites.Auth.TC01 register user
[DEBUG]   2026-05-26 04:43:40.549550 [PID:2380] [1] [ID:1] EXECUTING Suites.Auth.TC02 login valid
[DEBUG]   2026-05-26 04:43:45.554468 [PID:2379] [0] [ID:0] still running Suites.Auth.TC01 register user after 5.0s
[DEBUG]   2026-05-26 04:43:45.555510 [PID:2380] [1] [ID:1] still running Suites.Auth.TC02 login valid after 5.0s
[DEBUG]   2026-05-26 04:43:55.571030 [PID:2380] [1] [ID:1] still running Suites.Auth.TC02 login valid after 15.0s
[DEBUG]   2026-05-26 04:43:55.573262 [PID:2379] [0] [ID:0] still running Suites.Auth.TC01 register user after 15.0s
[DEBUG]   2026-05-26 04:44:10.592406 [PID:2380] [1] [ID:1] still running Suites.Auth.TC02 login valid after 30.0s
[DEBUG]   2026-05-26 04:44:10.597339 [PID:2379] [0] [ID:0] still running Suites.Auth.TC01 register user after 30.0s
[INFO]    2026-05-26 04:44:21.912640 [PID:2379] [0] [ID:0] PASSED Suites.Auth.TC01 register user in 41.4 seconds
[DEBUG]   2026-05-26 04:44:21.917160 [PID:2861] [0] [ID:2] EXECUTING Suites.Auth.TC03 login invalid
[INFO]    2026-05-26 04:44:24.416852 [PID:2380] [1] [ID:1] PASSED Suites.Auth.TC02 login valid in 43.9 seconds
[DEBUG]   2026-05-26 04:44:24.425903 [PID:3023] [1] [ID:3] EXECUTING Suites.Auth.TC04 logout user
[DEBUG]   2026-05-26 04:44:26.931560 [PID:2861] [0] [ID:2] still running Suites.Auth.TC03 login invalid after 5.0s
[DEBUG]   2026-05-26 04:44:29.435844 [PID:3023] [1] [ID:3] still running Suites.Auth.TC04 logout user after 5.0s
[DEBUG]   2026-05-26 04:44:36.944293 [PID:2861] [0] [ID:2] still running Suites.Auth.TC03 login invalid after 15.0s
[INFO]    2026-05-26 04:44:37.947723 [PID:2861] [0] [ID:2] PASSED Suites.Auth.TC03 login invalid in 16.0 seconds
[DEBUG]   2026-05-26 04:44:37.952585 [PID:3329] [0] [ID:4] EXECUTING Suites.Auth.TC05 register existing email
[DEBUG]   2026-05-26 04:44:39.449377 [PID:3023] [1] [ID:3] still running Suites.Auth.TC04 logout user after 15.0s
[DEBUG]   2026-05-26 04:44:42.967185 [PID:3329] [0] [ID:4] still running Suites.Auth.TC05 register existing email after 5.0s
[DEBUG]   2026-05-26 04:44:52.981068 [PID:3329] [0] [ID:4] still running Suites.Auth.TC05 register existing email after 15.0s
[DEBUG]   2026-05-26 04:44:54.469539 [PID:3023] [1] [ID:3] still running Suites.Auth.TC04 logout user after 30.0s
[INFO]    2026-05-26 04:44:55.873997 [PID:3023] [1] [ID:3] PASSED Suites.Auth.TC04 logout user in 31.5 seconds
[DEBUG]   2026-05-26 04:44:55.881083 [PID:3568] [1] [ID:5] EXECUTING Suites.Cart.TC12 add products to cart
[DEBUG]   2026-05-26 04:45:00.889639 [PID:3568] [1] [ID:5] still running Suites.Cart.TC12 add products to cart after 5.0s
[DEBUG]   2026-05-26 04:45:07.997231 [PID:3329] [0] [ID:4] still running Suites.Auth.TC05 register existing email after 30.0s
[DEBUG]   2026-05-26 04:45:10.901115 [PID:3568] [1] [ID:5] still running Suites.Cart.TC12 add products to cart after 15.0s
[INFO]    2026-05-26 04:45:12.706251 [PID:3329] [0] [ID:4] PASSED Suites.Auth.TC05 register existing email in 34.8 seconds
[DEBUG]   2026-05-26 04:45:12.712275 [PID:3820] [0] [ID:6] EXECUTING Suites.Cart.TC13 verify product quantity
[INFO]    2026-05-26 04:45:14.413543 [PID:3568] [1] [ID:5] PASSED Suites.Cart.TC12 add products to cart in 18.5 seconds
[DEBUG]   2026-05-26 04:45:14.421610 [PID:3984] [1] [ID:7] EXECUTING Suites.Cart.TC17 remove products from cart
[DEBUG]   2026-05-26 04:45:17.730051 [PID:3820] [0] [ID:6] still running Suites.Cart.TC13 verify product quantity after 5.0s
[DEBUG]   2026-05-26 04:45:19.432684 [PID:3984] [1] [ID:7] still running Suites.Cart.TC17 remove products from cart after 5.0s
[INFO]    2026-05-26 04:45:26.946161 [PID:3820] [0] [ID:6] PASSED Suites.Cart.TC13 verify product quantity in 14.2 seconds
[DEBUG]   2026-05-26 04:45:26.950844 [PID:4286] [0] [ID:8] EXECUTING Suites.Cart.TC20 search and verify cart after login
[DEBUG]   2026-05-26 04:45:29.446729 [PID:3984] [1] [ID:7] still running Suites.Cart.TC17 remove products from cart after 15.0s
[DEBUG]   2026-05-26 04:45:31.959697 [PID:4286] [0] [ID:8] still running Suites.Cart.TC20 search and verify cart after login after 5.0s
[INFO]    2026-05-26 04:45:34.155731 [PID:3984] [1] [ID:7] PASSED Suites.Cart.TC17 remove products from cart in 19.7 seconds
[DEBUG]   2026-05-26 04:45:34.161523 [PID:4521] [1] [ID:9] EXECUTING Suites.Cart.TC22 add from recommended items
[DEBUG]   2026-05-26 04:45:39.168879 [PID:4521] [1] [ID:9] still running Suites.Cart.TC22 add from recommended items after 5.0s
[DEBUG]   2026-05-26 04:45:41.972224 [PID:4286] [0] [ID:8] still running Suites.Cart.TC20 search and verify cart after login after 15.0s
[DEBUG]   2026-05-26 04:45:49.182759 [PID:4521] [1] [ID:9] still running Suites.Cart.TC22 add from recommended items after 15.0s
[INFO]    2026-05-26 04:45:50.287133 [PID:4521] [1] [ID:9] PASSED Suites.Cart.TC22 add from recommended items in 16.1 seconds
[DEBUG]   2026-05-26 04:45:56.991989 [PID:4286] [0] [ID:8] still running Suites.Cart.TC20 search and verify cart after login after 30.0s
[INFO]    2026-05-26 04:46:04.804632 [PID:4286] [0] [ID:8] PASSED Suites.Cart.TC20 search and verify cart after login in 37.9 seconds
[INFO]    10 tests, 10 passed, 0 failed, 0 skipped.
[INFO]    ===================================================
[INFO]    Output:  /home/runner/work/engg-robot-testing-framework/engg-robot-testing-framework/reports/output.xml
[INFO]    Log:     /home/runner/work/engg-robot-testing-framework/engg-robot-testing-framework/reports/log.html
[INFO]    Report:  /home/runner/work/engg-robot-testing-framework/engg-robot-testing-framework/reports/report.html
[DEBUG]   Finalizing Pabot execution...
[DEBUG]   Stopping PabotLib process
[INFO]    Robot Framework remote server at 127.0.0.1:8270 stopped.
[DEBUG]   PabotLib process stopped
[INFO]    Total testing: 4 minutes 34.0 seconds
[INFO]    Elapsed time:  2 minutes 24.88 seconds
[DEBUG]   Logs flushed successfully.
