2026-08-05 03:43:15.098456 ==============================================================================
2026-08-05 03:43:15.119794 Suites
2026-08-05 03:43:15.119819 ==============================================================================
2026-08-05 03:43:15.119833 Suites.Auth
2026-08-05 03:43:15.120594 ==============================================================================
2026-08-05 03:43:15.120612 Suites.Auth.TC03 login invalid
2026-08-05 03:43:15.120612 [ ERROR ] Error in file '/home/runner/work/engg-robot-testing-framework/engg-robot-testing-framework/tests/auth/TC03_login_invalid.robot' on line 2: Importing library 'playwright_keyword_library.PlaywrightKeywordLibrary' failed: ModuleNotFoundError: No module named 'playwright_keyword_library'
2026-08-05 03:43:15.140317 ==============================================================================
2026-08-05 03:43:15.140317 Traceback (most recent call last):
2026-08-05 03:43:15.140345   None
2026-08-05 03:43:15.190522 PYTHONPATH:
2026-08-05 03:43:15.240689   /opt/hostedtoolcache/Python/3.11.15/x64/bin
2026-08-05 03:43:15.290864   /opt/hostedtoolcache/Python/3.11.15/x64/lib/python311.zip
2026-08-05 03:43:15.341026   /opt/hostedtoolcache/Python/3.11.15/x64/lib/python3.11
2026-08-05 03:43:15.391206   /opt/hostedtoolcache/Python/3.11.15/x64/lib/python3.11/lib-dynload
2026-08-05 03:43:15.441437   /opt/hostedtoolcache/Python/3.11.15/x64/lib/python3.11/site-packages
2026-08-05 03:43:15.491659 [ ERROR ] Error in file '/home/runner/work/engg-robot-testing-framework/engg-robot-testing-framework/resources/auth_keywords.resource' on line 2: Importing library 'playwright_keyword_library.PlaywrightKeywordLibrary' failed: ModuleNotFoundError: No module named 'playwright_keyword_library'
2026-08-05 03:43:15.541865 Traceback (most recent call last):
2026-08-05 03:43:15.592085   None
2026-08-05 03:43:15.642303 PYTHONPATH:
2026-08-05 03:43:15.692512   /opt/hostedtoolcache/Python/3.11.15/x64/bin
2026-08-05 03:43:15.742737   /opt/hostedtoolcache/Python/3.11.15/x64/lib/python311.zip
2026-08-05 03:43:15.792948   /opt/hostedtoolcache/Python/3.11.15/x64/lib/python3.11
2026-08-05 03:43:15.843129   /opt/hostedtoolcache/Python/3.11.15/x64/lib/python3.11/lib-dynload
2026-08-05 03:43:15.893350   /opt/hostedtoolcache/Python/3.11.15/x64/lib/python3.11/site-packages
2026-08-05 03:43:15.943556 [ ERROR ] Error in file '/home/runner/work/engg-robot-testing-framework/engg-robot-testing-framework/resources/common.resource' on line 4: Importing library 'playwright_keyword_library.PlaywrightKeywordLibrary' failed: ModuleNotFoundError: No module named 'playwright_keyword_library'
2026-08-05 03:43:15.993804 Traceback (most recent call last):
2026-08-05 03:43:16.044013   None
2026-08-05 03:43:16.094185 PYTHONPATH:
2026-08-05 03:43:16.144397   /opt/hostedtoolcache/Python/3.11.15/x64/bin
2026-08-05 03:43:16.194592   /opt/hostedtoolcache/Python/3.11.15/x64/lib/python311.zip
2026-08-05 03:43:16.244853   /opt/hostedtoolcache/Python/3.11.15/x64/lib/python3.11
2026-08-05 03:43:16.295065   /opt/hostedtoolcache/Python/3.11.15/x64/lib/python3.11/lib-dynload
2026-08-05 03:43:16.345289   /opt/hostedtoolcache/Python/3.11.15/x64/lib/python3.11/site-packages
2026-08-05 03:43:25.120637 TC03 Login User With Incorrect Email And Password                     | FAIL |
2026-08-05 03:43:25.150712 Setup failed:
2026-08-05 03:43:25.150734 No keyword with name 'Open Browser' found.
2026-08-05 03:43:25.150783 
2026-08-05 03:43:25.150806 Also teardown failed:
2026-08-05 03:43:25.150820 Several failures occurred:
2026-08-05 03:43:25.150832 
2026-08-05 03:43:25.150848 1) No keyword with name 'Register Keyword To Run On Failure' found.
2026-08-05 03:43:25.150865 
2026-08-05 03:43:25.150878 2) No keyword with name 'Close Browser' found. Did you mean:
2026-08-05 03:43:25.150891     common.Close Test Browser
2026-08-05 03:43:25.150903 ------------------------------------------------------------------------------
2026-08-05 03:43:25.150925 Suites.Auth.TC03 login invalid                                        | FAIL |
2026-08-05 03:43:25.151376 1 test, 0 passed, 1 failed
2026-08-05 03:43:25.151432 ==============================================================================
2026-08-05 03:43:25.151448 Suites.Auth                                                           | FAIL |
2026-08-05 03:43:25.151792 1 test, 0 passed, 1 failed
2026-08-05 03:43:25.151849 ==============================================================================
2026-08-05 03:43:25.151864 Suites                                                                | FAIL |
2026-08-05 03:43:25.152205 1 test, 0 passed, 1 failed
2026-08-05 03:43:25.152223 ==============================================================================
2026-08-05 03:43:25.152238 Output:  /home/runner/work/engg-robot-testing-framework/engg-robot-testing-framework/reports/pabot_results/2/output.xml
