2026-08-10 02:41:42.486391 ==============================================================================
2026-08-10 02:41:42.528004 Suites
2026-08-10 02:41:42.528014 ==============================================================================
2026-08-10 02:41:42.528019 Suites.Cart
2026-08-10 02:41:42.528626 ==============================================================================
2026-08-10 02:41:42.528632 Suites.Cart.TC22 add from recommended items :: TC22 - Add To Cart From Reco...
2026-08-10 02:41:42.528632 [ ERROR ] Error in file '/home/runner/work/engg-robot-testing-framework/engg-robot-testing-framework/resources/common.resource' on line 4: Importing library 'playwright_keyword_library.PlaywrightKeywordLibrary' failed: ModuleNotFoundError: No module named 'playwright_keyword_library'
2026-08-10 02:41:42.547299 ==============================================================================
2026-08-10 02:41:42.547299 Traceback (most recent call last):
2026-08-10 02:41:42.547308   None
2026-08-10 02:41:42.597416 PYTHONPATH:
2026-08-10 02:41:42.647565   /opt/hostedtoolcache/Python/3.11.15/x64/bin
2026-08-10 02:41:42.697718   /opt/hostedtoolcache/Python/3.11.15/x64/lib/python311.zip
2026-08-10 02:41:42.747856   /opt/hostedtoolcache/Python/3.11.15/x64/lib/python3.11
2026-08-10 02:41:42.798026   /opt/hostedtoolcache/Python/3.11.15/x64/lib/python3.11/lib-dynload
2026-08-10 02:41:42.848187   /opt/hostedtoolcache/Python/3.11.15/x64/lib/python3.11/site-packages
2026-08-10 02:41:42.898340 [ ERROR ] Error in file '/home/runner/work/engg-robot-testing-framework/engg-robot-testing-framework/resources/cart_keywords.resource' on line 2: Importing library 'playwright_keyword_library.PlaywrightKeywordLibrary' failed: ModuleNotFoundError: No module named 'playwright_keyword_library'
2026-08-10 02:41:42.948466 Traceback (most recent call last):
2026-08-10 02:41:42.998568   None
2026-08-10 02:41:43.048697 PYTHONPATH:
2026-08-10 02:41:43.098790   /opt/hostedtoolcache/Python/3.11.15/x64/bin
2026-08-10 02:41:43.148885   /opt/hostedtoolcache/Python/3.11.15/x64/lib/python311.zip
2026-08-10 02:41:43.199013   /opt/hostedtoolcache/Python/3.11.15/x64/lib/python3.11
2026-08-10 02:41:43.249123   /opt/hostedtoolcache/Python/3.11.15/x64/lib/python3.11/lib-dynload
2026-08-10 02:41:43.299207   /opt/hostedtoolcache/Python/3.11.15/x64/lib/python3.11/site-packages
2026-08-10 02:41:52.517355 TC22 Add To Cart From Recommended Items                               | FAIL |
2026-08-10 02:41:52.556225 Setup failed:
2026-08-10 02:41:52.556236 No keyword with name 'Open Browser' found.
2026-08-10 02:41:52.556242 
2026-08-10 02:41:52.556247 Also teardown failed:
2026-08-10 02:41:52.556252 Several failures occurred:
2026-08-10 02:41:52.556257 
2026-08-10 02:41:52.556262 1) No keyword with name 'Register Keyword To Run On Failure' found.
2026-08-10 02:41:52.556267 
2026-08-10 02:41:52.556271 2) No keyword with name 'Close Browser' found. Did you mean:
2026-08-10 02:41:52.556277     common.Close Test Browser
2026-08-10 02:41:52.556281 ------------------------------------------------------------------------------
2026-08-10 02:41:52.556285 Suites.Cart.TC22 add from recommended items :: TC22 - Add To Cart ... | FAIL |
2026-08-10 02:41:52.556689 1 test, 0 passed, 1 failed
2026-08-10 02:41:52.556750 ==============================================================================
2026-08-10 02:41:52.556755 Suites.Cart                                                           | FAIL |
2026-08-10 02:41:52.556995 1 test, 0 passed, 1 failed
2026-08-10 02:41:52.557022 ==============================================================================
2026-08-10 02:41:52.557094 Suites                                                                | FAIL |
2026-08-10 02:41:52.557255 1 test, 0 passed, 1 failed
2026-08-10 02:41:52.557336 ==============================================================================
2026-08-10 02:41:52.557342 Output:  /home/runner/work/engg-robot-testing-framework/engg-robot-testing-framework/reports/pabot_results/9/output.xml
