2026-06-15 05:36:51.073954 ==============================================================================
2026-06-15 05:36:51.088346 Suites
2026-06-15 05:36:51.088365 ==============================================================================
2026-06-15 05:36:51.088380 Suites.Auth
2026-06-15 05:36:51.089197 ==============================================================================
2026-06-15 05:36:51.189440 Suites.Auth.TC04 logout user
2026-06-15 05:36:51.214495 ==============================================================================
2026-06-15 05:37:02.040066 TC04 Logout User                                                      | FAIL |
2026-06-15 05:37:02.086201 Setup failed:
2026-06-15 05:37:02.086220 Title should have been 'Automation Exercise' but was 'One moment, please...'.
2026-06-15 05:37:02.086234 ------------------------------------------------------------------------------
2026-06-15 05:37:02.086247 Suites.Auth.TC04 logout user                                          | FAIL |
2026-06-15 05:37:02.086847 1 test, 0 passed, 1 failed
2026-06-15 05:37:02.086928 ==============================================================================
2026-06-15 05:37:02.086951 Suites.Auth                                                           | FAIL |
2026-06-15 05:37:02.087307 1 test, 0 passed, 1 failed
2026-06-15 05:37:02.087364 ==============================================================================
2026-06-15 05:37:02.087379 Suites                                                                | FAIL |
2026-06-15 05:37:02.087677 1 test, 0 passed, 1 failed
2026-06-15 05:37:02.087733 ==============================================================================
2026-06-15 05:37:02.087748 Output:  /home/runner/work/engg-robot-testing-framework/engg-robot-testing-framework/reports/pabot_results/3/output.xml
