2026-08-09 02:35:18.141131 ==============================================================================
2026-08-09 02:35:18.168708 Suites
2026-08-09 02:35:18.168726 ==============================================================================
2026-08-09 02:35:18.168739 Suites.Cart
2026-08-09 02:35:18.169554 ==============================================================================
2026-08-09 02:35:18.169568 Suites.Cart.TC12 add products to cart :: TC12 - Add Products In Cart
2026-08-09 02:35:18.169568 [ ERROR ] Error in file '/home/runner/work/engg-robot-testing-framework/engg-robot-testing-framework/resources/common.resource' on line 4: Importing library 'playwright_keyword_library.PlaywrightKeywordLibrary' failed: ModuleNotFoundError: No module named 'playwright_keyword_library'
2026-08-09 02:35:18.198818 ==============================================================================
2026-08-09 02:35:18.198818 Traceback (most recent call last):
2026-08-09 02:35:18.198836   None
2026-08-09 02:35:18.248943 PYTHONPATH:
2026-08-09 02:35:18.299087   /opt/hostedtoolcache/Python/3.11.15/x64/bin
2026-08-09 02:35:18.349262   /opt/hostedtoolcache/Python/3.11.15/x64/lib/python311.zip
2026-08-09 02:35:18.399454   /opt/hostedtoolcache/Python/3.11.15/x64/lib/python3.11
2026-08-09 02:35:18.449644   /opt/hostedtoolcache/Python/3.11.15/x64/lib/python3.11/lib-dynload
2026-08-09 02:35:18.499774   /opt/hostedtoolcache/Python/3.11.15/x64/lib/python3.11/site-packages
2026-08-09 02:35:18.549986 [ ERROR ] Error in file '/home/runner/work/engg-robot-testing-framework/engg-robot-testing-framework/resources/product_keywords.resource' on line 2: Importing library 'playwright_keyword_library.PlaywrightKeywordLibrary' failed: ModuleNotFoundError: No module named 'playwright_keyword_library'
2026-08-09 02:35:18.600174 Traceback (most recent call last):
2026-08-09 02:35:18.650373   None
2026-08-09 02:35:18.700545 PYTHONPATH:
2026-08-09 02:35:18.750732   /opt/hostedtoolcache/Python/3.11.15/x64/bin
2026-08-09 02:35:18.800918   /opt/hostedtoolcache/Python/3.11.15/x64/lib/python311.zip
2026-08-09 02:35:18.851113   /opt/hostedtoolcache/Python/3.11.15/x64/lib/python3.11
2026-08-09 02:35:18.901291   /opt/hostedtoolcache/Python/3.11.15/x64/lib/python3.11/lib-dynload
2026-08-09 02:35:18.951495   /opt/hostedtoolcache/Python/3.11.15/x64/lib/python3.11/site-packages
2026-08-09 02:35:19.001712 [ ERROR ] Error in file '/home/runner/work/engg-robot-testing-framework/engg-robot-testing-framework/resources/cart_keywords.resource' on line 2: Importing library 'playwright_keyword_library.PlaywrightKeywordLibrary' failed: ModuleNotFoundError: No module named 'playwright_keyword_library'
2026-08-09 02:35:19.051918 Traceback (most recent call last):
2026-08-09 02:35:19.102123   None
2026-08-09 02:35:19.152323 PYTHONPATH:
2026-08-09 02:35:19.202531   /opt/hostedtoolcache/Python/3.11.15/x64/bin
2026-08-09 02:35:19.252745   /opt/hostedtoolcache/Python/3.11.15/x64/lib/python311.zip
2026-08-09 02:35:19.302941   /opt/hostedtoolcache/Python/3.11.15/x64/lib/python3.11
2026-08-09 02:35:19.353129   /opt/hostedtoolcache/Python/3.11.15/x64/lib/python3.11/lib-dynload
2026-08-09 02:35:19.403306   /opt/hostedtoolcache/Python/3.11.15/x64/lib/python3.11/site-packages
2026-08-09 02:35:28.176848 TC12 Add Products In Cart                                             | FAIL |
2026-08-09 02:35:28.209916 Setup failed:
2026-08-09 02:35:28.209938 No keyword with name 'Open Browser' found.
2026-08-09 02:35:28.209968 
2026-08-09 02:35:28.209983 Also teardown failed:
2026-08-09 02:35:28.209995 Several failures occurred:
2026-08-09 02:35:28.210009 
2026-08-09 02:35:28.210019 1) No keyword with name 'Register Keyword To Run On Failure' found.
2026-08-09 02:35:28.210033 
2026-08-09 02:35:28.210067 2) No keyword with name 'Close Browser' found. Did you mean:
2026-08-09 02:35:28.210078     common.Close Test Browser
2026-08-09 02:35:28.210088 ------------------------------------------------------------------------------
2026-08-09 02:35:28.210097 Suites.Cart.TC12 add products to cart :: TC12 - Add Products In Cart  | FAIL |
2026-08-09 02:35:28.210560 1 test, 0 passed, 1 failed
2026-08-09 02:35:28.210603 ==============================================================================
2026-08-09 02:35:28.210612 Suites.Cart                                                           | FAIL |
2026-08-09 02:35:28.210929 1 test, 0 passed, 1 failed
2026-08-09 02:35:28.210978 ==============================================================================
2026-08-09 02:35:28.210988 Suites                                                                | FAIL |
2026-08-09 02:35:28.211264 1 test, 0 passed, 1 failed
2026-08-09 02:35:28.211292 ==============================================================================
2026-08-09 02:35:28.211301 Output:  /home/runner/work/engg-robot-testing-framework/engg-robot-testing-framework/reports/pabot_results/5/output.xml
