2026-07-28 03:46:52.074729 ==============================================================================
2026-07-28 03:46:52.092045 Suites
2026-07-28 03:46:52.092066 ==============================================================================
2026-07-28 03:46:52.092082 Suites.Cart
2026-07-28 03:46:52.092871 ==============================================================================
2026-07-28 03:46:52.092890 Suites.Cart.TC17 remove products from cart :: TC17 - Remove Products From Cart
2026-07-28 03:46:52.092890 [ ERROR ] Error in file '/home/runner/work/engg-robot-testing-framework/engg-robot-testing-framework/resources/common.resource' on line 4: Importing library 'playwright_keyword_library.PlaywrightKeywordLibrary' failed: ModuleNotFoundError: No module named 'playwright_keyword_library'
2026-07-28 03:46:52.123060 ==============================================================================
2026-07-28 03:46:52.123060 Traceback (most recent call last):
2026-07-28 03:46:52.123085   None
2026-07-28 03:46:52.173181 PYTHONPATH:
2026-07-28 03:46:52.223270   /opt/hostedtoolcache/Python/3.11.15/x64/bin
2026-07-28 03:46:52.273364   /opt/hostedtoolcache/Python/3.11.15/x64/lib/python311.zip
2026-07-28 03:46:52.323463   /opt/hostedtoolcache/Python/3.11.15/x64/lib/python3.11
2026-07-28 03:46:52.373565   /opt/hostedtoolcache/Python/3.11.15/x64/lib/python3.11/lib-dynload
2026-07-28 03:46:52.423716   /opt/hostedtoolcache/Python/3.11.15/x64/lib/python3.11/site-packages
2026-07-28 03:46:52.473876 [ ERROR ] Error in file '/home/runner/work/engg-robot-testing-framework/engg-robot-testing-framework/resources/product_keywords.resource' on line 2: Importing library 'playwright_keyword_library.PlaywrightKeywordLibrary' failed: ModuleNotFoundError: No module named 'playwright_keyword_library'
2026-07-28 03:46:52.524030 Traceback (most recent call last):
2026-07-28 03:46:52.574191   None
2026-07-28 03:46:52.624349 PYTHONPATH:
2026-07-28 03:46:52.674509   /opt/hostedtoolcache/Python/3.11.15/x64/bin
2026-07-28 03:46:52.724663   /opt/hostedtoolcache/Python/3.11.15/x64/lib/python311.zip
2026-07-28 03:46:52.774820   /opt/hostedtoolcache/Python/3.11.15/x64/lib/python3.11
2026-07-28 03:46:52.824971   /opt/hostedtoolcache/Python/3.11.15/x64/lib/python3.11/lib-dynload
2026-07-28 03:46:52.875131   /opt/hostedtoolcache/Python/3.11.15/x64/lib/python3.11/site-packages
2026-07-28 03:46:52.925285 [ ERROR ] Error in file '/home/runner/work/engg-robot-testing-framework/engg-robot-testing-framework/resources/cart_keywords.resource' on line 2: Importing library 'playwright_keyword_library.PlaywrightKeywordLibrary' failed: ModuleNotFoundError: No module named 'playwright_keyword_library'
2026-07-28 03:46:52.975405 Traceback (most recent call last):
2026-07-28 03:46:53.025521   None
2026-07-28 03:46:53.075633 PYTHONPATH:
2026-07-28 03:46:53.125783   /opt/hostedtoolcache/Python/3.11.15/x64/bin
2026-07-28 03:46:53.175939   /opt/hostedtoolcache/Python/3.11.15/x64/lib/python311.zip
2026-07-28 03:46:53.226081   /opt/hostedtoolcache/Python/3.11.15/x64/lib/python3.11
2026-07-28 03:46:53.276224   /opt/hostedtoolcache/Python/3.11.15/x64/lib/python3.11/lib-dynload
2026-07-28 03:46:53.326367   /opt/hostedtoolcache/Python/3.11.15/x64/lib/python3.11/site-packages
2026-07-28 03:47:02.097660 TC17 Remove Products From Cart                                        | FAIL |
2026-07-28 03:47:02.133984 Setup failed:
2026-07-28 03:47:02.134001 No keyword with name 'Open Browser' found.
2026-07-28 03:47:02.134015 
2026-07-28 03:47:02.134028 Also teardown failed:
2026-07-28 03:47:02.134041 Several failures occurred:
2026-07-28 03:47:02.134055 
2026-07-28 03:47:02.134068 1) No keyword with name 'Register Keyword To Run On Failure' found.
2026-07-28 03:47:02.134081 
2026-07-28 03:47:02.134093 2) No keyword with name 'Close Browser' found. Did you mean:
2026-07-28 03:47:02.134106     common.Close Test Browser
2026-07-28 03:47:02.134119 ------------------------------------------------------------------------------
2026-07-28 03:47:02.134132 Suites.Cart.TC17 remove products from cart :: TC17 - Remove Produc... | FAIL |
2026-07-28 03:47:02.134711 1 test, 0 passed, 1 failed
2026-07-28 03:47:02.134786 ==============================================================================
2026-07-28 03:47:02.134802 Suites.Cart                                                           | FAIL |
2026-07-28 03:47:02.135211 1 test, 0 passed, 1 failed
2026-07-28 03:47:02.135295 ==============================================================================
2026-07-28 03:47:02.135321 Suites                                                                | FAIL |
2026-07-28 03:47:02.135679 1 test, 0 passed, 1 failed
2026-07-28 03:47:02.135801 ==============================================================================
2026-07-28 03:47:02.135821 Output:  /home/runner/work/engg-robot-testing-framework/engg-robot-testing-framework/reports/pabot_results/7/output.xml
