2026-09-24 05:11:15.273105 ==============================================================================
2026-09-24 05:11:15.285926 Suites
2026-09-24 05:11:15.285947 ==============================================================================
2026-09-24 05:11:15.285963 Suites.Auth
2026-09-24 05:11:15.286776 ==============================================================================
2026-09-24 05:11:15.286795 Suites.Auth.TC03 login invalid
2026-09-24 05:11:15.286795 [ ERROR ] Error in file '/home/runner/work/engg-robot-testing-framework/engg-robot-testing-framework/tests/auth/TC03_login_invalid.robot' on line 2: Importing library 'playwright_keyword_library.PlaywrightKeywordLibrary' failed: ModuleNotFoundError: No module named 'playwright_keyword_library'
2026-09-24 05:11:15.305486 ==============================================================================
2026-09-24 05:11:15.305486 Traceback (most recent call last):
2026-09-24 05:11:15.305513   None
2026-09-24 05:11:15.355665 PYTHONPATH:
2026-09-24 05:11:15.405814   /opt/hostedtoolcache/Python/3.11.16/x64/bin
2026-09-24 05:11:15.455955   /opt/hostedtoolcache/Python/3.11.16/x64/lib/python311.zip
2026-09-24 05:11:15.506097   /opt/hostedtoolcache/Python/3.11.16/x64/lib/python3.11
2026-09-24 05:11:15.556237   /opt/hostedtoolcache/Python/3.11.16/x64/lib/python3.11/lib-dynload
2026-09-24 05:11:15.606387   /opt/hostedtoolcache/Python/3.11.16/x64/lib/python3.11/site-packages
2026-09-24 05:11:15.656543 [ ERROR ] Error in file '/home/runner/work/engg-robot-testing-framework/engg-robot-testing-framework/resources/auth_keywords.resource' on line 2: Importing library 'playwright_keyword_library.PlaywrightKeywordLibrary' failed: ModuleNotFoundError: No module named 'playwright_keyword_library'
2026-09-24 05:11:15.706709 Traceback (most recent call last):
2026-09-24 05:11:15.756871   None
2026-09-24 05:11:15.807039 PYTHONPATH:
2026-09-24 05:11:15.857181   /opt/hostedtoolcache/Python/3.11.16/x64/bin
2026-09-24 05:11:15.907343   /opt/hostedtoolcache/Python/3.11.16/x64/lib/python311.zip
2026-09-24 05:11:15.957509   /opt/hostedtoolcache/Python/3.11.16/x64/lib/python3.11
2026-09-24 05:11:16.007691   /opt/hostedtoolcache/Python/3.11.16/x64/lib/python3.11/lib-dynload
2026-09-24 05:11:16.057861   /opt/hostedtoolcache/Python/3.11.16/x64/lib/python3.11/site-packages
2026-09-24 05:11:16.108067 [ ERROR ] Error in file '/home/runner/work/engg-robot-testing-framework/engg-robot-testing-framework/resources/common.resource' on line 4: Importing library 'playwright_keyword_library.PlaywrightKeywordLibrary' failed: ModuleNotFoundError: No module named 'playwright_keyword_library'
2026-09-24 05:11:16.158193 Traceback (most recent call last):
2026-09-24 05:11:16.208362   None
2026-09-24 05:11:16.258525 PYTHONPATH:
2026-09-24 05:11:16.308679   /opt/hostedtoolcache/Python/3.11.16/x64/bin
2026-09-24 05:11:16.358822   /opt/hostedtoolcache/Python/3.11.16/x64/lib/python311.zip
2026-09-24 05:11:16.408992   /opt/hostedtoolcache/Python/3.11.16/x64/lib/python3.11
2026-09-24 05:11:16.459161   /opt/hostedtoolcache/Python/3.11.16/x64/lib/python3.11/lib-dynload
2026-09-24 05:11:16.509305   /opt/hostedtoolcache/Python/3.11.16/x64/lib/python3.11/site-packages
2026-09-24 05:11:25.282571 TC03 Login User With Incorrect Email And Password                     | FAIL |
2026-09-24 05:11:25.315735 Setup failed:
2026-09-24 05:11:25.315751 No keyword with name 'Open Browser' found.
2026-09-24 05:11:25.315761 
2026-09-24 05:11:25.315770 Also teardown failed:
2026-09-24 05:11:25.315779 Several failures occurred:
2026-09-24 05:11:25.315787 
2026-09-24 05:11:25.315796 1) No keyword with name 'Register Keyword To Run On Failure' found.
2026-09-24 05:11:25.315804 
2026-09-24 05:11:25.315812 2) No keyword with name 'Close Browser' found. Did you mean:
2026-09-24 05:11:25.315820     common.Close Test Browser
2026-09-24 05:11:25.315828 ------------------------------------------------------------------------------
2026-09-24 05:11:25.315836 Suites.Auth.TC03 login invalid                                        | FAIL |
2026-09-24 05:11:25.316387 1 test, 0 passed, 1 failed
2026-09-24 05:11:25.316409 ==============================================================================
2026-09-24 05:11:25.316426 Suites.Auth                                                           | FAIL |
2026-09-24 05:11:25.316796 1 test, 0 passed, 1 failed
2026-09-24 05:11:25.316876 ==============================================================================
2026-09-24 05:11:25.316891 Suites                                                                | FAIL |
2026-09-24 05:11:25.317178 1 test, 0 passed, 1 failed
2026-09-24 05:11:25.317244 ==============================================================================
2026-09-24 05:11:25.317258 Output:  /home/runner/work/engg-robot-testing-framework/engg-robot-testing-framework/reports/pabot_results/2/output.xml
