[INFO]    Initialized logging in reports/pabot_results
[INFO]    Robot Framework remote server at 127.0.0.1:8270 started.
[DEBUG]   2026-05-08 03:59:00.177780 [PID:2156] [0] [ID:0] EXECUTING Suites.Auth.TC01 register user
[DEBUG]   2026-05-08 03:59:00.179257 [PID:2157] [1] [ID:1] EXECUTING Suites.Auth.TC02 login valid
[DEBUG]   2026-05-08 03:59:05.184599 [PID:2156] [0] [ID:0] still running Suites.Auth.TC01 register user after 5.0s
[DEBUG]   2026-05-08 03:59:05.184711 [PID:2157] [1] [ID:1] still running Suites.Auth.TC02 login valid after 5.0s
[DEBUG]   2026-05-08 03:59:15.195846 [PID:2157] [1] [ID:1] still running Suites.Auth.TC02 login valid after 15.0s
[DEBUG]   2026-05-08 03:59:15.195933 [PID:2156] [0] [ID:0] still running Suites.Auth.TC01 register user after 15.0s
[DEBUG]   2026-05-08 03:59:30.213769 [PID:2157] [1] [ID:1] still running Suites.Auth.TC02 login valid after 30.0s
[DEBUG]   2026-05-08 03:59:30.213853 [PID:2156] [0] [ID:0] still running Suites.Auth.TC01 register user after 30.0s
[INFO]    2026-05-08 03:59:43.035949 [PID:2156] [0] [ID:0] PASSED Suites.Auth.TC01 register user in 42.9 seconds
[DEBUG]   2026-05-08 03:59:43.039799 [PID:2673] [0] [ID:2] EXECUTING Suites.Auth.TC03 login invalid
[INFO]    2026-05-08 03:59:44.336052 [PID:2157] [1] [ID:1] PASSED Suites.Auth.TC02 login valid in 44.2 seconds
[DEBUG]   2026-05-08 03:59:44.341645 [PID:2817] [1] [ID:3] EXECUTING Suites.Auth.TC04 logout user
[DEBUG]   2026-05-08 03:59:48.049735 [PID:2673] [0] [ID:2] still running Suites.Auth.TC03 login invalid after 5.0s
[DEBUG]   2026-05-08 03:59:49.350903 [PID:2817] [1] [ID:3] still running Suites.Auth.TC04 logout user after 5.0s
[DEBUG]   2026-05-08 03:59:58.059999 [PID:2673] [0] [ID:2] still running Suites.Auth.TC03 login invalid after 15.0s
[INFO]    2026-05-08 03:59:58.328303 [PID:2673] [0] [ID:2] PASSED Suites.Auth.TC03 login invalid in 15.1 seconds
[DEBUG]   2026-05-08 03:59:58.333882 [PID:3142] [0] [ID:4] EXECUTING Suites.Auth.TC05 register existing email
[DEBUG]   2026-05-08 03:59:59.366161 [PID:2817] [1] [ID:3] still running Suites.Auth.TC04 logout user after 15.0s
[DEBUG]   2026-05-08 04:00:03.343991 [PID:3142] [0] [ID:4] still running Suites.Auth.TC05 register existing email after 5.0s
[DEBUG]   2026-05-08 04:00:13.354844 [PID:3142] [0] [ID:4] still running Suites.Auth.TC05 register existing email after 15.0s
[DEBUG]   2026-05-08 04:00:14.382548 [PID:2817] [1] [ID:3] still running Suites.Auth.TC04 logout user after 30.0s
[INFO]    2026-05-08 04:00:14.889838 [PID:2817] [1] [ID:3] PASSED Suites.Auth.TC04 logout user in 30.5 seconds
[DEBUG]   2026-05-08 04:00:14.893602 [PID:3381] [1] [ID:5] EXECUTING Suites.Cart.TC12 add products to cart
[DEBUG]   2026-05-08 04:00:19.901358 [PID:3381] [1] [ID:5] still running Suites.Cart.TC12 add products to cart after 5.0s
[DEBUG]   2026-05-08 04:00:28.373591 [PID:3142] [0] [ID:4] still running Suites.Auth.TC05 register existing email after 30.0s
[DEBUG]   2026-05-08 04:00:29.910822 [PID:3381] [1] [ID:5] still running Suites.Cart.TC12 add products to cart after 15.0s
[INFO]    2026-05-08 04:00:31.783888 [PID:3142] [0] [ID:4] PASSED Suites.Auth.TC05 register existing email in 33.4 seconds
[DEBUG]   2026-05-08 04:00:31.787457 [PID:3618] [0] [ID:6] EXECUTING Suites.Cart.TC13 verify product quantity
[INFO]    2026-05-08 04:00:33.033518 [PID:3381] [1] [ID:5] PASSED Suites.Cart.TC12 add products to cart in 17.9 seconds
[DEBUG]   2026-05-08 04:00:33.038529 [PID:3754] [1] [ID:7] EXECUTING Suites.Cart.TC17 remove products from cart
[DEBUG]   2026-05-08 04:00:36.795207 [PID:3618] [0] [ID:6] still running Suites.Cart.TC13 verify product quantity after 5.0s
[DEBUG]   2026-05-08 04:00:38.050375 [PID:3754] [1] [ID:7] still running Suites.Cart.TC17 remove products from cart after 5.0s
[INFO]    2026-05-08 04:00:45.698131 [PID:3618] [0] [ID:6] PASSED Suites.Cart.TC13 verify product quantity in 13.6 seconds
[DEBUG]   2026-05-08 04:00:45.703528 [PID:4014] [0] [ID:8] EXECUTING Suites.Cart.TC20 search and verify cart after login
[DEBUG]   2026-05-08 04:00:48.061240 [PID:3754] [1] [ID:7] still running Suites.Cart.TC17 remove products from cart after 15.0s
[DEBUG]   2026-05-08 04:00:50.710282 [PID:4014] [0] [ID:8] still running Suites.Cart.TC20 search and verify cart after login after 5.0s
[INFO]    2026-05-08 04:00:51.492656 [PID:3754] [1] [ID:7] PASSED Suites.Cart.TC17 remove products from cart in 18.3 seconds
[DEBUG]   2026-05-08 04:00:51.496802 [PID:4274] [1] [ID:9] EXECUTING Suites.Cart.TC22 add from recommended items
[DEBUG]   2026-05-08 04:00:56.504537 [PID:4274] [1] [ID:9] still running Suites.Cart.TC22 add from recommended items after 5.0s
[DEBUG]   2026-05-08 04:01:00.724567 [PID:4014] [0] [ID:8] still running Suites.Cart.TC20 search and verify cart after login after 15.0s
[DEBUG]   2026-05-08 04:01:06.516240 [PID:4274] [1] [ID:9] still running Suites.Cart.TC22 add from recommended items after 15.0s
[INFO]    2026-05-08 04:01:08.221948 [PID:4274] [1] [ID:9] PASSED Suites.Cart.TC22 add from recommended items in 16.7 seconds
[DEBUG]   2026-05-08 04:01:15.741899 [PID:4014] [0] [ID:8] still running Suites.Cart.TC20 search and verify cart after login after 30.0s
[INFO]    2026-05-08 04:01:26.255282 [PID:4014] [0] [ID:8] PASSED Suites.Cart.TC20 search and verify cart after login in 40.6 seconds
[INFO]    10 tests, 10 passed, 0 failed, 0 skipped.
[INFO]    ===================================================
[INFO]    Output:  /home/runner/work/engg-robot-testing-framework/engg-robot-testing-framework/reports/output.xml
[INFO]    Log:     /home/runner/work/engg-robot-testing-framework/engg-robot-testing-framework/reports/log.html
[INFO]    Report:  /home/runner/work/engg-robot-testing-framework/engg-robot-testing-framework/reports/report.html
[DEBUG]   Finalizing Pabot execution...
[DEBUG]   Stopping PabotLib process
[INFO]    Robot Framework remote server at 127.0.0.1:8270 stopped.
[DEBUG]   PabotLib process stopped
[INFO]    Total testing: 4 minutes 33.20 seconds
[INFO]    Elapsed time:  2 minutes 26.73 seconds
[DEBUG]   Logs flushed successfully.
