2026-09-03 04:52:16.746301 ==============================================================================
2026-09-03 04:52:16.761302 Suites
2026-09-03 04:52:16.761323 ==============================================================================
2026-09-03 04:52:16.761336 Suites.Auth
2026-09-03 04:52:16.762136 ==============================================================================
2026-09-03 04:52:16.762155 Suites.Auth.TC02 login valid
2026-09-03 04:52:16.762155 [ ERROR ] Error in file '/home/runner/work/engg-robot-testing-framework/engg-robot-testing-framework/tests/auth/TC02_login_valid.robot' on line 2: Importing library 'playwright_keyword_library.PlaywrightKeywordLibrary' failed: ModuleNotFoundError: No module named 'playwright_keyword_library'
2026-09-03 04:52:16.779464 ==============================================================================
2026-09-03 04:52:16.779464 Traceback (most recent call last):
2026-09-03 04:52:16.779486   None
2026-09-03 04:52:16.829637 PYTHONPATH:
2026-09-03 04:52:16.879848   /opt/hostedtoolcache/Python/3.11.16/x64/bin
2026-09-03 04:52:16.930024   /opt/hostedtoolcache/Python/3.11.16/x64/lib/python311.zip
2026-09-03 04:52:16.980202   /opt/hostedtoolcache/Python/3.11.16/x64/lib/python3.11
2026-09-03 04:52:17.030370   /opt/hostedtoolcache/Python/3.11.16/x64/lib/python3.11/lib-dynload
2026-09-03 04:52:17.080551   /opt/hostedtoolcache/Python/3.11.16/x64/lib/python3.11/site-packages
2026-09-03 04:52:17.130731 [ ERROR ] Error in file '/home/runner/work/engg-robot-testing-framework/engg-robot-testing-framework/resources/auth_keywords.resource' on line 2: Importing library 'playwright_keyword_library.PlaywrightKeywordLibrary' failed: ModuleNotFoundError: No module named 'playwright_keyword_library'
2026-09-03 04:52:17.180916 Traceback (most recent call last):
2026-09-03 04:52:17.231111   None
2026-09-03 04:52:17.281344 PYTHONPATH:
2026-09-03 04:52:17.331545   /opt/hostedtoolcache/Python/3.11.16/x64/bin
2026-09-03 04:52:17.381830   /opt/hostedtoolcache/Python/3.11.16/x64/lib/python311.zip
2026-09-03 04:52:17.431986   /opt/hostedtoolcache/Python/3.11.16/x64/lib/python3.11
2026-09-03 04:52:17.482242   /opt/hostedtoolcache/Python/3.11.16/x64/lib/python3.11/lib-dynload
2026-09-03 04:52:17.532429   /opt/hostedtoolcache/Python/3.11.16/x64/lib/python3.11/site-packages
2026-09-03 04:52:17.582695 [ ERROR ] Error in file '/home/runner/work/engg-robot-testing-framework/engg-robot-testing-framework/resources/common.resource' on line 4: Importing library 'playwright_keyword_library.PlaywrightKeywordLibrary' failed: ModuleNotFoundError: No module named 'playwright_keyword_library'
2026-09-03 04:52:17.632899 Traceback (most recent call last):
2026-09-03 04:52:17.683153   None
2026-09-03 04:52:17.733346 PYTHONPATH:
2026-09-03 04:52:17.783601   /opt/hostedtoolcache/Python/3.11.16/x64/bin
2026-09-03 04:52:17.833797   /opt/hostedtoolcache/Python/3.11.16/x64/lib/python311.zip
2026-09-03 04:52:17.884004   /opt/hostedtoolcache/Python/3.11.16/x64/lib/python3.11
2026-09-03 04:52:17.934190   /opt/hostedtoolcache/Python/3.11.16/x64/lib/python3.11/lib-dynload
2026-09-03 04:52:17.984376   /opt/hostedtoolcache/Python/3.11.16/x64/lib/python3.11/site-packages
2026-09-03 04:52:26.757777 TC02 Login User With Correct Email And Password                       | FAIL |
2026-09-03 04:52:26.789219 Setup failed:
2026-09-03 04:52:26.789236 No keyword with name 'Open Browser' found.
2026-09-03 04:52:26.789249 
2026-09-03 04:52:26.789261 Also teardown failed:
2026-09-03 04:52:26.789271 Several failures occurred:
2026-09-03 04:52:26.789281 
2026-09-03 04:52:26.789291 1) No keyword with name 'Register Keyword To Run On Failure' found.
2026-09-03 04:52:26.789302 
2026-09-03 04:52:26.789312 2) No keyword with name 'Close Browser' found. Did you mean:
2026-09-03 04:52:26.789322     common.Close Test Browser
2026-09-03 04:52:26.789332 ------------------------------------------------------------------------------
2026-09-03 04:52:26.789346 Suites.Auth.TC02 login valid                                          | FAIL |
2026-09-03 04:52:26.789865 1 test, 0 passed, 1 failed
2026-09-03 04:52:26.789923 ==============================================================================
2026-09-03 04:52:26.789936 Suites.Auth                                                           | FAIL |
2026-09-03 04:52:26.790288 1 test, 0 passed, 1 failed
2026-09-03 04:52:26.790343 ==============================================================================
2026-09-03 04:52:26.790355 Suites                                                                | FAIL |
2026-09-03 04:52:26.790653 1 test, 0 passed, 1 failed
2026-09-03 04:52:26.790707 ==============================================================================
2026-09-03 04:52:26.790718 Output:  /home/runner/work/engg-robot-testing-framework/engg-robot-testing-framework/reports/pabot_results/1/output.xml
