2026-09-13 05:11:42.607452 ==============================================================================
2026-09-13 05:11:42.625785 Suites
2026-09-13 05:11:42.625806 ==============================================================================
2026-09-13 05:11:42.625821 Suites.Cart
2026-09-13 05:11:42.626654 ==============================================================================
2026-09-13 05:11:42.626674 Suites.Cart.TC20 search and verify cart after login :: TC20 - Search Produc...
2026-09-13 05:11:42.626674 [ ERROR ] Error in file '/home/runner/work/engg-robot-testing-framework/engg-robot-testing-framework/tests/cart/TC20_search_and_verify_cart_after_login.robot' on line 3: Importing library 'playwright_keyword_library.PlaywrightKeywordLibrary' failed: ModuleNotFoundError: No module named 'playwright_keyword_library'
2026-09-13 05:11:42.662492 ==============================================================================
2026-09-13 05:11:42.662492 Traceback (most recent call last):
2026-09-13 05:11:42.662517   None
2026-09-13 05:11:42.712625 PYTHONPATH:
2026-09-13 05:11:42.762740   /opt/hostedtoolcache/Python/3.11.16/x64/bin
2026-09-13 05:11:42.812862   /opt/hostedtoolcache/Python/3.11.16/x64/lib/python311.zip
2026-09-13 05:11:42.862960   /opt/hostedtoolcache/Python/3.11.16/x64/lib/python3.11
2026-09-13 05:11:42.913076   /opt/hostedtoolcache/Python/3.11.16/x64/lib/python3.11/lib-dynload
2026-09-13 05:11:42.963233   /opt/hostedtoolcache/Python/3.11.16/x64/lib/python3.11/site-packages
2026-09-13 05:11:43.013372 [ ERROR ] Error in file '/home/runner/work/engg-robot-testing-framework/engg-robot-testing-framework/resources/common.resource' on line 4: Importing library 'playwright_keyword_library.PlaywrightKeywordLibrary' failed: ModuleNotFoundError: No module named 'playwright_keyword_library'
2026-09-13 05:11:43.063532 Traceback (most recent call last):
2026-09-13 05:11:43.113690   None
2026-09-13 05:11:43.163844 PYTHONPATH:
2026-09-13 05:11:43.214000   /opt/hostedtoolcache/Python/3.11.16/x64/bin
2026-09-13 05:11:43.264161   /opt/hostedtoolcache/Python/3.11.16/x64/lib/python311.zip
2026-09-13 05:11:43.314320   /opt/hostedtoolcache/Python/3.11.16/x64/lib/python3.11
2026-09-13 05:11:43.364477   /opt/hostedtoolcache/Python/3.11.16/x64/lib/python3.11/lib-dynload
2026-09-13 05:11:43.414625   /opt/hostedtoolcache/Python/3.11.16/x64/lib/python3.11/site-packages
2026-09-13 05:11:43.464776 [ ERROR ] Error in file '/home/runner/work/engg-robot-testing-framework/engg-robot-testing-framework/resources/product_keywords.resource' on line 2: Importing library 'playwright_keyword_library.PlaywrightKeywordLibrary' failed: ModuleNotFoundError: No module named 'playwright_keyword_library'
2026-09-13 05:11:43.514909 Traceback (most recent call last):
2026-09-13 05:11:43.565063   None
2026-09-13 05:11:43.615220 PYTHONPATH:
2026-09-13 05:11:43.665329   /opt/hostedtoolcache/Python/3.11.16/x64/bin
2026-09-13 05:11:43.715485   /opt/hostedtoolcache/Python/3.11.16/x64/lib/python311.zip
2026-09-13 05:11:43.765642   /opt/hostedtoolcache/Python/3.11.16/x64/lib/python3.11
2026-09-13 05:11:43.815800   /opt/hostedtoolcache/Python/3.11.16/x64/lib/python3.11/lib-dynload
2026-09-13 05:11:43.865934   /opt/hostedtoolcache/Python/3.11.16/x64/lib/python3.11/site-packages
2026-09-13 05:11:43.916070 [ ERROR ] Error in file '/home/runner/work/engg-robot-testing-framework/engg-robot-testing-framework/resources/cart_keywords.resource' on line 2: Importing library 'playwright_keyword_library.PlaywrightKeywordLibrary' failed: ModuleNotFoundError: No module named 'playwright_keyword_library'
2026-09-13 05:11:43.966222 Traceback (most recent call last):
2026-09-13 05:11:44.016330   None
2026-09-13 05:11:44.066475 PYTHONPATH:
2026-09-13 05:11:44.116607   /opt/hostedtoolcache/Python/3.11.16/x64/bin
2026-09-13 05:11:44.166754   /opt/hostedtoolcache/Python/3.11.16/x64/lib/python311.zip
2026-09-13 05:11:44.216912   /opt/hostedtoolcache/Python/3.11.16/x64/lib/python3.11
2026-09-13 05:11:44.267081   /opt/hostedtoolcache/Python/3.11.16/x64/lib/python3.11/lib-dynload
2026-09-13 05:11:44.317246   /opt/hostedtoolcache/Python/3.11.16/x64/lib/python3.11/site-packages
2026-09-13 05:11:44.367404 [ ERROR ] Error in file '/home/runner/work/engg-robot-testing-framework/engg-robot-testing-framework/resources/auth_keywords.resource' on line 2: Importing library 'playwright_keyword_library.PlaywrightKeywordLibrary' failed: ModuleNotFoundError: No module named 'playwright_keyword_library'
2026-09-13 05:11:44.417563 Traceback (most recent call last):
2026-09-13 05:11:44.467697   None
2026-09-13 05:11:44.517834 PYTHONPATH:
2026-09-13 05:11:44.567991   /opt/hostedtoolcache/Python/3.11.16/x64/bin
2026-09-13 05:11:44.618151   /opt/hostedtoolcache/Python/3.11.16/x64/lib/python311.zip
2026-09-13 05:11:44.668308   /opt/hostedtoolcache/Python/3.11.16/x64/lib/python3.11
2026-09-13 05:11:44.718473   /opt/hostedtoolcache/Python/3.11.16/x64/lib/python3.11/lib-dynload
2026-09-13 05:11:44.768606   /opt/hostedtoolcache/Python/3.11.16/x64/lib/python3.11/site-packages
2026-09-13 05:11:52.638626 TC20 Search Products And Verify Cart After Login                      | FAIL |
2026-09-13 05:11:52.674183 Setup failed:
2026-09-13 05:11:52.674201 No keyword with name 'Open Browser' found.
2026-09-13 05:11:52.674216 
2026-09-13 05:11:52.674229 Also teardown failed:
2026-09-13 05:11:52.674243 Several failures occurred:
2026-09-13 05:11:52.674256 
2026-09-13 05:11:52.674269 1) No keyword with name 'Register Keyword To Run On Failure' found.
2026-09-13 05:11:52.674282 
2026-09-13 05:11:52.674294 2) No keyword with name 'Close Browser' found. Did you mean:
2026-09-13 05:11:52.674307     common.Close Test Browser
2026-09-13 05:11:52.674318 ------------------------------------------------------------------------------
2026-09-13 05:11:52.674329 Suites.Cart.TC20 search and verify cart after login :: TC20 - Sear... | FAIL |
2026-09-13 05:11:52.674898 1 test, 0 passed, 1 failed
2026-09-13 05:11:52.674922 ==============================================================================
2026-09-13 05:11:52.674991 Suites.Cart                                                           | FAIL |
2026-09-13 05:11:52.675374 1 test, 0 passed, 1 failed
2026-09-13 05:11:52.675390 ==============================================================================
2026-09-13 05:11:52.675405 Suites                                                                | FAIL |
2026-09-13 05:11:52.675735 1 test, 0 passed, 1 failed
2026-09-13 05:11:52.675751 ==============================================================================
2026-09-13 05:11:52.675763 Output:  /home/runner/work/engg-robot-testing-framework/engg-robot-testing-framework/reports/pabot_results/8/output.xml
