2026-09-14 05:17:27.508966 ==============================================================================
2026-09-14 05:17:27.523053 Suites
2026-09-14 05:17:27.523072 ==============================================================================
2026-09-14 05:17:27.523086 Suites.Auth
2026-09-14 05:17:27.523896 ==============================================================================
2026-09-14 05:17:27.523912 Suites.Auth.TC02 login valid
2026-09-14 05:17:27.523912 [ ERROR ] Error in file '/home/runner/work/engg-robot-testing-framework/engg-robot-testing-framework/tests/auth/TC02_login_valid.robot' on line 2: Importing library 'playwright_keyword_library.PlaywrightKeywordLibrary' failed: ModuleNotFoundError: No module named 'playwright_keyword_library'
2026-09-14 05:17:27.541077 ==============================================================================
2026-09-14 05:17:27.541077 Traceback (most recent call last):
2026-09-14 05:17:27.541098   None
2026-09-14 05:17:27.591207 PYTHONPATH:
2026-09-14 05:17:27.641342   /opt/hostedtoolcache/Python/3.11.16/x64/bin
2026-09-14 05:17:27.691455   /opt/hostedtoolcache/Python/3.11.16/x64/lib/python311.zip
2026-09-14 05:17:27.741567   /opt/hostedtoolcache/Python/3.11.16/x64/lib/python3.11
2026-09-14 05:17:27.791709   /opt/hostedtoolcache/Python/3.11.16/x64/lib/python3.11/lib-dynload
2026-09-14 05:17:27.841856   /opt/hostedtoolcache/Python/3.11.16/x64/lib/python3.11/site-packages
2026-09-14 05:17:27.891993 [ ERROR ] Error in file '/home/runner/work/engg-robot-testing-framework/engg-robot-testing-framework/resources/auth_keywords.resource' on line 2: Importing library 'playwright_keyword_library.PlaywrightKeywordLibrary' failed: ModuleNotFoundError: No module named 'playwright_keyword_library'
2026-09-14 05:17:27.942147 Traceback (most recent call last):
2026-09-14 05:17:27.992304   None
2026-09-14 05:17:28.042569 PYTHONPATH:
2026-09-14 05:17:28.092779   /opt/hostedtoolcache/Python/3.11.16/x64/bin
2026-09-14 05:17:28.143070   /opt/hostedtoolcache/Python/3.11.16/x64/lib/python311.zip
2026-09-14 05:17:28.193274   /opt/hostedtoolcache/Python/3.11.16/x64/lib/python3.11
2026-09-14 05:17:28.243550   /opt/hostedtoolcache/Python/3.11.16/x64/lib/python3.11/lib-dynload
2026-09-14 05:17:28.293695   /opt/hostedtoolcache/Python/3.11.16/x64/lib/python3.11/site-packages
2026-09-14 05:17:28.343962 [ ERROR ] Error in file '/home/runner/work/engg-robot-testing-framework/engg-robot-testing-framework/resources/common.resource' on line 4: Importing library 'playwright_keyword_library.PlaywrightKeywordLibrary' failed: ModuleNotFoundError: No module named 'playwright_keyword_library'
2026-09-14 05:17:28.394149 Traceback (most recent call last):
2026-09-14 05:17:28.444453   None
2026-09-14 05:17:28.494662 PYTHONPATH:
2026-09-14 05:17:28.544944   /opt/hostedtoolcache/Python/3.11.16/x64/bin
2026-09-14 05:17:28.595127   /opt/hostedtoolcache/Python/3.11.16/x64/lib/python311.zip
2026-09-14 05:17:28.645405   /opt/hostedtoolcache/Python/3.11.16/x64/lib/python3.11
2026-09-14 05:17:28.695589   /opt/hostedtoolcache/Python/3.11.16/x64/lib/python3.11/lib-dynload
2026-09-14 05:17:28.745904   /opt/hostedtoolcache/Python/3.11.16/x64/lib/python3.11/site-packages
2026-09-14 05:17:37.520409 TC02 Login User With Correct Email And Password                       | FAIL |
2026-09-14 05:17:37.550433 Setup failed:
2026-09-14 05:17:37.550453 No keyword with name 'Open Browser' found.
2026-09-14 05:17:37.550468 
2026-09-14 05:17:37.550482 Also teardown failed:
2026-09-14 05:17:37.550496 Several failures occurred:
2026-09-14 05:17:37.550530 
2026-09-14 05:17:37.550548 1) No keyword with name 'Register Keyword To Run On Failure' found.
2026-09-14 05:17:37.550559 
2026-09-14 05:17:37.550569 2) No keyword with name 'Close Browser' found. Did you mean:
2026-09-14 05:17:37.550580     common.Close Test Browser
2026-09-14 05:17:37.550591 ------------------------------------------------------------------------------
2026-09-14 05:17:37.550602 Suites.Auth.TC02 login valid                                          | FAIL |
2026-09-14 05:17:37.551143 1 test, 0 passed, 1 failed
2026-09-14 05:17:37.551206 ==============================================================================
2026-09-14 05:17:37.551220 Suites.Auth                                                           | FAIL |
2026-09-14 05:17:37.551537 1 test, 0 passed, 1 failed
2026-09-14 05:17:37.551754 ==============================================================================
2026-09-14 05:17:37.551767 Suites                                                                | FAIL |
2026-09-14 05:17:37.551930 1 test, 0 passed, 1 failed
2026-09-14 05:17:37.551986 ==============================================================================
2026-09-14 05:17:37.551998 Output:  /home/runner/work/engg-robot-testing-framework/engg-robot-testing-framework/reports/pabot_results/1/output.xml
