2026-06-29 05:12:12.407784 ==============================================================================
2026-06-29 05:12:12.429251 Suites
2026-06-29 05:12:12.429274 ==============================================================================
2026-06-29 05:12:12.429288 Suites.Auth
2026-06-29 05:12:12.430161 ==============================================================================
2026-06-29 05:12:12.430179 Suites.Auth.TC04 logout user
2026-06-29 05:12:12.430179 [ ERROR ] Error in file '/home/runner/work/engg-robot-testing-framework/engg-robot-testing-framework/tests/auth/TC04_logout_user.robot' on line 2: Importing library 'playwright_keyword_library.PlaywrightKeywordLibrary' failed: ModuleNotFoundError: No module named 'playwright_keyword_library'
2026-06-29 05:12:12.448837 ==============================================================================
2026-06-29 05:12:12.448837 Traceback (most recent call last):
2026-06-29 05:12:12.448895   None
2026-06-29 05:12:12.499064 PYTHONPATH:
2026-06-29 05:12:12.549230   /opt/hostedtoolcache/Python/3.11.15/x64/bin
2026-06-29 05:12:12.599387   /opt/hostedtoolcache/Python/3.11.15/x64/lib/python311.zip
2026-06-29 05:12:12.649525   /opt/hostedtoolcache/Python/3.11.15/x64/lib/python3.11
2026-06-29 05:12:12.699698   /opt/hostedtoolcache/Python/3.11.15/x64/lib/python3.11/lib-dynload
2026-06-29 05:12:12.749950   /opt/hostedtoolcache/Python/3.11.15/x64/lib/python3.11/site-packages
2026-06-29 05:12:12.800170 [ ERROR ] Error in file '/home/runner/work/engg-robot-testing-framework/engg-robot-testing-framework/resources/auth_keywords.resource' on line 2: Importing library 'playwright_keyword_library.PlaywrightKeywordLibrary' failed: ModuleNotFoundError: No module named 'playwright_keyword_library'
2026-06-29 05:12:12.850383 Traceback (most recent call last):
2026-06-29 05:12:12.900607   None
2026-06-29 05:12:12.950814 PYTHONPATH:
2026-06-29 05:12:13.001039   /opt/hostedtoolcache/Python/3.11.15/x64/bin
2026-06-29 05:12:13.051244   /opt/hostedtoolcache/Python/3.11.15/x64/lib/python311.zip
2026-06-29 05:12:13.101453   /opt/hostedtoolcache/Python/3.11.15/x64/lib/python3.11
2026-06-29 05:12:13.151675   /opt/hostedtoolcache/Python/3.11.15/x64/lib/python3.11/lib-dynload
2026-06-29 05:12:13.201845   /opt/hostedtoolcache/Python/3.11.15/x64/lib/python3.11/site-packages
2026-06-29 05:12:13.252086 [ ERROR ] Error in file '/home/runner/work/engg-robot-testing-framework/engg-robot-testing-framework/resources/common.resource' on line 4: Importing library 'playwright_keyword_library.PlaywrightKeywordLibrary' failed: ModuleNotFoundError: No module named 'playwright_keyword_library'
2026-06-29 05:12:13.302291 Traceback (most recent call last):
2026-06-29 05:12:13.352499   None
2026-06-29 05:12:13.402708 PYTHONPATH:
2026-06-29 05:12:13.452961   /opt/hostedtoolcache/Python/3.11.15/x64/bin
2026-06-29 05:12:13.503151   /opt/hostedtoolcache/Python/3.11.15/x64/lib/python311.zip
2026-06-29 05:12:13.553376   /opt/hostedtoolcache/Python/3.11.15/x64/lib/python3.11
2026-06-29 05:12:13.603587   /opt/hostedtoolcache/Python/3.11.15/x64/lib/python3.11/lib-dynload
2026-06-29 05:12:13.653885   /opt/hostedtoolcache/Python/3.11.15/x64/lib/python3.11/site-packages
2026-06-29 05:12:22.430030 TC04 Logout User                                                      | FAIL |
2026-06-29 05:12:22.459178 Setup failed:
2026-06-29 05:12:22.459201 No keyword with name 'Open Browser' found.
2026-06-29 05:12:22.459216 
2026-06-29 05:12:22.459229 Also teardown failed:
2026-06-29 05:12:22.459243 Several failures occurred:
2026-06-29 05:12:22.459255 
2026-06-29 05:12:22.459272 1) No keyword with name 'Register Keyword To Run On Failure' found.
2026-06-29 05:12:22.459285 
2026-06-29 05:12:22.459296 2) No keyword with name 'Close Browser' found. Did you mean:
2026-06-29 05:12:22.459308     common.Close Test Browser
2026-06-29 05:12:22.459319 ------------------------------------------------------------------------------
2026-06-29 05:12:22.459331 Suites.Auth.TC04 logout user                                          | FAIL |
2026-06-29 05:12:22.459801 1 test, 0 passed, 1 failed
2026-06-29 05:12:22.459887 ==============================================================================
2026-06-29 05:12:22.459904 Suites.Auth                                                           | FAIL |
2026-06-29 05:12:22.460299 1 test, 0 passed, 1 failed
2026-06-29 05:12:22.460316 ==============================================================================
2026-06-29 05:12:22.460330 Suites                                                                | FAIL |
2026-06-29 05:12:22.460586 1 test, 0 passed, 1 failed
2026-06-29 05:12:22.460609 ==============================================================================
2026-06-29 05:12:22.460657 Output:  /home/runner/work/engg-robot-testing-framework/engg-robot-testing-framework/reports/pabot_results/3/output.xml
