2026-07-29 03:49:31.761563 ==============================================================================
2026-07-29 03:49:31.782711 Suites
2026-07-29 03:49:31.782726 ==============================================================================
2026-07-29 03:49:31.782739 Suites.Cart
2026-07-29 03:49:31.783503 ==============================================================================
2026-07-29 03:49:31.783516 Suites.Cart.TC13 verify product quantity :: TC13 - Verify Product Quantity ...
2026-07-29 03:49:31.783516 [ ERROR ] Error in file '/home/runner/work/engg-robot-testing-framework/engg-robot-testing-framework/resources/common.resource' on line 4: Importing library 'playwright_keyword_library.PlaywrightKeywordLibrary' failed: ModuleNotFoundError: No module named 'playwright_keyword_library'
2026-07-29 03:49:31.811733 ==============================================================================
2026-07-29 03:49:31.811733 Traceback (most recent call last):
2026-07-29 03:49:31.811753   None
2026-07-29 03:49:31.861846 PYTHONPATH:
2026-07-29 03:49:31.911935   /opt/hostedtoolcache/Python/3.11.15/x64/bin
2026-07-29 03:49:31.962025   /opt/hostedtoolcache/Python/3.11.15/x64/lib/python311.zip
2026-07-29 03:49:32.012113   /opt/hostedtoolcache/Python/3.11.15/x64/lib/python3.11
2026-07-29 03:49:32.062270   /opt/hostedtoolcache/Python/3.11.15/x64/lib/python3.11/lib-dynload
2026-07-29 03:49:32.112467   /opt/hostedtoolcache/Python/3.11.15/x64/lib/python3.11/site-packages
2026-07-29 03:49:32.162625 [ ERROR ] Error in file '/home/runner/work/engg-robot-testing-framework/engg-robot-testing-framework/resources/product_keywords.resource' on line 2: Importing library 'playwright_keyword_library.PlaywrightKeywordLibrary' failed: ModuleNotFoundError: No module named 'playwright_keyword_library'
2026-07-29 03:49:32.212876 Traceback (most recent call last):
2026-07-29 03:49:32.263157   None
2026-07-29 03:49:32.313347 PYTHONPATH:
2026-07-29 03:49:32.363622   /opt/hostedtoolcache/Python/3.11.15/x64/bin
2026-07-29 03:49:32.413895   /opt/hostedtoolcache/Python/3.11.15/x64/lib/python311.zip
2026-07-29 03:49:32.464120   /opt/hostedtoolcache/Python/3.11.15/x64/lib/python3.11
2026-07-29 03:49:32.514385   /opt/hostedtoolcache/Python/3.11.15/x64/lib/python3.11/lib-dynload
2026-07-29 03:49:32.564622   /opt/hostedtoolcache/Python/3.11.15/x64/lib/python3.11/site-packages
2026-07-29 03:49:32.614900 [ ERROR ] Error in file '/home/runner/work/engg-robot-testing-framework/engg-robot-testing-framework/resources/cart_keywords.resource' on line 2: Importing library 'playwright_keyword_library.PlaywrightKeywordLibrary' failed: ModuleNotFoundError: No module named 'playwright_keyword_library'
2026-07-29 03:49:32.665119 Traceback (most recent call last):
2026-07-29 03:49:32.715405   None
2026-07-29 03:49:32.765616 PYTHONPATH:
2026-07-29 03:49:32.815889   /opt/hostedtoolcache/Python/3.11.15/x64/bin
2026-07-29 03:49:32.866097   /opt/hostedtoolcache/Python/3.11.15/x64/lib/python311.zip
2026-07-29 03:49:32.916344   /opt/hostedtoolcache/Python/3.11.15/x64/lib/python3.11
2026-07-29 03:49:32.966640   /opt/hostedtoolcache/Python/3.11.15/x64/lib/python3.11/lib-dynload
2026-07-29 03:49:33.016863   /opt/hostedtoolcache/Python/3.11.15/x64/lib/python3.11/site-packages
2026-07-29 03:49:41.795130 TC13 Verify Product Quantity In Cart                                  | FAIL |
2026-07-29 03:49:41.822726 Setup failed:
2026-07-29 03:49:41.822746 No keyword with name 'Open Browser' found.
2026-07-29 03:49:41.822760 
2026-07-29 03:49:41.822774 Also teardown failed:
2026-07-29 03:49:41.822805 Several failures occurred:
2026-07-29 03:49:41.822815 
2026-07-29 03:49:41.822826 1) No keyword with name 'Register Keyword To Run On Failure' found.
2026-07-29 03:49:41.822836 
2026-07-29 03:49:41.822846 2) No keyword with name 'Close Browser' found. Did you mean:
2026-07-29 03:49:41.822856     common.Close Test Browser
2026-07-29 03:49:41.822867 ------------------------------------------------------------------------------
2026-07-29 03:49:41.822879 Suites.Cart.TC13 verify product quantity :: TC13 - Verify Product ... | FAIL |
2026-07-29 03:49:41.823536 1 test, 0 passed, 1 failed
2026-07-29 03:49:41.823554 ==============================================================================
2026-07-29 03:49:41.823569 Suites.Cart                                                           | FAIL |
2026-07-29 03:49:41.823908 1 test, 0 passed, 1 failed
2026-07-29 03:49:41.823956 ==============================================================================
2026-07-29 03:49:41.823967 Suites                                                                | FAIL |
2026-07-29 03:49:41.824237 1 test, 0 passed, 1 failed
2026-07-29 03:49:41.824292 ==============================================================================
2026-07-29 03:49:41.824303 Output:  /home/runner/work/engg-robot-testing-framework/engg-robot-testing-framework/reports/pabot_results/6/output.xml
