2026-07-23 03:54:45.660753 ==============================================================================
2026-07-23 03:54:45.690695 Suites
2026-07-23 03:54:45.690709 ==============================================================================
2026-07-23 03:54:45.690717 Suites.Cart
2026-07-23 03:54:45.691305 ==============================================================================
2026-07-23 03:54:45.691315 Suites.Cart.TC17 remove products from cart :: TC17 - Remove Products From Cart
2026-07-23 03:54:45.691315 [ ERROR ] Error in file '/home/runner/work/engg-robot-testing-framework/engg-robot-testing-framework/resources/common.resource' on line 4: Importing library 'playwright_keyword_library.PlaywrightKeywordLibrary' failed: ModuleNotFoundError: No module named 'playwright_keyword_library'
2026-07-23 03:54:45.712884 ==============================================================================
2026-07-23 03:54:45.712884 Traceback (most recent call last):
2026-07-23 03:54:45.712899   None
2026-07-23 03:54:45.762981 PYTHONPATH:
2026-07-23 03:54:45.813096   /opt/hostedtoolcache/Python/3.11.15/x64/bin
2026-07-23 03:54:45.863190   /opt/hostedtoolcache/Python/3.11.15/x64/lib/python311.zip
2026-07-23 03:54:45.913265   /opt/hostedtoolcache/Python/3.11.15/x64/lib/python3.11
2026-07-23 03:54:45.963347   /opt/hostedtoolcache/Python/3.11.15/x64/lib/python3.11/lib-dynload
2026-07-23 03:54:46.013433   /opt/hostedtoolcache/Python/3.11.15/x64/lib/python3.11/site-packages
2026-07-23 03:54:46.063509 [ ERROR ] Error in file '/home/runner/work/engg-robot-testing-framework/engg-robot-testing-framework/resources/product_keywords.resource' on line 2: Importing library 'playwright_keyword_library.PlaywrightKeywordLibrary' failed: ModuleNotFoundError: No module named 'playwright_keyword_library'
2026-07-23 03:54:46.113592 Traceback (most recent call last):
2026-07-23 03:54:46.163668   None
2026-07-23 03:54:46.213752 PYTHONPATH:
2026-07-23 03:54:46.263830   /opt/hostedtoolcache/Python/3.11.15/x64/bin
2026-07-23 03:54:46.313959   /opt/hostedtoolcache/Python/3.11.15/x64/lib/python311.zip
2026-07-23 03:54:46.364037   /opt/hostedtoolcache/Python/3.11.15/x64/lib/python3.11
2026-07-23 03:54:46.414124   /opt/hostedtoolcache/Python/3.11.15/x64/lib/python3.11/lib-dynload
2026-07-23 03:54:46.464198   /opt/hostedtoolcache/Python/3.11.15/x64/lib/python3.11/site-packages
2026-07-23 03:54:46.514309 [ ERROR ] Error in file '/home/runner/work/engg-robot-testing-framework/engg-robot-testing-framework/resources/cart_keywords.resource' on line 2: Importing library 'playwright_keyword_library.PlaywrightKeywordLibrary' failed: ModuleNotFoundError: No module named 'playwright_keyword_library'
2026-07-23 03:54:46.564387 Traceback (most recent call last):
2026-07-23 03:54:46.614462   None
2026-07-23 03:54:46.664535 PYTHONPATH:
2026-07-23 03:54:46.714613   /opt/hostedtoolcache/Python/3.11.15/x64/bin
2026-07-23 03:54:46.764698   /opt/hostedtoolcache/Python/3.11.15/x64/lib/python311.zip
2026-07-23 03:54:46.814771   /opt/hostedtoolcache/Python/3.11.15/x64/lib/python3.11
2026-07-23 03:54:46.864845   /opt/hostedtoolcache/Python/3.11.15/x64/lib/python3.11/lib-dynload
2026-07-23 03:54:46.914918   /opt/hostedtoolcache/Python/3.11.15/x64/lib/python3.11/site-packages
2026-07-23 03:54:55.678163 TC17 Remove Products From Cart                                        | FAIL |
2026-07-23 03:54:55.721372 Setup failed:
2026-07-23 03:54:55.721386 No keyword with name 'Open Browser' found.
2026-07-23 03:54:55.721395 
2026-07-23 03:54:55.721404 Also teardown failed:
2026-07-23 03:54:55.721412 Several failures occurred:
2026-07-23 03:54:55.721421 
2026-07-23 03:54:55.721429 1) No keyword with name 'Register Keyword To Run On Failure' found.
2026-07-23 03:54:55.721437 
2026-07-23 03:54:55.721444 2) No keyword with name 'Close Browser' found. Did you mean:
2026-07-23 03:54:55.721452     common.Close Test Browser
2026-07-23 03:54:55.721460 ------------------------------------------------------------------------------
2026-07-23 03:54:55.721468 Suites.Cart.TC17 remove products from cart :: TC17 - Remove Produc... | FAIL |
2026-07-23 03:54:55.721894 1 test, 0 passed, 1 failed
2026-07-23 03:54:55.721956 ==============================================================================
2026-07-23 03:54:55.721966 Suites.Cart                                                           | FAIL |
2026-07-23 03:54:55.722225 1 test, 0 passed, 1 failed
2026-07-23 03:54:55.722286 ==============================================================================
2026-07-23 03:54:55.722294 Suites                                                                | FAIL |
2026-07-23 03:54:55.722505 1 test, 0 passed, 1 failed
2026-07-23 03:54:55.722557 ==============================================================================
2026-07-23 03:54:55.722565 Output:  /home/runner/work/engg-robot-testing-framework/engg-robot-testing-framework/reports/pabot_results/7/output.xml
