2026-09-08 05:01:04.797986 ==============================================================================
2026-09-08 05:01:04.816897 Suites
2026-09-08 05:01:04.816919 ==============================================================================
2026-09-08 05:01:04.816936 Suites.Cart
2026-09-08 05:01:04.817748 ==============================================================================
2026-09-08 05:01:04.817766 Suites.Cart.TC20 search and verify cart after login :: TC20 - Search Produc...
2026-09-08 05:01:04.817766 [ ERROR ] Error in file '/home/runner/work/engg-robot-testing-framework/engg-robot-testing-framework/tests/cart/TC20_search_and_verify_cart_after_login.robot' on line 3: Importing library 'playwright_keyword_library.PlaywrightKeywordLibrary' failed: ModuleNotFoundError: No module named 'playwright_keyword_library'
2026-09-08 05:01:04.853430 ==============================================================================
2026-09-08 05:01:04.853430 Traceback (most recent call last):
2026-09-08 05:01:04.853446   None
2026-09-08 05:01:04.903554 PYTHONPATH:
2026-09-08 05:01:04.953659   /opt/hostedtoolcache/Python/3.11.16/x64/bin
2026-09-08 05:01:05.003764   /opt/hostedtoolcache/Python/3.11.16/x64/lib/python311.zip
2026-09-08 05:01:05.053874   /opt/hostedtoolcache/Python/3.11.16/x64/lib/python3.11
2026-09-08 05:01:05.103982   /opt/hostedtoolcache/Python/3.11.16/x64/lib/python3.11/lib-dynload
2026-09-08 05:01:05.154097   /opt/hostedtoolcache/Python/3.11.16/x64/lib/python3.11/site-packages
2026-09-08 05:01:05.204210 [ ERROR ] Error in file '/home/runner/work/engg-robot-testing-framework/engg-robot-testing-framework/resources/common.resource' on line 4: Importing library 'playwright_keyword_library.PlaywrightKeywordLibrary' failed: ModuleNotFoundError: No module named 'playwright_keyword_library'
2026-09-08 05:01:05.254341 Traceback (most recent call last):
2026-09-08 05:01:05.304493   None
2026-09-08 05:01:05.354641 PYTHONPATH:
2026-09-08 05:01:05.404771   /opt/hostedtoolcache/Python/3.11.16/x64/bin
2026-09-08 05:01:05.454917   /opt/hostedtoolcache/Python/3.11.16/x64/lib/python311.zip
2026-09-08 05:01:05.505049   /opt/hostedtoolcache/Python/3.11.16/x64/lib/python3.11
2026-09-08 05:01:05.555196   /opt/hostedtoolcache/Python/3.11.16/x64/lib/python3.11/lib-dynload
2026-09-08 05:01:05.605327   /opt/hostedtoolcache/Python/3.11.16/x64/lib/python3.11/site-packages
2026-09-08 05:01:05.655469 [ ERROR ] Error in file '/home/runner/work/engg-robot-testing-framework/engg-robot-testing-framework/resources/product_keywords.resource' on line 2: Importing library 'playwright_keyword_library.PlaywrightKeywordLibrary' failed: ModuleNotFoundError: No module named 'playwright_keyword_library'
2026-09-08 05:01:05.705603 Traceback (most recent call last):
2026-09-08 05:01:05.755751   None
2026-09-08 05:01:05.805883 PYTHONPATH:
2026-09-08 05:01:05.856032   /opt/hostedtoolcache/Python/3.11.16/x64/bin
2026-09-08 05:01:05.906158   /opt/hostedtoolcache/Python/3.11.16/x64/lib/python311.zip
2026-09-08 05:01:05.956317   /opt/hostedtoolcache/Python/3.11.16/x64/lib/python3.11
2026-09-08 05:01:06.006467   /opt/hostedtoolcache/Python/3.11.16/x64/lib/python3.11/lib-dynload
2026-09-08 05:01:06.056633   /opt/hostedtoolcache/Python/3.11.16/x64/lib/python3.11/site-packages
2026-09-08 05:01:06.106786 [ ERROR ] Error in file '/home/runner/work/engg-robot-testing-framework/engg-robot-testing-framework/resources/cart_keywords.resource' on line 2: Importing library 'playwright_keyword_library.PlaywrightKeywordLibrary' failed: ModuleNotFoundError: No module named 'playwright_keyword_library'
2026-09-08 05:01:06.156938 Traceback (most recent call last):
2026-09-08 05:01:06.207089   None
2026-09-08 05:01:06.257247 PYTHONPATH:
2026-09-08 05:01:06.307395   /opt/hostedtoolcache/Python/3.11.16/x64/bin
2026-09-08 05:01:06.357555   /opt/hostedtoolcache/Python/3.11.16/x64/lib/python311.zip
2026-09-08 05:01:06.407716   /opt/hostedtoolcache/Python/3.11.16/x64/lib/python3.11
2026-09-08 05:01:06.457875   /opt/hostedtoolcache/Python/3.11.16/x64/lib/python3.11/lib-dynload
2026-09-08 05:01:06.508023   /opt/hostedtoolcache/Python/3.11.16/x64/lib/python3.11/site-packages
2026-09-08 05:01:06.558119 [ ERROR ] Error in file '/home/runner/work/engg-robot-testing-framework/engg-robot-testing-framework/resources/auth_keywords.resource' on line 2: Importing library 'playwright_keyword_library.PlaywrightKeywordLibrary' failed: ModuleNotFoundError: No module named 'playwright_keyword_library'
2026-09-08 05:01:06.608252 Traceback (most recent call last):
2026-09-08 05:01:06.658409   None
2026-09-08 05:01:06.708550 PYTHONPATH:
2026-09-08 05:01:06.758711   /opt/hostedtoolcache/Python/3.11.16/x64/bin
2026-09-08 05:01:06.808864   /opt/hostedtoolcache/Python/3.11.16/x64/lib/python311.zip
2026-09-08 05:01:06.859013   /opt/hostedtoolcache/Python/3.11.16/x64/lib/python3.11
2026-09-08 05:01:06.909163   /opt/hostedtoolcache/Python/3.11.16/x64/lib/python3.11/lib-dynload
2026-09-08 05:01:06.959340   /opt/hostedtoolcache/Python/3.11.16/x64/lib/python3.11/site-packages
2026-09-08 05:01:14.829033 TC20 Search Products And Verify Cart After Login                      | FAIL |
2026-09-08 05:01:14.865534 Setup failed:
2026-09-08 05:01:14.865547 No keyword with name 'Open Browser' found.
2026-09-08 05:01:14.865555 
2026-09-08 05:01:14.865562 Also teardown failed:
2026-09-08 05:01:14.865569 Several failures occurred:
2026-09-08 05:01:14.865575 
2026-09-08 05:01:14.865581 1) No keyword with name 'Register Keyword To Run On Failure' found.
2026-09-08 05:01:14.865588 
2026-09-08 05:01:14.865594 2) No keyword with name 'Close Browser' found. Did you mean:
2026-09-08 05:01:14.865600     common.Close Test Browser
2026-09-08 05:01:14.865606 ------------------------------------------------------------------------------
2026-09-08 05:01:14.865613 Suites.Cart.TC20 search and verify cart after login :: TC20 - Sear... | FAIL |
2026-09-08 05:01:14.866399 1 test, 0 passed, 1 failed
2026-09-08 05:01:14.866466 ==============================================================================
2026-09-08 05:01:14.866474 Suites.Cart                                                           | FAIL |
2026-09-08 05:01:14.866895 1 test, 0 passed, 1 failed
2026-09-08 05:01:14.866952 ==============================================================================
2026-09-08 05:01:14.866960 Suites                                                                | FAIL |
2026-09-08 05:01:14.867382 1 test, 0 passed, 1 failed
2026-09-08 05:01:14.867439 ==============================================================================
2026-09-08 05:01:14.867447 Output:  /home/runner/work/engg-robot-testing-framework/engg-robot-testing-framework/reports/pabot_results/8/output.xml
