2026-07-04 04:11:32.820088 ==============================================================================
2026-07-04 04:11:32.835137 Suites
2026-07-04 04:11:32.835159 ==============================================================================
2026-07-04 04:11:32.835174 Suites.Cart
2026-07-04 04:11:32.835990 ==============================================================================
2026-07-04 04:11:32.836009 Suites.Cart.TC20 search and verify cart after login :: TC20 - Search Produc...
2026-07-04 04:11:32.836009 [ ERROR ] Error in file '/home/runner/work/engg-robot-testing-framework/engg-robot-testing-framework/tests/cart/TC20_search_and_verify_cart_after_login.robot' on line 3: Importing library 'playwright_keyword_library.PlaywrightKeywordLibrary' failed: ModuleNotFoundError: No module named 'playwright_keyword_library'
2026-07-04 04:11:32.871851 ==============================================================================
2026-07-04 04:11:32.871851 Traceback (most recent call last):
2026-07-04 04:11:32.871876   None
2026-07-04 04:11:32.921979 PYTHONPATH:
2026-07-04 04:11:32.972090   /opt/hostedtoolcache/Python/3.11.15/x64/bin
2026-07-04 04:11:33.022205   /opt/hostedtoolcache/Python/3.11.15/x64/lib/python311.zip
2026-07-04 04:11:33.072316   /opt/hostedtoolcache/Python/3.11.15/x64/lib/python3.11
2026-07-04 04:11:33.122424   /opt/hostedtoolcache/Python/3.11.15/x64/lib/python3.11/lib-dynload
2026-07-04 04:11:33.172577   /opt/hostedtoolcache/Python/3.11.15/x64/lib/python3.11/site-packages
2026-07-04 04:11:33.222725 [ ERROR ] Error in file '/home/runner/work/engg-robot-testing-framework/engg-robot-testing-framework/resources/common.resource' on line 4: Importing library 'playwright_keyword_library.PlaywrightKeywordLibrary' failed: ModuleNotFoundError: No module named 'playwright_keyword_library'
2026-07-04 04:11:33.272870 Traceback (most recent call last):
2026-07-04 04:11:33.323027   None
2026-07-04 04:11:33.373171 PYTHONPATH:
2026-07-04 04:11:33.423327   /opt/hostedtoolcache/Python/3.11.15/x64/bin
2026-07-04 04:11:33.473435   /opt/hostedtoolcache/Python/3.11.15/x64/lib/python311.zip
2026-07-04 04:11:33.523588   /opt/hostedtoolcache/Python/3.11.15/x64/lib/python3.11
2026-07-04 04:11:33.573742   /opt/hostedtoolcache/Python/3.11.15/x64/lib/python3.11/lib-dynload
2026-07-04 04:11:33.623899   /opt/hostedtoolcache/Python/3.11.15/x64/lib/python3.11/site-packages
2026-07-04 04:11:33.674045 [ ERROR ] Error in file '/home/runner/work/engg-robot-testing-framework/engg-robot-testing-framework/resources/product_keywords.resource' on line 2: Importing library 'playwright_keyword_library.PlaywrightKeywordLibrary' failed: ModuleNotFoundError: No module named 'playwright_keyword_library'
2026-07-04 04:11:33.724206 Traceback (most recent call last):
2026-07-04 04:11:33.774347   None
2026-07-04 04:11:33.824502 PYTHONPATH:
2026-07-04 04:11:33.874652   /opt/hostedtoolcache/Python/3.11.15/x64/bin
2026-07-04 04:11:33.924810   /opt/hostedtoolcache/Python/3.11.15/x64/lib/python311.zip
2026-07-04 04:11:33.974916   /opt/hostedtoolcache/Python/3.11.15/x64/lib/python3.11
2026-07-04 04:11:34.025072   /opt/hostedtoolcache/Python/3.11.15/x64/lib/python3.11/lib-dynload
2026-07-04 04:11:34.075227   /opt/hostedtoolcache/Python/3.11.15/x64/lib/python3.11/site-packages
2026-07-04 04:11:34.125380 [ ERROR ] Error in file '/home/runner/work/engg-robot-testing-framework/engg-robot-testing-framework/resources/cart_keywords.resource' on line 2: Importing library 'playwright_keyword_library.PlaywrightKeywordLibrary' failed: ModuleNotFoundError: No module named 'playwright_keyword_library'
2026-07-04 04:11:34.175553 Traceback (most recent call last):
2026-07-04 04:11:34.225699   None
2026-07-04 04:11:34.275841 PYTHONPATH:
2026-07-04 04:11:34.325975   /opt/hostedtoolcache/Python/3.11.15/x64/bin
2026-07-04 04:11:34.376135   /opt/hostedtoolcache/Python/3.11.15/x64/lib/python311.zip
2026-07-04 04:11:34.426293   /opt/hostedtoolcache/Python/3.11.15/x64/lib/python3.11
2026-07-04 04:11:34.476392   /opt/hostedtoolcache/Python/3.11.15/x64/lib/python3.11/lib-dynload
2026-07-04 04:11:34.526539   /opt/hostedtoolcache/Python/3.11.15/x64/lib/python3.11/site-packages
2026-07-04 04:11:34.576692 [ ERROR ] Error in file '/home/runner/work/engg-robot-testing-framework/engg-robot-testing-framework/resources/auth_keywords.resource' on line 2: Importing library 'playwright_keyword_library.PlaywrightKeywordLibrary' failed: ModuleNotFoundError: No module named 'playwright_keyword_library'
2026-07-04 04:11:34.626846 Traceback (most recent call last):
2026-07-04 04:11:34.676947   None
2026-07-04 04:11:34.727103 PYTHONPATH:
2026-07-04 04:11:34.777206   /opt/hostedtoolcache/Python/3.11.15/x64/bin
2026-07-04 04:11:34.827359   /opt/hostedtoolcache/Python/3.11.15/x64/lib/python311.zip
2026-07-04 04:11:34.877459   /opt/hostedtoolcache/Python/3.11.15/x64/lib/python3.11
2026-07-04 04:11:34.927612   /opt/hostedtoolcache/Python/3.11.15/x64/lib/python3.11/lib-dynload
2026-07-04 04:11:34.977712   /opt/hostedtoolcache/Python/3.11.15/x64/lib/python3.11/site-packages
2026-07-04 04:11:42.846854 TC20 Search Products And Verify Cart After Login                      | FAIL |
2026-07-04 04:11:42.882919 Setup failed:
2026-07-04 04:11:42.882938 No keyword with name 'Open Browser' found.
2026-07-04 04:11:42.882954 
2026-07-04 04:11:42.882967 Also teardown failed:
2026-07-04 04:11:42.882981 Several failures occurred:
2026-07-04 04:11:42.882994 
2026-07-04 04:11:42.883007 1) No keyword with name 'Register Keyword To Run On Failure' found.
2026-07-04 04:11:42.883020 
2026-07-04 04:11:42.883031 2) No keyword with name 'Close Browser' found. Did you mean:
2026-07-04 04:11:42.883042     common.Close Test Browser
2026-07-04 04:11:42.883054 ------------------------------------------------------------------------------
2026-07-04 04:11:42.883065 Suites.Cart.TC20 search and verify cart after login :: TC20 - Sear... | FAIL |
2026-07-04 04:11:42.883631 1 test, 0 passed, 1 failed
2026-07-04 04:11:42.883649 ==============================================================================
2026-07-04 04:11:42.883663 Suites.Cart                                                           | FAIL |
2026-07-04 04:11:42.884042 1 test, 0 passed, 1 failed
2026-07-04 04:11:42.884059 ==============================================================================
2026-07-04 04:11:42.884072 Suites                                                                | FAIL |
2026-07-04 04:11:42.884428 1 test, 0 passed, 1 failed
2026-07-04 04:11:42.884444 ==============================================================================
2026-07-04 04:11:42.884456 Output:  /home/runner/work/engg-robot-testing-framework/engg-robot-testing-framework/reports/pabot_results/8/output.xml
