2026-07-05 04:40:10.513386 ==============================================================================
2026-07-05 04:40:10.535359 Suites
2026-07-05 04:40:10.535379 ==============================================================================
2026-07-05 04:40:10.535394 Suites.Cart
2026-07-05 04:40:10.536272 ==============================================================================
2026-07-05 04:40:10.536290 Suites.Cart.TC17 remove products from cart :: TC17 - Remove Products From Cart
2026-07-05 04:40:10.536290 [ ERROR ] Error in file '/home/runner/work/engg-robot-testing-framework/engg-robot-testing-framework/resources/common.resource' on line 4: Importing library 'playwright_keyword_library.PlaywrightKeywordLibrary' failed: ModuleNotFoundError: No module named 'playwright_keyword_library'
2026-07-05 04:40:10.567748 ==============================================================================
2026-07-05 04:40:10.567748 Traceback (most recent call last):
2026-07-05 04:40:10.567774   None
2026-07-05 04:40:10.617924 PYTHONPATH:
2026-07-05 04:40:10.668027   /opt/hostedtoolcache/Python/3.11.15/x64/bin
2026-07-05 04:40:10.718161   /opt/hostedtoolcache/Python/3.11.15/x64/lib/python311.zip
2026-07-05 04:40:10.768262   /opt/hostedtoolcache/Python/3.11.15/x64/lib/python3.11
2026-07-05 04:40:10.818394   /opt/hostedtoolcache/Python/3.11.15/x64/lib/python3.11/lib-dynload
2026-07-05 04:40:10.868558   /opt/hostedtoolcache/Python/3.11.15/x64/lib/python3.11/site-packages
2026-07-05 04:40:10.918750 [ ERROR ] Error in file '/home/runner/work/engg-robot-testing-framework/engg-robot-testing-framework/resources/product_keywords.resource' on line 2: Importing library 'playwright_keyword_library.PlaywrightKeywordLibrary' failed: ModuleNotFoundError: No module named 'playwright_keyword_library'
2026-07-05 04:40:10.968942 Traceback (most recent call last):
2026-07-05 04:40:11.019104   None
2026-07-05 04:40:11.069260 PYTHONPATH:
2026-07-05 04:40:11.119439   /opt/hostedtoolcache/Python/3.11.15/x64/bin
2026-07-05 04:40:11.169629   /opt/hostedtoolcache/Python/3.11.15/x64/lib/python311.zip
2026-07-05 04:40:11.219826   /opt/hostedtoolcache/Python/3.11.15/x64/lib/python3.11
2026-07-05 04:40:11.269981   /opt/hostedtoolcache/Python/3.11.15/x64/lib/python3.11/lib-dynload
2026-07-05 04:40:11.320170   /opt/hostedtoolcache/Python/3.11.15/x64/lib/python3.11/site-packages
2026-07-05 04:40:11.370328 [ ERROR ] Error in file '/home/runner/work/engg-robot-testing-framework/engg-robot-testing-framework/resources/cart_keywords.resource' on line 2: Importing library 'playwright_keyword_library.PlaywrightKeywordLibrary' failed: ModuleNotFoundError: No module named 'playwright_keyword_library'
2026-07-05 04:40:11.420545 Traceback (most recent call last):
2026-07-05 04:40:11.470742   None
2026-07-05 04:40:11.520947 PYTHONPATH:
2026-07-05 04:40:11.571146   /opt/hostedtoolcache/Python/3.11.15/x64/bin
2026-07-05 04:40:11.621318   /opt/hostedtoolcache/Python/3.11.15/x64/lib/python311.zip
2026-07-05 04:40:11.671484   /opt/hostedtoolcache/Python/3.11.15/x64/lib/python3.11
2026-07-05 04:40:11.721657   /opt/hostedtoolcache/Python/3.11.15/x64/lib/python3.11/lib-dynload
2026-07-05 04:40:11.771815   /opt/hostedtoolcache/Python/3.11.15/x64/lib/python3.11/site-packages
2026-07-05 04:40:20.544326 TC17 Remove Products From Cart                                        | FAIL |
2026-07-05 04:40:20.579047 Setup failed:
2026-07-05 04:40:20.579063 No keyword with name 'Open Browser' found.
2026-07-05 04:40:20.579075 
2026-07-05 04:40:20.579086 Also teardown failed:
2026-07-05 04:40:20.579096 Several failures occurred:
2026-07-05 04:40:20.579107 
2026-07-05 04:40:20.579116 1) No keyword with name 'Register Keyword To Run On Failure' found.
2026-07-05 04:40:20.579127 
2026-07-05 04:40:20.579136 2) No keyword with name 'Close Browser' found. Did you mean:
2026-07-05 04:40:20.579146     common.Close Test Browser
2026-07-05 04:40:20.579156 ------------------------------------------------------------------------------
2026-07-05 04:40:20.579166 Suites.Cart.TC17 remove products from cart :: TC17 - Remove Produc... | FAIL |
2026-07-05 04:40:20.579674 1 test, 0 passed, 1 failed
2026-07-05 04:40:20.579714 ==============================================================================
2026-07-05 04:40:20.579726 Suites.Cart                                                           | FAIL |
2026-07-05 04:40:20.580146 1 test, 0 passed, 1 failed
2026-07-05 04:40:20.580236 ==============================================================================
2026-07-05 04:40:20.580248 Suites                                                                | FAIL |
2026-07-05 04:40:20.580545 1 test, 0 passed, 1 failed
2026-07-05 04:40:20.580584 ==============================================================================
2026-07-05 04:40:20.580596 Output:  /home/runner/work/engg-robot-testing-framework/engg-robot-testing-framework/reports/pabot_results/7/output.xml
