2026-09-02 04:55:41.927025 ==============================================================================
2026-09-02 04:55:41.955254 Suites
2026-09-02 04:55:41.955274 ==============================================================================
2026-09-02 04:55:41.955290 Suites.Cart
2026-09-02 04:55:41.956167 ==============================================================================
2026-09-02 04:55:41.956186 Suites.Cart.TC22 add from recommended items :: TC22 - Add To Cart From Reco...
2026-09-02 04:55:41.956186 [ ERROR ] Error in file '/home/runner/work/engg-robot-testing-framework/engg-robot-testing-framework/resources/common.resource' on line 4: Importing library 'playwright_keyword_library.PlaywrightKeywordLibrary' failed: ModuleNotFoundError: No module named 'playwright_keyword_library'
2026-09-02 04:55:41.979627 ==============================================================================
2026-09-02 04:55:41.979627 Traceback (most recent call last):
2026-09-02 04:55:41.979653   None
2026-09-02 04:55:42.029749 PYTHONPATH:
2026-09-02 04:55:42.079845   /opt/hostedtoolcache/Python/3.11.16/x64/bin
2026-09-02 04:55:42.129947   /opt/hostedtoolcache/Python/3.11.16/x64/lib/python311.zip
2026-09-02 04:55:42.180043   /opt/hostedtoolcache/Python/3.11.16/x64/lib/python3.11
2026-09-02 04:55:42.230161   /opt/hostedtoolcache/Python/3.11.16/x64/lib/python3.11/lib-dynload
2026-09-02 04:55:42.280312   /opt/hostedtoolcache/Python/3.11.16/x64/lib/python3.11/site-packages
2026-09-02 04:55:42.330462 [ ERROR ] Error in file '/home/runner/work/engg-robot-testing-framework/engg-robot-testing-framework/resources/cart_keywords.resource' on line 2: Importing library 'playwright_keyword_library.PlaywrightKeywordLibrary' failed: ModuleNotFoundError: No module named 'playwright_keyword_library'
2026-09-02 04:55:42.380622 Traceback (most recent call last):
2026-09-02 04:55:42.430770   None
2026-09-02 04:55:42.480906 PYTHONPATH:
2026-09-02 04:55:42.531055   /opt/hostedtoolcache/Python/3.11.16/x64/bin
2026-09-02 04:55:42.581205   /opt/hostedtoolcache/Python/3.11.16/x64/lib/python311.zip
2026-09-02 04:55:42.631355   /opt/hostedtoolcache/Python/3.11.16/x64/lib/python3.11
2026-09-02 04:55:42.681509   /opt/hostedtoolcache/Python/3.11.16/x64/lib/python3.11/lib-dynload
2026-09-02 04:55:42.731659   /opt/hostedtoolcache/Python/3.11.16/x64/lib/python3.11/site-packages
2026-09-02 04:55:51.953315 TC22 Add To Cart From Recommended Items                               | FAIL |
2026-09-02 04:55:51.990124 Setup failed:
2026-09-02 04:55:51.990142 No keyword with name 'Open Browser' found.
2026-09-02 04:55:51.990156 
2026-09-02 04:55:51.990169 Also teardown failed:
2026-09-02 04:55:51.990183 Several failures occurred:
2026-09-02 04:55:51.990196 
2026-09-02 04:55:51.990209 1) No keyword with name 'Register Keyword To Run On Failure' found.
2026-09-02 04:55:51.990222 
2026-09-02 04:55:51.990234 2) No keyword with name 'Close Browser' found. Did you mean:
2026-09-02 04:55:51.990246     common.Close Test Browser
2026-09-02 04:55:51.990257 ------------------------------------------------------------------------------
2026-09-02 04:55:51.990268 Suites.Cart.TC22 add from recommended items :: TC22 - Add To Cart ... | FAIL |
2026-09-02 04:55:51.990829 1 test, 0 passed, 1 failed
2026-09-02 04:55:51.990853 ==============================================================================
2026-09-02 04:55:51.990926 Suites.Cart                                                           | FAIL |
2026-09-02 04:55:51.991281 1 test, 0 passed, 1 failed
2026-09-02 04:55:51.991356 ==============================================================================
2026-09-02 04:55:51.991373 Suites                                                                | FAIL |
2026-09-02 04:55:51.991698 1 test, 0 passed, 1 failed
2026-09-02 04:55:51.991714 ==============================================================================
2026-09-02 04:55:51.991726 Output:  /home/runner/work/engg-robot-testing-framework/engg-robot-testing-framework/reports/pabot_results/9/output.xml
