2026-08-27 10:08:07.167923 ==============================================================================
2026-08-27 10:08:07.198477 Suites
2026-08-27 10:08:07.198499 ==============================================================================
2026-08-27 10:08:07.198514 Suites.Auth
2026-08-27 10:08:07.199462 ==============================================================================
2026-08-27 10:08:07.199481 Suites.Auth.TC05 register existing email
2026-08-27 10:08:07.199481 [ ERROR ] Error in file '/home/runner/work/engg-robot-testing-framework/engg-robot-testing-framework/tests/auth/TC05_register_existing_email.robot' on line 2: Importing library 'playwright_keyword_library.PlaywrightKeywordLibrary' failed: ModuleNotFoundError: No module named 'playwright_keyword_library'
2026-08-27 10:08:07.219156 ==============================================================================
2026-08-27 10:08:07.219156 Traceback (most recent call last):
2026-08-27 10:08:07.219215   None
2026-08-27 10:08:07.269414 PYTHONPATH:
2026-08-27 10:08:07.319541   /opt/hostedtoolcache/Python/3.11.16/x64/bin
2026-08-27 10:08:07.369740   /opt/hostedtoolcache/Python/3.11.16/x64/lib/python311.zip
2026-08-27 10:08:07.419880   /opt/hostedtoolcache/Python/3.11.16/x64/lib/python3.11
2026-08-27 10:08:07.470048   /opt/hostedtoolcache/Python/3.11.16/x64/lib/python3.11/lib-dynload
2026-08-27 10:08:07.520178   /opt/hostedtoolcache/Python/3.11.16/x64/lib/python3.11/site-packages
2026-08-27 10:08:07.570324 [ ERROR ] Error in file '/home/runner/work/engg-robot-testing-framework/engg-robot-testing-framework/resources/auth_keywords.resource' on line 2: Importing library 'playwright_keyword_library.PlaywrightKeywordLibrary' failed: ModuleNotFoundError: No module named 'playwright_keyword_library'
2026-08-27 10:08:07.620488 Traceback (most recent call last):
2026-08-27 10:08:07.670651   None
2026-08-27 10:08:07.720804 PYTHONPATH:
2026-08-27 10:08:07.771005   /opt/hostedtoolcache/Python/3.11.16/x64/bin
2026-08-27 10:08:07.821184   /opt/hostedtoolcache/Python/3.11.16/x64/lib/python311.zip
2026-08-27 10:08:07.871426   /opt/hostedtoolcache/Python/3.11.16/x64/lib/python3.11
2026-08-27 10:08:07.921599   /opt/hostedtoolcache/Python/3.11.16/x64/lib/python3.11/lib-dynload
2026-08-27 10:08:07.971813   /opt/hostedtoolcache/Python/3.11.16/x64/lib/python3.11/site-packages
2026-08-27 10:08:08.021962 [ ERROR ] Error in file '/home/runner/work/engg-robot-testing-framework/engg-robot-testing-framework/resources/common.resource' on line 4: Importing library 'playwright_keyword_library.PlaywrightKeywordLibrary' failed: ModuleNotFoundError: No module named 'playwright_keyword_library'
2026-08-27 10:08:08.072150 Traceback (most recent call last):
2026-08-27 10:08:08.122324   None
2026-08-27 10:08:08.172538 PYTHONPATH:
2026-08-27 10:08:08.222721   /opt/hostedtoolcache/Python/3.11.16/x64/bin
2026-08-27 10:08:08.272943   /opt/hostedtoolcache/Python/3.11.16/x64/lib/python311.zip
2026-08-27 10:08:08.323083   /opt/hostedtoolcache/Python/3.11.16/x64/lib/python3.11
2026-08-27 10:08:08.373230   /opt/hostedtoolcache/Python/3.11.16/x64/lib/python3.11/lib-dynload
2026-08-27 10:08:08.423378   /opt/hostedtoolcache/Python/3.11.16/x64/lib/python3.11/site-packages
2026-08-27 10:08:17.196030 TC05 Register User With Existing Email                                | FAIL |
2026-08-27 10:08:17.229723 Setup failed:
2026-08-27 10:08:17.229739 No keyword with name 'Open Browser' found.
2026-08-27 10:08:17.229749 
2026-08-27 10:08:17.229758 Also teardown failed:
2026-08-27 10:08:17.229768 Several failures occurred:
2026-08-27 10:08:17.229776 
2026-08-27 10:08:17.229786 1) No keyword with name 'Register Keyword To Run On Failure' found.
2026-08-27 10:08:17.229795 
2026-08-27 10:08:17.229803 2) No keyword with name 'Close Browser' found. Did you mean:
2026-08-27 10:08:17.229811     common.Close Test Browser
2026-08-27 10:08:17.229819 ------------------------------------------------------------------------------
2026-08-27 10:08:17.229827 Suites.Auth.TC05 register existing email                              | FAIL |
2026-08-27 10:08:17.230390 1 test, 0 passed, 1 failed
2026-08-27 10:08:17.230408 ==============================================================================
2026-08-27 10:08:17.230457 Suites.Auth                                                           | FAIL |
2026-08-27 10:08:17.230860 1 test, 0 passed, 1 failed
2026-08-27 10:08:17.230928 ==============================================================================
2026-08-27 10:08:17.230938 Suites                                                                | FAIL |
2026-08-27 10:08:17.231301 1 test, 0 passed, 1 failed
2026-08-27 10:08:17.231367 ==============================================================================
2026-08-27 10:08:17.231376 Output:  /home/runner/work/engg-robot-testing-framework/engg-robot-testing-framework/reports/pabot_results/4/output.xml
