2026-07-17 03:46:40.749684 ==============================================================================
2026-07-17 03:46:40.780233 Suites
2026-07-17 03:46:40.780259 ==============================================================================
2026-07-17 03:46:40.780273 Suites.Auth
2026-07-17 03:46:40.781247 ==============================================================================
2026-07-17 03:46:40.781265 Suites.Auth.TC03 login invalid
2026-07-17 03:46:40.781265 [ ERROR ] Error in file '/home/runner/work/engg-robot-testing-framework/engg-robot-testing-framework/tests/auth/TC03_login_invalid.robot' on line 2: Importing library 'playwright_keyword_library.PlaywrightKeywordLibrary' failed: ModuleNotFoundError: No module named 'playwright_keyword_library'
2026-07-17 03:46:40.800505 ==============================================================================
2026-07-17 03:46:40.800505 Traceback (most recent call last):
2026-07-17 03:46:40.800532   None
2026-07-17 03:46:40.850630 PYTHONPATH:
2026-07-17 03:46:40.900738   /opt/hostedtoolcache/Python/3.11.15/x64/bin
2026-07-17 03:46:40.950831   /opt/hostedtoolcache/Python/3.11.15/x64/lib/python311.zip
2026-07-17 03:46:41.000927   /opt/hostedtoolcache/Python/3.11.15/x64/lib/python3.11
2026-07-17 03:46:41.051028   /opt/hostedtoolcache/Python/3.11.15/x64/lib/python3.11/lib-dynload
2026-07-17 03:46:41.101138   /opt/hostedtoolcache/Python/3.11.15/x64/lib/python3.11/site-packages
2026-07-17 03:46:41.151287 [ ERROR ] Error in file '/home/runner/work/engg-robot-testing-framework/engg-robot-testing-framework/resources/auth_keywords.resource' on line 2: Importing library 'playwright_keyword_library.PlaywrightKeywordLibrary' failed: ModuleNotFoundError: No module named 'playwright_keyword_library'
2026-07-17 03:46:41.201433 Traceback (most recent call last):
2026-07-17 03:46:41.251582   None
2026-07-17 03:46:41.301728 PYTHONPATH:
2026-07-17 03:46:41.351876   /opt/hostedtoolcache/Python/3.11.15/x64/bin
2026-07-17 03:46:41.402008   /opt/hostedtoolcache/Python/3.11.15/x64/lib/python311.zip
2026-07-17 03:46:41.452158   /opt/hostedtoolcache/Python/3.11.15/x64/lib/python3.11
2026-07-17 03:46:41.502259   /opt/hostedtoolcache/Python/3.11.15/x64/lib/python3.11/lib-dynload
2026-07-17 03:46:41.552406   /opt/hostedtoolcache/Python/3.11.15/x64/lib/python3.11/site-packages
2026-07-17 03:46:41.602491 [ ERROR ] Error in file '/home/runner/work/engg-robot-testing-framework/engg-robot-testing-framework/resources/common.resource' on line 4: Importing library 'playwright_keyword_library.PlaywrightKeywordLibrary' failed: ModuleNotFoundError: No module named 'playwright_keyword_library'
2026-07-17 03:46:41.652648 Traceback (most recent call last):
2026-07-17 03:46:41.702760   None
2026-07-17 03:46:41.752894 PYTHONPATH:
2026-07-17 03:46:41.802994   /opt/hostedtoolcache/Python/3.11.15/x64/bin
2026-07-17 03:46:41.853138   /opt/hostedtoolcache/Python/3.11.15/x64/lib/python311.zip
2026-07-17 03:46:41.903289   /opt/hostedtoolcache/Python/3.11.15/x64/lib/python3.11
2026-07-17 03:46:41.953448   /opt/hostedtoolcache/Python/3.11.15/x64/lib/python3.11/lib-dynload
2026-07-17 03:46:42.003584   /opt/hostedtoolcache/Python/3.11.15/x64/lib/python3.11/site-packages
2026-07-17 03:46:50.773906 TC03 Login User With Incorrect Email And Password                     | FAIL |
2026-07-17 03:46:50.810773 Setup failed:
2026-07-17 03:46:50.810792 No keyword with name 'Open Browser' found.
2026-07-17 03:46:50.810807 
2026-07-17 03:46:50.810820 Also teardown failed:
2026-07-17 03:46:50.810834 Several failures occurred:
2026-07-17 03:46:50.810847 
2026-07-17 03:46:50.810862 1) No keyword with name 'Register Keyword To Run On Failure' found.
2026-07-17 03:46:50.810884 
2026-07-17 03:46:50.810991 2) No keyword with name 'Close Browser' found. Did you mean:
2026-07-17 03:46:50.811021     common.Close Test Browser
2026-07-17 03:46:50.811044 ------------------------------------------------------------------------------
2026-07-17 03:46:50.811061 Suites.Auth.TC03 login invalid                                        | FAIL |
2026-07-17 03:46:50.811556 1 test, 0 passed, 1 failed
2026-07-17 03:46:50.811580 ==============================================================================
2026-07-17 03:46:50.811639 Suites.Auth                                                           | FAIL |
2026-07-17 03:46:50.811997 1 test, 0 passed, 1 failed
2026-07-17 03:46:50.812017 ==============================================================================
2026-07-17 03:46:50.812106 Suites                                                                | FAIL |
2026-07-17 03:46:50.812453 1 test, 0 passed, 1 failed
2026-07-17 03:46:50.812519 ==============================================================================
2026-07-17 03:46:50.812534 Output:  /home/runner/work/engg-robot-testing-framework/engg-robot-testing-framework/reports/pabot_results/2/output.xml
