2026-09-28 05:43:25.494017 ==============================================================================
2026-09-28 05:43:25.520316 Suites
2026-09-28 05:43:25.520330 ==============================================================================
2026-09-28 05:43:25.520337 Suites.Cart
2026-09-28 05:43:25.520999 ==============================================================================
2026-09-28 05:43:25.521010 Suites.Cart.TC17 remove products from cart :: TC17 - Remove Products From Cart
2026-09-28 05:43:25.521010 [ ERROR ] Error in file '/home/runner/work/engg-robot-testing-framework/engg-robot-testing-framework/resources/common.resource' on line 4: Importing library 'playwright_keyword_library.PlaywrightKeywordLibrary' failed: ModuleNotFoundError: No module named 'playwright_keyword_library'
2026-09-28 05:43:25.542988 ==============================================================================
2026-09-28 05:43:25.542988 Traceback (most recent call last):
2026-09-28 05:43:25.543000   None
2026-09-28 05:43:25.593079 PYTHONPATH:
2026-09-28 05:43:25.643153   /opt/hostedtoolcache/Python/3.11.16/x64/bin
2026-09-28 05:43:25.693264   /opt/hostedtoolcache/Python/3.11.16/x64/lib/python311.zip
2026-09-28 05:43:25.743482   /opt/hostedtoolcache/Python/3.11.16/x64/lib/python3.11
2026-09-28 05:43:25.793620   /opt/hostedtoolcache/Python/3.11.16/x64/lib/python3.11/lib-dynload
2026-09-28 05:43:25.843724   /opt/hostedtoolcache/Python/3.11.16/x64/lib/python3.11/site-packages
2026-09-28 05:43:25.893893 [ ERROR ] Error in file '/home/runner/work/engg-robot-testing-framework/engg-robot-testing-framework/resources/product_keywords.resource' on line 2: Importing library 'playwright_keyword_library.PlaywrightKeywordLibrary' failed: ModuleNotFoundError: No module named 'playwright_keyword_library'
2026-09-28 05:43:25.944006 Traceback (most recent call last):
2026-09-28 05:43:25.994202   None
2026-09-28 05:43:26.044329 PYTHONPATH:
2026-09-28 05:43:26.094450   /opt/hostedtoolcache/Python/3.11.16/x64/bin
2026-09-28 05:43:26.144560   /opt/hostedtoolcache/Python/3.11.16/x64/lib/python311.zip
2026-09-28 05:43:26.194678   /opt/hostedtoolcache/Python/3.11.16/x64/lib/python3.11
2026-09-28 05:43:26.244890   /opt/hostedtoolcache/Python/3.11.16/x64/lib/python3.11/lib-dynload
2026-09-28 05:43:26.295082   /opt/hostedtoolcache/Python/3.11.16/x64/lib/python3.11/site-packages
2026-09-28 05:43:26.345322 [ ERROR ] Error in file '/home/runner/work/engg-robot-testing-framework/engg-robot-testing-framework/resources/cart_keywords.resource' on line 2: Importing library 'playwright_keyword_library.PlaywrightKeywordLibrary' failed: ModuleNotFoundError: No module named 'playwright_keyword_library'
2026-09-28 05:43:26.395489 Traceback (most recent call last):
2026-09-28 05:43:26.445677   None
2026-09-28 05:43:26.495852 PYTHONPATH:
2026-09-28 05:43:26.546101   /opt/hostedtoolcache/Python/3.11.16/x64/bin
2026-09-28 05:43:26.596274   /opt/hostedtoolcache/Python/3.11.16/x64/lib/python311.zip
2026-09-28 05:43:26.646515   /opt/hostedtoolcache/Python/3.11.16/x64/lib/python3.11
2026-09-28 05:43:26.696678   /opt/hostedtoolcache/Python/3.11.16/x64/lib/python3.11/lib-dynload
2026-09-28 05:43:26.746912   /opt/hostedtoolcache/Python/3.11.16/x64/lib/python3.11/site-packages
2026-09-28 05:43:35.515931 TC17 Remove Products From Cart                                        | FAIL |
2026-09-28 05:43:35.552144 Setup failed:
2026-09-28 05:43:35.552154 No keyword with name 'Open Browser' found.
2026-09-28 05:43:35.552164 
2026-09-28 05:43:35.552179 Also teardown failed:
2026-09-28 05:43:35.552194 Several failures occurred:
2026-09-28 05:43:35.552209 
2026-09-28 05:43:35.552227 1) No keyword with name 'Register Keyword To Run On Failure' found.
2026-09-28 05:43:35.552242 
2026-09-28 05:43:35.552250 2) No keyword with name 'Close Browser' found. Did you mean:
2026-09-28 05:43:35.552263     common.Close Test Browser
2026-09-28 05:43:35.552270 ------------------------------------------------------------------------------
2026-09-28 05:43:35.552277 Suites.Cart.TC17 remove products from cart :: TC17 - Remove Produc... | FAIL |
2026-09-28 05:43:35.552290 1 test, 0 passed, 1 failed
2026-09-28 05:43:35.552298 ==============================================================================
2026-09-28 05:43:35.552305 Suites.Cart                                                           | FAIL |
2026-09-28 05:43:35.552366 1 test, 0 passed, 1 failed
2026-09-28 05:43:35.552375 ==============================================================================
2026-09-28 05:43:35.552382 Suites                                                                | FAIL |
2026-09-28 05:43:35.552570 1 test, 0 passed, 1 failed
2026-09-28 05:43:35.552616 ==============================================================================
2026-09-28 05:43:35.552624 Output:  /home/runner/work/engg-robot-testing-framework/engg-robot-testing-framework/reports/pabot_results/7/output.xml
