2026-09-25 05:13:46.498359 ==============================================================================
2026-09-25 05:13:46.548212 Suites
2026-09-25 05:13:46.548231 ==============================================================================
2026-09-25 05:13:46.548242 Suites.Cart
2026-09-25 05:13:46.548939 ==============================================================================
2026-09-25 05:13:46.548952 Suites.Cart.TC13 verify product quantity :: TC13 - Verify Product Quantity ...
2026-09-25 05:13:46.548952 [ ERROR ] Error in file '/home/runner/work/engg-robot-testing-framework/engg-robot-testing-framework/resources/common.resource' on line 4: Importing library 'playwright_keyword_library.PlaywrightKeywordLibrary' failed: ModuleNotFoundError: No module named 'playwright_keyword_library'
2026-09-25 05:13:46.574499 ==============================================================================
2026-09-25 05:13:46.574499 Traceback (most recent call last):
2026-09-25 05:13:46.574516   None
2026-09-25 05:13:46.624690 PYTHONPATH:
2026-09-25 05:13:46.674873   /opt/hostedtoolcache/Python/3.11.16/x64/bin
2026-09-25 05:13:46.725080   /opt/hostedtoolcache/Python/3.11.16/x64/lib/python311.zip
2026-09-25 05:13:46.775255   /opt/hostedtoolcache/Python/3.11.16/x64/lib/python3.11
2026-09-25 05:13:46.825434   /opt/hostedtoolcache/Python/3.11.16/x64/lib/python3.11/lib-dynload
2026-09-25 05:13:46.875568   /opt/hostedtoolcache/Python/3.11.16/x64/lib/python3.11/site-packages
2026-09-25 05:13:46.925731 [ ERROR ] Error in file '/home/runner/work/engg-robot-testing-framework/engg-robot-testing-framework/resources/product_keywords.resource' on line 2: Importing library 'playwright_keyword_library.PlaywrightKeywordLibrary' failed: ModuleNotFoundError: No module named 'playwright_keyword_library'
2026-09-25 05:13:46.975994 Traceback (most recent call last):
2026-09-25 05:13:47.026149   None
2026-09-25 05:13:47.076275 PYTHONPATH:
2026-09-25 05:13:47.126411   /opt/hostedtoolcache/Python/3.11.16/x64/bin
2026-09-25 05:13:47.176677   /opt/hostedtoolcache/Python/3.11.16/x64/lib/python311.zip
2026-09-25 05:13:47.226853   /opt/hostedtoolcache/Python/3.11.16/x64/lib/python3.11
2026-09-25 05:13:47.277082   /opt/hostedtoolcache/Python/3.11.16/x64/lib/python3.11/lib-dynload
2026-09-25 05:13:47.327286   /opt/hostedtoolcache/Python/3.11.16/x64/lib/python3.11/site-packages
2026-09-25 05:13:47.377468 [ ERROR ] Error in file '/home/runner/work/engg-robot-testing-framework/engg-robot-testing-framework/resources/cart_keywords.resource' on line 2: Importing library 'playwright_keyword_library.PlaywrightKeywordLibrary' failed: ModuleNotFoundError: No module named 'playwright_keyword_library'
2026-09-25 05:13:47.427711 Traceback (most recent call last):
2026-09-25 05:13:47.477932   None
2026-09-25 05:13:47.528268 PYTHONPATH:
2026-09-25 05:13:47.578472   /opt/hostedtoolcache/Python/3.11.16/x64/bin
2026-09-25 05:13:47.628639   /opt/hostedtoolcache/Python/3.11.16/x64/lib/python311.zip
2026-09-25 05:13:47.678847   /opt/hostedtoolcache/Python/3.11.16/x64/lib/python3.11
2026-09-25 05:13:47.729058   /opt/hostedtoolcache/Python/3.11.16/x64/lib/python3.11/lib-dynload
2026-09-25 05:13:47.779296   /opt/hostedtoolcache/Python/3.11.16/x64/lib/python3.11/site-packages
2026-09-25 05:13:56.553424 TC13 Verify Product Quantity In Cart                                  | FAIL |
2026-09-25 05:13:56.584682 Setup failed:
2026-09-25 05:13:56.584699 No keyword with name 'Open Browser' found.
2026-09-25 05:13:56.584705 
2026-09-25 05:13:56.584710 Also teardown failed:
2026-09-25 05:13:56.584716 Several failures occurred:
2026-09-25 05:13:56.584720 
2026-09-25 05:13:56.584726 1) No keyword with name 'Register Keyword To Run On Failure' found.
2026-09-25 05:13:56.584731 
2026-09-25 05:13:56.584736 2) No keyword with name 'Close Browser' found. Did you mean:
2026-09-25 05:13:56.584741     common.Close Test Browser
2026-09-25 05:13:56.584746 ------------------------------------------------------------------------------
2026-09-25 05:13:56.584750 Suites.Cart.TC13 verify product quantity :: TC13 - Verify Product ... | FAIL |
2026-09-25 05:13:56.585181 1 test, 0 passed, 1 failed
2026-09-25 05:13:56.585195 ==============================================================================
2026-09-25 05:13:56.585203 Suites.Cart                                                           | FAIL |
2026-09-25 05:13:56.585478 1 test, 0 passed, 1 failed
2026-09-25 05:13:56.585540 ==============================================================================
2026-09-25 05:13:56.585550 Suites                                                                | FAIL |
2026-09-25 05:13:56.585849 1 test, 0 passed, 1 failed
2026-09-25 05:13:56.585861 ==============================================================================
2026-09-25 05:13:56.585870 Output:  /home/runner/work/engg-robot-testing-framework/engg-robot-testing-framework/reports/pabot_results/6/output.xml
