2026-05-17 04:39:42.483175 ==============================================================================
2026-05-17 04:39:42.502093 Suites
2026-05-17 04:39:42.502112 ==============================================================================
2026-05-17 04:39:42.502125 Suites.Auth
2026-05-17 04:39:42.502777 ==============================================================================
2026-05-17 04:39:42.603075 Suites.Auth.TC05 register existing email
2026-05-17 04:39:42.611519 ==============================================================================
2026-05-17 04:39:53.396095 TC05 Register User With Existing Email                                | FAIL |
2026-05-17 04:39:53.396304 Setup failed:
2026-05-17 04:39:53.396314 Title should have been 'Automation Exercise' but was 'One moment, please...'.
2026-05-17 04:39:53.396322 ------------------------------------------------------------------------------
2026-05-17 04:39:53.396334 Suites.Auth.TC05 register existing email                              | FAIL |
2026-05-17 04:39:53.396975 1 test, 0 passed, 1 failed
2026-05-17 04:39:53.397005 ==============================================================================
2026-05-17 04:39:53.397012 Suites.Auth                                                           | FAIL |
2026-05-17 04:39:53.397343 1 test, 0 passed, 1 failed
2026-05-17 04:39:53.397375 ==============================================================================
2026-05-17 04:39:53.397381 Suites                                                                | FAIL |
2026-05-17 04:39:53.397643 1 test, 0 passed, 1 failed
2026-05-17 04:39:53.397676 ==============================================================================
2026-05-17 04:39:53.397682 Output:  /home/runner/work/engg-robot-testing-framework/engg-robot-testing-framework/reports/pabot_results/4/output.xml
