2026-06-26 04:49:38.440296 ==============================================================================
2026-06-26 04:49:38.454715 Suites
2026-06-26 04:49:38.454735 ==============================================================================
2026-06-26 04:49:38.454749 Suites.Auth
2026-06-26 04:49:38.455557 ==============================================================================
2026-06-26 04:49:38.455576 Suites.Auth.TC03 login invalid
2026-06-26 04:49:38.455576 [ ERROR ] Error in file '/home/runner/work/engg-robot-testing-framework/engg-robot-testing-framework/tests/auth/TC03_login_invalid.robot' on line 2: Importing library 'playwright_keyword_library.PlaywrightKeywordLibrary' failed: ModuleNotFoundError: No module named 'playwright_keyword_library'
2026-06-26 04:49:38.474861 ==============================================================================
2026-06-26 04:49:38.474861 Traceback (most recent call last):
2026-06-26 04:49:38.474910   None
2026-06-26 04:49:38.525047 PYTHONPATH:
2026-06-26 04:49:38.575173   /opt/hostedtoolcache/Python/3.11.15/x64/bin
2026-06-26 04:49:38.625302   /opt/hostedtoolcache/Python/3.11.15/x64/lib/python311.zip
2026-06-26 04:49:38.675420   /opt/hostedtoolcache/Python/3.11.15/x64/lib/python3.11
2026-06-26 04:49:38.725551   /opt/hostedtoolcache/Python/3.11.15/x64/lib/python3.11/lib-dynload
2026-06-26 04:49:38.775701   /opt/hostedtoolcache/Python/3.11.15/x64/lib/python3.11/site-packages
2026-06-26 04:49:38.825855 [ ERROR ] Error in file '/home/runner/work/engg-robot-testing-framework/engg-robot-testing-framework/resources/auth_keywords.resource' on line 2: Importing library 'playwright_keyword_library.PlaywrightKeywordLibrary' failed: ModuleNotFoundError: No module named 'playwright_keyword_library'
2026-06-26 04:49:38.875996 Traceback (most recent call last):
2026-06-26 04:49:38.926164   None
2026-06-26 04:49:38.976309 PYTHONPATH:
2026-06-26 04:49:39.026496   /opt/hostedtoolcache/Python/3.11.15/x64/bin
2026-06-26 04:49:39.076645   /opt/hostedtoolcache/Python/3.11.15/x64/lib/python311.zip
2026-06-26 04:49:39.126847   /opt/hostedtoolcache/Python/3.11.15/x64/lib/python3.11
2026-06-26 04:49:39.177039   /opt/hostedtoolcache/Python/3.11.15/x64/lib/python3.11/lib-dynload
2026-06-26 04:49:39.227218   /opt/hostedtoolcache/Python/3.11.15/x64/lib/python3.11/site-packages
2026-06-26 04:49:39.277362 [ ERROR ] Error in file '/home/runner/work/engg-robot-testing-framework/engg-robot-testing-framework/resources/common.resource' on line 4: Importing library 'playwright_keyword_library.PlaywrightKeywordLibrary' failed: ModuleNotFoundError: No module named 'playwright_keyword_library'
2026-06-26 04:49:39.327533 Traceback (most recent call last):
2026-06-26 04:49:39.377673   None
2026-06-26 04:49:39.427837 PYTHONPATH:
2026-06-26 04:49:39.478041   /opt/hostedtoolcache/Python/3.11.15/x64/bin
2026-06-26 04:49:39.528251   /opt/hostedtoolcache/Python/3.11.15/x64/lib/python311.zip
2026-06-26 04:49:39.578407   /opt/hostedtoolcache/Python/3.11.15/x64/lib/python3.11
2026-06-26 04:49:39.628551   /opt/hostedtoolcache/Python/3.11.15/x64/lib/python3.11/lib-dynload
2026-06-26 04:49:39.678682   /opt/hostedtoolcache/Python/3.11.15/x64/lib/python3.11/site-packages
2026-06-26 04:49:48.449715 TC03 Login User With Incorrect Email And Password                     | FAIL |
2026-06-26 04:49:48.485066 Setup failed:
2026-06-26 04:49:48.485083 No keyword with name 'Open Browser' found.
2026-06-26 04:49:48.485095 
2026-06-26 04:49:48.485107 Also teardown failed:
2026-06-26 04:49:48.485118 Several failures occurred:
2026-06-26 04:49:48.485130 
2026-06-26 04:49:48.485142 1) No keyword with name 'Register Keyword To Run On Failure' found.
2026-06-26 04:49:48.485155 
2026-06-26 04:49:48.485166 2) No keyword with name 'Close Browser' found. Did you mean:
2026-06-26 04:49:48.485177     common.Close Test Browser
2026-06-26 04:49:48.485189 ------------------------------------------------------------------------------
2026-06-26 04:49:48.485200 Suites.Auth.TC03 login invalid                                        | FAIL |
2026-06-26 04:49:48.485639 1 test, 0 passed, 1 failed
2026-06-26 04:49:48.485713 ==============================================================================
2026-06-26 04:49:48.485728 Suites.Auth                                                           | FAIL |
2026-06-26 04:49:48.486092 1 test, 0 passed, 1 failed
2026-06-26 04:49:48.486174 ==============================================================================
2026-06-26 04:49:48.486188 Suites                                                                | FAIL |
2026-06-26 04:49:48.486485 1 test, 0 passed, 1 failed
2026-06-26 04:49:48.486563 ==============================================================================
2026-06-26 04:49:48.486579 Output:  /home/runner/work/engg-robot-testing-framework/engg-robot-testing-framework/reports/pabot_results/2/output.xml
