2026-09-15 05:09:32.719473 ==============================================================================
2026-09-15 05:09:32.767714 Suites
2026-09-15 05:09:32.767729 ==============================================================================
2026-09-15 05:09:32.767751 Suites.Cart
2026-09-15 05:09:32.768424 ==============================================================================
2026-09-15 05:09:32.768436 Suites.Cart.TC12 add products to cart :: TC12 - Add Products In Cart
2026-09-15 05:09:32.768436 [ ERROR ] Error in file '/home/runner/work/engg-robot-testing-framework/engg-robot-testing-framework/resources/common.resource' on line 4: Importing library 'playwright_keyword_library.PlaywrightKeywordLibrary' failed: ModuleNotFoundError: No module named 'playwright_keyword_library'
2026-09-15 05:09:32.794267 ==============================================================================
2026-09-15 05:09:32.794267 Traceback (most recent call last):
2026-09-15 05:09:32.794285   None
2026-09-15 05:09:32.844432 PYTHONPATH:
2026-09-15 05:09:32.894561   /opt/hostedtoolcache/Python/3.11.16/x64/bin
2026-09-15 05:09:32.944657   /opt/hostedtoolcache/Python/3.11.16/x64/lib/python311.zip
2026-09-15 05:09:32.994802   /opt/hostedtoolcache/Python/3.11.16/x64/lib/python3.11
2026-09-15 05:09:33.044901   /opt/hostedtoolcache/Python/3.11.16/x64/lib/python3.11/lib-dynload
2026-09-15 05:09:33.095028   /opt/hostedtoolcache/Python/3.11.16/x64/lib/python3.11/site-packages
2026-09-15 05:09:33.145118 [ ERROR ] Error in file '/home/runner/work/engg-robot-testing-framework/engg-robot-testing-framework/resources/product_keywords.resource' on line 2: Importing library 'playwright_keyword_library.PlaywrightKeywordLibrary' failed: ModuleNotFoundError: No module named 'playwright_keyword_library'
2026-09-15 05:09:33.195230 Traceback (most recent call last):
2026-09-15 05:09:33.245336   None
2026-09-15 05:09:33.295442 PYTHONPATH:
2026-09-15 05:09:33.345538   /opt/hostedtoolcache/Python/3.11.16/x64/bin
2026-09-15 05:09:33.395650   /opt/hostedtoolcache/Python/3.11.16/x64/lib/python311.zip
2026-09-15 05:09:33.445814   /opt/hostedtoolcache/Python/3.11.16/x64/lib/python3.11
2026-09-15 05:09:33.495930   /opt/hostedtoolcache/Python/3.11.16/x64/lib/python3.11/lib-dynload
2026-09-15 05:09:33.546033   /opt/hostedtoolcache/Python/3.11.16/x64/lib/python3.11/site-packages
2026-09-15 05:09:33.596129 [ ERROR ] Error in file '/home/runner/work/engg-robot-testing-framework/engg-robot-testing-framework/resources/cart_keywords.resource' on line 2: Importing library 'playwright_keyword_library.PlaywrightKeywordLibrary' failed: ModuleNotFoundError: No module named 'playwright_keyword_library'
2026-09-15 05:09:33.646241 Traceback (most recent call last):
2026-09-15 05:09:33.696347   None
2026-09-15 05:09:33.746444 PYTHONPATH:
2026-09-15 05:09:33.796549   /opt/hostedtoolcache/Python/3.11.16/x64/bin
2026-09-15 05:09:33.846650   /opt/hostedtoolcache/Python/3.11.16/x64/lib/python311.zip
2026-09-15 05:09:33.896768   /opt/hostedtoolcache/Python/3.11.16/x64/lib/python3.11
2026-09-15 05:09:33.946870   /opt/hostedtoolcache/Python/3.11.16/x64/lib/python3.11/lib-dynload
2026-09-15 05:09:33.996983   /opt/hostedtoolcache/Python/3.11.16/x64/lib/python3.11/site-packages
2026-09-15 05:09:42.766841 TC12 Add Products In Cart                                             | FAIL |
2026-09-15 05:09:42.804034 Setup failed:
2026-09-15 05:09:42.804048 No keyword with name 'Open Browser' found.
2026-09-15 05:09:42.804057 
2026-09-15 05:09:42.804065 Also teardown failed:
2026-09-15 05:09:42.804073 Several failures occurred:
2026-09-15 05:09:42.804080 
2026-09-15 05:09:42.804087 1) No keyword with name 'Register Keyword To Run On Failure' found.
2026-09-15 05:09:42.804095 
2026-09-15 05:09:42.804102 2) No keyword with name 'Close Browser' found. Did you mean:
2026-09-15 05:09:42.804109     common.Close Test Browser
2026-09-15 05:09:42.804116 ------------------------------------------------------------------------------
2026-09-15 05:09:42.804123 Suites.Cart.TC12 add products to cart :: TC12 - Add Products In Cart  | FAIL |
2026-09-15 05:09:42.804567 1 test, 0 passed, 1 failed
2026-09-15 05:09:42.804586 ==============================================================================
2026-09-15 05:09:42.804646 Suites.Cart                                                           | FAIL |
2026-09-15 05:09:42.804984 1 test, 0 passed, 1 failed
2026-09-15 05:09:42.804997 ==============================================================================
2026-09-15 05:09:42.805006 Suites                                                                | FAIL |
2026-09-15 05:09:42.805248 1 test, 0 passed, 1 failed
2026-09-15 05:09:42.805309 ==============================================================================
2026-09-15 05:09:42.805318 Output:  /home/runner/work/engg-robot-testing-framework/engg-robot-testing-framework/reports/pabot_results/5/output.xml
