2026-09-13 05:11:00.927590 ==============================================================================
2026-09-13 05:11:00.945162 Suites
2026-09-13 05:11:00.945222 ==============================================================================
2026-09-13 05:11:00.945241 Suites.Auth
2026-09-13 05:11:00.945980 ==============================================================================
2026-09-13 05:11:00.945998 Suites.Auth.TC02 login valid
2026-09-13 05:11:00.945998 [ ERROR ] Error in file '/home/runner/work/engg-robot-testing-framework/engg-robot-testing-framework/tests/auth/TC02_login_valid.robot' on line 2: Importing library 'playwright_keyword_library.PlaywrightKeywordLibrary' failed: ModuleNotFoundError: No module named 'playwright_keyword_library'
2026-09-13 05:11:00.965098 ==============================================================================
2026-09-13 05:11:00.965098 Traceback (most recent call last):
2026-09-13 05:11:00.965155   None
2026-09-13 05:11:01.015268 PYTHONPATH:
2026-09-13 05:11:01.065378   /opt/hostedtoolcache/Python/3.11.16/x64/bin
2026-09-13 05:11:01.115482   /opt/hostedtoolcache/Python/3.11.16/x64/lib/python311.zip
2026-09-13 05:11:01.165582   /opt/hostedtoolcache/Python/3.11.16/x64/lib/python3.11
2026-09-13 05:11:01.215692   /opt/hostedtoolcache/Python/3.11.16/x64/lib/python3.11/lib-dynload
2026-09-13 05:11:01.265830   /opt/hostedtoolcache/Python/3.11.16/x64/lib/python3.11/site-packages
2026-09-13 05:11:01.315985 [ ERROR ] Error in file '/home/runner/work/engg-robot-testing-framework/engg-robot-testing-framework/resources/auth_keywords.resource' on line 2: Importing library 'playwright_keyword_library.PlaywrightKeywordLibrary' failed: ModuleNotFoundError: No module named 'playwright_keyword_library'
2026-09-13 05:11:01.366141 Traceback (most recent call last):
2026-09-13 05:11:01.416300   None
2026-09-13 05:11:01.466461 PYTHONPATH:
2026-09-13 05:11:01.516621   /opt/hostedtoolcache/Python/3.11.16/x64/bin
2026-09-13 05:11:01.566769   /opt/hostedtoolcache/Python/3.11.16/x64/lib/python311.zip
2026-09-13 05:11:01.616892   /opt/hostedtoolcache/Python/3.11.16/x64/lib/python3.11
2026-09-13 05:11:01.667051   /opt/hostedtoolcache/Python/3.11.16/x64/lib/python3.11/lib-dynload
2026-09-13 05:11:01.717211   /opt/hostedtoolcache/Python/3.11.16/x64/lib/python3.11/site-packages
2026-09-13 05:11:01.767374 [ ERROR ] Error in file '/home/runner/work/engg-robot-testing-framework/engg-robot-testing-framework/resources/common.resource' on line 4: Importing library 'playwright_keyword_library.PlaywrightKeywordLibrary' failed: ModuleNotFoundError: No module named 'playwright_keyword_library'
2026-09-13 05:11:01.817523 Traceback (most recent call last):
2026-09-13 05:11:01.867681   None
2026-09-13 05:11:01.917841 PYTHONPATH:
2026-09-13 05:11:01.968006   /opt/hostedtoolcache/Python/3.11.16/x64/bin
2026-09-13 05:11:02.018142   /opt/hostedtoolcache/Python/3.11.16/x64/lib/python311.zip
2026-09-13 05:11:02.068298   /opt/hostedtoolcache/Python/3.11.16/x64/lib/python3.11
2026-09-13 05:11:02.118458   /opt/hostedtoolcache/Python/3.11.16/x64/lib/python3.11/lib-dynload
2026-09-13 05:11:02.168616   /opt/hostedtoolcache/Python/3.11.16/x64/lib/python3.11/site-packages
2026-09-13 05:11:10.940171 TC02 Login User With Correct Email And Password                       | FAIL |
2026-09-13 05:11:10.975387 Setup failed:
2026-09-13 05:11:10.975406 No keyword with name 'Open Browser' found.
2026-09-13 05:11:10.975421 
2026-09-13 05:11:10.975434 Also teardown failed:
2026-09-13 05:11:10.975448 Several failures occurred:
2026-09-13 05:11:10.975461 
2026-09-13 05:11:10.975474 1) No keyword with name 'Register Keyword To Run On Failure' found.
2026-09-13 05:11:10.975488 
2026-09-13 05:11:10.975501 2) No keyword with name 'Close Browser' found. Did you mean:
2026-09-13 05:11:10.975514     common.Close Test Browser
2026-09-13 05:11:10.975525 ------------------------------------------------------------------------------
2026-09-13 05:11:10.975536 Suites.Auth.TC02 login valid                                          | FAIL |
2026-09-13 05:11:10.976039 1 test, 0 passed, 1 failed
2026-09-13 05:11:10.976064 ==============================================================================
2026-09-13 05:11:10.976129 Suites.Auth                                                           | FAIL |
2026-09-13 05:11:10.976498 1 test, 0 passed, 1 failed
2026-09-13 05:11:10.976516 ==============================================================================
2026-09-13 05:11:10.976530 Suites                                                                | FAIL |
2026-09-13 05:11:10.976853 1 test, 0 passed, 1 failed
2026-09-13 05:11:10.976914 ==============================================================================
2026-09-13 05:11:10.976928 Output:  /home/runner/work/engg-robot-testing-framework/engg-robot-testing-framework/reports/pabot_results/1/output.xml
