2026-06-15 01:23:35.389605 ==============================================================================
2026-06-15 01:23:35.391373 Suites
2026-06-15 01:23:35.391391 ==============================================================================
2026-06-15 01:23:35.391403 Suites.Auth
2026-06-15 01:23:35.392155 ==============================================================================
2026-06-15 01:23:35.492467 Suites.Auth.TC03 login invalid
2026-06-15 01:23:35.497880 ==============================================================================
2026-06-15 01:23:46.227323 TC03 Login User With Incorrect Email And Password                     | FAIL |
2026-06-15 01:23:46.265722 Setup failed:
2026-06-15 01:23:46.265733 Title should have been 'Automation Exercise' but was 'One moment, please...'.
2026-06-15 01:23:46.265740 ------------------------------------------------------------------------------
2026-06-15 01:23:46.265746 Suites.Auth.TC03 login invalid                                        | FAIL |
2026-06-15 01:23:46.266660 1 test, 0 passed, 1 failed
2026-06-15 01:23:46.266722 ==============================================================================
2026-06-15 01:23:46.266729 Suites.Auth                                                           | FAIL |
2026-06-15 01:23:46.267138 1 test, 0 passed, 1 failed
2026-06-15 01:23:46.267183 ==============================================================================
2026-06-15 01:23:46.267190 Suites                                                                | FAIL |
2026-06-15 01:23:46.267609 1 test, 0 passed, 1 failed
2026-06-15 01:23:46.267660 ==============================================================================
2026-06-15 01:23:46.267666 Output:  /home/runner/work/engg-robot-testing-framework/engg-robot-testing-framework/reports/pabot_results/2/output.xml
