[INFO]    Initialized logging in reports/pabot_results
[INFO]    Robot Framework remote server at 127.0.0.1:8270 started.
[DEBUG]   2026-05-16 04:09:07.046387 [PID:2437] [0] [ID:0] EXECUTING Suites.Auth.TC01 register user
[DEBUG]   2026-05-16 04:09:07.048199 [PID:2438] [1] [ID:1] EXECUTING Suites.Auth.TC02 login valid
[DEBUG]   2026-05-16 04:09:12.055572 [PID:2437] [0] [ID:0] still running Suites.Auth.TC01 register user after 5.0s
[DEBUG]   2026-05-16 04:09:12.055708 [PID:2438] [1] [ID:1] still running Suites.Auth.TC02 login valid after 5.0s
[DEBUG]   2026-05-16 04:09:22.069546 [PID:2437] [0] [ID:0] still running Suites.Auth.TC01 register user after 15.0s
[DEBUG]   2026-05-16 04:09:22.069635 [PID:2438] [1] [ID:1] still running Suites.Auth.TC02 login valid after 15.0s
[DEBUG]   2026-05-16 04:09:37.091083 [PID:2437] [0] [ID:0] still running Suites.Auth.TC01 register user after 30.0s
[DEBUG]   2026-05-16 04:09:37.091232 [PID:2438] [1] [ID:1] still running Suites.Auth.TC02 login valid after 30.0s
[DEBUG]   2026-05-16 04:09:57.119663 [PID:2438] [1] [ID:1] still running Suites.Auth.TC02 login valid after 50.0s
[DEBUG]   2026-05-16 04:09:57.122026 [PID:2437] [0] [ID:0] still running Suites.Auth.TC01 register user after 50.0s
[DEBUG]   2026-05-16 04:10:22.155207 [PID:2437] [0] [ID:0] still running Suites.Auth.TC01 register user after 75.0s
[DEBUG]   2026-05-16 04:10:22.155344 [PID:2438] [1] [ID:1] still running Suites.Auth.TC02 login valid after 75.0s
[INFO]    2026-05-16 04:10:27.964809 [PID:2437] [0] [ID:0] PASSED Suites.Auth.TC01 register user in 80.9 seconds
[DEBUG]   2026-05-16 04:10:27.969376 [PID:2921] [0] [ID:2] EXECUTING Suites.Auth.TC03 login invalid
[INFO]    2026-05-16 04:10:32.372881 [PID:2438] [1] [ID:1] PASSED Suites.Auth.TC02 login valid in 85.3 seconds
[DEBUG]   2026-05-16 04:10:32.377325 [PID:3086] [1] [ID:3] EXECUTING Suites.Auth.TC04 logout user
[DEBUG]   2026-05-16 04:10:32.976760 [PID:2921] [0] [ID:2] still running Suites.Auth.TC03 login invalid after 5.0s
[DEBUG]   2026-05-16 04:10:37.386006 [PID:3086] [1] [ID:3] still running Suites.Auth.TC04 logout user after 5.0s
[DEBUG]   2026-05-16 04:10:42.990266 [PID:2921] [0] [ID:2] still running Suites.Auth.TC03 login invalid after 15.0s
[INFO]    2026-05-16 04:10:43.394537 [PID:2921] [0] [ID:2] PASSED Suites.Auth.TC03 login invalid in 15.4 seconds
[DEBUG]   2026-05-16 04:10:43.399192 [PID:3347] [0] [ID:4] EXECUTING Suites.Auth.TC05 register existing email
[DEBUG]   2026-05-16 04:10:47.397827 [PID:3086] [1] [ID:3] still running Suites.Auth.TC04 logout user after 15.0s
[DEBUG]   2026-05-16 04:10:48.409047 [PID:3347] [0] [ID:4] still running Suites.Auth.TC05 register existing email after 5.0s
[DEBUG]   2026-05-16 04:10:58.422300 [PID:3347] [0] [ID:4] still running Suites.Auth.TC05 register existing email after 15.0s
[DEBUG]   2026-05-16 04:11:02.417807 [PID:3086] [1] [ID:3] still running Suites.Auth.TC04 logout user after 30.0s
[DEBUG]   2026-05-16 04:11:13.444063 [PID:3347] [0] [ID:4] still running Suites.Auth.TC05 register existing email after 30.0s
[INFO]    2026-05-16 04:11:20.154028 [PID:3347] [0] [ID:4] PASSED Suites.Auth.TC05 register existing email in 36.8 seconds
[DEBUG]   2026-05-16 04:11:20.158539 [PID:3675] [1] [ID:5] EXECUTING Suites.Cart.TC12 add products to cart
[DEBUG]   2026-05-16 04:11:22.448880 [PID:3086] [1] [ID:3] still running Suites.Auth.TC04 logout user after 50.0s
[DEBUG]   2026-05-16 04:11:25.165882 [PID:3675] [1] [ID:5] still running Suites.Cart.TC12 add products to cart after 5.0s
[DEBUG]   2026-05-16 04:11:35.176163 [PID:3675] [1] [ID:5] still running Suites.Cart.TC12 add products to cart after 15.0s
[INFO]    2026-05-16 04:11:39.287323 [PID:3675] [1] [ID:5] PASSED Suites.Cart.TC12 add products to cart in 19.1 seconds
[DEBUG]   2026-05-16 04:11:39.292811 [PID:4044] [0] [ID:6] EXECUTING Suites.Cart.TC13 verify product quantity
[DEBUG]   2026-05-16 04:11:44.300690 [PID:4044] [0] [ID:6] still running Suites.Cart.TC13 verify product quantity after 5.0s
[DEBUG]   2026-05-16 04:11:47.487678 [PID:3086] [1] [ID:3] still running Suites.Auth.TC04 logout user after 75.0s
[INFO]    2026-05-16 04:11:47.691381 [PID:3086] [1] [ID:3] Execution failed in Suites.Auth.TC04 logout user with 1 failing test(s)
==============================================================================
Suites
==============================================================================
Suites.Auth
==============================================================================
Suites.Auth.TC04 logout user
==============================================================================
TC04 Logout User                                                      | FAIL |
Element 'css=li a b' did not appear in 45 seconds.
------------------------------------------------------------------------------
Suites.Auth.TC04 logout user                                          | FAIL |
1 test, 0 passed, 1 failed
==============================================================================
Suites.Auth                                                           | FAIL |
1 test, 0 passed, 1 failed
==============================================================================
Suites                                                                | FAIL |
1 test, 0 passed, 1 failed
==============================================================================
Output:  /home/runner/work/engg-robot-testing-framework/engg-robot-testing-framework/reports/pabot_results/3/output.xml
[DEBUG]   2026-05-16 04:11:47.696412 [PID:4265] [1] [ID:7] EXECUTING Suites.Cart.TC17 remove products from cart
[DEBUG]   2026-05-16 04:11:52.706072 [PID:4265] [1] [ID:7] still running Suites.Cart.TC17 remove products from cart after 5.0s
[INFO]    2026-05-16 04:11:53.217032 [PID:4044] [0] [ID:6] PASSED Suites.Cart.TC13 verify product quantity in 13.9 seconds
[DEBUG]   2026-05-16 04:11:53.222990 [PID:4512] [0] [ID:8] EXECUTING Suites.Cart.TC20 search and verify cart after login
[DEBUG]   2026-05-16 04:11:58.231761 [PID:4512] [0] [ID:8] still running Suites.Cart.TC20 search and verify cart after login after 5.0s
[DEBUG]   2026-05-16 04:12:02.723146 [PID:4265] [1] [ID:7] still running Suites.Cart.TC17 remove products from cart after 15.0s
[INFO]    2026-05-16 04:12:06.632494 [PID:4265] [1] [ID:7] PASSED Suites.Cart.TC17 remove products from cart in 18.9 seconds
[DEBUG]   2026-05-16 04:12:06.637764 [PID:4819] [1] [ID:9] EXECUTING Suites.Cart.TC22 add from recommended items
[DEBUG]   2026-05-16 04:12:08.246857 [PID:4512] [0] [ID:8] still running Suites.Cart.TC20 search and verify cart after login after 15.0s
[DEBUG]   2026-05-16 04:12:11.646161 [PID:4819] [1] [ID:9] still running Suites.Cart.TC22 add from recommended items after 5.0s
[DEBUG]   2026-05-16 04:12:21.658499 [PID:4819] [1] [ID:9] still running Suites.Cart.TC22 add from recommended items after 15.0s
[INFO]    2026-05-16 04:12:23.064200 [PID:4819] [1] [ID:9] PASSED Suites.Cart.TC22 add from recommended items in 16.4 seconds
[DEBUG]   2026-05-16 04:12:23.270072 [PID:4512] [0] [ID:8] still running Suites.Cart.TC20 search and verify cart after login after 30.0s
[INFO]    2026-05-16 04:12:28.978930 [PID:4512] [0] [ID:8] PASSED Suites.Cart.TC20 search and verify cart after login in 35.8 seconds
[INFO]    10 tests, 9 passed, 1 failed, 0 skipped.
[INFO]    ===================================================
[INFO]    Output:  /home/runner/work/engg-robot-testing-framework/engg-robot-testing-framework/reports/output.xml
[INFO]    Log:     /home/runner/work/engg-robot-testing-framework/engg-robot-testing-framework/reports/log.html
[INFO]    Report:  /home/runner/work/engg-robot-testing-framework/engg-robot-testing-framework/reports/report.html
[DEBUG]   Finalizing Pabot execution...
[DEBUG]   Stopping PabotLib process
[INFO]    Robot Framework remote server at 127.0.0.1:8270 stopped.
[DEBUG]   PabotLib process stopped
[INFO]    Total testing: 6 minutes 37.79 seconds
[INFO]    Elapsed time:  3 minutes 22.57 seconds
[DEBUG]   Logs flushed successfully.
