2026-08-14 03:06:28.969265 ==============================================================================
2026-08-14 03:06:28.996514 Suites
2026-08-14 03:06:28.996533 ==============================================================================
2026-08-14 03:06:28.996548 Suites.Auth
2026-08-14 03:06:28.997434 ==============================================================================
2026-08-14 03:06:28.997452 Suites.Auth.TC03 login invalid
2026-08-14 03:06:28.997452 [ ERROR ] Error in file '/home/runner/work/engg-robot-testing-framework/engg-robot-testing-framework/tests/auth/TC03_login_invalid.robot' on line 2: Importing library 'playwright_keyword_library.PlaywrightKeywordLibrary' failed: ModuleNotFoundError: No module named 'playwright_keyword_library'
2026-08-14 03:06:29.016501 ==============================================================================
2026-08-14 03:06:29.016501 Traceback (most recent call last):
2026-08-14 03:06:29.016525   None
2026-08-14 03:06:29.066632 PYTHONPATH:
2026-08-14 03:06:29.116734   /opt/hostedtoolcache/Python/3.11.15/x64/bin
2026-08-14 03:06:29.166838   /opt/hostedtoolcache/Python/3.11.15/x64/lib/python311.zip
2026-08-14 03:06:29.216940   /opt/hostedtoolcache/Python/3.11.15/x64/lib/python3.11
2026-08-14 03:06:29.267044   /opt/hostedtoolcache/Python/3.11.15/x64/lib/python3.11/lib-dynload
2026-08-14 03:06:29.317196   /opt/hostedtoolcache/Python/3.11.15/x64/lib/python3.11/site-packages
2026-08-14 03:06:29.367334 [ ERROR ] Error in file '/home/runner/work/engg-robot-testing-framework/engg-robot-testing-framework/resources/auth_keywords.resource' on line 2: Importing library 'playwright_keyword_library.PlaywrightKeywordLibrary' failed: ModuleNotFoundError: No module named 'playwright_keyword_library'
2026-08-14 03:06:29.417488 Traceback (most recent call last):
2026-08-14 03:06:29.467643   None
2026-08-14 03:06:29.517800 PYTHONPATH:
2026-08-14 03:06:29.567954   /opt/hostedtoolcache/Python/3.11.15/x64/bin
2026-08-14 03:06:29.618113   /opt/hostedtoolcache/Python/3.11.15/x64/lib/python311.zip
2026-08-14 03:06:29.668270   /opt/hostedtoolcache/Python/3.11.15/x64/lib/python3.11
2026-08-14 03:06:29.718424   /opt/hostedtoolcache/Python/3.11.15/x64/lib/python3.11/lib-dynload
2026-08-14 03:06:29.768587   /opt/hostedtoolcache/Python/3.11.15/x64/lib/python3.11/site-packages
2026-08-14 03:06:29.818746 [ ERROR ] Error in file '/home/runner/work/engg-robot-testing-framework/engg-robot-testing-framework/resources/common.resource' on line 4: Importing library 'playwright_keyword_library.PlaywrightKeywordLibrary' failed: ModuleNotFoundError: No module named 'playwright_keyword_library'
2026-08-14 03:06:29.868910 Traceback (most recent call last):
2026-08-14 03:06:29.919071   None
2026-08-14 03:06:29.969232 PYTHONPATH:
2026-08-14 03:06:30.019392   /opt/hostedtoolcache/Python/3.11.15/x64/bin
2026-08-14 03:06:30.069555   /opt/hostedtoolcache/Python/3.11.15/x64/lib/python311.zip
2026-08-14 03:06:30.119733   /opt/hostedtoolcache/Python/3.11.15/x64/lib/python3.11
2026-08-14 03:06:30.169896   /opt/hostedtoolcache/Python/3.11.15/x64/lib/python3.11/lib-dynload
2026-08-14 03:06:30.220053   /opt/hostedtoolcache/Python/3.11.15/x64/lib/python3.11/site-packages
2026-08-14 03:06:38.997012 TC03 Login User With Incorrect Email And Password                     | FAIL |
2026-08-14 03:06:39.026899 Setup failed:
2026-08-14 03:06:39.026919 No keyword with name 'Open Browser' found.
2026-08-14 03:06:39.026936 
2026-08-14 03:06:39.026952 Also teardown failed:
2026-08-14 03:06:39.026967 Several failures occurred:
2026-08-14 03:06:39.026983 
2026-08-14 03:06:39.026998 1) No keyword with name 'Register Keyword To Run On Failure' found.
2026-08-14 03:06:39.027013 
2026-08-14 03:06:39.027027 2) No keyword with name 'Close Browser' found. Did you mean:
2026-08-14 03:06:39.027041     common.Close Test Browser
2026-08-14 03:06:39.027082 ------------------------------------------------------------------------------
2026-08-14 03:06:39.027099 Suites.Auth.TC03 login invalid                                        | FAIL |
2026-08-14 03:06:39.027632 1 test, 0 passed, 1 failed
2026-08-14 03:06:39.027659 ==============================================================================
2026-08-14 03:06:39.027736 Suites.Auth                                                           | FAIL |
2026-08-14 03:06:39.028099 1 test, 0 passed, 1 failed
2026-08-14 03:06:39.028118 ==============================================================================
2026-08-14 03:06:39.028133 Suites                                                                | FAIL |
2026-08-14 03:06:39.028480 1 test, 0 passed, 1 failed
2026-08-14 03:06:39.028499 ==============================================================================
2026-08-14 03:06:39.028514 Output:  /home/runner/work/engg-robot-testing-framework/engg-robot-testing-framework/reports/pabot_results/2/output.xml
