2026-08-01 04:02:29.140130 ==============================================================================
2026-08-01 04:02:29.170031 Suites
2026-08-01 04:02:29.170053 ==============================================================================
2026-08-01 04:02:29.170068 Suites.Auth
2026-08-01 04:02:29.170947 ==============================================================================
2026-08-01 04:02:29.170966 Suites.Auth.TC03 login invalid
2026-08-01 04:02:29.170966 [ ERROR ] Error in file '/home/runner/work/engg-robot-testing-framework/engg-robot-testing-framework/tests/auth/TC03_login_invalid.robot' on line 2: Importing library 'playwright_keyword_library.PlaywrightKeywordLibrary' failed: ModuleNotFoundError: No module named 'playwright_keyword_library'
2026-08-01 04:02:29.190542 ==============================================================================
2026-08-01 04:02:29.190542 Traceback (most recent call last):
2026-08-01 04:02:29.190638   None
2026-08-01 04:02:29.240758 PYTHONPATH:
2026-08-01 04:02:29.290904   /opt/hostedtoolcache/Python/3.11.15/x64/bin
2026-08-01 04:02:29.341007   /opt/hostedtoolcache/Python/3.11.15/x64/lib/python311.zip
2026-08-01 04:02:29.391102   /opt/hostedtoolcache/Python/3.11.15/x64/lib/python3.11
2026-08-01 04:02:29.441210   /opt/hostedtoolcache/Python/3.11.15/x64/lib/python3.11/lib-dynload
2026-08-01 04:02:29.491316   /opt/hostedtoolcache/Python/3.11.15/x64/lib/python3.11/site-packages
2026-08-01 04:02:29.541454 [ ERROR ] Error in file '/home/runner/work/engg-robot-testing-framework/engg-robot-testing-framework/resources/auth_keywords.resource' on line 2: Importing library 'playwright_keyword_library.PlaywrightKeywordLibrary' failed: ModuleNotFoundError: No module named 'playwright_keyword_library'
2026-08-01 04:02:29.591585 Traceback (most recent call last):
2026-08-01 04:02:29.641701   None
2026-08-01 04:02:29.691829 PYTHONPATH:
2026-08-01 04:02:29.742054   /opt/hostedtoolcache/Python/3.11.15/x64/bin
2026-08-01 04:02:29.792157   /opt/hostedtoolcache/Python/3.11.15/x64/lib/python311.zip
2026-08-01 04:02:29.842303   /opt/hostedtoolcache/Python/3.11.15/x64/lib/python3.11
2026-08-01 04:02:29.892583   /opt/hostedtoolcache/Python/3.11.15/x64/lib/python3.11/lib-dynload
2026-08-01 04:02:29.942726   /opt/hostedtoolcache/Python/3.11.15/x64/lib/python3.11/site-packages
2026-08-01 04:02:29.993093 [ ERROR ] Error in file '/home/runner/work/engg-robot-testing-framework/engg-robot-testing-framework/resources/common.resource' on line 4: Importing library 'playwright_keyword_library.PlaywrightKeywordLibrary' failed: ModuleNotFoundError: No module named 'playwright_keyword_library'
2026-08-01 04:02:30.043254 Traceback (most recent call last):
2026-08-01 04:02:30.093397   None
2026-08-01 04:02:30.143536 PYTHONPATH:
2026-08-01 04:02:30.193675   /opt/hostedtoolcache/Python/3.11.15/x64/bin
2026-08-01 04:02:30.243813   /opt/hostedtoolcache/Python/3.11.15/x64/lib/python311.zip
2026-08-01 04:02:30.293950   /opt/hostedtoolcache/Python/3.11.15/x64/lib/python3.11
2026-08-01 04:02:30.344096   /opt/hostedtoolcache/Python/3.11.15/x64/lib/python3.11/lib-dynload
2026-08-01 04:02:30.394233   /opt/hostedtoolcache/Python/3.11.15/x64/lib/python3.11/site-packages
2026-08-01 04:02:39.167575 TC03 Login User With Incorrect Email And Password                     | FAIL |
2026-08-01 04:02:39.201024 Setup failed:
2026-08-01 04:02:39.201049 No keyword with name 'Open Browser' found.
2026-08-01 04:02:39.201102 
2026-08-01 04:02:39.201120 Also teardown failed:
2026-08-01 04:02:39.201134 Several failures occurred:
2026-08-01 04:02:39.201147 
2026-08-01 04:02:39.201160 1) No keyword with name 'Register Keyword To Run On Failure' found.
2026-08-01 04:02:39.201172 
2026-08-01 04:02:39.201184 2) No keyword with name 'Close Browser' found. Did you mean:
2026-08-01 04:02:39.201195     common.Close Test Browser
2026-08-01 04:02:39.201207 ------------------------------------------------------------------------------
2026-08-01 04:02:39.201219 Suites.Auth.TC03 login invalid                                        | FAIL |
2026-08-01 04:02:39.201755 1 test, 0 passed, 1 failed
2026-08-01 04:02:39.201782 ==============================================================================
2026-08-01 04:02:39.201796 Suites.Auth                                                           | FAIL |
2026-08-01 04:02:39.202203 1 test, 0 passed, 1 failed
2026-08-01 04:02:39.202278 ==============================================================================
2026-08-01 04:02:39.202294 Suites                                                                | FAIL |
2026-08-01 04:02:39.202595 1 test, 0 passed, 1 failed
2026-08-01 04:02:39.202612 ==============================================================================
2026-08-01 04:02:39.202625 Output:  /home/runner/work/engg-robot-testing-framework/engg-robot-testing-framework/reports/pabot_results/2/output.xml
