2026-08-23 02:09:46.934421 ==============================================================================
2026-08-23 02:09:46.964705 Suites
2026-08-23 02:09:46.964729 ==============================================================================
2026-08-23 02:09:46.964745 Suites.Cart
2026-08-23 02:09:46.966008 ==============================================================================
2026-08-23 02:09:46.966028 Suites.Cart.TC13 verify product quantity :: TC13 - Verify Product Quantity ...
2026-08-23 02:09:46.966028 [ ERROR ] Error in file '/home/runner/work/engg-robot-testing-framework/engg-robot-testing-framework/resources/common.resource' on line 4: Importing library 'playwright_keyword_library.PlaywrightKeywordLibrary' failed: ModuleNotFoundError: No module named 'playwright_keyword_library'
2026-08-23 02:09:47.007500 ==============================================================================
2026-08-23 02:09:47.007500 Traceback (most recent call last):
2026-08-23 02:09:47.007526   None
2026-08-23 02:09:47.057639 PYTHONPATH:
2026-08-23 02:09:47.107741   /opt/hostedtoolcache/Python/3.11.16/x64/bin
2026-08-23 02:09:47.157856   /opt/hostedtoolcache/Python/3.11.16/x64/lib/python311.zip
2026-08-23 02:09:47.207954   /opt/hostedtoolcache/Python/3.11.16/x64/lib/python3.11
2026-08-23 02:09:47.258063   /opt/hostedtoolcache/Python/3.11.16/x64/lib/python3.11/lib-dynload
2026-08-23 02:09:47.308164   /opt/hostedtoolcache/Python/3.11.16/x64/lib/python3.11/site-packages
2026-08-23 02:09:47.358319 [ ERROR ] Error in file '/home/runner/work/engg-robot-testing-framework/engg-robot-testing-framework/resources/product_keywords.resource' on line 2: Importing library 'playwright_keyword_library.PlaywrightKeywordLibrary' failed: ModuleNotFoundError: No module named 'playwright_keyword_library'
2026-08-23 02:09:47.408430 Traceback (most recent call last):
2026-08-23 02:09:47.458587   None
2026-08-23 02:09:47.508700 PYTHONPATH:
2026-08-23 02:09:47.558858   /opt/hostedtoolcache/Python/3.11.16/x64/bin
2026-08-23 02:09:47.608965   /opt/hostedtoolcache/Python/3.11.16/x64/lib/python311.zip
2026-08-23 02:09:47.659109   /opt/hostedtoolcache/Python/3.11.16/x64/lib/python3.11
2026-08-23 02:09:47.709244   /opt/hostedtoolcache/Python/3.11.16/x64/lib/python3.11/lib-dynload
2026-08-23 02:09:47.759397   /opt/hostedtoolcache/Python/3.11.16/x64/lib/python3.11/site-packages
2026-08-23 02:09:47.809555 [ ERROR ] Error in file '/home/runner/work/engg-robot-testing-framework/engg-robot-testing-framework/resources/cart_keywords.resource' on line 2: Importing library 'playwright_keyword_library.PlaywrightKeywordLibrary' failed: ModuleNotFoundError: No module named 'playwright_keyword_library'
2026-08-23 02:09:47.859680 Traceback (most recent call last):
2026-08-23 02:09:47.909787   None
2026-08-23 02:09:47.959941 PYTHONPATH:
2026-08-23 02:09:48.010216   /opt/hostedtoolcache/Python/3.11.16/x64/bin
2026-08-23 02:09:48.060377   /opt/hostedtoolcache/Python/3.11.16/x64/lib/python311.zip
2026-08-23 02:09:48.110543   /opt/hostedtoolcache/Python/3.11.16/x64/lib/python3.11
2026-08-23 02:09:48.160702   /opt/hostedtoolcache/Python/3.11.16/x64/lib/python3.11/lib-dynload
2026-08-23 02:09:48.210869   /opt/hostedtoolcache/Python/3.11.16/x64/lib/python3.11/site-packages
2026-08-23 02:09:56.984558 TC13 Verify Product Quantity In Cart                                  | FAIL |
2026-08-23 02:09:57.018845 Setup failed:
2026-08-23 02:09:57.018861 No keyword with name 'Open Browser' found.
2026-08-23 02:09:57.018873 
2026-08-23 02:09:57.018884 Also teardown failed:
2026-08-23 02:09:57.018895 Several failures occurred:
2026-08-23 02:09:57.018905 
2026-08-23 02:09:57.018916 1) No keyword with name 'Register Keyword To Run On Failure' found.
2026-08-23 02:09:57.018926 
2026-08-23 02:09:57.018937 2) No keyword with name 'Close Browser' found. Did you mean:
2026-08-23 02:09:57.018948     common.Close Test Browser
2026-08-23 02:09:57.018958 ------------------------------------------------------------------------------
2026-08-23 02:09:57.018969 Suites.Cart.TC13 verify product quantity :: TC13 - Verify Product ... | FAIL |
2026-08-23 02:09:57.019552 1 test, 0 passed, 1 failed
2026-08-23 02:09:57.019569 ==============================================================================
2026-08-23 02:09:57.019582 Suites.Cart                                                           | FAIL |
2026-08-23 02:09:57.019943 1 test, 0 passed, 1 failed
2026-08-23 02:09:57.020011 ==============================================================================
2026-08-23 02:09:57.020023 Suites                                                                | FAIL |
2026-08-23 02:09:57.020366 1 test, 0 passed, 1 failed
2026-08-23 02:09:57.020432 ==============================================================================
2026-08-23 02:09:57.020444 Output:  /home/runner/work/engg-robot-testing-framework/engg-robot-testing-framework/reports/pabot_results/6/output.xml
