2026-08-17 02:04:01.161324 ==============================================================================
2026-08-17 02:04:01.179365 Suites
2026-08-17 02:04:01.179383 ==============================================================================
2026-08-17 02:04:01.179396 Suites.Cart
2026-08-17 02:04:01.180102 ==============================================================================
2026-08-17 02:04:01.180117 Suites.Cart.TC12 add products to cart :: TC12 - Add Products In Cart
2026-08-17 02:04:01.180117 [ ERROR ] Error in file '/home/runner/work/engg-robot-testing-framework/engg-robot-testing-framework/resources/common.resource' on line 4: Importing library 'playwright_keyword_library.PlaywrightKeywordLibrary' failed: ModuleNotFoundError: No module named 'playwright_keyword_library'
2026-08-17 02:04:01.207256 ==============================================================================
2026-08-17 02:04:01.207256 Traceback (most recent call last):
2026-08-17 02:04:01.207271   None
2026-08-17 02:04:01.257428 PYTHONPATH:
2026-08-17 02:04:01.307537   /opt/hostedtoolcache/Python/3.11.15/x64/bin
2026-08-17 02:04:01.357649   /opt/hostedtoolcache/Python/3.11.15/x64/lib/python311.zip
2026-08-17 02:04:01.407755   /opt/hostedtoolcache/Python/3.11.15/x64/lib/python3.11
2026-08-17 02:04:01.457903   /opt/hostedtoolcache/Python/3.11.15/x64/lib/python3.11/lib-dynload
2026-08-17 02:04:01.508109   /opt/hostedtoolcache/Python/3.11.15/x64/lib/python3.11/site-packages
2026-08-17 02:04:01.558254 [ ERROR ] Error in file '/home/runner/work/engg-robot-testing-framework/engg-robot-testing-framework/resources/product_keywords.resource' on line 2: Importing library 'playwright_keyword_library.PlaywrightKeywordLibrary' failed: ModuleNotFoundError: No module named 'playwright_keyword_library'
2026-08-17 02:04:01.608430 Traceback (most recent call last):
2026-08-17 02:04:01.658580   None
2026-08-17 02:04:01.708724 PYTHONPATH:
2026-08-17 02:04:01.758877   /opt/hostedtoolcache/Python/3.11.15/x64/bin
2026-08-17 02:04:01.809028   /opt/hostedtoolcache/Python/3.11.15/x64/lib/python311.zip
2026-08-17 02:04:01.859139   /opt/hostedtoolcache/Python/3.11.15/x64/lib/python3.11
2026-08-17 02:04:01.909282   /opt/hostedtoolcache/Python/3.11.15/x64/lib/python3.11/lib-dynload
2026-08-17 02:04:01.959391   /opt/hostedtoolcache/Python/3.11.15/x64/lib/python3.11/site-packages
2026-08-17 02:04:02.009513 [ ERROR ] Error in file '/home/runner/work/engg-robot-testing-framework/engg-robot-testing-framework/resources/cart_keywords.resource' on line 2: Importing library 'playwright_keyword_library.PlaywrightKeywordLibrary' failed: ModuleNotFoundError: No module named 'playwright_keyword_library'
2026-08-17 02:04:02.059640 Traceback (most recent call last):
2026-08-17 02:04:02.109758   None
2026-08-17 02:04:02.159863 PYTHONPATH:
2026-08-17 02:04:02.210004   /opt/hostedtoolcache/Python/3.11.15/x64/bin
2026-08-17 02:04:02.260115   /opt/hostedtoolcache/Python/3.11.15/x64/lib/python311.zip
2026-08-17 02:04:02.310274   /opt/hostedtoolcache/Python/3.11.15/x64/lib/python3.11
2026-08-17 02:04:02.360419   /opt/hostedtoolcache/Python/3.11.15/x64/lib/python3.11/lib-dynload
2026-08-17 02:04:02.410538   /opt/hostedtoolcache/Python/3.11.15/x64/lib/python3.11/site-packages
2026-08-17 02:04:11.180647 TC12 Add Products In Cart                                             | FAIL |
2026-08-17 02:04:11.218663 Setup failed:
2026-08-17 02:04:11.218677 No keyword with name 'Open Browser' found.
2026-08-17 02:04:11.218686 
2026-08-17 02:04:11.218693 Also teardown failed:
2026-08-17 02:04:11.218700 Several failures occurred:
2026-08-17 02:04:11.218707 
2026-08-17 02:04:11.218714 1) No keyword with name 'Register Keyword To Run On Failure' found.
2026-08-17 02:04:11.218721 
2026-08-17 02:04:11.218728 2) No keyword with name 'Close Browser' found. Did you mean:
2026-08-17 02:04:11.218734     common.Close Test Browser
2026-08-17 02:04:11.218741 ------------------------------------------------------------------------------
2026-08-17 02:04:11.218747 Suites.Cart.TC12 add products to cart :: TC12 - Add Products In Cart  | FAIL |
2026-08-17 02:04:11.219389 1 test, 0 passed, 1 failed
2026-08-17 02:04:11.219402 ==============================================================================
2026-08-17 02:04:11.219411 Suites.Cart                                                           | FAIL |
2026-08-17 02:04:11.219969 1 test, 0 passed, 1 failed
2026-08-17 02:04:11.219983 ==============================================================================
2026-08-17 02:04:11.219994 Suites                                                                | FAIL |
2026-08-17 02:04:11.220192 1 test, 0 passed, 1 failed
2026-08-17 02:04:11.220247 ==============================================================================
2026-08-17 02:04:11.220258 Output:  /home/runner/work/engg-robot-testing-framework/engg-robot-testing-framework/reports/pabot_results/5/output.xml
