2026-09-10 05:04:00.234511 ==============================================================================
2026-09-10 05:04:00.257031 Suites
2026-09-10 05:04:00.257049 ==============================================================================
2026-09-10 05:04:00.257064 Suites.Cart
2026-09-10 05:04:00.257969 ==============================================================================
2026-09-10 05:04:00.257987 Suites.Cart.TC20 search and verify cart after login :: TC20 - Search Produc...
2026-09-10 05:04:00.257987 [ ERROR ] Error in file '/home/runner/work/engg-robot-testing-framework/engg-robot-testing-framework/tests/cart/TC20_search_and_verify_cart_after_login.robot' on line 3: Importing library 'playwright_keyword_library.PlaywrightKeywordLibrary' failed: ModuleNotFoundError: No module named 'playwright_keyword_library'
2026-09-10 05:04:00.293922 ==============================================================================
2026-09-10 05:04:00.293922 Traceback (most recent call last):
2026-09-10 05:04:00.293947   None
2026-09-10 05:04:00.344070 PYTHONPATH:
2026-09-10 05:04:00.394199   /opt/hostedtoolcache/Python/3.11.16/x64/bin
2026-09-10 05:04:00.444323   /opt/hostedtoolcache/Python/3.11.16/x64/lib/python311.zip
2026-09-10 05:04:00.494433   /opt/hostedtoolcache/Python/3.11.16/x64/lib/python3.11
2026-09-10 05:04:00.544552   /opt/hostedtoolcache/Python/3.11.16/x64/lib/python3.11/lib-dynload
2026-09-10 05:04:00.594707   /opt/hostedtoolcache/Python/3.11.16/x64/lib/python3.11/site-packages
2026-09-10 05:04:00.644868 [ ERROR ] Error in file '/home/runner/work/engg-robot-testing-framework/engg-robot-testing-framework/resources/common.resource' on line 4: Importing library 'playwright_keyword_library.PlaywrightKeywordLibrary' failed: ModuleNotFoundError: No module named 'playwright_keyword_library'
2026-09-10 05:04:00.695024 Traceback (most recent call last):
2026-09-10 05:04:00.745162   None
2026-09-10 05:04:00.795313 PYTHONPATH:
2026-09-10 05:04:00.845444   /opt/hostedtoolcache/Python/3.11.16/x64/bin
2026-09-10 05:04:00.895609   /opt/hostedtoolcache/Python/3.11.16/x64/lib/python311.zip
2026-09-10 05:04:00.945728   /opt/hostedtoolcache/Python/3.11.16/x64/lib/python3.11
2026-09-10 05:04:00.995883   /opt/hostedtoolcache/Python/3.11.16/x64/lib/python3.11/lib-dynload
2026-09-10 05:04:01.046027   /opt/hostedtoolcache/Python/3.11.16/x64/lib/python3.11/site-packages
2026-09-10 05:04:01.096194 [ ERROR ] Error in file '/home/runner/work/engg-robot-testing-framework/engg-robot-testing-framework/resources/product_keywords.resource' on line 2: Importing library 'playwright_keyword_library.PlaywrightKeywordLibrary' failed: ModuleNotFoundError: No module named 'playwright_keyword_library'
2026-09-10 05:04:01.146321 Traceback (most recent call last):
2026-09-10 05:04:01.196488   None
2026-09-10 05:04:01.246647 PYTHONPATH:
2026-09-10 05:04:01.296816   /opt/hostedtoolcache/Python/3.11.16/x64/bin
2026-09-10 05:04:01.346962   /opt/hostedtoolcache/Python/3.11.16/x64/lib/python311.zip
2026-09-10 05:04:01.397138   /opt/hostedtoolcache/Python/3.11.16/x64/lib/python3.11
2026-09-10 05:04:01.447279   /opt/hostedtoolcache/Python/3.11.16/x64/lib/python3.11/lib-dynload
2026-09-10 05:04:01.497448   /opt/hostedtoolcache/Python/3.11.16/x64/lib/python3.11/site-packages
2026-09-10 05:04:01.547563 [ ERROR ] Error in file '/home/runner/work/engg-robot-testing-framework/engg-robot-testing-framework/resources/cart_keywords.resource' on line 2: Importing library 'playwright_keyword_library.PlaywrightKeywordLibrary' failed: ModuleNotFoundError: No module named 'playwright_keyword_library'
2026-09-10 05:04:01.597730 Traceback (most recent call last):
2026-09-10 05:04:01.647842   None
2026-09-10 05:04:01.697985 PYTHONPATH:
2026-09-10 05:04:01.748117   /opt/hostedtoolcache/Python/3.11.16/x64/bin
2026-09-10 05:04:01.798280   /opt/hostedtoolcache/Python/3.11.16/x64/lib/python311.zip
2026-09-10 05:04:01.848420   /opt/hostedtoolcache/Python/3.11.16/x64/lib/python3.11
2026-09-10 05:04:01.898594   /opt/hostedtoolcache/Python/3.11.16/x64/lib/python3.11/lib-dynload
2026-09-10 05:04:01.948794   /opt/hostedtoolcache/Python/3.11.16/x64/lib/python3.11/site-packages
2026-09-10 05:04:01.998974 [ ERROR ] Error in file '/home/runner/work/engg-robot-testing-framework/engg-robot-testing-framework/resources/auth_keywords.resource' on line 2: Importing library 'playwright_keyword_library.PlaywrightKeywordLibrary' failed: ModuleNotFoundError: No module named 'playwright_keyword_library'
2026-09-10 05:04:02.049214 Traceback (most recent call last):
2026-09-10 05:04:02.099400   None
2026-09-10 05:04:02.149572 PYTHONPATH:
2026-09-10 05:04:02.199753   /opt/hostedtoolcache/Python/3.11.16/x64/bin
2026-09-10 05:04:02.249954   /opt/hostedtoolcache/Python/3.11.16/x64/lib/python311.zip
2026-09-10 05:04:02.300121   /opt/hostedtoolcache/Python/3.11.16/x64/lib/python3.11
2026-09-10 05:04:02.350347   /opt/hostedtoolcache/Python/3.11.16/x64/lib/python3.11/lib-dynload
2026-09-10 05:04:02.400506   /opt/hostedtoolcache/Python/3.11.16/x64/lib/python3.11/site-packages
2026-09-10 05:04:10.270254 TC20 Search Products And Verify Cart After Login                      | FAIL |
2026-09-10 05:04:10.305590 Setup failed:
2026-09-10 05:04:10.305618 No keyword with name 'Open Browser' found.
2026-09-10 05:04:10.305657 
2026-09-10 05:04:10.305698 Also teardown failed:
2026-09-10 05:04:10.305711 Several failures occurred:
2026-09-10 05:04:10.305721 
2026-09-10 05:04:10.305732 1) No keyword with name 'Register Keyword To Run On Failure' found.
2026-09-10 05:04:10.305743 
2026-09-10 05:04:10.305752 2) No keyword with name 'Close Browser' found. Did you mean:
2026-09-10 05:04:10.305763     common.Close Test Browser
2026-09-10 05:04:10.305773 ------------------------------------------------------------------------------
2026-09-10 05:04:10.305783 Suites.Cart.TC20 search and verify cart after login :: TC20 - Sear... | FAIL |
2026-09-10 05:04:10.306291 1 test, 0 passed, 1 failed
2026-09-10 05:04:10.306357 ==============================================================================
2026-09-10 05:04:10.306370 Suites.Cart                                                           | FAIL |
2026-09-10 05:04:10.306754 1 test, 0 passed, 1 failed
2026-09-10 05:04:10.306824 ==============================================================================
2026-09-10 05:04:10.306837 Suites                                                                | FAIL |
2026-09-10 05:04:10.307142 1 test, 0 passed, 1 failed
2026-09-10 05:04:10.307186 ==============================================================================
2026-09-10 05:04:10.307198 Output:  /home/runner/work/engg-robot-testing-framework/engg-robot-testing-framework/reports/pabot_results/8/output.xml
