2026-08-15 01:56:32.340616 ==============================================================================
2026-08-15 01:56:32.370945 Suites
2026-08-15 01:56:32.370961 ==============================================================================
2026-08-15 01:56:32.370972 Suites.Auth
2026-08-15 01:56:32.371519 ==============================================================================
2026-08-15 01:56:32.371531 Suites.Auth.TC04 logout user
2026-08-15 01:56:32.371531 [ ERROR ] Error in file '/home/runner/work/engg-robot-testing-framework/engg-robot-testing-framework/tests/auth/TC04_logout_user.robot' on line 2: Importing library 'playwright_keyword_library.PlaywrightKeywordLibrary' failed: ModuleNotFoundError: No module named 'playwright_keyword_library'
2026-08-15 01:56:32.384314 ==============================================================================
2026-08-15 01:56:32.384314 Traceback (most recent call last):
2026-08-15 01:56:32.384338   None
2026-08-15 01:56:32.434447 PYTHONPATH:
2026-08-15 01:56:32.484650   /opt/hostedtoolcache/Python/3.11.15/x64/bin
2026-08-15 01:56:32.534808   /opt/hostedtoolcache/Python/3.11.15/x64/lib/python311.zip
2026-08-15 01:56:32.584959   /opt/hostedtoolcache/Python/3.11.15/x64/lib/python3.11
2026-08-15 01:56:32.635103   /opt/hostedtoolcache/Python/3.11.15/x64/lib/python3.11/lib-dynload
2026-08-15 01:56:32.685258   /opt/hostedtoolcache/Python/3.11.15/x64/lib/python3.11/site-packages
2026-08-15 01:56:32.735407 [ ERROR ] Error in file '/home/runner/work/engg-robot-testing-framework/engg-robot-testing-framework/resources/auth_keywords.resource' on line 2: Importing library 'playwright_keyword_library.PlaywrightKeywordLibrary' failed: ModuleNotFoundError: No module named 'playwright_keyword_library'
2026-08-15 01:56:32.785569 Traceback (most recent call last):
2026-08-15 01:56:32.835744   None
2026-08-15 01:56:32.885892 PYTHONPATH:
2026-08-15 01:56:32.936050   /opt/hostedtoolcache/Python/3.11.15/x64/bin
2026-08-15 01:56:32.986202   /opt/hostedtoolcache/Python/3.11.15/x64/lib/python311.zip
2026-08-15 01:56:33.036358   /opt/hostedtoolcache/Python/3.11.15/x64/lib/python3.11
2026-08-15 01:56:33.086513   /opt/hostedtoolcache/Python/3.11.15/x64/lib/python3.11/lib-dynload
2026-08-15 01:56:33.136671   /opt/hostedtoolcache/Python/3.11.15/x64/lib/python3.11/site-packages
2026-08-15 01:56:33.186859 [ ERROR ] Error in file '/home/runner/work/engg-robot-testing-framework/engg-robot-testing-framework/resources/common.resource' on line 4: Importing library 'playwright_keyword_library.PlaywrightKeywordLibrary' failed: ModuleNotFoundError: No module named 'playwright_keyword_library'
2026-08-15 01:56:33.236960 Traceback (most recent call last):
2026-08-15 01:56:33.287097   None
2026-08-15 01:56:33.337258 PYTHONPATH:
2026-08-15 01:56:33.387455   /opt/hostedtoolcache/Python/3.11.15/x64/bin
2026-08-15 01:56:33.437613   /opt/hostedtoolcache/Python/3.11.15/x64/lib/python311.zip
2026-08-15 01:56:33.487850   /opt/hostedtoolcache/Python/3.11.15/x64/lib/python3.11
2026-08-15 01:56:33.537999   /opt/hostedtoolcache/Python/3.11.15/x64/lib/python3.11/lib-dynload
2026-08-15 01:56:33.588163   /opt/hostedtoolcache/Python/3.11.15/x64/lib/python3.11/site-packages
2026-08-15 01:56:42.358268 TC04 Logout User                                                      | FAIL |
2026-08-15 01:56:42.392020 Setup failed:
2026-08-15 01:56:42.392038 No keyword with name 'Open Browser' found.
2026-08-15 01:56:42.392049 
2026-08-15 01:56:42.392061 Also teardown failed:
2026-08-15 01:56:42.392071 Several failures occurred:
2026-08-15 01:56:42.392080 
2026-08-15 01:56:42.392096 1) No keyword with name 'Register Keyword To Run On Failure' found.
2026-08-15 01:56:42.392109 
2026-08-15 01:56:42.392120 2) No keyword with name 'Close Browser' found. Did you mean:
2026-08-15 01:56:42.392235     common.Close Test Browser
2026-08-15 01:56:42.392251 ------------------------------------------------------------------------------
2026-08-15 01:56:42.392260 Suites.Auth.TC04 logout user                                          | FAIL |
2026-08-15 01:56:42.392677 1 test, 0 passed, 1 failed
2026-08-15 01:56:42.392687 ==============================================================================
2026-08-15 01:56:42.392698 Suites.Auth                                                           | FAIL |
2026-08-15 01:56:42.392987 1 test, 0 passed, 1 failed
2026-08-15 01:56:42.393076 ==============================================================================
2026-08-15 01:56:42.393081 Suites                                                                | FAIL |
2026-08-15 01:56:42.393371 1 test, 0 passed, 1 failed
2026-08-15 01:56:42.393383 ==============================================================================
2026-08-15 01:56:42.393398 Output:  /home/runner/work/engg-robot-testing-framework/engg-robot-testing-framework/reports/pabot_results/3/output.xml
