[INFO]    Initialized logging in reports/pabot_results
[INFO]    Robot Framework remote server at 127.0.0.1:8270 started.
[DEBUG]   2026-06-18 01:22:22.493509 [PID:2372] [0] [ID:0] EXECUTING Suites.Auth.TC01 register user
[DEBUG]   2026-06-18 01:22:22.495378 [PID:2373] [1] [ID:1] EXECUTING Suites.Auth.TC02 login valid
[DEBUG]   2026-06-18 01:22:27.499945 [PID:2372] [0] [ID:0] still running Suites.Auth.TC01 register user after 5.0s
[DEBUG]   2026-06-18 01:22:27.500057 [PID:2373] [1] [ID:1] still running Suites.Auth.TC02 login valid after 5.0s
[DEBUG]   2026-06-18 01:22:37.513338 [PID:2372] [0] [ID:0] still running Suites.Auth.TC01 register user after 15.0s
[DEBUG]   2026-06-18 01:22:37.515230 [PID:2373] [1] [ID:1] still running Suites.Auth.TC02 login valid after 15.0s
[DEBUG]   2026-06-18 01:22:52.537069 [PID:2373] [1] [ID:1] still running Suites.Auth.TC02 login valid after 30.0s
[DEBUG]   2026-06-18 01:22:52.537152 [PID:2372] [0] [ID:0] still running Suites.Auth.TC01 register user after 30.0s
[INFO]    2026-06-18 01:23:01.652797 [PID:2372] [0] [ID:0] PASSED Suites.Auth.TC01 register user in 39.2 seconds
[DEBUG]   2026-06-18 01:23:01.659366 [PID:2853] [0] [ID:2] EXECUTING Suites.Auth.TC03 login invalid
[INFO]    2026-06-18 01:23:04.863350 [PID:2373] [1] [ID:1] PASSED Suites.Auth.TC02 login valid in 42.4 seconds
[DEBUG]   2026-06-18 01:23:04.868406 [PID:3018] [1] [ID:3] EXECUTING Suites.Auth.TC04 logout user
[DEBUG]   2026-06-18 01:23:06.672221 [PID:2853] [0] [ID:2] still running Suites.Auth.TC03 login invalid after 5.0s
[DEBUG]   2026-06-18 01:23:09.882500 [PID:3018] [1] [ID:3] still running Suites.Auth.TC04 logout user after 5.0s
[DEBUG]   2026-06-18 01:23:16.692030 [PID:2853] [0] [ID:2] still running Suites.Auth.TC03 login invalid after 15.0s
[INFO]    2026-06-18 01:23:18.405333 [PID:2853] [0] [ID:2] PASSED Suites.Auth.TC03 login invalid in 16.7 seconds
[DEBUG]   2026-06-18 01:23:18.410047 [PID:3340] [0] [ID:4] EXECUTING Suites.Auth.TC05 register existing email
[DEBUG]   2026-06-18 01:23:19.905959 [PID:3018] [1] [ID:3] still running Suites.Auth.TC04 logout user after 15.0s
[DEBUG]   2026-06-18 01:23:23.419202 [PID:3340] [0] [ID:4] still running Suites.Auth.TC05 register existing email after 5.0s
[DEBUG]   2026-06-18 01:23:33.432593 [PID:3340] [0] [ID:4] still running Suites.Auth.TC05 register existing email after 15.0s
[DEBUG]   2026-06-18 01:23:34.935641 [PID:3018] [1] [ID:3] still running Suites.Auth.TC04 logout user after 30.0s
[DEBUG]   2026-06-18 01:23:48.453033 [PID:3340] [0] [ID:4] still running Suites.Auth.TC05 register existing email after 30.0s
[DEBUG]   2026-06-18 01:23:54.960847 [PID:3018] [1] [ID:3] still running Suites.Auth.TC04 logout user after 50.0s
[INFO]    2026-06-18 01:23:58.070141 [PID:3340] [0] [ID:4] PASSED Suites.Auth.TC05 register existing email in 39.7 seconds
[DEBUG]   2026-06-18 01:23:58.074760 [PID:3611] [1] [ID:5] EXECUTING Suites.Cart.TC12 add products to cart
[DEBUG]   2026-06-18 01:24:03.081740 [PID:3611] [1] [ID:5] still running Suites.Cart.TC12 add products to cart after 5.0s
[DEBUG]   2026-06-18 01:24:13.093473 [PID:3611] [1] [ID:5] still running Suites.Cart.TC12 add products to cart after 15.0s
[INFO]    2026-06-18 01:24:16.299634 [PID:3611] [1] [ID:5] PASSED Suites.Cart.TC12 add products to cart in 18.2 seconds
[DEBUG]   2026-06-18 01:24:16.304835 [PID:4036] [0] [ID:6] EXECUTING Suites.Cart.TC13 verify product quantity
[DEBUG]   2026-06-18 01:24:20.007242 [PID:3018] [1] [ID:3] still running Suites.Auth.TC04 logout user after 75.0s
[DEBUG]   2026-06-18 01:24:21.312539 [PID:4036] [0] [ID:6] still running Suites.Cart.TC13 verify product quantity after 5.0s
[INFO]    2026-06-18 01:24:30.023268 [PID:4036] [0] [ID:6] PASSED Suites.Cart.TC13 verify product quantity in 13.7 seconds
[DEBUG]   2026-06-18 01:24:30.027693 [PID:4321] [1] [ID:7] EXECUTING Suites.Cart.TC17 remove products from cart
[INFO]    2026-06-18 01:24:33.435943 [PID:3018] [1] [ID:3] Execution failed in Suites.Auth.TC04 logout user with 1 failing test(s)
==============================================================================
Suites
==============================================================================
Suites.Auth
==============================================================================
Suites.Auth.TC04 logout user
==============================================================================
TC04 Logout User                                                      | FAIL |
Text 'Account Deleted' did not appear in 1 minute.
------------------------------------------------------------------------------
Suites.Auth.TC04 logout user                                          | FAIL |
1 test, 0 passed, 1 failed
==============================================================================
Suites.Auth                                                           | FAIL |
1 test, 0 passed, 1 failed
==============================================================================
Suites                                                                | FAIL |
1 test, 0 passed, 1 failed
==============================================================================
Output:  /home/runner/work/engg-robot-testing-framework/engg-robot-testing-framework/reports/pabot_results/3/output.xml

[ WARN ] Native click failed on Delete Account; trying JS click fallback.
[DEBUG]   2026-06-18 01:24:33.441046 [PID:4488] [0] [ID:8] EXECUTING Suites.Cart.TC20 search and verify cart after login
[DEBUG]   2026-06-18 01:24:35.043132 [PID:4321] [1] [ID:7] still running Suites.Cart.TC17 remove products from cart after 5.0s
[DEBUG]   2026-06-18 01:24:38.448096 [PID:4488] [0] [ID:8] still running Suites.Cart.TC20 search and verify cart after login after 5.0s
[DEBUG]   2026-06-18 01:24:45.054274 [PID:4321] [1] [ID:7] still running Suites.Cart.TC17 remove products from cart after 15.0s
[DEBUG]   2026-06-18 01:24:48.457114 [PID:4488] [0] [ID:8] still running Suites.Cart.TC20 search and verify cart after login after 15.0s
[INFO]    2026-06-18 01:24:48.861637 [PID:4321] [1] [ID:7] PASSED Suites.Cart.TC17 remove products from cart in 18.8 seconds
[DEBUG]   2026-06-18 01:24:48.867324 [PID:4796] [1] [ID:9] EXECUTING Suites.Cart.TC22 add from recommended items
[DEBUG]   2026-06-18 01:24:53.876575 [PID:4796] [1] [ID:9] still running Suites.Cart.TC22 add from recommended items after 5.0s
[DEBUG]   2026-06-18 01:25:03.478969 [PID:4488] [0] [ID:8] still running Suites.Cart.TC20 search and verify cart after login after 30.0s
[DEBUG]   2026-06-18 01:25:03.887440 [PID:4796] [1] [ID:9] still running Suites.Cart.TC22 add from recommended items after 15.0s
[INFO]    2026-06-18 01:25:05.592152 [PID:4796] [1] [ID:9] PASSED Suites.Cart.TC22 add from recommended items in 16.7 seconds
[INFO]    2026-06-18 01:25:11.089079 [PID:4488] [0] [ID:8] PASSED Suites.Cart.TC20 search and verify cart after login in 37.6 seconds
[INFO]    10 tests, 9 passed, 1 failed, 0 skipped.
[INFO]    ===================================================
[INFO]    Output:  /home/runner/work/engg-robot-testing-framework/engg-robot-testing-framework/reports/output.xml
[INFO]    Log:     /home/runner/work/engg-robot-testing-framework/engg-robot-testing-framework/reports/log.html
[INFO]    Report:  /home/runner/work/engg-robot-testing-framework/engg-robot-testing-framework/reports/report.html
[DEBUG]   Finalizing Pabot execution...
[DEBUG]   Stopping PabotLib process
[INFO]    Robot Framework remote server at 127.0.0.1:8270 stopped.
[DEBUG]   PabotLib process stopped
[INFO]    Total testing: 5 minutes 31.60 seconds
[INFO]    Elapsed time:  2 minutes 49.21 seconds
[DEBUG]   Logs flushed successfully.
