2026-08-25 02:01:37.815251 ==============================================================================
2026-08-25 02:01:37.836096 Suites
2026-08-25 02:01:37.836146 ==============================================================================
2026-08-25 02:01:37.836167 Suites.Cart
2026-08-25 02:01:37.836968 ==============================================================================
2026-08-25 02:01:37.836987 Suites.Cart.TC13 verify product quantity :: TC13 - Verify Product Quantity ...
2026-08-25 02:01:37.836987 [ ERROR ] Error in file '/home/runner/work/engg-robot-testing-framework/engg-robot-testing-framework/resources/common.resource' on line 4: Importing library 'playwright_keyword_library.PlaywrightKeywordLibrary' failed: ModuleNotFoundError: No module named 'playwright_keyword_library'
2026-08-25 02:01:37.867349 ==============================================================================
2026-08-25 02:01:37.867349 Traceback (most recent call last):
2026-08-25 02:01:37.867375   None
2026-08-25 02:01:37.917544 PYTHONPATH:
2026-08-25 02:01:37.967681   /opt/hostedtoolcache/Python/3.11.16/x64/bin
2026-08-25 02:01:38.017824   /opt/hostedtoolcache/Python/3.11.16/x64/lib/python311.zip
2026-08-25 02:01:38.067968   /opt/hostedtoolcache/Python/3.11.16/x64/lib/python3.11
2026-08-25 02:01:38.118125   /opt/hostedtoolcache/Python/3.11.16/x64/lib/python3.11/lib-dynload
2026-08-25 02:01:38.168295   /opt/hostedtoolcache/Python/3.11.16/x64/lib/python3.11/site-packages
2026-08-25 02:01:38.218448 [ ERROR ] Error in file '/home/runner/work/engg-robot-testing-framework/engg-robot-testing-framework/resources/product_keywords.resource' on line 2: Importing library 'playwright_keyword_library.PlaywrightKeywordLibrary' failed: ModuleNotFoundError: No module named 'playwright_keyword_library'
2026-08-25 02:01:38.268615 Traceback (most recent call last):
2026-08-25 02:01:38.318780   None
2026-08-25 02:01:38.368938 PYTHONPATH:
2026-08-25 02:01:38.419097   /opt/hostedtoolcache/Python/3.11.16/x64/bin
2026-08-25 02:01:38.469286   /opt/hostedtoolcache/Python/3.11.16/x64/lib/python311.zip
2026-08-25 02:01:38.519451   /opt/hostedtoolcache/Python/3.11.16/x64/lib/python3.11
2026-08-25 02:01:38.569615   /opt/hostedtoolcache/Python/3.11.16/x64/lib/python3.11/lib-dynload
2026-08-25 02:01:38.619813   /opt/hostedtoolcache/Python/3.11.16/x64/lib/python3.11/site-packages
2026-08-25 02:01:38.669997 [ ERROR ] Error in file '/home/runner/work/engg-robot-testing-framework/engg-robot-testing-framework/resources/cart_keywords.resource' on line 2: Importing library 'playwright_keyword_library.PlaywrightKeywordLibrary' failed: ModuleNotFoundError: No module named 'playwright_keyword_library'
2026-08-25 02:01:38.720159 Traceback (most recent call last):
2026-08-25 02:01:38.770329   None
2026-08-25 02:01:38.820495 PYTHONPATH:
2026-08-25 02:01:38.870673   /opt/hostedtoolcache/Python/3.11.16/x64/bin
2026-08-25 02:01:38.920872   /opt/hostedtoolcache/Python/3.11.16/x64/lib/python311.zip
2026-08-25 02:01:38.971072   /opt/hostedtoolcache/Python/3.11.16/x64/lib/python3.11
2026-08-25 02:01:39.021272   /opt/hostedtoolcache/Python/3.11.16/x64/lib/python3.11/lib-dynload
2026-08-25 02:01:39.071486   /opt/hostedtoolcache/Python/3.11.16/x64/lib/python3.11/site-packages
2026-08-25 02:01:47.843194 TC13 Verify Product Quantity In Cart                                  | FAIL |
2026-08-25 02:01:47.879044 Setup failed:
2026-08-25 02:01:47.879063 No keyword with name 'Open Browser' found.
2026-08-25 02:01:47.879073 
2026-08-25 02:01:47.879081 Also teardown failed:
2026-08-25 02:01:47.879119 Several failures occurred:
2026-08-25 02:01:47.879128 
2026-08-25 02:01:47.879136 1) No keyword with name 'Register Keyword To Run On Failure' found.
2026-08-25 02:01:47.879145 
2026-08-25 02:01:47.879153 2) No keyword with name 'Close Browser' found. Did you mean:
2026-08-25 02:01:47.879162     common.Close Test Browser
2026-08-25 02:01:47.879169 ------------------------------------------------------------------------------
2026-08-25 02:01:47.879177 Suites.Cart.TC13 verify product quantity :: TC13 - Verify Product ... | FAIL |
2026-08-25 02:01:47.879733 1 test, 0 passed, 1 failed
2026-08-25 02:01:47.879802 ==============================================================================
2026-08-25 02:01:47.879812 Suites.Cart                                                           | FAIL |
2026-08-25 02:01:47.880202 1 test, 0 passed, 1 failed
2026-08-25 02:01:47.880272 ==============================================================================
2026-08-25 02:01:47.880282 Suites                                                                | FAIL |
2026-08-25 02:01:47.880630 1 test, 0 passed, 1 failed
2026-08-25 02:01:47.880688 ==============================================================================
2026-08-25 02:01:47.880698 Output:  /home/runner/work/engg-robot-testing-framework/engg-robot-testing-framework/reports/pabot_results/6/output.xml
