2026-08-01 04:03:00.411544 ==============================================================================
2026-08-01 04:03:00.433252 Suites
2026-08-01 04:03:00.433274 ==============================================================================
2026-08-01 04:03:00.433290 Suites.Cart
2026-08-01 04:03:00.434167 ==============================================================================
2026-08-01 04:03:00.434186 Suites.Cart.TC20 search and verify cart after login :: TC20 - Search Produc...
2026-08-01 04:03:00.434186 [ ERROR ] Error in file '/home/runner/work/engg-robot-testing-framework/engg-robot-testing-framework/tests/cart/TC20_search_and_verify_cart_after_login.robot' on line 3: Importing library 'playwright_keyword_library.PlaywrightKeywordLibrary' failed: ModuleNotFoundError: No module named 'playwright_keyword_library'
2026-08-01 04:03:00.471559 ==============================================================================
2026-08-01 04:03:00.471559 Traceback (most recent call last):
2026-08-01 04:03:00.471584   None
2026-08-01 04:03:00.521708 PYTHONPATH:
2026-08-01 04:03:00.571818   /opt/hostedtoolcache/Python/3.11.15/x64/bin
2026-08-01 04:03:00.621924   /opt/hostedtoolcache/Python/3.11.15/x64/lib/python311.zip
2026-08-01 04:03:00.672045   /opt/hostedtoolcache/Python/3.11.15/x64/lib/python3.11
2026-08-01 04:03:00.722169   /opt/hostedtoolcache/Python/3.11.15/x64/lib/python3.11/lib-dynload
2026-08-01 04:03:00.772285   /opt/hostedtoolcache/Python/3.11.15/x64/lib/python3.11/site-packages
2026-08-01 04:03:00.822433 [ ERROR ] Error in file '/home/runner/work/engg-robot-testing-framework/engg-robot-testing-framework/resources/common.resource' on line 4: Importing library 'playwright_keyword_library.PlaywrightKeywordLibrary' failed: ModuleNotFoundError: No module named 'playwright_keyword_library'
2026-08-01 04:03:00.872588 Traceback (most recent call last):
2026-08-01 04:03:00.922768   None
2026-08-01 04:03:00.972905 PYTHONPATH:
2026-08-01 04:03:01.023066   /opt/hostedtoolcache/Python/3.11.15/x64/bin
2026-08-01 04:03:01.073223   /opt/hostedtoolcache/Python/3.11.15/x64/lib/python311.zip
2026-08-01 04:03:01.123382   /opt/hostedtoolcache/Python/3.11.15/x64/lib/python3.11
2026-08-01 04:03:01.173483   /opt/hostedtoolcache/Python/3.11.15/x64/lib/python3.11/lib-dynload
2026-08-01 04:03:01.223632   /opt/hostedtoolcache/Python/3.11.15/x64/lib/python3.11/site-packages
2026-08-01 04:03:01.273748 [ ERROR ] Error in file '/home/runner/work/engg-robot-testing-framework/engg-robot-testing-framework/resources/product_keywords.resource' on line 2: Importing library 'playwright_keyword_library.PlaywrightKeywordLibrary' failed: ModuleNotFoundError: No module named 'playwright_keyword_library'
2026-08-01 04:03:01.323916 Traceback (most recent call last):
2026-08-01 04:03:01.374055   None
2026-08-01 04:03:01.424242 PYTHONPATH:
2026-08-01 04:03:01.474395   /opt/hostedtoolcache/Python/3.11.15/x64/bin
2026-08-01 04:03:01.524550   /opt/hostedtoolcache/Python/3.11.15/x64/lib/python311.zip
2026-08-01 04:03:01.574696   /opt/hostedtoolcache/Python/3.11.15/x64/lib/python3.11
2026-08-01 04:03:01.624883   /opt/hostedtoolcache/Python/3.11.15/x64/lib/python3.11/lib-dynload
2026-08-01 04:03:01.675033   /opt/hostedtoolcache/Python/3.11.15/x64/lib/python3.11/site-packages
2026-08-01 04:03:01.725205 [ ERROR ] Error in file '/home/runner/work/engg-robot-testing-framework/engg-robot-testing-framework/resources/cart_keywords.resource' on line 2: Importing library 'playwright_keyword_library.PlaywrightKeywordLibrary' failed: ModuleNotFoundError: No module named 'playwright_keyword_library'
2026-08-01 04:03:01.775339 Traceback (most recent call last):
2026-08-01 04:03:01.825482   None
2026-08-01 04:03:01.875809 PYTHONPATH:
2026-08-01 04:03:01.925988   /opt/hostedtoolcache/Python/3.11.15/x64/bin
2026-08-01 04:03:01.976351   /opt/hostedtoolcache/Python/3.11.15/x64/lib/python311.zip
2026-08-01 04:03:02.026522   /opt/hostedtoolcache/Python/3.11.15/x64/lib/python3.11
2026-08-01 04:03:02.076705   /opt/hostedtoolcache/Python/3.11.15/x64/lib/python3.11/lib-dynload
2026-08-01 04:03:02.126887   /opt/hostedtoolcache/Python/3.11.15/x64/lib/python3.11/site-packages
2026-08-01 04:03:02.177064 [ ERROR ] Error in file '/home/runner/work/engg-robot-testing-framework/engg-robot-testing-framework/resources/auth_keywords.resource' on line 2: Importing library 'playwright_keyword_library.PlaywrightKeywordLibrary' failed: ModuleNotFoundError: No module named 'playwright_keyword_library'
2026-08-01 04:03:02.227274 Traceback (most recent call last):
2026-08-01 04:03:02.277438   None
2026-08-01 04:03:02.327659 PYTHONPATH:
2026-08-01 04:03:02.377841   /opt/hostedtoolcache/Python/3.11.15/x64/bin
2026-08-01 04:03:02.428040   /opt/hostedtoolcache/Python/3.11.15/x64/lib/python311.zip
2026-08-01 04:03:02.478162   /opt/hostedtoolcache/Python/3.11.15/x64/lib/python3.11
2026-08-01 04:03:02.528345   /opt/hostedtoolcache/Python/3.11.15/x64/lib/python3.11/lib-dynload
2026-08-01 04:03:02.578524   /opt/hostedtoolcache/Python/3.11.15/x64/lib/python3.11/site-packages
2026-08-01 04:03:10.450060 TC20 Search Products And Verify Cart After Login                      | FAIL |
2026-08-01 04:03:10.483996 Setup failed:
2026-08-01 04:03:10.484008 No keyword with name 'Open Browser' found.
2026-08-01 04:03:10.484016 
2026-08-01 04:03:10.484024 Also teardown failed:
2026-08-01 04:03:10.484031 Several failures occurred:
2026-08-01 04:03:10.484038 
2026-08-01 04:03:10.484045 1) No keyword with name 'Register Keyword To Run On Failure' found.
2026-08-01 04:03:10.484052 
2026-08-01 04:03:10.484058 2) No keyword with name 'Close Browser' found. Did you mean:
2026-08-01 04:03:10.484065     common.Close Test Browser
2026-08-01 04:03:10.484072 ------------------------------------------------------------------------------
2026-08-01 04:03:10.484078 Suites.Cart.TC20 search and verify cart after login :: TC20 - Sear... | FAIL |
2026-08-01 04:03:10.484913 1 test, 0 passed, 1 failed
2026-08-01 04:03:10.484976 ==============================================================================
2026-08-01 04:03:10.484984 Suites.Cart                                                           | FAIL |
2026-08-01 04:03:10.485472 1 test, 0 passed, 1 failed
2026-08-01 04:03:10.485530 ==============================================================================
2026-08-01 04:03:10.485538 Suites                                                                | FAIL |
2026-08-01 04:03:10.486029 1 test, 0 passed, 1 failed
2026-08-01 04:03:10.486099 ==============================================================================
2026-08-01 04:03:10.486107 Output:  /home/runner/work/engg-robot-testing-framework/engg-robot-testing-framework/reports/pabot_results/8/output.xml
