2026-09-05 04:49:38.151274 ==============================================================================
2026-09-05 04:49:38.166222 Suites
2026-09-05 04:49:38.166243 ==============================================================================
2026-09-05 04:49:38.166259 Suites.Auth
2026-09-05 04:49:38.167070 ==============================================================================
2026-09-05 04:49:38.167089 Suites.Auth.TC03 login invalid
2026-09-05 04:49:38.167089 [ ERROR ] Error in file '/home/runner/work/engg-robot-testing-framework/engg-robot-testing-framework/tests/auth/TC03_login_invalid.robot' on line 2: Importing library 'playwright_keyword_library.PlaywrightKeywordLibrary' failed: ModuleNotFoundError: No module named 'playwright_keyword_library'
2026-09-05 04:49:38.185980 ==============================================================================
2026-09-05 04:49:38.185980 Traceback (most recent call last):
2026-09-05 04:49:38.186006   None
2026-09-05 04:49:38.236100 PYTHONPATH:
2026-09-05 04:49:38.286214   /opt/hostedtoolcache/Python/3.11.16/x64/bin
2026-09-05 04:49:38.336323   /opt/hostedtoolcache/Python/3.11.16/x64/lib/python311.zip
2026-09-05 04:49:38.386437   /opt/hostedtoolcache/Python/3.11.16/x64/lib/python3.11
2026-09-05 04:49:38.436547   /opt/hostedtoolcache/Python/3.11.16/x64/lib/python3.11/lib-dynload
2026-09-05 04:49:38.486663   /opt/hostedtoolcache/Python/3.11.16/x64/lib/python3.11/site-packages
2026-09-05 04:49:38.536824 [ ERROR ] Error in file '/home/runner/work/engg-robot-testing-framework/engg-robot-testing-framework/resources/auth_keywords.resource' on line 2: Importing library 'playwright_keyword_library.PlaywrightKeywordLibrary' failed: ModuleNotFoundError: No module named 'playwright_keyword_library'
2026-09-05 04:49:38.586982 Traceback (most recent call last):
2026-09-05 04:49:38.637141   None
2026-09-05 04:49:38.687289 PYTHONPATH:
2026-09-05 04:49:38.737421   /opt/hostedtoolcache/Python/3.11.16/x64/bin
2026-09-05 04:49:38.787541   /opt/hostedtoolcache/Python/3.11.16/x64/lib/python311.zip
2026-09-05 04:49:38.837700   /opt/hostedtoolcache/Python/3.11.16/x64/lib/python3.11
2026-09-05 04:49:38.887834   /opt/hostedtoolcache/Python/3.11.16/x64/lib/python3.11/lib-dynload
2026-09-05 04:49:38.937992   /opt/hostedtoolcache/Python/3.11.16/x64/lib/python3.11/site-packages
2026-09-05 04:49:38.988083 [ ERROR ] Error in file '/home/runner/work/engg-robot-testing-framework/engg-robot-testing-framework/resources/common.resource' on line 4: Importing library 'playwright_keyword_library.PlaywrightKeywordLibrary' failed: ModuleNotFoundError: No module named 'playwright_keyword_library'
2026-09-05 04:49:39.038242 Traceback (most recent call last):
2026-09-05 04:49:39.088374   None
2026-09-05 04:49:39.138532 PYTHONPATH:
2026-09-05 04:49:39.188644   /opt/hostedtoolcache/Python/3.11.16/x64/bin
2026-09-05 04:49:39.238803   /opt/hostedtoolcache/Python/3.11.16/x64/lib/python311.zip
2026-09-05 04:49:39.288921   /opt/hostedtoolcache/Python/3.11.16/x64/lib/python3.11
2026-09-05 04:49:39.339037   /opt/hostedtoolcache/Python/3.11.16/x64/lib/python3.11/lib-dynload
2026-09-05 04:49:39.389183   /opt/hostedtoolcache/Python/3.11.16/x64/lib/python3.11/site-packages
2026-09-05 04:49:48.161280 TC03 Login User With Incorrect Email And Password                     | FAIL |
2026-09-05 04:49:48.195777 Setup failed:
2026-09-05 04:49:48.195799 No keyword with name 'Open Browser' found.
2026-09-05 04:49:48.195817 
2026-09-05 04:49:48.195834 Also teardown failed:
2026-09-05 04:49:48.195850 Several failures occurred:
2026-09-05 04:49:48.195866 
2026-09-05 04:49:48.195881 1) No keyword with name 'Register Keyword To Run On Failure' found.
2026-09-05 04:49:48.195895 
2026-09-05 04:49:48.195909 2) No keyword with name 'Close Browser' found. Did you mean:
2026-09-05 04:49:48.195923     common.Close Test Browser
2026-09-05 04:49:48.195937 ------------------------------------------------------------------------------
2026-09-05 04:49:48.195951 Suites.Auth.TC03 login invalid                                        | FAIL |
2026-09-05 04:49:48.196457 1 test, 0 passed, 1 failed
2026-09-05 04:49:48.196484 ==============================================================================
2026-09-05 04:49:48.196560 Suites.Auth                                                           | FAIL |
2026-09-05 04:49:48.196915 1 test, 0 passed, 1 failed
2026-09-05 04:49:48.196938 ==============================================================================
2026-09-05 04:49:48.196955 Suites                                                                | FAIL |
2026-09-05 04:49:48.197528 1 test, 0 passed, 1 failed
2026-09-05 04:49:48.197717 ==============================================================================
2026-09-05 04:49:48.197736 Output:  /home/runner/work/engg-robot-testing-framework/engg-robot-testing-framework/reports/pabot_results/2/output.xml
