2026-08-21 02:07:31.061212 ==============================================================================
2026-08-21 02:07:31.072416 Suites
2026-08-21 02:07:31.072436 ==============================================================================
2026-08-21 02:07:31.072449 Suites.Auth
2026-08-21 02:07:31.073263 ==============================================================================
2026-08-21 02:07:31.073279 Suites.Auth.TC01 register user
2026-08-21 02:07:31.073279 [ ERROR ] Error in file '/home/runner/work/engg-robot-testing-framework/engg-robot-testing-framework/tests/auth/TC01_register_user.robot' on line 2: Importing library 'playwright_keyword_library.PlaywrightKeywordLibrary' failed: ModuleNotFoundError: No module named 'playwright_keyword_library'
2026-08-21 02:07:31.090022 ==============================================================================
2026-08-21 02:07:31.090022 Traceback (most recent call last):
2026-08-21 02:07:31.090044   None
2026-08-21 02:07:31.140192 PYTHONPATH:
2026-08-21 02:07:31.190372   /opt/hostedtoolcache/Python/3.11.16/x64/bin
2026-08-21 02:07:31.240623   /opt/hostedtoolcache/Python/3.11.16/x64/lib/python311.zip
2026-08-21 02:07:31.290810   /opt/hostedtoolcache/Python/3.11.16/x64/lib/python3.11
2026-08-21 02:07:31.341035   /opt/hostedtoolcache/Python/3.11.16/x64/lib/python3.11/lib-dynload
2026-08-21 02:07:31.391245   /opt/hostedtoolcache/Python/3.11.16/x64/lib/python3.11/site-packages
2026-08-21 02:07:31.441410 [ ERROR ] Error in file '/home/runner/work/engg-robot-testing-framework/engg-robot-testing-framework/resources/auth_keywords.resource' on line 2: Importing library 'playwright_keyword_library.PlaywrightKeywordLibrary' failed: ModuleNotFoundError: No module named 'playwright_keyword_library'
2026-08-21 02:07:31.491633 Traceback (most recent call last):
2026-08-21 02:07:31.541850   None
2026-08-21 02:07:31.592040 PYTHONPATH:
2026-08-21 02:07:31.642299   /opt/hostedtoolcache/Python/3.11.16/x64/bin
2026-08-21 02:07:31.692545   /opt/hostedtoolcache/Python/3.11.16/x64/lib/python311.zip
2026-08-21 02:07:31.742732   /opt/hostedtoolcache/Python/3.11.16/x64/lib/python3.11
2026-08-21 02:07:31.792979   /opt/hostedtoolcache/Python/3.11.16/x64/lib/python3.11/lib-dynload
2026-08-21 02:07:31.843166   /opt/hostedtoolcache/Python/3.11.16/x64/lib/python3.11/site-packages
2026-08-21 02:07:31.893445 [ ERROR ] Error in file '/home/runner/work/engg-robot-testing-framework/engg-robot-testing-framework/resources/common.resource' on line 4: Importing library 'playwright_keyword_library.PlaywrightKeywordLibrary' failed: ModuleNotFoundError: No module named 'playwright_keyword_library'
2026-08-21 02:07:31.943591 Traceback (most recent call last):
2026-08-21 02:07:31.993861   None
2026-08-21 02:07:32.044033 PYTHONPATH:
2026-08-21 02:07:32.094306   /opt/hostedtoolcache/Python/3.11.16/x64/bin
2026-08-21 02:07:32.144499   /opt/hostedtoolcache/Python/3.11.16/x64/lib/python311.zip
2026-08-21 02:07:32.194745   /opt/hostedtoolcache/Python/3.11.16/x64/lib/python3.11
2026-08-21 02:07:32.244935   /opt/hostedtoolcache/Python/3.11.16/x64/lib/python3.11/lib-dynload
2026-08-21 02:07:32.295203   /opt/hostedtoolcache/Python/3.11.16/x64/lib/python3.11/site-packages
2026-08-21 02:07:41.070317 TC01 Register User                                                    | FAIL |
2026-08-21 02:07:41.099138 Setup failed:
2026-08-21 02:07:41.099173 No keyword with name 'Open Browser' found.
2026-08-21 02:07:41.099186 
2026-08-21 02:07:41.099196 Also teardown failed:
2026-08-21 02:07:41.099206 Several failures occurred:
2026-08-21 02:07:41.099216 
2026-08-21 02:07:41.099227 1) No keyword with name 'Register Keyword To Run On Failure' found.
2026-08-21 02:07:41.099238 
2026-08-21 02:07:41.099248 2) No keyword with name 'Close Browser' found. Did you mean:
2026-08-21 02:07:41.099260     common.Close Test Browser
2026-08-21 02:07:41.099270 ------------------------------------------------------------------------------
2026-08-21 02:07:41.099281 Suites.Auth.TC01 register user                                        | FAIL |
2026-08-21 02:07:41.099805 1 test, 0 passed, 1 failed
2026-08-21 02:07:41.099822 ==============================================================================
2026-08-21 02:07:41.099835 Suites.Auth                                                           | FAIL |
2026-08-21 02:07:41.100183 1 test, 0 passed, 1 failed
2026-08-21 02:07:41.100202 ==============================================================================
2026-08-21 02:07:41.100217 Suites                                                                | FAIL |
2026-08-21 02:07:41.100584 1 test, 0 passed, 1 failed
2026-08-21 02:07:41.100595 ==============================================================================
2026-08-21 02:07:41.100605 Output:  /home/runner/work/engg-robot-testing-framework/engg-robot-testing-framework/reports/pabot_results/0/output.xml
