2026-07-03 04:25:30.582282 ==============================================================================
2026-07-03 04:25:30.613539 Suites
2026-07-03 04:25:30.613565 ==============================================================================
2026-07-03 04:25:30.613638 Suites.Auth
2026-07-03 04:25:30.614528 ==============================================================================
2026-07-03 04:25:30.614548 Suites.Auth.TC04 logout user
2026-07-03 04:25:30.614548 [ ERROR ] Error in file '/home/runner/work/engg-robot-testing-framework/engg-robot-testing-framework/tests/auth/TC04_logout_user.robot' on line 2: Importing library 'playwright_keyword_library.PlaywrightKeywordLibrary' failed: ModuleNotFoundError: No module named 'playwright_keyword_library'
2026-07-03 04:25:30.634572 ==============================================================================
2026-07-03 04:25:30.634572 Traceback (most recent call last):
2026-07-03 04:25:30.634599   None
2026-07-03 04:25:30.684713 PYTHONPATH:
2026-07-03 04:25:30.734860   /opt/hostedtoolcache/Python/3.11.15/x64/bin
2026-07-03 04:25:30.784968   /opt/hostedtoolcache/Python/3.11.15/x64/lib/python311.zip
2026-07-03 04:25:30.835067   /opt/hostedtoolcache/Python/3.11.15/x64/lib/python3.11
2026-07-03 04:25:30.885175   /opt/hostedtoolcache/Python/3.11.15/x64/lib/python3.11/lib-dynload
2026-07-03 04:25:30.935309   /opt/hostedtoolcache/Python/3.11.15/x64/lib/python3.11/site-packages
2026-07-03 04:25:30.985453 [ ERROR ] Error in file '/home/runner/work/engg-robot-testing-framework/engg-robot-testing-framework/resources/auth_keywords.resource' on line 2: Importing library 'playwright_keyword_library.PlaywrightKeywordLibrary' failed: ModuleNotFoundError: No module named 'playwright_keyword_library'
2026-07-03 04:25:31.035575 Traceback (most recent call last):
2026-07-03 04:25:31.085735   None
2026-07-03 04:25:31.135920 PYTHONPATH:
2026-07-03 04:25:31.186073   /opt/hostedtoolcache/Python/3.11.15/x64/bin
2026-07-03 04:25:31.236227   /opt/hostedtoolcache/Python/3.11.15/x64/lib/python311.zip
2026-07-03 04:25:31.286383   /opt/hostedtoolcache/Python/3.11.15/x64/lib/python3.11
2026-07-03 04:25:31.336540   /opt/hostedtoolcache/Python/3.11.15/x64/lib/python3.11/lib-dynload
2026-07-03 04:25:31.386696   /opt/hostedtoolcache/Python/3.11.15/x64/lib/python3.11/site-packages
2026-07-03 04:25:31.436851 [ ERROR ] Error in file '/home/runner/work/engg-robot-testing-framework/engg-robot-testing-framework/resources/common.resource' on line 4: Importing library 'playwright_keyword_library.PlaywrightKeywordLibrary' failed: ModuleNotFoundError: No module named 'playwright_keyword_library'
2026-07-03 04:25:31.487005 Traceback (most recent call last):
2026-07-03 04:25:31.537167   None
2026-07-03 04:25:31.587325 PYTHONPATH:
2026-07-03 04:25:31.637481   /opt/hostedtoolcache/Python/3.11.15/x64/bin
2026-07-03 04:25:31.687643   /opt/hostedtoolcache/Python/3.11.15/x64/lib/python311.zip
2026-07-03 04:25:31.737755   /opt/hostedtoolcache/Python/3.11.15/x64/lib/python3.11
2026-07-03 04:25:31.787868   /opt/hostedtoolcache/Python/3.11.15/x64/lib/python3.11/lib-dynload
2026-07-03 04:25:31.838000   /opt/hostedtoolcache/Python/3.11.15/x64/lib/python3.11/site-packages
2026-07-03 04:25:40.618126 TC04 Logout User                                                      | FAIL |
2026-07-03 04:25:40.645445 Setup failed:
2026-07-03 04:25:40.645457 No keyword with name 'Open Browser' found.
2026-07-03 04:25:40.645478 
2026-07-03 04:25:40.645499 Also teardown failed:
2026-07-03 04:25:40.645516 Several failures occurred:
2026-07-03 04:25:40.645535 
2026-07-03 04:25:40.645552 1) No keyword with name 'Register Keyword To Run On Failure' found.
2026-07-03 04:25:40.645567 
2026-07-03 04:25:40.645592 2) No keyword with name 'Close Browser' found. Did you mean:
2026-07-03 04:25:40.645614     common.Close Test Browser
2026-07-03 04:25:40.645629 ------------------------------------------------------------------------------
2026-07-03 04:25:40.645645 Suites.Auth.TC04 logout user                                          | FAIL |
2026-07-03 04:25:40.646333 1 test, 0 passed, 1 failed
2026-07-03 04:25:40.646394 ==============================================================================
2026-07-03 04:25:40.646402 Suites.Auth                                                           | FAIL |
2026-07-03 04:25:40.646944 1 test, 0 passed, 1 failed
2026-07-03 04:25:40.646990 ==============================================================================
2026-07-03 04:25:40.646997 Suites                                                                | FAIL |
2026-07-03 04:25:40.647413 1 test, 0 passed, 1 failed
2026-07-03 04:25:40.647879 ==============================================================================
2026-07-03 04:25:40.647906 Output:  /home/runner/work/engg-robot-testing-framework/engg-robot-testing-framework/reports/pabot_results/3/output.xml
