2026-08-08 02:28:31.648826 ==============================================================================
2026-08-08 02:28:31.670216 Suites
2026-08-08 02:28:31.670238 ==============================================================================
2026-08-08 02:28:31.670254 Suites.Cart
2026-08-08 02:28:31.671076 ==============================================================================
2026-08-08 02:28:31.671096 Suites.Cart.TC17 remove products from cart :: TC17 - Remove Products From Cart
2026-08-08 02:28:31.671096 [ ERROR ] Error in file '/home/runner/work/engg-robot-testing-framework/engg-robot-testing-framework/resources/common.resource' on line 4: Importing library 'playwright_keyword_library.PlaywrightKeywordLibrary' failed: ModuleNotFoundError: No module named 'playwright_keyword_library'
2026-08-08 02:28:31.702003 ==============================================================================
2026-08-08 02:28:31.702003 Traceback (most recent call last):
2026-08-08 02:28:31.704874   None
2026-08-08 02:28:31.754994 PYTHONPATH:
2026-08-08 02:28:31.805110   /opt/hostedtoolcache/Python/3.11.15/x64/bin
2026-08-08 02:28:31.855226   /opt/hostedtoolcache/Python/3.11.15/x64/lib/python311.zip
2026-08-08 02:28:31.905333   /opt/hostedtoolcache/Python/3.11.15/x64/lib/python3.11
2026-08-08 02:28:31.955448   /opt/hostedtoolcache/Python/3.11.15/x64/lib/python3.11/lib-dynload
2026-08-08 02:28:32.005559   /opt/hostedtoolcache/Python/3.11.15/x64/lib/python3.11/site-packages
2026-08-08 02:28:32.055709 [ ERROR ] Error in file '/home/runner/work/engg-robot-testing-framework/engg-robot-testing-framework/resources/product_keywords.resource' on line 2: Importing library 'playwright_keyword_library.PlaywrightKeywordLibrary' failed: ModuleNotFoundError: No module named 'playwright_keyword_library'
2026-08-08 02:28:32.105826 Traceback (most recent call last):
2026-08-08 02:28:32.155968   None
2026-08-08 02:28:32.206111 PYTHONPATH:
2026-08-08 02:28:32.256258   /opt/hostedtoolcache/Python/3.11.15/x64/bin
2026-08-08 02:28:32.306412   /opt/hostedtoolcache/Python/3.11.15/x64/lib/python311.zip
2026-08-08 02:28:32.356560   /opt/hostedtoolcache/Python/3.11.15/x64/lib/python3.11
2026-08-08 02:28:32.406713   /opt/hostedtoolcache/Python/3.11.15/x64/lib/python3.11/lib-dynload
2026-08-08 02:28:32.456861   /opt/hostedtoolcache/Python/3.11.15/x64/lib/python3.11/site-packages
2026-08-08 02:28:32.506992 [ ERROR ] Error in file '/home/runner/work/engg-robot-testing-framework/engg-robot-testing-framework/resources/cart_keywords.resource' on line 2: Importing library 'playwright_keyword_library.PlaywrightKeywordLibrary' failed: ModuleNotFoundError: No module named 'playwright_keyword_library'
2026-08-08 02:28:32.557140 Traceback (most recent call last):
2026-08-08 02:28:32.607236   None
2026-08-08 02:28:32.657383 PYTHONPATH:
2026-08-08 02:28:32.707527   /opt/hostedtoolcache/Python/3.11.15/x64/bin
2026-08-08 02:28:32.757674   /opt/hostedtoolcache/Python/3.11.15/x64/lib/python311.zip
2026-08-08 02:28:32.807824   /opt/hostedtoolcache/Python/3.11.15/x64/lib/python3.11
2026-08-08 02:28:32.857958   /opt/hostedtoolcache/Python/3.11.15/x64/lib/python3.11/lib-dynload
2026-08-08 02:28:32.908091   /opt/hostedtoolcache/Python/3.11.15/x64/lib/python3.11/site-packages
2026-08-08 02:28:41.680150 TC17 Remove Products From Cart                                        | FAIL |
2026-08-08 02:28:41.713177 Setup failed:
2026-08-08 02:28:41.713192 No keyword with name 'Open Browser' found.
2026-08-08 02:28:41.713202 
2026-08-08 02:28:41.713212 Also teardown failed:
2026-08-08 02:28:41.713221 Several failures occurred:
2026-08-08 02:28:41.713229 
2026-08-08 02:28:41.713239 1) No keyword with name 'Register Keyword To Run On Failure' found.
2026-08-08 02:28:41.713248 
2026-08-08 02:28:41.713256 2) No keyword with name 'Close Browser' found. Did you mean:
2026-08-08 02:28:41.713265     common.Close Test Browser
2026-08-08 02:28:41.713274 ------------------------------------------------------------------------------
2026-08-08 02:28:41.713282 Suites.Cart.TC17 remove products from cart :: TC17 - Remove Produc... | FAIL |
2026-08-08 02:28:41.713722 1 test, 0 passed, 1 failed
2026-08-08 02:28:41.713737 ==============================================================================
2026-08-08 02:28:41.713747 Suites.Cart                                                           | FAIL |
2026-08-08 02:28:41.714096 1 test, 0 passed, 1 failed
2026-08-08 02:28:41.714111 ==============================================================================
2026-08-08 02:28:41.714120 Suites                                                                | FAIL |
2026-08-08 02:28:41.714390 1 test, 0 passed, 1 failed
2026-08-08 02:28:41.714407 ==============================================================================
2026-08-08 02:28:41.714418 Output:  /home/runner/work/engg-robot-testing-framework/engg-robot-testing-framework/reports/pabot_results/7/output.xml
