2026-09-26 05:18:39.108037 ==============================================================================
2026-09-26 05:18:39.138230 Suites
2026-09-26 05:18:39.138246 ==============================================================================
2026-09-26 05:18:39.138255 Suites.Cart
2026-09-26 05:18:39.138791 ==============================================================================
2026-09-26 05:18:39.138802 Suites.Cart.TC22 add from recommended items :: TC22 - Add To Cart From Reco...
2026-09-26 05:18:39.138802 [ ERROR ] Error in file '/home/runner/work/engg-robot-testing-framework/engg-robot-testing-framework/resources/common.resource' on line 4: Importing library 'playwright_keyword_library.PlaywrightKeywordLibrary' failed: ModuleNotFoundError: No module named 'playwright_keyword_library'
2026-09-26 05:18:39.158133 ==============================================================================
2026-09-26 05:18:39.158133 Traceback (most recent call last):
2026-09-26 05:18:39.158150   None
2026-09-26 05:18:39.208277 PYTHONPATH:
2026-09-26 05:18:39.258432   /opt/hostedtoolcache/Python/3.11.16/x64/bin
2026-09-26 05:18:39.308554   /opt/hostedtoolcache/Python/3.11.16/x64/lib/python311.zip
2026-09-26 05:18:39.358753   /opt/hostedtoolcache/Python/3.11.16/x64/lib/python3.11
2026-09-26 05:18:39.408903   /opt/hostedtoolcache/Python/3.11.16/x64/lib/python3.11/lib-dynload
2026-09-26 05:18:39.459102   /opt/hostedtoolcache/Python/3.11.16/x64/lib/python3.11/site-packages
2026-09-26 05:18:39.509225 [ ERROR ] Error in file '/home/runner/work/engg-robot-testing-framework/engg-robot-testing-framework/resources/cart_keywords.resource' on line 2: Importing library 'playwright_keyword_library.PlaywrightKeywordLibrary' failed: ModuleNotFoundError: No module named 'playwright_keyword_library'
2026-09-26 05:18:39.559428 Traceback (most recent call last):
2026-09-26 05:18:39.609545   None
2026-09-26 05:18:39.659797 PYTHONPATH:
2026-09-26 05:18:39.709924   /opt/hostedtoolcache/Python/3.11.16/x64/bin
2026-09-26 05:18:39.760117   /opt/hostedtoolcache/Python/3.11.16/x64/lib/python311.zip
2026-09-26 05:18:39.810230   /opt/hostedtoolcache/Python/3.11.16/x64/lib/python3.11
2026-09-26 05:18:39.860420   /opt/hostedtoolcache/Python/3.11.16/x64/lib/python3.11/lib-dynload
2026-09-26 05:18:39.910537   /opt/hostedtoolcache/Python/3.11.16/x64/lib/python3.11/site-packages
2026-09-26 05:18:49.136838 TC22 Add To Cart From Recommended Items                               | FAIL |
2026-09-26 05:18:49.167821 Setup failed:
2026-09-26 05:18:49.167837 No keyword with name 'Open Browser' found.
2026-09-26 05:18:49.167843 
2026-09-26 05:18:49.167848 Also teardown failed:
2026-09-26 05:18:49.167854 Several failures occurred:
2026-09-26 05:18:49.167859 
2026-09-26 05:18:49.167864 1) No keyword with name 'Register Keyword To Run On Failure' found.
2026-09-26 05:18:49.167870 
2026-09-26 05:18:49.167874 2) No keyword with name 'Close Browser' found. Did you mean:
2026-09-26 05:18:49.167879     common.Close Test Browser
2026-09-26 05:18:49.167884 ------------------------------------------------------------------------------
2026-09-26 05:18:49.167889 Suites.Cart.TC22 add from recommended items :: TC22 - Add To Cart ... | FAIL |
2026-09-26 05:18:49.168280 1 test, 0 passed, 1 failed
2026-09-26 05:18:49.168354 ==============================================================================
2026-09-26 05:18:49.168360 Suites.Cart                                                           | FAIL |
2026-09-26 05:18:49.168608 1 test, 0 passed, 1 failed
2026-09-26 05:18:49.168661 ==============================================================================
2026-09-26 05:18:49.168668 Suites                                                                | FAIL |
2026-09-26 05:18:49.168844 1 test, 0 passed, 1 failed
2026-09-26 05:18:49.168928 ==============================================================================
2026-09-26 05:18:49.168933 Output:  /home/runner/work/engg-robot-testing-framework/engg-robot-testing-framework/reports/pabot_results/9/output.xml
