[INFO]    Initialized logging in reports/pabot_results
[INFO]    Robot Framework remote server at 127.0.0.1:8270 started.
[DEBUG]   2026-05-10 04:31:21.969463 [PID:2393] [0] [ID:0] EXECUTING Suites.Auth.TC01 register user
[DEBUG]   2026-05-10 04:31:21.971207 [PID:2394] [1] [ID:1] EXECUTING Suites.Auth.TC02 login valid
[DEBUG]   2026-05-10 04:31:26.976900 [PID:2394] [1] [ID:1] still running Suites.Auth.TC02 login valid after 5.0s
[DEBUG]   2026-05-10 04:31:26.977024 [PID:2393] [0] [ID:0] still running Suites.Auth.TC01 register user after 5.0s
[DEBUG]   2026-05-10 04:31:36.994228 [PID:2394] [1] [ID:1] still running Suites.Auth.TC02 login valid after 15.0s
[DEBUG]   2026-05-10 04:31:37.000105 [PID:2393] [0] [ID:0] still running Suites.Auth.TC01 register user after 15.0s
[DEBUG]   2026-05-10 04:31:52.021175 [PID:2394] [1] [ID:1] still running Suites.Auth.TC02 login valid after 30.0s
[DEBUG]   2026-05-10 04:31:52.021971 [PID:2393] [0] [ID:0] still running Suites.Auth.TC01 register user after 30.0s
[INFO]    2026-05-10 04:32:02.235129 [PID:2393] [0] [ID:0] PASSED Suites.Auth.TC01 register user in 40.3 seconds
[DEBUG]   2026-05-10 04:32:02.239222 [PID:2909] [0] [ID:2] EXECUTING Suites.Auth.TC03 login invalid
[INFO]    2026-05-10 04:32:05.239093 [PID:2394] [1] [ID:1] PASSED Suites.Auth.TC02 login valid in 43.3 seconds
[DEBUG]   2026-05-10 04:32:05.246458 [PID:3073] [1] [ID:3] EXECUTING Suites.Auth.TC04 logout user
[DEBUG]   2026-05-10 04:32:07.249682 [PID:2909] [0] [ID:2] still running Suites.Auth.TC03 login invalid after 5.0s
[DEBUG]   2026-05-10 04:32:10.256390 [PID:3073] [1] [ID:3] still running Suites.Auth.TC04 logout user after 5.0s
[DEBUG]   2026-05-10 04:32:17.263333 [PID:2909] [0] [ID:2] still running Suites.Auth.TC03 login invalid after 15.0s
[INFO]    2026-05-10 04:32:17.667226 [PID:2909] [0] [ID:2] PASSED Suites.Auth.TC03 login invalid in 15.4 seconds
[DEBUG]   2026-05-10 04:32:17.672269 [PID:3311] [0] [ID:4] EXECUTING Suites.Auth.TC05 register existing email
[DEBUG]   2026-05-10 04:32:20.270367 [PID:3073] [1] [ID:3] still running Suites.Auth.TC04 logout user after 15.0s
[DEBUG]   2026-05-10 04:32:22.685889 [PID:3311] [0] [ID:4] still running Suites.Auth.TC05 register existing email after 5.0s
[DEBUG]   2026-05-10 04:32:32.697546 [PID:3311] [0] [ID:4] still running Suites.Auth.TC05 register existing email after 15.0s
[DEBUG]   2026-05-10 04:32:35.290095 [PID:3073] [1] [ID:3] still running Suites.Auth.TC04 logout user after 30.0s
[INFO]    2026-05-10 04:32:37.997366 [PID:3073] [1] [ID:3] PASSED Suites.Auth.TC04 logout user in 32.8 seconds
[DEBUG]   2026-05-10 04:32:38.002096 [PID:3615] [1] [ID:5] EXECUTING Suites.Cart.TC12 add products to cart
[DEBUG]   2026-05-10 04:32:43.011401 [PID:3615] [1] [ID:5] still running Suites.Cart.TC12 add products to cart after 5.0s
[DEBUG]   2026-05-10 04:32:47.716526 [PID:3311] [0] [ID:4] still running Suites.Auth.TC05 register existing email after 30.0s
[DEBUG]   2026-05-10 04:32:53.022644 [PID:3615] [1] [ID:5] still running Suites.Cart.TC12 add products to cart after 15.0s
[INFO]    2026-05-10 04:32:53.127333 [PID:3311] [0] [ID:4] PASSED Suites.Auth.TC05 register existing email in 35.5 seconds
[DEBUG]   2026-05-10 04:32:53.132629 [PID:3854] [0] [ID:6] EXECUTING Suites.Cart.TC13 verify product quantity
[INFO]    2026-05-10 04:32:55.631478 [PID:3615] [1] [ID:5] PASSED Suites.Cart.TC12 add products to cart in 17.6 seconds
[DEBUG]   2026-05-10 04:32:55.636174 [PID:4018] [1] [ID:7] EXECUTING Suites.Cart.TC17 remove products from cart
[DEBUG]   2026-05-10 04:32:58.142840 [PID:3854] [0] [ID:6] still running Suites.Cart.TC13 verify product quantity after 5.0s
[DEBUG]   2026-05-10 04:33:00.644535 [PID:4018] [1] [ID:7] still running Suites.Cart.TC17 remove products from cart after 5.0s
[INFO]    2026-05-10 04:33:06.659175 [PID:3854] [0] [ID:6] PASSED Suites.Cart.TC13 verify product quantity in 13.5 seconds
[DEBUG]   2026-05-10 04:33:06.664471 [PID:4253] [0] [ID:8] EXECUTING Suites.Cart.TC20 search and verify cart after login
[DEBUG]   2026-05-10 04:33:10.658118 [PID:4018] [1] [ID:7] still running Suites.Cart.TC17 remove products from cart after 15.0s
[DEBUG]   2026-05-10 04:33:11.674529 [PID:4253] [0] [ID:8] still running Suites.Cart.TC20 search and verify cart after login after 5.0s
[INFO]    2026-05-10 04:33:13.665202 [PID:4018] [1] [ID:7] PASSED Suites.Cart.TC17 remove products from cart in 18.0 seconds
[DEBUG]   2026-05-10 04:33:13.670136 [PID:4488] [1] [ID:9] EXECUTING Suites.Cart.TC22 add from recommended items
[DEBUG]   2026-05-10 04:33:18.679406 [PID:4488] [1] [ID:9] still running Suites.Cart.TC22 add from recommended items after 5.0s
[DEBUG]   2026-05-10 04:33:21.691328 [PID:4253] [0] [ID:8] still running Suites.Cart.TC20 search and verify cart after login after 15.0s
[DEBUG]   2026-05-10 04:33:28.697266 [PID:4488] [1] [ID:9] still running Suites.Cart.TC22 add from recommended items after 15.0s
[INFO]    2026-05-10 04:33:30.303029 [PID:4488] [1] [ID:9] PASSED Suites.Cart.TC22 add from recommended items in 16.6 seconds
[DEBUG]   2026-05-10 04:33:36.710099 [PID:4253] [0] [ID:8] still running Suites.Cart.TC20 search and verify cart after login after 30.0s
[INFO]    2026-05-10 04:33:46.624357 [PID:4253] [0] [ID:8] PASSED Suites.Cart.TC20 search and verify cart after login in 40.0 seconds
[INFO]    10 tests, 10 passed, 0 failed, 0 skipped.
[INFO]    ===================================================
[INFO]    Output:  /home/runner/work/engg-robot-testing-framework/engg-robot-testing-framework/reports/output.xml
[INFO]    Log:     /home/runner/work/engg-robot-testing-framework/engg-robot-testing-framework/reports/log.html
[INFO]    Report:  /home/runner/work/engg-robot-testing-framework/engg-robot-testing-framework/reports/report.html
[DEBUG]   Finalizing Pabot execution...
[DEBUG]   Stopping PabotLib process
[INFO]    Robot Framework remote server at 127.0.0.1:8270 stopped.
[DEBUG]   PabotLib process stopped
[INFO]    Total testing: 4 minutes 33.0 seconds
[INFO]    Elapsed time:  2 minutes 25.33 seconds
[DEBUG]   Logs flushed successfully.
