2026-05-17 04:39:30.956489 ==============================================================================
2026-05-17 04:39:30.972686 Suites
2026-05-17 04:39:30.972706 ==============================================================================
2026-05-17 04:39:30.972720 Suites.Auth
2026-05-17 04:39:30.973500 ==============================================================================
2026-05-17 04:39:31.073812 Suites.Auth.TC03 login invalid
2026-05-17 04:39:31.081446 ==============================================================================
2026-05-17 04:39:42.116891 TC03 Login User With Incorrect Email And Password                     | FAIL |
2026-05-17 04:39:42.138690 Setup failed:
2026-05-17 04:39:42.138703 Title should have been 'Automation Exercise' but was 'One moment, please...'.
2026-05-17 04:39:42.138714 ------------------------------------------------------------------------------
2026-05-17 04:39:42.138723 Suites.Auth.TC03 login invalid                                        | FAIL |
2026-05-17 04:39:42.139448 1 test, 0 passed, 1 failed
2026-05-17 04:39:42.139496 ==============================================================================
2026-05-17 04:39:42.139508 Suites.Auth                                                           | FAIL |
2026-05-17 04:39:42.139984 1 test, 0 passed, 1 failed
2026-05-17 04:39:42.140002 ==============================================================================
2026-05-17 04:39:42.140014 Suites                                                                | FAIL |
2026-05-17 04:39:42.140347 1 test, 0 passed, 1 failed
2026-05-17 04:39:42.140413 ==============================================================================
2026-05-17 04:39:42.140424 Output:  /home/runner/work/engg-robot-testing-framework/engg-robot-testing-framework/reports/pabot_results/2/output.xml
