[INFO]    Initialized logging in reports/pabot_results
[INFO]    Robot Framework remote server at 127.0.0.1:8270 started.
[DEBUG]   2026-06-09 04:45:24.383141 [PID:2308] [1] [ID:1] EXECUTING Suites.Auth.TC02 login valid
[DEBUG]   2026-06-09 04:45:24.384866 [PID:2309] [0] [ID:0] EXECUTING Suites.Auth.TC01 register user
[DEBUG]   2026-06-09 04:45:29.390257 [PID:2308] [1] [ID:1] still running Suites.Auth.TC02 login valid after 5.0s
[DEBUG]   2026-06-09 04:45:29.390530 [PID:2309] [0] [ID:0] still running Suites.Auth.TC01 register user after 5.0s
[DEBUG]   2026-06-09 04:45:39.401204 [PID:2309] [0] [ID:0] still running Suites.Auth.TC01 register user after 15.0s
[DEBUG]   2026-06-09 04:45:39.401310 [PID:2308] [1] [ID:1] still running Suites.Auth.TC02 login valid after 15.0s
[DEBUG]   2026-06-09 04:45:54.418149 [PID:2309] [0] [ID:0] still running Suites.Auth.TC01 register user after 30.0s
[DEBUG]   2026-06-09 04:45:54.418240 [PID:2308] [1] [ID:1] still running Suites.Auth.TC02 login valid after 30.0s
[DEBUG]   2026-06-09 04:46:14.450741 [PID:2308] [1] [ID:1] still running Suites.Auth.TC02 login valid after 50.0s
[DEBUG]   2026-06-09 04:46:14.452064 [PID:2309] [0] [ID:0] still running Suites.Auth.TC01 register user after 50.0s
[INFO]    2026-06-09 04:46:30.872422 [PID:2308] [1] [ID:1] PASSED Suites.Auth.TC02 login valid in 66.5 seconds
[DEBUG]   2026-06-09 04:46:30.877122 [PID:2820] [0] [ID:2] EXECUTING Suites.Auth.TC03 login invalid
[DEBUG]   2026-06-09 04:46:35.883559 [PID:2820] [0] [ID:2] still running Suites.Auth.TC03 login invalid after 5.0s
[DEBUG]   2026-06-09 04:46:39.484607 [PID:2309] [0] [ID:0] still running Suites.Auth.TC01 register user after 75.0s
[DEBUG]   2026-06-09 04:46:45.892132 [PID:2820] [0] [ID:2] still running Suites.Auth.TC03 login invalid after 15.0s
[INFO]    2026-06-09 04:46:46.896602 [PID:2820] [0] [ID:2] PASSED Suites.Auth.TC03 login invalid in 16.0 seconds
[DEBUG]   2026-06-09 04:46:46.902047 [PID:3071] [1] [ID:3] EXECUTING Suites.Auth.TC04 logout user
[DEBUG]   2026-06-09 04:46:51.908903 [PID:3071] [1] [ID:3] still running Suites.Auth.TC04 logout user after 5.0s
[DEBUG]   2026-06-09 04:47:01.918551 [PID:3071] [1] [ID:3] still running Suites.Auth.TC04 logout user after 15.0s
[DEBUG]   2026-06-09 04:47:09.520868 [PID:2309] [0] [ID:0] still running Suites.Auth.TC01 register user after 105.0s
[DEBUG]   2026-06-09 04:47:16.934914 [PID:3071] [1] [ID:3] still running Suites.Auth.TC04 logout user after 30.0s
[INFO]    2026-06-09 04:47:19.139842 [PID:3071] [1] [ID:3] PASSED Suites.Auth.TC04 logout user in 32.2 seconds
[DEBUG]   2026-06-09 04:47:19.144078 [PID:3496] [0] [ID:4] EXECUTING Suites.Auth.TC05 register existing email
[DEBUG]   2026-06-09 04:47:24.151857 [PID:3496] [0] [ID:4] still running Suites.Auth.TC05 register existing email after 5.0s
[DEBUG]   2026-06-09 04:47:34.166291 [PID:3496] [0] [ID:4] still running Suites.Auth.TC05 register existing email after 15.0s
[DEBUG]   2026-06-09 04:47:44.562979 [PID:2309] [0] [ID:0] still running Suites.Auth.TC01 register user after 140.0s
[DEBUG]   2026-06-09 04:47:49.181124 [PID:3496] [0] [ID:4] still running Suites.Auth.TC05 register existing email after 30.0s
[DEBUG]   2026-06-09 04:48:09.201242 [PID:3496] [0] [ID:4] still running Suites.Auth.TC05 register existing email after 50.0s
[INFO]    2026-06-09 04:48:21.303840 [PID:2309] [0] [ID:0] PASSED Suites.Auth.TC01 register user in 176.9 seconds
[DEBUG]   2026-06-09 04:48:21.308141 [PID:3745] [1] [ID:5] EXECUTING Suites.Cart.TC12 add products to cart
[DEBUG]   2026-06-09 04:48:26.315397 [PID:3745] [1] [ID:5] still running Suites.Cart.TC12 add products to cart after 5.0s
[DEBUG]   2026-06-09 04:48:34.228873 [PID:3496] [0] [ID:4] still running Suites.Auth.TC05 register existing email after 75.0s
[INFO]    2026-06-09 04:48:34.431228 [PID:3496] [0] [ID:4] Execution failed in Suites.Auth.TC05 register existing email with 1 failing test(s)
==============================================================================
Suites
==============================================================================
Suites.Auth
==============================================================================
Suites.Auth.TC05 register existing email
==============================================================================
TC05 Register User With Existing Email                                | FAIL |
Element 'xpath=//a[contains(text(),'Logout')]' not visible after 45 seconds.
------------------------------------------------------------------------------
Suites.Auth.TC05 register existing email                              | FAIL |
1 test, 0 passed, 1 failed
==============================================================================
Suites.Auth                                                           | FAIL |
1 test, 0 passed, 1 failed
==============================================================================
Suites                                                                | FAIL |
1 test, 0 passed, 1 failed
==============================================================================
Output:  /home/runner/work/engg-robot-testing-framework/engg-robot-testing-framework/reports/pabot_results/4/output.xml
[DEBUG]   2026-06-09 04:48:34.435970 [PID:3989] [0] [ID:6] EXECUTING Suites.Cart.TC13 verify product quantity
[DEBUG]   2026-06-09 04:48:36.326505 [PID:3745] [1] [ID:5] still running Suites.Cart.TC12 add products to cart after 15.0s
[DEBUG]   2026-06-09 04:48:39.442208 [PID:3989] [0] [ID:6] still running Suites.Cart.TC13 verify product quantity after 5.0s
[INFO]    2026-06-09 04:48:40.834551 [PID:3745] [1] [ID:5] Execution failed in Suites.Cart.TC12 add products to cart with 1 failing test(s)
==============================================================================
Suites
==============================================================================
Suites.Cart
==============================================================================
Suites.Cart.TC12 add products to cart :: TC12 - Add Products In Cart
==============================================================================
TC12 Add Products In Cart                                             | FAIL |
ElementClickInterceptedException: Message: element click intercepted: Element <a href="/view_cart">...</a> is not clickable at point (945, 242). Other element would receive the click: <iframe id="aswift_2" name="aswift_2" style="min-height: auto !important; max-height: none !important; min-width: auto !important; max-width: none !important; width: 100vw !important; height: 100vh !important; inset: 0px auto auto 0px !important; position: absolute !important; clear: none !important; display: inline !important; float: none !important; margin: 0px !important; opacity: 1 !important; overflow: visible !important; padding: 0px !important; vertical-align: baseline !important; visibility: visible !important; z-index: auto !important;" sandbox="allow-forms allow-popups allow-popups-to-escape-sandbox allow-same-origin allow-scripts allow-top-navigation-by-user-activation" width="" height="" frameborder="0" marginwidth="0" marginheight="0" vspace="0" hspace="0" allowtransparency="true" scrolling="no" allow="attribution-reporting; run-ad-auction" src="https://googleads.g.doubleclick.net/pagead/html/r20260604/r20190131/zrt_lookup.html#RS-0-&amp;adk=1812271808&amp;client=ca-pub-1677597403311019&amp;fa=8&amp;ifi=3&amp;uci=a!3" data-google-container-id="a!3" tabindex="0" title="Advertisement" aria-label="Advertisement" data-google-query-id="CPC0zLGt-ZQDFbNLuAQdEg4EVQ" data-load-complete="true"></iframe>
  (Session info: chrome=148.0.7778.178)
    [ Message content over the limit has been removed. ]
#1 0x555c95d726b9 <unknown>
#2 0x555c95dcd57b <unknown>
#3 0x555c95dcb662 <unknown>
#4 0x555c95dc904c <unknown>
#5 0x555c95dc8147 <unknown>
#6 0x555c95dbc142 <unknown>
#7 0x555c95dbba87 <unknown>
#8 0x555c95e0ecbf <unknown>
#9 0x555c95dba222 <unknown>
#10 0x555c95dbb011 <unknown>
#11 0x555c9633aa0b <unknown>
#12 0x555c9633d92d <unknown>
#13 0x555c96327948 <unknown>
#14 0x555c9633e4c0 <unknown>
#15 0x555c9630e560 <unknown>
#16 0x555c96361dd8 <unknown>
#17 0x555c96361f75 <unknown>
#18 0x555c96373bce <unknown>
#19 0x7f0e93c9caa4 <unknown>
#20 0x7f0e93d29c6c <unknown>
------------------------------------------------------------------------------
Suites.Cart.TC12 add products to cart :: TC12 - Add Products In Cart  | FAIL |
1 test, 0 passed, 1 failed
==============================================================================
Suites.Cart                                                           | FAIL |
1 test, 0 passed, 1 failed
==============================================================================
Suites                                                                | FAIL |
1 test, 0 passed, 1 failed
==============================================================================
Output:  /home/runner/work/engg-robot-testing-framework/engg-robot-testing-framework/reports/pabot_results/5/output.xml
[DEBUG]   2026-06-09 04:48:40.838900 [PID:4141] [1] [ID:7] EXECUTING Suites.Cart.TC17 remove products from cart
[DEBUG]   2026-06-09 04:48:45.848242 [PID:4141] [1] [ID:7] still running Suites.Cart.TC17 remove products from cart after 5.0s
[DEBUG]   2026-06-09 04:48:49.452796 [PID:3989] [0] [ID:6] still running Suites.Cart.TC13 verify product quantity after 15.0s
[DEBUG]   2026-06-09 04:48:55.858839 [PID:4141] [1] [ID:7] still running Suites.Cart.TC17 remove products from cart after 15.0s
[INFO]    2026-06-09 04:49:00.767619 [PID:4141] [1] [ID:7] PASSED Suites.Cart.TC17 remove products from cart in 19.9 seconds
[DEBUG]   2026-06-09 04:49:00.772688 [PID:4452] [0] [ID:8] EXECUTING Suites.Cart.TC20 search and verify cart after login
[DEBUG]   2026-06-09 04:49:04.475944 [PID:3989] [0] [ID:6] still running Suites.Cart.TC13 verify product quantity after 30.0s
[DEBUG]   2026-06-09 04:49:05.783149 [PID:4452] [0] [ID:8] still running Suites.Cart.TC20 search and verify cart after login after 5.0s
[INFO]    2026-06-09 04:49:12.090751 [PID:3989] [0] [ID:6] PASSED Suites.Cart.TC13 verify product quantity in 37.7 seconds
[DEBUG]   2026-06-09 04:49:12.095188 [PID:4713] [1] [ID:9] EXECUTING Suites.Cart.TC22 add from recommended items
[DEBUG]   2026-06-09 04:49:15.792861 [PID:4452] [0] [ID:8] still running Suites.Cart.TC20 search and verify cart after login after 15.0s
[DEBUG]   2026-06-09 04:49:17.101227 [PID:4713] [1] [ID:9] still running Suites.Cart.TC22 add from recommended items after 5.0s
[INFO]    2026-06-09 04:49:26.808299 [PID:4452] [0] [ID:8] Execution failed in Suites.Cart.TC20 search and verify cart after login with 1 failing test(s)
==============================================================================
Suites
==============================================================================
Suites.Cart
==============================================================================
Suites.Cart.TC20 search and verify cart after login :: TC20 - Search Produc...
==============================================================================
TC20 Search Products And Verify Cart After Login                      | FAIL |
ElementClickInterceptedException: Message: element click intercepted: Element <a href="/products">...</a> is not clickable at point (918, 40). Other element would receive the click: <iframe id="aswift_1" name="aswift_1" style="min-height: auto !important; max-height: none !important; min-width: auto !important; max-width: none !important; width: 100vw !important; height: 100vh !important; inset: 0px auto auto 0px !important; position: absolute !important; clear: none !important; display: inline !important; float: none !important; margin: 0px !important; opacity: 1 !important; overflow: visible !important; padding: 0px !important; vertical-align: baseline !important; visibility: visible !important; z-index: auto !important;" sandbox="allow-forms allow-popups allow-popups-to-escape-sandbox allow-same-origin allow-scripts allow-top-navigation-by-user-activation" width="" height="" frameborder="0" marginwidth="0" marginheight="0" vspace="0" hspace="0" allowtransparency="true" scrolling="no" allow="attribution-reporting; run-ad-auction" src="https://googleads.g.doubleclick.net/pagead/html/r20260604/r20190131/zrt_lookup.html#RS-0-&amp;adk=1812271808&amp;client=ca-pub-1677597403311019&amp;fa=8&amp;ifi=2&amp;uci=a!2" data-google-container-id="a!2" tabindex="0" title="Advertisement" aria-label="Advertisement" data-google-query-id="CJ_5hcit-ZQDFVe0lQIdxaorfA" data-load-complete="true"></iframe>
  (Session info: chrome=148.0.7778.178)
    [ Message content over the limit has been removed. ]
#1 0x564c6d1736b9 <unknown>
#2 0x564c6d1ce57b <unknown>
#3 0x564c6d1cc662 <unknown>
#4 0x564c6d1ca04c <unknown>
#5 0x564c6d1c9147 <unknown>
#6 0x564c6d1bd142 <unknown>
#7 0x564c6d1bca87 <unknown>
#8 0x564c6d20fcbf <unknown>
#9 0x564c6d1bb222 <unknown>
#10 0x564c6d1bc011 <unknown>
#11 0x564c6d73ba0b <unknown>
#12 0x564c6d73e92d <unknown>
#13 0x564c6d728948 <unknown>
#14 0x564c6d73f4c0 <unknown>
#15 0x564c6d70f560 <unknown>
#16 0x564c6d762dd8 <unknown>
#17 0x564c6d762f75 <unknown>
#18 0x564c6d774bce <unknown>
#19 0x7f210aa9caa4 <unknown>
#20 0x7f210ab29c6c <unknown>
------------------------------------------------------------------------------
Suites.Cart.TC20 search and verify cart after login :: TC20 - Sear... | FAIL |
1 test, 0 passed, 1 failed
==============================================================================
Suites.Cart                                                           | FAIL |
1 test, 0 passed, 1 failed
==============================================================================
Suites                                                                | FAIL |
1 test, 0 passed, 1 failed
==============================================================================
Output:  /home/runner/work/engg-robot-testing-framework/engg-robot-testing-framework/reports/pabot_results/8/output.xml
[DEBUG]   2026-06-09 04:49:27.110164 [PID:4713] [1] [ID:9] still running Suites.Cart.TC22 add from recommended items after 15.0s
[DEBUG]   2026-06-09 04:49:42.130915 [PID:4713] [1] [ID:9] still running Suites.Cart.TC22 add from recommended items after 30.0s
[INFO]    2026-06-09 04:49:50.542197 [PID:4713] [1] [ID:9] PASSED Suites.Cart.TC22 add from recommended items in 38.4 seconds
[INFO]    10 tests, 7 passed, 3 failed, 0 skipped.
[INFO]    ===================================================
[INFO]    Output:  /home/runner/work/engg-robot-testing-framework/engg-robot-testing-framework/reports/output.xml
[INFO]    Log:     /home/runner/work/engg-robot-testing-framework/engg-robot-testing-framework/reports/log.html
[INFO]    Report:  /home/runner/work/engg-robot-testing-framework/engg-robot-testing-framework/reports/report.html
[DEBUG]   Finalizing Pabot execution...
[DEBUG]   Stopping PabotLib process
[INFO]    Robot Framework remote server at 127.0.0.1:8270 stopped.
[DEBUG]   PabotLib process stopped
[INFO]    Total testing: 8 minutes 28.40 seconds
[INFO]    Elapsed time:  4 minutes 26.85 seconds
[DEBUG]   Logs flushed successfully.
