2026-09-06 04:57:53.761301 ==============================================================================
2026-09-06 04:57:53.776950 Suites
2026-09-06 04:57:53.776979 ==============================================================================
2026-09-06 04:57:53.776996 Suites.Cart
2026-09-06 04:57:53.777838 ==============================================================================
2026-09-06 04:57:53.777856 Suites.Cart.TC20 search and verify cart after login :: TC20 - Search Produc...
2026-09-06 04:57:53.777856 [ ERROR ] Error in file '/home/runner/work/engg-robot-testing-framework/engg-robot-testing-framework/tests/cart/TC20_search_and_verify_cart_after_login.robot' on line 3: Importing library 'playwright_keyword_library.PlaywrightKeywordLibrary' failed: ModuleNotFoundError: No module named 'playwright_keyword_library'
2026-09-06 04:57:53.814552 ==============================================================================
2026-09-06 04:57:53.814552 Traceback (most recent call last):
2026-09-06 04:57:53.814572   None
2026-09-06 04:57:53.864689 PYTHONPATH:
2026-09-06 04:57:53.914800   /opt/hostedtoolcache/Python/3.11.16/x64/bin
2026-09-06 04:57:53.964918   /opt/hostedtoolcache/Python/3.11.16/x64/lib/python311.zip
2026-09-06 04:57:54.015032   /opt/hostedtoolcache/Python/3.11.16/x64/lib/python3.11
2026-09-06 04:57:54.065149   /opt/hostedtoolcache/Python/3.11.16/x64/lib/python3.11/lib-dynload
2026-09-06 04:57:54.115303   /opt/hostedtoolcache/Python/3.11.16/x64/lib/python3.11/site-packages
2026-09-06 04:57:54.165454 [ ERROR ] Error in file '/home/runner/work/engg-robot-testing-framework/engg-robot-testing-framework/resources/common.resource' on line 4: Importing library 'playwright_keyword_library.PlaywrightKeywordLibrary' failed: ModuleNotFoundError: No module named 'playwright_keyword_library'
2026-09-06 04:57:54.215609 Traceback (most recent call last):
2026-09-06 04:57:54.265757   None
2026-09-06 04:57:54.315913 PYTHONPATH:
2026-09-06 04:57:54.366066   /opt/hostedtoolcache/Python/3.11.16/x64/bin
2026-09-06 04:57:54.416225   /opt/hostedtoolcache/Python/3.11.16/x64/lib/python311.zip
2026-09-06 04:57:54.466390   /opt/hostedtoolcache/Python/3.11.16/x64/lib/python3.11
2026-09-06 04:57:54.516554   /opt/hostedtoolcache/Python/3.11.16/x64/lib/python3.11/lib-dynload
2026-09-06 04:57:54.566707   /opt/hostedtoolcache/Python/3.11.16/x64/lib/python3.11/site-packages
2026-09-06 04:57:54.616858 [ ERROR ] Error in file '/home/runner/work/engg-robot-testing-framework/engg-robot-testing-framework/resources/product_keywords.resource' on line 2: Importing library 'playwright_keyword_library.PlaywrightKeywordLibrary' failed: ModuleNotFoundError: No module named 'playwright_keyword_library'
2026-09-06 04:57:54.667011 Traceback (most recent call last):
2026-09-06 04:57:54.717162   None
2026-09-06 04:57:54.767317 PYTHONPATH:
2026-09-06 04:57:54.817466   /opt/hostedtoolcache/Python/3.11.16/x64/bin
2026-09-06 04:57:54.867618   /opt/hostedtoolcache/Python/3.11.16/x64/lib/python311.zip
2026-09-06 04:57:54.917782   /opt/hostedtoolcache/Python/3.11.16/x64/lib/python3.11
2026-09-06 04:57:54.967938   /opt/hostedtoolcache/Python/3.11.16/x64/lib/python3.11/lib-dynload
2026-09-06 04:57:55.018087   /opt/hostedtoolcache/Python/3.11.16/x64/lib/python3.11/site-packages
2026-09-06 04:57:55.068238 [ ERROR ] Error in file '/home/runner/work/engg-robot-testing-framework/engg-robot-testing-framework/resources/cart_keywords.resource' on line 2: Importing library 'playwright_keyword_library.PlaywrightKeywordLibrary' failed: ModuleNotFoundError: No module named 'playwright_keyword_library'
2026-09-06 04:57:55.118389 Traceback (most recent call last):
2026-09-06 04:57:55.168540   None
2026-09-06 04:57:55.218653 PYTHONPATH:
2026-09-06 04:57:55.268814   /opt/hostedtoolcache/Python/3.11.16/x64/bin
2026-09-06 04:57:55.318970   /opt/hostedtoolcache/Python/3.11.16/x64/lib/python311.zip
2026-09-06 04:57:55.369122   /opt/hostedtoolcache/Python/3.11.16/x64/lib/python3.11
2026-09-06 04:57:55.419240   /opt/hostedtoolcache/Python/3.11.16/x64/lib/python3.11/lib-dynload
2026-09-06 04:57:55.469351   /opt/hostedtoolcache/Python/3.11.16/x64/lib/python3.11/site-packages
2026-09-06 04:57:55.519500 [ ERROR ] Error in file '/home/runner/work/engg-robot-testing-framework/engg-robot-testing-framework/resources/auth_keywords.resource' on line 2: Importing library 'playwright_keyword_library.PlaywrightKeywordLibrary' failed: ModuleNotFoundError: No module named 'playwright_keyword_library'
2026-09-06 04:57:55.569650 Traceback (most recent call last):
2026-09-06 04:57:55.619783   None
2026-09-06 04:57:55.669939 PYTHONPATH:
2026-09-06 04:57:55.720100   /opt/hostedtoolcache/Python/3.11.16/x64/bin
2026-09-06 04:57:55.770271   /opt/hostedtoolcache/Python/3.11.16/x64/lib/python311.zip
2026-09-06 04:57:55.820434   /opt/hostedtoolcache/Python/3.11.16/x64/lib/python3.11
2026-09-06 04:57:55.870576   /opt/hostedtoolcache/Python/3.11.16/x64/lib/python3.11/lib-dynload
2026-09-06 04:57:55.920734   /opt/hostedtoolcache/Python/3.11.16/x64/lib/python3.11/site-packages
2026-09-06 04:58:03.789760 TC20 Search Products And Verify Cart After Login                      | FAIL |
2026-09-06 04:58:03.826125 Setup failed:
2026-09-06 04:58:03.826151 No keyword with name 'Open Browser' found.
2026-09-06 04:58:03.826193 
2026-09-06 04:58:03.826207 Also teardown failed:
2026-09-06 04:58:03.826220 Several failures occurred:
2026-09-06 04:58:03.826231 
2026-09-06 04:58:03.826243 1) No keyword with name 'Register Keyword To Run On Failure' found.
2026-09-06 04:58:03.826255 
2026-09-06 04:58:03.826266 2) No keyword with name 'Close Browser' found. Did you mean:
2026-09-06 04:58:03.826278     common.Close Test Browser
2026-09-06 04:58:03.826289 ------------------------------------------------------------------------------
2026-09-06 04:58:03.826300 Suites.Cart.TC20 search and verify cart after login :: TC20 - Sear... | FAIL |
2026-09-06 04:58:03.826810 1 test, 0 passed, 1 failed
2026-09-06 04:58:03.826885 ==============================================================================
2026-09-06 04:58:03.826897 Suites.Cart                                                           | FAIL |
2026-09-06 04:58:03.827293 1 test, 0 passed, 1 failed
2026-09-06 04:58:03.827359 ==============================================================================
2026-09-06 04:58:03.827373 Suites                                                                | FAIL |
2026-09-06 04:58:03.827679 1 test, 0 passed, 1 failed
2026-09-06 04:58:03.827751 ==============================================================================
2026-09-06 04:58:03.827763 Output:  /home/runner/work/engg-robot-testing-framework/engg-robot-testing-framework/reports/pabot_results/8/output.xml
