2026-09-10 05:03:49.819809 ==============================================================================
2026-09-10 05:03:49.840174 Suites
2026-09-10 05:03:49.840194 ==============================================================================
2026-09-10 05:03:49.840209 Suites.Cart
2026-09-10 05:03:49.841068 ==============================================================================
2026-09-10 05:03:49.841088 Suites.Cart.TC17 remove products from cart :: TC17 - Remove Products From Cart
2026-09-10 05:03:49.841088 [ ERROR ] Error in file '/home/runner/work/engg-robot-testing-framework/engg-robot-testing-framework/resources/common.resource' on line 4: Importing library 'playwright_keyword_library.PlaywrightKeywordLibrary' failed: ModuleNotFoundError: No module named 'playwright_keyword_library'
2026-09-10 05:03:49.871236 ==============================================================================
2026-09-10 05:03:49.871236 Traceback (most recent call last):
2026-09-10 05:03:49.871261   None
2026-09-10 05:03:49.921366 PYTHONPATH:
2026-09-10 05:03:49.971468   /opt/hostedtoolcache/Python/3.11.16/x64/bin
2026-09-10 05:03:50.021566   /opt/hostedtoolcache/Python/3.11.16/x64/lib/python311.zip
2026-09-10 05:03:50.071667   /opt/hostedtoolcache/Python/3.11.16/x64/lib/python3.11
2026-09-10 05:03:50.121765   /opt/hostedtoolcache/Python/3.11.16/x64/lib/python3.11/lib-dynload
2026-09-10 05:03:50.171870   /opt/hostedtoolcache/Python/3.11.16/x64/lib/python3.11/site-packages
2026-09-10 05:03:50.221971 [ ERROR ] Error in file '/home/runner/work/engg-robot-testing-framework/engg-robot-testing-framework/resources/product_keywords.resource' on line 2: Importing library 'playwright_keyword_library.PlaywrightKeywordLibrary' failed: ModuleNotFoundError: No module named 'playwright_keyword_library'
2026-09-10 05:03:50.272108 Traceback (most recent call last):
2026-09-10 05:03:50.322241   None
2026-09-10 05:03:50.372377 PYTHONPATH:
2026-09-10 05:03:50.422526   /opt/hostedtoolcache/Python/3.11.16/x64/bin
2026-09-10 05:03:50.472676   /opt/hostedtoolcache/Python/3.11.16/x64/lib/python311.zip
2026-09-10 05:03:50.522809   /opt/hostedtoolcache/Python/3.11.16/x64/lib/python3.11
2026-09-10 05:03:50.572961   /opt/hostedtoolcache/Python/3.11.16/x64/lib/python3.11/lib-dynload
2026-09-10 05:03:50.623117   /opt/hostedtoolcache/Python/3.11.16/x64/lib/python3.11/site-packages
2026-09-10 05:03:50.673289 [ ERROR ] Error in file '/home/runner/work/engg-robot-testing-framework/engg-robot-testing-framework/resources/cart_keywords.resource' on line 2: Importing library 'playwright_keyword_library.PlaywrightKeywordLibrary' failed: ModuleNotFoundError: No module named 'playwright_keyword_library'
2026-09-10 05:03:50.723452 Traceback (most recent call last):
2026-09-10 05:03:50.773612   None
2026-09-10 05:03:50.823750 PYTHONPATH:
2026-09-10 05:03:50.873905   /opt/hostedtoolcache/Python/3.11.16/x64/bin
2026-09-10 05:03:50.924042   /opt/hostedtoolcache/Python/3.11.16/x64/lib/python311.zip
2026-09-10 05:03:50.974195   /opt/hostedtoolcache/Python/3.11.16/x64/lib/python3.11
2026-09-10 05:03:51.024330   /opt/hostedtoolcache/Python/3.11.16/x64/lib/python3.11/lib-dynload
2026-09-10 05:03:51.074484   /opt/hostedtoolcache/Python/3.11.16/x64/lib/python3.11/site-packages
2026-09-10 05:03:59.846646 TC17 Remove Products From Cart                                        | FAIL |
2026-09-10 05:03:59.882395 Setup failed:
2026-09-10 05:03:59.882413 No keyword with name 'Open Browser' found.
2026-09-10 05:03:59.882429 
2026-09-10 05:03:59.882443 Also teardown failed:
2026-09-10 05:03:59.882456 Several failures occurred:
2026-09-10 05:03:59.882469 
2026-09-10 05:03:59.882482 1) No keyword with name 'Register Keyword To Run On Failure' found.
2026-09-10 05:03:59.882496 
2026-09-10 05:03:59.882508 2) No keyword with name 'Close Browser' found. Did you mean:
2026-09-10 05:03:59.882520     common.Close Test Browser
2026-09-10 05:03:59.882531 ------------------------------------------------------------------------------
2026-09-10 05:03:59.882542 Suites.Cart.TC17 remove products from cart :: TC17 - Remove Produc... | FAIL |
2026-09-10 05:03:59.883105 1 test, 0 passed, 1 failed
2026-09-10 05:03:59.883123 ==============================================================================
2026-09-10 05:03:59.883137 Suites.Cart                                                           | FAIL |
2026-09-10 05:03:59.883530 1 test, 0 passed, 1 failed
2026-09-10 05:03:59.883553 ==============================================================================
2026-09-10 05:03:59.883629 Suites                                                                | FAIL |
2026-09-10 05:03:59.883942 1 test, 0 passed, 1 failed
2026-09-10 05:03:59.883958 ==============================================================================
2026-09-10 05:03:59.883971 Output:  /home/runner/work/engg-robot-testing-framework/engg-robot-testing-framework/reports/pabot_results/7/output.xml
