2026-09-07 05:03:19.455011 ==============================================================================
2026-09-07 05:03:19.479540 Suites
2026-09-07 05:03:19.479567 ==============================================================================
2026-09-07 05:03:19.479585 Suites.Auth
2026-09-07 05:03:19.480438 ==============================================================================
2026-09-07 05:03:19.480459 Suites.Auth.TC01 register user
2026-09-07 05:03:19.480459 [ ERROR ] Error in file '/home/runner/work/engg-robot-testing-framework/engg-robot-testing-framework/tests/auth/TC01_register_user.robot' on line 2: Importing library 'playwright_keyword_library.PlaywrightKeywordLibrary' failed: ModuleNotFoundError: No module named 'playwright_keyword_library'
2026-09-07 05:03:19.501559 ==============================================================================
2026-09-07 05:03:19.501559 Traceback (most recent call last):
2026-09-07 05:03:19.501585   None
2026-09-07 05:03:19.551731 PYTHONPATH:
2026-09-07 05:03:19.601871   /opt/hostedtoolcache/Python/3.11.16/x64/bin
2026-09-07 05:03:19.651985   /opt/hostedtoolcache/Python/3.11.16/x64/lib/python311.zip
2026-09-07 05:03:19.702086   /opt/hostedtoolcache/Python/3.11.16/x64/lib/python3.11
2026-09-07 05:03:19.752189   /opt/hostedtoolcache/Python/3.11.16/x64/lib/python3.11/lib-dynload
2026-09-07 05:03:19.802297   /opt/hostedtoolcache/Python/3.11.16/x64/lib/python3.11/site-packages
2026-09-07 05:03:19.852460 [ ERROR ] Error in file '/home/runner/work/engg-robot-testing-framework/engg-robot-testing-framework/resources/auth_keywords.resource' on line 2: Importing library 'playwright_keyword_library.PlaywrightKeywordLibrary' failed: ModuleNotFoundError: No module named 'playwright_keyword_library'
2026-09-07 05:03:19.902567 Traceback (most recent call last):
2026-09-07 05:03:19.952717   None
2026-09-07 05:03:20.002869 PYTHONPATH:
2026-09-07 05:03:20.053015   /opt/hostedtoolcache/Python/3.11.16/x64/bin
2026-09-07 05:03:20.103182   /opt/hostedtoolcache/Python/3.11.16/x64/lib/python311.zip
2026-09-07 05:03:20.153352   /opt/hostedtoolcache/Python/3.11.16/x64/lib/python3.11
2026-09-07 05:03:20.203547   /opt/hostedtoolcache/Python/3.11.16/x64/lib/python3.11/lib-dynload
2026-09-07 05:03:20.253704   /opt/hostedtoolcache/Python/3.11.16/x64/lib/python3.11/site-packages
2026-09-07 05:03:20.303853 [ ERROR ] Error in file '/home/runner/work/engg-robot-testing-framework/engg-robot-testing-framework/resources/common.resource' on line 4: Importing library 'playwright_keyword_library.PlaywrightKeywordLibrary' failed: ModuleNotFoundError: No module named 'playwright_keyword_library'
2026-09-07 05:03:20.354006 Traceback (most recent call last):
2026-09-07 05:03:20.404192   None
2026-09-07 05:03:20.454348 PYTHONPATH:
2026-09-07 05:03:20.504500   /opt/hostedtoolcache/Python/3.11.16/x64/bin
2026-09-07 05:03:20.554656   /opt/hostedtoolcache/Python/3.11.16/x64/lib/python311.zip
2026-09-07 05:03:20.604811   /opt/hostedtoolcache/Python/3.11.16/x64/lib/python3.11
2026-09-07 05:03:20.654976   /opt/hostedtoolcache/Python/3.11.16/x64/lib/python3.11/lib-dynload
2026-09-07 05:03:20.705128   /opt/hostedtoolcache/Python/3.11.16/x64/lib/python3.11/site-packages
2026-09-07 05:03:29.477703 TC01 Register User                                                    | FAIL |
2026-09-07 05:03:29.511252 Setup failed:
2026-09-07 05:03:29.511272 No keyword with name 'Open Browser' found.
2026-09-07 05:03:29.511287 
2026-09-07 05:03:29.511301 Also teardown failed:
2026-09-07 05:03:29.511314 Several failures occurred:
2026-09-07 05:03:29.511325 
2026-09-07 05:03:29.511337 1) No keyword with name 'Register Keyword To Run On Failure' found.
2026-09-07 05:03:29.511351 
2026-09-07 05:03:29.511362 2) No keyword with name 'Close Browser' found. Did you mean:
2026-09-07 05:03:29.511374     common.Close Test Browser
2026-09-07 05:03:29.511386 ------------------------------------------------------------------------------
2026-09-07 05:03:29.511398 Suites.Auth.TC01 register user                                        | FAIL |
2026-09-07 05:03:29.511867 1 test, 0 passed, 1 failed
2026-09-07 05:03:29.511941 ==============================================================================
2026-09-07 05:03:29.511958 Suites.Auth                                                           | FAIL |
2026-09-07 05:03:29.512344 1 test, 0 passed, 1 failed
2026-09-07 05:03:29.512362 ==============================================================================
2026-09-07 05:03:29.512375 Suites                                                                | FAIL |
2026-09-07 05:03:29.512680 1 test, 0 passed, 1 failed
2026-09-07 05:03:29.512740 ==============================================================================
2026-09-07 05:03:29.512755 Output:  /home/runner/work/engg-robot-testing-framework/engg-robot-testing-framework/reports/pabot_results/0/output.xml
