2026-09-11 05:00:44.504879 ==============================================================================
2026-09-11 05:00:44.537887 Suites
2026-09-11 05:00:44.537900 ==============================================================================
2026-09-11 05:00:44.537909 Suites.Cart
2026-09-11 05:00:44.537918 ==============================================================================
2026-09-11 05:00:44.537926 Suites.Cart.TC20 search and verify cart after login :: TC20 - Search Produc...
2026-09-11 05:00:44.537926 [ ERROR ] Error in file '/home/runner/work/engg-robot-testing-framework/engg-robot-testing-framework/tests/cart/TC20_search_and_verify_cart_after_login.robot' on line 3: Importing library 'playwright_keyword_library.PlaywrightKeywordLibrary' failed: ModuleNotFoundError: No module named 'playwright_keyword_library'
2026-09-11 05:00:44.563501 ==============================================================================
2026-09-11 05:00:44.563501 Traceback (most recent call last):
2026-09-11 05:00:44.563520   None
2026-09-11 05:00:44.613644 PYTHONPATH:
2026-09-11 05:00:44.663827   /opt/hostedtoolcache/Python/3.11.16/x64/bin
2026-09-11 05:00:44.713972   /opt/hostedtoolcache/Python/3.11.16/x64/lib/python311.zip
2026-09-11 05:00:44.764125   /opt/hostedtoolcache/Python/3.11.16/x64/lib/python3.11
2026-09-11 05:00:44.814305   /opt/hostedtoolcache/Python/3.11.16/x64/lib/python3.11/lib-dynload
2026-09-11 05:00:44.864431   /opt/hostedtoolcache/Python/3.11.16/x64/lib/python3.11/site-packages
2026-09-11 05:00:44.914576 [ ERROR ] Error in file '/home/runner/work/engg-robot-testing-framework/engg-robot-testing-framework/resources/common.resource' on line 4: Importing library 'playwright_keyword_library.PlaywrightKeywordLibrary' failed: ModuleNotFoundError: No module named 'playwright_keyword_library'
2026-09-11 05:00:44.964753 Traceback (most recent call last):
2026-09-11 05:00:45.014906   None
2026-09-11 05:00:45.065028 PYTHONPATH:
2026-09-11 05:00:45.115200   /opt/hostedtoolcache/Python/3.11.16/x64/bin
2026-09-11 05:00:45.165352   /opt/hostedtoolcache/Python/3.11.16/x64/lib/python311.zip
2026-09-11 05:00:45.215550   /opt/hostedtoolcache/Python/3.11.16/x64/lib/python3.11
2026-09-11 05:00:45.265720   /opt/hostedtoolcache/Python/3.11.16/x64/lib/python3.11/lib-dynload
2026-09-11 05:00:45.315906   /opt/hostedtoolcache/Python/3.11.16/x64/lib/python3.11/site-packages
2026-09-11 05:00:45.366045 [ ERROR ] Error in file '/home/runner/work/engg-robot-testing-framework/engg-robot-testing-framework/resources/product_keywords.resource' on line 2: Importing library 'playwright_keyword_library.PlaywrightKeywordLibrary' failed: ModuleNotFoundError: No module named 'playwright_keyword_library'
2026-09-11 05:00:45.416198 Traceback (most recent call last):
2026-09-11 05:00:45.466370   None
2026-09-11 05:00:45.516565 PYTHONPATH:
2026-09-11 05:00:45.566773   /opt/hostedtoolcache/Python/3.11.16/x64/bin
2026-09-11 05:00:45.616958   /opt/hostedtoolcache/Python/3.11.16/x64/lib/python311.zip
2026-09-11 05:00:45.667099   /opt/hostedtoolcache/Python/3.11.16/x64/lib/python3.11
2026-09-11 05:00:45.717272   /opt/hostedtoolcache/Python/3.11.16/x64/lib/python3.11/lib-dynload
2026-09-11 05:00:45.767419   /opt/hostedtoolcache/Python/3.11.16/x64/lib/python3.11/site-packages
2026-09-11 05:00:45.817578 [ ERROR ] Error in file '/home/runner/work/engg-robot-testing-framework/engg-robot-testing-framework/resources/cart_keywords.resource' on line 2: Importing library 'playwright_keyword_library.PlaywrightKeywordLibrary' failed: ModuleNotFoundError: No module named 'playwright_keyword_library'
2026-09-11 05:00:45.867723 Traceback (most recent call last):
2026-09-11 05:00:45.917871   None
2026-09-11 05:00:45.968030 PYTHONPATH:
2026-09-11 05:00:46.018193   /opt/hostedtoolcache/Python/3.11.16/x64/bin
2026-09-11 05:00:46.068321   /opt/hostedtoolcache/Python/3.11.16/x64/lib/python311.zip
2026-09-11 05:00:46.118473   /opt/hostedtoolcache/Python/3.11.16/x64/lib/python3.11
2026-09-11 05:00:46.168607   /opt/hostedtoolcache/Python/3.11.16/x64/lib/python3.11/lib-dynload
2026-09-11 05:00:46.218794   /opt/hostedtoolcache/Python/3.11.16/x64/lib/python3.11/site-packages
2026-09-11 05:00:46.268913 [ ERROR ] Error in file '/home/runner/work/engg-robot-testing-framework/engg-robot-testing-framework/resources/auth_keywords.resource' on line 2: Importing library 'playwright_keyword_library.PlaywrightKeywordLibrary' failed: ModuleNotFoundError: No module named 'playwright_keyword_library'
2026-09-11 05:00:46.319062 Traceback (most recent call last):
2026-09-11 05:00:46.369186   None
2026-09-11 05:00:46.419337 PYTHONPATH:
2026-09-11 05:00:46.469453   /opt/hostedtoolcache/Python/3.11.16/x64/bin
2026-09-11 05:00:46.519599   /opt/hostedtoolcache/Python/3.11.16/x64/lib/python311.zip
2026-09-11 05:00:46.569740   /opt/hostedtoolcache/Python/3.11.16/x64/lib/python3.11
2026-09-11 05:00:46.619902   /opt/hostedtoolcache/Python/3.11.16/x64/lib/python3.11/lib-dynload
2026-09-11 05:00:46.670028   /opt/hostedtoolcache/Python/3.11.16/x64/lib/python3.11/site-packages
2026-09-11 05:00:54.538999 TC20 Search Products And Verify Cart After Login                      | FAIL |
2026-09-11 05:00:54.572730 Setup failed:
2026-09-11 05:00:54.572742 No keyword with name 'Open Browser' found.
2026-09-11 05:00:54.572749 
2026-09-11 05:00:54.572755 Also teardown failed:
2026-09-11 05:00:54.572761 Several failures occurred:
2026-09-11 05:00:54.572766 
2026-09-11 05:00:54.572771 1) No keyword with name 'Register Keyword To Run On Failure' found.
2026-09-11 05:00:54.572777 
2026-09-11 05:00:54.572782 2) No keyword with name 'Close Browser' found. Did you mean:
2026-09-11 05:00:54.572787     common.Close Test Browser
2026-09-11 05:00:54.572792 ------------------------------------------------------------------------------
2026-09-11 05:00:54.572797 Suites.Cart.TC20 search and verify cart after login :: TC20 - Sear... | FAIL |
2026-09-11 05:00:54.573155 1 test, 0 passed, 1 failed
2026-09-11 05:00:54.573191 ==============================================================================
2026-09-11 05:00:54.573197 Suites.Cart                                                           | FAIL |
2026-09-11 05:00:54.573395 1 test, 0 passed, 1 failed
2026-09-11 05:00:54.573430 ==============================================================================
2026-09-11 05:00:54.573435 Suites                                                                | FAIL |
2026-09-11 05:00:54.573594 1 test, 0 passed, 1 failed
2026-09-11 05:00:54.573629 ==============================================================================
2026-09-11 05:00:54.573634 Output:  /home/runner/work/engg-robot-testing-framework/engg-robot-testing-framework/reports/pabot_results/8/output.xml
