2026-08-04 03:49:04.506389 ==============================================================================
2026-08-04 03:49:04.518183 Suites
2026-08-04 03:49:04.518193 ==============================================================================
2026-08-04 03:49:04.518199 Suites.Cart
2026-08-04 03:49:04.518750 ==============================================================================
2026-08-04 03:49:04.518762 Suites.Cart.TC12 add products to cart :: TC12 - Add Products In Cart
2026-08-04 03:49:04.518762 [ ERROR ] Error in file '/home/runner/work/engg-robot-testing-framework/engg-robot-testing-framework/resources/common.resource' on line 4: Importing library 'playwright_keyword_library.PlaywrightKeywordLibrary' failed: ModuleNotFoundError: No module named 'playwright_keyword_library'
2026-08-04 03:49:04.536795 ==============================================================================
2026-08-04 03:49:04.536795 Traceback (most recent call last):
2026-08-04 03:49:04.536807   None
2026-08-04 03:49:04.586889 PYTHONPATH:
2026-08-04 03:49:04.636970   /opt/hostedtoolcache/Python/3.11.15/x64/bin
2026-08-04 03:49:04.687055   /opt/hostedtoolcache/Python/3.11.15/x64/lib/python311.zip
2026-08-04 03:49:04.737141   /opt/hostedtoolcache/Python/3.11.15/x64/lib/python3.11
2026-08-04 03:49:04.787228   /opt/hostedtoolcache/Python/3.11.15/x64/lib/python3.11/lib-dynload
2026-08-04 03:49:04.837312   /opt/hostedtoolcache/Python/3.11.15/x64/lib/python3.11/site-packages
2026-08-04 03:49:04.887399 [ ERROR ] Error in file '/home/runner/work/engg-robot-testing-framework/engg-robot-testing-framework/resources/product_keywords.resource' on line 2: Importing library 'playwright_keyword_library.PlaywrightKeywordLibrary' failed: ModuleNotFoundError: No module named 'playwright_keyword_library'
2026-08-04 03:49:04.937482 Traceback (most recent call last):
2026-08-04 03:49:04.987571   None
2026-08-04 03:49:05.037654 PYTHONPATH:
2026-08-04 03:49:05.087743   /opt/hostedtoolcache/Python/3.11.15/x64/bin
2026-08-04 03:49:05.137831   /opt/hostedtoolcache/Python/3.11.15/x64/lib/python311.zip
2026-08-04 03:49:05.187919   /opt/hostedtoolcache/Python/3.11.15/x64/lib/python3.11
2026-08-04 03:49:05.238026   /opt/hostedtoolcache/Python/3.11.15/x64/lib/python3.11/lib-dynload
2026-08-04 03:49:05.288113   /opt/hostedtoolcache/Python/3.11.15/x64/lib/python3.11/site-packages
2026-08-04 03:49:05.338193 [ ERROR ] Error in file '/home/runner/work/engg-robot-testing-framework/engg-robot-testing-framework/resources/cart_keywords.resource' on line 2: Importing library 'playwright_keyword_library.PlaywrightKeywordLibrary' failed: ModuleNotFoundError: No module named 'playwright_keyword_library'
2026-08-04 03:49:05.388281 Traceback (most recent call last):
2026-08-04 03:49:05.438368   None
2026-08-04 03:49:05.488452 PYTHONPATH:
2026-08-04 03:49:05.538535   /opt/hostedtoolcache/Python/3.11.15/x64/bin
2026-08-04 03:49:05.588633   /opt/hostedtoolcache/Python/3.11.15/x64/lib/python311.zip
2026-08-04 03:49:05.638717   /opt/hostedtoolcache/Python/3.11.15/x64/lib/python3.11
2026-08-04 03:49:05.688800   /opt/hostedtoolcache/Python/3.11.15/x64/lib/python3.11/lib-dynload
2026-08-04 03:49:05.738890   /opt/hostedtoolcache/Python/3.11.15/x64/lib/python3.11/site-packages
2026-08-04 03:49:14.503841 TC12 Add Products In Cart                                             | FAIL |
2026-08-04 03:49:14.545237 Setup failed:
2026-08-04 03:49:14.545241 No keyword with name 'Open Browser' found.
2026-08-04 03:49:14.545245 
2026-08-04 03:49:14.545248 Also teardown failed:
2026-08-04 03:49:14.545252 Several failures occurred:
2026-08-04 03:49:14.545255 
2026-08-04 03:49:14.545259 1) No keyword with name 'Register Keyword To Run On Failure' found.
2026-08-04 03:49:14.545262 
2026-08-04 03:49:14.545265 2) No keyword with name 'Close Browser' found. Did you mean:
2026-08-04 03:49:14.545268     common.Close Test Browser
2026-08-04 03:49:14.545272 ------------------------------------------------------------------------------
2026-08-04 03:49:14.545275 Suites.Cart.TC12 add products to cart :: TC12 - Add Products In Cart  | FAIL |
2026-08-04 03:49:14.546064 1 test, 0 passed, 1 failed
2026-08-04 03:49:14.546101 ==============================================================================
2026-08-04 03:49:14.546105 Suites.Cart                                                           | FAIL |
2026-08-04 03:49:14.546568 1 test, 0 passed, 1 failed
2026-08-04 03:49:14.546604 ==============================================================================
2026-08-04 03:49:14.546608 Suites                                                                | FAIL |
2026-08-04 03:49:14.546936 1 test, 0 passed, 1 failed
2026-08-04 03:49:14.546961 ==============================================================================
2026-08-04 03:49:14.546965 Output:  /home/runner/work/engg-robot-testing-framework/engg-robot-testing-framework/reports/pabot_results/5/output.xml
