2026-10-09 06:29:57.819452 ==============================================================================
2026-10-09 06:29:57.851409 Suites
2026-10-09 06:29:57.851430 ==============================================================================
2026-10-09 06:29:57.851444 Suites.Auth
2026-10-09 06:29:57.852250 ==============================================================================
2026-10-09 06:29:57.852268 Suites.Auth.TC04 logout user
2026-10-09 06:29:57.852268 [ ERROR ] Error in file '/home/runner/work/engg-robot-testing-framework/engg-robot-testing-framework/tests/auth/TC04_logout_user.robot' on line 2: Importing library 'playwright_keyword_library.PlaywrightKeywordLibrary' failed: ModuleNotFoundError: No module named 'playwright_keyword_library'
2026-10-09 06:29:57.871148 ==============================================================================
2026-10-09 06:29:57.871148 Traceback (most recent call last):
2026-10-09 06:29:57.871173   None
2026-10-09 06:29:57.921290 PYTHONPATH:
2026-10-09 06:29:57.971402   /opt/hostedtoolcache/Python/3.11.17/x64/bin
2026-10-09 06:29:58.021520   /opt/hostedtoolcache/Python/3.11.17/x64/lib/python311.zip
2026-10-09 06:29:58.071632   /opt/hostedtoolcache/Python/3.11.17/x64/lib/python3.11
2026-10-09 06:29:58.121743   /opt/hostedtoolcache/Python/3.11.17/x64/lib/python3.11/lib-dynload
2026-10-09 06:29:58.171891   /opt/hostedtoolcache/Python/3.11.17/x64/lib/python3.11/site-packages
2026-10-09 06:29:58.222066 [ ERROR ] Error in file '/home/runner/work/engg-robot-testing-framework/engg-robot-testing-framework/resources/auth_keywords.resource' on line 2: Importing library 'playwright_keyword_library.PlaywrightKeywordLibrary' failed: ModuleNotFoundError: No module named 'playwright_keyword_library'
2026-10-09 06:29:58.272215 Traceback (most recent call last):
2026-10-09 06:29:58.322364   None
2026-10-09 06:29:58.372511 PYTHONPATH:
2026-10-09 06:29:58.422650   /opt/hostedtoolcache/Python/3.11.17/x64/bin
2026-10-09 06:29:58.472799   /opt/hostedtoolcache/Python/3.11.17/x64/lib/python311.zip
2026-10-09 06:29:58.522954   /opt/hostedtoolcache/Python/3.11.17/x64/lib/python3.11
2026-10-09 06:29:58.573105   /opt/hostedtoolcache/Python/3.11.17/x64/lib/python3.11/lib-dynload
2026-10-09 06:29:58.623261   /opt/hostedtoolcache/Python/3.11.17/x64/lib/python3.11/site-packages
2026-10-09 06:29:58.673415 [ ERROR ] Error in file '/home/runner/work/engg-robot-testing-framework/engg-robot-testing-framework/resources/common.resource' on line 4: Importing library 'playwright_keyword_library.PlaywrightKeywordLibrary' failed: ModuleNotFoundError: No module named 'playwright_keyword_library'
2026-10-09 06:29:58.723567 Traceback (most recent call last):
2026-10-09 06:29:58.773670   None
2026-10-09 06:29:58.823810 PYTHONPATH:
2026-10-09 06:29:58.873940   /opt/hostedtoolcache/Python/3.11.17/x64/bin
2026-10-09 06:29:58.924088   /opt/hostedtoolcache/Python/3.11.17/x64/lib/python311.zip
2026-10-09 06:29:58.974235   /opt/hostedtoolcache/Python/3.11.17/x64/lib/python3.11
2026-10-09 06:29:59.024386   /opt/hostedtoolcache/Python/3.11.17/x64/lib/python3.11/lib-dynload
2026-10-09 06:29:59.074524   /opt/hostedtoolcache/Python/3.11.17/x64/lib/python3.11/site-packages
2026-10-09 06:30:07.846202 TC04 Logout User                                                      | FAIL |
2026-10-09 06:30:07.880930 Setup failed:
2026-10-09 06:30:07.880946 No keyword with name 'Open Browser' found.
2026-10-09 06:30:07.880958 
2026-10-09 06:30:07.880970 Also teardown failed:
2026-10-09 06:30:07.880980 Several failures occurred:
2026-10-09 06:30:07.881012 
2026-10-09 06:30:07.881027 1) No keyword with name 'Register Keyword To Run On Failure' found.
2026-10-09 06:30:07.881038 
2026-10-09 06:30:07.881048 2) No keyword with name 'Close Browser' found. Did you mean:
2026-10-09 06:30:07.881058     common.Close Test Browser
2026-10-09 06:30:07.881068 ------------------------------------------------------------------------------
2026-10-09 06:30:07.881078 Suites.Auth.TC04 logout user                                          | FAIL |
2026-10-09 06:30:07.881573 1 test, 0 passed, 1 failed
2026-10-09 06:30:07.881615 ==============================================================================
2026-10-09 06:30:07.881626 Suites.Auth                                                           | FAIL |
2026-10-09 06:30:07.882010 1 test, 0 passed, 1 failed
2026-10-09 06:30:07.882071 ==============================================================================
2026-10-09 06:30:07.882083 Suites                                                                | FAIL |
2026-10-09 06:30:07.882412 1 test, 0 passed, 1 failed
2026-10-09 06:30:07.882480 ==============================================================================
2026-10-09 06:30:07.882492 Output:  /home/runner/work/engg-robot-testing-framework/engg-robot-testing-framework/reports/pabot_results/3/output.xml
