2026-09-21 05:17:05.874532 ==============================================================================
2026-09-21 05:17:05.891781 Suites
2026-09-21 05:17:05.891804 ==============================================================================
2026-09-21 05:17:05.891820 Suites.Auth
2026-09-21 05:17:05.892672 ==============================================================================
2026-09-21 05:17:05.892697 Suites.Auth.TC01 register user
2026-09-21 05:17:05.892697 [ ERROR ] Error in file '/home/runner/work/engg-robot-testing-framework/engg-robot-testing-framework/tests/auth/TC01_register_user.robot' on line 2: Importing library 'playwright_keyword_library.PlaywrightKeywordLibrary' failed: ModuleNotFoundError: No module named 'playwright_keyword_library'
2026-09-21 05:17:05.911791 ==============================================================================
2026-09-21 05:17:05.911791 Traceback (most recent call last):
2026-09-21 05:17:05.911820   None
2026-09-21 05:17:05.961950 PYTHONPATH:
2026-09-21 05:17:06.012065   /opt/hostedtoolcache/Python/3.11.16/x64/bin
2026-09-21 05:17:06.062206   /opt/hostedtoolcache/Python/3.11.16/x64/lib/python311.zip
2026-09-21 05:17:06.112321   /opt/hostedtoolcache/Python/3.11.16/x64/lib/python3.11
2026-09-21 05:17:06.162464   /opt/hostedtoolcache/Python/3.11.16/x64/lib/python3.11/lib-dynload
2026-09-21 05:17:06.212618   /opt/hostedtoolcache/Python/3.11.16/x64/lib/python3.11/site-packages
2026-09-21 05:17:06.262782 [ ERROR ] Error in file '/home/runner/work/engg-robot-testing-framework/engg-robot-testing-framework/resources/auth_keywords.resource' on line 2: Importing library 'playwright_keyword_library.PlaywrightKeywordLibrary' failed: ModuleNotFoundError: No module named 'playwright_keyword_library'
2026-09-21 05:17:06.312949 Traceback (most recent call last):
2026-09-21 05:17:06.363116   None
2026-09-21 05:17:06.413265 PYTHONPATH:
2026-09-21 05:17:06.463423   /opt/hostedtoolcache/Python/3.11.16/x64/bin
2026-09-21 05:17:06.513590   /opt/hostedtoolcache/Python/3.11.16/x64/lib/python311.zip
2026-09-21 05:17:06.563757   /opt/hostedtoolcache/Python/3.11.16/x64/lib/python3.11
2026-09-21 05:17:06.613923   /opt/hostedtoolcache/Python/3.11.16/x64/lib/python3.11/lib-dynload
2026-09-21 05:17:06.664060   /opt/hostedtoolcache/Python/3.11.16/x64/lib/python3.11/site-packages
2026-09-21 05:17:06.714217 [ ERROR ] Error in file '/home/runner/work/engg-robot-testing-framework/engg-robot-testing-framework/resources/common.resource' on line 4: Importing library 'playwright_keyword_library.PlaywrightKeywordLibrary' failed: ModuleNotFoundError: No module named 'playwright_keyword_library'
2026-09-21 05:17:06.764390 Traceback (most recent call last):
2026-09-21 05:17:06.814574   None
2026-09-21 05:17:06.864761 PYTHONPATH:
2026-09-21 05:17:06.914929   /opt/hostedtoolcache/Python/3.11.16/x64/bin
2026-09-21 05:17:06.965129   /opt/hostedtoolcache/Python/3.11.16/x64/lib/python311.zip
2026-09-21 05:17:07.015417   /opt/hostedtoolcache/Python/3.11.16/x64/lib/python3.11
2026-09-21 05:17:07.065637   /opt/hostedtoolcache/Python/3.11.16/x64/lib/python3.11/lib-dynload
2026-09-21 05:17:07.115942   /opt/hostedtoolcache/Python/3.11.16/x64/lib/python3.11/site-packages
2026-09-21 05:17:15.892147 TC01 Register User                                                    | FAIL |
2026-09-21 05:17:15.922078 Setup failed:
2026-09-21 05:17:15.922096 No keyword with name 'Open Browser' found.
2026-09-21 05:17:15.922111 
2026-09-21 05:17:15.922124 Also teardown failed:
2026-09-21 05:17:15.922163 Several failures occurred:
2026-09-21 05:17:15.922177 
2026-09-21 05:17:15.922190 1) No keyword with name 'Register Keyword To Run On Failure' found.
2026-09-21 05:17:15.922203 
2026-09-21 05:17:15.922215 2) No keyword with name 'Close Browser' found. Did you mean:
2026-09-21 05:17:15.922227     common.Close Test Browser
2026-09-21 05:17:15.922240 ------------------------------------------------------------------------------
2026-09-21 05:17:15.922252 Suites.Auth.TC01 register user                                        | FAIL |
2026-09-21 05:17:15.922736 1 test, 0 passed, 1 failed
2026-09-21 05:17:15.922762 ==============================================================================
2026-09-21 05:17:15.922782 Suites.Auth                                                           | FAIL |
2026-09-21 05:17:15.923164 1 test, 0 passed, 1 failed
2026-09-21 05:17:15.923247 ==============================================================================
2026-09-21 05:17:15.923263 Suites                                                                | FAIL |
2026-09-21 05:17:15.923576 1 test, 0 passed, 1 failed
2026-09-21 05:17:15.924579 ==============================================================================
2026-09-21 05:17:15.924592 Output:  /home/runner/work/engg-robot-testing-framework/engg-robot-testing-framework/reports/pabot_results/0/output.xml
