2026-10-03 05:35:46.322539 ==============================================================================
2026-10-03 05:35:46.343256 Suites
2026-10-03 05:35:46.343280 ==============================================================================
2026-10-03 05:35:46.343296 Suites.Auth
2026-10-03 05:35:46.344242 ==============================================================================
2026-10-03 05:35:46.344262 Suites.Auth.TC05 register existing email
2026-10-03 05:35:46.344262 [ ERROR ] Error in file '/home/runner/work/engg-robot-testing-framework/engg-robot-testing-framework/tests/auth/TC05_register_existing_email.robot' on line 2: Importing library 'playwright_keyword_library.PlaywrightKeywordLibrary' failed: ModuleNotFoundError: No module named 'playwright_keyword_library'
2026-10-03 05:35:46.364082 ==============================================================================
2026-10-03 05:35:46.364082 Traceback (most recent call last):
2026-10-03 05:35:46.364112   None
2026-10-03 05:35:46.414268 PYTHONPATH:
2026-10-03 05:35:46.464429   /opt/hostedtoolcache/Python/3.11.16/x64/bin
2026-10-03 05:35:46.514576   /opt/hostedtoolcache/Python/3.11.16/x64/lib/python311.zip
2026-10-03 05:35:46.564740   /opt/hostedtoolcache/Python/3.11.16/x64/lib/python3.11
2026-10-03 05:35:46.614872   /opt/hostedtoolcache/Python/3.11.16/x64/lib/python3.11/lib-dynload
2026-10-03 05:35:46.665070   /opt/hostedtoolcache/Python/3.11.16/x64/lib/python3.11/site-packages
2026-10-03 05:35:46.715204 [ ERROR ] Error in file '/home/runner/work/engg-robot-testing-framework/engg-robot-testing-framework/resources/auth_keywords.resource' on line 2: Importing library 'playwright_keyword_library.PlaywrightKeywordLibrary' failed: ModuleNotFoundError: No module named 'playwright_keyword_library'
2026-10-03 05:35:46.765363 Traceback (most recent call last):
2026-10-03 05:35:46.815501   None
2026-10-03 05:35:46.865661 PYTHONPATH:
2026-10-03 05:35:46.915818   /opt/hostedtoolcache/Python/3.11.16/x64/bin
2026-10-03 05:35:46.966029   /opt/hostedtoolcache/Python/3.11.16/x64/lib/python311.zip
2026-10-03 05:35:47.016231   /opt/hostedtoolcache/Python/3.11.16/x64/lib/python3.11
2026-10-03 05:35:47.066447   /opt/hostedtoolcache/Python/3.11.16/x64/lib/python3.11/lib-dynload
2026-10-03 05:35:47.116627   /opt/hostedtoolcache/Python/3.11.16/x64/lib/python3.11/site-packages
2026-10-03 05:35:47.166834 [ ERROR ] Error in file '/home/runner/work/engg-robot-testing-framework/engg-robot-testing-framework/resources/common.resource' on line 4: Importing library 'playwright_keyword_library.PlaywrightKeywordLibrary' failed: ModuleNotFoundError: No module named 'playwright_keyword_library'
2026-10-03 05:35:47.217006 Traceback (most recent call last):
2026-10-03 05:35:47.267173   None
2026-10-03 05:35:47.317311 PYTHONPATH:
2026-10-03 05:35:47.367512   /opt/hostedtoolcache/Python/3.11.16/x64/bin
2026-10-03 05:35:47.417674   /opt/hostedtoolcache/Python/3.11.16/x64/lib/python311.zip
2026-10-03 05:35:47.467881   /opt/hostedtoolcache/Python/3.11.16/x64/lib/python3.11
2026-10-03 05:35:47.518018   /opt/hostedtoolcache/Python/3.11.16/x64/lib/python3.11/lib-dynload
2026-10-03 05:35:47.568210   /opt/hostedtoolcache/Python/3.11.16/x64/lib/python3.11/site-packages
2026-10-03 05:35:56.344487 TC05 Register User With Existing Email                                | FAIL |
2026-10-03 05:35:56.374477 Setup failed:
2026-10-03 05:35:56.374491 No keyword with name 'Open Browser' found.
2026-10-03 05:35:56.374499 
2026-10-03 05:35:56.374506 Also teardown failed:
2026-10-03 05:35:56.374513 Several failures occurred:
2026-10-03 05:35:56.374521 
2026-10-03 05:35:56.374530 1) No keyword with name 'Register Keyword To Run On Failure' found.
2026-10-03 05:35:56.374538 
2026-10-03 05:35:56.374546 2) No keyword with name 'Close Browser' found. Did you mean:
2026-10-03 05:35:56.374554     common.Close Test Browser
2026-10-03 05:35:56.374562 ------------------------------------------------------------------------------
2026-10-03 05:35:56.374570 Suites.Auth.TC05 register existing email                              | FAIL |
2026-10-03 05:35:56.375127 1 test, 0 passed, 1 failed
2026-10-03 05:35:56.375201 ==============================================================================
2026-10-03 05:35:56.375213 Suites.Auth                                                           | FAIL |
2026-10-03 05:35:56.375577 1 test, 0 passed, 1 failed
2026-10-03 05:35:56.375634 ==============================================================================
2026-10-03 05:35:56.375644 Suites                                                                | FAIL |
2026-10-03 05:35:56.375953 1 test, 0 passed, 1 failed
2026-10-03 05:35:56.376001 ==============================================================================
2026-10-03 05:35:56.376009 Output:  /home/runner/work/engg-robot-testing-framework/engg-robot-testing-framework/reports/pabot_results/4/output.xml
