2026-07-12 04:06:44.111631 ==============================================================================
2026-07-12 04:06:44.130974 Suites
2026-07-12 04:06:44.130992 ==============================================================================
2026-07-12 04:06:44.131006 Suites.Auth
2026-07-12 04:06:44.131759 ==============================================================================
2026-07-12 04:06:44.131776 Suites.Auth.TC05 register existing email
2026-07-12 04:06:44.131776 [ ERROR ] Error in file '/home/runner/work/engg-robot-testing-framework/engg-robot-testing-framework/tests/auth/TC05_register_existing_email.robot' on line 2: Importing library 'playwright_keyword_library.PlaywrightKeywordLibrary' failed: ModuleNotFoundError: No module named 'playwright_keyword_library'
2026-07-12 04:06:44.148302 ==============================================================================
2026-07-12 04:06:44.148302 Traceback (most recent call last):
2026-07-12 04:06:44.148325   None
2026-07-12 04:06:44.198451 PYTHONPATH:
2026-07-12 04:06:44.248595   /opt/hostedtoolcache/Python/3.11.15/x64/bin
2026-07-12 04:06:44.298749   /opt/hostedtoolcache/Python/3.11.15/x64/lib/python311.zip
2026-07-12 04:06:44.348932   /opt/hostedtoolcache/Python/3.11.15/x64/lib/python3.11
2026-07-12 04:06:44.399099   /opt/hostedtoolcache/Python/3.11.15/x64/lib/python3.11/lib-dynload
2026-07-12 04:06:44.449280   /opt/hostedtoolcache/Python/3.11.15/x64/lib/python3.11/site-packages
2026-07-12 04:06:44.499449 [ ERROR ] Error in file '/home/runner/work/engg-robot-testing-framework/engg-robot-testing-framework/resources/auth_keywords.resource' on line 2: Importing library 'playwright_keyword_library.PlaywrightKeywordLibrary' failed: ModuleNotFoundError: No module named 'playwright_keyword_library'
2026-07-12 04:06:44.549619 Traceback (most recent call last):
2026-07-12 04:06:44.599782   None
2026-07-12 04:06:44.649949 PYTHONPATH:
2026-07-12 04:06:44.700119   /opt/hostedtoolcache/Python/3.11.15/x64/bin
2026-07-12 04:06:44.750295   /opt/hostedtoolcache/Python/3.11.15/x64/lib/python311.zip
2026-07-12 04:06:44.800458   /opt/hostedtoolcache/Python/3.11.15/x64/lib/python3.11
2026-07-12 04:06:44.850641   /opt/hostedtoolcache/Python/3.11.15/x64/lib/python3.11/lib-dynload
2026-07-12 04:06:44.900805   /opt/hostedtoolcache/Python/3.11.15/x64/lib/python3.11/site-packages
2026-07-12 04:06:44.950985 [ ERROR ] Error in file '/home/runner/work/engg-robot-testing-framework/engg-robot-testing-framework/resources/common.resource' on line 4: Importing library 'playwright_keyword_library.PlaywrightKeywordLibrary' failed: ModuleNotFoundError: No module named 'playwright_keyword_library'
2026-07-12 04:06:45.001156 Traceback (most recent call last):
2026-07-12 04:06:45.051319   None
2026-07-12 04:06:45.101520 PYTHONPATH:
2026-07-12 04:06:45.151666   /opt/hostedtoolcache/Python/3.11.15/x64/bin
2026-07-12 04:06:45.201839   /opt/hostedtoolcache/Python/3.11.15/x64/lib/python311.zip
2026-07-12 04:06:45.252017   /opt/hostedtoolcache/Python/3.11.15/x64/lib/python3.11
2026-07-12 04:06:45.302178   /opt/hostedtoolcache/Python/3.11.15/x64/lib/python3.11/lib-dynload
2026-07-12 04:06:45.352369   /opt/hostedtoolcache/Python/3.11.15/x64/lib/python3.11/site-packages
2026-07-12 04:06:54.125241 TC05 Register User With Existing Email                                | FAIL |
2026-07-12 04:06:54.157559 Setup failed:
2026-07-12 04:06:54.157573 No keyword with name 'Open Browser' found.
2026-07-12 04:06:54.157582 
2026-07-12 04:06:54.157590 Also teardown failed:
2026-07-12 04:06:54.157597 Several failures occurred:
2026-07-12 04:06:54.157604 
2026-07-12 04:06:54.157612 1) No keyword with name 'Register Keyword To Run On Failure' found.
2026-07-12 04:06:54.157619 
2026-07-12 04:06:54.157626 2) No keyword with name 'Close Browser' found. Did you mean:
2026-07-12 04:06:54.157633     common.Close Test Browser
2026-07-12 04:06:54.157639 ------------------------------------------------------------------------------
2026-07-12 04:06:54.157646 Suites.Auth.TC05 register existing email                              | FAIL |
2026-07-12 04:06:54.158145 1 test, 0 passed, 1 failed
2026-07-12 04:06:54.158162 ==============================================================================
2026-07-12 04:06:54.158206 Suites.Auth                                                           | FAIL |
2026-07-12 04:06:54.158469 1 test, 0 passed, 1 failed
2026-07-12 04:06:54.158533 ==============================================================================
2026-07-12 04:06:54.158541 Suites                                                                | FAIL |
2026-07-12 04:06:54.158793 1 test, 0 passed, 1 failed
2026-07-12 04:06:54.158827 ==============================================================================
2026-07-12 04:06:54.158834 Output:  /home/runner/work/engg-robot-testing-framework/engg-robot-testing-framework/reports/pabot_results/4/output.xml
