2026-06-25 04:45:58.593602 ==============================================================================
2026-06-25 04:45:58.604386 Suites
2026-06-25 04:45:58.604405 ==============================================================================
2026-06-25 04:45:58.604418 Suites.Cart
2026-06-25 04:45:58.605220 ==============================================================================
2026-06-25 04:45:58.605237 Suites.Cart.TC22 add from recommended items :: TC22 - Add To Cart From Reco...
2026-06-25 04:45:58.605237 [ ERROR ] Error in file '/home/runner/work/engg-robot-testing-framework/engg-robot-testing-framework/resources/common.resource' on line 4: Importing library 'playwright_keyword_library.PlaywrightKeywordLibrary' failed: ModuleNotFoundError: No module named 'playwright_keyword_library'
2026-06-25 04:45:58.626156 ==============================================================================
2026-06-25 04:45:58.626156 Traceback (most recent call last):
2026-06-25 04:45:58.626179   None
2026-06-25 04:45:58.676318 PYTHONPATH:
2026-06-25 04:45:58.726437   /opt/hostedtoolcache/Python/3.11.15/x64/bin
2026-06-25 04:45:58.776610   /opt/hostedtoolcache/Python/3.11.15/x64/lib/python311.zip
2026-06-25 04:45:58.826741   /opt/hostedtoolcache/Python/3.11.15/x64/lib/python3.11
2026-06-25 04:45:58.876908   /opt/hostedtoolcache/Python/3.11.15/x64/lib/python3.11/lib-dynload
2026-06-25 04:45:58.927026   /opt/hostedtoolcache/Python/3.11.15/x64/lib/python3.11/site-packages
2026-06-25 04:45:58.977193 [ ERROR ] Error in file '/home/runner/work/engg-robot-testing-framework/engg-robot-testing-framework/resources/cart_keywords.resource' on line 2: Importing library 'playwright_keyword_library.PlaywrightKeywordLibrary' failed: ModuleNotFoundError: No module named 'playwright_keyword_library'
2026-06-25 04:45:59.027309 Traceback (most recent call last):
2026-06-25 04:45:59.077488   None
2026-06-25 04:45:59.127604 PYTHONPATH:
2026-06-25 04:45:59.177799   /opt/hostedtoolcache/Python/3.11.15/x64/bin
2026-06-25 04:45:59.227915   /opt/hostedtoolcache/Python/3.11.15/x64/lib/python311.zip
2026-06-25 04:45:59.278086   /opt/hostedtoolcache/Python/3.11.15/x64/lib/python3.11
2026-06-25 04:45:59.328201   /opt/hostedtoolcache/Python/3.11.15/x64/lib/python3.11/lib-dynload
2026-06-25 04:45:59.378370   /opt/hostedtoolcache/Python/3.11.15/x64/lib/python3.11/site-packages
2026-06-25 04:46:08.602780 TC22 Add To Cart From Recommended Items                               | FAIL |
2026-06-25 04:46:08.635847 Setup failed:
2026-06-25 04:46:08.635859 No keyword with name 'Open Browser' found.
2026-06-25 04:46:08.635868 
2026-06-25 04:46:08.635875 Also teardown failed:
2026-06-25 04:46:08.635882 Several failures occurred:
2026-06-25 04:46:08.635889 
2026-06-25 04:46:08.635895 1) No keyword with name 'Register Keyword To Run On Failure' found.
2026-06-25 04:46:08.635902 
2026-06-25 04:46:08.635909 2) No keyword with name 'Close Browser' found. Did you mean:
2026-06-25 04:46:08.635915     common.Close Test Browser
2026-06-25 04:46:08.635922 ------------------------------------------------------------------------------
2026-06-25 04:46:08.635929 Suites.Cart.TC22 add from recommended items :: TC22 - Add To Cart ... | FAIL |
2026-06-25 04:46:08.636435 1 test, 0 passed, 1 failed
2026-06-25 04:46:08.636472 ==============================================================================
2026-06-25 04:46:08.636479 Suites.Cart                                                           | FAIL |
2026-06-25 04:46:08.636810 1 test, 0 passed, 1 failed
2026-06-25 04:46:08.636856 ==============================================================================
2026-06-25 04:46:08.636863 Suites                                                                | FAIL |
2026-06-25 04:46:08.637112 1 test, 0 passed, 1 failed
2026-06-25 04:46:08.637158 ==============================================================================
2026-06-25 04:46:08.637165 Output:  /home/runner/work/engg-robot-testing-framework/engg-robot-testing-framework/reports/pabot_results/9/output.xml
