2026-07-19 04:03:48.108166 ==============================================================================
2026-07-19 04:03:48.112580 Suites
2026-07-19 04:03:48.112603 ==============================================================================
2026-07-19 04:03:48.112624 Suites.Auth
2026-07-19 04:03:48.113639 ==============================================================================
2026-07-19 04:03:48.113656 Suites.Auth.TC05 register existing email
2026-07-19 04:03:48.113656 [ ERROR ] Error in file '/home/runner/work/engg-robot-testing-framework/engg-robot-testing-framework/tests/auth/TC05_register_existing_email.robot' on line 2: Importing library 'playwright_keyword_library.PlaywrightKeywordLibrary' failed: ModuleNotFoundError: No module named 'playwright_keyword_library'
2026-07-19 04:03:48.134054 ==============================================================================
2026-07-19 04:03:48.134054 Traceback (most recent call last):
2026-07-19 04:03:48.134085   None
2026-07-19 04:03:48.184278 PYTHONPATH:
2026-07-19 04:03:48.234426   /opt/hostedtoolcache/Python/3.11.15/x64/bin
2026-07-19 04:03:48.284602   /opt/hostedtoolcache/Python/3.11.15/x64/lib/python311.zip
2026-07-19 04:03:48.334762   /opt/hostedtoolcache/Python/3.11.15/x64/lib/python3.11
2026-07-19 04:03:48.384927   /opt/hostedtoolcache/Python/3.11.15/x64/lib/python3.11/lib-dynload
2026-07-19 04:03:48.435086   /opt/hostedtoolcache/Python/3.11.15/x64/lib/python3.11/site-packages
2026-07-19 04:03:48.485315 [ ERROR ] Error in file '/home/runner/work/engg-robot-testing-framework/engg-robot-testing-framework/resources/auth_keywords.resource' on line 2: Importing library 'playwright_keyword_library.PlaywrightKeywordLibrary' failed: ModuleNotFoundError: No module named 'playwright_keyword_library'
2026-07-19 04:03:48.535520 Traceback (most recent call last):
2026-07-19 04:03:48.585735   None
2026-07-19 04:03:48.635905 PYTHONPATH:
2026-07-19 04:03:48.686131   /opt/hostedtoolcache/Python/3.11.15/x64/bin
2026-07-19 04:03:48.736329   /opt/hostedtoolcache/Python/3.11.15/x64/lib/python311.zip
2026-07-19 04:03:48.786563   /opt/hostedtoolcache/Python/3.11.15/x64/lib/python3.11
2026-07-19 04:03:48.836732   /opt/hostedtoolcache/Python/3.11.15/x64/lib/python3.11/lib-dynload
2026-07-19 04:03:48.886958   /opt/hostedtoolcache/Python/3.11.15/x64/lib/python3.11/site-packages
2026-07-19 04:03:48.937145 [ ERROR ] Error in file '/home/runner/work/engg-robot-testing-framework/engg-robot-testing-framework/resources/common.resource' on line 4: Importing library 'playwright_keyword_library.PlaywrightKeywordLibrary' failed: ModuleNotFoundError: No module named 'playwright_keyword_library'
2026-07-19 04:03:48.987367 Traceback (most recent call last):
2026-07-19 04:03:49.037537   None
2026-07-19 04:03:49.087765 PYTHONPATH:
2026-07-19 04:03:49.137933   /opt/hostedtoolcache/Python/3.11.15/x64/bin
2026-07-19 04:03:49.188191   /opt/hostedtoolcache/Python/3.11.15/x64/lib/python311.zip
2026-07-19 04:03:49.238383   /opt/hostedtoolcache/Python/3.11.15/x64/lib/python3.11
2026-07-19 04:03:49.288598   /opt/hostedtoolcache/Python/3.11.15/x64/lib/python3.11/lib-dynload
2026-07-19 04:03:49.338729   /opt/hostedtoolcache/Python/3.11.15/x64/lib/python3.11/site-packages
2026-07-19 04:03:58.116359 TC05 Register User With Existing Email                                | FAIL |
2026-07-19 04:03:58.144725 Setup failed:
2026-07-19 04:03:58.144739 No keyword with name 'Open Browser' found.
2026-07-19 04:03:58.144753 
2026-07-19 04:03:58.144761 Also teardown failed:
2026-07-19 04:03:58.144768 Several failures occurred:
2026-07-19 04:03:58.144779 
2026-07-19 04:03:58.144787 1) No keyword with name 'Register Keyword To Run On Failure' found.
2026-07-19 04:03:58.144795 
2026-07-19 04:03:58.144803 2) No keyword with name 'Close Browser' found. Did you mean:
2026-07-19 04:03:58.144811     common.Close Test Browser
2026-07-19 04:03:58.144821 ------------------------------------------------------------------------------
2026-07-19 04:03:58.144831 Suites.Auth.TC05 register existing email                              | FAIL |
2026-07-19 04:03:58.145519 1 test, 0 passed, 1 failed
2026-07-19 04:03:58.145536 ==============================================================================
2026-07-19 04:03:58.145549 Suites.Auth                                                           | FAIL |
2026-07-19 04:03:58.146105 1 test, 0 passed, 1 failed
2026-07-19 04:03:58.146123 ==============================================================================
2026-07-19 04:03:58.146136 Suites                                                                | FAIL |
2026-07-19 04:03:58.146430 1 test, 0 passed, 1 failed
2026-07-19 04:03:58.146516 ==============================================================================
2026-07-19 04:03:58.146532 Output:  /home/runner/work/engg-robot-testing-framework/engg-robot-testing-framework/reports/pabot_results/4/output.xml
