2026-10-02 05:59:56.502107 ==============================================================================
2026-10-02 05:59:56.528569 Suites
2026-10-02 05:59:56.528583 ==============================================================================
2026-10-02 05:59:56.528596 Suites.Auth
2026-10-02 05:59:56.529156 ==============================================================================
2026-10-02 05:59:56.529168 Suites.Auth.TC04 logout user
2026-10-02 05:59:56.529168 [ ERROR ] Error in file '/home/runner/work/engg-robot-testing-framework/engg-robot-testing-framework/tests/auth/TC04_logout_user.robot' on line 2: Importing library 'playwright_keyword_library.PlaywrightKeywordLibrary' failed: ModuleNotFoundError: No module named 'playwright_keyword_library'
2026-10-02 05:59:56.542032 ==============================================================================
2026-10-02 05:59:56.542032 Traceback (most recent call last):
2026-10-02 05:59:56.542049   None
2026-10-02 05:59:56.592161 PYTHONPATH:
2026-10-02 05:59:56.642282   /opt/hostedtoolcache/Python/3.11.16/x64/bin
2026-10-02 05:59:56.692381   /opt/hostedtoolcache/Python/3.11.16/x64/lib/python311.zip
2026-10-02 05:59:56.742498   /opt/hostedtoolcache/Python/3.11.16/x64/lib/python3.11
2026-10-02 05:59:56.792596   /opt/hostedtoolcache/Python/3.11.16/x64/lib/python3.11/lib-dynload
2026-10-02 05:59:56.842722   /opt/hostedtoolcache/Python/3.11.16/x64/lib/python3.11/site-packages
2026-10-02 05:59:56.892818 [ ERROR ] Error in file '/home/runner/work/engg-robot-testing-framework/engg-robot-testing-framework/resources/auth_keywords.resource' on line 2: Importing library 'playwright_keyword_library.PlaywrightKeywordLibrary' failed: ModuleNotFoundError: No module named 'playwright_keyword_library'
2026-10-02 05:59:56.942942 Traceback (most recent call last):
2026-10-02 05:59:56.993042   None
2026-10-02 05:59:57.043181 PYTHONPATH:
2026-10-02 05:59:57.093286   /opt/hostedtoolcache/Python/3.11.16/x64/bin
2026-10-02 05:59:57.143410   /opt/hostedtoolcache/Python/3.11.16/x64/lib/python311.zip
2026-10-02 05:59:57.193508   /opt/hostedtoolcache/Python/3.11.16/x64/lib/python3.11
2026-10-02 05:59:57.243639   /opt/hostedtoolcache/Python/3.11.16/x64/lib/python3.11/lib-dynload
2026-10-02 05:59:57.293739   /opt/hostedtoolcache/Python/3.11.16/x64/lib/python3.11/site-packages
2026-10-02 05:59:57.343866 [ ERROR ] Error in file '/home/runner/work/engg-robot-testing-framework/engg-robot-testing-framework/resources/common.resource' on line 4: Importing library 'playwright_keyword_library.PlaywrightKeywordLibrary' failed: ModuleNotFoundError: No module named 'playwright_keyword_library'
2026-10-02 05:59:57.393969 Traceback (most recent call last):
2026-10-02 05:59:57.444088   None
2026-10-02 05:59:57.494212 PYTHONPATH:
2026-10-02 05:59:57.544336   /opt/hostedtoolcache/Python/3.11.16/x64/bin
2026-10-02 05:59:57.594459   /opt/hostedtoolcache/Python/3.11.16/x64/lib/python311.zip
2026-10-02 05:59:57.644577   /opt/hostedtoolcache/Python/3.11.16/x64/lib/python3.11
2026-10-02 05:59:57.694699   /opt/hostedtoolcache/Python/3.11.16/x64/lib/python3.11/lib-dynload
2026-10-02 05:59:57.744816   /opt/hostedtoolcache/Python/3.11.16/x64/lib/python3.11/site-packages
2026-10-02 06:00:06.515974 TC04 Logout User                                                      | FAIL |
2026-10-02 06:00:06.549353 Setup failed:
2026-10-02 06:00:06.549370 No keyword with name 'Open Browser' found.
2026-10-02 06:00:06.549381 
2026-10-02 06:00:06.549390 Also teardown failed:
2026-10-02 06:00:06.549400 Several failures occurred:
2026-10-02 06:00:06.549411 
2026-10-02 06:00:06.549422 1) No keyword with name 'Register Keyword To Run On Failure' found.
2026-10-02 06:00:06.549435 
2026-10-02 06:00:06.549458 2) No keyword with name 'Close Browser' found. Did you mean:
2026-10-02 06:00:06.549467     common.Close Test Browser
2026-10-02 06:00:06.549475 ------------------------------------------------------------------------------
2026-10-02 06:00:06.549483 Suites.Auth.TC04 logout user                                          | FAIL |
2026-10-02 06:00:06.549862 1 test, 0 passed, 1 failed
2026-10-02 06:00:06.549906 ==============================================================================
2026-10-02 06:00:06.549914 Suites.Auth                                                           | FAIL |
2026-10-02 06:00:06.550221 1 test, 0 passed, 1 failed
2026-10-02 06:00:06.550229 ==============================================================================
2026-10-02 06:00:06.550236 Suites                                                                | FAIL |
2026-10-02 06:00:06.550422 1 test, 0 passed, 1 failed
2026-10-02 06:00:06.550438 ==============================================================================
2026-10-02 06:00:06.550486 Output:  /home/runner/work/engg-robot-testing-framework/engg-robot-testing-framework/reports/pabot_results/3/output.xml
