2026-07-25 03:48:40.499291 ==============================================================================
2026-07-25 03:48:40.549014 Suites
2026-07-25 03:48:40.549033 ==============================================================================
2026-07-25 03:48:40.549046 Suites.Auth
2026-07-25 03:48:40.549740 ==============================================================================
2026-07-25 03:48:40.549755 Suites.Auth.TC02 login valid
2026-07-25 03:48:40.549755 [ ERROR ] Error in file '/home/runner/work/engg-robot-testing-framework/engg-robot-testing-framework/tests/auth/TC02_login_valid.robot' on line 2: Importing library 'playwright_keyword_library.PlaywrightKeywordLibrary' failed: ModuleNotFoundError: No module named 'playwright_keyword_library'
2026-07-25 03:48:40.565833 ==============================================================================
2026-07-25 03:48:40.565833 Traceback (most recent call last):
2026-07-25 03:48:40.565855   None
2026-07-25 03:48:40.615996 PYTHONPATH:
2026-07-25 03:48:40.666201   /opt/hostedtoolcache/Python/3.11.15/x64/bin
2026-07-25 03:48:40.716339   /opt/hostedtoolcache/Python/3.11.15/x64/lib/python311.zip
2026-07-25 03:48:40.766517   /opt/hostedtoolcache/Python/3.11.15/x64/lib/python3.11
2026-07-25 03:48:40.816661   /opt/hostedtoolcache/Python/3.11.15/x64/lib/python3.11/lib-dynload
2026-07-25 03:48:40.866832   /opt/hostedtoolcache/Python/3.11.15/x64/lib/python3.11/site-packages
2026-07-25 03:48:40.917005 [ ERROR ] Error in file '/home/runner/work/engg-robot-testing-framework/engg-robot-testing-framework/resources/auth_keywords.resource' on line 2: Importing library 'playwright_keyword_library.PlaywrightKeywordLibrary' failed: ModuleNotFoundError: No module named 'playwright_keyword_library'
2026-07-25 03:48:40.967251 Traceback (most recent call last):
2026-07-25 03:48:41.017468   None
2026-07-25 03:48:41.067718 PYTHONPATH:
2026-07-25 03:48:41.117915   /opt/hostedtoolcache/Python/3.11.15/x64/bin
2026-07-25 03:48:41.168454   /opt/hostedtoolcache/Python/3.11.15/x64/lib/python311.zip
2026-07-25 03:48:41.218588   /opt/hostedtoolcache/Python/3.11.15/x64/lib/python3.11
2026-07-25 03:48:41.268740   /opt/hostedtoolcache/Python/3.11.15/x64/lib/python3.11/lib-dynload
2026-07-25 03:48:41.318869   /opt/hostedtoolcache/Python/3.11.15/x64/lib/python3.11/site-packages
2026-07-25 03:48:41.369069 [ ERROR ] Error in file '/home/runner/work/engg-robot-testing-framework/engg-robot-testing-framework/resources/common.resource' on line 4: Importing library 'playwright_keyword_library.PlaywrightKeywordLibrary' failed: ModuleNotFoundError: No module named 'playwright_keyword_library'
2026-07-25 03:48:41.419224 Traceback (most recent call last):
2026-07-25 03:48:41.469415   None
2026-07-25 03:48:41.519609 PYTHONPATH:
2026-07-25 03:48:41.569849   /opt/hostedtoolcache/Python/3.11.15/x64/bin
2026-07-25 03:48:41.620031   /opt/hostedtoolcache/Python/3.11.15/x64/lib/python311.zip
2026-07-25 03:48:41.670269   /opt/hostedtoolcache/Python/3.11.15/x64/lib/python3.11
2026-07-25 03:48:41.720477   /opt/hostedtoolcache/Python/3.11.15/x64/lib/python3.11/lib-dynload
2026-07-25 03:48:41.770779   /opt/hostedtoolcache/Python/3.11.15/x64/lib/python3.11/site-packages
2026-07-25 03:48:50.543017 TC02 Login User With Correct Email And Password                       | FAIL |
2026-07-25 03:48:50.575315 Setup failed:
2026-07-25 03:48:50.575333 No keyword with name 'Open Browser' found.
2026-07-25 03:48:50.575345 
2026-07-25 03:48:50.575358 Also teardown failed:
2026-07-25 03:48:50.575370 Several failures occurred:
2026-07-25 03:48:50.575381 
2026-07-25 03:48:50.575393 1) No keyword with name 'Register Keyword To Run On Failure' found.
2026-07-25 03:48:50.575405 
2026-07-25 03:48:50.575415 2) No keyword with name 'Close Browser' found. Did you mean:
2026-07-25 03:48:50.575426     common.Close Test Browser
2026-07-25 03:48:50.575438 ------------------------------------------------------------------------------
2026-07-25 03:48:50.575450 Suites.Auth.TC02 login valid                                          | FAIL |
2026-07-25 03:48:50.576130 1 test, 0 passed, 1 failed
2026-07-25 03:48:50.576148 ==============================================================================
2026-07-25 03:48:50.576164 Suites.Auth                                                           | FAIL |
2026-07-25 03:48:50.576622 1 test, 0 passed, 1 failed
2026-07-25 03:48:50.576687 ==============================================================================
2026-07-25 03:48:50.576703 Suites                                                                | FAIL |
2026-07-25 03:48:50.577301 1 test, 0 passed, 1 failed
2026-07-25 03:48:50.577326 ==============================================================================
2026-07-25 03:48:50.577346 Output:  /home/runner/work/engg-robot-testing-framework/engg-robot-testing-framework/reports/pabot_results/1/output.xml
