2026-09-24 05:11:46.538465 ==============================================================================
2026-09-24 05:11:46.554352 Suites
2026-09-24 05:11:46.554373 ==============================================================================
2026-09-24 05:11:46.554389 Suites.Cart
2026-09-24 05:11:46.555204 ==============================================================================
2026-09-24 05:11:46.555223 Suites.Cart.TC20 search and verify cart after login :: TC20 - Search Produc...
2026-09-24 05:11:46.555223 [ ERROR ] Error in file '/home/runner/work/engg-robot-testing-framework/engg-robot-testing-framework/tests/cart/TC20_search_and_verify_cart_after_login.robot' on line 3: Importing library 'playwright_keyword_library.PlaywrightKeywordLibrary' failed: ModuleNotFoundError: No module named 'playwright_keyword_library'
2026-09-24 05:11:46.590866 ==============================================================================
2026-09-24 05:11:46.590866 Traceback (most recent call last):
2026-09-24 05:11:46.590898   None
2026-09-24 05:11:46.641005 PYTHONPATH:
2026-09-24 05:11:46.691112   /opt/hostedtoolcache/Python/3.11.16/x64/bin
2026-09-24 05:11:46.741215   /opt/hostedtoolcache/Python/3.11.16/x64/lib/python311.zip
2026-09-24 05:11:46.791328   /opt/hostedtoolcache/Python/3.11.16/x64/lib/python3.11
2026-09-24 05:11:46.841431   /opt/hostedtoolcache/Python/3.11.16/x64/lib/python3.11/lib-dynload
2026-09-24 05:11:46.891544   /opt/hostedtoolcache/Python/3.11.16/x64/lib/python3.11/site-packages
2026-09-24 05:11:46.941677 [ ERROR ] Error in file '/home/runner/work/engg-robot-testing-framework/engg-robot-testing-framework/resources/common.resource' on line 4: Importing library 'playwright_keyword_library.PlaywrightKeywordLibrary' failed: ModuleNotFoundError: No module named 'playwright_keyword_library'
2026-09-24 05:11:46.991812 Traceback (most recent call last):
2026-09-24 05:11:47.041942   None
2026-09-24 05:11:47.092056 PYTHONPATH:
2026-09-24 05:11:47.142206   /opt/hostedtoolcache/Python/3.11.16/x64/bin
2026-09-24 05:11:47.192304   /opt/hostedtoolcache/Python/3.11.16/x64/lib/python311.zip
2026-09-24 05:11:47.242459   /opt/hostedtoolcache/Python/3.11.16/x64/lib/python3.11
2026-09-24 05:11:47.292562   /opt/hostedtoolcache/Python/3.11.16/x64/lib/python3.11/lib-dynload
2026-09-24 05:11:47.342725   /opt/hostedtoolcache/Python/3.11.16/x64/lib/python3.11/site-packages
2026-09-24 05:11:47.392895 [ ERROR ] Error in file '/home/runner/work/engg-robot-testing-framework/engg-robot-testing-framework/resources/product_keywords.resource' on line 2: Importing library 'playwright_keyword_library.PlaywrightKeywordLibrary' failed: ModuleNotFoundError: No module named 'playwright_keyword_library'
2026-09-24 05:11:47.443045 Traceback (most recent call last):
2026-09-24 05:11:47.493156   None
2026-09-24 05:11:47.543264 PYTHONPATH:
2026-09-24 05:11:47.593382   /opt/hostedtoolcache/Python/3.11.16/x64/bin
2026-09-24 05:11:47.643545   /opt/hostedtoolcache/Python/3.11.16/x64/lib/python311.zip
2026-09-24 05:11:47.693707   /opt/hostedtoolcache/Python/3.11.16/x64/lib/python3.11
2026-09-24 05:11:47.743869   /opt/hostedtoolcache/Python/3.11.16/x64/lib/python3.11/lib-dynload
2026-09-24 05:11:47.793982   /opt/hostedtoolcache/Python/3.11.16/x64/lib/python3.11/site-packages
2026-09-24 05:11:47.844141 [ ERROR ] Error in file '/home/runner/work/engg-robot-testing-framework/engg-robot-testing-framework/resources/cart_keywords.resource' on line 2: Importing library 'playwright_keyword_library.PlaywrightKeywordLibrary' failed: ModuleNotFoundError: No module named 'playwright_keyword_library'
2026-09-24 05:11:47.894249 Traceback (most recent call last):
2026-09-24 05:11:47.944372   None
2026-09-24 05:11:47.994479 PYTHONPATH:
2026-09-24 05:11:48.044620   /opt/hostedtoolcache/Python/3.11.16/x64/bin
2026-09-24 05:11:48.094766   /opt/hostedtoolcache/Python/3.11.16/x64/lib/python311.zip
2026-09-24 05:11:48.144908   /opt/hostedtoolcache/Python/3.11.16/x64/lib/python3.11
2026-09-24 05:11:48.195059   /opt/hostedtoolcache/Python/3.11.16/x64/lib/python3.11/lib-dynload
2026-09-24 05:11:48.245218   /opt/hostedtoolcache/Python/3.11.16/x64/lib/python3.11/site-packages
2026-09-24 05:11:48.295376 [ ERROR ] Error in file '/home/runner/work/engg-robot-testing-framework/engg-robot-testing-framework/resources/auth_keywords.resource' on line 2: Importing library 'playwright_keyword_library.PlaywrightKeywordLibrary' failed: ModuleNotFoundError: No module named 'playwright_keyword_library'
2026-09-24 05:11:48.345539 Traceback (most recent call last):
2026-09-24 05:11:48.395688   None
2026-09-24 05:11:48.445849 PYTHONPATH:
2026-09-24 05:11:48.495988   /opt/hostedtoolcache/Python/3.11.16/x64/bin
2026-09-24 05:11:48.546148   /opt/hostedtoolcache/Python/3.11.16/x64/lib/python311.zip
2026-09-24 05:11:48.596282   /opt/hostedtoolcache/Python/3.11.16/x64/lib/python3.11
2026-09-24 05:11:48.646438   /opt/hostedtoolcache/Python/3.11.16/x64/lib/python3.11/lib-dynload
2026-09-24 05:11:48.696585   /opt/hostedtoolcache/Python/3.11.16/x64/lib/python3.11/site-packages
2026-09-24 05:11:56.567020 TC20 Search Products And Verify Cart After Login                      | FAIL |
2026-09-24 05:11:56.602989 Setup failed:
2026-09-24 05:11:56.603001 No keyword with name 'Open Browser' found.
2026-09-24 05:11:56.603010 
2026-09-24 05:11:56.603019 Also teardown failed:
2026-09-24 05:11:56.603027 Several failures occurred:
2026-09-24 05:11:56.603035 
2026-09-24 05:11:56.603043 1) No keyword with name 'Register Keyword To Run On Failure' found.
2026-09-24 05:11:56.603052 
2026-09-24 05:11:56.603061 2) No keyword with name 'Close Browser' found. Did you mean:
2026-09-24 05:11:56.603069     common.Close Test Browser
2026-09-24 05:11:56.603078 ------------------------------------------------------------------------------
2026-09-24 05:11:56.603086 Suites.Cart.TC20 search and verify cart after login :: TC20 - Sear... | FAIL |
2026-09-24 05:11:56.603918 1 test, 0 passed, 1 failed
2026-09-24 05:11:56.603980 ==============================================================================
2026-09-24 05:11:56.603989 Suites.Cart                                                           | FAIL |
2026-09-24 05:11:56.604491 1 test, 0 passed, 1 failed
2026-09-24 05:11:56.604544 ==============================================================================
2026-09-24 05:11:56.604555 Suites                                                                | FAIL |
2026-09-24 05:11:56.604992 1 test, 0 passed, 1 failed
2026-09-24 05:11:56.605033 ==============================================================================
2026-09-24 05:11:56.605041 Output:  /home/runner/work/engg-robot-testing-framework/engg-robot-testing-framework/reports/pabot_results/8/output.xml
