2026-07-17 03:46:40.752021 ==============================================================================
2026-07-17 03:46:40.779650 Suites
2026-07-17 03:46:40.779673 ==============================================================================
2026-07-17 03:46:40.779688 Suites.Auth
2026-07-17 03:46:40.780612 ==============================================================================
2026-07-17 03:46:40.780631 Suites.Auth.TC04 logout user
2026-07-17 03:46:40.780631 [ ERROR ] Error in file '/home/runner/work/engg-robot-testing-framework/engg-robot-testing-framework/tests/auth/TC04_logout_user.robot' on line 2: Importing library 'playwright_keyword_library.PlaywrightKeywordLibrary' failed: ModuleNotFoundError: No module named 'playwright_keyword_library'
2026-07-17 03:46:40.799666 ==============================================================================
2026-07-17 03:46:40.799666 Traceback (most recent call last):
2026-07-17 03:46:40.799692   None
2026-07-17 03:46:40.849824 PYTHONPATH:
2026-07-17 03:46:40.899937   /opt/hostedtoolcache/Python/3.11.15/x64/bin
2026-07-17 03:46:40.950051   /opt/hostedtoolcache/Python/3.11.15/x64/lib/python311.zip
2026-07-17 03:46:41.000186   /opt/hostedtoolcache/Python/3.11.15/x64/lib/python3.11
2026-07-17 03:46:41.050313   /opt/hostedtoolcache/Python/3.11.15/x64/lib/python3.11/lib-dynload
2026-07-17 03:46:41.100435   /opt/hostedtoolcache/Python/3.11.15/x64/lib/python3.11/site-packages
2026-07-17 03:46:41.150588 [ ERROR ] Error in file '/home/runner/work/engg-robot-testing-framework/engg-robot-testing-framework/resources/auth_keywords.resource' on line 2: Importing library 'playwright_keyword_library.PlaywrightKeywordLibrary' failed: ModuleNotFoundError: No module named 'playwright_keyword_library'
2026-07-17 03:46:41.200738 Traceback (most recent call last):
2026-07-17 03:46:41.250887   None
2026-07-17 03:46:41.301038 PYTHONPATH:
2026-07-17 03:46:41.351188   /opt/hostedtoolcache/Python/3.11.15/x64/bin
2026-07-17 03:46:41.401321   /opt/hostedtoolcache/Python/3.11.15/x64/lib/python311.zip
2026-07-17 03:46:41.451468   /opt/hostedtoolcache/Python/3.11.15/x64/lib/python3.11
2026-07-17 03:46:41.501583   /opt/hostedtoolcache/Python/3.11.15/x64/lib/python3.11/lib-dynload
2026-07-17 03:46:41.551732   /opt/hostedtoolcache/Python/3.11.15/x64/lib/python3.11/site-packages
2026-07-17 03:46:41.601846 [ ERROR ] Error in file '/home/runner/work/engg-robot-testing-framework/engg-robot-testing-framework/resources/common.resource' on line 4: Importing library 'playwright_keyword_library.PlaywrightKeywordLibrary' failed: ModuleNotFoundError: No module named 'playwright_keyword_library'
2026-07-17 03:46:41.651996 Traceback (most recent call last):
2026-07-17 03:46:41.702110   None
2026-07-17 03:46:41.752256 PYTHONPATH:
2026-07-17 03:46:41.802392   /opt/hostedtoolcache/Python/3.11.15/x64/bin
2026-07-17 03:46:41.852604   /opt/hostedtoolcache/Python/3.11.15/x64/lib/python311.zip
2026-07-17 03:46:41.902805   /opt/hostedtoolcache/Python/3.11.15/x64/lib/python3.11
2026-07-17 03:46:41.952964   /opt/hostedtoolcache/Python/3.11.15/x64/lib/python3.11/lib-dynload
2026-07-17 03:46:42.003125   /opt/hostedtoolcache/Python/3.11.15/x64/lib/python3.11/site-packages
2026-07-17 03:46:50.773711 TC04 Logout User                                                      | FAIL |
2026-07-17 03:46:50.809687 Setup failed:
2026-07-17 03:46:50.809719 No keyword with name 'Open Browser' found.
2026-07-17 03:46:50.809733 
2026-07-17 03:46:50.809750 Also teardown failed:
2026-07-17 03:46:50.809763 Several failures occurred:
2026-07-17 03:46:50.809776 
2026-07-17 03:46:50.809790 1) No keyword with name 'Register Keyword To Run On Failure' found.
2026-07-17 03:46:50.809803 
2026-07-17 03:46:50.809817 2) No keyword with name 'Close Browser' found. Did you mean:
2026-07-17 03:46:50.809828     common.Close Test Browser
2026-07-17 03:46:50.809844 ------------------------------------------------------------------------------
2026-07-17 03:46:50.809893 Suites.Auth.TC04 logout user                                          | FAIL |
2026-07-17 03:46:50.810416 1 test, 0 passed, 1 failed
2026-07-17 03:46:50.810504 ==============================================================================
2026-07-17 03:46:50.810519 Suites.Auth                                                           | FAIL |
2026-07-17 03:46:50.810945 1 test, 0 passed, 1 failed
2026-07-17 03:46:50.810966 ==============================================================================
2026-07-17 03:46:50.811097 Suites                                                                | FAIL |
2026-07-17 03:46:50.811385 1 test, 0 passed, 1 failed
2026-07-17 03:46:50.811475 ==============================================================================
2026-07-17 03:46:50.811494 Output:  /home/runner/work/engg-robot-testing-framework/engg-robot-testing-framework/reports/pabot_results/3/output.xml
