2026-07-12 04:06:23.263810 ==============================================================================
2026-07-12 04:06:23.275876 Suites
2026-07-12 04:06:23.275904 ==============================================================================
2026-07-12 04:06:23.275923 Suites.Auth
2026-07-12 04:06:23.276616 ==============================================================================
2026-07-12 04:06:23.276638 Suites.Auth.TC01 register user
2026-07-12 04:06:23.276638 [ ERROR ] Error in file '/home/runner/work/engg-robot-testing-framework/engg-robot-testing-framework/tests/auth/TC01_register_user.robot' on line 2: Importing library 'playwright_keyword_library.PlaywrightKeywordLibrary' failed: ModuleNotFoundError: No module named 'playwright_keyword_library'
2026-07-12 04:06:23.293814 ==============================================================================
2026-07-12 04:06:23.293814 Traceback (most recent call last):
2026-07-12 04:06:23.293834   None
2026-07-12 04:06:23.343921 PYTHONPATH:
2026-07-12 04:06:23.394007   /opt/hostedtoolcache/Python/3.11.15/x64/bin
2026-07-12 04:06:23.444170   /opt/hostedtoolcache/Python/3.11.15/x64/lib/python311.zip
2026-07-12 04:06:23.494362   /opt/hostedtoolcache/Python/3.11.15/x64/lib/python3.11
2026-07-12 04:06:23.544593   /opt/hostedtoolcache/Python/3.11.15/x64/lib/python3.11/lib-dynload
2026-07-12 04:06:23.594788   /opt/hostedtoolcache/Python/3.11.15/x64/lib/python3.11/site-packages
2026-07-12 04:06:23.645027 [ ERROR ] Error in file '/home/runner/work/engg-robot-testing-framework/engg-robot-testing-framework/resources/auth_keywords.resource' on line 2: Importing library 'playwright_keyword_library.PlaywrightKeywordLibrary' failed: ModuleNotFoundError: No module named 'playwright_keyword_library'
2026-07-12 04:06:23.695214 Traceback (most recent call last):
2026-07-12 04:06:23.745452   None
2026-07-12 04:06:23.795642 PYTHONPATH:
2026-07-12 04:06:23.845842   /opt/hostedtoolcache/Python/3.11.15/x64/bin
2026-07-12 04:06:23.896054   /opt/hostedtoolcache/Python/3.11.15/x64/lib/python311.zip
2026-07-12 04:06:23.946234   /opt/hostedtoolcache/Python/3.11.15/x64/lib/python3.11
2026-07-12 04:06:23.996512   /opt/hostedtoolcache/Python/3.11.15/x64/lib/python3.11/lib-dynload
2026-07-12 04:06:24.046659   /opt/hostedtoolcache/Python/3.11.15/x64/lib/python3.11/site-packages
2026-07-12 04:06:24.096915 [ ERROR ] Error in file '/home/runner/work/engg-robot-testing-framework/engg-robot-testing-framework/resources/common.resource' on line 4: Importing library 'playwright_keyword_library.PlaywrightKeywordLibrary' failed: ModuleNotFoundError: No module named 'playwright_keyword_library'
2026-07-12 04:06:24.147088 Traceback (most recent call last):
2026-07-12 04:06:24.197359   None
2026-07-12 04:06:24.247546 PYTHONPATH:
2026-07-12 04:06:24.297809   /opt/hostedtoolcache/Python/3.11.15/x64/bin
2026-07-12 04:06:24.347996   /opt/hostedtoolcache/Python/3.11.15/x64/lib/python311.zip
2026-07-12 04:06:24.398244   /opt/hostedtoolcache/Python/3.11.15/x64/lib/python3.11
2026-07-12 04:06:24.448421   /opt/hostedtoolcache/Python/3.11.15/x64/lib/python3.11/lib-dynload
2026-07-12 04:06:24.498682   /opt/hostedtoolcache/Python/3.11.15/x64/lib/python3.11/site-packages
2026-07-12 04:06:33.275046 TC01 Register User                                                    | FAIL |
2026-07-12 04:06:33.303579 Setup failed:
2026-07-12 04:06:33.303598 No keyword with name 'Open Browser' found.
2026-07-12 04:06:33.303612 
2026-07-12 04:06:33.303626 Also teardown failed:
2026-07-12 04:06:33.303642 Several failures occurred:
2026-07-12 04:06:33.303659 
2026-07-12 04:06:33.303721 1) No keyword with name 'Register Keyword To Run On Failure' found.
2026-07-12 04:06:33.303738 
2026-07-12 04:06:33.303755 2) No keyword with name 'Close Browser' found. Did you mean:
2026-07-12 04:06:33.303774     common.Close Test Browser
2026-07-12 04:06:33.303786 ------------------------------------------------------------------------------
2026-07-12 04:06:33.303845 Suites.Auth.TC01 register user                                        | FAIL |
2026-07-12 04:06:33.303861 1 test, 0 passed, 1 failed
2026-07-12 04:06:33.303876 ==============================================================================
2026-07-12 04:06:33.303893 Suites.Auth                                                           | FAIL |
2026-07-12 04:06:33.304042 1 test, 0 passed, 1 failed
2026-07-12 04:06:33.304061 ==============================================================================
2026-07-12 04:06:33.304078 Suites                                                                | FAIL |
2026-07-12 04:06:33.304369 1 test, 0 passed, 1 failed
2026-07-12 04:06:33.304429 ==============================================================================
2026-07-12 04:06:33.304441 Output:  /home/runner/work/engg-robot-testing-framework/engg-robot-testing-framework/reports/pabot_results/0/output.xml
