2026-09-25 05:13:25.701503 ==============================================================================
2026-09-25 05:13:25.709280 Suites
2026-09-25 05:13:25.709298 ==============================================================================
2026-09-25 05:13:25.709309 Suites.Auth
2026-09-25 05:13:25.709993 ==============================================================================
2026-09-25 05:13:25.710006 Suites.Auth.TC03 login invalid
2026-09-25 05:13:25.710006 [ ERROR ] Error in file '/home/runner/work/engg-robot-testing-framework/engg-robot-testing-framework/tests/auth/TC03_login_invalid.robot' on line 2: Importing library 'playwright_keyword_library.PlaywrightKeywordLibrary' failed: ModuleNotFoundError: No module named 'playwright_keyword_library'
2026-09-25 05:13:25.726488 ==============================================================================
2026-09-25 05:13:25.726488 Traceback (most recent call last):
2026-09-25 05:13:25.726508   None
2026-09-25 05:13:25.776695 PYTHONPATH:
2026-09-25 05:13:25.826874   /opt/hostedtoolcache/Python/3.11.16/x64/bin
2026-09-25 05:13:25.877133   /opt/hostedtoolcache/Python/3.11.16/x64/lib/python311.zip
2026-09-25 05:13:25.927297   /opt/hostedtoolcache/Python/3.11.16/x64/lib/python3.11
2026-09-25 05:13:25.977451   /opt/hostedtoolcache/Python/3.11.16/x64/lib/python3.11/lib-dynload
2026-09-25 05:13:26.027685   /opt/hostedtoolcache/Python/3.11.16/x64/lib/python3.11/site-packages
2026-09-25 05:13:26.077859 [ ERROR ] Error in file '/home/runner/work/engg-robot-testing-framework/engg-robot-testing-framework/resources/auth_keywords.resource' on line 2: Importing library 'playwright_keyword_library.PlaywrightKeywordLibrary' failed: ModuleNotFoundError: No module named 'playwright_keyword_library'
2026-09-25 05:13:26.128049 Traceback (most recent call last):
2026-09-25 05:13:26.178221   None
2026-09-25 05:13:26.228418 PYTHONPATH:
2026-09-25 05:13:26.278821   /opt/hostedtoolcache/Python/3.11.16/x64/bin
2026-09-25 05:13:26.329106   /opt/hostedtoolcache/Python/3.11.16/x64/lib/python311.zip
2026-09-25 05:13:26.379398   /opt/hostedtoolcache/Python/3.11.16/x64/lib/python3.11
2026-09-25 05:13:26.429673   /opt/hostedtoolcache/Python/3.11.16/x64/lib/python3.11/lib-dynload
2026-09-25 05:13:26.479867   /opt/hostedtoolcache/Python/3.11.16/x64/lib/python3.11/site-packages
2026-09-25 05:13:26.530182 [ ERROR ] Error in file '/home/runner/work/engg-robot-testing-framework/engg-robot-testing-framework/resources/common.resource' on line 4: Importing library 'playwright_keyword_library.PlaywrightKeywordLibrary' failed: ModuleNotFoundError: No module named 'playwright_keyword_library'
2026-09-25 05:13:26.580336 Traceback (most recent call last):
2026-09-25 05:13:26.630610   None
2026-09-25 05:13:26.680868 PYTHONPATH:
2026-09-25 05:13:26.731121   /opt/hostedtoolcache/Python/3.11.16/x64/bin
2026-09-25 05:13:26.781419   /opt/hostedtoolcache/Python/3.11.16/x64/lib/python311.zip
2026-09-25 05:13:26.831688   /opt/hostedtoolcache/Python/3.11.16/x64/lib/python3.11
2026-09-25 05:13:26.881888   /opt/hostedtoolcache/Python/3.11.16/x64/lib/python3.11/lib-dynload
2026-09-25 05:13:26.932102   /opt/hostedtoolcache/Python/3.11.16/x64/lib/python3.11/site-packages
2026-09-25 05:13:35.705848 TC03 Login User With Incorrect Email And Password                     | FAIL |
2026-09-25 05:13:35.735568 Setup failed:
2026-09-25 05:13:35.735584 No keyword with name 'Open Browser' found.
2026-09-25 05:13:35.735593 
2026-09-25 05:13:35.735601 Also teardown failed:
2026-09-25 05:13:35.735609 Several failures occurred:
2026-09-25 05:13:35.735634 
2026-09-25 05:13:35.735642 1) No keyword with name 'Register Keyword To Run On Failure' found.
2026-09-25 05:13:35.735650 
2026-09-25 05:13:35.735657 2) No keyword with name 'Close Browser' found. Did you mean:
2026-09-25 05:13:35.735665     common.Close Test Browser
2026-09-25 05:13:35.735673 ------------------------------------------------------------------------------
2026-09-25 05:13:35.735681 Suites.Auth.TC03 login invalid                                        | FAIL |
2026-09-25 05:13:35.736091 1 test, 0 passed, 1 failed
2026-09-25 05:13:35.736153 ==============================================================================
2026-09-25 05:13:35.736163 Suites.Auth                                                           | FAIL |
2026-09-25 05:13:35.736438 1 test, 0 passed, 1 failed
2026-09-25 05:13:35.736489 ==============================================================================
2026-09-25 05:13:35.736499 Suites                                                                | FAIL |
2026-09-25 05:13:35.736820 1 test, 0 passed, 1 failed
2026-09-25 05:13:35.736871 ==============================================================================
2026-09-25 05:13:35.736881 Output:  /home/runner/work/engg-robot-testing-framework/engg-robot-testing-framework/reports/pabot_results/2/output.xml
