2026-09-03 04:52:48.012158 ==============================================================================
2026-09-03 04:52:48.026580 Suites
2026-09-03 04:52:48.026600 ==============================================================================
2026-09-03 04:52:48.026613 Suites.Cart
2026-09-03 04:52:48.027359 ==============================================================================
2026-09-03 04:52:48.027376 Suites.Cart.TC13 verify product quantity :: TC13 - Verify Product Quantity ...
2026-09-03 04:52:48.027376 [ ERROR ] Error in file '/home/runner/work/engg-robot-testing-framework/engg-robot-testing-framework/resources/common.resource' on line 4: Importing library 'playwright_keyword_library.PlaywrightKeywordLibrary' failed: ModuleNotFoundError: No module named 'playwright_keyword_library'
2026-09-03 04:52:48.054429 ==============================================================================
2026-09-03 04:52:48.054429 Traceback (most recent call last):
2026-09-03 04:52:48.054451   None
2026-09-03 04:52:48.104594 PYTHONPATH:
2026-09-03 04:52:48.154774   /opt/hostedtoolcache/Python/3.11.16/x64/bin
2026-09-03 04:52:48.204940   /opt/hostedtoolcache/Python/3.11.16/x64/lib/python311.zip
2026-09-03 04:52:48.255120   /opt/hostedtoolcache/Python/3.11.16/x64/lib/python3.11
2026-09-03 04:52:48.305296   /opt/hostedtoolcache/Python/3.11.16/x64/lib/python3.11/lib-dynload
2026-09-03 04:52:48.355471   /opt/hostedtoolcache/Python/3.11.16/x64/lib/python3.11/site-packages
2026-09-03 04:52:48.405650 [ ERROR ] Error in file '/home/runner/work/engg-robot-testing-framework/engg-robot-testing-framework/resources/product_keywords.resource' on line 2: Importing library 'playwright_keyword_library.PlaywrightKeywordLibrary' failed: ModuleNotFoundError: No module named 'playwright_keyword_library'
2026-09-03 04:52:48.455848 Traceback (most recent call last):
2026-09-03 04:52:48.506025   None
2026-09-03 04:52:48.556203 PYTHONPATH:
2026-09-03 04:52:48.606374   /opt/hostedtoolcache/Python/3.11.16/x64/bin
2026-09-03 04:52:48.656554   /opt/hostedtoolcache/Python/3.11.16/x64/lib/python311.zip
2026-09-03 04:52:48.706716   /opt/hostedtoolcache/Python/3.11.16/x64/lib/python3.11
2026-09-03 04:52:48.756893   /opt/hostedtoolcache/Python/3.11.16/x64/lib/python3.11/lib-dynload
2026-09-03 04:52:48.807068   /opt/hostedtoolcache/Python/3.11.16/x64/lib/python3.11/site-packages
2026-09-03 04:52:48.857245 [ ERROR ] Error in file '/home/runner/work/engg-robot-testing-framework/engg-robot-testing-framework/resources/cart_keywords.resource' on line 2: Importing library 'playwright_keyword_library.PlaywrightKeywordLibrary' failed: ModuleNotFoundError: No module named 'playwright_keyword_library'
2026-09-03 04:52:48.907388 Traceback (most recent call last):
2026-09-03 04:52:48.957556   None
2026-09-03 04:52:49.007903 PYTHONPATH:
2026-09-03 04:52:49.058061   /opt/hostedtoolcache/Python/3.11.16/x64/bin
2026-09-03 04:52:49.108225   /opt/hostedtoolcache/Python/3.11.16/x64/lib/python311.zip
2026-09-03 04:52:49.158412   /opt/hostedtoolcache/Python/3.11.16/x64/lib/python3.11
2026-09-03 04:52:49.208585   /opt/hostedtoolcache/Python/3.11.16/x64/lib/python3.11/lib-dynload
2026-09-03 04:52:49.258775   /opt/hostedtoolcache/Python/3.11.16/x64/lib/python3.11/site-packages
2026-09-03 04:52:58.030322 TC13 Verify Product Quantity In Cart                                  | FAIL |
2026-09-03 04:52:58.065538 Setup failed:
2026-09-03 04:52:58.065552 No keyword with name 'Open Browser' found.
2026-09-03 04:52:58.065560 
2026-09-03 04:52:58.065567 Also teardown failed:
2026-09-03 04:52:58.065574 Several failures occurred:
2026-09-03 04:52:58.065582 
2026-09-03 04:52:58.065590 1) No keyword with name 'Register Keyword To Run On Failure' found.
2026-09-03 04:52:58.065598 
2026-09-03 04:52:58.065604 2) No keyword with name 'Close Browser' found. Did you mean:
2026-09-03 04:52:58.065611     common.Close Test Browser
2026-09-03 04:52:58.065617 ------------------------------------------------------------------------------
2026-09-03 04:52:58.065624 Suites.Cart.TC13 verify product quantity :: TC13 - Verify Product ... | FAIL |
2026-09-03 04:52:58.066132 1 test, 0 passed, 1 failed
2026-09-03 04:52:58.066163 ==============================================================================
2026-09-03 04:52:58.066169 Suites.Cart                                                           | FAIL |
2026-09-03 04:52:58.066498 1 test, 0 passed, 1 failed
2026-09-03 04:52:58.066534 ==============================================================================
2026-09-03 04:52:58.066540 Suites                                                                | FAIL |
2026-09-03 04:52:58.066827 1 test, 0 passed, 1 failed
2026-09-03 04:52:58.066863 ==============================================================================
2026-09-03 04:52:58.066870 Output:  /home/runner/work/engg-robot-testing-framework/engg-robot-testing-framework/reports/pabot_results/6/output.xml
