2026-08-05 03:43:25.518685 ==============================================================================
2026-08-05 03:43:25.547821 Suites
2026-08-05 03:43:25.547840 ==============================================================================
2026-08-05 03:43:25.547906 Suites.Auth
2026-08-05 03:43:25.548800 ==============================================================================
2026-08-05 03:43:25.548819 Suites.Auth.TC05 register existing email
2026-08-05 03:43:25.548819 [ ERROR ] Error in file '/home/runner/work/engg-robot-testing-framework/engg-robot-testing-framework/tests/auth/TC05_register_existing_email.robot' on line 2: Importing library 'playwright_keyword_library.PlaywrightKeywordLibrary' failed: ModuleNotFoundError: No module named 'playwright_keyword_library'
2026-08-05 03:43:25.568205 ==============================================================================
2026-08-05 03:43:25.568205 Traceback (most recent call last):
2026-08-05 03:43:25.568235   None
2026-08-05 03:43:25.618375 PYTHONPATH:
2026-08-05 03:43:25.668511   /opt/hostedtoolcache/Python/3.11.15/x64/bin
2026-08-05 03:43:25.718676   /opt/hostedtoolcache/Python/3.11.15/x64/lib/python311.zip
2026-08-05 03:43:25.768830   /opt/hostedtoolcache/Python/3.11.15/x64/lib/python3.11
2026-08-05 03:43:25.819007   /opt/hostedtoolcache/Python/3.11.15/x64/lib/python3.11/lib-dynload
2026-08-05 03:43:25.869200   /opt/hostedtoolcache/Python/3.11.15/x64/lib/python3.11/site-packages
2026-08-05 03:43:25.919431 [ ERROR ] Error in file '/home/runner/work/engg-robot-testing-framework/engg-robot-testing-framework/resources/auth_keywords.resource' on line 2: Importing library 'playwright_keyword_library.PlaywrightKeywordLibrary' failed: ModuleNotFoundError: No module named 'playwright_keyword_library'
2026-08-05 03:43:25.969636 Traceback (most recent call last):
2026-08-05 03:43:26.019815   None
2026-08-05 03:43:26.070012 PYTHONPATH:
2026-08-05 03:43:26.120190   /opt/hostedtoolcache/Python/3.11.15/x64/bin
2026-08-05 03:43:26.170366   /opt/hostedtoolcache/Python/3.11.15/x64/lib/python311.zip
2026-08-05 03:43:26.220530   /opt/hostedtoolcache/Python/3.11.15/x64/lib/python3.11
2026-08-05 03:43:26.270711   /opt/hostedtoolcache/Python/3.11.15/x64/lib/python3.11/lib-dynload
2026-08-05 03:43:26.320930   /opt/hostedtoolcache/Python/3.11.15/x64/lib/python3.11/site-packages
2026-08-05 03:43:26.371130 [ ERROR ] Error in file '/home/runner/work/engg-robot-testing-framework/engg-robot-testing-framework/resources/common.resource' on line 4: Importing library 'playwright_keyword_library.PlaywrightKeywordLibrary' failed: ModuleNotFoundError: No module named 'playwright_keyword_library'
2026-08-05 03:43:26.421326 Traceback (most recent call last):
2026-08-05 03:43:26.471533   None
2026-08-05 03:43:26.521707 PYTHONPATH:
2026-08-05 03:43:26.571903   /opt/hostedtoolcache/Python/3.11.15/x64/bin
2026-08-05 03:43:26.622055   /opt/hostedtoolcache/Python/3.11.15/x64/lib/python311.zip
2026-08-05 03:43:26.672247   /opt/hostedtoolcache/Python/3.11.15/x64/lib/python3.11
2026-08-05 03:43:26.722407   /opt/hostedtoolcache/Python/3.11.15/x64/lib/python3.11/lib-dynload
2026-08-05 03:43:26.772585   /opt/hostedtoolcache/Python/3.11.15/x64/lib/python3.11/site-packages
2026-08-05 03:43:35.547621 TC05 Register User With Existing Email                                | FAIL |
2026-08-05 03:43:35.578401 Setup failed:
2026-08-05 03:43:35.578417 No keyword with name 'Open Browser' found.
2026-08-05 03:43:35.578427 
2026-08-05 03:43:35.578437 Also teardown failed:
2026-08-05 03:43:35.578446 Several failures occurred:
2026-08-05 03:43:35.578454 
2026-08-05 03:43:35.578463 1) No keyword with name 'Register Keyword To Run On Failure' found.
2026-08-05 03:43:35.578472 
2026-08-05 03:43:35.578480 2) No keyword with name 'Close Browser' found. Did you mean:
2026-08-05 03:43:35.578488     common.Close Test Browser
2026-08-05 03:43:35.578496 ------------------------------------------------------------------------------
2026-08-05 03:43:35.578504 Suites.Auth.TC05 register existing email                              | FAIL |
2026-08-05 03:43:35.579060 1 test, 0 passed, 1 failed
2026-08-05 03:43:35.579076 ==============================================================================
2026-08-05 03:43:35.579085 Suites.Auth                                                           | FAIL |
2026-08-05 03:43:35.579464 1 test, 0 passed, 1 failed
2026-08-05 03:43:35.579527 ==============================================================================
2026-08-05 03:43:35.579536 Suites                                                                | FAIL |
2026-08-05 03:43:35.579889 1 test, 0 passed, 1 failed
2026-08-05 03:43:35.579951 ==============================================================================
2026-08-05 03:43:35.579960 Output:  /home/runner/work/engg-robot-testing-framework/engg-robot-testing-framework/reports/pabot_results/4/output.xml
