2026-08-27 10:08:17.594055 ==============================================================================
2026-08-27 10:08:17.625326 Suites
2026-08-27 10:08:17.625346 ==============================================================================
2026-08-27 10:08:17.625359 Suites.Cart
2026-08-27 10:08:17.626272 ==============================================================================
2026-08-27 10:08:17.626291 Suites.Cart.TC13 verify product quantity :: TC13 - Verify Product Quantity ...
2026-08-27 10:08:17.626291 [ ERROR ] Error in file '/home/runner/work/engg-robot-testing-framework/engg-robot-testing-framework/resources/common.resource' on line 4: Importing library 'playwright_keyword_library.PlaywrightKeywordLibrary' failed: ModuleNotFoundError: No module named 'playwright_keyword_library'
2026-08-27 10:08:17.657201 ==============================================================================
2026-08-27 10:08:17.657201 Traceback (most recent call last):
2026-08-27 10:08:17.657252   None
2026-08-27 10:08:17.707377 PYTHONPATH:
2026-08-27 10:08:17.757487   /opt/hostedtoolcache/Python/3.11.16/x64/bin
2026-08-27 10:08:17.807602   /opt/hostedtoolcache/Python/3.11.16/x64/lib/python311.zip
2026-08-27 10:08:17.857712   /opt/hostedtoolcache/Python/3.11.16/x64/lib/python3.11
2026-08-27 10:08:17.907826   /opt/hostedtoolcache/Python/3.11.16/x64/lib/python3.11/lib-dynload
2026-08-27 10:08:17.957980   /opt/hostedtoolcache/Python/3.11.16/x64/lib/python3.11/site-packages
2026-08-27 10:08:18.008140 [ ERROR ] Error in file '/home/runner/work/engg-robot-testing-framework/engg-robot-testing-framework/resources/product_keywords.resource' on line 2: Importing library 'playwright_keyword_library.PlaywrightKeywordLibrary' failed: ModuleNotFoundError: No module named 'playwright_keyword_library'
2026-08-27 10:08:18.058264 Traceback (most recent call last):
2026-08-27 10:08:18.108419   None
2026-08-27 10:08:18.158574 PYTHONPATH:
2026-08-27 10:08:18.208736   /opt/hostedtoolcache/Python/3.11.16/x64/bin
2026-08-27 10:08:18.258891   /opt/hostedtoolcache/Python/3.11.16/x64/lib/python311.zip
2026-08-27 10:08:18.309041   /opt/hostedtoolcache/Python/3.11.16/x64/lib/python3.11
2026-08-27 10:08:18.359192   /opt/hostedtoolcache/Python/3.11.16/x64/lib/python3.11/lib-dynload
2026-08-27 10:08:18.409347   /opt/hostedtoolcache/Python/3.11.16/x64/lib/python3.11/site-packages
2026-08-27 10:08:18.459509 [ ERROR ] Error in file '/home/runner/work/engg-robot-testing-framework/engg-robot-testing-framework/resources/cart_keywords.resource' on line 2: Importing library 'playwright_keyword_library.PlaywrightKeywordLibrary' failed: ModuleNotFoundError: No module named 'playwright_keyword_library'
2026-08-27 10:08:18.509670 Traceback (most recent call last):
2026-08-27 10:08:18.559865   None
2026-08-27 10:08:18.610043 PYTHONPATH:
2026-08-27 10:08:18.660167   /opt/hostedtoolcache/Python/3.11.16/x64/bin
2026-08-27 10:08:18.710323   /opt/hostedtoolcache/Python/3.11.16/x64/lib/python311.zip
2026-08-27 10:08:18.760507   /opt/hostedtoolcache/Python/3.11.16/x64/lib/python3.11
2026-08-27 10:08:18.810803   /opt/hostedtoolcache/Python/3.11.16/x64/lib/python3.11/lib-dynload
2026-08-27 10:08:18.860974   /opt/hostedtoolcache/Python/3.11.16/x64/lib/python3.11/site-packages
2026-08-27 10:08:27.638041 TC13 Verify Product Quantity In Cart                                  | FAIL |
2026-08-27 10:08:27.669917 Setup failed:
2026-08-27 10:08:27.669934 No keyword with name 'Open Browser' found.
2026-08-27 10:08:27.669949 
2026-08-27 10:08:27.669962 Also teardown failed:
2026-08-27 10:08:27.669976 Several failures occurred:
2026-08-27 10:08:27.669989 
2026-08-27 10:08:27.670003 1) No keyword with name 'Register Keyword To Run On Failure' found.
2026-08-27 10:08:27.670016 
2026-08-27 10:08:27.670029 2) No keyword with name 'Close Browser' found. Did you mean:
2026-08-27 10:08:27.670042     common.Close Test Browser
2026-08-27 10:08:27.670055 ------------------------------------------------------------------------------
2026-08-27 10:08:27.670069 Suites.Cart.TC13 verify product quantity :: TC13 - Verify Product ... | FAIL |
2026-08-27 10:08:27.670637 1 test, 0 passed, 1 failed
2026-08-27 10:08:27.670681 ==============================================================================
2026-08-27 10:08:27.670777 Suites.Cart                                                           | FAIL |
2026-08-27 10:08:27.671176 1 test, 0 passed, 1 failed
2026-08-27 10:08:27.671208 ==============================================================================
2026-08-27 10:08:27.671280 Suites                                                                | FAIL |
2026-08-27 10:08:27.671615 1 test, 0 passed, 1 failed
2026-08-27 10:08:27.671684 ==============================================================================
2026-08-27 10:08:27.671695 Output:  /home/runner/work/engg-robot-testing-framework/engg-robot-testing-framework/reports/pabot_results/6/output.xml
