2026-10-10 06:12:53.711209 ==============================================================================
2026-10-10 06:12:53.730933 Suites
2026-10-10 06:12:53.730952 ==============================================================================
2026-10-10 06:12:53.730967 Suites.Auth
2026-10-10 06:12:53.731945 ==============================================================================
2026-10-10 06:12:53.731964 Suites.Auth.TC01 register user
2026-10-10 06:12:53.731964 [ ERROR ] Error in file '/home/runner/work/engg-robot-testing-framework/engg-robot-testing-framework/tests/auth/TC01_register_user.robot' on line 2: Importing library 'playwright_keyword_library.PlaywrightKeywordLibrary' failed: ModuleNotFoundError: No module named 'playwright_keyword_library'
2026-10-10 06:12:53.751681 ==============================================================================
2026-10-10 06:12:53.751681 Traceback (most recent call last):
2026-10-10 06:12:53.751704   None
2026-10-10 06:12:53.801819 PYTHONPATH:
2026-10-10 06:12:53.851927   /opt/hostedtoolcache/Python/3.11.17/x64/bin
2026-10-10 06:12:53.902051   /opt/hostedtoolcache/Python/3.11.17/x64/lib/python311.zip
2026-10-10 06:12:53.952174   /opt/hostedtoolcache/Python/3.11.17/x64/lib/python3.11
2026-10-10 06:12:54.002296   /opt/hostedtoolcache/Python/3.11.17/x64/lib/python3.11/lib-dynload
2026-10-10 06:12:54.052464   /opt/hostedtoolcache/Python/3.11.17/x64/lib/python3.11/site-packages
2026-10-10 06:12:54.102622 [ ERROR ] Error in file '/home/runner/work/engg-robot-testing-framework/engg-robot-testing-framework/resources/auth_keywords.resource' on line 2: Importing library 'playwright_keyword_library.PlaywrightKeywordLibrary' failed: ModuleNotFoundError: No module named 'playwright_keyword_library'
2026-10-10 06:12:54.152778 Traceback (most recent call last):
2026-10-10 06:12:54.202929   None
2026-10-10 06:12:54.253074 PYTHONPATH:
2026-10-10 06:12:54.303229   /opt/hostedtoolcache/Python/3.11.17/x64/bin
2026-10-10 06:12:54.353417   /opt/hostedtoolcache/Python/3.11.17/x64/lib/python311.zip
2026-10-10 06:12:54.403616   /opt/hostedtoolcache/Python/3.11.17/x64/lib/python3.11
2026-10-10 06:12:54.453892   /opt/hostedtoolcache/Python/3.11.17/x64/lib/python3.11/lib-dynload
2026-10-10 06:12:54.504148   /opt/hostedtoolcache/Python/3.11.17/x64/lib/python3.11/site-packages
2026-10-10 06:12:54.554332 [ ERROR ] Error in file '/home/runner/work/engg-robot-testing-framework/engg-robot-testing-framework/resources/common.resource' on line 4: Importing library 'playwright_keyword_library.PlaywrightKeywordLibrary' failed: ModuleNotFoundError: No module named 'playwright_keyword_library'
2026-10-10 06:12:54.604641 Traceback (most recent call last):
2026-10-10 06:12:54.654855   None
2026-10-10 06:12:54.705149 PYTHONPATH:
2026-10-10 06:12:54.755358   /opt/hostedtoolcache/Python/3.11.17/x64/bin
2026-10-10 06:12:54.805659   /opt/hostedtoolcache/Python/3.11.17/x64/lib/python311.zip
2026-10-10 06:12:54.855832   /opt/hostedtoolcache/Python/3.11.17/x64/lib/python3.11
2026-10-10 06:12:54.906073   /opt/hostedtoolcache/Python/3.11.17/x64/lib/python3.11/lib-dynload
2026-10-10 06:12:54.956253   /opt/hostedtoolcache/Python/3.11.17/x64/lib/python3.11/site-packages
2026-10-10 06:13:03.730770 TC01 Register User                                                    | FAIL |
2026-10-10 06:13:03.762272 Setup failed:
2026-10-10 06:13:03.762296 No keyword with name 'Open Browser' found.
2026-10-10 06:13:03.762344 
2026-10-10 06:13:03.762361 Also teardown failed:
2026-10-10 06:13:03.762374 Several failures occurred:
2026-10-10 06:13:03.762387 
2026-10-10 06:13:03.762404 1) No keyword with name 'Register Keyword To Run On Failure' found.
2026-10-10 06:13:03.762417 
2026-10-10 06:13:03.762430 2) No keyword with name 'Close Browser' found. Did you mean:
2026-10-10 06:13:03.762443     common.Close Test Browser
2026-10-10 06:13:03.762455 ------------------------------------------------------------------------------
2026-10-10 06:13:03.762469 Suites.Auth.TC01 register user                                        | FAIL |
2026-10-10 06:13:03.762969 1 test, 0 passed, 1 failed
2026-10-10 06:13:03.762987 ==============================================================================
2026-10-10 06:13:03.763001 Suites.Auth                                                           | FAIL |
2026-10-10 06:13:03.763427 1 test, 0 passed, 1 failed
2026-10-10 06:13:03.763453 ==============================================================================
2026-10-10 06:13:03.763516 Suites                                                                | FAIL |
2026-10-10 06:13:03.763928 1 test, 0 passed, 1 failed
2026-10-10 06:13:03.763955 ==============================================================================
2026-10-10 06:13:03.764006 Output:  /home/runner/work/engg-robot-testing-framework/engg-robot-testing-framework/reports/pabot_results/0/output.xml
