2026-06-27 04:35:11.903970 ==============================================================================
2026-06-27 04:35:11.921333 Suites
2026-06-27 04:35:11.921353 ==============================================================================
2026-06-27 04:35:11.921409 Suites.Cart
2026-06-27 04:35:11.922643 ==============================================================================
2026-06-27 04:35:11.922658 Suites.Cart.TC22 add from recommended items :: TC22 - Add To Cart From Reco...
2026-06-27 04:35:11.922658 [ ERROR ] Error in file '/home/runner/work/engg-robot-testing-framework/engg-robot-testing-framework/resources/common.resource' on line 4: Importing library 'playwright_keyword_library.PlaywrightKeywordLibrary' failed: ModuleNotFoundError: No module named 'playwright_keyword_library'
2026-06-27 04:35:11.947987 ==============================================================================
2026-06-27 04:35:11.947987 Traceback (most recent call last):
2026-06-27 04:35:11.948013   None
2026-06-27 04:35:11.998140 PYTHONPATH:
2026-06-27 04:35:12.048259   /opt/hostedtoolcache/Python/3.11.15/x64/bin
2026-06-27 04:35:12.098371   /opt/hostedtoolcache/Python/3.11.15/x64/lib/python311.zip
2026-06-27 04:35:12.148490   /opt/hostedtoolcache/Python/3.11.15/x64/lib/python3.11
2026-06-27 04:35:12.198615   /opt/hostedtoolcache/Python/3.11.15/x64/lib/python3.11/lib-dynload
2026-06-27 04:35:12.248743   /opt/hostedtoolcache/Python/3.11.15/x64/lib/python3.11/site-packages
2026-06-27 04:35:12.298900 [ ERROR ] Error in file '/home/runner/work/engg-robot-testing-framework/engg-robot-testing-framework/resources/cart_keywords.resource' on line 2: Importing library 'playwright_keyword_library.PlaywrightKeywordLibrary' failed: ModuleNotFoundError: No module named 'playwright_keyword_library'
2026-06-27 04:35:12.349020 Traceback (most recent call last):
2026-06-27 04:35:12.399157   None
2026-06-27 04:35:12.449278 PYTHONPATH:
2026-06-27 04:35:12.499389   /opt/hostedtoolcache/Python/3.11.15/x64/bin
2026-06-27 04:35:12.549502   /opt/hostedtoolcache/Python/3.11.15/x64/lib/python311.zip
2026-06-27 04:35:12.599661   /opt/hostedtoolcache/Python/3.11.15/x64/lib/python3.11
2026-06-27 04:35:12.649776   /opt/hostedtoolcache/Python/3.11.15/x64/lib/python3.11/lib-dynload
2026-06-27 04:35:12.699928   /opt/hostedtoolcache/Python/3.11.15/x64/lib/python3.11/site-packages
2026-06-27 04:35:21.923102 TC22 Add To Cart From Recommended Items                               | FAIL |
2026-06-27 04:35:21.958835 Setup failed:
2026-06-27 04:35:21.958847 No keyword with name 'Open Browser' found.
2026-06-27 04:35:21.958856 
2026-06-27 04:35:21.958862 Also teardown failed:
2026-06-27 04:35:21.958869 Several failures occurred:
2026-06-27 04:35:21.958875 
2026-06-27 04:35:21.958882 1) No keyword with name 'Register Keyword To Run On Failure' found.
2026-06-27 04:35:21.958889 
2026-06-27 04:35:21.958895 2) No keyword with name 'Close Browser' found. Did you mean:
2026-06-27 04:35:21.958902     common.Close Test Browser
2026-06-27 04:35:21.958908 ------------------------------------------------------------------------------
2026-06-27 04:35:21.958914 Suites.Cart.TC22 add from recommended items :: TC22 - Add To Cart ... | FAIL |
2026-06-27 04:35:21.959566 1 test, 0 passed, 1 failed
2026-06-27 04:35:21.959642 ==============================================================================
2026-06-27 04:35:21.959654 Suites.Cart                                                           | FAIL |
2026-06-27 04:35:21.959965 1 test, 0 passed, 1 failed
2026-06-27 04:35:21.960011 ==============================================================================
2026-06-27 04:35:21.960019 Suites                                                                | FAIL |
2026-06-27 04:35:21.960354 1 test, 0 passed, 1 failed
2026-06-27 04:35:21.960399 ==============================================================================
2026-06-27 04:35:21.960407 Output:  /home/runner/work/engg-robot-testing-framework/engg-robot-testing-framework/reports/pabot_results/9/output.xml
