2026-08-14 03:07:00.246100 ==============================================================================
2026-08-14 03:07:00.266572 Suites
2026-08-14 03:07:00.266593 ==============================================================================
2026-08-14 03:07:00.266608 Suites.Cart
2026-08-14 03:07:00.267458 ==============================================================================
2026-08-14 03:07:00.267477 Suites.Cart.TC22 add from recommended items :: TC22 - Add To Cart From Reco...
2026-08-14 03:07:00.267477 [ ERROR ] Error in file '/home/runner/work/engg-robot-testing-framework/engg-robot-testing-framework/resources/common.resource' on line 4: Importing library 'playwright_keyword_library.PlaywrightKeywordLibrary' failed: ModuleNotFoundError: No module named 'playwright_keyword_library'
2026-08-14 03:07:00.291169 ==============================================================================
2026-08-14 03:07:00.291169 Traceback (most recent call last):
2026-08-14 03:07:00.291195   None
2026-08-14 03:07:00.341334 PYTHONPATH:
2026-08-14 03:07:00.391471   /opt/hostedtoolcache/Python/3.11.15/x64/bin
2026-08-14 03:07:00.441627   /opt/hostedtoolcache/Python/3.11.15/x64/lib/python311.zip
2026-08-14 03:07:00.491764   /opt/hostedtoolcache/Python/3.11.15/x64/lib/python3.11
2026-08-14 03:07:00.541885   /opt/hostedtoolcache/Python/3.11.15/x64/lib/python3.11/lib-dynload
2026-08-14 03:07:00.592001   /opt/hostedtoolcache/Python/3.11.15/x64/lib/python3.11/site-packages
2026-08-14 03:07:00.642159 [ ERROR ] Error in file '/home/runner/work/engg-robot-testing-framework/engg-robot-testing-framework/resources/cart_keywords.resource' on line 2: Importing library 'playwright_keyword_library.PlaywrightKeywordLibrary' failed: ModuleNotFoundError: No module named 'playwright_keyword_library'
2026-08-14 03:07:00.692314 Traceback (most recent call last):
2026-08-14 03:07:00.742453   None
2026-08-14 03:07:00.792620 PYTHONPATH:
2026-08-14 03:07:00.842784   /opt/hostedtoolcache/Python/3.11.15/x64/bin
2026-08-14 03:07:00.892938   /opt/hostedtoolcache/Python/3.11.15/x64/lib/python311.zip
2026-08-14 03:07:00.943131   /opt/hostedtoolcache/Python/3.11.15/x64/lib/python3.11
2026-08-14 03:07:00.993291   /opt/hostedtoolcache/Python/3.11.15/x64/lib/python3.11/lib-dynload
2026-08-14 03:07:01.043462   /opt/hostedtoolcache/Python/3.11.15/x64/lib/python3.11/site-packages
2026-08-14 03:07:10.268843 TC22 Add To Cart From Recommended Items                               | FAIL |
2026-08-14 03:07:10.301949 Setup failed:
2026-08-14 03:07:10.301970 No keyword with name 'Open Browser' found.
2026-08-14 03:07:10.301985 
2026-08-14 03:07:10.301999 Also teardown failed:
2026-08-14 03:07:10.302013 Several failures occurred:
2026-08-14 03:07:10.302030 
2026-08-14 03:07:10.302046 1) No keyword with name 'Register Keyword To Run On Failure' found.
2026-08-14 03:07:10.302099 
2026-08-14 03:07:10.302112 2) No keyword with name 'Close Browser' found. Did you mean:
2026-08-14 03:07:10.302125     common.Close Test Browser
2026-08-14 03:07:10.302138 ------------------------------------------------------------------------------
2026-08-14 03:07:10.302151 Suites.Cart.TC22 add from recommended items :: TC22 - Add To Cart ... | FAIL |
2026-08-14 03:07:10.302676 1 test, 0 passed, 1 failed
2026-08-14 03:07:10.302703 ==============================================================================
2026-08-14 03:07:10.302763 Suites.Cart                                                           | FAIL |
2026-08-14 03:07:10.303130 1 test, 0 passed, 1 failed
2026-08-14 03:07:10.303190 ==============================================================================
2026-08-14 03:07:10.303207 Suites                                                                | FAIL |
2026-08-14 03:07:10.303531 1 test, 0 passed, 1 failed
2026-08-14 03:07:10.303557 ==============================================================================
2026-08-14 03:07:10.303616 Output:  /home/runner/work/engg-robot-testing-framework/engg-robot-testing-framework/reports/pabot_results/9/output.xml
