2026-09-09 05:00:53.094196 ==============================================================================
2026-09-09 05:00:53.098981 Suites
2026-09-09 05:00:53.099009 ==============================================================================
2026-09-09 05:00:53.099026 Suites.Cart
2026-09-09 05:00:53.099782 ==============================================================================
2026-09-09 05:00:53.099797 Suites.Cart.TC13 verify product quantity :: TC13 - Verify Product Quantity ...
2026-09-09 05:00:53.099797 [ ERROR ] Error in file '/home/runner/work/engg-robot-testing-framework/engg-robot-testing-framework/resources/common.resource' on line 4: Importing library 'playwright_keyword_library.PlaywrightKeywordLibrary' failed: ModuleNotFoundError: No module named 'playwright_keyword_library'
2026-09-09 05:00:53.125841 ==============================================================================
2026-09-09 05:00:53.125841 Traceback (most recent call last):
2026-09-09 05:00:53.125863   None
2026-09-09 05:00:53.175953 PYTHONPATH:
2026-09-09 05:00:53.226043   /opt/hostedtoolcache/Python/3.11.16/x64/bin
2026-09-09 05:00:53.276135   /opt/hostedtoolcache/Python/3.11.16/x64/lib/python311.zip
2026-09-09 05:00:53.326228   /opt/hostedtoolcache/Python/3.11.16/x64/lib/python3.11
2026-09-09 05:00:53.376321   /opt/hostedtoolcache/Python/3.11.16/x64/lib/python3.11/lib-dynload
2026-09-09 05:00:53.426476   /opt/hostedtoolcache/Python/3.11.16/x64/lib/python3.11/site-packages
2026-09-09 05:00:53.476675 [ ERROR ] Error in file '/home/runner/work/engg-robot-testing-framework/engg-robot-testing-framework/resources/product_keywords.resource' on line 2: Importing library 'playwright_keyword_library.PlaywrightKeywordLibrary' failed: ModuleNotFoundError: No module named 'playwright_keyword_library'
2026-09-09 05:00:53.526917 Traceback (most recent call last):
2026-09-09 05:00:53.577230   None
2026-09-09 05:00:53.627469 PYTHONPATH:
2026-09-09 05:00:53.677654   /opt/hostedtoolcache/Python/3.11.16/x64/bin
2026-09-09 05:00:53.727943   /opt/hostedtoolcache/Python/3.11.16/x64/lib/python311.zip
2026-09-09 05:00:53.778220   /opt/hostedtoolcache/Python/3.11.16/x64/lib/python3.11
2026-09-09 05:00:53.828501   /opt/hostedtoolcache/Python/3.11.16/x64/lib/python3.11/lib-dynload
2026-09-09 05:00:53.878790   /opt/hostedtoolcache/Python/3.11.16/x64/lib/python3.11/site-packages
2026-09-09 05:00:53.929048 [ ERROR ] Error in file '/home/runner/work/engg-robot-testing-framework/engg-robot-testing-framework/resources/cart_keywords.resource' on line 2: Importing library 'playwright_keyword_library.PlaywrightKeywordLibrary' failed: ModuleNotFoundError: No module named 'playwright_keyword_library'
2026-09-09 05:00:53.979242 Traceback (most recent call last):
2026-09-09 05:00:54.029526   None
2026-09-09 05:00:54.079864 PYTHONPATH:
2026-09-09 05:00:54.130096   /opt/hostedtoolcache/Python/3.11.16/x64/bin
2026-09-09 05:00:54.180344   /opt/hostedtoolcache/Python/3.11.16/x64/lib/python311.zip
2026-09-09 05:00:54.230507   /opt/hostedtoolcache/Python/3.11.16/x64/lib/python3.11
2026-09-09 05:00:54.280664   /opt/hostedtoolcache/Python/3.11.16/x64/lib/python3.11/lib-dynload
2026-09-09 05:00:54.331029   /opt/hostedtoolcache/Python/3.11.16/x64/lib/python3.11/site-packages
2026-09-09 05:01:03.105864 TC13 Verify Product Quantity In Cart                                  | FAIL |
2026-09-09 05:01:03.136500 Setup failed:
2026-09-09 05:01:03.136517 No keyword with name 'Open Browser' found.
2026-09-09 05:01:03.136531 
2026-09-09 05:01:03.136545 Also teardown failed:
2026-09-09 05:01:03.136558 Several failures occurred:
2026-09-09 05:01:03.136572 
2026-09-09 05:01:03.136585 1) No keyword with name 'Register Keyword To Run On Failure' found.
2026-09-09 05:01:03.136599 
2026-09-09 05:01:03.136613 2) No keyword with name 'Close Browser' found. Did you mean:
2026-09-09 05:01:03.136628     common.Close Test Browser
2026-09-09 05:01:03.136641 ------------------------------------------------------------------------------
2026-09-09 05:01:03.136655 Suites.Cart.TC13 verify product quantity :: TC13 - Verify Product ... | FAIL |
2026-09-09 05:01:03.137271 1 test, 0 passed, 1 failed
2026-09-09 05:01:03.137368 ==============================================================================
2026-09-09 05:01:03.137390 Suites.Cart                                                           | FAIL |
2026-09-09 05:01:03.137795 1 test, 0 passed, 1 failed
2026-09-09 05:01:03.137862 ==============================================================================
2026-09-09 05:01:03.137876 Suites                                                                | FAIL |
2026-09-09 05:01:03.138239 1 test, 0 passed, 1 failed
2026-09-09 05:01:03.138257 ==============================================================================
2026-09-09 05:01:03.138270 Output:  /home/runner/work/engg-robot-testing-framework/engg-robot-testing-framework/reports/pabot_results/6/output.xml
