2026-08-02 04:03:36.310855 ==============================================================================
2026-08-02 04:03:36.334295 Suites
2026-08-02 04:03:36.334326 ==============================================================================
2026-08-02 04:03:36.334347 Suites.Auth
2026-08-02 04:03:36.335345 ==============================================================================
2026-08-02 04:03:36.335371 Suites.Auth.TC03 login invalid
2026-08-02 04:03:36.335371 [ ERROR ] Error in file '/home/runner/work/engg-robot-testing-framework/engg-robot-testing-framework/tests/auth/TC03_login_invalid.robot' on line 2: Importing library 'playwright_keyword_library.PlaywrightKeywordLibrary' failed: ModuleNotFoundError: No module named 'playwright_keyword_library'
2026-08-02 04:03:36.354964 ==============================================================================
2026-08-02 04:03:36.354964 Traceback (most recent call last):
2026-08-02 04:03:36.355041   None
2026-08-02 04:03:36.405216 PYTHONPATH:
2026-08-02 04:03:36.455478   /opt/hostedtoolcache/Python/3.11.15/x64/bin
2026-08-02 04:03:36.505737   /opt/hostedtoolcache/Python/3.11.15/x64/lib/python311.zip
2026-08-02 04:03:36.555908   /opt/hostedtoolcache/Python/3.11.15/x64/lib/python3.11
2026-08-02 04:03:36.606105   /opt/hostedtoolcache/Python/3.11.15/x64/lib/python3.11/lib-dynload
2026-08-02 04:03:36.656280   /opt/hostedtoolcache/Python/3.11.15/x64/lib/python3.11/site-packages
2026-08-02 04:03:36.706587 [ ERROR ] Error in file '/home/runner/work/engg-robot-testing-framework/engg-robot-testing-framework/resources/auth_keywords.resource' on line 2: Importing library 'playwright_keyword_library.PlaywrightKeywordLibrary' failed: ModuleNotFoundError: No module named 'playwright_keyword_library'
2026-08-02 04:03:36.756922 Traceback (most recent call last):
2026-08-02 04:03:36.807287   None
2026-08-02 04:03:36.857554 PYTHONPATH:
2026-08-02 04:03:36.907781   /opt/hostedtoolcache/Python/3.11.15/x64/bin
2026-08-02 04:03:36.957966   /opt/hostedtoolcache/Python/3.11.15/x64/lib/python311.zip
2026-08-02 04:03:37.008179   /opt/hostedtoolcache/Python/3.11.15/x64/lib/python3.11
2026-08-02 04:03:37.058473   /opt/hostedtoolcache/Python/3.11.15/x64/lib/python3.11/lib-dynload
2026-08-02 04:03:37.108795   /opt/hostedtoolcache/Python/3.11.15/x64/lib/python3.11/site-packages
2026-08-02 04:03:37.159035 [ ERROR ] Error in file '/home/runner/work/engg-robot-testing-framework/engg-robot-testing-framework/resources/common.resource' on line 4: Importing library 'playwright_keyword_library.PlaywrightKeywordLibrary' failed: ModuleNotFoundError: No module named 'playwright_keyword_library'
2026-08-02 04:03:37.209289 Traceback (most recent call last):
2026-08-02 04:03:37.259515   None
2026-08-02 04:03:37.309746 PYTHONPATH:
2026-08-02 04:03:37.359994   /opt/hostedtoolcache/Python/3.11.15/x64/bin
2026-08-02 04:03:37.410188   /opt/hostedtoolcache/Python/3.11.15/x64/lib/python311.zip
2026-08-02 04:03:37.460416   /opt/hostedtoolcache/Python/3.11.15/x64/lib/python3.11
2026-08-02 04:03:37.510703   /opt/hostedtoolcache/Python/3.11.15/x64/lib/python3.11/lib-dynload
2026-08-02 04:03:37.560906   /opt/hostedtoolcache/Python/3.11.15/x64/lib/python3.11/site-packages
2026-08-02 04:03:46.331898 TC03 Login User With Incorrect Email And Password                     | FAIL |
2026-08-02 04:03:46.366997 Setup failed:
2026-08-02 04:03:46.367027 No keyword with name 'Open Browser' found.
2026-08-02 04:03:46.367050 
2026-08-02 04:03:46.367069 Also teardown failed:
2026-08-02 04:03:46.367112 Several failures occurred:
2026-08-02 04:03:46.367141 
2026-08-02 04:03:46.367167 1) No keyword with name 'Register Keyword To Run On Failure' found.
2026-08-02 04:03:46.367196 
2026-08-02 04:03:46.367217 2) No keyword with name 'Close Browser' found. Did you mean:
2026-08-02 04:03:46.367241     common.Close Test Browser
2026-08-02 04:03:46.367262 ------------------------------------------------------------------------------
2026-08-02 04:03:46.367285 Suites.Auth.TC03 login invalid                                        | FAIL |
2026-08-02 04:03:46.367932 1 test, 0 passed, 1 failed
2026-08-02 04:03:46.367964 ==============================================================================
2026-08-02 04:03:46.367986 Suites.Auth                                                           | FAIL |
2026-08-02 04:03:46.368512 1 test, 0 passed, 1 failed
2026-08-02 04:03:46.368520 ==============================================================================
2026-08-02 04:03:46.368529 Suites                                                                | FAIL |
2026-08-02 04:03:46.369021 1 test, 0 passed, 1 failed
2026-08-02 04:03:46.369054 ==============================================================================
2026-08-02 04:03:46.369075 Output:  /home/runner/work/engg-robot-testing-framework/engg-robot-testing-framework/reports/pabot_results/2/output.xml
