2026-08-16 02:06:02.787838 ==============================================================================
2026-08-16 02:06:02.814196 Suites
2026-08-16 02:06:02.814217 ==============================================================================
2026-08-16 02:06:02.814232 Suites.Cart
2026-08-16 02:06:02.815138 ==============================================================================
2026-08-16 02:06:02.815157 Suites.Cart.TC12 add products to cart :: TC12 - Add Products In Cart
2026-08-16 02:06:02.815157 [ ERROR ] Error in file '/home/runner/work/engg-robot-testing-framework/engg-robot-testing-framework/resources/common.resource' on line 4: Importing library 'playwright_keyword_library.PlaywrightKeywordLibrary' failed: ModuleNotFoundError: No module named 'playwright_keyword_library'
2026-08-16 02:06:02.846154 ==============================================================================
2026-08-16 02:06:02.846154 Traceback (most recent call last):
2026-08-16 02:06:02.846170   None
2026-08-16 02:06:02.896284 PYTHONPATH:
2026-08-16 02:06:02.946407   /opt/hostedtoolcache/Python/3.11.15/x64/bin
2026-08-16 02:06:02.996536   /opt/hostedtoolcache/Python/3.11.15/x64/lib/python311.zip
2026-08-16 02:06:03.046686   /opt/hostedtoolcache/Python/3.11.15/x64/lib/python3.11
2026-08-16 02:06:03.096804   /opt/hostedtoolcache/Python/3.11.15/x64/lib/python3.11/lib-dynload
2026-08-16 02:06:03.146916   /opt/hostedtoolcache/Python/3.11.15/x64/lib/python3.11/site-packages
2026-08-16 02:06:03.197067 [ ERROR ] Error in file '/home/runner/work/engg-robot-testing-framework/engg-robot-testing-framework/resources/product_keywords.resource' on line 2: Importing library 'playwright_keyword_library.PlaywrightKeywordLibrary' failed: ModuleNotFoundError: No module named 'playwright_keyword_library'
2026-08-16 02:06:03.247216 Traceback (most recent call last):
2026-08-16 02:06:03.297376   None
2026-08-16 02:06:03.347541 PYTHONPATH:
2026-08-16 02:06:03.397699   /opt/hostedtoolcache/Python/3.11.15/x64/bin
2026-08-16 02:06:03.447849   /opt/hostedtoolcache/Python/3.11.15/x64/lib/python311.zip
2026-08-16 02:06:03.497997   /opt/hostedtoolcache/Python/3.11.15/x64/lib/python3.11
2026-08-16 02:06:03.548153   /opt/hostedtoolcache/Python/3.11.15/x64/lib/python3.11/lib-dynload
2026-08-16 02:06:03.598301   /opt/hostedtoolcache/Python/3.11.15/x64/lib/python3.11/site-packages
2026-08-16 02:06:03.648435 [ ERROR ] Error in file '/home/runner/work/engg-robot-testing-framework/engg-robot-testing-framework/resources/cart_keywords.resource' on line 2: Importing library 'playwright_keyword_library.PlaywrightKeywordLibrary' failed: ModuleNotFoundError: No module named 'playwright_keyword_library'
2026-08-16 02:06:03.698581 Traceback (most recent call last):
2026-08-16 02:06:03.748732   None
2026-08-16 02:06:03.798866 PYTHONPATH:
2026-08-16 02:06:03.848999   /opt/hostedtoolcache/Python/3.11.15/x64/bin
2026-08-16 02:06:03.899161   /opt/hostedtoolcache/Python/3.11.15/x64/lib/python311.zip
2026-08-16 02:06:03.949308   /opt/hostedtoolcache/Python/3.11.15/x64/lib/python3.11
2026-08-16 02:06:03.999453   /opt/hostedtoolcache/Python/3.11.15/x64/lib/python3.11/lib-dynload
2026-08-16 02:06:04.049632   /opt/hostedtoolcache/Python/3.11.15/x64/lib/python3.11/site-packages
2026-08-16 02:06:12.822085 TC12 Add Products In Cart                                             | FAIL |
2026-08-16 02:06:12.857489 Setup failed:
2026-08-16 02:06:12.857509 No keyword with name 'Open Browser' found.
2026-08-16 02:06:12.857525 
2026-08-16 02:06:12.857539 Also teardown failed:
2026-08-16 02:06:12.857552 Several failures occurred:
2026-08-16 02:06:12.857565 
2026-08-16 02:06:12.857578 1) No keyword with name 'Register Keyword To Run On Failure' found.
2026-08-16 02:06:12.857599 
2026-08-16 02:06:12.857612 2) No keyword with name 'Close Browser' found. Did you mean:
2026-08-16 02:06:12.857625     common.Close Test Browser
2026-08-16 02:06:12.857636 ------------------------------------------------------------------------------
2026-08-16 02:06:12.857648 Suites.Cart.TC12 add products to cart :: TC12 - Add Products In Cart  | FAIL |
2026-08-16 02:06:12.858192 1 test, 0 passed, 1 failed
2026-08-16 02:06:12.858218 ==============================================================================
2026-08-16 02:06:12.858282 Suites.Cart                                                           | FAIL |
2026-08-16 02:06:12.858609 1 test, 0 passed, 1 failed
2026-08-16 02:06:12.858671 ==============================================================================
2026-08-16 02:06:12.858686 Suites                                                                | FAIL |
2026-08-16 02:06:12.859041 1 test, 0 passed, 1 failed
2026-08-16 02:06:12.859060 ==============================================================================
2026-08-16 02:06:12.859075 Output:  /home/runner/work/engg-robot-testing-framework/engg-robot-testing-framework/reports/pabot_results/5/output.xml
