2026-07-10 04:33:41.701994 ==============================================================================
2026-07-10 04:33:41.723390 Suites
2026-07-10 04:33:41.723414 ==============================================================================
2026-07-10 04:33:41.723428 Suites.Auth
2026-07-10 04:33:41.724181 ==============================================================================
2026-07-10 04:33:41.724199 Suites.Auth.TC03 login invalid
2026-07-10 04:33:41.724199 [ ERROR ] Error in file '/home/runner/work/engg-robot-testing-framework/engg-robot-testing-framework/tests/auth/TC03_login_invalid.robot' on line 2: Importing library 'playwright_keyword_library.PlaywrightKeywordLibrary' failed: ModuleNotFoundError: No module named 'playwright_keyword_library'
2026-07-10 04:33:41.743145 ==============================================================================
2026-07-10 04:33:41.743145 Traceback (most recent call last):
2026-07-10 04:33:41.743175   None
2026-07-10 04:33:41.793297 PYTHONPATH:
2026-07-10 04:33:41.843408   /opt/hostedtoolcache/Python/3.11.15/x64/bin
2026-07-10 04:33:41.893538   /opt/hostedtoolcache/Python/3.11.15/x64/lib/python311.zip
2026-07-10 04:33:41.943658   /opt/hostedtoolcache/Python/3.11.15/x64/lib/python3.11
2026-07-10 04:33:41.993783   /opt/hostedtoolcache/Python/3.11.15/x64/lib/python3.11/lib-dynload
2026-07-10 04:33:42.043948   /opt/hostedtoolcache/Python/3.11.15/x64/lib/python3.11/site-packages
2026-07-10 04:33:42.094111 [ ERROR ] Error in file '/home/runner/work/engg-robot-testing-framework/engg-robot-testing-framework/resources/auth_keywords.resource' on line 2: Importing library 'playwright_keyword_library.PlaywrightKeywordLibrary' failed: ModuleNotFoundError: No module named 'playwright_keyword_library'
2026-07-10 04:33:42.144272 Traceback (most recent call last):
2026-07-10 04:33:42.194431   None
2026-07-10 04:33:42.244585 PYTHONPATH:
2026-07-10 04:33:42.294747   /opt/hostedtoolcache/Python/3.11.15/x64/bin
2026-07-10 04:33:42.344916   /opt/hostedtoolcache/Python/3.11.15/x64/lib/python311.zip
2026-07-10 04:33:42.395074   /opt/hostedtoolcache/Python/3.11.15/x64/lib/python3.11
2026-07-10 04:33:42.445209   /opt/hostedtoolcache/Python/3.11.15/x64/lib/python3.11/lib-dynload
2026-07-10 04:33:42.495361   /opt/hostedtoolcache/Python/3.11.15/x64/lib/python3.11/site-packages
2026-07-10 04:33:42.545512 [ ERROR ] Error in file '/home/runner/work/engg-robot-testing-framework/engg-robot-testing-framework/resources/common.resource' on line 4: Importing library 'playwright_keyword_library.PlaywrightKeywordLibrary' failed: ModuleNotFoundError: No module named 'playwright_keyword_library'
2026-07-10 04:33:42.595632 Traceback (most recent call last):
2026-07-10 04:33:42.645786   None
2026-07-10 04:33:42.695923 PYTHONPATH:
2026-07-10 04:33:42.746064   /opt/hostedtoolcache/Python/3.11.15/x64/bin
2026-07-10 04:33:42.796237   /opt/hostedtoolcache/Python/3.11.15/x64/lib/python311.zip
2026-07-10 04:33:42.846402   /opt/hostedtoolcache/Python/3.11.15/x64/lib/python3.11
2026-07-10 04:33:42.896580   /opt/hostedtoolcache/Python/3.11.15/x64/lib/python3.11/lib-dynload
2026-07-10 04:33:42.946737   /opt/hostedtoolcache/Python/3.11.15/x64/lib/python3.11/site-packages
2026-07-10 04:33:51.720913 TC03 Login User With Incorrect Email And Password                     | FAIL |
2026-07-10 04:33:51.753601 Setup failed:
2026-07-10 04:33:51.753618 No keyword with name 'Open Browser' found.
2026-07-10 04:33:51.753629 
2026-07-10 04:33:51.753637 Also teardown failed:
2026-07-10 04:33:51.753646 Several failures occurred:
2026-07-10 04:33:51.753655 
2026-07-10 04:33:51.753663 1) No keyword with name 'Register Keyword To Run On Failure' found.
2026-07-10 04:33:51.753672 
2026-07-10 04:33:51.753680 2) No keyword with name 'Close Browser' found. Did you mean:
2026-07-10 04:33:51.753689     common.Close Test Browser
2026-07-10 04:33:51.753698 ------------------------------------------------------------------------------
2026-07-10 04:33:51.753706 Suites.Auth.TC03 login invalid                                        | FAIL |
2026-07-10 04:33:51.754086 1 test, 0 passed, 1 failed
2026-07-10 04:33:51.754104 ==============================================================================
2026-07-10 04:33:51.754117 Suites.Auth                                                           | FAIL |
2026-07-10 04:33:51.754513 1 test, 0 passed, 1 failed
2026-07-10 04:33:51.754532 ==============================================================================
2026-07-10 04:33:51.754546 Suites                                                                | FAIL |
2026-07-10 04:33:51.754862 1 test, 0 passed, 1 failed
2026-07-10 04:33:51.754931 ==============================================================================
2026-07-10 04:33:51.754945 Output:  /home/runner/work/engg-robot-testing-framework/engg-robot-testing-framework/reports/pabot_results/2/output.xml
