2026-08-17 13:10:30.494024 ==============================================================================
2026-08-17 13:10:30.512142 Suites
2026-08-17 13:10:30.512160 ==============================================================================
2026-08-17 13:10:30.512173 Suites.Auth
2026-08-17 13:10:30.512983 ==============================================================================
2026-08-17 13:10:30.513003 Suites.Auth.TC04 logout user
2026-08-17 13:10:30.513003 [ ERROR ] Error in file '/home/runner/work/engg-robot-testing-framework/engg-robot-testing-framework/tests/auth/TC04_logout_user.robot' on line 2: Importing library 'playwright_keyword_library.PlaywrightKeywordLibrary' failed: ModuleNotFoundError: No module named 'playwright_keyword_library'
2026-08-17 13:10:30.530796 ==============================================================================
2026-08-17 13:10:30.530796 Traceback (most recent call last):
2026-08-17 13:10:30.530819   None
2026-08-17 13:10:30.580940 PYTHONPATH:
2026-08-17 13:10:30.631085   /opt/hostedtoolcache/Python/3.11.15/x64/bin
2026-08-17 13:10:30.681228   /opt/hostedtoolcache/Python/3.11.15/x64/lib/python311.zip
2026-08-17 13:10:30.731396   /opt/hostedtoolcache/Python/3.11.15/x64/lib/python3.11
2026-08-17 13:10:30.781543   /opt/hostedtoolcache/Python/3.11.15/x64/lib/python3.11/lib-dynload
2026-08-17 13:10:30.831688   /opt/hostedtoolcache/Python/3.11.15/x64/lib/python3.11/site-packages
2026-08-17 13:10:30.881831 [ ERROR ] Error in file '/home/runner/work/engg-robot-testing-framework/engg-robot-testing-framework/resources/auth_keywords.resource' on line 2: Importing library 'playwright_keyword_library.PlaywrightKeywordLibrary' failed: ModuleNotFoundError: No module named 'playwright_keyword_library'
2026-08-17 13:10:30.931985 Traceback (most recent call last):
2026-08-17 13:10:30.982135   None
2026-08-17 13:10:31.032285 PYTHONPATH:
2026-08-17 13:10:31.082432   /opt/hostedtoolcache/Python/3.11.15/x64/bin
2026-08-17 13:10:31.132583   /opt/hostedtoolcache/Python/3.11.15/x64/lib/python311.zip
2026-08-17 13:10:31.182698   /opt/hostedtoolcache/Python/3.11.15/x64/lib/python3.11
2026-08-17 13:10:31.232845   /opt/hostedtoolcache/Python/3.11.15/x64/lib/python3.11/lib-dynload
2026-08-17 13:10:31.282997   /opt/hostedtoolcache/Python/3.11.15/x64/lib/python3.11/site-packages
2026-08-17 13:10:31.333144 [ ERROR ] Error in file '/home/runner/work/engg-robot-testing-framework/engg-robot-testing-framework/resources/common.resource' on line 4: Importing library 'playwright_keyword_library.PlaywrightKeywordLibrary' failed: ModuleNotFoundError: No module named 'playwright_keyword_library'
2026-08-17 13:10:31.383271 Traceback (most recent call last):
2026-08-17 13:10:31.433413   None
2026-08-17 13:10:31.483561 PYTHONPATH:
2026-08-17 13:10:31.533709   /opt/hostedtoolcache/Python/3.11.15/x64/bin
2026-08-17 13:10:31.583871   /opt/hostedtoolcache/Python/3.11.15/x64/lib/python311.zip
2026-08-17 13:10:31.634022   /opt/hostedtoolcache/Python/3.11.15/x64/lib/python3.11
2026-08-17 13:10:31.684166   /opt/hostedtoolcache/Python/3.11.15/x64/lib/python3.11/lib-dynload
2026-08-17 13:10:31.734310   /opt/hostedtoolcache/Python/3.11.15/x64/lib/python3.11/site-packages
2026-08-17 13:10:40.504937 TC04 Logout User                                                      | FAIL |
2026-08-17 13:10:40.540268 Setup failed:
2026-08-17 13:10:40.540286 No keyword with name 'Open Browser' found.
2026-08-17 13:10:40.540300 
2026-08-17 13:10:40.540311 Also teardown failed:
2026-08-17 13:10:40.540329 Several failures occurred:
2026-08-17 13:10:40.540341 
2026-08-17 13:10:40.540352 1) No keyword with name 'Register Keyword To Run On Failure' found.
2026-08-17 13:10:40.540383 
2026-08-17 13:10:40.540394 2) No keyword with name 'Close Browser' found. Did you mean:
2026-08-17 13:10:40.540404     common.Close Test Browser
2026-08-17 13:10:40.540414 ------------------------------------------------------------------------------
2026-08-17 13:10:40.540424 Suites.Auth.TC04 logout user                                          | FAIL |
2026-08-17 13:10:40.540907 1 test, 0 passed, 1 failed
2026-08-17 13:10:40.540927 ==============================================================================
2026-08-17 13:10:40.540977 Suites.Auth                                                           | FAIL |
2026-08-17 13:10:40.541285 1 test, 0 passed, 1 failed
2026-08-17 13:10:40.541342 ==============================================================================
2026-08-17 13:10:40.541355 Suites                                                                | FAIL |
2026-08-17 13:10:40.541656 1 test, 0 passed, 1 failed
2026-08-17 13:10:40.541672 ==============================================================================
2026-08-17 13:10:40.541683 Output:  /home/runner/work/engg-robot-testing-framework/engg-robot-testing-framework/reports/pabot_results/3/output.xml
