2026-08-14 03:06:18.543712 ==============================================================================
2026-08-14 03:06:18.564270 Suites
2026-08-14 03:06:18.564293 ==============================================================================
2026-08-14 03:06:18.564307 Suites.Auth
2026-08-14 03:06:18.565110 ==============================================================================
2026-08-14 03:06:18.565135 Suites.Auth.TC01 register user
2026-08-14 03:06:18.565135 [ ERROR ] Error in file '/home/runner/work/engg-robot-testing-framework/engg-robot-testing-framework/tests/auth/TC01_register_user.robot' on line 2: Importing library 'playwright_keyword_library.PlaywrightKeywordLibrary' failed: ModuleNotFoundError: No module named 'playwright_keyword_library'
2026-08-14 03:06:18.585166 ==============================================================================
2026-08-14 03:06:18.585166 Traceback (most recent call last):
2026-08-14 03:06:18.585197   None
2026-08-14 03:06:18.635373 PYTHONPATH:
2026-08-14 03:06:18.685527   /opt/hostedtoolcache/Python/3.11.15/x64/bin
2026-08-14 03:06:18.735681   /opt/hostedtoolcache/Python/3.11.15/x64/lib/python311.zip
2026-08-14 03:06:18.785839   /opt/hostedtoolcache/Python/3.11.15/x64/lib/python3.11
2026-08-14 03:06:18.836019   /opt/hostedtoolcache/Python/3.11.15/x64/lib/python3.11/lib-dynload
2026-08-14 03:06:18.886205   /opt/hostedtoolcache/Python/3.11.15/x64/lib/python3.11/site-packages
2026-08-14 03:06:18.936506 [ ERROR ] Error in file '/home/runner/work/engg-robot-testing-framework/engg-robot-testing-framework/resources/auth_keywords.resource' on line 2: Importing library 'playwright_keyword_library.PlaywrightKeywordLibrary' failed: ModuleNotFoundError: No module named 'playwright_keyword_library'
2026-08-14 03:06:18.986746 Traceback (most recent call last):
2026-08-14 03:06:19.037052   None
2026-08-14 03:06:19.087264 PYTHONPATH:
2026-08-14 03:06:19.137573   /opt/hostedtoolcache/Python/3.11.15/x64/bin
2026-08-14 03:06:19.187811   /opt/hostedtoolcache/Python/3.11.15/x64/lib/python311.zip
2026-08-14 03:06:19.238128   /opt/hostedtoolcache/Python/3.11.15/x64/lib/python3.11
2026-08-14 03:06:19.288354   /opt/hostedtoolcache/Python/3.11.15/x64/lib/python3.11/lib-dynload
2026-08-14 03:06:19.338674   /opt/hostedtoolcache/Python/3.11.15/x64/lib/python3.11/site-packages
2026-08-14 03:06:19.388910 [ ERROR ] Error in file '/home/runner/work/engg-robot-testing-framework/engg-robot-testing-framework/resources/common.resource' on line 4: Importing library 'playwright_keyword_library.PlaywrightKeywordLibrary' failed: ModuleNotFoundError: No module named 'playwright_keyword_library'
2026-08-14 03:06:19.439197 Traceback (most recent call last):
2026-08-14 03:06:19.489436   None
2026-08-14 03:06:19.539747 PYTHONPATH:
2026-08-14 03:06:19.589985   /opt/hostedtoolcache/Python/3.11.15/x64/bin
2026-08-14 03:06:19.640293   /opt/hostedtoolcache/Python/3.11.15/x64/lib/python311.zip
2026-08-14 03:06:19.690551   /opt/hostedtoolcache/Python/3.11.15/x64/lib/python3.11
2026-08-14 03:06:19.740781   /opt/hostedtoolcache/Python/3.11.15/x64/lib/python3.11/lib-dynload
2026-08-14 03:06:19.791030   /opt/hostedtoolcache/Python/3.11.15/x64/lib/python3.11/site-packages
2026-08-14 03:06:28.566112 TC01 Register User                                                    | FAIL |
2026-08-14 03:06:28.595851 Setup failed:
2026-08-14 03:06:28.595869 No keyword with name 'Open Browser' found.
2026-08-14 03:06:28.595884 
2026-08-14 03:06:28.595897 Also teardown failed:
2026-08-14 03:06:28.595909 Several failures occurred:
2026-08-14 03:06:28.595921 
2026-08-14 03:06:28.595933 1) No keyword with name 'Register Keyword To Run On Failure' found.
2026-08-14 03:06:28.595946 
2026-08-14 03:06:28.595957 2) No keyword with name 'Close Browser' found. Did you mean:
2026-08-14 03:06:28.595969     common.Close Test Browser
2026-08-14 03:06:28.595981 ------------------------------------------------------------------------------
2026-08-14 03:06:28.595993 Suites.Auth.TC01 register user                                        | FAIL |
2026-08-14 03:06:28.596620 1 test, 0 passed, 1 failed
2026-08-14 03:06:28.596721 ==============================================================================
2026-08-14 03:06:28.596738 Suites.Auth                                                           | FAIL |
2026-08-14 03:06:28.597195 1 test, 0 passed, 1 failed
2026-08-14 03:06:28.597286 ==============================================================================
2026-08-14 03:06:28.597302 Suites                                                                | FAIL |
2026-08-14 03:06:28.597603 1 test, 0 passed, 1 failed
2026-08-14 03:06:28.597687 ==============================================================================
2026-08-14 03:06:28.597704 Output:  /home/runner/work/engg-robot-testing-framework/engg-robot-testing-framework/reports/pabot_results/0/output.xml
