2026-08-09 02:35:28.567620 ==============================================================================
2026-08-09 02:35:28.584983 Suites
2026-08-09 02:35:28.585007 ==============================================================================
2026-08-09 02:35:28.585020 Suites.Cart
2026-08-09 02:35:28.585793 ==============================================================================
2026-08-09 02:35:28.585808 Suites.Cart.TC17 remove products from cart :: TC17 - Remove Products From Cart
2026-08-09 02:35:28.585808 [ ERROR ] Error in file '/home/runner/work/engg-robot-testing-framework/engg-robot-testing-framework/resources/common.resource' on line 4: Importing library 'playwright_keyword_library.PlaywrightKeywordLibrary' failed: ModuleNotFoundError: No module named 'playwright_keyword_library'
2026-08-09 02:35:28.613067 ==============================================================================
2026-08-09 02:35:28.613067 Traceback (most recent call last):
2026-08-09 02:35:28.613092   None
2026-08-09 02:35:28.663239 PYTHONPATH:
2026-08-09 02:35:28.713434   /opt/hostedtoolcache/Python/3.11.15/x64/bin
2026-08-09 02:35:28.763613   /opt/hostedtoolcache/Python/3.11.15/x64/lib/python311.zip
2026-08-09 02:35:28.813826   /opt/hostedtoolcache/Python/3.11.15/x64/lib/python3.11
2026-08-09 02:35:28.864040   /opt/hostedtoolcache/Python/3.11.15/x64/lib/python3.11/lib-dynload
2026-08-09 02:35:28.914258   /opt/hostedtoolcache/Python/3.11.15/x64/lib/python3.11/site-packages
2026-08-09 02:35:28.964464 [ ERROR ] Error in file '/home/runner/work/engg-robot-testing-framework/engg-robot-testing-framework/resources/product_keywords.resource' on line 2: Importing library 'playwright_keyword_library.PlaywrightKeywordLibrary' failed: ModuleNotFoundError: No module named 'playwright_keyword_library'
2026-08-09 02:35:29.014797 Traceback (most recent call last):
2026-08-09 02:35:29.065015   None
2026-08-09 02:35:29.115310 PYTHONPATH:
2026-08-09 02:35:29.165500   /opt/hostedtoolcache/Python/3.11.15/x64/bin
2026-08-09 02:35:29.215760   /opt/hostedtoolcache/Python/3.11.15/x64/lib/python311.zip
2026-08-09 02:35:29.266034   /opt/hostedtoolcache/Python/3.11.15/x64/lib/python3.11
2026-08-09 02:35:29.316306   /opt/hostedtoolcache/Python/3.11.15/x64/lib/python3.11/lib-dynload
2026-08-09 02:35:29.366564   /opt/hostedtoolcache/Python/3.11.15/x64/lib/python3.11/site-packages
2026-08-09 02:35:29.416810 [ ERROR ] Error in file '/home/runner/work/engg-robot-testing-framework/engg-robot-testing-framework/resources/cart_keywords.resource' on line 2: Importing library 'playwright_keyword_library.PlaywrightKeywordLibrary' failed: ModuleNotFoundError: No module named 'playwright_keyword_library'
2026-08-09 02:35:29.466996 Traceback (most recent call last):
2026-08-09 02:35:29.517157   None
2026-08-09 02:35:29.567352 PYTHONPATH:
2026-08-09 02:35:29.617549   /opt/hostedtoolcache/Python/3.11.15/x64/bin
2026-08-09 02:35:29.667695   /opt/hostedtoolcache/Python/3.11.15/x64/lib/python311.zip
2026-08-09 02:35:29.717889   /opt/hostedtoolcache/Python/3.11.15/x64/lib/python3.11
2026-08-09 02:35:29.768046   /opt/hostedtoolcache/Python/3.11.15/x64/lib/python3.11/lib-dynload
2026-08-09 02:35:29.818215   /opt/hostedtoolcache/Python/3.11.15/x64/lib/python3.11/site-packages
2026-08-09 02:35:38.594298 TC17 Remove Products From Cart                                        | FAIL |
2026-08-09 02:35:38.624547 Setup failed:
2026-08-09 02:35:38.624561 No keyword with name 'Open Browser' found.
2026-08-09 02:35:38.624570 
2026-08-09 02:35:38.624577 Also teardown failed:
2026-08-09 02:35:38.624584 Several failures occurred:
2026-08-09 02:35:38.624591 
2026-08-09 02:35:38.624598 1) No keyword with name 'Register Keyword To Run On Failure' found.
2026-08-09 02:35:38.624606 
2026-08-09 02:35:38.624613 2) No keyword with name 'Close Browser' found. Did you mean:
2026-08-09 02:35:38.624620     common.Close Test Browser
2026-08-09 02:35:38.624626 ------------------------------------------------------------------------------
2026-08-09 02:35:38.624633 Suites.Cart.TC17 remove products from cart :: TC17 - Remove Produc... | FAIL |
2026-08-09 02:35:38.625336 1 test, 0 passed, 1 failed
2026-08-09 02:35:38.625377 ==============================================================================
2026-08-09 02:35:38.625384 Suites.Cart                                                           | FAIL |
2026-08-09 02:35:38.625835 1 test, 0 passed, 1 failed
2026-08-09 02:35:38.625878 ==============================================================================
2026-08-09 02:35:38.625885 Suites                                                                | FAIL |
2026-08-09 02:35:38.626287 1 test, 0 passed, 1 failed
2026-08-09 02:35:38.626327 ==============================================================================
2026-08-09 02:35:38.626334 Output:  /home/runner/work/engg-robot-testing-framework/engg-robot-testing-framework/reports/pabot_results/7/output.xml
