2026-06-27 04:34:51.056340 ==============================================================================
2026-06-27 04:34:51.082672 Suites
2026-06-27 04:34:51.082696 ==============================================================================
2026-06-27 04:34:51.082710 Suites.Cart
2026-06-27 04:34:51.083516 ==============================================================================
2026-06-27 04:34:51.083534 Suites.Cart.TC12 add products to cart :: TC12 - Add Products In Cart
2026-06-27 04:34:51.083534 [ ERROR ] Error in file '/home/runner/work/engg-robot-testing-framework/engg-robot-testing-framework/resources/common.resource' on line 4: Importing library 'playwright_keyword_library.PlaywrightKeywordLibrary' failed: ModuleNotFoundError: No module named 'playwright_keyword_library'
2026-06-27 04:34:51.115389 ==============================================================================
2026-06-27 04:34:51.115389 Traceback (most recent call last):
2026-06-27 04:34:51.115416   None
2026-06-27 04:34:51.165533 PYTHONPATH:
2026-06-27 04:34:51.215664   /opt/hostedtoolcache/Python/3.11.15/x64/bin
2026-06-27 04:34:51.265780   /opt/hostedtoolcache/Python/3.11.15/x64/lib/python311.zip
2026-06-27 04:34:51.315893   /opt/hostedtoolcache/Python/3.11.15/x64/lib/python3.11
2026-06-27 04:34:51.366005   /opt/hostedtoolcache/Python/3.11.15/x64/lib/python3.11/lib-dynload
2026-06-27 04:34:51.416114   /opt/hostedtoolcache/Python/3.11.15/x64/lib/python3.11/site-packages
2026-06-27 04:34:51.466264 [ ERROR ] Error in file '/home/runner/work/engg-robot-testing-framework/engg-robot-testing-framework/resources/product_keywords.resource' on line 2: Importing library 'playwright_keyword_library.PlaywrightKeywordLibrary' failed: ModuleNotFoundError: No module named 'playwright_keyword_library'
2026-06-27 04:34:51.516378 Traceback (most recent call last):
2026-06-27 04:34:51.566538   None
2026-06-27 04:34:51.616687 PYTHONPATH:
2026-06-27 04:34:51.666844   /opt/hostedtoolcache/Python/3.11.15/x64/bin
2026-06-27 04:34:51.716978   /opt/hostedtoolcache/Python/3.11.15/x64/lib/python311.zip
2026-06-27 04:34:51.767132   /opt/hostedtoolcache/Python/3.11.15/x64/lib/python3.11
2026-06-27 04:34:51.817286   /opt/hostedtoolcache/Python/3.11.15/x64/lib/python3.11/lib-dynload
2026-06-27 04:34:51.867432   /opt/hostedtoolcache/Python/3.11.15/x64/lib/python3.11/site-packages
2026-06-27 04:34:51.917580 [ ERROR ] Error in file '/home/runner/work/engg-robot-testing-framework/engg-robot-testing-framework/resources/cart_keywords.resource' on line 2: Importing library 'playwright_keyword_library.PlaywrightKeywordLibrary' failed: ModuleNotFoundError: No module named 'playwright_keyword_library'
2026-06-27 04:34:51.967736 Traceback (most recent call last):
2026-06-27 04:34:52.017850   None
2026-06-27 04:34:52.068012 PYTHONPATH:
2026-06-27 04:34:52.118146   /opt/hostedtoolcache/Python/3.11.15/x64/bin
2026-06-27 04:34:52.168294   /opt/hostedtoolcache/Python/3.11.15/x64/lib/python311.zip
2026-06-27 04:34:52.218413   /opt/hostedtoolcache/Python/3.11.15/x64/lib/python3.11
2026-06-27 04:34:52.268569   /opt/hostedtoolcache/Python/3.11.15/x64/lib/python3.11/lib-dynload
2026-06-27 04:34:52.318680   /opt/hostedtoolcache/Python/3.11.15/x64/lib/python3.11/site-packages
2026-06-27 04:35:01.090237 TC12 Add Products In Cart                                             | FAIL |
2026-06-27 04:35:01.126741 Setup failed:
2026-06-27 04:35:01.126767 No keyword with name 'Open Browser' found.
2026-06-27 04:35:01.126811 
2026-06-27 04:35:01.126825 Also teardown failed:
2026-06-27 04:35:01.126838 Several failures occurred:
2026-06-27 04:35:01.126849 
2026-06-27 04:35:01.126861 1) No keyword with name 'Register Keyword To Run On Failure' found.
2026-06-27 04:35:01.126873 
2026-06-27 04:35:01.126884 2) No keyword with name 'Close Browser' found. Did you mean:
2026-06-27 04:35:01.126894     common.Close Test Browser
2026-06-27 04:35:01.126907 ------------------------------------------------------------------------------
2026-06-27 04:35:01.126918 Suites.Cart.TC12 add products to cart :: TC12 - Add Products In Cart  | FAIL |
2026-06-27 04:35:01.127417 1 test, 0 passed, 1 failed
2026-06-27 04:35:01.127495 ==============================================================================
2026-06-27 04:35:01.127511 Suites.Cart                                                           | FAIL |
2026-06-27 04:35:01.127856 1 test, 0 passed, 1 failed
2026-06-27 04:35:01.127929 ==============================================================================
2026-06-27 04:35:01.127944 Suites                                                                | FAIL |
2026-06-27 04:35:01.128259 1 test, 0 passed, 1 failed
2026-06-27 04:35:01.128305 ==============================================================================
2026-06-27 04:35:01.128317 Output:  /home/runner/work/engg-robot-testing-framework/engg-robot-testing-framework/reports/pabot_results/5/output.xml
