2026-07-13 04:09:37.454927 ==============================================================================
2026-07-13 04:09:37.482352 Suites
2026-07-13 04:09:37.482375 ==============================================================================
2026-07-13 04:09:37.482393 Suites.Cart
2026-07-13 04:09:37.483281 ==============================================================================
2026-07-13 04:09:37.483299 Suites.Cart.TC20 search and verify cart after login :: TC20 - Search Produc...
2026-07-13 04:09:37.483299 [ ERROR ] Error in file '/home/runner/work/engg-robot-testing-framework/engg-robot-testing-framework/tests/cart/TC20_search_and_verify_cart_after_login.robot' on line 3: Importing library 'playwright_keyword_library.PlaywrightKeywordLibrary' failed: ModuleNotFoundError: No module named 'playwright_keyword_library'
2026-07-13 04:09:37.520730 ==============================================================================
2026-07-13 04:09:37.520730 Traceback (most recent call last):
2026-07-13 04:09:37.520777   None
2026-07-13 04:09:37.570909 PYTHONPATH:
2026-07-13 04:09:37.621067   /opt/hostedtoolcache/Python/3.11.15/x64/bin
2026-07-13 04:09:37.671209   /opt/hostedtoolcache/Python/3.11.15/x64/lib/python311.zip
2026-07-13 04:09:37.721368   /opt/hostedtoolcache/Python/3.11.15/x64/lib/python3.11
2026-07-13 04:09:37.771514   /opt/hostedtoolcache/Python/3.11.15/x64/lib/python3.11/lib-dynload
2026-07-13 04:09:37.821713   /opt/hostedtoolcache/Python/3.11.15/x64/lib/python3.11/site-packages
2026-07-13 04:09:37.871905 [ ERROR ] Error in file '/home/runner/work/engg-robot-testing-framework/engg-robot-testing-framework/resources/common.resource' on line 4: Importing library 'playwright_keyword_library.PlaywrightKeywordLibrary' failed: ModuleNotFoundError: No module named 'playwright_keyword_library'
2026-07-13 04:09:37.922088 Traceback (most recent call last):
2026-07-13 04:09:37.972284   None
2026-07-13 04:09:38.022464 PYTHONPATH:
2026-07-13 04:09:38.072648   /opt/hostedtoolcache/Python/3.11.15/x64/bin
2026-07-13 04:09:38.122868   /opt/hostedtoolcache/Python/3.11.15/x64/lib/python311.zip
2026-07-13 04:09:38.173085   /opt/hostedtoolcache/Python/3.11.15/x64/lib/python3.11
2026-07-13 04:09:38.223272   /opt/hostedtoolcache/Python/3.11.15/x64/lib/python3.11/lib-dynload
2026-07-13 04:09:38.273486   /opt/hostedtoolcache/Python/3.11.15/x64/lib/python3.11/site-packages
2026-07-13 04:09:38.323660 [ ERROR ] Error in file '/home/runner/work/engg-robot-testing-framework/engg-robot-testing-framework/resources/product_keywords.resource' on line 2: Importing library 'playwright_keyword_library.PlaywrightKeywordLibrary' failed: ModuleNotFoundError: No module named 'playwright_keyword_library'
2026-07-13 04:09:38.373894 Traceback (most recent call last):
2026-07-13 04:09:38.424038   None
2026-07-13 04:09:38.474248 PYTHONPATH:
2026-07-13 04:09:38.524409   /opt/hostedtoolcache/Python/3.11.15/x64/bin
2026-07-13 04:09:38.574605   /opt/hostedtoolcache/Python/3.11.15/x64/lib/python311.zip
2026-07-13 04:09:38.624763   /opt/hostedtoolcache/Python/3.11.15/x64/lib/python3.11
2026-07-13 04:09:38.674970   /opt/hostedtoolcache/Python/3.11.15/x64/lib/python3.11/lib-dynload
2026-07-13 04:09:38.725135   /opt/hostedtoolcache/Python/3.11.15/x64/lib/python3.11/site-packages
2026-07-13 04:09:38.775330 [ ERROR ] Error in file '/home/runner/work/engg-robot-testing-framework/engg-robot-testing-framework/resources/cart_keywords.resource' on line 2: Importing library 'playwright_keyword_library.PlaywrightKeywordLibrary' failed: ModuleNotFoundError: No module named 'playwright_keyword_library'
2026-07-13 04:09:38.825522 Traceback (most recent call last):
2026-07-13 04:09:38.875734   None
2026-07-13 04:09:38.925932 PYTHONPATH:
2026-07-13 04:09:38.976151   /opt/hostedtoolcache/Python/3.11.15/x64/bin
2026-07-13 04:09:39.026312   /opt/hostedtoolcache/Python/3.11.15/x64/lib/python311.zip
2026-07-13 04:09:39.076524   /opt/hostedtoolcache/Python/3.11.15/x64/lib/python3.11
2026-07-13 04:09:39.126720   /opt/hostedtoolcache/Python/3.11.15/x64/lib/python3.11/lib-dynload
2026-07-13 04:09:39.176934   /opt/hostedtoolcache/Python/3.11.15/x64/lib/python3.11/site-packages
2026-07-13 04:09:39.227138 [ ERROR ] Error in file '/home/runner/work/engg-robot-testing-framework/engg-robot-testing-framework/resources/auth_keywords.resource' on line 2: Importing library 'playwright_keyword_library.PlaywrightKeywordLibrary' failed: ModuleNotFoundError: No module named 'playwright_keyword_library'
2026-07-13 04:09:39.277357 Traceback (most recent call last):
2026-07-13 04:09:39.327575   None
2026-07-13 04:09:39.377799 PYTHONPATH:
2026-07-13 04:09:39.427997   /opt/hostedtoolcache/Python/3.11.15/x64/bin
2026-07-13 04:09:39.478207   /opt/hostedtoolcache/Python/3.11.15/x64/lib/python311.zip
2026-07-13 04:09:39.528358   /opt/hostedtoolcache/Python/3.11.15/x64/lib/python3.11
2026-07-13 04:09:39.578571   /opt/hostedtoolcache/Python/3.11.15/x64/lib/python3.11/lib-dynload
2026-07-13 04:09:39.628799   /opt/hostedtoolcache/Python/3.11.15/x64/lib/python3.11/site-packages
2026-07-13 04:09:47.503165 TC20 Search Products And Verify Cart After Login                      | FAIL |
2026-07-13 04:09:47.532527 Setup failed:
2026-07-13 04:09:47.532556 No keyword with name 'Open Browser' found.
2026-07-13 04:09:47.532578 
2026-07-13 04:09:47.532598 Also teardown failed:
2026-07-13 04:09:47.532617 Several failures occurred:
2026-07-13 04:09:47.532634 
2026-07-13 04:09:47.532701 1) No keyword with name 'Register Keyword To Run On Failure' found.
2026-07-13 04:09:47.532722 
2026-07-13 04:09:47.532735 2) No keyword with name 'Close Browser' found. Did you mean:
2026-07-13 04:09:47.532746     common.Close Test Browser
2026-07-13 04:09:47.532758 ------------------------------------------------------------------------------
2026-07-13 04:09:47.532768 Suites.Cart.TC20 search and verify cart after login :: TC20 - Sear... | FAIL |
2026-07-13 04:09:47.533227 1 test, 0 passed, 1 failed
2026-07-13 04:09:47.533293 ==============================================================================
2026-07-13 04:09:47.533307 Suites.Cart                                                           | FAIL |
2026-07-13 04:09:47.533642 1 test, 0 passed, 1 failed
2026-07-13 04:09:47.533755 ==============================================================================
2026-07-13 04:09:47.533772 Suites                                                                | FAIL |
2026-07-13 04:09:47.534092 1 test, 0 passed, 1 failed
2026-07-13 04:09:47.534157 ==============================================================================
2026-07-13 04:09:47.534172 Output:  /home/runner/work/engg-robot-testing-framework/engg-robot-testing-framework/reports/pabot_results/8/output.xml
