2026-08-01 04:02:39.566952 ==============================================================================
2026-08-01 04:02:39.591358 Suites
2026-08-01 04:02:39.591377 ==============================================================================
2026-08-01 04:02:39.591392 Suites.Cart
2026-08-01 04:02:39.592233 ==============================================================================
2026-08-01 04:02:39.592253 Suites.Cart.TC12 add products to cart :: TC12 - Add Products In Cart
2026-08-01 04:02:39.592253 [ ERROR ] Error in file '/home/runner/work/engg-robot-testing-framework/engg-robot-testing-framework/resources/common.resource' on line 4: Importing library 'playwright_keyword_library.PlaywrightKeywordLibrary' failed: ModuleNotFoundError: No module named 'playwright_keyword_library'
2026-08-01 04:02:39.624338 ==============================================================================
2026-08-01 04:02:39.624338 Traceback (most recent call last):
2026-08-01 04:02:39.624365   None
2026-08-01 04:02:39.674545 PYTHONPATH:
2026-08-01 04:02:39.724698   /opt/hostedtoolcache/Python/3.11.15/x64/bin
2026-08-01 04:02:39.774862   /opt/hostedtoolcache/Python/3.11.15/x64/lib/python311.zip
2026-08-01 04:02:39.824982   /opt/hostedtoolcache/Python/3.11.15/x64/lib/python3.11
2026-08-01 04:02:39.875123   /opt/hostedtoolcache/Python/3.11.15/x64/lib/python3.11/lib-dynload
2026-08-01 04:02:39.925246   /opt/hostedtoolcache/Python/3.11.15/x64/lib/python3.11/site-packages
2026-08-01 04:02:39.975447 [ ERROR ] Error in file '/home/runner/work/engg-robot-testing-framework/engg-robot-testing-framework/resources/product_keywords.resource' on line 2: Importing library 'playwright_keyword_library.PlaywrightKeywordLibrary' failed: ModuleNotFoundError: No module named 'playwright_keyword_library'
2026-08-01 04:02:40.025590 Traceback (most recent call last):
2026-08-01 04:02:40.075757   None
2026-08-01 04:02:40.125891 PYTHONPATH:
2026-08-01 04:02:40.176071   /opt/hostedtoolcache/Python/3.11.15/x64/bin
2026-08-01 04:02:40.226244   /opt/hostedtoolcache/Python/3.11.15/x64/lib/python311.zip
2026-08-01 04:02:40.276399   /opt/hostedtoolcache/Python/3.11.15/x64/lib/python3.11
2026-08-01 04:02:40.326507   /opt/hostedtoolcache/Python/3.11.15/x64/lib/python3.11/lib-dynload
2026-08-01 04:02:40.376662   /opt/hostedtoolcache/Python/3.11.15/x64/lib/python3.11/site-packages
2026-08-01 04:02:40.426766 [ ERROR ] Error in file '/home/runner/work/engg-robot-testing-framework/engg-robot-testing-framework/resources/cart_keywords.resource' on line 2: Importing library 'playwright_keyword_library.PlaywrightKeywordLibrary' failed: ModuleNotFoundError: No module named 'playwright_keyword_library'
2026-08-01 04:02:40.476904 Traceback (most recent call last):
2026-08-01 04:02:40.527031   None
2026-08-01 04:02:40.577183 PYTHONPATH:
2026-08-01 04:02:40.627341   /opt/hostedtoolcache/Python/3.11.15/x64/bin
2026-08-01 04:02:40.677522   /opt/hostedtoolcache/Python/3.11.15/x64/lib/python311.zip
2026-08-01 04:02:40.727695   /opt/hostedtoolcache/Python/3.11.15/x64/lib/python3.11
2026-08-01 04:02:40.777881   /opt/hostedtoolcache/Python/3.11.15/x64/lib/python3.11/lib-dynload
2026-08-01 04:02:40.828025   /opt/hostedtoolcache/Python/3.11.15/x64/lib/python3.11/site-packages
2026-08-01 04:02:49.600957 TC12 Add Products In Cart                                             | FAIL |
2026-08-01 04:02:49.636164 Setup failed:
2026-08-01 04:02:49.636177 No keyword with name 'Open Browser' found.
2026-08-01 04:02:49.636185 
2026-08-01 04:02:49.636193 Also teardown failed:
2026-08-01 04:02:49.636200 Several failures occurred:
2026-08-01 04:02:49.636207 
2026-08-01 04:02:49.636214 1) No keyword with name 'Register Keyword To Run On Failure' found.
2026-08-01 04:02:49.636221 
2026-08-01 04:02:49.636228 2) No keyword with name 'Close Browser' found. Did you mean:
2026-08-01 04:02:49.636235     common.Close Test Browser
2026-08-01 04:02:49.636242 ------------------------------------------------------------------------------
2026-08-01 04:02:49.636249 Suites.Cart.TC12 add products to cart :: TC12 - Add Products In Cart  | FAIL |
2026-08-01 04:02:49.637002 1 test, 0 passed, 1 failed
2026-08-01 04:02:49.637053 ==============================================================================
2026-08-01 04:02:49.637061 Suites.Cart                                                           | FAIL |
2026-08-01 04:02:49.637514 1 test, 0 passed, 1 failed
2026-08-01 04:02:49.637578 ==============================================================================
2026-08-01 04:02:49.637586 Suites                                                                | FAIL |
2026-08-01 04:02:49.638028 1 test, 0 passed, 1 failed
2026-08-01 04:02:49.638047 ==============================================================================
2026-08-01 04:02:49.638062 Output:  /home/runner/work/engg-robot-testing-framework/engg-robot-testing-framework/reports/pabot_results/5/output.xml
