2026-06-21 05:25:51.323019 ==============================================================================
2026-06-21 05:25:51.340137 Suites
2026-06-21 05:25:51.340158 ==============================================================================
2026-06-21 05:25:51.340171 Suites.Cart
2026-06-21 05:25:51.340921 ==============================================================================
2026-06-21 05:25:51.340936 Suites.Cart.TC20 search and verify cart after login :: TC20 - Search Produc...
2026-06-21 05:25:51.340936 [ ERROR ] Error in file '/home/runner/work/engg-robot-testing-framework/engg-robot-testing-framework/tests/cart/TC20_search_and_verify_cart_after_login.robot' on line 3: Importing library 'playwright_keyword_library.PlaywrightKeywordLibrary' failed: ModuleNotFoundError: No module named 'playwright_keyword_library'
2026-06-21 05:25:51.373566 ==============================================================================
2026-06-21 05:25:51.373566 Traceback (most recent call last):
2026-06-21 05:25:51.373582   None
2026-06-21 05:25:51.423739 PYTHONPATH:
2026-06-21 05:25:51.473847   /opt/hostedtoolcache/Python/3.11.15/x64/bin
2026-06-21 05:25:51.524009   /opt/hostedtoolcache/Python/3.11.15/x64/lib/python311.zip
2026-06-21 05:25:51.574114   /opt/hostedtoolcache/Python/3.11.15/x64/lib/python3.11
2026-06-21 05:25:51.624300   /opt/hostedtoolcache/Python/3.11.15/x64/lib/python3.11/lib-dynload
2026-06-21 05:25:51.674409   /opt/hostedtoolcache/Python/3.11.15/x64/lib/python3.11/site-packages
2026-06-21 05:25:51.724576 [ ERROR ] Error in file '/home/runner/work/engg-robot-testing-framework/engg-robot-testing-framework/resources/common.resource' on line 4: Importing library 'playwright_keyword_library.PlaywrightKeywordLibrary' failed: ModuleNotFoundError: No module named 'playwright_keyword_library'
2026-06-21 05:25:51.774677 Traceback (most recent call last):
2026-06-21 05:25:51.824842   None
2026-06-21 05:25:51.874962 PYTHONPATH:
2026-06-21 05:25:51.925111   /opt/hostedtoolcache/Python/3.11.15/x64/bin
2026-06-21 05:25:51.975259   /opt/hostedtoolcache/Python/3.11.15/x64/lib/python311.zip
2026-06-21 05:25:52.025422   /opt/hostedtoolcache/Python/3.11.15/x64/lib/python3.11
2026-06-21 05:25:52.075588   /opt/hostedtoolcache/Python/3.11.15/x64/lib/python3.11/lib-dynload
2026-06-21 05:25:52.125736   /opt/hostedtoolcache/Python/3.11.15/x64/lib/python3.11/site-packages
2026-06-21 05:25:52.175889 [ ERROR ] Error in file '/home/runner/work/engg-robot-testing-framework/engg-robot-testing-framework/resources/product_keywords.resource' on line 2: Importing library 'playwright_keyword_library.PlaywrightKeywordLibrary' failed: ModuleNotFoundError: No module named 'playwright_keyword_library'
2026-06-21 05:25:52.226057 Traceback (most recent call last):
2026-06-21 05:25:52.276215   None
2026-06-21 05:25:52.326376 PYTHONPATH:
2026-06-21 05:25:52.376531   /opt/hostedtoolcache/Python/3.11.15/x64/bin
2026-06-21 05:25:52.426693   /opt/hostedtoolcache/Python/3.11.15/x64/lib/python311.zip
2026-06-21 05:25:52.476848   /opt/hostedtoolcache/Python/3.11.15/x64/lib/python3.11
2026-06-21 05:25:52.527009   /opt/hostedtoolcache/Python/3.11.15/x64/lib/python3.11/lib-dynload
2026-06-21 05:25:52.577164   /opt/hostedtoolcache/Python/3.11.15/x64/lib/python3.11/site-packages
2026-06-21 05:25:52.627350 [ ERROR ] Error in file '/home/runner/work/engg-robot-testing-framework/engg-robot-testing-framework/resources/cart_keywords.resource' on line 2: Importing library 'playwright_keyword_library.PlaywrightKeywordLibrary' failed: ModuleNotFoundError: No module named 'playwright_keyword_library'
2026-06-21 05:25:52.677477 Traceback (most recent call last):
2026-06-21 05:25:52.727636   None
2026-06-21 05:25:52.777793 PYTHONPATH:
2026-06-21 05:25:52.827948   /opt/hostedtoolcache/Python/3.11.15/x64/bin
2026-06-21 05:25:52.878112   /opt/hostedtoolcache/Python/3.11.15/x64/lib/python311.zip
2026-06-21 05:25:52.928269   /opt/hostedtoolcache/Python/3.11.15/x64/lib/python3.11
2026-06-21 05:25:52.978450   /opt/hostedtoolcache/Python/3.11.15/x64/lib/python3.11/lib-dynload
2026-06-21 05:25:53.028606   /opt/hostedtoolcache/Python/3.11.15/x64/lib/python3.11/site-packages
2026-06-21 05:25:53.078760 [ ERROR ] Error in file '/home/runner/work/engg-robot-testing-framework/engg-robot-testing-framework/resources/auth_keywords.resource' on line 2: Importing library 'playwright_keyword_library.PlaywrightKeywordLibrary' failed: ModuleNotFoundError: No module named 'playwright_keyword_library'
2026-06-21 05:25:53.128904 Traceback (most recent call last):
2026-06-21 05:25:53.179062   None
2026-06-21 05:25:53.229226 PYTHONPATH:
2026-06-21 05:25:53.279383   /opt/hostedtoolcache/Python/3.11.15/x64/bin
2026-06-21 05:25:53.329506   /opt/hostedtoolcache/Python/3.11.15/x64/lib/python311.zip
2026-06-21 05:25:53.379663   /opt/hostedtoolcache/Python/3.11.15/x64/lib/python3.11
2026-06-21 05:25:53.429792   /opt/hostedtoolcache/Python/3.11.15/x64/lib/python3.11/lib-dynload
2026-06-21 05:25:53.479949   /opt/hostedtoolcache/Python/3.11.15/x64/lib/python3.11/site-packages
2026-06-21 05:26:01.348406 TC20 Search Products And Verify Cart After Login                      | FAIL |
2026-06-21 05:26:01.384655 Setup failed:
2026-06-21 05:26:01.384676 No keyword with name 'Open Browser' found.
2026-06-21 05:26:01.384690 
2026-06-21 05:26:01.384703 Also teardown failed:
2026-06-21 05:26:01.384718 Several failures occurred:
2026-06-21 05:26:01.384733 
2026-06-21 05:26:01.384747 1) No keyword with name 'Register Keyword To Run On Failure' found.
2026-06-21 05:26:01.384761 
2026-06-21 05:26:01.384791 2) No keyword with name 'Close Browser' found. Did you mean:
2026-06-21 05:26:01.384803     common.Close Test Browser
2026-06-21 05:26:01.384812 ------------------------------------------------------------------------------
2026-06-21 05:26:01.384823 Suites.Cart.TC20 search and verify cart after login :: TC20 - Sear... | FAIL |
2026-06-21 05:26:01.385335 1 test, 0 passed, 1 failed
2026-06-21 05:26:01.385351 ==============================================================================
2026-06-21 05:26:01.385364 Suites.Cart                                                           | FAIL |
2026-06-21 05:26:01.385694 1 test, 0 passed, 1 failed
2026-06-21 05:26:01.385750 ==============================================================================
2026-06-21 05:26:01.385763 Suites                                                                | FAIL |
2026-06-21 05:26:01.386008 1 test, 0 passed, 1 failed
2026-06-21 05:26:01.386026 ==============================================================================
2026-06-21 05:26:01.386073 Output:  /home/runner/work/engg-robot-testing-framework/engg-robot-testing-framework/reports/pabot_results/8/output.xml
