2026-07-23 03:54:55.985964 ==============================================================================
2026-07-23 03:54:56.018543 Suites
2026-07-23 03:54:56.018558 ==============================================================================
2026-07-23 03:54:56.018566 Suites.Cart
2026-07-23 03:54:56.019160 ==============================================================================
2026-07-23 03:54:56.019171 Suites.Cart.TC20 search and verify cart after login :: TC20 - Search Produc...
2026-07-23 03:54:56.019171 [ ERROR ] Error in file '/home/runner/work/engg-robot-testing-framework/engg-robot-testing-framework/tests/cart/TC20_search_and_verify_cart_after_login.robot' on line 3: Importing library 'playwright_keyword_library.PlaywrightKeywordLibrary' failed: ModuleNotFoundError: No module named 'playwright_keyword_library'
2026-07-23 03:54:56.044368 ==============================================================================
2026-07-23 03:54:56.044368 Traceback (most recent call last):
2026-07-23 03:54:56.044384   None
2026-07-23 03:54:56.094482 PYTHONPATH:
2026-07-23 03:54:56.144597   /opt/hostedtoolcache/Python/3.11.15/x64/bin
2026-07-23 03:54:56.194696   /opt/hostedtoolcache/Python/3.11.15/x64/lib/python311.zip
2026-07-23 03:54:56.244834   /opt/hostedtoolcache/Python/3.11.15/x64/lib/python3.11
2026-07-23 03:54:56.294944   /opt/hostedtoolcache/Python/3.11.15/x64/lib/python3.11/lib-dynload
2026-07-23 03:54:56.345051   /opt/hostedtoolcache/Python/3.11.15/x64/lib/python3.11/site-packages
2026-07-23 03:54:56.395153 [ ERROR ] Error in file '/home/runner/work/engg-robot-testing-framework/engg-robot-testing-framework/resources/common.resource' on line 4: Importing library 'playwright_keyword_library.PlaywrightKeywordLibrary' failed: ModuleNotFoundError: No module named 'playwright_keyword_library'
2026-07-23 03:54:56.445275 Traceback (most recent call last):
2026-07-23 03:54:56.495386   None
2026-07-23 03:54:56.545527 PYTHONPATH:
2026-07-23 03:54:56.595627   /opt/hostedtoolcache/Python/3.11.15/x64/bin
2026-07-23 03:54:56.645778   /opt/hostedtoolcache/Python/3.11.15/x64/lib/python311.zip
2026-07-23 03:54:56.695893   /opt/hostedtoolcache/Python/3.11.15/x64/lib/python3.11
2026-07-23 03:54:56.746022   /opt/hostedtoolcache/Python/3.11.15/x64/lib/python3.11/lib-dynload
2026-07-23 03:54:56.796123   /opt/hostedtoolcache/Python/3.11.15/x64/lib/python3.11/site-packages
2026-07-23 03:54:56.846241 [ ERROR ] Error in file '/home/runner/work/engg-robot-testing-framework/engg-robot-testing-framework/resources/product_keywords.resource' on line 2: Importing library 'playwright_keyword_library.PlaywrightKeywordLibrary' failed: ModuleNotFoundError: No module named 'playwright_keyword_library'
2026-07-23 03:54:56.896356 Traceback (most recent call last):
2026-07-23 03:54:56.946490   None
2026-07-23 03:54:56.996589 PYTHONPATH:
2026-07-23 03:54:57.046725   /opt/hostedtoolcache/Python/3.11.15/x64/bin
2026-07-23 03:54:57.096823   /opt/hostedtoolcache/Python/3.11.15/x64/lib/python311.zip
2026-07-23 03:54:57.146975   /opt/hostedtoolcache/Python/3.11.15/x64/lib/python3.11
2026-07-23 03:54:57.197084   /opt/hostedtoolcache/Python/3.11.15/x64/lib/python3.11/lib-dynload
2026-07-23 03:54:57.247202   /opt/hostedtoolcache/Python/3.11.15/x64/lib/python3.11/site-packages
2026-07-23 03:54:57.297297 [ ERROR ] Error in file '/home/runner/work/engg-robot-testing-framework/engg-robot-testing-framework/resources/cart_keywords.resource' on line 2: Importing library 'playwright_keyword_library.PlaywrightKeywordLibrary' failed: ModuleNotFoundError: No module named 'playwright_keyword_library'
2026-07-23 03:54:57.347407 Traceback (most recent call last):
2026-07-23 03:54:57.397516   None
2026-07-23 03:54:57.447654 PYTHONPATH:
2026-07-23 03:54:57.497747   /opt/hostedtoolcache/Python/3.11.15/x64/bin
2026-07-23 03:54:57.547891   /opt/hostedtoolcache/Python/3.11.15/x64/lib/python311.zip
2026-07-23 03:54:57.598001   /opt/hostedtoolcache/Python/3.11.15/x64/lib/python3.11
2026-07-23 03:54:57.648140   /opt/hostedtoolcache/Python/3.11.15/x64/lib/python3.11/lib-dynload
2026-07-23 03:54:57.698246   /opt/hostedtoolcache/Python/3.11.15/x64/lib/python3.11/site-packages
2026-07-23 03:54:57.748362 [ ERROR ] Error in file '/home/runner/work/engg-robot-testing-framework/engg-robot-testing-framework/resources/auth_keywords.resource' on line 2: Importing library 'playwright_keyword_library.PlaywrightKeywordLibrary' failed: ModuleNotFoundError: No module named 'playwright_keyword_library'
2026-07-23 03:54:57.798457 Traceback (most recent call last):
2026-07-23 03:54:57.848538   None
2026-07-23 03:54:57.898640 PYTHONPATH:
2026-07-23 03:54:57.948716   /opt/hostedtoolcache/Python/3.11.15/x64/bin
2026-07-23 03:54:57.998800   /opt/hostedtoolcache/Python/3.11.15/x64/lib/python311.zip
2026-07-23 03:54:58.048883   /opt/hostedtoolcache/Python/3.11.15/x64/lib/python3.11
2026-07-23 03:54:58.098978   /opt/hostedtoolcache/Python/3.11.15/x64/lib/python3.11/lib-dynload
2026-07-23 03:54:58.149067   /opt/hostedtoolcache/Python/3.11.15/x64/lib/python3.11/site-packages
2026-07-23 03:55:06.013669 TC20 Search Products And Verify Cart After Login                      | FAIL |
2026-07-23 03:55:06.053082 Setup failed:
2026-07-23 03:55:06.053099 No keyword with name 'Open Browser' found.
2026-07-23 03:55:06.053107 
2026-07-23 03:55:06.053114 Also teardown failed:
2026-07-23 03:55:06.053121 Several failures occurred:
2026-07-23 03:55:06.053127 
2026-07-23 03:55:06.053134 1) No keyword with name 'Register Keyword To Run On Failure' found.
2026-07-23 03:55:06.053141 
2026-07-23 03:55:06.053147 2) No keyword with name 'Close Browser' found. Did you mean:
2026-07-23 03:55:06.053153     common.Close Test Browser
2026-07-23 03:55:06.053160 ------------------------------------------------------------------------------
2026-07-23 03:55:06.053166 Suites.Cart.TC20 search and verify cart after login :: TC20 - Sear... | FAIL |
2026-07-23 03:55:06.053605 1 test, 0 passed, 1 failed
2026-07-23 03:55:06.053614 ==============================================================================
2026-07-23 03:55:06.053622 Suites.Cart                                                           | FAIL |
2026-07-23 03:55:06.053907 1 test, 0 passed, 1 failed
2026-07-23 03:55:06.053924 ==============================================================================
2026-07-23 03:55:06.053973 Suites                                                                | FAIL |
2026-07-23 03:55:06.054208 1 test, 0 passed, 1 failed
2026-07-23 03:55:06.054218 ==============================================================================
2026-07-23 03:55:06.054274 Output:  /home/runner/work/engg-robot-testing-framework/engg-robot-testing-framework/reports/pabot_results/8/output.xml
