2026-06-14 05:16:39.794787 ==============================================================================
2026-06-14 05:16:39.809465 Suites
2026-06-14 05:16:39.809479 ==============================================================================
2026-06-14 05:16:39.809487 Suites.Auth
2026-06-14 05:16:39.810178 ==============================================================================
2026-06-14 05:16:39.910385 Suites.Auth.TC04 logout user
2026-06-14 05:16:39.916318 ==============================================================================
2026-06-14 05:18:04.779333 [ WARN ] Native click failed on Delete Account; trying JS click fallback.
2026-06-14 05:18:05.737176 TC04 Logout User                                                      | FAIL |
2026-06-14 05:18:05.741008 Text 'Account Deleted' did not appear in 1 minute.
2026-06-14 05:18:05.741023 ------------------------------------------------------------------------------
2026-06-14 05:18:05.741033 Suites.Auth.TC04 logout user                                          | FAIL |
2026-06-14 05:18:05.741656 1 test, 0 passed, 1 failed
2026-06-14 05:18:05.741666 ==============================================================================
2026-06-14 05:18:05.741674 Suites.Auth                                                           | FAIL |
2026-06-14 05:18:05.741964 1 test, 0 passed, 1 failed
2026-06-14 05:18:05.742003 ==============================================================================
2026-06-14 05:18:05.742011 Suites                                                                | FAIL |
2026-06-14 05:18:05.742203 1 test, 0 passed, 1 failed
2026-06-14 05:18:05.742240 ==============================================================================
2026-06-14 05:18:05.742248 Output:  /home/runner/work/engg-robot-testing-framework/engg-robot-testing-framework/reports/pabot_results/3/output.xml
