2026-07-23 03:54:24.946889 ==============================================================================
2026-07-23 03:54:24.971032 Suites
2026-07-23 03:54:24.971044 ==============================================================================
2026-07-23 03:54:24.971051 Suites.Auth
2026-07-23 03:54:24.971686 ==============================================================================
2026-07-23 03:54:24.971696 Suites.Auth.TC04 logout user
2026-07-23 03:54:24.971696 [ ERROR ] Error in file '/home/runner/work/engg-robot-testing-framework/engg-robot-testing-framework/tests/auth/TC04_logout_user.robot' on line 2: Importing library 'playwright_keyword_library.PlaywrightKeywordLibrary' failed: ModuleNotFoundError: No module named 'playwright_keyword_library'
2026-07-23 03:54:24.984760 ==============================================================================
2026-07-23 03:54:24.984760 Traceback (most recent call last):
2026-07-23 03:54:24.984774   None
2026-07-23 03:54:25.034854 PYTHONPATH:
2026-07-23 03:54:25.084936   /opt/hostedtoolcache/Python/3.11.15/x64/bin
2026-07-23 03:54:25.135008   /opt/hostedtoolcache/Python/3.11.15/x64/lib/python311.zip
2026-07-23 03:54:25.185106   /opt/hostedtoolcache/Python/3.11.15/x64/lib/python3.11
2026-07-23 03:54:25.235181   /opt/hostedtoolcache/Python/3.11.15/x64/lib/python3.11/lib-dynload
2026-07-23 03:54:25.285259   /opt/hostedtoolcache/Python/3.11.15/x64/lib/python3.11/site-packages
2026-07-23 03:54:25.335333 [ ERROR ] Error in file '/home/runner/work/engg-robot-testing-framework/engg-robot-testing-framework/resources/auth_keywords.resource' on line 2: Importing library 'playwright_keyword_library.PlaywrightKeywordLibrary' failed: ModuleNotFoundError: No module named 'playwright_keyword_library'
2026-07-23 03:54:25.385407 Traceback (most recent call last):
2026-07-23 03:54:25.435482   None
2026-07-23 03:54:25.485558 PYTHONPATH:
2026-07-23 03:54:25.535630   /opt/hostedtoolcache/Python/3.11.15/x64/bin
2026-07-23 03:54:25.585705   /opt/hostedtoolcache/Python/3.11.15/x64/lib/python311.zip
2026-07-23 03:54:25.635779   /opt/hostedtoolcache/Python/3.11.15/x64/lib/python3.11
2026-07-23 03:54:25.685915   /opt/hostedtoolcache/Python/3.11.15/x64/lib/python3.11/lib-dynload
2026-07-23 03:54:25.735992   /opt/hostedtoolcache/Python/3.11.15/x64/lib/python3.11/site-packages
2026-07-23 03:54:25.786099 [ ERROR ] Error in file '/home/runner/work/engg-robot-testing-framework/engg-robot-testing-framework/resources/common.resource' on line 4: Importing library 'playwright_keyword_library.PlaywrightKeywordLibrary' failed: ModuleNotFoundError: No module named 'playwright_keyword_library'
2026-07-23 03:54:25.836172 Traceback (most recent call last):
2026-07-23 03:54:25.886301   None
2026-07-23 03:54:25.936378 PYTHONPATH:
2026-07-23 03:54:25.986457   /opt/hostedtoolcache/Python/3.11.15/x64/bin
2026-07-23 03:54:26.036532   /opt/hostedtoolcache/Python/3.11.15/x64/lib/python311.zip
2026-07-23 03:54:26.086612   /opt/hostedtoolcache/Python/3.11.15/x64/lib/python3.11
2026-07-23 03:54:26.136686   /opt/hostedtoolcache/Python/3.11.15/x64/lib/python3.11/lib-dynload
2026-07-23 03:54:26.186759   /opt/hostedtoolcache/Python/3.11.15/x64/lib/python3.11/site-packages
2026-07-23 03:54:34.955113 TC04 Logout User                                                      | FAIL |
2026-07-23 03:54:34.993169 Setup failed:
2026-07-23 03:54:34.993305 No keyword with name 'Open Browser' found.
2026-07-23 03:54:34.993355 
2026-07-23 03:54:34.993374 Also teardown failed:
2026-07-23 03:54:34.993404 Several failures occurred:
2026-07-23 03:54:34.993431 
2026-07-23 03:54:34.993449 1) No keyword with name 'Register Keyword To Run On Failure' found.
2026-07-23 03:54:34.993483 
2026-07-23 03:54:34.993516 2) No keyword with name 'Close Browser' found. Did you mean:
2026-07-23 03:54:34.993533     common.Close Test Browser
2026-07-23 03:54:34.993571 ------------------------------------------------------------------------------
2026-07-23 03:54:34.993602 Suites.Auth.TC04 logout user                                          | FAIL |
2026-07-23 03:54:34.993823 1 test, 0 passed, 1 failed
2026-07-23 03:54:34.993905 ==============================================================================
2026-07-23 03:54:34.993967 Suites.Auth                                                           | FAIL |
2026-07-23 03:54:34.995169 1 test, 0 passed, 1 failed
2026-07-23 03:54:34.995176 ==============================================================================
2026-07-23 03:54:34.995182 Suites                                                                | FAIL |
2026-07-23 03:54:34.995187 1 test, 0 passed, 1 failed
2026-07-23 03:54:34.995193 ==============================================================================
2026-07-23 03:54:34.995199 Output:  /home/runner/work/engg-robot-testing-framework/engg-robot-testing-framework/reports/pabot_results/3/output.xml
