[INFO]    Initialized logging in reports/pabot_results
[INFO]    Robot Framework remote server at 127.0.0.1:8270 started.
[DEBUG]   2026-05-22 04:44:11.620695 [PID:2353] [0] [ID:0] EXECUTING Suites.Auth.TC01 register user
[DEBUG]   2026-05-22 04:44:11.623913 [PID:2354] [1] [ID:1] EXECUTING Suites.Auth.TC02 login valid
[DEBUG]   2026-05-22 04:44:16.627542 [PID:2353] [0] [ID:0] still running Suites.Auth.TC01 register user after 5.0s
[DEBUG]   2026-05-22 04:44:16.629489 [PID:2354] [1] [ID:1] still running Suites.Auth.TC02 login valid after 5.0s
[DEBUG]   2026-05-22 04:44:26.637219 [PID:2353] [0] [ID:0] still running Suites.Auth.TC01 register user after 15.0s
[DEBUG]   2026-05-22 04:44:26.639403 [PID:2354] [1] [ID:1] still running Suites.Auth.TC02 login valid after 15.0s
[DEBUG]   2026-05-22 04:44:41.666013 [PID:2353] [0] [ID:0] still running Suites.Auth.TC01 register user after 30.0s
[DEBUG]   2026-05-22 04:44:41.666477 [PID:2354] [1] [ID:1] still running Suites.Auth.TC02 login valid after 30.0s
[INFO]    2026-05-22 04:44:58.086127 [PID:2354] [1] [ID:1] PASSED Suites.Auth.TC02 login valid in 46.5 seconds
[DEBUG]   2026-05-22 04:44:58.092062 [PID:2875] [0] [ID:2] EXECUTING Suites.Auth.TC03 login invalid
[DEBUG]   2026-05-22 04:45:01.688905 [PID:2353] [0] [ID:0] still running Suites.Auth.TC01 register user after 50.0s
[DEBUG]   2026-05-22 04:45:03.097366 [PID:2875] [0] [ID:2] still running Suites.Auth.TC03 login invalid after 5.0s
[DEBUG]   2026-05-22 04:45:13.106899 [PID:2875] [0] [ID:2] still running Suites.Auth.TC03 login invalid after 15.0s
[INFO]    2026-05-22 04:45:14.010779 [PID:2875] [0] [ID:2] PASSED Suites.Auth.TC03 login invalid in 15.9 seconds
[DEBUG]   2026-05-22 04:45:14.016900 [PID:3113] [1] [ID:3] EXECUTING Suites.Auth.TC04 logout user
[DEBUG]   2026-05-22 04:45:19.022874 [PID:3113] [1] [ID:3] still running Suites.Auth.TC04 logout user after 5.0s
[DEBUG]   2026-05-22 04:45:26.719165 [PID:2353] [0] [ID:0] still running Suites.Auth.TC01 register user after 75.0s
[DEBUG]   2026-05-22 04:45:29.036261 [PID:3113] [1] [ID:3] still running Suites.Auth.TC04 logout user after 15.0s
[INFO]    2026-05-22 04:45:43.440024 [PID:2353] [0] [ID:0] Execution failed in Suites.Auth.TC01 register user with 1 failing test(s)
==============================================================================
Suites
==============================================================================
Suites.Auth
==============================================================================
Suites.Auth.TC01 register user
==============================================================================
TC01 Register User                                                    | FAIL |
Element 'css=li a b' did not appear in 45 seconds.
------------------------------------------------------------------------------
Suites.Auth.TC01 register user                                        | FAIL |
1 test, 0 passed, 1 failed
==============================================================================
Suites.Auth                                                           | FAIL |
1 test, 0 passed, 1 failed
==============================================================================
Suites                                                                | FAIL |
1 test, 0 passed, 1 failed
==============================================================================
Output:  /home/runner/work/engg-robot-testing-framework/engg-robot-testing-framework/reports/pabot_results/0/output.xml
[DEBUG]   2026-05-22 04:45:43.445391 [PID:3530] [0] [ID:4] EXECUTING Suites.Auth.TC05 register existing email
[DEBUG]   2026-05-22 04:45:44.050599 [PID:3113] [1] [ID:3] still running Suites.Auth.TC04 logout user after 30.0s
[INFO]    2026-05-22 04:45:44.854922 [PID:3113] [1] [ID:3] PASSED Suites.Auth.TC04 logout user in 30.8 seconds
[DEBUG]   2026-05-22 04:45:44.861635 [PID:3676] [1] [ID:5] EXECUTING Suites.Cart.TC12 add products to cart
[DEBUG]   2026-05-22 04:45:48.455932 [PID:3530] [0] [ID:4] still running Suites.Auth.TC05 register existing email after 5.0s
[DEBUG]   2026-05-22 04:45:49.876296 [PID:3676] [1] [ID:5] still running Suites.Cart.TC12 add products to cart after 5.0s
[DEBUG]   2026-05-22 04:45:58.468549 [PID:3530] [0] [ID:4] still running Suites.Auth.TC05 register existing email after 15.0s
[DEBUG]   2026-05-22 04:45:59.890244 [PID:3676] [1] [ID:5] still running Suites.Cart.TC12 add products to cart after 15.0s
[INFO]    2026-05-22 04:46:02.796196 [PID:3676] [1] [ID:5] PASSED Suites.Cart.TC12 add products to cart in 17.9 seconds
[DEBUG]   2026-05-22 04:46:02.801510 [PID:4015] [0] [ID:6] EXECUTING Suites.Cart.TC13 verify product quantity
[DEBUG]   2026-05-22 04:46:07.809913 [PID:4015] [0] [ID:6] still running Suites.Cart.TC13 verify product quantity after 5.0s
[DEBUG]   2026-05-22 04:46:13.489798 [PID:3530] [0] [ID:4] still running Suites.Auth.TC05 register existing email after 30.0s
[INFO]    2026-05-22 04:46:16.721704 [PID:4015] [0] [ID:6] PASSED Suites.Cart.TC13 verify product quantity in 13.9 seconds
[DEBUG]   2026-05-22 04:46:16.727579 [PID:4263] [1] [ID:7] EXECUTING Suites.Cart.TC17 remove products from cart
[INFO]    2026-05-22 04:46:17.901736 [PID:3530] [0] [ID:4] PASSED Suites.Auth.TC05 register existing email in 34.5 seconds
[DEBUG]   2026-05-22 04:46:17.909975 [PID:4410] [0] [ID:8] EXECUTING Suites.Cart.TC20 search and verify cart after login
[DEBUG]   2026-05-22 04:46:21.733947 [PID:4263] [1] [ID:7] still running Suites.Cart.TC17 remove products from cart after 5.0s
[DEBUG]   2026-05-22 04:46:22.924884 [PID:4410] [0] [ID:8] still running Suites.Cart.TC20 search and verify cart after login after 5.0s
[DEBUG]   2026-05-22 04:46:31.745904 [PID:4263] [1] [ID:7] still running Suites.Cart.TC17 remove products from cart after 15.0s
[DEBUG]   2026-05-22 04:46:32.934555 [PID:4410] [0] [ID:8] still running Suites.Cart.TC20 search and verify cart after login after 15.0s
[INFO]    2026-05-22 04:46:35.153568 [PID:4263] [1] [ID:7] PASSED Suites.Cart.TC17 remove products from cart in 18.4 seconds
[DEBUG]   2026-05-22 04:46:35.161378 [PID:4747] [1] [ID:9] EXECUTING Suites.Cart.TC22 add from recommended items
[DEBUG]   2026-05-22 04:46:40.167929 [PID:4747] [1] [ID:9] still running Suites.Cart.TC22 add from recommended items after 5.0s
[INFO]    2026-05-22 04:46:43.649291 [PID:4410] [0] [ID:8] Execution failed in Suites.Cart.TC20 search and verify cart after login with 1 failing test(s)
==============================================================================
Suites
==============================================================================
Suites.Cart
==============================================================================
Suites.Cart.TC20 search and verify cart after login :: TC20 - Search Produc...
==============================================================================
TC20 Search Products And Verify Cart After Login                      | FAIL |
ElementClickInterceptedException: Message: element click intercepted: Element <a href="/products">...</a> is not clickable at point (926, 40). Other element would receive the click: <iframe id="aswift_1" name="aswift_1" style="min-height: auto !important; max-height: none !important; min-width: auto !important; max-width: none !important; width: 100vw !important; height: 100vh !important; inset: 0px auto auto 0px !important; position: absolute !important; clear: none !important; display: inline !important; float: none !important; margin: 0px !important; opacity: 1 !important; overflow: visible !important; padding: 0px !important; vertical-align: baseline !important; visibility: visible !important; z-index: auto !important;" sandbox="allow-forms allow-popups allow-popups-to-escape-sandbox allow-same-origin allow-scripts allow-top-navigation-by-user-activation" width="" height="" frameborder="0" marginwidth="0" marginheight="0" vspace="0" hspace="0" allowtransparency="true" scrolling="no" allow="attribution-reporting; run-ad-auction" src="https://googleads.g.doubleclick.net/pagead/html/r20260521/r20190131/zrt_lookup.html#RS-0-&amp;adk=1812271808&amp;client=ca-pub-1677597403311019&amp;fa=8&amp;ifi=2&amp;uci=a!2" data-google-container-id="a!2" tabindex="0" title="Advertisement" aria-label="Advertisement" data-google-query-id="CIX_iLGLzJQDFWEpMQYd5PAMJw" data-load-complete="true"></iframe>
  (Session info: chrome=148.0.7778.167)
    [ Message content over the limit has been removed. ]
#1 0x555dea97cab9 <unknown>
#2 0x555dea9d79bb <unknown>
#3 0x555dea9d5aa2 <unknown>
#4 0x555dea9d348c <unknown>
#5 0x555dea9d2577 <unknown>
#6 0x555dea9c6582 <unknown>
#7 0x555dea9c5ec7 <unknown>
#8 0x555deaa19116 <unknown>
#9 0x555dea9c4662 <unknown>
#10 0x555dea9c5451 <unknown>
#11 0x555deaf41d8b <unknown>
#12 0x555deaf44c65 <unknown>
#13 0x555deaf2e458 <unknown>
#14 0x555deaf457f0 <unknown>
#15 0x555deaf151c0 <unknown>
#16 0x555deaf6b168 <unknown>
#17 0x555deaf6b305 <unknown>
#18 0x555deaf7cc5e <unknown>
#19 0x7f110909caa4 <unknown>
#20 0x7f1109129c6c <unknown>
------------------------------------------------------------------------------
Suites.Cart.TC20 search and verify cart after login :: TC20 - Sear... | FAIL |
1 test, 0 passed, 1 failed
==============================================================================
Suites.Cart                                                           | FAIL |
1 test, 0 passed, 1 failed
==============================================================================
Suites                                                                | FAIL |
1 test, 0 passed, 1 failed
==============================================================================
Output:  /home/runner/work/engg-robot-testing-framework/engg-robot-testing-framework/reports/pabot_results/8/output.xml
[DEBUG]   2026-05-22 04:46:50.178403 [PID:4747] [1] [ID:9] still running Suites.Cart.TC22 add from recommended items after 15.0s
[INFO]    2026-05-22 04:46:51.081278 [PID:4747] [1] [ID:9] PASSED Suites.Cart.TC22 add from recommended items in 15.9 seconds
[INFO]    10 tests, 8 passed, 2 failed, 0 skipped.
[INFO]    ===================================================
[INFO]    Output:  /home/runner/work/engg-robot-testing-framework/engg-robot-testing-framework/reports/output.xml
[INFO]    Log:     /home/runner/work/engg-robot-testing-framework/engg-robot-testing-framework/reports/log.html
[INFO]    Report:  /home/runner/work/engg-robot-testing-framework/engg-robot-testing-framework/reports/report.html
[DEBUG]   Finalizing Pabot execution...
[DEBUG]   Stopping PabotLib process
[INFO]    Robot Framework remote server at 127.0.0.1:8270 stopped.
[DEBUG]   PabotLib process stopped
[INFO]    Total testing: 5 minutes 11.29 seconds
[INFO]    Elapsed time:  2 minutes 40.12 seconds
[DEBUG]   Logs flushed successfully.
