2026-06-20 04:52:14.288348 ==============================================================================
2026-06-20 04:52:14.303242 Suites
2026-06-20 04:52:14.303262 ==============================================================================
2026-06-20 04:52:14.303274 Suites.Cart
2026-06-20 04:52:14.304032 ==============================================================================
2026-06-20 04:52:14.404310 Suites.Cart.TC12 add products to cart :: TC12 - Add Products In Cart
2026-06-20 04:52:14.418520 ==============================================================================
2026-06-20 04:52:25.400625 TC12 Add Products In Cart                                             | FAIL |
2026-06-20 04:52:25.407807 Setup failed:
2026-06-20 04:52:25.407824 Title should have been 'Automation Exercise' but was 'One moment, please...'.
2026-06-20 04:52:25.407836 ------------------------------------------------------------------------------
2026-06-20 04:52:25.407847 Suites.Cart.TC12 add products to cart :: TC12 - Add Products In Cart  | FAIL |
2026-06-20 04:52:25.408480 1 test, 0 passed, 1 failed
2026-06-20 04:52:25.408524 ==============================================================================
2026-06-20 04:52:25.408537 Suites.Cart                                                           | FAIL |
2026-06-20 04:52:25.408861 1 test, 0 passed, 1 failed
2026-06-20 04:52:25.408900 ==============================================================================
2026-06-20 04:52:25.408912 Suites                                                                | FAIL |
2026-06-20 04:52:25.409172 1 test, 0 passed, 1 failed
2026-06-20 04:52:25.409219 ==============================================================================
2026-06-20 04:52:25.409230 Output:  /home/runner/work/engg-robot-testing-framework/engg-robot-testing-framework/reports/pabot_results/5/output.xml
