2026-10-01 06:23:31.683854 ==============================================================================
2026-10-01 06:23:31.702123 Suites
2026-10-01 06:23:31.702144 ==============================================================================
2026-10-01 06:23:31.702161 Suites.Auth
2026-10-01 06:23:31.702961 ==============================================================================
2026-10-01 06:23:31.702981 Suites.Auth.TC03 login invalid
2026-10-01 06:23:31.702981 [ ERROR ] Error in file '/home/runner/work/engg-robot-testing-framework/engg-robot-testing-framework/tests/auth/TC03_login_invalid.robot' on line 2: Importing library 'playwright_keyword_library.PlaywrightKeywordLibrary' failed: ModuleNotFoundError: No module named 'playwright_keyword_library'
2026-10-01 06:23:31.721515 ==============================================================================
2026-10-01 06:23:31.721515 Traceback (most recent call last):
2026-10-01 06:23:31.721541   None
2026-10-01 06:23:31.771658 PYTHONPATH:
2026-10-01 06:23:31.821770   /opt/hostedtoolcache/Python/3.11.16/x64/bin
2026-10-01 06:23:31.871877   /opt/hostedtoolcache/Python/3.11.16/x64/lib/python311.zip
2026-10-01 06:23:31.921986   /opt/hostedtoolcache/Python/3.11.16/x64/lib/python3.11
2026-10-01 06:23:31.972093   /opt/hostedtoolcache/Python/3.11.16/x64/lib/python3.11/lib-dynload
2026-10-01 06:23:32.022237   /opt/hostedtoolcache/Python/3.11.16/x64/lib/python3.11/site-packages
2026-10-01 06:23:32.072400 [ ERROR ] Error in file '/home/runner/work/engg-robot-testing-framework/engg-robot-testing-framework/resources/auth_keywords.resource' on line 2: Importing library 'playwright_keyword_library.PlaywrightKeywordLibrary' failed: ModuleNotFoundError: No module named 'playwright_keyword_library'
2026-10-01 06:23:32.122547 Traceback (most recent call last):
2026-10-01 06:23:32.172696   None
2026-10-01 06:23:32.222804 PYTHONPATH:
2026-10-01 06:23:32.272961   /opt/hostedtoolcache/Python/3.11.16/x64/bin
2026-10-01 06:23:32.323118   /opt/hostedtoolcache/Python/3.11.16/x64/lib/python311.zip
2026-10-01 06:23:32.373273   /opt/hostedtoolcache/Python/3.11.16/x64/lib/python3.11
2026-10-01 06:23:32.423421   /opt/hostedtoolcache/Python/3.11.16/x64/lib/python3.11/lib-dynload
2026-10-01 06:23:32.473523   /opt/hostedtoolcache/Python/3.11.16/x64/lib/python3.11/site-packages
2026-10-01 06:23:32.523655 [ ERROR ] Error in file '/home/runner/work/engg-robot-testing-framework/engg-robot-testing-framework/resources/common.resource' on line 4: Importing library 'playwright_keyword_library.PlaywrightKeywordLibrary' failed: ModuleNotFoundError: No module named 'playwright_keyword_library'
2026-10-01 06:23:32.573787 Traceback (most recent call last):
2026-10-01 06:23:32.623929   None
2026-10-01 06:23:32.674078 PYTHONPATH:
2026-10-01 06:23:32.724191   /opt/hostedtoolcache/Python/3.11.16/x64/bin
2026-10-01 06:23:32.774353   /opt/hostedtoolcache/Python/3.11.16/x64/lib/python311.zip
2026-10-01 06:23:32.824501   /opt/hostedtoolcache/Python/3.11.16/x64/lib/python3.11
2026-10-01 06:23:32.874652   /opt/hostedtoolcache/Python/3.11.16/x64/lib/python3.11/lib-dynload
2026-10-01 06:23:32.924800   /opt/hostedtoolcache/Python/3.11.16/x64/lib/python3.11/site-packages
2026-10-01 06:23:41.696503 TC03 Login User With Incorrect Email And Password                     | FAIL |
2026-10-01 06:23:41.731405 Setup failed:
2026-10-01 06:23:41.731429 No keyword with name 'Open Browser' found.
2026-10-01 06:23:41.731475 
2026-10-01 06:23:41.731490 Also teardown failed:
2026-10-01 06:23:41.731503 Several failures occurred:
2026-10-01 06:23:41.731515 
2026-10-01 06:23:41.731531 1) No keyword with name 'Register Keyword To Run On Failure' found.
2026-10-01 06:23:41.731544 
2026-10-01 06:23:41.731555 2) No keyword with name 'Close Browser' found. Did you mean:
2026-10-01 06:23:41.731567     common.Close Test Browser
2026-10-01 06:23:41.731579 ------------------------------------------------------------------------------
2026-10-01 06:23:41.731590 Suites.Auth.TC03 login invalid                                        | FAIL |
2026-10-01 06:23:41.732091 1 test, 0 passed, 1 failed
2026-10-01 06:23:41.732110 ==============================================================================
2026-10-01 06:23:41.732124 Suites.Auth                                                           | FAIL |
2026-10-01 06:23:41.732733 1 test, 0 passed, 1 failed
2026-10-01 06:23:41.732950 ==============================================================================
2026-10-01 06:23:41.732968 Suites                                                                | FAIL |
2026-10-01 06:23:41.733058 1 test, 0 passed, 1 failed
2026-10-01 06:23:41.733075 ==============================================================================
2026-10-01 06:23:41.733089 Output:  /home/runner/work/engg-robot-testing-framework/engg-robot-testing-framework/reports/pabot_results/2/output.xml
