2026-10-06 06:43:06.116896 ==============================================================================
2026-10-06 06:43:06.143842 Suites
2026-10-06 06:43:06.143858 ==============================================================================
2026-10-06 06:43:06.143868 Suites.Cart
2026-10-06 06:43:06.144404 ==============================================================================
2026-10-06 06:43:06.144420 Suites.Cart.TC22 add from recommended items :: TC22 - Add To Cart From Reco...
2026-10-06 06:43:06.144420 [ ERROR ] Error in file '/home/runner/work/engg-robot-testing-framework/engg-robot-testing-framework/resources/common.resource' on line 4: Importing library 'playwright_keyword_library.PlaywrightKeywordLibrary' failed: ModuleNotFoundError: No module named 'playwright_keyword_library'
2026-10-06 06:43:06.160261 ==============================================================================
2026-10-06 06:43:06.160261 Traceback (most recent call last):
2026-10-06 06:43:06.160281   None
2026-10-06 06:43:06.210405 PYTHONPATH:
2026-10-06 06:43:06.260559   /opt/hostedtoolcache/Python/3.11.16/x64/bin
2026-10-06 06:43:06.310669   /opt/hostedtoolcache/Python/3.11.16/x64/lib/python311.zip
2026-10-06 06:43:06.360819   /opt/hostedtoolcache/Python/3.11.16/x64/lib/python3.11
2026-10-06 06:43:06.410936   /opt/hostedtoolcache/Python/3.11.16/x64/lib/python3.11/lib-dynload
2026-10-06 06:43:06.461091   /opt/hostedtoolcache/Python/3.11.16/x64/lib/python3.11/site-packages
2026-10-06 06:43:06.511205 [ ERROR ] Error in file '/home/runner/work/engg-robot-testing-framework/engg-robot-testing-framework/resources/cart_keywords.resource' on line 2: Importing library 'playwright_keyword_library.PlaywrightKeywordLibrary' failed: ModuleNotFoundError: No module named 'playwright_keyword_library'
2026-10-06 06:43:06.561352 Traceback (most recent call last):
2026-10-06 06:43:06.611470   None
2026-10-06 06:43:06.661621 PYTHONPATH:
2026-10-06 06:43:06.711730   /opt/hostedtoolcache/Python/3.11.16/x64/bin
2026-10-06 06:43:06.761881   /opt/hostedtoolcache/Python/3.11.16/x64/lib/python311.zip
2026-10-06 06:43:06.811992   /opt/hostedtoolcache/Python/3.11.16/x64/lib/python3.11
2026-10-06 06:43:06.862146   /opt/hostedtoolcache/Python/3.11.16/x64/lib/python3.11/lib-dynload
2026-10-06 06:43:06.912255   /opt/hostedtoolcache/Python/3.11.16/x64/lib/python3.11/site-packages
2026-10-06 06:43:16.132770 TC22 Add To Cart From Recommended Items                               | FAIL |
2026-10-06 06:43:16.167954 Setup failed:
2026-10-06 06:43:16.167970 No keyword with name 'Open Browser' found.
2026-10-06 06:43:16.167980 
2026-10-06 06:43:16.167988 Also teardown failed:
2026-10-06 06:43:16.167996 Several failures occurred:
2026-10-06 06:43:16.168004 
2026-10-06 06:43:16.168011 1) No keyword with name 'Register Keyword To Run On Failure' found.
2026-10-06 06:43:16.168019 
2026-10-06 06:43:16.168026 2) No keyword with name 'Close Browser' found. Did you mean:
2026-10-06 06:43:16.168033     common.Close Test Browser
2026-10-06 06:43:16.168041 ------------------------------------------------------------------------------
2026-10-06 06:43:16.168049 Suites.Cart.TC22 add from recommended items :: TC22 - Add To Cart ... | FAIL |
2026-10-06 06:43:16.168486 1 test, 0 passed, 1 failed
2026-10-06 06:43:16.168498 ==============================================================================
2026-10-06 06:43:16.168507 Suites.Cart                                                           | FAIL |
2026-10-06 06:43:16.168754 1 test, 0 passed, 1 failed
2026-10-06 06:43:16.168770 ==============================================================================
2026-10-06 06:43:16.168812 Suites                                                                | FAIL |
2026-10-06 06:43:16.169005 1 test, 0 passed, 1 failed
2026-10-06 06:43:16.169017 ==============================================================================
2026-10-06 06:43:16.169048 Output:  /home/runner/work/engg-robot-testing-framework/engg-robot-testing-framework/reports/pabot_results/9/output.xml
