2026-08-17 09:30:43.664072 ==============================================================================
2026-08-17 09:30:43.703725 Suites
2026-08-17 09:30:43.703739 ==============================================================================
2026-08-17 09:30:43.703751 Suites.Auth
2026-08-17 09:30:43.704115 ==============================================================================
2026-08-17 09:30:43.704128 Suites.Auth.TC05 register existing email
2026-08-17 09:30:43.704128 [ ERROR ] Error in file '/home/runner/work/engg-robot-testing-framework/engg-robot-testing-framework/tests/auth/TC05_register_existing_email.robot' on line 2: Importing library 'playwright_keyword_library.PlaywrightKeywordLibrary' failed: ModuleNotFoundError: No module named 'playwright_keyword_library'
2026-08-17 09:30:43.736134 ==============================================================================
2026-08-17 09:30:43.736134 Traceback (most recent call last):
2026-08-17 09:30:43.736156   None
2026-08-17 09:30:43.786302 PYTHONPATH:
2026-08-17 09:30:43.836429   /opt/hostedtoolcache/Python/3.11.15/x64/bin
2026-08-17 09:30:43.886538   /opt/hostedtoolcache/Python/3.11.15/x64/lib/python311.zip
2026-08-17 09:30:43.936704   /opt/hostedtoolcache/Python/3.11.15/x64/lib/python3.11
2026-08-17 09:30:43.986840   /opt/hostedtoolcache/Python/3.11.15/x64/lib/python3.11/lib-dynload
2026-08-17 09:30:44.037009   /opt/hostedtoolcache/Python/3.11.15/x64/lib/python3.11/site-packages
2026-08-17 09:30:44.087175 [ ERROR ] Error in file '/home/runner/work/engg-robot-testing-framework/engg-robot-testing-framework/resources/auth_keywords.resource' on line 2: Importing library 'playwright_keyword_library.PlaywrightKeywordLibrary' failed: ModuleNotFoundError: No module named 'playwright_keyword_library'
2026-08-17 09:30:44.137604 Traceback (most recent call last):
2026-08-17 09:30:44.187716   None
2026-08-17 09:30:44.237844 PYTHONPATH:
2026-08-17 09:30:44.287947   /opt/hostedtoolcache/Python/3.11.15/x64/bin
2026-08-17 09:30:44.338050   /opt/hostedtoolcache/Python/3.11.15/x64/lib/python311.zip
2026-08-17 09:30:44.388169   /opt/hostedtoolcache/Python/3.11.15/x64/lib/python3.11
2026-08-17 09:30:44.438322   /opt/hostedtoolcache/Python/3.11.15/x64/lib/python3.11/lib-dynload
2026-08-17 09:30:44.488446   /opt/hostedtoolcache/Python/3.11.15/x64/lib/python3.11/site-packages
2026-08-17 09:30:44.538595 [ ERROR ] Error in file '/home/runner/work/engg-robot-testing-framework/engg-robot-testing-framework/resources/common.resource' on line 4: Importing library 'playwright_keyword_library.PlaywrightKeywordLibrary' failed: ModuleNotFoundError: No module named 'playwright_keyword_library'
2026-08-17 09:30:44.588717 Traceback (most recent call last):
2026-08-17 09:30:44.638864   None
2026-08-17 09:30:44.688983 PYTHONPATH:
2026-08-17 09:30:44.739116   /opt/hostedtoolcache/Python/3.11.15/x64/bin
2026-08-17 09:30:44.789220   /opt/hostedtoolcache/Python/3.11.15/x64/lib/python311.zip
2026-08-17 09:30:44.839350   /opt/hostedtoolcache/Python/3.11.15/x64/lib/python3.11
2026-08-17 09:30:44.889454   /opt/hostedtoolcache/Python/3.11.15/x64/lib/python3.11/lib-dynload
2026-08-17 09:30:44.939614   /opt/hostedtoolcache/Python/3.11.15/x64/lib/python3.11/site-packages
2026-08-17 09:30:53.712235 TC05 Register User With Existing Email                                | FAIL |
2026-08-17 09:30:53.751028 Setup failed:
2026-08-17 09:30:53.751041 No keyword with name 'Open Browser' found.
2026-08-17 09:30:53.751049 
2026-08-17 09:30:53.751056 Also teardown failed:
2026-08-17 09:30:53.751063 Several failures occurred:
2026-08-17 09:30:53.751070 
2026-08-17 09:30:53.751077 1) No keyword with name 'Register Keyword To Run On Failure' found.
2026-08-17 09:30:53.751085 
2026-08-17 09:30:53.751091 2) No keyword with name 'Close Browser' found. Did you mean:
2026-08-17 09:30:53.751098     common.Close Test Browser
2026-08-17 09:30:53.751104 ------------------------------------------------------------------------------
2026-08-17 09:30:53.751110 Suites.Auth.TC05 register existing email                              | FAIL |
2026-08-17 09:30:53.751664 1 test, 0 passed, 1 failed
2026-08-17 09:30:53.751743 ==============================================================================
2026-08-17 09:30:53.751752 Suites.Auth                                                           | FAIL |
2026-08-17 09:30:53.752138 1 test, 0 passed, 1 failed
2026-08-17 09:30:53.752202 ==============================================================================
2026-08-17 09:30:53.752212 Suites                                                                | FAIL |
2026-08-17 09:30:53.752547 1 test, 0 passed, 1 failed
2026-08-17 09:30:53.752612 ==============================================================================
2026-08-17 09:30:53.752625 Output:  /home/runner/work/engg-robot-testing-framework/engg-robot-testing-framework/reports/pabot_results/4/output.xml
