2026-09-29 06:00:06.448875 ==============================================================================
2026-09-29 06:00:06.464171 Suites
2026-09-29 06:00:06.464190 ==============================================================================
2026-09-29 06:00:06.464203 Suites.Auth
2026-09-29 06:00:06.464941 ==============================================================================
2026-09-29 06:00:06.464958 Suites.Auth.TC04 logout user
2026-09-29 06:00:06.464958 [ ERROR ] Error in file '/home/runner/work/engg-robot-testing-framework/engg-robot-testing-framework/tests/auth/TC04_logout_user.robot' on line 2: Importing library 'playwright_keyword_library.PlaywrightKeywordLibrary' failed: ModuleNotFoundError: No module named 'playwright_keyword_library'
2026-09-29 06:00:06.481652 ==============================================================================
2026-09-29 06:00:06.481652 Traceback (most recent call last):
2026-09-29 06:00:06.481675   None
2026-09-29 06:00:06.531785 PYTHONPATH:
2026-09-29 06:00:06.581926   /opt/hostedtoolcache/Python/3.11.16/x64/bin
2026-09-29 06:00:06.632067   /opt/hostedtoolcache/Python/3.11.16/x64/lib/python311.zip
2026-09-29 06:00:06.682206   /opt/hostedtoolcache/Python/3.11.16/x64/lib/python3.11
2026-09-29 06:00:06.732347   /opt/hostedtoolcache/Python/3.11.16/x64/lib/python3.11/lib-dynload
2026-09-29 06:00:06.782487   /opt/hostedtoolcache/Python/3.11.16/x64/lib/python3.11/site-packages
2026-09-29 06:00:06.832630 [ ERROR ] Error in file '/home/runner/work/engg-robot-testing-framework/engg-robot-testing-framework/resources/auth_keywords.resource' on line 2: Importing library 'playwright_keyword_library.PlaywrightKeywordLibrary' failed: ModuleNotFoundError: No module named 'playwright_keyword_library'
2026-09-29 06:00:06.882770 Traceback (most recent call last):
2026-09-29 06:00:06.932907   None
2026-09-29 06:00:06.983052 PYTHONPATH:
2026-09-29 06:00:07.033197   /opt/hostedtoolcache/Python/3.11.16/x64/bin
2026-09-29 06:00:07.083347   /opt/hostedtoolcache/Python/3.11.16/x64/lib/python311.zip
2026-09-29 06:00:07.133486   /opt/hostedtoolcache/Python/3.11.16/x64/lib/python3.11
2026-09-29 06:00:07.183629   /opt/hostedtoolcache/Python/3.11.16/x64/lib/python3.11/lib-dynload
2026-09-29 06:00:07.233767   /opt/hostedtoolcache/Python/3.11.16/x64/lib/python3.11/site-packages
2026-09-29 06:00:07.283910 [ ERROR ] Error in file '/home/runner/work/engg-robot-testing-framework/engg-robot-testing-framework/resources/common.resource' on line 4: Importing library 'playwright_keyword_library.PlaywrightKeywordLibrary' failed: ModuleNotFoundError: No module named 'playwright_keyword_library'
2026-09-29 06:00:07.334059 Traceback (most recent call last):
2026-09-29 06:00:07.384213   None
2026-09-29 06:00:07.434358 PYTHONPATH:
2026-09-29 06:00:07.484510   /opt/hostedtoolcache/Python/3.11.16/x64/bin
2026-09-29 06:00:07.534656   /opt/hostedtoolcache/Python/3.11.16/x64/lib/python311.zip
2026-09-29 06:00:07.584800   /opt/hostedtoolcache/Python/3.11.16/x64/lib/python3.11
2026-09-29 06:00:07.634936   /opt/hostedtoolcache/Python/3.11.16/x64/lib/python3.11/lib-dynload
2026-09-29 06:00:07.685106   /opt/hostedtoolcache/Python/3.11.16/x64/lib/python3.11/site-packages
2026-09-29 06:00:16.455137 TC04 Logout User                                                      | FAIL |
2026-09-29 06:00:16.491112 Setup failed:
2026-09-29 06:00:16.491120 No keyword with name 'Open Browser' found.
2026-09-29 06:00:16.491127 
2026-09-29 06:00:16.491134 Also teardown failed:
2026-09-29 06:00:16.491140 Several failures occurred:
2026-09-29 06:00:16.491147 
2026-09-29 06:00:16.491154 1) No keyword with name 'Register Keyword To Run On Failure' found.
2026-09-29 06:00:16.491160 
2026-09-29 06:00:16.491167 2) No keyword with name 'Close Browser' found. Did you mean:
2026-09-29 06:00:16.491173     common.Close Test Browser
2026-09-29 06:00:16.491179 ------------------------------------------------------------------------------
2026-09-29 06:00:16.491186 Suites.Auth.TC04 logout user                                          | FAIL |
2026-09-29 06:00:16.491792 1 test, 0 passed, 1 failed
2026-09-29 06:00:16.491830 ==============================================================================
2026-09-29 06:00:16.491837 Suites.Auth                                                           | FAIL |
2026-09-29 06:00:16.492237 1 test, 0 passed, 1 failed
2026-09-29 06:00:16.492258 ==============================================================================
2026-09-29 06:00:16.492265 Suites                                                                | FAIL |
2026-09-29 06:00:16.492608 1 test, 0 passed, 1 failed
2026-09-29 06:00:16.492634 ==============================================================================
2026-09-29 06:00:16.492642 Output:  /home/runner/work/engg-robot-testing-framework/engg-robot-testing-framework/reports/pabot_results/3/output.xml
