2026-08-26 02:08:38.331360 ==============================================================================
2026-08-26 02:08:38.344523 Suites
2026-08-26 02:08:38.344542 ==============================================================================
2026-08-26 02:08:38.344559 Suites.Auth
2026-08-26 02:08:38.345315 ==============================================================================
2026-08-26 02:08:38.345330 Suites.Auth.TC01 register user
2026-08-26 02:08:38.345330 [ ERROR ] Error in file '/home/runner/work/engg-robot-testing-framework/engg-robot-testing-framework/tests/auth/TC01_register_user.robot' on line 2: Importing library 'playwright_keyword_library.PlaywrightKeywordLibrary' failed: ModuleNotFoundError: No module named 'playwright_keyword_library'
2026-08-26 02:08:38.362252 ==============================================================================
2026-08-26 02:08:38.362252 Traceback (most recent call last):
2026-08-26 02:08:38.362274   None
2026-08-26 02:08:38.412368 PYTHONPATH:
2026-08-26 02:08:38.462504   /opt/hostedtoolcache/Python/3.11.16/x64/bin
2026-08-26 02:08:38.512643   /opt/hostedtoolcache/Python/3.11.16/x64/lib/python311.zip
2026-08-26 02:08:38.562783   /opt/hostedtoolcache/Python/3.11.16/x64/lib/python3.11
2026-08-26 02:08:38.612921   /opt/hostedtoolcache/Python/3.11.16/x64/lib/python3.11/lib-dynload
2026-08-26 02:08:38.663059   /opt/hostedtoolcache/Python/3.11.16/x64/lib/python3.11/site-packages
2026-08-26 02:08:38.713170 [ ERROR ] Error in file '/home/runner/work/engg-robot-testing-framework/engg-robot-testing-framework/resources/auth_keywords.resource' on line 2: Importing library 'playwright_keyword_library.PlaywrightKeywordLibrary' failed: ModuleNotFoundError: No module named 'playwright_keyword_library'
2026-08-26 02:08:38.763284 Traceback (most recent call last):
2026-08-26 02:08:38.813422   None
2026-08-26 02:08:38.863537 PYTHONPATH:
2026-08-26 02:08:38.913675   /opt/hostedtoolcache/Python/3.11.16/x64/bin
2026-08-26 02:08:38.963809   /opt/hostedtoolcache/Python/3.11.16/x64/lib/python311.zip
2026-08-26 02:08:39.013946   /opt/hostedtoolcache/Python/3.11.16/x64/lib/python3.11
2026-08-26 02:08:39.064081   /opt/hostedtoolcache/Python/3.11.16/x64/lib/python3.11/lib-dynload
2026-08-26 02:08:39.114216   /opt/hostedtoolcache/Python/3.11.16/x64/lib/python3.11/site-packages
2026-08-26 02:08:39.164358 [ ERROR ] Error in file '/home/runner/work/engg-robot-testing-framework/engg-robot-testing-framework/resources/common.resource' on line 4: Importing library 'playwright_keyword_library.PlaywrightKeywordLibrary' failed: ModuleNotFoundError: No module named 'playwright_keyword_library'
2026-08-26 02:08:39.214491 Traceback (most recent call last):
2026-08-26 02:08:39.264649   None
2026-08-26 02:08:39.314788 PYTHONPATH:
2026-08-26 02:08:39.364922   /opt/hostedtoolcache/Python/3.11.16/x64/bin
2026-08-26 02:08:39.415058   /opt/hostedtoolcache/Python/3.11.16/x64/lib/python311.zip
2026-08-26 02:08:39.465193   /opt/hostedtoolcache/Python/3.11.16/x64/lib/python3.11
2026-08-26 02:08:39.515329   /opt/hostedtoolcache/Python/3.11.16/x64/lib/python3.11/lib-dynload
2026-08-26 02:08:39.565467   /opt/hostedtoolcache/Python/3.11.16/x64/lib/python3.11/site-packages
2026-08-26 02:08:48.337988 TC01 Register User                                                    | FAIL |
2026-08-26 02:08:48.371449 Setup failed:
2026-08-26 02:08:48.371468 No keyword with name 'Open Browser' found.
2026-08-26 02:08:48.371496 
2026-08-26 02:08:48.371506 Also teardown failed:
2026-08-26 02:08:48.371515 Several failures occurred:
2026-08-26 02:08:48.371524 
2026-08-26 02:08:48.371534 1) No keyword with name 'Register Keyword To Run On Failure' found.
2026-08-26 02:08:48.371543 
2026-08-26 02:08:48.371552 2) No keyword with name 'Close Browser' found. Did you mean:
2026-08-26 02:08:48.371561     common.Close Test Browser
2026-08-26 02:08:48.371570 ------------------------------------------------------------------------------
2026-08-26 02:08:48.371578 Suites.Auth.TC01 register user                                        | FAIL |
2026-08-26 02:08:48.372174 1 test, 0 passed, 1 failed
2026-08-26 02:08:48.372226 ==============================================================================
2026-08-26 02:08:48.372235 Suites.Auth                                                           | FAIL |
2026-08-26 02:08:48.372538 1 test, 0 passed, 1 failed
2026-08-26 02:08:48.372566 ==============================================================================
2026-08-26 02:08:48.372575 Suites                                                                | FAIL |
2026-08-26 02:08:48.372869 1 test, 0 passed, 1 failed
2026-08-26 02:08:48.372920 ==============================================================================
2026-08-26 02:08:48.372929 Output:  /home/runner/work/engg-robot-testing-framework/engg-robot-testing-framework/reports/pabot_results/0/output.xml
