2026-09-29 06:00:16.873185 ==============================================================================
2026-09-29 06:00:16.887778 Suites
2026-09-29 06:00:16.887796 ==============================================================================
2026-09-29 06:00:16.887809 Suites.Cart
2026-09-29 06:00:16.888606 ==============================================================================
2026-09-29 06:00:16.888622 Suites.Cart.TC12 add products to cart :: TC12 - Add Products In Cart
2026-09-29 06:00:16.888622 [ ERROR ] Error in file '/home/runner/work/engg-robot-testing-framework/engg-robot-testing-framework/resources/common.resource' on line 4: Importing library 'playwright_keyword_library.PlaywrightKeywordLibrary' failed: ModuleNotFoundError: No module named 'playwright_keyword_library'
2026-09-29 06:00:16.915254 ==============================================================================
2026-09-29 06:00:16.915254 Traceback (most recent call last):
2026-09-29 06:00:16.915271   None
2026-09-29 06:00:16.965417 PYTHONPATH:
2026-09-29 06:00:17.015558   /opt/hostedtoolcache/Python/3.11.16/x64/bin
2026-09-29 06:00:17.065704   /opt/hostedtoolcache/Python/3.11.16/x64/lib/python311.zip
2026-09-29 06:00:17.115819   /opt/hostedtoolcache/Python/3.11.16/x64/lib/python3.11
2026-09-29 06:00:17.166009   /opt/hostedtoolcache/Python/3.11.16/x64/lib/python3.11/lib-dynload
2026-09-29 06:00:17.216156   /opt/hostedtoolcache/Python/3.11.16/x64/lib/python3.11/site-packages
2026-09-29 06:00:17.266304 [ ERROR ] Error in file '/home/runner/work/engg-robot-testing-framework/engg-robot-testing-framework/resources/product_keywords.resource' on line 2: Importing library 'playwright_keyword_library.PlaywrightKeywordLibrary' failed: ModuleNotFoundError: No module named 'playwright_keyword_library'
2026-09-29 06:00:17.316499 Traceback (most recent call last):
2026-09-29 06:00:17.366656   None
2026-09-29 06:00:17.416806 PYTHONPATH:
2026-09-29 06:00:17.466957   /opt/hostedtoolcache/Python/3.11.16/x64/bin
2026-09-29 06:00:17.517103   /opt/hostedtoolcache/Python/3.11.16/x64/lib/python311.zip
2026-09-29 06:00:17.567246   /opt/hostedtoolcache/Python/3.11.16/x64/lib/python3.11
2026-09-29 06:00:17.617391   /opt/hostedtoolcache/Python/3.11.16/x64/lib/python3.11/lib-dynload
2026-09-29 06:00:17.667550   /opt/hostedtoolcache/Python/3.11.16/x64/lib/python3.11/site-packages
2026-09-29 06:00:17.717701 [ ERROR ] Error in file '/home/runner/work/engg-robot-testing-framework/engg-robot-testing-framework/resources/cart_keywords.resource' on line 2: Importing library 'playwright_keyword_library.PlaywrightKeywordLibrary' failed: ModuleNotFoundError: No module named 'playwright_keyword_library'
2026-09-29 06:00:17.767853 Traceback (most recent call last):
2026-09-29 06:00:17.818015   None
2026-09-29 06:00:17.868136 PYTHONPATH:
2026-09-29 06:00:17.918286   /opt/hostedtoolcache/Python/3.11.16/x64/bin
2026-09-29 06:00:17.968431   /opt/hostedtoolcache/Python/3.11.16/x64/lib/python311.zip
2026-09-29 06:00:18.018573   /opt/hostedtoolcache/Python/3.11.16/x64/lib/python3.11
2026-09-29 06:00:18.068720   /opt/hostedtoolcache/Python/3.11.16/x64/lib/python3.11/lib-dynload
2026-09-29 06:00:18.118867   /opt/hostedtoolcache/Python/3.11.16/x64/lib/python3.11/site-packages
2026-09-29 06:00:26.889215 TC12 Add Products In Cart                                             | FAIL |
2026-09-29 06:00:26.926866 Setup failed:
2026-09-29 06:00:26.926881 No keyword with name 'Open Browser' found.
2026-09-29 06:00:26.926889 
2026-09-29 06:00:26.926896 Also teardown failed:
2026-09-29 06:00:26.926903 Several failures occurred:
2026-09-29 06:00:26.926909 
2026-09-29 06:00:26.926917 1) No keyword with name 'Register Keyword To Run On Failure' found.
2026-09-29 06:00:26.926924 
2026-09-29 06:00:26.926931 2) No keyword with name 'Close Browser' found. Did you mean:
2026-09-29 06:00:26.926938     common.Close Test Browser
2026-09-29 06:00:26.926944 ------------------------------------------------------------------------------
2026-09-29 06:00:26.926951 Suites.Cart.TC12 add products to cart :: TC12 - Add Products In Cart  | FAIL |
2026-09-29 06:00:26.927600 1 test, 0 passed, 1 failed
2026-09-29 06:00:26.927607 ==============================================================================
2026-09-29 06:00:26.927614 Suites.Cart                                                           | FAIL |
2026-09-29 06:00:26.928008 1 test, 0 passed, 1 failed
2026-09-29 06:00:26.928058 ==============================================================================
2026-09-29 06:00:26.928065 Suites                                                                | FAIL |
2026-09-29 06:00:26.928392 1 test, 0 passed, 1 failed
2026-09-29 06:00:26.928418 ==============================================================================
2026-09-29 06:00:26.928424 Output:  /home/runner/work/engg-robot-testing-framework/engg-robot-testing-framework/reports/pabot_results/5/output.xml
