2026-09-21 05:17:16.300035 ==============================================================================
2026-09-21 05:17:16.320409 Suites
2026-09-21 05:17:16.320431 ==============================================================================
2026-09-21 05:17:16.320445 Suites.Auth
2026-09-21 05:17:16.321263 ==============================================================================
2026-09-21 05:17:16.321282 Suites.Auth.TC04 logout user
2026-09-21 05:17:16.321282 [ ERROR ] Error in file '/home/runner/work/engg-robot-testing-framework/engg-robot-testing-framework/tests/auth/TC04_logout_user.robot' on line 2: Importing library 'playwright_keyword_library.PlaywrightKeywordLibrary' failed: ModuleNotFoundError: No module named 'playwright_keyword_library'
2026-09-21 05:17:16.339743 ==============================================================================
2026-09-21 05:17:16.339743 Traceback (most recent call last):
2026-09-21 05:17:16.339768   None
2026-09-21 05:17:16.389923 PYTHONPATH:
2026-09-21 05:17:16.440047   /opt/hostedtoolcache/Python/3.11.16/x64/bin
2026-09-21 05:17:16.490164   /opt/hostedtoolcache/Python/3.11.16/x64/lib/python311.zip
2026-09-21 05:17:16.540277   /opt/hostedtoolcache/Python/3.11.16/x64/lib/python3.11
2026-09-21 05:17:16.590407   /opt/hostedtoolcache/Python/3.11.16/x64/lib/python3.11/lib-dynload
2026-09-21 05:17:16.640592   /opt/hostedtoolcache/Python/3.11.16/x64/lib/python3.11/site-packages
2026-09-21 05:17:16.690711 [ ERROR ] Error in file '/home/runner/work/engg-robot-testing-framework/engg-robot-testing-framework/resources/auth_keywords.resource' on line 2: Importing library 'playwright_keyword_library.PlaywrightKeywordLibrary' failed: ModuleNotFoundError: No module named 'playwright_keyword_library'
2026-09-21 05:17:16.740871 Traceback (most recent call last):
2026-09-21 05:17:16.791023   None
2026-09-21 05:17:16.841176 PYTHONPATH:
2026-09-21 05:17:16.891366   /opt/hostedtoolcache/Python/3.11.16/x64/bin
2026-09-21 05:17:16.941517   /opt/hostedtoolcache/Python/3.11.16/x64/lib/python311.zip
2026-09-21 05:17:16.991703   /opt/hostedtoolcache/Python/3.11.16/x64/lib/python3.11
2026-09-21 05:17:17.041908   /opt/hostedtoolcache/Python/3.11.16/x64/lib/python3.11/lib-dynload
2026-09-21 05:17:17.092115   /opt/hostedtoolcache/Python/3.11.16/x64/lib/python3.11/site-packages
2026-09-21 05:17:17.142361 [ ERROR ] Error in file '/home/runner/work/engg-robot-testing-framework/engg-robot-testing-framework/resources/common.resource' on line 4: Importing library 'playwright_keyword_library.PlaywrightKeywordLibrary' failed: ModuleNotFoundError: No module named 'playwright_keyword_library'
2026-09-21 05:17:17.192517 Traceback (most recent call last):
2026-09-21 05:17:17.242667   None
2026-09-21 05:17:17.292857 PYTHONPATH:
2026-09-21 05:17:17.343039   /opt/hostedtoolcache/Python/3.11.16/x64/bin
2026-09-21 05:17:17.393196   /opt/hostedtoolcache/Python/3.11.16/x64/lib/python311.zip
2026-09-21 05:17:17.443348   /opt/hostedtoolcache/Python/3.11.16/x64/lib/python3.11
2026-09-21 05:17:17.493496   /opt/hostedtoolcache/Python/3.11.16/x64/lib/python3.11/lib-dynload
2026-09-21 05:17:17.543666   /opt/hostedtoolcache/Python/3.11.16/x64/lib/python3.11/site-packages
2026-09-21 05:17:26.317922 TC04 Logout User                                                      | FAIL |
2026-09-21 05:17:26.350144 Setup failed:
2026-09-21 05:17:26.350165 No keyword with name 'Open Browser' found.
2026-09-21 05:17:26.350180 
2026-09-21 05:17:26.350194 Also teardown failed:
2026-09-21 05:17:26.350208 Several failures occurred:
2026-09-21 05:17:26.350221 
2026-09-21 05:17:26.350239 1) No keyword with name 'Register Keyword To Run On Failure' found.
2026-09-21 05:17:26.350252 
2026-09-21 05:17:26.350263 2) No keyword with name 'Close Browser' found. Did you mean:
2026-09-21 05:17:26.350276     common.Close Test Browser
2026-09-21 05:17:26.350287 ------------------------------------------------------------------------------
2026-09-21 05:17:26.350299 Suites.Auth.TC04 logout user                                          | FAIL |
2026-09-21 05:17:26.350806 1 test, 0 passed, 1 failed
2026-09-21 05:17:26.350823 ==============================================================================
2026-09-21 05:17:26.350836 Suites.Auth                                                           | FAIL |
2026-09-21 05:17:26.351236 1 test, 0 passed, 1 failed
2026-09-21 05:17:26.351253 ==============================================================================
2026-09-21 05:17:26.351266 Suites                                                                | FAIL |
2026-09-21 05:17:26.351584 1 test, 0 passed, 1 failed
2026-09-21 05:17:26.351609 ==============================================================================
2026-09-21 05:17:26.351659 Output:  /home/runner/work/engg-robot-testing-framework/engg-robot-testing-framework/reports/pabot_results/3/output.xml
