2026-09-03 04:52:37.589010 ==============================================================================
2026-09-03 04:52:37.606961 Suites
2026-09-03 04:52:37.606981 ==============================================================================
2026-09-03 04:52:37.606993 Suites.Cart
2026-09-03 04:52:37.607731 ==============================================================================
2026-09-03 04:52:37.607748 Suites.Cart.TC12 add products to cart :: TC12 - Add Products In Cart
2026-09-03 04:52:37.607748 [ ERROR ] Error in file '/home/runner/work/engg-robot-testing-framework/engg-robot-testing-framework/resources/common.resource' on line 4: Importing library 'playwright_keyword_library.PlaywrightKeywordLibrary' failed: ModuleNotFoundError: No module named 'playwright_keyword_library'
2026-09-03 04:52:37.635386 ==============================================================================
2026-09-03 04:52:37.635386 Traceback (most recent call last):
2026-09-03 04:52:37.635408   None
2026-09-03 04:52:37.685506 PYTHONPATH:
2026-09-03 04:52:37.735616   /opt/hostedtoolcache/Python/3.11.16/x64/bin
2026-09-03 04:52:37.785713   /opt/hostedtoolcache/Python/3.11.16/x64/lib/python311.zip
2026-09-03 04:52:37.835831   /opt/hostedtoolcache/Python/3.11.16/x64/lib/python3.11
2026-09-03 04:52:37.885993   /opt/hostedtoolcache/Python/3.11.16/x64/lib/python3.11/lib-dynload
2026-09-03 04:52:37.936102   /opt/hostedtoolcache/Python/3.11.16/x64/lib/python3.11/site-packages
2026-09-03 04:52:37.986250 [ ERROR ] Error in file '/home/runner/work/engg-robot-testing-framework/engg-robot-testing-framework/resources/product_keywords.resource' on line 2: Importing library 'playwright_keyword_library.PlaywrightKeywordLibrary' failed: ModuleNotFoundError: No module named 'playwright_keyword_library'
2026-09-03 04:52:38.036394 Traceback (most recent call last):
2026-09-03 04:52:38.086539   None
2026-09-03 04:52:38.136682 PYTHONPATH:
2026-09-03 04:52:38.186845   /opt/hostedtoolcache/Python/3.11.16/x64/bin
2026-09-03 04:52:38.236993   /opt/hostedtoolcache/Python/3.11.16/x64/lib/python311.zip
2026-09-03 04:52:38.287140   /opt/hostedtoolcache/Python/3.11.16/x64/lib/python3.11
2026-09-03 04:52:38.337284   /opt/hostedtoolcache/Python/3.11.16/x64/lib/python3.11/lib-dynload
2026-09-03 04:52:38.387391   /opt/hostedtoolcache/Python/3.11.16/x64/lib/python3.11/site-packages
2026-09-03 04:52:38.437531 [ ERROR ] Error in file '/home/runner/work/engg-robot-testing-framework/engg-robot-testing-framework/resources/cart_keywords.resource' on line 2: Importing library 'playwright_keyword_library.PlaywrightKeywordLibrary' failed: ModuleNotFoundError: No module named 'playwright_keyword_library'
2026-09-03 04:52:38.487679 Traceback (most recent call last):
2026-09-03 04:52:38.537845   None
2026-09-03 04:52:38.587989 PYTHONPATH:
2026-09-03 04:52:38.638128   /opt/hostedtoolcache/Python/3.11.16/x64/bin
2026-09-03 04:52:38.688270   /opt/hostedtoolcache/Python/3.11.16/x64/lib/python311.zip
2026-09-03 04:52:38.738411   /opt/hostedtoolcache/Python/3.11.16/x64/lib/python3.11
2026-09-03 04:52:38.788550   /opt/hostedtoolcache/Python/3.11.16/x64/lib/python3.11/lib-dynload
2026-09-03 04:52:38.838691   /opt/hostedtoolcache/Python/3.11.16/x64/lib/python3.11/site-packages
2026-09-03 04:52:47.608523 TC12 Add Products In Cart                                             | FAIL |
2026-09-03 04:52:47.646031 Setup failed:
2026-09-03 04:52:47.646052 No keyword with name 'Open Browser' found.
2026-09-03 04:52:47.646068 
2026-09-03 04:52:47.646100 Also teardown failed:
2026-09-03 04:52:47.646111 Several failures occurred:
2026-09-03 04:52:47.646122 
2026-09-03 04:52:47.646132 1) No keyword with name 'Register Keyword To Run On Failure' found.
2026-09-03 04:52:47.646143 
2026-09-03 04:52:47.646153 2) No keyword with name 'Close Browser' found. Did you mean:
2026-09-03 04:52:47.646163     common.Close Test Browser
2026-09-03 04:52:47.646172 ------------------------------------------------------------------------------
2026-09-03 04:52:47.646182 Suites.Cart.TC12 add products to cart :: TC12 - Add Products In Cart  | FAIL |
2026-09-03 04:52:47.646630 1 test, 0 passed, 1 failed
2026-09-03 04:52:47.646681 ==============================================================================
2026-09-03 04:52:47.646692 Suites.Cart                                                           | FAIL |
2026-09-03 04:52:47.647029 1 test, 0 passed, 1 failed
2026-09-03 04:52:47.647080 ==============================================================================
2026-09-03 04:52:47.647090 Suites                                                                | FAIL |
2026-09-03 04:52:47.647348 1 test, 0 passed, 1 failed
2026-09-03 04:52:47.647391 ==============================================================================
2026-09-03 04:52:47.647401 Output:  /home/runner/work/engg-robot-testing-framework/engg-robot-testing-framework/reports/pabot_results/5/output.xml
