2026-09-15 05:09:11.849443 ==============================================================================
2026-09-15 05:09:11.890691 Suites
2026-09-15 05:09:11.890705 ==============================================================================
2026-09-15 05:09:11.890718 Suites.Auth
2026-09-15 05:09:11.891417 ==============================================================================
2026-09-15 05:09:11.891429 Suites.Auth.TC01 register user
2026-09-15 05:09:11.891429 [ ERROR ] Error in file '/home/runner/work/engg-robot-testing-framework/engg-robot-testing-framework/tests/auth/TC01_register_user.robot' on line 2: Importing library 'playwright_keyword_library.PlaywrightKeywordLibrary' failed: ModuleNotFoundError: No module named 'playwright_keyword_library'
2026-09-15 05:09:11.906469 ==============================================================================
2026-09-15 05:09:11.906469 Traceback (most recent call last):
2026-09-15 05:09:11.906485   None
2026-09-15 05:09:11.956581 PYTHONPATH:
2026-09-15 05:09:12.006670   /opt/hostedtoolcache/Python/3.11.16/x64/bin
2026-09-15 05:09:12.056772   /opt/hostedtoolcache/Python/3.11.16/x64/lib/python311.zip
2026-09-15 05:09:12.106855   /opt/hostedtoolcache/Python/3.11.16/x64/lib/python3.11
2026-09-15 05:09:12.156934   /opt/hostedtoolcache/Python/3.11.16/x64/lib/python3.11/lib-dynload
2026-09-15 05:09:12.207023   /opt/hostedtoolcache/Python/3.11.16/x64/lib/python3.11/site-packages
2026-09-15 05:09:12.257102 [ ERROR ] Error in file '/home/runner/work/engg-robot-testing-framework/engg-robot-testing-framework/resources/auth_keywords.resource' on line 2: Importing library 'playwright_keyword_library.PlaywrightKeywordLibrary' failed: ModuleNotFoundError: No module named 'playwright_keyword_library'
2026-09-15 05:09:12.307186 Traceback (most recent call last):
2026-09-15 05:09:12.357271   None
2026-09-15 05:09:12.407360 PYTHONPATH:
2026-09-15 05:09:12.457443   /opt/hostedtoolcache/Python/3.11.16/x64/bin
2026-09-15 05:09:12.507521   /opt/hostedtoolcache/Python/3.11.16/x64/lib/python311.zip
2026-09-15 05:09:12.557607   /opt/hostedtoolcache/Python/3.11.16/x64/lib/python3.11
2026-09-15 05:09:12.607688   /opt/hostedtoolcache/Python/3.11.16/x64/lib/python3.11/lib-dynload
2026-09-15 05:09:12.657783   /opt/hostedtoolcache/Python/3.11.16/x64/lib/python3.11/site-packages
2026-09-15 05:09:12.707868 [ ERROR ] Error in file '/home/runner/work/engg-robot-testing-framework/engg-robot-testing-framework/resources/common.resource' on line 4: Importing library 'playwright_keyword_library.PlaywrightKeywordLibrary' failed: ModuleNotFoundError: No module named 'playwright_keyword_library'
2026-09-15 05:09:12.757952 Traceback (most recent call last):
2026-09-15 05:09:12.808036   None
2026-09-15 05:09:12.858121 PYTHONPATH:
2026-09-15 05:09:12.908202   /opt/hostedtoolcache/Python/3.11.16/x64/bin
2026-09-15 05:09:12.958286   /opt/hostedtoolcache/Python/3.11.16/x64/lib/python311.zip
2026-09-15 05:09:13.008372   /opt/hostedtoolcache/Python/3.11.16/x64/lib/python3.11
2026-09-15 05:09:13.058455   /opt/hostedtoolcache/Python/3.11.16/x64/lib/python3.11/lib-dynload
2026-09-15 05:09:13.108539   /opt/hostedtoolcache/Python/3.11.16/x64/lib/python3.11/site-packages
2026-09-15 05:09:21.880212 TC01 Register User                                                    | FAIL |
2026-09-15 05:09:21.915578 Setup failed:
2026-09-15 05:09:21.915583 No keyword with name 'Open Browser' found.
2026-09-15 05:09:21.915588 
2026-09-15 05:09:21.915592 Also teardown failed:
2026-09-15 05:09:21.915597 Several failures occurred:
2026-09-15 05:09:21.915601 
2026-09-15 05:09:21.915605 1) No keyword with name 'Register Keyword To Run On Failure' found.
2026-09-15 05:09:21.915610 
2026-09-15 05:09:21.915614 2) No keyword with name 'Close Browser' found. Did you mean:
2026-09-15 05:09:21.915618     common.Close Test Browser
2026-09-15 05:09:21.915623 ------------------------------------------------------------------------------
2026-09-15 05:09:21.915627 Suites.Auth.TC01 register user                                        | FAIL |
2026-09-15 05:09:21.916382 1 test, 0 passed, 1 failed
2026-09-15 05:09:21.916430 ==============================================================================
2026-09-15 05:09:21.916434 Suites.Auth                                                           | FAIL |
2026-09-15 05:09:21.916869 1 test, 0 passed, 1 failed
2026-09-15 05:09:21.916922 ==============================================================================
2026-09-15 05:09:21.916926 Suites                                                                | FAIL |
2026-09-15 05:09:21.917234 1 test, 0 passed, 1 failed
2026-09-15 05:09:21.917288 ==============================================================================
2026-09-15 05:09:21.917293 Output:  /home/runner/work/engg-robot-testing-framework/engg-robot-testing-framework/reports/pabot_results/0/output.xml
