2026-08-10 02:41:21.269367 ==============================================================================
2026-08-10 02:41:21.312477 Suites
2026-08-10 02:41:21.312493 ==============================================================================
2026-08-10 02:41:21.312503 Suites.Auth
2026-08-10 02:41:21.313223 ==============================================================================
2026-08-10 02:41:21.313236 Suites.Auth.TC05 register existing email
2026-08-10 02:41:21.313236 [ ERROR ] Error in file '/home/runner/work/engg-robot-testing-framework/engg-robot-testing-framework/tests/auth/TC05_register_existing_email.robot' on line 2: Importing library 'playwright_keyword_library.PlaywrightKeywordLibrary' failed: ModuleNotFoundError: No module named 'playwright_keyword_library'
2026-08-10 02:41:21.328577 ==============================================================================
2026-08-10 02:41:21.328577 Traceback (most recent call last):
2026-08-10 02:41:21.328594   None
2026-08-10 02:41:21.378719 PYTHONPATH:
2026-08-10 02:41:21.428811   /opt/hostedtoolcache/Python/3.11.15/x64/bin
2026-08-10 02:41:21.478947   /opt/hostedtoolcache/Python/3.11.15/x64/lib/python311.zip
2026-08-10 02:41:21.529005   /opt/hostedtoolcache/Python/3.11.15/x64/lib/python3.11
2026-08-10 02:41:21.579110   /opt/hostedtoolcache/Python/3.11.15/x64/lib/python3.11/lib-dynload
2026-08-10 02:41:21.629207   /opt/hostedtoolcache/Python/3.11.15/x64/lib/python3.11/site-packages
2026-08-10 02:41:21.679396 [ ERROR ] Error in file '/home/runner/work/engg-robot-testing-framework/engg-robot-testing-framework/resources/auth_keywords.resource' on line 2: Importing library 'playwright_keyword_library.PlaywrightKeywordLibrary' failed: ModuleNotFoundError: No module named 'playwright_keyword_library'
2026-08-10 02:41:21.729497 Traceback (most recent call last):
2026-08-10 02:41:21.779634   None
2026-08-10 02:41:21.829736 PYTHONPATH:
2026-08-10 02:41:21.879875   /opt/hostedtoolcache/Python/3.11.15/x64/bin
2026-08-10 02:41:21.929990   /opt/hostedtoolcache/Python/3.11.15/x64/lib/python311.zip
2026-08-10 02:41:21.980103   /opt/hostedtoolcache/Python/3.11.15/x64/lib/python3.11
2026-08-10 02:41:22.030202   /opt/hostedtoolcache/Python/3.11.15/x64/lib/python3.11/lib-dynload
2026-08-10 02:41:22.080309   /opt/hostedtoolcache/Python/3.11.15/x64/lib/python3.11/site-packages
2026-08-10 02:41:22.130403 [ ERROR ] Error in file '/home/runner/work/engg-robot-testing-framework/engg-robot-testing-framework/resources/common.resource' on line 4: Importing library 'playwright_keyword_library.PlaywrightKeywordLibrary' failed: ModuleNotFoundError: No module named 'playwright_keyword_library'
2026-08-10 02:41:22.180517 Traceback (most recent call last):
2026-08-10 02:41:22.230611   None
2026-08-10 02:41:22.280720 PYTHONPATH:
2026-08-10 02:41:22.330815   /opt/hostedtoolcache/Python/3.11.15/x64/bin
2026-08-10 02:41:22.380956   /opt/hostedtoolcache/Python/3.11.15/x64/lib/python311.zip
2026-08-10 02:41:22.431141   /opt/hostedtoolcache/Python/3.11.15/x64/lib/python3.11
2026-08-10 02:41:22.481231   /opt/hostedtoolcache/Python/3.11.15/x64/lib/python3.11/lib-dynload
2026-08-10 02:41:22.531323   /opt/hostedtoolcache/Python/3.11.15/x64/lib/python3.11/site-packages
2026-08-10 02:41:31.297128 TC05 Register User With Existing Email                                | FAIL |
2026-08-10 02:41:31.336928 Setup failed:
2026-08-10 02:41:31.336940 No keyword with name 'Open Browser' found.
2026-08-10 02:41:31.336946 
2026-08-10 02:41:31.336951 Also teardown failed:
2026-08-10 02:41:31.336956 Several failures occurred:
2026-08-10 02:41:31.336961 
2026-08-10 02:41:31.336998 1) No keyword with name 'Register Keyword To Run On Failure' found.
2026-08-10 02:41:31.337005 
2026-08-10 02:41:31.337010 2) No keyword with name 'Close Browser' found. Did you mean:
2026-08-10 02:41:31.337015     common.Close Test Browser
2026-08-10 02:41:31.337020 ------------------------------------------------------------------------------
2026-08-10 02:41:31.337025 Suites.Auth.TC05 register existing email                              | FAIL |
2026-08-10 02:41:31.337478 1 test, 0 passed, 1 failed
2026-08-10 02:41:31.337533 ==============================================================================
2026-08-10 02:41:31.337539 Suites.Auth                                                           | FAIL |
2026-08-10 02:41:31.337822 1 test, 0 passed, 1 failed
2026-08-10 02:41:31.337861 ==============================================================================
2026-08-10 02:41:31.337866 Suites                                                                | FAIL |
2026-08-10 02:41:31.338134 1 test, 0 passed, 1 failed
2026-08-10 02:41:31.338184 ==============================================================================
2026-08-10 02:41:31.338190 Output:  /home/runner/work/engg-robot-testing-framework/engg-robot-testing-framework/reports/pabot_results/4/output.xml
