2026-07-25 03:48:50.974004 ==============================================================================
2026-07-25 03:48:50.975862 Suites
2026-07-25 03:48:50.975884 ==============================================================================
2026-07-25 03:48:50.975950 Suites.Auth
2026-07-25 03:48:50.976807 ==============================================================================
2026-07-25 03:48:50.976822 Suites.Auth.TC03 login invalid
2026-07-25 03:48:50.976822 [ ERROR ] Error in file '/home/runner/work/engg-robot-testing-framework/engg-robot-testing-framework/tests/auth/TC03_login_invalid.robot' on line 2: Importing library 'playwright_keyword_library.PlaywrightKeywordLibrary' failed: ModuleNotFoundError: No module named 'playwright_keyword_library'
2026-07-25 03:48:50.992718 ==============================================================================
2026-07-25 03:48:50.992718 Traceback (most recent call last):
2026-07-25 03:48:50.992739   None
2026-07-25 03:48:51.042842 PYTHONPATH:
2026-07-25 03:48:51.092979   /opt/hostedtoolcache/Python/3.11.15/x64/bin
2026-07-25 03:48:51.143098   /opt/hostedtoolcache/Python/3.11.15/x64/lib/python311.zip
2026-07-25 03:48:51.193256   /opt/hostedtoolcache/Python/3.11.15/x64/lib/python3.11
2026-07-25 03:48:51.243346   /opt/hostedtoolcache/Python/3.11.15/x64/lib/python3.11/lib-dynload
2026-07-25 03:48:51.293550   /opt/hostedtoolcache/Python/3.11.15/x64/lib/python3.11/site-packages
2026-07-25 03:48:51.343737 [ ERROR ] Error in file '/home/runner/work/engg-robot-testing-framework/engg-robot-testing-framework/resources/auth_keywords.resource' on line 2: Importing library 'playwright_keyword_library.PlaywrightKeywordLibrary' failed: ModuleNotFoundError: No module named 'playwright_keyword_library'
2026-07-25 03:48:51.394098 Traceback (most recent call last):
2026-07-25 03:48:51.444355   None
2026-07-25 03:48:51.494530 PYTHONPATH:
2026-07-25 03:48:51.544738   /opt/hostedtoolcache/Python/3.11.15/x64/bin
2026-07-25 03:48:51.594985   /opt/hostedtoolcache/Python/3.11.15/x64/lib/python311.zip
2026-07-25 03:48:51.645214   /opt/hostedtoolcache/Python/3.11.15/x64/lib/python3.11
2026-07-25 03:48:51.695399   /opt/hostedtoolcache/Python/3.11.15/x64/lib/python3.11/lib-dynload
2026-07-25 03:48:51.745596   /opt/hostedtoolcache/Python/3.11.15/x64/lib/python3.11/site-packages
2026-07-25 03:48:51.795842 [ ERROR ] Error in file '/home/runner/work/engg-robot-testing-framework/engg-robot-testing-framework/resources/common.resource' on line 4: Importing library 'playwright_keyword_library.PlaywrightKeywordLibrary' failed: ModuleNotFoundError: No module named 'playwright_keyword_library'
2026-07-25 03:48:51.846002 Traceback (most recent call last):
2026-07-25 03:48:51.896330   None
2026-07-25 03:48:51.946580 PYTHONPATH:
2026-07-25 03:48:51.996808   /opt/hostedtoolcache/Python/3.11.15/x64/bin
2026-07-25 03:48:52.047024   /opt/hostedtoolcache/Python/3.11.15/x64/lib/python311.zip
2026-07-25 03:48:52.097262   /opt/hostedtoolcache/Python/3.11.15/x64/lib/python3.11
2026-07-25 03:48:52.147396   /opt/hostedtoolcache/Python/3.11.15/x64/lib/python3.11/lib-dynload
2026-07-25 03:48:52.197631   /opt/hostedtoolcache/Python/3.11.15/x64/lib/python3.11/site-packages
2026-07-25 03:49:00.969778 TC03 Login User With Incorrect Email And Password                     | FAIL |
2026-07-25 03:49:01.003027 Setup failed:
2026-07-25 03:49:01.003036 No keyword with name 'Open Browser' found.
2026-07-25 03:49:01.003043 
2026-07-25 03:49:01.003050 Also teardown failed:
2026-07-25 03:49:01.003057 Several failures occurred:
2026-07-25 03:49:01.003064 
2026-07-25 03:49:01.003071 1) No keyword with name 'Register Keyword To Run On Failure' found.
2026-07-25 03:49:01.003079 
2026-07-25 03:49:01.003085 2) No keyword with name 'Close Browser' found. Did you mean:
2026-07-25 03:49:01.003092     common.Close Test Browser
2026-07-25 03:49:01.003099 ------------------------------------------------------------------------------
2026-07-25 03:49:01.003106 Suites.Auth.TC03 login invalid                                        | FAIL |
2026-07-25 03:49:01.004105 1 test, 0 passed, 1 failed
2026-07-25 03:49:01.004160 ==============================================================================
2026-07-25 03:49:01.004168 Suites.Auth                                                           | FAIL |
2026-07-25 03:49:01.004801 1 test, 0 passed, 1 failed
2026-07-25 03:49:01.007355 ==============================================================================
2026-07-25 03:49:01.007550 Suites                                                                | FAIL |
2026-07-25 03:49:01.007560 1 test, 0 passed, 1 failed
2026-07-25 03:49:01.007567 ==============================================================================
2026-07-25 03:49:01.007574 Output:  /home/runner/work/engg-robot-testing-framework/engg-robot-testing-framework/reports/pabot_results/2/output.xml
