2026-06-04 05:22:26.835912 ==============================================================================
2026-06-04 05:22:26.870797 Suites
2026-06-04 05:22:26.870818 ==============================================================================
2026-06-04 05:22:26.870828 Suites.Cart
2026-06-04 05:22:26.871674 ==============================================================================
2026-06-04 05:22:26.972007 Suites.Cart.TC13 verify product quantity :: TC13 - Verify Product Quantity ...
2026-06-04 05:22:27.021605 ==============================================================================
2026-06-04 05:22:37.807044 TC13 Verify Product Quantity In Cart                                  | FAIL |
2026-06-04 05:22:37.854674 Setup failed:
2026-06-04 05:22:37.854704 Title should have been 'Automation Exercise' but was 'One moment, please...'.
2026-06-04 05:22:37.854720 ------------------------------------------------------------------------------
2026-06-04 05:22:37.854735 Suites.Cart.TC13 verify product quantity :: TC13 - Verify Product ... | FAIL |
2026-06-04 05:22:37.855509 1 test, 0 passed, 1 failed
2026-06-04 05:22:37.855572 ==============================================================================
2026-06-04 05:22:37.855586 Suites.Cart                                                           | FAIL |
2026-06-04 05:22:37.856084 1 test, 0 passed, 1 failed
2026-06-04 05:22:37.856104 ==============================================================================
2026-06-04 05:22:37.856119 Suites                                                                | FAIL |
2026-06-04 05:22:37.856433 1 test, 0 passed, 1 failed
2026-06-04 05:22:37.856488 ==============================================================================
2026-06-04 05:22:37.856503 Output:  /home/runner/work/engg-robot-testing-framework/engg-robot-testing-framework/reports/pabot_results/6/output.xml
