2026-07-18 03:41:42.632591 ==============================================================================
2026-07-18 03:41:42.647561 Suites
2026-07-18 03:41:42.647579 ==============================================================================
2026-07-18 03:41:42.647592 Suites.Cart
2026-07-18 03:41:42.648283 ==============================================================================
2026-07-18 03:41:42.648300 Suites.Cart.TC13 verify product quantity :: TC13 - Verify Product Quantity ...
2026-07-18 03:41:42.648300 [ ERROR ] Error in file '/home/runner/work/engg-robot-testing-framework/engg-robot-testing-framework/resources/common.resource' on line 4: Importing library 'playwright_keyword_library.PlaywrightKeywordLibrary' failed: ModuleNotFoundError: No module named 'playwright_keyword_library'
2026-07-18 03:41:42.675368 ==============================================================================
2026-07-18 03:41:42.675368 Traceback (most recent call last):
2026-07-18 03:41:42.675390   None
2026-07-18 03:41:42.725524 PYTHONPATH:
2026-07-18 03:41:42.775694   /opt/hostedtoolcache/Python/3.11.15/x64/bin
2026-07-18 03:41:42.825867   /opt/hostedtoolcache/Python/3.11.15/x64/lib/python311.zip
2026-07-18 03:41:42.876039   /opt/hostedtoolcache/Python/3.11.15/x64/lib/python3.11
2026-07-18 03:41:42.926207   /opt/hostedtoolcache/Python/3.11.15/x64/lib/python3.11/lib-dynload
2026-07-18 03:41:42.976376   /opt/hostedtoolcache/Python/3.11.15/x64/lib/python3.11/site-packages
2026-07-18 03:41:43.026548 [ ERROR ] Error in file '/home/runner/work/engg-robot-testing-framework/engg-robot-testing-framework/resources/product_keywords.resource' on line 2: Importing library 'playwright_keyword_library.PlaywrightKeywordLibrary' failed: ModuleNotFoundError: No module named 'playwright_keyword_library'
2026-07-18 03:41:43.076740 Traceback (most recent call last):
2026-07-18 03:41:43.126917   None
2026-07-18 03:41:43.177086 PYTHONPATH:
2026-07-18 03:41:43.227260   /opt/hostedtoolcache/Python/3.11.15/x64/bin
2026-07-18 03:41:43.277442   /opt/hostedtoolcache/Python/3.11.15/x64/lib/python311.zip
2026-07-18 03:41:43.327649   /opt/hostedtoolcache/Python/3.11.15/x64/lib/python3.11
2026-07-18 03:41:43.377827   /opt/hostedtoolcache/Python/3.11.15/x64/lib/python3.11/lib-dynload
2026-07-18 03:41:43.427971   /opt/hostedtoolcache/Python/3.11.15/x64/lib/python3.11/site-packages
2026-07-18 03:41:43.478149 [ ERROR ] Error in file '/home/runner/work/engg-robot-testing-framework/engg-robot-testing-framework/resources/cart_keywords.resource' on line 2: Importing library 'playwright_keyword_library.PlaywrightKeywordLibrary' failed: ModuleNotFoundError: No module named 'playwright_keyword_library'
2026-07-18 03:41:43.528323 Traceback (most recent call last):
2026-07-18 03:41:43.578503   None
2026-07-18 03:41:43.628691 PYTHONPATH:
2026-07-18 03:41:43.678869   /opt/hostedtoolcache/Python/3.11.15/x64/bin
2026-07-18 03:41:43.729054   /opt/hostedtoolcache/Python/3.11.15/x64/lib/python311.zip
2026-07-18 03:41:43.779235   /opt/hostedtoolcache/Python/3.11.15/x64/lib/python3.11
2026-07-18 03:41:43.829404   /opt/hostedtoolcache/Python/3.11.15/x64/lib/python3.11/lib-dynload
2026-07-18 03:41:43.879586   /opt/hostedtoolcache/Python/3.11.15/x64/lib/python3.11/site-packages
2026-07-18 03:41:52.651083 TC13 Verify Product Quantity In Cart                                  | FAIL |
2026-07-18 03:41:52.686001 Setup failed:
2026-07-18 03:41:52.686020 No keyword with name 'Open Browser' found.
2026-07-18 03:41:52.686033 
2026-07-18 03:41:52.686040 Also teardown failed:
2026-07-18 03:41:52.686047 Several failures occurred:
2026-07-18 03:41:52.686055 
2026-07-18 03:41:52.686062 1) No keyword with name 'Register Keyword To Run On Failure' found.
2026-07-18 03:41:52.686069 
2026-07-18 03:41:52.686076 2) No keyword with name 'Close Browser' found. Did you mean:
2026-07-18 03:41:52.686082     common.Close Test Browser
2026-07-18 03:41:52.686089 ------------------------------------------------------------------------------
2026-07-18 03:41:52.686095 Suites.Cart.TC13 verify product quantity :: TC13 - Verify Product ... | FAIL |
2026-07-18 03:41:52.686643 1 test, 0 passed, 1 failed
2026-07-18 03:41:52.686656 ==============================================================================
2026-07-18 03:41:52.686665 Suites.Cart                                                           | FAIL |
2026-07-18 03:41:52.686942 1 test, 0 passed, 1 failed
2026-07-18 03:41:52.686977 ==============================================================================
2026-07-18 03:41:52.686984 Suites                                                                | FAIL |
2026-07-18 03:41:52.687256 1 test, 0 passed, 1 failed
2026-07-18 03:41:52.687289 ==============================================================================
2026-07-18 03:41:52.687296 Output:  /home/runner/work/engg-robot-testing-framework/engg-robot-testing-framework/reports/pabot_results/6/output.xml
