2026-07-13 04:09:27.026931 ==============================================================================
2026-07-13 04:09:27.046713 Suites
2026-07-13 04:09:27.046744 ==============================================================================
2026-07-13 04:09:27.046761 Suites.Cart
2026-07-13 04:09:27.047590 ==============================================================================
2026-07-13 04:09:27.047608 Suites.Cart.TC13 verify product quantity :: TC13 - Verify Product Quantity ...
2026-07-13 04:09:27.047608 [ ERROR ] Error in file '/home/runner/work/engg-robot-testing-framework/engg-robot-testing-framework/resources/common.resource' on line 4: Importing library 'playwright_keyword_library.PlaywrightKeywordLibrary' failed: ModuleNotFoundError: No module named 'playwright_keyword_library'
2026-07-13 04:09:27.079608 ==============================================================================
2026-07-13 04:09:27.079608 Traceback (most recent call last):
2026-07-13 04:09:27.079634   None
2026-07-13 04:09:27.129817 PYTHONPATH:
2026-07-13 04:09:27.179961   /opt/hostedtoolcache/Python/3.11.15/x64/bin
2026-07-13 04:09:27.230125   /opt/hostedtoolcache/Python/3.11.15/x64/lib/python311.zip
2026-07-13 04:09:27.280663   /opt/hostedtoolcache/Python/3.11.15/x64/lib/python3.11
2026-07-13 04:09:27.330861   /opt/hostedtoolcache/Python/3.11.15/x64/lib/python3.11/lib-dynload
2026-07-13 04:09:27.381063   /opt/hostedtoolcache/Python/3.11.15/x64/lib/python3.11/site-packages
2026-07-13 04:09:27.431295 [ ERROR ] Error in file '/home/runner/work/engg-robot-testing-framework/engg-robot-testing-framework/resources/product_keywords.resource' on line 2: Importing library 'playwright_keyword_library.PlaywrightKeywordLibrary' failed: ModuleNotFoundError: No module named 'playwright_keyword_library'
2026-07-13 04:09:27.481504 Traceback (most recent call last):
2026-07-13 04:09:27.531779   None
2026-07-13 04:09:27.581953 PYTHONPATH:
2026-07-13 04:09:27.632136   /opt/hostedtoolcache/Python/3.11.15/x64/bin
2026-07-13 04:09:27.682281   /opt/hostedtoolcache/Python/3.11.15/x64/lib/python311.zip
2026-07-13 04:09:27.732536   /opt/hostedtoolcache/Python/3.11.15/x64/lib/python3.11
2026-07-13 04:09:27.782773   /opt/hostedtoolcache/Python/3.11.15/x64/lib/python3.11/lib-dynload
2026-07-13 04:09:27.833102   /opt/hostedtoolcache/Python/3.11.15/x64/lib/python3.11/site-packages
2026-07-13 04:09:27.883274 [ ERROR ] Error in file '/home/runner/work/engg-robot-testing-framework/engg-robot-testing-framework/resources/cart_keywords.resource' on line 2: Importing library 'playwright_keyword_library.PlaywrightKeywordLibrary' failed: ModuleNotFoundError: No module named 'playwright_keyword_library'
2026-07-13 04:09:27.933601 Traceback (most recent call last):
2026-07-13 04:09:27.983817   None
2026-07-13 04:09:28.034138 PYTHONPATH:
2026-07-13 04:09:28.084319   /opt/hostedtoolcache/Python/3.11.15/x64/bin
2026-07-13 04:09:28.134634   /opt/hostedtoolcache/Python/3.11.15/x64/lib/python311.zip
2026-07-13 04:09:28.184817   /opt/hostedtoolcache/Python/3.11.15/x64/lib/python3.11
2026-07-13 04:09:28.235127   /opt/hostedtoolcache/Python/3.11.15/x64/lib/python3.11/lib-dynload
2026-07-13 04:09:28.285357   /opt/hostedtoolcache/Python/3.11.15/x64/lib/python3.11/site-packages
2026-07-13 04:09:37.063097 TC13 Verify Product Quantity In Cart                                  | FAIL |
2026-07-13 04:09:37.091866 Setup failed:
2026-07-13 04:09:37.091879 No keyword with name 'Open Browser' found.
2026-07-13 04:09:37.091887 
2026-07-13 04:09:37.091894 Also teardown failed:
2026-07-13 04:09:37.091900 Several failures occurred:
2026-07-13 04:09:37.091907 
2026-07-13 04:09:37.091914 1) No keyword with name 'Register Keyword To Run On Failure' found.
2026-07-13 04:09:37.091923 
2026-07-13 04:09:37.091929 2) No keyword with name 'Close Browser' found. Did you mean:
2026-07-13 04:09:37.091936     common.Close Test Browser
2026-07-13 04:09:37.091942 ------------------------------------------------------------------------------
2026-07-13 04:09:37.091949 Suites.Cart.TC13 verify product quantity :: TC13 - Verify Product ... | FAIL |
2026-07-13 04:09:37.092792 1 test, 0 passed, 1 failed
2026-07-13 04:09:37.092855 ==============================================================================
2026-07-13 04:09:37.092863 Suites.Cart                                                           | FAIL |
2026-07-13 04:09:37.093388 1 test, 0 passed, 1 failed
2026-07-13 04:09:37.093469 ==============================================================================
2026-07-13 04:09:37.093486 Suites                                                                | FAIL |
2026-07-13 04:09:37.093942 1 test, 0 passed, 1 failed
2026-07-13 04:09:37.093984 ==============================================================================
2026-07-13 04:09:37.093992 Output:  /home/runner/work/engg-robot-testing-framework/engg-robot-testing-framework/reports/pabot_results/6/output.xml
