2026-09-23 05:00:36.849128 ==============================================================================
2026-09-23 05:00:36.874038 Suites
2026-09-23 05:00:36.874055 ==============================================================================
2026-09-23 05:00:36.874066 Suites.Cart
2026-09-23 05:00:36.874916 ==============================================================================
2026-09-23 05:00:36.874925 Suites.Cart.TC22 add from recommended items :: TC22 - Add To Cart From Reco...
2026-09-23 05:00:36.874925 [ ERROR ] Error in file '/home/runner/work/engg-robot-testing-framework/engg-robot-testing-framework/resources/common.resource' on line 4: Importing library 'playwright_keyword_library.PlaywrightKeywordLibrary' failed: ModuleNotFoundError: No module named 'playwright_keyword_library'
2026-09-23 05:00:36.898770 ==============================================================================
2026-09-23 05:00:36.898770 Traceback (most recent call last):
2026-09-23 05:00:36.898790   None
2026-09-23 05:00:36.948937 PYTHONPATH:
2026-09-23 05:00:36.999103   /opt/hostedtoolcache/Python/3.11.16/x64/bin
2026-09-23 05:00:37.049274   /opt/hostedtoolcache/Python/3.11.16/x64/lib/python311.zip
2026-09-23 05:00:37.099434   /opt/hostedtoolcache/Python/3.11.16/x64/lib/python3.11
2026-09-23 05:00:37.149612   /opt/hostedtoolcache/Python/3.11.16/x64/lib/python3.11/lib-dynload
2026-09-23 05:00:37.199793   /opt/hostedtoolcache/Python/3.11.16/x64/lib/python3.11/site-packages
2026-09-23 05:00:37.249917 [ ERROR ] Error in file '/home/runner/work/engg-robot-testing-framework/engg-robot-testing-framework/resources/cart_keywords.resource' on line 2: Importing library 'playwright_keyword_library.PlaywrightKeywordLibrary' failed: ModuleNotFoundError: No module named 'playwright_keyword_library'
2026-09-23 05:00:37.300081 Traceback (most recent call last):
2026-09-23 05:00:37.350290   None
2026-09-23 05:00:37.400445 PYTHONPATH:
2026-09-23 05:00:37.450628   /opt/hostedtoolcache/Python/3.11.16/x64/bin
2026-09-23 05:00:37.500802   /opt/hostedtoolcache/Python/3.11.16/x64/lib/python311.zip
2026-09-23 05:00:37.550995   /opt/hostedtoolcache/Python/3.11.16/x64/lib/python3.11
2026-09-23 05:00:37.601246   /opt/hostedtoolcache/Python/3.11.16/x64/lib/python3.11/lib-dynload
2026-09-23 05:00:37.651423   /opt/hostedtoolcache/Python/3.11.16/x64/lib/python3.11/site-packages
2026-09-23 05:00:46.875487 TC22 Add To Cart From Recommended Items                               | FAIL |
2026-09-23 05:00:46.909395 Setup failed:
2026-09-23 05:00:46.909417 No keyword with name 'Open Browser' found.
2026-09-23 05:00:46.909432 
2026-09-23 05:00:46.909445 Also teardown failed:
2026-09-23 05:00:46.909459 Several failures occurred:
2026-09-23 05:00:46.909497 
2026-09-23 05:00:46.909518 1) No keyword with name 'Register Keyword To Run On Failure' found.
2026-09-23 05:00:46.909532 
2026-09-23 05:00:46.909545 2) No keyword with name 'Close Browser' found. Did you mean:
2026-09-23 05:00:46.909559     common.Close Test Browser
2026-09-23 05:00:46.909571 ------------------------------------------------------------------------------
2026-09-23 05:00:46.909583 Suites.Cart.TC22 add from recommended items :: TC22 - Add To Cart ... | FAIL |
2026-09-23 05:00:46.910176 1 test, 0 passed, 1 failed
2026-09-23 05:00:46.910233 ==============================================================================
2026-09-23 05:00:46.910250 Suites.Cart                                                           | FAIL |
2026-09-23 05:00:46.910664 1 test, 0 passed, 1 failed
2026-09-23 05:00:46.910720 ==============================================================================
2026-09-23 05:00:46.910736 Suites                                                                | FAIL |
2026-09-23 05:00:46.911046 1 test, 0 passed, 1 failed
2026-09-23 05:00:46.911108 ==============================================================================
2026-09-23 05:00:46.911125 Output:  /home/runner/work/engg-robot-testing-framework/engg-robot-testing-framework/reports/pabot_results/9/output.xml
