2026-08-30 05:40:19.824953 ==============================================================================
2026-08-30 05:40:19.847115 Suites
2026-08-30 05:40:19.847169 ==============================================================================
2026-08-30 05:40:19.847185 Suites.Cart
2026-08-30 05:40:19.848129 ==============================================================================
2026-08-30 05:40:19.848148 Suites.Cart.TC12 add products to cart :: TC12 - Add Products In Cart
2026-08-30 05:40:19.848148 [ ERROR ] Error in file '/home/runner/work/engg-robot-testing-framework/engg-robot-testing-framework/resources/common.resource' on line 4: Importing library 'playwright_keyword_library.PlaywrightKeywordLibrary' failed: ModuleNotFoundError: No module named 'playwright_keyword_library'
2026-08-30 05:40:19.879726 ==============================================================================
2026-08-30 05:40:19.879726 Traceback (most recent call last):
2026-08-30 05:40:19.879764   None
2026-08-30 05:40:19.929884 PYTHONPATH:
2026-08-30 05:40:19.979996   /opt/hostedtoolcache/Python/3.11.16/x64/bin
2026-08-30 05:40:20.030107   /opt/hostedtoolcache/Python/3.11.16/x64/lib/python311.zip
2026-08-30 05:40:20.080222   /opt/hostedtoolcache/Python/3.11.16/x64/lib/python3.11
2026-08-30 05:40:20.130332   /opt/hostedtoolcache/Python/3.11.16/x64/lib/python3.11/lib-dynload
2026-08-30 05:40:20.180487   /opt/hostedtoolcache/Python/3.11.16/x64/lib/python3.11/site-packages
2026-08-30 05:40:20.230658 [ ERROR ] Error in file '/home/runner/work/engg-robot-testing-framework/engg-robot-testing-framework/resources/product_keywords.resource' on line 2: Importing library 'playwright_keyword_library.PlaywrightKeywordLibrary' failed: ModuleNotFoundError: No module named 'playwright_keyword_library'
2026-08-30 05:40:20.280820 Traceback (most recent call last):
2026-08-30 05:40:20.330993   None
2026-08-30 05:40:20.381150 PYTHONPATH:
2026-08-30 05:40:20.431307   /opt/hostedtoolcache/Python/3.11.16/x64/bin
2026-08-30 05:40:20.481460   /opt/hostedtoolcache/Python/3.11.16/x64/lib/python311.zip
2026-08-30 05:40:20.531608   /opt/hostedtoolcache/Python/3.11.16/x64/lib/python3.11
2026-08-30 05:40:20.581767   /opt/hostedtoolcache/Python/3.11.16/x64/lib/python3.11/lib-dynload
2026-08-30 05:40:20.631937   /opt/hostedtoolcache/Python/3.11.16/x64/lib/python3.11/site-packages
2026-08-30 05:40:20.682074 [ ERROR ] Error in file '/home/runner/work/engg-robot-testing-framework/engg-robot-testing-framework/resources/cart_keywords.resource' on line 2: Importing library 'playwright_keyword_library.PlaywrightKeywordLibrary' failed: ModuleNotFoundError: No module named 'playwright_keyword_library'
2026-08-30 05:40:20.732193 Traceback (most recent call last):
2026-08-30 05:40:20.782346   None
2026-08-30 05:40:20.832477 PYTHONPATH:
2026-08-30 05:40:20.882628   /opt/hostedtoolcache/Python/3.11.16/x64/bin
2026-08-30 05:40:20.932853   /opt/hostedtoolcache/Python/3.11.16/x64/lib/python311.zip
2026-08-30 05:40:20.983009   /opt/hostedtoolcache/Python/3.11.16/x64/lib/python3.11
2026-08-30 05:40:21.033165   /opt/hostedtoolcache/Python/3.11.16/x64/lib/python3.11/lib-dynload
2026-08-30 05:40:21.083302   /opt/hostedtoolcache/Python/3.11.16/x64/lib/python3.11/site-packages
2026-08-30 05:40:29.857313 TC12 Add Products In Cart                                             | FAIL |
2026-08-30 05:40:29.891261 Setup failed:
2026-08-30 05:40:29.891282 No keyword with name 'Open Browser' found.
2026-08-30 05:40:29.891299 
2026-08-30 05:40:29.891312 Also teardown failed:
2026-08-30 05:40:29.891326 Several failures occurred:
2026-08-30 05:40:29.891340 
2026-08-30 05:40:29.891352 1) No keyword with name 'Register Keyword To Run On Failure' found.
2026-08-30 05:40:29.891363 
2026-08-30 05:40:29.891374 2) No keyword with name 'Close Browser' found. Did you mean:
2026-08-30 05:40:29.891386     common.Close Test Browser
2026-08-30 05:40:29.891397 ------------------------------------------------------------------------------
2026-08-30 05:40:29.891409 Suites.Cart.TC12 add products to cart :: TC12 - Add Products In Cart  | FAIL |
2026-08-30 05:40:29.891935 1 test, 0 passed, 1 failed
2026-08-30 05:40:29.891960 ==============================================================================
2026-08-30 05:40:29.892042 Suites.Cart                                                           | FAIL |
2026-08-30 05:40:29.892388 1 test, 0 passed, 1 failed
2026-08-30 05:40:29.892405 ==============================================================================
2026-08-30 05:40:29.892418 Suites                                                                | FAIL |
2026-08-30 05:40:29.892761 1 test, 0 passed, 1 failed
2026-08-30 05:40:29.892837 ==============================================================================
2026-08-30 05:40:29.892851 Output:  /home/runner/work/engg-robot-testing-framework/engg-robot-testing-framework/reports/pabot_results/5/output.xml
