2026-07-26 04:05:39.427339 ==============================================================================
2026-07-26 04:05:39.453335 Suites
2026-07-26 04:05:39.453349 ==============================================================================
2026-07-26 04:05:39.453360 Suites.Auth
2026-07-26 04:05:39.453821 ==============================================================================
2026-07-26 04:05:39.453840 Suites.Auth.TC01 register user
2026-07-26 04:05:39.453840 [ ERROR ] Error in file '/home/runner/work/engg-robot-testing-framework/engg-robot-testing-framework/tests/auth/TC01_register_user.robot' on line 2: Importing library 'playwright_keyword_library.PlaywrightKeywordLibrary' failed: ModuleNotFoundError: No module named 'playwright_keyword_library'
2026-07-26 04:05:39.467291 ==============================================================================
2026-07-26 04:05:39.467291 Traceback (most recent call last):
2026-07-26 04:05:39.467359   None
2026-07-26 04:05:39.517522 PYTHONPATH:
2026-07-26 04:05:39.567746   /opt/hostedtoolcache/Python/3.11.15/x64/bin
2026-07-26 04:05:39.617928   /opt/hostedtoolcache/Python/3.11.15/x64/lib/python311.zip
2026-07-26 04:05:39.668092   /opt/hostedtoolcache/Python/3.11.15/x64/lib/python3.11
2026-07-26 04:05:39.718303   /opt/hostedtoolcache/Python/3.11.15/x64/lib/python3.11/lib-dynload
2026-07-26 04:05:39.768477   /opt/hostedtoolcache/Python/3.11.15/x64/lib/python3.11/site-packages
2026-07-26 04:05:39.818701 [ ERROR ] Error in file '/home/runner/work/engg-robot-testing-framework/engg-robot-testing-framework/resources/auth_keywords.resource' on line 2: Importing library 'playwright_keyword_library.PlaywrightKeywordLibrary' failed: ModuleNotFoundError: No module named 'playwright_keyword_library'
2026-07-26 04:05:39.868876 Traceback (most recent call last):
2026-07-26 04:05:39.919101   None
2026-07-26 04:05:39.969261 PYTHONPATH:
2026-07-26 04:05:40.019492   /opt/hostedtoolcache/Python/3.11.15/x64/bin
2026-07-26 04:05:40.069640   /opt/hostedtoolcache/Python/3.11.15/x64/lib/python311.zip
2026-07-26 04:05:40.119879   /opt/hostedtoolcache/Python/3.11.15/x64/lib/python3.11
2026-07-26 04:05:40.170045   /opt/hostedtoolcache/Python/3.11.15/x64/lib/python3.11/lib-dynload
2026-07-26 04:05:40.220262   /opt/hostedtoolcache/Python/3.11.15/x64/lib/python3.11/site-packages
2026-07-26 04:05:40.270434 [ ERROR ] Error in file '/home/runner/work/engg-robot-testing-framework/engg-robot-testing-framework/resources/common.resource' on line 4: Importing library 'playwright_keyword_library.PlaywrightKeywordLibrary' failed: ModuleNotFoundError: No module named 'playwright_keyword_library'
2026-07-26 04:05:40.320643 Traceback (most recent call last):
2026-07-26 04:05:40.370890   None
2026-07-26 04:05:40.421066 PYTHONPATH:
2026-07-26 04:05:40.471250   /opt/hostedtoolcache/Python/3.11.15/x64/bin
2026-07-26 04:05:40.521432   /opt/hostedtoolcache/Python/3.11.15/x64/lib/python311.zip
2026-07-26 04:05:40.571637   /opt/hostedtoolcache/Python/3.11.15/x64/lib/python3.11
2026-07-26 04:05:40.621844   /opt/hostedtoolcache/Python/3.11.15/x64/lib/python3.11/lib-dynload
2026-07-26 04:05:40.672065   /opt/hostedtoolcache/Python/3.11.15/x64/lib/python3.11/site-packages
2026-07-26 04:05:49.443454 TC01 Register User                                                    | FAIL |
2026-07-26 04:05:49.474572 Setup failed:
2026-07-26 04:05:49.474591 No keyword with name 'Open Browser' found.
2026-07-26 04:05:49.474602 
2026-07-26 04:05:49.474611 Also teardown failed:
2026-07-26 04:05:49.474622 Several failures occurred:
2026-07-26 04:05:49.474650 
2026-07-26 04:05:49.474659 1) No keyword with name 'Register Keyword To Run On Failure' found.
2026-07-26 04:05:49.474667 
2026-07-26 04:05:49.474674 2) No keyword with name 'Close Browser' found. Did you mean:
2026-07-26 04:05:49.474682     common.Close Test Browser
2026-07-26 04:05:49.474690 ------------------------------------------------------------------------------
2026-07-26 04:05:49.474698 Suites.Auth.TC01 register user                                        | FAIL |
2026-07-26 04:05:49.475151 1 test, 0 passed, 1 failed
2026-07-26 04:05:49.475183 ==============================================================================
2026-07-26 04:05:49.475193 Suites.Auth                                                           | FAIL |
2026-07-26 04:05:49.475499 1 test, 0 passed, 1 failed
2026-07-26 04:05:49.475512 ==============================================================================
2026-07-26 04:05:49.475570 Suites                                                                | FAIL |
2026-07-26 04:05:49.475826 1 test, 0 passed, 1 failed
2026-07-26 04:05:49.475841 ==============================================================================
2026-07-26 04:05:49.475986 Output:  /home/runner/work/engg-robot-testing-framework/engg-robot-testing-framework/reports/pabot_results/0/output.xml
