2026-07-02 04:39:40.822046 ==============================================================================
2026-07-02 04:39:40.841638 Suites
2026-07-02 04:39:40.841659 ==============================================================================
2026-07-02 04:39:40.841677 Suites.Auth
2026-07-02 04:39:40.842548 ==============================================================================
2026-07-02 04:39:40.842567 Suites.Auth.TC01 register user
2026-07-02 04:39:40.842567 [ ERROR ] Error in file '/home/runner/work/engg-robot-testing-framework/engg-robot-testing-framework/tests/auth/TC01_register_user.robot' on line 2: Importing library 'playwright_keyword_library.PlaywrightKeywordLibrary' failed: ModuleNotFoundError: No module named 'playwright_keyword_library'
2026-07-02 04:39:40.861875 ==============================================================================
2026-07-02 04:39:40.861875 Traceback (most recent call last):
2026-07-02 04:39:40.861902   None
2026-07-02 04:39:40.912009 PYTHONPATH:
2026-07-02 04:39:40.962111   /opt/hostedtoolcache/Python/3.11.15/x64/bin
2026-07-02 04:39:41.012216   /opt/hostedtoolcache/Python/3.11.15/x64/lib/python311.zip
2026-07-02 04:39:41.062370   /opt/hostedtoolcache/Python/3.11.15/x64/lib/python3.11
2026-07-02 04:39:41.112483   /opt/hostedtoolcache/Python/3.11.15/x64/lib/python3.11/lib-dynload
2026-07-02 04:39:41.162628   /opt/hostedtoolcache/Python/3.11.15/x64/lib/python3.11/site-packages
2026-07-02 04:39:41.212772 [ ERROR ] Error in file '/home/runner/work/engg-robot-testing-framework/engg-robot-testing-framework/resources/auth_keywords.resource' on line 2: Importing library 'playwright_keyword_library.PlaywrightKeywordLibrary' failed: ModuleNotFoundError: No module named 'playwright_keyword_library'
2026-07-02 04:39:41.262924 Traceback (most recent call last):
2026-07-02 04:39:41.313083   None
2026-07-02 04:39:41.363193 PYTHONPATH:
2026-07-02 04:39:41.413300   /opt/hostedtoolcache/Python/3.11.15/x64/bin
2026-07-02 04:39:41.463439   /opt/hostedtoolcache/Python/3.11.15/x64/lib/python311.zip
2026-07-02 04:39:41.513579   /opt/hostedtoolcache/Python/3.11.15/x64/lib/python3.11
2026-07-02 04:39:41.563714   /opt/hostedtoolcache/Python/3.11.15/x64/lib/python3.11/lib-dynload
2026-07-02 04:39:41.613854   /opt/hostedtoolcache/Python/3.11.15/x64/lib/python3.11/site-packages
2026-07-02 04:39:41.663991 [ ERROR ] Error in file '/home/runner/work/engg-robot-testing-framework/engg-robot-testing-framework/resources/common.resource' on line 4: Importing library 'playwright_keyword_library.PlaywrightKeywordLibrary' failed: ModuleNotFoundError: No module named 'playwright_keyword_library'
2026-07-02 04:39:41.714149 Traceback (most recent call last):
2026-07-02 04:39:41.764294   None
2026-07-02 04:39:41.814405 PYTHONPATH:
2026-07-02 04:39:41.864558   /opt/hostedtoolcache/Python/3.11.15/x64/bin
2026-07-02 04:39:41.914712   /opt/hostedtoolcache/Python/3.11.15/x64/lib/python311.zip
2026-07-02 04:39:41.964833   /opt/hostedtoolcache/Python/3.11.15/x64/lib/python3.11
2026-07-02 04:39:42.014951   /opt/hostedtoolcache/Python/3.11.15/x64/lib/python3.11/lib-dynload
2026-07-02 04:39:42.065070   /opt/hostedtoolcache/Python/3.11.15/x64/lib/python3.11/site-packages
2026-07-02 04:39:50.842164 TC01 Register User                                                    | FAIL |
2026-07-02 04:39:50.872594 Setup failed:
2026-07-02 04:39:50.872620 No keyword with name 'Open Browser' found.
2026-07-02 04:39:50.872641 
2026-07-02 04:39:50.872658 Also teardown failed:
2026-07-02 04:39:50.872674 Several failures occurred:
2026-07-02 04:39:50.872792 
2026-07-02 04:39:50.872810 1) No keyword with name 'Register Keyword To Run On Failure' found.
2026-07-02 04:39:50.872824 
2026-07-02 04:39:50.872837 2) No keyword with name 'Close Browser' found. Did you mean:
2026-07-02 04:39:50.872850     common.Close Test Browser
2026-07-02 04:39:50.872862 ------------------------------------------------------------------------------
2026-07-02 04:39:50.872873 Suites.Auth.TC01 register user                                        | FAIL |
2026-07-02 04:39:50.873337 1 test, 0 passed, 1 failed
2026-07-02 04:39:50.873354 ==============================================================================
2026-07-02 04:39:50.873368 Suites.Auth                                                           | FAIL |
2026-07-02 04:39:50.873731 1 test, 0 passed, 1 failed
2026-07-02 04:39:50.873801 ==============================================================================
2026-07-02 04:39:50.873815 Suites                                                                | FAIL |
2026-07-02 04:39:50.874119 1 test, 0 passed, 1 failed
2026-07-02 04:39:50.874163 ==============================================================================
2026-07-02 04:39:50.874175 Output:  /home/runner/work/engg-robot-testing-framework/engg-robot-testing-framework/reports/pabot_results/0/output.xml
