2026-08-25 02:01:06.546147 ==============================================================================
2026-08-25 02:01:06.566035 Suites
2026-08-25 02:01:06.566091 ==============================================================================
2026-08-25 02:01:06.566110 Suites.Auth
2026-08-25 02:01:06.566877 ==============================================================================
2026-08-25 02:01:06.566897 Suites.Auth.TC01 register user
2026-08-25 02:01:06.566897 [ ERROR ] Error in file '/home/runner/work/engg-robot-testing-framework/engg-robot-testing-framework/tests/auth/TC01_register_user.robot' on line 2: Importing library 'playwright_keyword_library.PlaywrightKeywordLibrary' failed: ModuleNotFoundError: No module named 'playwright_keyword_library'
2026-08-25 02:01:06.586683 ==============================================================================
2026-08-25 02:01:06.586683 Traceback (most recent call last):
2026-08-25 02:01:06.586714   None
2026-08-25 02:01:06.636883 PYTHONPATH:
2026-08-25 02:01:06.687056   /opt/hostedtoolcache/Python/3.11.16/x64/bin
2026-08-25 02:01:06.737260   /opt/hostedtoolcache/Python/3.11.16/x64/lib/python311.zip
2026-08-25 02:01:06.787424   /opt/hostedtoolcache/Python/3.11.16/x64/lib/python3.11
2026-08-25 02:01:06.837595   /opt/hostedtoolcache/Python/3.11.16/x64/lib/python3.11/lib-dynload
2026-08-25 02:01:06.887774   /opt/hostedtoolcache/Python/3.11.16/x64/lib/python3.11/site-packages
2026-08-25 02:01:06.937971 [ ERROR ] Error in file '/home/runner/work/engg-robot-testing-framework/engg-robot-testing-framework/resources/auth_keywords.resource' on line 2: Importing library 'playwright_keyword_library.PlaywrightKeywordLibrary' failed: ModuleNotFoundError: No module named 'playwright_keyword_library'
2026-08-25 02:01:06.988212 Traceback (most recent call last):
2026-08-25 02:01:07.038444   None
2026-08-25 02:01:07.088662 PYTHONPATH:
2026-08-25 02:01:07.138846   /opt/hostedtoolcache/Python/3.11.16/x64/bin
2026-08-25 02:01:07.189042   /opt/hostedtoolcache/Python/3.11.16/x64/lib/python311.zip
2026-08-25 02:01:07.239211   /opt/hostedtoolcache/Python/3.11.16/x64/lib/python3.11
2026-08-25 02:01:07.289404   /opt/hostedtoolcache/Python/3.11.16/x64/lib/python3.11/lib-dynload
2026-08-25 02:01:07.339607   /opt/hostedtoolcache/Python/3.11.16/x64/lib/python3.11/site-packages
2026-08-25 02:01:07.389834 [ ERROR ] Error in file '/home/runner/work/engg-robot-testing-framework/engg-robot-testing-framework/resources/common.resource' on line 4: Importing library 'playwright_keyword_library.PlaywrightKeywordLibrary' failed: ModuleNotFoundError: No module named 'playwright_keyword_library'
2026-08-25 02:01:07.440011 Traceback (most recent call last):
2026-08-25 02:01:07.490187   None
2026-08-25 02:01:07.540358 PYTHONPATH:
2026-08-25 02:01:07.590549   /opt/hostedtoolcache/Python/3.11.16/x64/bin
2026-08-25 02:01:07.640760   /opt/hostedtoolcache/Python/3.11.16/x64/lib/python311.zip
2026-08-25 02:01:07.690977   /opt/hostedtoolcache/Python/3.11.16/x64/lib/python3.11
2026-08-25 02:01:07.741195   /opt/hostedtoolcache/Python/3.11.16/x64/lib/python3.11/lib-dynload
2026-08-25 02:01:07.791407   /opt/hostedtoolcache/Python/3.11.16/x64/lib/python3.11/site-packages
2026-08-25 02:01:16.569446 TC01 Register User                                                    | FAIL |
2026-08-25 02:01:16.597168 Setup failed:
2026-08-25 02:01:16.597184 No keyword with name 'Open Browser' found.
2026-08-25 02:01:16.597197 
2026-08-25 02:01:16.597208 Also teardown failed:
2026-08-25 02:01:16.597220 Several failures occurred:
2026-08-25 02:01:16.597231 
2026-08-25 02:01:16.597243 1) No keyword with name 'Register Keyword To Run On Failure' found.
2026-08-25 02:01:16.597255 
2026-08-25 02:01:16.597266 2) No keyword with name 'Close Browser' found. Did you mean:
2026-08-25 02:01:16.597278     common.Close Test Browser
2026-08-25 02:01:16.597289 ------------------------------------------------------------------------------
2026-08-25 02:01:16.597300 Suites.Auth.TC01 register user                                        | FAIL |
2026-08-25 02:01:16.597766 1 test, 0 passed, 1 failed
2026-08-25 02:01:16.597847 ==============================================================================
2026-08-25 02:01:16.597864 Suites.Auth                                                           | FAIL |
2026-08-25 02:01:16.598230 1 test, 0 passed, 1 failed
2026-08-25 02:01:16.598312 ==============================================================================
2026-08-25 02:01:16.598327 Suites                                                                | FAIL |
2026-08-25 02:01:16.598636 1 test, 0 passed, 1 failed
2026-08-25 02:01:16.598719 ==============================================================================
2026-08-25 02:01:16.598736 Output:  /home/runner/work/engg-robot-testing-framework/engg-robot-testing-framework/reports/pabot_results/0/output.xml
