2026-09-14 05:18:09.257423 ==============================================================================
2026-09-14 05:18:09.271428 Suites
2026-09-14 05:18:09.271448 ==============================================================================
2026-09-14 05:18:09.271461 Suites.Cart
2026-09-14 05:18:09.272181 ==============================================================================
2026-09-14 05:18:09.272198 Suites.Cart.TC20 search and verify cart after login :: TC20 - Search Produc...
2026-09-14 05:18:09.272198 [ ERROR ] Error in file '/home/runner/work/engg-robot-testing-framework/engg-robot-testing-framework/tests/cart/TC20_search_and_verify_cart_after_login.robot' on line 3: Importing library 'playwright_keyword_library.PlaywrightKeywordLibrary' failed: ModuleNotFoundError: No module named 'playwright_keyword_library'
2026-09-14 05:18:09.304014 ==============================================================================
2026-09-14 05:18:09.304014 Traceback (most recent call last):
2026-09-14 05:18:09.304031   None
2026-09-14 05:18:09.354179 PYTHONPATH:
2026-09-14 05:18:09.404321   /opt/hostedtoolcache/Python/3.11.16/x64/bin
2026-09-14 05:18:09.454468   /opt/hostedtoolcache/Python/3.11.16/x64/lib/python311.zip
2026-09-14 05:18:09.504640   /opt/hostedtoolcache/Python/3.11.16/x64/lib/python3.11
2026-09-14 05:18:09.554814   /opt/hostedtoolcache/Python/3.11.16/x64/lib/python3.11/lib-dynload
2026-09-14 05:18:09.604970   /opt/hostedtoolcache/Python/3.11.16/x64/lib/python3.11/site-packages
2026-09-14 05:18:09.655094 [ ERROR ] Error in file '/home/runner/work/engg-robot-testing-framework/engg-robot-testing-framework/resources/common.resource' on line 4: Importing library 'playwright_keyword_library.PlaywrightKeywordLibrary' failed: ModuleNotFoundError: No module named 'playwright_keyword_library'
2026-09-14 05:18:09.705243 Traceback (most recent call last):
2026-09-14 05:18:09.755401   None
2026-09-14 05:18:09.805540 PYTHONPATH:
2026-09-14 05:18:09.855692   /opt/hostedtoolcache/Python/3.11.16/x64/bin
2026-09-14 05:18:09.905854   /opt/hostedtoolcache/Python/3.11.16/x64/lib/python311.zip
2026-09-14 05:18:09.956001   /opt/hostedtoolcache/Python/3.11.16/x64/lib/python3.11
2026-09-14 05:18:10.006158   /opt/hostedtoolcache/Python/3.11.16/x64/lib/python3.11/lib-dynload
2026-09-14 05:18:10.056298   /opt/hostedtoolcache/Python/3.11.16/x64/lib/python3.11/site-packages
2026-09-14 05:18:10.106459 [ ERROR ] Error in file '/home/runner/work/engg-robot-testing-framework/engg-robot-testing-framework/resources/product_keywords.resource' on line 2: Importing library 'playwright_keyword_library.PlaywrightKeywordLibrary' failed: ModuleNotFoundError: No module named 'playwright_keyword_library'
2026-09-14 05:18:10.156616 Traceback (most recent call last):
2026-09-14 05:18:10.206810   None
2026-09-14 05:18:10.256980 PYTHONPATH:
2026-09-14 05:18:10.307129   /opt/hostedtoolcache/Python/3.11.16/x64/bin
2026-09-14 05:18:10.357289   /opt/hostedtoolcache/Python/3.11.16/x64/lib/python311.zip
2026-09-14 05:18:10.407440   /opt/hostedtoolcache/Python/3.11.16/x64/lib/python3.11
2026-09-14 05:18:10.457597   /opt/hostedtoolcache/Python/3.11.16/x64/lib/python3.11/lib-dynload
2026-09-14 05:18:10.507760   /opt/hostedtoolcache/Python/3.11.16/x64/lib/python3.11/site-packages
2026-09-14 05:18:10.557914 [ ERROR ] Error in file '/home/runner/work/engg-robot-testing-framework/engg-robot-testing-framework/resources/cart_keywords.resource' on line 2: Importing library 'playwright_keyword_library.PlaywrightKeywordLibrary' failed: ModuleNotFoundError: No module named 'playwright_keyword_library'
2026-09-14 05:18:10.608102 Traceback (most recent call last):
2026-09-14 05:18:10.658246   None
2026-09-14 05:18:10.708402 PYTHONPATH:
2026-09-14 05:18:10.758577   /opt/hostedtoolcache/Python/3.11.16/x64/bin
2026-09-14 05:18:10.808727   /opt/hostedtoolcache/Python/3.11.16/x64/lib/python311.zip
2026-09-14 05:18:10.858889   /opt/hostedtoolcache/Python/3.11.16/x64/lib/python3.11
2026-09-14 05:18:10.909036   /opt/hostedtoolcache/Python/3.11.16/x64/lib/python3.11/lib-dynload
2026-09-14 05:18:10.959195   /opt/hostedtoolcache/Python/3.11.16/x64/lib/python3.11/site-packages
2026-09-14 05:18:11.009354 [ ERROR ] Error in file '/home/runner/work/engg-robot-testing-framework/engg-robot-testing-framework/resources/auth_keywords.resource' on line 2: Importing library 'playwright_keyword_library.PlaywrightKeywordLibrary' failed: ModuleNotFoundError: No module named 'playwright_keyword_library'
2026-09-14 05:18:11.059522 Traceback (most recent call last):
2026-09-14 05:18:11.109690   None
2026-09-14 05:18:11.159875 PYTHONPATH:
2026-09-14 05:18:11.210002   /opt/hostedtoolcache/Python/3.11.16/x64/bin
2026-09-14 05:18:11.260163   /opt/hostedtoolcache/Python/3.11.16/x64/lib/python311.zip
2026-09-14 05:18:11.310276   /opt/hostedtoolcache/Python/3.11.16/x64/lib/python3.11
2026-09-14 05:18:11.360415   /opt/hostedtoolcache/Python/3.11.16/x64/lib/python3.11/lib-dynload
2026-09-14 05:18:11.410558   /opt/hostedtoolcache/Python/3.11.16/x64/lib/python3.11/site-packages
2026-09-14 05:18:19.278062 TC20 Search Products And Verify Cart After Login                      | FAIL |
2026-09-14 05:18:19.315568 Setup failed:
2026-09-14 05:18:19.315581 No keyword with name 'Open Browser' found.
2026-09-14 05:18:19.315590 
2026-09-14 05:18:19.315597 Also teardown failed:
2026-09-14 05:18:19.315604 Several failures occurred:
2026-09-14 05:18:19.315610 
2026-09-14 05:18:19.315618 1) No keyword with name 'Register Keyword To Run On Failure' found.
2026-09-14 05:18:19.315625 
2026-09-14 05:18:19.315631 2) No keyword with name 'Close Browser' found. Did you mean:
2026-09-14 05:18:19.315638     common.Close Test Browser
2026-09-14 05:18:19.315645 ------------------------------------------------------------------------------
2026-09-14 05:18:19.315651 Suites.Cart.TC20 search and verify cart after login :: TC20 - Sear... | FAIL |
2026-09-14 05:18:19.316373 1 test, 0 passed, 1 failed
2026-09-14 05:18:19.316386 ==============================================================================
2026-09-14 05:18:19.316394 Suites.Cart                                                           | FAIL |
2026-09-14 05:18:19.316765 1 test, 0 passed, 1 failed
2026-09-14 05:18:19.316833 ==============================================================================
2026-09-14 05:18:19.316840 Suites                                                                | FAIL |
2026-09-14 05:18:19.317113 1 test, 0 passed, 1 failed
2026-09-14 05:18:19.317139 ==============================================================================
2026-09-14 05:18:19.317145 Output:  /home/runner/work/engg-robot-testing-framework/engg-robot-testing-framework/reports/pabot_results/8/output.xml
