2026-09-25 05:13:56.964258 ==============================================================================
2026-09-25 05:13:56.964729 Suites
2026-09-25 05:13:56.964745 ==============================================================================
2026-09-25 05:13:56.964755 Suites.Cart
2026-09-25 05:13:56.965467 ==============================================================================
2026-09-25 05:13:56.965480 Suites.Cart.TC20 search and verify cart after login :: TC20 - Search Produc...
2026-09-25 05:13:56.965480 [ ERROR ] Error in file '/home/runner/work/engg-robot-testing-framework/engg-robot-testing-framework/tests/cart/TC20_search_and_verify_cart_after_login.robot' on line 3: Importing library 'playwright_keyword_library.PlaywrightKeywordLibrary' failed: ModuleNotFoundError: No module named 'playwright_keyword_library'
2026-09-25 05:13:56.995196 ==============================================================================
2026-09-25 05:13:56.995196 Traceback (most recent call last):
2026-09-25 05:13:56.995214   None
2026-09-25 05:13:57.045367 PYTHONPATH:
2026-09-25 05:13:57.095521   /opt/hostedtoolcache/Python/3.11.16/x64/bin
2026-09-25 05:13:57.145725   /opt/hostedtoolcache/Python/3.11.16/x64/lib/python311.zip
2026-09-25 05:13:57.195869   /opt/hostedtoolcache/Python/3.11.16/x64/lib/python3.11
2026-09-25 05:13:57.246027   /opt/hostedtoolcache/Python/3.11.16/x64/lib/python3.11/lib-dynload
2026-09-25 05:13:57.296212   /opt/hostedtoolcache/Python/3.11.16/x64/lib/python3.11/site-packages
2026-09-25 05:13:57.346395 [ ERROR ] Error in file '/home/runner/work/engg-robot-testing-framework/engg-robot-testing-framework/resources/common.resource' on line 4: Importing library 'playwright_keyword_library.PlaywrightKeywordLibrary' failed: ModuleNotFoundError: No module named 'playwright_keyword_library'
2026-09-25 05:13:57.396574 Traceback (most recent call last):
2026-09-25 05:13:57.446715   None
2026-09-25 05:13:57.496879 PYTHONPATH:
2026-09-25 05:13:57.547028   /opt/hostedtoolcache/Python/3.11.16/x64/bin
2026-09-25 05:13:57.597177   /opt/hostedtoolcache/Python/3.11.16/x64/lib/python311.zip
2026-09-25 05:13:57.647350   /opt/hostedtoolcache/Python/3.11.16/x64/lib/python3.11
2026-09-25 05:13:57.697462   /opt/hostedtoolcache/Python/3.11.16/x64/lib/python3.11/lib-dynload
2026-09-25 05:13:57.747585   /opt/hostedtoolcache/Python/3.11.16/x64/lib/python3.11/site-packages
2026-09-25 05:13:57.797718 [ ERROR ] Error in file '/home/runner/work/engg-robot-testing-framework/engg-robot-testing-framework/resources/product_keywords.resource' on line 2: Importing library 'playwright_keyword_library.PlaywrightKeywordLibrary' failed: ModuleNotFoundError: No module named 'playwright_keyword_library'
2026-09-25 05:13:57.847869 Traceback (most recent call last):
2026-09-25 05:13:57.898021   None
2026-09-25 05:13:57.948148 PYTHONPATH:
2026-09-25 05:13:57.998308   /opt/hostedtoolcache/Python/3.11.16/x64/bin
2026-09-25 05:13:58.048485   /opt/hostedtoolcache/Python/3.11.16/x64/lib/python311.zip
2026-09-25 05:13:58.098678   /opt/hostedtoolcache/Python/3.11.16/x64/lib/python3.11
2026-09-25 05:13:58.148815   /opt/hostedtoolcache/Python/3.11.16/x64/lib/python3.11/lib-dynload
2026-09-25 05:13:58.198916   /opt/hostedtoolcache/Python/3.11.16/x64/lib/python3.11/site-packages
2026-09-25 05:13:58.249037 [ ERROR ] Error in file '/home/runner/work/engg-robot-testing-framework/engg-robot-testing-framework/resources/cart_keywords.resource' on line 2: Importing library 'playwright_keyword_library.PlaywrightKeywordLibrary' failed: ModuleNotFoundError: No module named 'playwright_keyword_library'
2026-09-25 05:13:58.299184 Traceback (most recent call last):
2026-09-25 05:13:58.349304   None
2026-09-25 05:13:58.399409 PYTHONPATH:
2026-09-25 05:13:58.449553   /opt/hostedtoolcache/Python/3.11.16/x64/bin
2026-09-25 05:13:58.499727   /opt/hostedtoolcache/Python/3.11.16/x64/lib/python311.zip
2026-09-25 05:13:58.549894   /opt/hostedtoolcache/Python/3.11.16/x64/lib/python3.11
2026-09-25 05:13:58.600050   /opt/hostedtoolcache/Python/3.11.16/x64/lib/python3.11/lib-dynload
2026-09-25 05:13:58.650184   /opt/hostedtoolcache/Python/3.11.16/x64/lib/python3.11/site-packages
2026-09-25 05:13:58.700322 [ ERROR ] Error in file '/home/runner/work/engg-robot-testing-framework/engg-robot-testing-framework/resources/auth_keywords.resource' on line 2: Importing library 'playwright_keyword_library.PlaywrightKeywordLibrary' failed: ModuleNotFoundError: No module named 'playwright_keyword_library'
2026-09-25 05:13:58.750476 Traceback (most recent call last):
2026-09-25 05:13:58.800662   None
2026-09-25 05:13:58.850816 PYTHONPATH:
2026-09-25 05:13:58.900974   /opt/hostedtoolcache/Python/3.11.16/x64/bin
2026-09-25 05:13:58.951117   /opt/hostedtoolcache/Python/3.11.16/x64/lib/python311.zip
2026-09-25 05:13:59.001268   /opt/hostedtoolcache/Python/3.11.16/x64/lib/python3.11
2026-09-25 05:13:59.051432   /opt/hostedtoolcache/Python/3.11.16/x64/lib/python3.11/lib-dynload
2026-09-25 05:13:59.101608   /opt/hostedtoolcache/Python/3.11.16/x64/lib/python3.11/site-packages
2026-09-25 05:14:06.967908 TC20 Search Products And Verify Cart After Login                      | FAIL |
2026-09-25 05:14:07.006816 Setup failed:
2026-09-25 05:14:07.006825 No keyword with name 'Open Browser' found.
2026-09-25 05:14:07.006831 
2026-09-25 05:14:07.006836 Also teardown failed:
2026-09-25 05:14:07.006841 Several failures occurred:
2026-09-25 05:14:07.006846 
2026-09-25 05:14:07.006851 1) No keyword with name 'Register Keyword To Run On Failure' found.
2026-09-25 05:14:07.006856 
2026-09-25 05:14:07.006860 2) No keyword with name 'Close Browser' found. Did you mean:
2026-09-25 05:14:07.006865     common.Close Test Browser
2026-09-25 05:14:07.006870 ------------------------------------------------------------------------------
2026-09-25 05:14:07.006875 Suites.Cart.TC20 search and verify cart after login :: TC20 - Sear... | FAIL |
2026-09-25 05:14:07.007796 1 test, 0 passed, 1 failed
2026-09-25 05:14:07.007861 ==============================================================================
2026-09-25 05:14:07.007866 Suites.Cart                                                           | FAIL |
2026-09-25 05:14:07.008360 1 test, 0 passed, 1 failed
2026-09-25 05:14:07.008406 ==============================================================================
2026-09-25 05:14:07.008411 Suites                                                                | FAIL |
2026-09-25 05:14:07.008815 1 test, 0 passed, 1 failed
2026-09-25 05:14:07.008871 ==============================================================================
2026-09-25 05:14:07.008878 Output:  /home/runner/work/engg-robot-testing-framework/engg-robot-testing-framework/reports/pabot_results/8/output.xml
