2026-09-25 05:13:36.122936 ==============================================================================
2026-09-25 05:13:36.128842 Suites
2026-09-25 05:13:36.128858 ==============================================================================
2026-09-25 05:13:36.128868 Suites.Auth
2026-09-25 05:13:36.129575 ==============================================================================
2026-09-25 05:13:36.129589 Suites.Auth.TC05 register existing email
2026-09-25 05:13:36.129589 [ ERROR ] Error in file '/home/runner/work/engg-robot-testing-framework/engg-robot-testing-framework/tests/auth/TC05_register_existing_email.robot' on line 2: Importing library 'playwright_keyword_library.PlaywrightKeywordLibrary' failed: ModuleNotFoundError: No module named 'playwright_keyword_library'
2026-09-25 05:13:36.145134 ==============================================================================
2026-09-25 05:13:36.145134 Traceback (most recent call last):
2026-09-25 05:13:36.145152   None
2026-09-25 05:13:36.195272 PYTHONPATH:
2026-09-25 05:13:36.245461   /opt/hostedtoolcache/Python/3.11.16/x64/bin
2026-09-25 05:13:36.295625   /opt/hostedtoolcache/Python/3.11.16/x64/lib/python311.zip
2026-09-25 05:13:36.345778   /opt/hostedtoolcache/Python/3.11.16/x64/lib/python3.11
2026-09-25 05:13:36.395910   /opt/hostedtoolcache/Python/3.11.16/x64/lib/python3.11/lib-dynload
2026-09-25 05:13:36.446030   /opt/hostedtoolcache/Python/3.11.16/x64/lib/python3.11/site-packages
2026-09-25 05:13:36.496173 [ ERROR ] Error in file '/home/runner/work/engg-robot-testing-framework/engg-robot-testing-framework/resources/auth_keywords.resource' on line 2: Importing library 'playwright_keyword_library.PlaywrightKeywordLibrary' failed: ModuleNotFoundError: No module named 'playwright_keyword_library'
2026-09-25 05:13:36.546341 Traceback (most recent call last):
2026-09-25 05:13:36.596472   None
2026-09-25 05:13:36.646662 PYTHONPATH:
2026-09-25 05:13:36.696787   /opt/hostedtoolcache/Python/3.11.16/x64/bin
2026-09-25 05:13:36.746955   /opt/hostedtoolcache/Python/3.11.16/x64/lib/python311.zip
2026-09-25 05:13:36.797079   /opt/hostedtoolcache/Python/3.11.16/x64/lib/python3.11
2026-09-25 05:13:36.847277   /opt/hostedtoolcache/Python/3.11.16/x64/lib/python3.11/lib-dynload
2026-09-25 05:13:36.897402   /opt/hostedtoolcache/Python/3.11.16/x64/lib/python3.11/site-packages
2026-09-25 05:13:36.947542 [ ERROR ] Error in file '/home/runner/work/engg-robot-testing-framework/engg-robot-testing-framework/resources/common.resource' on line 4: Importing library 'playwright_keyword_library.PlaywrightKeywordLibrary' failed: ModuleNotFoundError: No module named 'playwright_keyword_library'
2026-09-25 05:13:36.997675 Traceback (most recent call last):
2026-09-25 05:13:37.047840   None
2026-09-25 05:13:37.097964 PYTHONPATH:
2026-09-25 05:13:37.148152   /opt/hostedtoolcache/Python/3.11.16/x64/bin
2026-09-25 05:13:37.198290   /opt/hostedtoolcache/Python/3.11.16/x64/lib/python311.zip
2026-09-25 05:13:37.248496   /opt/hostedtoolcache/Python/3.11.16/x64/lib/python3.11
2026-09-25 05:13:37.298644   /opt/hostedtoolcache/Python/3.11.16/x64/lib/python3.11/lib-dynload
2026-09-25 05:13:37.348809   /opt/hostedtoolcache/Python/3.11.16/x64/lib/python3.11/site-packages
2026-09-25 05:13:46.119862 TC05 Register User With Existing Email                                | FAIL |
2026-09-25 05:13:46.154050 Setup failed:
2026-09-25 05:13:46.154065 No keyword with name 'Open Browser' found.
2026-09-25 05:13:46.154071 
2026-09-25 05:13:46.154077 Also teardown failed:
2026-09-25 05:13:46.154082 Several failures occurred:
2026-09-25 05:13:46.154088 
2026-09-25 05:13:46.154093 1) No keyword with name 'Register Keyword To Run On Failure' found.
2026-09-25 05:13:46.154098 
2026-09-25 05:13:46.154103 2) No keyword with name 'Close Browser' found. Did you mean:
2026-09-25 05:13:46.154108     common.Close Test Browser
2026-09-25 05:13:46.154113 ------------------------------------------------------------------------------
2026-09-25 05:13:46.154117 Suites.Auth.TC05 register existing email                              | FAIL |
2026-09-25 05:13:46.154536 1 test, 0 passed, 1 failed
2026-09-25 05:13:46.154579 ==============================================================================
2026-09-25 05:13:46.154585 Suites.Auth                                                           | FAIL |
2026-09-25 05:13:46.154897 1 test, 0 passed, 1 failed
2026-09-25 05:13:46.154940 ==============================================================================
2026-09-25 05:13:46.154946 Suites                                                                | FAIL |
2026-09-25 05:13:46.155205 1 test, 0 passed, 1 failed
2026-09-25 05:13:46.155240 ==============================================================================
2026-09-25 05:13:46.155246 Output:  /home/runner/work/engg-robot-testing-framework/engg-robot-testing-framework/reports/pabot_results/4/output.xml
