2026-07-26 04:05:39.428018 ==============================================================================
2026-07-26 04:05:39.453234 Suites
2026-07-26 04:05:39.453261 ==============================================================================
2026-07-26 04:05:39.453280 Suites.Auth
2026-07-26 04:05:39.453901 ==============================================================================
2026-07-26 04:05:39.453912 Suites.Auth.TC02 login valid
2026-07-26 04:05:39.453912 [ ERROR ] Error in file '/home/runner/work/engg-robot-testing-framework/engg-robot-testing-framework/tests/auth/TC02_login_valid.robot' on line 2: Importing library 'playwright_keyword_library.PlaywrightKeywordLibrary' failed: ModuleNotFoundError: No module named 'playwright_keyword_library'
2026-07-26 04:05:39.467389 ==============================================================================
2026-07-26 04:05:39.467389 Traceback (most recent call last):
2026-07-26 04:05:39.467410   None
2026-07-26 04:05:39.517550 PYTHONPATH:
2026-07-26 04:05:39.567721   /opt/hostedtoolcache/Python/3.11.15/x64/bin
2026-07-26 04:05:39.617952   /opt/hostedtoolcache/Python/3.11.15/x64/lib/python311.zip
2026-07-26 04:05:39.668138   /opt/hostedtoolcache/Python/3.11.15/x64/lib/python3.11
2026-07-26 04:05:39.718278   /opt/hostedtoolcache/Python/3.11.15/x64/lib/python3.11/lib-dynload
2026-07-26 04:05:39.768500   /opt/hostedtoolcache/Python/3.11.15/x64/lib/python3.11/site-packages
2026-07-26 04:05:39.818676 [ ERROR ] Error in file '/home/runner/work/engg-robot-testing-framework/engg-robot-testing-framework/resources/auth_keywords.resource' on line 2: Importing library 'playwright_keyword_library.PlaywrightKeywordLibrary' failed: ModuleNotFoundError: No module named 'playwright_keyword_library'
2026-07-26 04:05:39.868901 Traceback (most recent call last):
2026-07-26 04:05:39.919077   None
2026-07-26 04:05:39.969286 PYTHONPATH:
2026-07-26 04:05:40.019468   /opt/hostedtoolcache/Python/3.11.15/x64/bin
2026-07-26 04:05:40.069664   /opt/hostedtoolcache/Python/3.11.15/x64/lib/python311.zip
2026-07-26 04:05:40.119854   /opt/hostedtoolcache/Python/3.11.15/x64/lib/python3.11
2026-07-26 04:05:40.170068   /opt/hostedtoolcache/Python/3.11.15/x64/lib/python3.11/lib-dynload
2026-07-26 04:05:40.220236   /opt/hostedtoolcache/Python/3.11.15/x64/lib/python3.11/site-packages
2026-07-26 04:05:40.270457 [ ERROR ] Error in file '/home/runner/work/engg-robot-testing-framework/engg-robot-testing-framework/resources/common.resource' on line 4: Importing library 'playwright_keyword_library.PlaywrightKeywordLibrary' failed: ModuleNotFoundError: No module named 'playwright_keyword_library'
2026-07-26 04:05:40.320667 Traceback (most recent call last):
2026-07-26 04:05:40.370866   None
2026-07-26 04:05:40.421090 PYTHONPATH:
2026-07-26 04:05:40.471226   /opt/hostedtoolcache/Python/3.11.15/x64/bin
2026-07-26 04:05:40.521457   /opt/hostedtoolcache/Python/3.11.15/x64/lib/python311.zip
2026-07-26 04:05:40.571614   /opt/hostedtoolcache/Python/3.11.15/x64/lib/python3.11
2026-07-26 04:05:40.621868   /opt/hostedtoolcache/Python/3.11.15/x64/lib/python3.11/lib-dynload
2026-07-26 04:05:40.672040   /opt/hostedtoolcache/Python/3.11.15/x64/lib/python3.11/site-packages
2026-07-26 04:05:49.443428 TC02 Login User With Correct Email And Password                       | FAIL |
2026-07-26 04:05:49.474824 Setup failed:
2026-07-26 04:05:49.474834 No keyword with name 'Open Browser' found.
2026-07-26 04:05:49.474842 
2026-07-26 04:05:49.474850 Also teardown failed:
2026-07-26 04:05:49.474858 Several failures occurred:
2026-07-26 04:05:49.474866 
2026-07-26 04:05:49.474874 1) No keyword with name 'Register Keyword To Run On Failure' found.
2026-07-26 04:05:49.474883 
2026-07-26 04:05:49.474892 2) No keyword with name 'Close Browser' found. Did you mean:
2026-07-26 04:05:49.474900     common.Close Test Browser
2026-07-26 04:05:49.474909 ------------------------------------------------------------------------------
2026-07-26 04:05:49.474918 Suites.Auth.TC02 login valid                                          | FAIL |
2026-07-26 04:05:49.475421 1 test, 0 passed, 1 failed
2026-07-26 04:05:49.475432 ==============================================================================
2026-07-26 04:05:49.475541 Suites.Auth                                                           | FAIL |
2026-07-26 04:05:49.475869 1 test, 0 passed, 1 failed
2026-07-26 04:05:49.475887 ==============================================================================
2026-07-26 04:05:49.475960 Suites                                                                | FAIL |
2026-07-26 04:05:49.476132 1 test, 0 passed, 1 failed
2026-07-26 04:05:49.476143 ==============================================================================
2026-07-26 04:05:49.476151 Output:  /home/runner/work/engg-robot-testing-framework/engg-robot-testing-framework/reports/pabot_results/1/output.xml
