2026-09-11 05:00:33.583579 ==============================================================================
2026-09-11 05:00:33.615052 Suites
2026-09-11 05:00:33.615067 ==============================================================================
2026-09-11 05:00:33.615077 Suites.Cart
2026-09-11 05:00:33.615668 ==============================================================================
2026-09-11 05:00:33.615680 Suites.Cart.TC17 remove products from cart :: TC17 - Remove Products From Cart
2026-09-11 05:00:33.615680 [ ERROR ] Error in file '/home/runner/work/engg-robot-testing-framework/engg-robot-testing-framework/resources/common.resource' on line 4: Importing library 'playwright_keyword_library.PlaywrightKeywordLibrary' failed: ModuleNotFoundError: No module named 'playwright_keyword_library'
2026-09-11 05:00:33.637332 ==============================================================================
2026-09-11 05:00:33.637332 Traceback (most recent call last):
2026-09-11 05:00:33.637350   None
2026-09-11 05:00:33.687460 PYTHONPATH:
2026-09-11 05:00:33.737572   /opt/hostedtoolcache/Python/3.11.16/x64/bin
2026-09-11 05:00:33.787700   /opt/hostedtoolcache/Python/3.11.16/x64/lib/python311.zip
2026-09-11 05:00:33.837853   /opt/hostedtoolcache/Python/3.11.16/x64/lib/python3.11
2026-09-11 05:00:33.887980   /opt/hostedtoolcache/Python/3.11.16/x64/lib/python3.11/lib-dynload
2026-09-11 05:00:33.938085   /opt/hostedtoolcache/Python/3.11.16/x64/lib/python3.11/site-packages
2026-09-11 05:00:33.988206 [ ERROR ] Error in file '/home/runner/work/engg-robot-testing-framework/engg-robot-testing-framework/resources/product_keywords.resource' on line 2: Importing library 'playwright_keyword_library.PlaywrightKeywordLibrary' failed: ModuleNotFoundError: No module named 'playwright_keyword_library'
2026-09-11 05:00:34.038304 Traceback (most recent call last):
2026-09-11 05:00:34.088422   None
2026-09-11 05:00:34.138516 PYTHONPATH:
2026-09-11 05:00:34.188640   /opt/hostedtoolcache/Python/3.11.16/x64/bin
2026-09-11 05:00:34.238733   /opt/hostedtoolcache/Python/3.11.16/x64/lib/python311.zip
2026-09-11 05:00:34.288855   /opt/hostedtoolcache/Python/3.11.16/x64/lib/python3.11
2026-09-11 05:00:34.338945   /opt/hostedtoolcache/Python/3.11.16/x64/lib/python3.11/lib-dynload
2026-09-11 05:00:34.389070   /opt/hostedtoolcache/Python/3.11.16/x64/lib/python3.11/site-packages
2026-09-11 05:00:34.439164 [ ERROR ] Error in file '/home/runner/work/engg-robot-testing-framework/engg-robot-testing-framework/resources/cart_keywords.resource' on line 2: Importing library 'playwright_keyword_library.PlaywrightKeywordLibrary' failed: ModuleNotFoundError: No module named 'playwright_keyword_library'
2026-09-11 05:00:34.489287 Traceback (most recent call last):
2026-09-11 05:00:34.539380   None
2026-09-11 05:00:34.589500 PYTHONPATH:
2026-09-11 05:00:34.639591   /opt/hostedtoolcache/Python/3.11.16/x64/bin
2026-09-11 05:00:34.689732   /opt/hostedtoolcache/Python/3.11.16/x64/lib/python311.zip
2026-09-11 05:00:34.739825   /opt/hostedtoolcache/Python/3.11.16/x64/lib/python3.11
2026-09-11 05:00:34.789945   /opt/hostedtoolcache/Python/3.11.16/x64/lib/python3.11/lib-dynload
2026-09-11 05:00:34.840033   /opt/hostedtoolcache/Python/3.11.16/x64/lib/python3.11/site-packages
2026-09-11 05:00:43.608268 TC17 Remove Products From Cart                                        | FAIL |
2026-09-11 05:00:43.646319 Setup failed:
2026-09-11 05:00:43.646325 No keyword with name 'Open Browser' found.
2026-09-11 05:00:43.646330 
2026-09-11 05:00:43.646335 Also teardown failed:
2026-09-11 05:00:43.646340 Several failures occurred:
2026-09-11 05:00:43.646345 
2026-09-11 05:00:43.646350 1) No keyword with name 'Register Keyword To Run On Failure' found.
2026-09-11 05:00:43.646355 
2026-09-11 05:00:43.646360 2) No keyword with name 'Close Browser' found. Did you mean:
2026-09-11 05:00:43.646365     common.Close Test Browser
2026-09-11 05:00:43.646370 ------------------------------------------------------------------------------
2026-09-11 05:00:43.646375 Suites.Cart.TC17 remove products from cart :: TC17 - Remove Produc... | FAIL |
2026-09-11 05:00:43.646939 1 test, 0 passed, 1 failed
2026-09-11 05:00:43.646959 ==============================================================================
2026-09-11 05:00:43.646964 Suites.Cart                                                           | FAIL |
2026-09-11 05:00:43.647265 1 test, 0 passed, 1 failed
2026-09-11 05:00:43.647286 ==============================================================================
2026-09-11 05:00:43.647291 Suites                                                                | FAIL |
2026-09-11 05:00:43.647532 1 test, 0 passed, 1 failed
2026-09-11 05:00:43.647552 ==============================================================================
2026-09-11 05:00:43.647557 Output:  /home/runner/work/engg-robot-testing-framework/engg-robot-testing-framework/reports/pabot_results/7/output.xml
