2026-05-20 04:48:04.423435 ==============================================================================
2026-05-20 04:48:04.444406 Suites
2026-05-20 04:48:04.444421 ==============================================================================
2026-05-20 04:48:04.444429 Suites.Auth
2026-05-20 04:48:04.445193 ==============================================================================
2026-05-20 04:48:04.545437 Suites.Auth.TC05 register existing email
2026-05-20 04:48:04.556501 ==============================================================================
2026-05-20 04:49:19.581142 TC05 Register User With Existing Email                                | FAIL |
2026-05-20 04:49:19.622881 Element 'xpath=//a[contains(text(),'Logout')]' not visible after 45 seconds.
2026-05-20 04:49:19.622911 ------------------------------------------------------------------------------
2026-05-20 04:49:19.622925 Suites.Auth.TC05 register existing email                              | FAIL |
2026-05-20 04:49:19.623535 1 test, 0 passed, 1 failed
2026-05-20 04:49:19.623553 ==============================================================================
2026-05-20 04:49:19.623565 Suites.Auth                                                           | FAIL |
2026-05-20 04:49:19.623967 1 test, 0 passed, 1 failed
2026-05-20 04:49:19.623984 ==============================================================================
2026-05-20 04:49:19.624000 Suites                                                                | FAIL |
2026-05-20 04:49:19.624258 1 test, 0 passed, 1 failed
2026-05-20 04:49:19.624274 ==============================================================================
2026-05-20 04:49:19.624286 Output:  /home/runner/work/engg-robot-testing-framework/engg-robot-testing-framework/reports/pabot_results/4/output.xml
