2026-10-06 06:42:24.682662 ==============================================================================
2026-10-06 06:42:24.710243 Suites
2026-10-06 06:42:24.710256 ==============================================================================
2026-10-06 06:42:24.710268 Suites.Auth
2026-10-06 06:42:24.710878 ==============================================================================
2026-10-06 06:42:24.710891 Suites.Auth.TC01 register user
2026-10-06 06:42:24.710891 [ ERROR ] Error in file '/home/runner/work/engg-robot-testing-framework/engg-robot-testing-framework/tests/auth/TC01_register_user.robot' on line 2: Importing library 'playwright_keyword_library.PlaywrightKeywordLibrary' failed: ModuleNotFoundError: No module named 'playwright_keyword_library'
2026-10-06 06:42:24.723617 ==============================================================================
2026-10-06 06:42:24.723617 Traceback (most recent call last):
2026-10-06 06:42:24.723633   None
2026-10-06 06:42:24.773712 PYTHONPATH:
2026-10-06 06:42:24.823826   /opt/hostedtoolcache/Python/3.11.16/x64/bin
2026-10-06 06:42:24.873939   /opt/hostedtoolcache/Python/3.11.16/x64/lib/python311.zip
2026-10-06 06:42:24.924053   /opt/hostedtoolcache/Python/3.11.16/x64/lib/python3.11
2026-10-06 06:42:24.974168   /opt/hostedtoolcache/Python/3.11.16/x64/lib/python3.11/lib-dynload
2026-10-06 06:42:25.024248   /opt/hostedtoolcache/Python/3.11.16/x64/lib/python3.11/site-packages
2026-10-06 06:42:25.074362 [ ERROR ] Error in file '/home/runner/work/engg-robot-testing-framework/engg-robot-testing-framework/resources/auth_keywords.resource' on line 2: Importing library 'playwright_keyword_library.PlaywrightKeywordLibrary' failed: ModuleNotFoundError: No module named 'playwright_keyword_library'
2026-10-06 06:42:25.124476 Traceback (most recent call last):
2026-10-06 06:42:25.174593   None
2026-10-06 06:42:25.224676 PYTHONPATH:
2026-10-06 06:42:25.274820   /opt/hostedtoolcache/Python/3.11.16/x64/bin
2026-10-06 06:42:25.324984   /opt/hostedtoolcache/Python/3.11.16/x64/lib/python311.zip
2026-10-06 06:42:25.375199   /opt/hostedtoolcache/Python/3.11.16/x64/lib/python3.11
2026-10-06 06:42:25.425356   /opt/hostedtoolcache/Python/3.11.16/x64/lib/python3.11/lib-dynload
2026-10-06 06:42:25.475547   /opt/hostedtoolcache/Python/3.11.16/x64/lib/python3.11/site-packages
2026-10-06 06:42:25.525757 [ ERROR ] Error in file '/home/runner/work/engg-robot-testing-framework/engg-robot-testing-framework/resources/common.resource' on line 4: Importing library 'playwright_keyword_library.PlaywrightKeywordLibrary' failed: ModuleNotFoundError: No module named 'playwright_keyword_library'
2026-10-06 06:42:25.575938 Traceback (most recent call last):
2026-10-06 06:42:25.626149   None
2026-10-06 06:42:25.676331 PYTHONPATH:
2026-10-06 06:42:25.726512   /opt/hostedtoolcache/Python/3.11.16/x64/bin
2026-10-06 06:42:25.776659   /opt/hostedtoolcache/Python/3.11.16/x64/lib/python311.zip
2026-10-06 06:42:25.826855   /opt/hostedtoolcache/Python/3.11.16/x64/lib/python3.11
2026-10-06 06:42:25.877027   /opt/hostedtoolcache/Python/3.11.16/x64/lib/python3.11/lib-dynload
2026-10-06 06:42:25.927215   /opt/hostedtoolcache/Python/3.11.16/x64/lib/python3.11/site-packages
2026-10-06 06:42:34.699529 TC01 Register User                                                    | FAIL |
2026-10-06 06:42:34.730661 Setup failed:
2026-10-06 06:42:34.730679 No keyword with name 'Open Browser' found.
2026-10-06 06:42:34.730695 
2026-10-06 06:42:34.730708 Also teardown failed:
2026-10-06 06:42:34.730725 Several failures occurred:
2026-10-06 06:42:34.730738 
2026-10-06 06:42:34.730756 1) No keyword with name 'Register Keyword To Run On Failure' found.
2026-10-06 06:42:34.730769 
2026-10-06 06:42:34.730779 2) No keyword with name 'Close Browser' found. Did you mean:
2026-10-06 06:42:34.730792     common.Close Test Browser
2026-10-06 06:42:34.730808 ------------------------------------------------------------------------------
2026-10-06 06:42:34.730878 Suites.Auth.TC01 register user                                        | FAIL |
2026-10-06 06:42:34.731267 1 test, 0 passed, 1 failed
2026-10-06 06:42:34.731279 ==============================================================================
2026-10-06 06:42:34.731290 Suites.Auth                                                           | FAIL |
2026-10-06 06:42:34.731605 1 test, 0 passed, 1 failed
2026-10-06 06:42:34.731617 ==============================================================================
2026-10-06 06:42:34.731626 Suites                                                                | FAIL |
2026-10-06 06:42:34.731843 1 test, 0 passed, 1 failed
2026-10-06 06:42:34.731859 ==============================================================================
2026-10-06 06:42:34.731889 Output:  /home/runner/work/engg-robot-testing-framework/engg-robot-testing-framework/reports/pabot_results/0/output.xml
