2026-09-30 05:49:55.885292 ==============================================================================
2026-09-30 05:49:55.912429 Suites
2026-09-30 05:49:55.912449 ==============================================================================
2026-09-30 05:49:55.912464 Suites.Cart
2026-09-30 05:49:55.913323 ==============================================================================
2026-09-30 05:49:55.913341 Suites.Cart.TC13 verify product quantity :: TC13 - Verify Product Quantity ...
2026-09-30 05:49:55.913341 [ ERROR ] Error in file '/home/runner/work/engg-robot-testing-framework/engg-robot-testing-framework/resources/common.resource' on line 4: Importing library 'playwright_keyword_library.PlaywrightKeywordLibrary' failed: ModuleNotFoundError: No module named 'playwright_keyword_library'
2026-09-30 05:49:55.945504 ==============================================================================
2026-09-30 05:49:55.945504 Traceback (most recent call last):
2026-09-30 05:49:55.945532   None
2026-09-30 05:49:55.995685 PYTHONPATH:
2026-09-30 05:49:56.045800   /opt/hostedtoolcache/Python/3.11.16/x64/bin
2026-09-30 05:49:56.095934   /opt/hostedtoolcache/Python/3.11.16/x64/lib/python311.zip
2026-09-30 05:49:56.146046   /opt/hostedtoolcache/Python/3.11.16/x64/lib/python3.11
2026-09-30 05:49:56.196183   /opt/hostedtoolcache/Python/3.11.16/x64/lib/python3.11/lib-dynload
2026-09-30 05:49:56.246292   /opt/hostedtoolcache/Python/3.11.16/x64/lib/python3.11/site-packages
2026-09-30 05:49:56.296446 [ ERROR ] Error in file '/home/runner/work/engg-robot-testing-framework/engg-robot-testing-framework/resources/product_keywords.resource' on line 2: Importing library 'playwright_keyword_library.PlaywrightKeywordLibrary' failed: ModuleNotFoundError: No module named 'playwright_keyword_library'
2026-09-30 05:49:56.346550 Traceback (most recent call last):
2026-09-30 05:49:56.396729   None
2026-09-30 05:49:56.446861 PYTHONPATH:
2026-09-30 05:49:56.497022   /opt/hostedtoolcache/Python/3.11.16/x64/bin
2026-09-30 05:49:56.547145   /opt/hostedtoolcache/Python/3.11.16/x64/lib/python311.zip
2026-09-30 05:49:56.597311   /opt/hostedtoolcache/Python/3.11.16/x64/lib/python3.11
2026-09-30 05:49:56.647451   /opt/hostedtoolcache/Python/3.11.16/x64/lib/python3.11/lib-dynload
2026-09-30 05:49:56.697641   /opt/hostedtoolcache/Python/3.11.16/x64/lib/python3.11/site-packages
2026-09-30 05:49:56.747784 [ ERROR ] Error in file '/home/runner/work/engg-robot-testing-framework/engg-robot-testing-framework/resources/cart_keywords.resource' on line 2: Importing library 'playwright_keyword_library.PlaywrightKeywordLibrary' failed: ModuleNotFoundError: No module named 'playwright_keyword_library'
2026-09-30 05:49:56.797949 Traceback (most recent call last):
2026-09-30 05:49:56.848082   None
2026-09-30 05:49:56.898256 PYTHONPATH:
2026-09-30 05:49:56.948383   /opt/hostedtoolcache/Python/3.11.16/x64/bin
2026-09-30 05:49:56.998508   /opt/hostedtoolcache/Python/3.11.16/x64/lib/python311.zip
2026-09-30 05:49:57.048668   /opt/hostedtoolcache/Python/3.11.16/x64/lib/python3.11
2026-09-30 05:49:57.098826   /opt/hostedtoolcache/Python/3.11.16/x64/lib/python3.11/lib-dynload
2026-09-30 05:49:57.148982   /opt/hostedtoolcache/Python/3.11.16/x64/lib/python3.11/site-packages
2026-09-30 05:50:05.923456 TC13 Verify Product Quantity In Cart                                  | FAIL |
2026-09-30 05:50:05.957117 Setup failed:
2026-09-30 05:50:05.957137 No keyword with name 'Open Browser' found.
2026-09-30 05:50:05.957152 
2026-09-30 05:50:05.957166 Also teardown failed:
2026-09-30 05:50:05.957180 Several failures occurred:
2026-09-30 05:50:05.957192 
2026-09-30 05:50:05.957205 1) No keyword with name 'Register Keyword To Run On Failure' found.
2026-09-30 05:50:05.957219 
2026-09-30 05:50:05.957230 2) No keyword with name 'Close Browser' found. Did you mean:
2026-09-30 05:50:05.957242     common.Close Test Browser
2026-09-30 05:50:05.957253 ------------------------------------------------------------------------------
2026-09-30 05:50:05.957264 Suites.Cart.TC13 verify product quantity :: TC13 - Verify Product ... | FAIL |
2026-09-30 05:50:05.957875 1 test, 0 passed, 1 failed
2026-09-30 05:50:05.957963 ==============================================================================
2026-09-30 05:50:05.957985 Suites.Cart                                                           | FAIL |
2026-09-30 05:50:05.958486 1 test, 0 passed, 1 failed
2026-09-30 05:50:05.958592 ==============================================================================
2026-09-30 05:50:05.958620 Suites                                                                | FAIL |
2026-09-30 05:50:05.959050 1 test, 0 passed, 1 failed
2026-09-30 05:50:05.959097 ==============================================================================
2026-09-30 05:50:05.959111 Output:  /home/runner/work/engg-robot-testing-framework/engg-robot-testing-framework/reports/pabot_results/6/output.xml
