2026-07-27 04:13:26.013926 ==============================================================================
2026-07-27 04:13:26.025985 Suites
2026-07-27 04:13:26.026003 ==============================================================================
2026-07-27 04:13:26.026016 Suites.Cart
2026-07-27 04:13:26.026748 ==============================================================================
2026-07-27 04:13:26.026765 Suites.Cart.TC22 add from recommended items :: TC22 - Add To Cart From Reco...
2026-07-27 04:13:26.026765 [ ERROR ] Error in file '/home/runner/work/engg-robot-testing-framework/engg-robot-testing-framework/resources/common.resource' on line 4: Importing library 'playwright_keyword_library.PlaywrightKeywordLibrary' failed: ModuleNotFoundError: No module named 'playwright_keyword_library'
2026-07-27 04:13:26.047052 ==============================================================================
2026-07-27 04:13:26.047052 Traceback (most recent call last):
2026-07-27 04:13:26.047075   None
2026-07-27 04:13:26.097201 PYTHONPATH:
2026-07-27 04:13:26.147355   /opt/hostedtoolcache/Python/3.11.15/x64/bin
2026-07-27 04:13:26.197535   /opt/hostedtoolcache/Python/3.11.15/x64/lib/python311.zip
2026-07-27 04:13:26.247699   /opt/hostedtoolcache/Python/3.11.15/x64/lib/python3.11
2026-07-27 04:13:26.297843   /opt/hostedtoolcache/Python/3.11.15/x64/lib/python3.11/lib-dynload
2026-07-27 04:13:26.348007   /opt/hostedtoolcache/Python/3.11.15/x64/lib/python3.11/site-packages
2026-07-27 04:13:26.398169 [ ERROR ] Error in file '/home/runner/work/engg-robot-testing-framework/engg-robot-testing-framework/resources/cart_keywords.resource' on line 2: Importing library 'playwright_keyword_library.PlaywrightKeywordLibrary' failed: ModuleNotFoundError: No module named 'playwright_keyword_library'
2026-07-27 04:13:26.448353 Traceback (most recent call last):
2026-07-27 04:13:26.498527   None
2026-07-27 04:13:26.548700 PYTHONPATH:
2026-07-27 04:13:26.598876   /opt/hostedtoolcache/Python/3.11.15/x64/bin
2026-07-27 04:13:26.649043   /opt/hostedtoolcache/Python/3.11.15/x64/lib/python311.zip
2026-07-27 04:13:26.699214   /opt/hostedtoolcache/Python/3.11.15/x64/lib/python3.11
2026-07-27 04:13:26.749398   /opt/hostedtoolcache/Python/3.11.15/x64/lib/python3.11/lib-dynload
2026-07-27 04:13:26.799570   /opt/hostedtoolcache/Python/3.11.15/x64/lib/python3.11/site-packages
2026-07-27 04:13:36.023832 TC22 Add To Cart From Recommended Items                               | FAIL |
2026-07-27 04:13:36.057650 Setup failed:
2026-07-27 04:13:36.057665 No keyword with name 'Open Browser' found.
2026-07-27 04:13:36.057674 
2026-07-27 04:13:36.057681 Also teardown failed:
2026-07-27 04:13:36.057688 Several failures occurred:
2026-07-27 04:13:36.057694 
2026-07-27 04:13:36.057702 1) No keyword with name 'Register Keyword To Run On Failure' found.
2026-07-27 04:13:36.057710 
2026-07-27 04:13:36.057716 2) No keyword with name 'Close Browser' found. Did you mean:
2026-07-27 04:13:36.057723     common.Close Test Browser
2026-07-27 04:13:36.057730 ------------------------------------------------------------------------------
2026-07-27 04:13:36.057737 Suites.Cart.TC22 add from recommended items :: TC22 - Add To Cart ... | FAIL |
2026-07-27 04:13:36.059032 1 test, 0 passed, 1 failed
2026-07-27 04:13:36.059045 ==============================================================================
2026-07-27 04:13:36.059054 Suites.Cart                                                           | FAIL |
2026-07-27 04:13:36.059062 1 test, 0 passed, 1 failed
2026-07-27 04:13:36.059069 ==============================================================================
2026-07-27 04:13:36.059076 Suites                                                                | FAIL |
2026-07-27 04:13:36.059083 1 test, 0 passed, 1 failed
2026-07-27 04:13:36.059089 ==============================================================================
2026-07-27 04:13:36.059095 Output:  /home/runner/work/engg-robot-testing-framework/engg-robot-testing-framework/reports/pabot_results/9/output.xml
