2026-07-17 03:46:51.167712 ==============================================================================
2026-07-17 03:46:51.199786 Suites
2026-07-17 03:46:51.199805 ==============================================================================
2026-07-17 03:46:51.199821 Suites.Auth
2026-07-17 03:46:51.200692 ==============================================================================
2026-07-17 03:46:51.200711 Suites.Auth.TC05 register existing email
2026-07-17 03:46:51.200711 [ ERROR ] Error in file '/home/runner/work/engg-robot-testing-framework/engg-robot-testing-framework/tests/auth/TC05_register_existing_email.robot' on line 2: Importing library 'playwright_keyword_library.PlaywrightKeywordLibrary' failed: ModuleNotFoundError: No module named 'playwright_keyword_library'
2026-07-17 03:46:51.220024 ==============================================================================
2026-07-17 03:46:51.220024 Traceback (most recent call last):
2026-07-17 03:46:51.220050   None
2026-07-17 03:46:51.270170 PYTHONPATH:
2026-07-17 03:46:51.320280   /opt/hostedtoolcache/Python/3.11.15/x64/bin
2026-07-17 03:46:51.370398   /opt/hostedtoolcache/Python/3.11.15/x64/lib/python311.zip
2026-07-17 03:46:51.420533   /opt/hostedtoolcache/Python/3.11.15/x64/lib/python3.11
2026-07-17 03:46:51.470650   /opt/hostedtoolcache/Python/3.11.15/x64/lib/python3.11/lib-dynload
2026-07-17 03:46:51.520794   /opt/hostedtoolcache/Python/3.11.15/x64/lib/python3.11/site-packages
2026-07-17 03:46:51.570952 [ ERROR ] Error in file '/home/runner/work/engg-robot-testing-framework/engg-robot-testing-framework/resources/auth_keywords.resource' on line 2: Importing library 'playwright_keyword_library.PlaywrightKeywordLibrary' failed: ModuleNotFoundError: No module named 'playwright_keyword_library'
2026-07-17 03:46:51.621104 Traceback (most recent call last):
2026-07-17 03:46:51.671253   None
2026-07-17 03:46:51.721408 PYTHONPATH:
2026-07-17 03:46:51.771556   /opt/hostedtoolcache/Python/3.11.15/x64/bin
2026-07-17 03:46:51.821733   /opt/hostedtoolcache/Python/3.11.15/x64/lib/python311.zip
2026-07-17 03:46:51.871871   /opt/hostedtoolcache/Python/3.11.15/x64/lib/python3.11
2026-07-17 03:46:51.922023   /opt/hostedtoolcache/Python/3.11.15/x64/lib/python3.11/lib-dynload
2026-07-17 03:46:51.972183   /opt/hostedtoolcache/Python/3.11.15/x64/lib/python3.11/site-packages
2026-07-17 03:46:52.022356 [ ERROR ] Error in file '/home/runner/work/engg-robot-testing-framework/engg-robot-testing-framework/resources/common.resource' on line 4: Importing library 'playwright_keyword_library.PlaywrightKeywordLibrary' failed: ModuleNotFoundError: No module named 'playwright_keyword_library'
2026-07-17 03:46:52.072546 Traceback (most recent call last):
2026-07-17 03:46:52.122700   None
2026-07-17 03:46:52.172864 PYTHONPATH:
2026-07-17 03:46:52.223016   /opt/hostedtoolcache/Python/3.11.15/x64/bin
2026-07-17 03:46:52.273156   /opt/hostedtoolcache/Python/3.11.15/x64/lib/python311.zip
2026-07-17 03:46:52.323312   /opt/hostedtoolcache/Python/3.11.15/x64/lib/python3.11
2026-07-17 03:46:52.373472   /opt/hostedtoolcache/Python/3.11.15/x64/lib/python3.11/lib-dynload
2026-07-17 03:46:52.423627   /opt/hostedtoolcache/Python/3.11.15/x64/lib/python3.11/site-packages
2026-07-17 03:47:01.195498 TC05 Register User With Existing Email                                | FAIL |
2026-07-17 03:47:01.230231 Setup failed:
2026-07-17 03:47:01.230243 No keyword with name 'Open Browser' found.
2026-07-17 03:47:01.230250 
2026-07-17 03:47:01.230257 Also teardown failed:
2026-07-17 03:47:01.230264 Several failures occurred:
2026-07-17 03:47:01.230271 
2026-07-17 03:47:01.230278 1) No keyword with name 'Register Keyword To Run On Failure' found.
2026-07-17 03:47:01.230285 
2026-07-17 03:47:01.230317 2) No keyword with name 'Close Browser' found. Did you mean:
2026-07-17 03:47:01.230327     common.Close Test Browser
2026-07-17 03:47:01.230334 ------------------------------------------------------------------------------
2026-07-17 03:47:01.230341 Suites.Auth.TC05 register existing email                              | FAIL |
2026-07-17 03:47:01.230816 1 test, 0 passed, 1 failed
2026-07-17 03:47:01.230830 ==============================================================================
2026-07-17 03:47:01.230838 Suites.Auth                                                           | FAIL |
2026-07-17 03:47:01.231204 1 test, 0 passed, 1 failed
2026-07-17 03:47:01.231232 ==============================================================================
2026-07-17 03:47:01.231240 Suites                                                                | FAIL |
2026-07-17 03:47:01.231542 1 test, 0 passed, 1 failed
2026-07-17 03:47:01.231613 ==============================================================================
2026-07-17 03:47:01.231623 Output:  /home/runner/work/engg-robot-testing-framework/engg-robot-testing-framework/reports/pabot_results/4/output.xml
