2026-08-17 13:10:20.067232 ==============================================================================
2026-08-17 13:10:20.088967 Suites
2026-08-17 13:10:20.088985 ==============================================================================
2026-08-17 13:10:20.089001 Suites.Auth
2026-08-17 13:10:20.089796 ==============================================================================
2026-08-17 13:10:20.089813 Suites.Auth.TC01 register user
2026-08-17 13:10:20.089813 [ ERROR ] Error in file '/home/runner/work/engg-robot-testing-framework/engg-robot-testing-framework/tests/auth/TC01_register_user.robot' on line 2: Importing library 'playwright_keyword_library.PlaywrightKeywordLibrary' failed: ModuleNotFoundError: No module named 'playwright_keyword_library'
2026-08-17 13:10:20.106678 ==============================================================================
2026-08-17 13:10:20.106678 Traceback (most recent call last):
2026-08-17 13:10:20.106702   None
2026-08-17 13:10:20.156801 PYTHONPATH:
2026-08-17 13:10:20.206942   /opt/hostedtoolcache/Python/3.11.15/x64/bin
2026-08-17 13:10:20.257088   /opt/hostedtoolcache/Python/3.11.15/x64/lib/python311.zip
2026-08-17 13:10:20.307228   /opt/hostedtoolcache/Python/3.11.15/x64/lib/python3.11
2026-08-17 13:10:20.357402   /opt/hostedtoolcache/Python/3.11.15/x64/lib/python3.11/lib-dynload
2026-08-17 13:10:20.407548   /opt/hostedtoolcache/Python/3.11.15/x64/lib/python3.11/site-packages
2026-08-17 13:10:20.457693 [ ERROR ] Error in file '/home/runner/work/engg-robot-testing-framework/engg-robot-testing-framework/resources/auth_keywords.resource' on line 2: Importing library 'playwright_keyword_library.PlaywrightKeywordLibrary' failed: ModuleNotFoundError: No module named 'playwright_keyword_library'
2026-08-17 13:10:20.507847 Traceback (most recent call last):
2026-08-17 13:10:20.557993   None
2026-08-17 13:10:20.608144 PYTHONPATH:
2026-08-17 13:10:20.658289   /opt/hostedtoolcache/Python/3.11.15/x64/bin
2026-08-17 13:10:20.708432   /opt/hostedtoolcache/Python/3.11.15/x64/lib/python311.zip
2026-08-17 13:10:20.758586   /opt/hostedtoolcache/Python/3.11.15/x64/lib/python3.11
2026-08-17 13:10:20.808730   /opt/hostedtoolcache/Python/3.11.15/x64/lib/python3.11/lib-dynload
2026-08-17 13:10:20.858871   /opt/hostedtoolcache/Python/3.11.15/x64/lib/python3.11/site-packages
2026-08-17 13:10:20.909010 [ ERROR ] Error in file '/home/runner/work/engg-robot-testing-framework/engg-robot-testing-framework/resources/common.resource' on line 4: Importing library 'playwright_keyword_library.PlaywrightKeywordLibrary' failed: ModuleNotFoundError: No module named 'playwright_keyword_library'
2026-08-17 13:10:20.959153 Traceback (most recent call last):
2026-08-17 13:10:21.009296   None
2026-08-17 13:10:21.059438 PYTHONPATH:
2026-08-17 13:10:21.109578   /opt/hostedtoolcache/Python/3.11.15/x64/bin
2026-08-17 13:10:21.159672   /opt/hostedtoolcache/Python/3.11.15/x64/lib/python311.zip
2026-08-17 13:10:21.209806   /opt/hostedtoolcache/Python/3.11.15/x64/lib/python3.11
2026-08-17 13:10:21.259941   /opt/hostedtoolcache/Python/3.11.15/x64/lib/python3.11/lib-dynload
2026-08-17 13:10:21.310058   /opt/hostedtoolcache/Python/3.11.15/x64/lib/python3.11/site-packages
2026-08-17 13:10:30.080269 TC01 Register User                                                    | FAIL |
2026-08-17 13:10:30.115900 Setup failed:
2026-08-17 13:10:30.115919 No keyword with name 'Open Browser' found.
2026-08-17 13:10:30.115934 
2026-08-17 13:10:30.115947 Also teardown failed:
2026-08-17 13:10:30.115983 Several failures occurred:
2026-08-17 13:10:30.115993 
2026-08-17 13:10:30.116003 1) No keyword with name 'Register Keyword To Run On Failure' found.
2026-08-17 13:10:30.116013 
2026-08-17 13:10:30.116022 2) No keyword with name 'Close Browser' found. Did you mean:
2026-08-17 13:10:30.116031     common.Close Test Browser
2026-08-17 13:10:30.116040 ------------------------------------------------------------------------------
2026-08-17 13:10:30.116049 Suites.Auth.TC01 register user                                        | FAIL |
2026-08-17 13:10:30.116529 1 test, 0 passed, 1 failed
2026-08-17 13:10:30.116580 ==============================================================================
2026-08-17 13:10:30.116589 Suites.Auth                                                           | FAIL |
2026-08-17 13:10:30.116896 1 test, 0 passed, 1 failed
2026-08-17 13:10:30.116946 ==============================================================================
2026-08-17 13:10:30.116956 Suites                                                                | FAIL |
2026-08-17 13:10:30.117212 1 test, 0 passed, 1 failed
2026-08-17 13:10:30.117255 ==============================================================================
2026-08-17 13:10:30.117264 Output:  /home/runner/work/engg-robot-testing-framework/engg-robot-testing-framework/reports/pabot_results/0/output.xml
