==============================================================================
Suites
==============================================================================
Suites.Auth
==============================================================================
Suites.Auth.TC03 login invalid
==============================================================================
TC03 Login User With Incorrect Email And Password                     | FAIL |
Setup failed:
Title should have been 'Automation Exercise' but was 'One moment, please...'.
------------------------------------------------------------------------------
Suites.Auth.TC03 login invalid                                        | FAIL |
1 test, 0 passed, 1 failed
==============================================================================
Suites.Auth                                                           | FAIL |
1 test, 0 passed, 1 failed
==============================================================================
Suites                                                                | FAIL |
1 test, 0 passed, 1 failed
==============================================================================
Output:  /home/runner/work/engg-robot-testing-framework/engg-robot-testing-framework/reports/pabot_results/2/output.xml
