2026-07-04 04:10:51.130469 ==============================================================================
2026-07-04 04:10:51.144169 Suites
2026-07-04 04:10:51.144195 ==============================================================================
2026-07-04 04:10:51.144235 Suites.Auth
2026-07-04 04:10:51.145036 ==============================================================================
2026-07-04 04:10:51.145054 Suites.Auth.TC01 register user
2026-07-04 04:10:51.145054 [ ERROR ] Error in file '/home/runner/work/engg-robot-testing-framework/engg-robot-testing-framework/tests/auth/TC01_register_user.robot' on line 2: Importing library 'playwright_keyword_library.PlaywrightKeywordLibrary' failed: ModuleNotFoundError: No module named 'playwright_keyword_library'
2026-07-04 04:10:51.163747 ==============================================================================
2026-07-04 04:10:51.163747 Traceback (most recent call last):
2026-07-04 04:10:51.163772   None
2026-07-04 04:10:51.213892 PYTHONPATH:
2026-07-04 04:10:51.263990   /opt/hostedtoolcache/Python/3.11.15/x64/bin
2026-07-04 04:10:51.314091   /opt/hostedtoolcache/Python/3.11.15/x64/lib/python311.zip
2026-07-04 04:10:51.364196   /opt/hostedtoolcache/Python/3.11.15/x64/lib/python3.11
2026-07-04 04:10:51.414299   /opt/hostedtoolcache/Python/3.11.15/x64/lib/python3.11/lib-dynload
2026-07-04 04:10:51.464450   /opt/hostedtoolcache/Python/3.11.15/x64/lib/python3.11/site-packages
2026-07-04 04:10:51.514607 [ ERROR ] Error in file '/home/runner/work/engg-robot-testing-framework/engg-robot-testing-framework/resources/auth_keywords.resource' on line 2: Importing library 'playwright_keyword_library.PlaywrightKeywordLibrary' failed: ModuleNotFoundError: No module named 'playwright_keyword_library'
2026-07-04 04:10:51.564735 Traceback (most recent call last):
2026-07-04 04:10:51.614891   None
2026-07-04 04:10:51.665054 PYTHONPATH:
2026-07-04 04:10:51.715215   /opt/hostedtoolcache/Python/3.11.15/x64/bin
2026-07-04 04:10:51.765344   /opt/hostedtoolcache/Python/3.11.15/x64/lib/python311.zip
2026-07-04 04:10:51.815444   /opt/hostedtoolcache/Python/3.11.15/x64/lib/python3.11
2026-07-04 04:10:51.865541   /opt/hostedtoolcache/Python/3.11.15/x64/lib/python3.11/lib-dynload
2026-07-04 04:10:51.915643   /opt/hostedtoolcache/Python/3.11.15/x64/lib/python3.11/site-packages
2026-07-04 04:10:51.965741 [ ERROR ] Error in file '/home/runner/work/engg-robot-testing-framework/engg-robot-testing-framework/resources/common.resource' on line 4: Importing library 'playwright_keyword_library.PlaywrightKeywordLibrary' failed: ModuleNotFoundError: No module named 'playwright_keyword_library'
2026-07-04 04:10:52.015845 Traceback (most recent call last):
2026-07-04 04:10:52.065944   None
2026-07-04 04:10:52.116048 PYTHONPATH:
2026-07-04 04:10:52.166164   /opt/hostedtoolcache/Python/3.11.15/x64/bin
2026-07-04 04:10:52.217247   /opt/hostedtoolcache/Python/3.11.15/x64/lib/python311.zip
2026-07-04 04:10:52.267339   /opt/hostedtoolcache/Python/3.11.15/x64/lib/python3.11
2026-07-04 04:10:52.317442   /opt/hostedtoolcache/Python/3.11.15/x64/lib/python3.11/lib-dynload
2026-07-04 04:10:52.367538   /opt/hostedtoolcache/Python/3.11.15/x64/lib/python3.11/site-packages
2026-07-04 04:11:01.138664 TC01 Register User                                                    | FAIL |
2026-07-04 04:11:01.173914 Setup failed:
2026-07-04 04:11:01.173923 No keyword with name 'Open Browser' found.
2026-07-04 04:11:01.173930 
2026-07-04 04:11:01.173936 Also teardown failed:
2026-07-04 04:11:01.173943 Several failures occurred:
2026-07-04 04:11:01.173949 
2026-07-04 04:11:01.173956 1) No keyword with name 'Register Keyword To Run On Failure' found.
2026-07-04 04:11:01.173963 
2026-07-04 04:11:01.173969 2) No keyword with name 'Close Browser' found. Did you mean:
2026-07-04 04:11:01.173976     common.Close Test Browser
2026-07-04 04:11:01.173982 ------------------------------------------------------------------------------
2026-07-04 04:11:01.173988 Suites.Auth.TC01 register user                                        | FAIL |
2026-07-04 04:11:01.174733 1 test, 0 passed, 1 failed
2026-07-04 04:11:01.174779 ==============================================================================
2026-07-04 04:11:01.174787 Suites.Auth                                                           | FAIL |
2026-07-04 04:11:01.175337 1 test, 0 passed, 1 failed
2026-07-04 04:11:01.175379 ==============================================================================
2026-07-04 04:11:01.175387 Suites                                                                | FAIL |
2026-07-04 04:11:01.175851 1 test, 0 passed, 1 failed
2026-07-04 04:11:01.175892 ==============================================================================
2026-07-04 04:11:01.175900 Output:  /home/runner/work/engg-robot-testing-framework/engg-robot-testing-framework/reports/pabot_results/0/output.xml
