2026-10-07 06:18:27.722178 ==============================================================================
2026-10-07 06:18:27.740753 Suites
2026-10-07 06:18:27.740773 ==============================================================================
2026-10-07 06:18:27.740788 Suites.Auth
2026-10-07 06:18:27.741639 ==============================================================================
2026-10-07 06:18:27.741658 Suites.Auth.TC04 logout user
2026-10-07 06:18:27.741658 [ ERROR ] Error in file '/home/runner/work/engg-robot-testing-framework/engg-robot-testing-framework/tests/auth/TC04_logout_user.robot' on line 2: Importing library 'playwright_keyword_library.PlaywrightKeywordLibrary' failed: ModuleNotFoundError: No module named 'playwright_keyword_library'
2026-10-07 06:18:27.760415 ==============================================================================
2026-10-07 06:18:27.760415 Traceback (most recent call last):
2026-10-07 06:18:27.760444   None
2026-10-07 06:18:27.810551 PYTHONPATH:
2026-10-07 06:18:27.860653   /opt/hostedtoolcache/Python/3.11.16/x64/bin
2026-10-07 06:18:27.910758   /opt/hostedtoolcache/Python/3.11.16/x64/lib/python311.zip
2026-10-07 06:18:27.960861   /opt/hostedtoolcache/Python/3.11.16/x64/lib/python3.11
2026-10-07 06:18:28.011003   /opt/hostedtoolcache/Python/3.11.16/x64/lib/python3.11/lib-dynload
2026-10-07 06:18:28.061146   /opt/hostedtoolcache/Python/3.11.16/x64/lib/python3.11/site-packages
2026-10-07 06:18:28.111299 [ ERROR ] Error in file '/home/runner/work/engg-robot-testing-framework/engg-robot-testing-framework/resources/auth_keywords.resource' on line 2: Importing library 'playwright_keyword_library.PlaywrightKeywordLibrary' failed: ModuleNotFoundError: No module named 'playwright_keyword_library'
2026-10-07 06:18:28.161435 Traceback (most recent call last):
2026-10-07 06:18:28.211602   None
2026-10-07 06:18:28.261757 PYTHONPATH:
2026-10-07 06:18:28.311913   /opt/hostedtoolcache/Python/3.11.16/x64/bin
2026-10-07 06:18:28.362064   /opt/hostedtoolcache/Python/3.11.16/x64/lib/python311.zip
2026-10-07 06:18:28.412219   /opt/hostedtoolcache/Python/3.11.16/x64/lib/python3.11
2026-10-07 06:18:28.462391   /opt/hostedtoolcache/Python/3.11.16/x64/lib/python3.11/lib-dynload
2026-10-07 06:18:28.512558   /opt/hostedtoolcache/Python/3.11.16/x64/lib/python3.11/site-packages
2026-10-07 06:18:28.562709 [ ERROR ] Error in file '/home/runner/work/engg-robot-testing-framework/engg-robot-testing-framework/resources/common.resource' on line 4: Importing library 'playwright_keyword_library.PlaywrightKeywordLibrary' failed: ModuleNotFoundError: No module named 'playwright_keyword_library'
2026-10-07 06:18:28.612848 Traceback (most recent call last):
2026-10-07 06:18:28.662999   None
2026-10-07 06:18:28.713150 PYTHONPATH:
2026-10-07 06:18:28.763303   /opt/hostedtoolcache/Python/3.11.16/x64/bin
2026-10-07 06:18:28.813417   /opt/hostedtoolcache/Python/3.11.16/x64/lib/python311.zip
2026-10-07 06:18:28.863570   /opt/hostedtoolcache/Python/3.11.16/x64/lib/python3.11
2026-10-07 06:18:28.913734   /opt/hostedtoolcache/Python/3.11.16/x64/lib/python3.11/lib-dynload
2026-10-07 06:18:28.963881   /opt/hostedtoolcache/Python/3.11.16/x64/lib/python3.11/site-packages
2026-10-07 06:18:37.736094 TC04 Logout User                                                      | FAIL |
2026-10-07 06:18:37.771369 Setup failed:
2026-10-07 06:18:37.771380 No keyword with name 'Open Browser' found.
2026-10-07 06:18:37.771387 
2026-10-07 06:18:37.771394 Also teardown failed:
2026-10-07 06:18:37.771401 Several failures occurred:
2026-10-07 06:18:37.771407 
2026-10-07 06:18:37.771414 1) No keyword with name 'Register Keyword To Run On Failure' found.
2026-10-07 06:18:37.771421 
2026-10-07 06:18:37.771427 2) No keyword with name 'Close Browser' found. Did you mean:
2026-10-07 06:18:37.771434     common.Close Test Browser
2026-10-07 06:18:37.771440 ------------------------------------------------------------------------------
2026-10-07 06:18:37.771447 Suites.Auth.TC04 logout user                                          | FAIL |
2026-10-07 06:18:37.772101 1 test, 0 passed, 1 failed
2026-10-07 06:18:37.772172 ==============================================================================
2026-10-07 06:18:37.772181 Suites.Auth                                                           | FAIL |
2026-10-07 06:18:37.772641 1 test, 0 passed, 1 failed
2026-10-07 06:18:37.772718 ==============================================================================
2026-10-07 06:18:37.772726 Suites                                                                | FAIL |
2026-10-07 06:18:37.773066 1 test, 0 passed, 1 failed
2026-10-07 06:18:37.773137 ==============================================================================
2026-10-07 06:18:37.773149 Output:  /home/runner/work/engg-robot-testing-framework/engg-robot-testing-framework/reports/pabot_results/3/output.xml
