2026-07-23 03:54:45.656020 ==============================================================================
2026-07-23 03:54:45.685110 Suites
2026-07-23 03:54:45.685125 ==============================================================================
2026-07-23 03:54:45.685133 Suites.Cart
2026-07-23 03:54:45.685716 ==============================================================================
2026-07-23 03:54:45.685727 Suites.Cart.TC13 verify product quantity :: TC13 - Verify Product Quantity ...
2026-07-23 03:54:45.685727 [ ERROR ] Error in file '/home/runner/work/engg-robot-testing-framework/engg-robot-testing-framework/resources/common.resource' on line 4: Importing library 'playwright_keyword_library.PlaywrightKeywordLibrary' failed: ModuleNotFoundError: No module named 'playwright_keyword_library'
2026-07-23 03:54:45.707291 ==============================================================================
2026-07-23 03:54:45.707291 Traceback (most recent call last):
2026-07-23 03:54:45.707306   None
2026-07-23 03:54:45.757402 PYTHONPATH:
2026-07-23 03:54:45.807545   /opt/hostedtoolcache/Python/3.11.15/x64/bin
2026-07-23 03:54:45.857656   /opt/hostedtoolcache/Python/3.11.15/x64/lib/python311.zip
2026-07-23 03:54:45.907764   /opt/hostedtoolcache/Python/3.11.15/x64/lib/python3.11
2026-07-23 03:54:45.957872   /opt/hostedtoolcache/Python/3.11.15/x64/lib/python3.11/lib-dynload
2026-07-23 03:54:46.008012   /opt/hostedtoolcache/Python/3.11.15/x64/lib/python3.11/site-packages
2026-07-23 03:54:46.058118 [ ERROR ] Error in file '/home/runner/work/engg-robot-testing-framework/engg-robot-testing-framework/resources/product_keywords.resource' on line 2: Importing library 'playwright_keyword_library.PlaywrightKeywordLibrary' failed: ModuleNotFoundError: No module named 'playwright_keyword_library'
2026-07-23 03:54:46.108266 Traceback (most recent call last):
2026-07-23 03:54:46.158371   None
2026-07-23 03:54:46.208501 PYTHONPATH:
2026-07-23 03:54:46.258604   /opt/hostedtoolcache/Python/3.11.15/x64/bin
2026-07-23 03:54:46.308713   /opt/hostedtoolcache/Python/3.11.15/x64/lib/python311.zip
2026-07-23 03:54:46.358815   /opt/hostedtoolcache/Python/3.11.15/x64/lib/python3.11
2026-07-23 03:54:46.408916   /opt/hostedtoolcache/Python/3.11.15/x64/lib/python3.11/lib-dynload
2026-07-23 03:54:46.459008   /opt/hostedtoolcache/Python/3.11.15/x64/lib/python3.11/site-packages
2026-07-23 03:54:46.509113 [ ERROR ] Error in file '/home/runner/work/engg-robot-testing-framework/engg-robot-testing-framework/resources/cart_keywords.resource' on line 2: Importing library 'playwright_keyword_library.PlaywrightKeywordLibrary' failed: ModuleNotFoundError: No module named 'playwright_keyword_library'
2026-07-23 03:54:46.559215 Traceback (most recent call last):
2026-07-23 03:54:46.609311   None
2026-07-23 03:54:46.659409 PYTHONPATH:
2026-07-23 03:54:46.709504   /opt/hostedtoolcache/Python/3.11.15/x64/bin
2026-07-23 03:54:46.759583   /opt/hostedtoolcache/Python/3.11.15/x64/lib/python311.zip
2026-07-23 03:54:46.809679   /opt/hostedtoolcache/Python/3.11.15/x64/lib/python3.11
2026-07-23 03:54:46.859786   /opt/hostedtoolcache/Python/3.11.15/x64/lib/python3.11/lib-dynload
2026-07-23 03:54:46.909878   /opt/hostedtoolcache/Python/3.11.15/x64/lib/python3.11/site-packages
2026-07-23 03:54:55.676414 TC13 Verify Product Quantity In Cart                                  | FAIL |
2026-07-23 03:54:55.716132 Setup failed:
2026-07-23 03:54:55.716146 No keyword with name 'Open Browser' found.
2026-07-23 03:54:55.716154 
2026-07-23 03:54:55.716160 Also teardown failed:
2026-07-23 03:54:55.716166 Several failures occurred:
2026-07-23 03:54:55.716171 
2026-07-23 03:54:55.716177 1) No keyword with name 'Register Keyword To Run On Failure' found.
2026-07-23 03:54:55.716183 
2026-07-23 03:54:55.716188 2) No keyword with name 'Close Browser' found. Did you mean:
2026-07-23 03:54:55.716192     common.Close Test Browser
2026-07-23 03:54:55.716197 ------------------------------------------------------------------------------
2026-07-23 03:54:55.716202 Suites.Cart.TC13 verify product quantity :: TC13 - Verify Product ... | FAIL |
2026-07-23 03:54:55.716480 1 test, 0 passed, 1 failed
2026-07-23 03:54:55.716537 ==============================================================================
2026-07-23 03:54:55.716543 Suites.Cart                                                           | FAIL |
2026-07-23 03:54:55.716746 1 test, 0 passed, 1 failed
2026-07-23 03:54:55.716819 ==============================================================================
2026-07-23 03:54:55.716824 Suites                                                                | FAIL |
2026-07-23 03:54:55.716970 1 test, 0 passed, 1 failed
2026-07-23 03:54:55.717044 ==============================================================================
2026-07-23 03:54:55.717049 Output:  /home/runner/work/engg-robot-testing-framework/engg-robot-testing-framework/reports/pabot_results/6/output.xml
