2026-08-28 11:39:17.255342 ==============================================================================
2026-08-28 11:39:17.282276 Suites
2026-08-28 11:39:17.282290 ==============================================================================
2026-08-28 11:39:17.282302 Suites.Auth
2026-08-28 11:39:17.282935 ==============================================================================
2026-08-28 11:39:17.282948 Suites.Auth.TC04 logout user
2026-08-28 11:39:17.282948 [ ERROR ] Error in file '/home/runner/work/engg-robot-testing-framework/engg-robot-testing-framework/tests/auth/TC04_logout_user.robot' on line 2: Importing library 'playwright_keyword_library.PlaywrightKeywordLibrary' failed: ModuleNotFoundError: No module named 'playwright_keyword_library'
2026-08-28 11:39:17.295910 ==============================================================================
2026-08-28 11:39:17.295910 Traceback (most recent call last):
2026-08-28 11:39:17.295926   None
2026-08-28 11:39:17.346018 PYTHONPATH:
2026-08-28 11:39:17.396143   /opt/hostedtoolcache/Python/3.11.16/x64/bin
2026-08-28 11:39:17.446232   /opt/hostedtoolcache/Python/3.11.16/x64/lib/python311.zip
2026-08-28 11:39:17.496331   /opt/hostedtoolcache/Python/3.11.16/x64/lib/python3.11
2026-08-28 11:39:17.546419   /opt/hostedtoolcache/Python/3.11.16/x64/lib/python3.11/lib-dynload
2026-08-28 11:39:17.596541   /opt/hostedtoolcache/Python/3.11.16/x64/lib/python3.11/site-packages
2026-08-28 11:39:17.646632 [ ERROR ] Error in file '/home/runner/work/engg-robot-testing-framework/engg-robot-testing-framework/resources/auth_keywords.resource' on line 2: Importing library 'playwright_keyword_library.PlaywrightKeywordLibrary' failed: ModuleNotFoundError: No module named 'playwright_keyword_library'
2026-08-28 11:39:17.696756 Traceback (most recent call last):
2026-08-28 11:39:17.746842   None
2026-08-28 11:39:17.796961 PYTHONPATH:
2026-08-28 11:39:17.847059   /opt/hostedtoolcache/Python/3.11.16/x64/bin
2026-08-28 11:39:17.897181   /opt/hostedtoolcache/Python/3.11.16/x64/lib/python311.zip
2026-08-28 11:39:17.947265   /opt/hostedtoolcache/Python/3.11.16/x64/lib/python3.11
2026-08-28 11:39:17.997383   /opt/hostedtoolcache/Python/3.11.16/x64/lib/python3.11/lib-dynload
2026-08-28 11:39:18.047467   /opt/hostedtoolcache/Python/3.11.16/x64/lib/python3.11/site-packages
2026-08-28 11:39:18.097589 [ ERROR ] Error in file '/home/runner/work/engg-robot-testing-framework/engg-robot-testing-framework/resources/common.resource' on line 4: Importing library 'playwright_keyword_library.PlaywrightKeywordLibrary' failed: ModuleNotFoundError: No module named 'playwright_keyword_library'
2026-08-28 11:39:18.147689 Traceback (most recent call last):
2026-08-28 11:39:18.197814   None
2026-08-28 11:39:18.247913 PYTHONPATH:
2026-08-28 11:39:18.298016   /opt/hostedtoolcache/Python/3.11.16/x64/bin
2026-08-28 11:39:18.348117   /opt/hostedtoolcache/Python/3.11.16/x64/lib/python311.zip
2026-08-28 11:39:18.398238   /opt/hostedtoolcache/Python/3.11.16/x64/lib/python3.11
2026-08-28 11:39:18.448354   /opt/hostedtoolcache/Python/3.11.16/x64/lib/python3.11/lib-dynload
2026-08-28 11:39:18.498474   /opt/hostedtoolcache/Python/3.11.16/x64/lib/python3.11/site-packages
2026-08-28 11:39:27.265938 TC04 Logout User                                                      | FAIL |
2026-08-28 11:39:27.302994 Setup failed:
2026-08-28 11:39:27.303008 No keyword with name 'Open Browser' found.
2026-08-28 11:39:27.303036 
2026-08-28 11:39:27.303044 Also teardown failed:
2026-08-28 11:39:27.303051 Several failures occurred:
2026-08-28 11:39:27.303058 
2026-08-28 11:39:27.303066 1) No keyword with name 'Register Keyword To Run On Failure' found.
2026-08-28 11:39:27.303073 
2026-08-28 11:39:27.303080 2) No keyword with name 'Close Browser' found. Did you mean:
2026-08-28 11:39:27.303087     common.Close Test Browser
2026-08-28 11:39:27.303094 ------------------------------------------------------------------------------
2026-08-28 11:39:27.303101 Suites.Auth.TC04 logout user                                          | FAIL |
2026-08-28 11:39:27.303468 1 test, 0 passed, 1 failed
2026-08-28 11:39:27.303505 ==============================================================================
2026-08-28 11:39:27.303512 Suites.Auth                                                           | FAIL |
2026-08-28 11:39:27.303769 1 test, 0 passed, 1 failed
2026-08-28 11:39:27.303802 ==============================================================================
2026-08-28 11:39:27.303809 Suites                                                                | FAIL |
2026-08-28 11:39:27.304016 1 test, 0 passed, 1 failed
2026-08-28 11:39:27.304049 ==============================================================================
2026-08-28 11:39:27.304059 Output:  /home/runner/work/engg-robot-testing-framework/engg-robot-testing-framework/reports/pabot_results/3/output.xml
