[INFO]    Initialized logging in reports/pabot_results
[INFO]    Robot Framework remote server at 127.0.0.1:8270 started.
[DEBUG]   2026-06-07 05:07:08.360803 [PID:2371] [0] [ID:0] EXECUTING Suites.Auth.TC01 register user
[DEBUG]   2026-06-07 05:07:08.362694 [PID:2372] [1] [ID:1] EXECUTING Suites.Auth.TC02 login valid
[DEBUG]   2026-06-07 05:07:13.367723 [PID:2371] [0] [ID:0] still running Suites.Auth.TC01 register user after 5.0s
[DEBUG]   2026-06-07 05:07:13.368509 [PID:2372] [1] [ID:1] still running Suites.Auth.TC02 login valid after 5.0s
[DEBUG]   2026-06-07 05:07:23.384345 [PID:2371] [0] [ID:0] still running Suites.Auth.TC01 register user after 15.0s
[DEBUG]   2026-06-07 05:07:23.392401 [PID:2372] [1] [ID:1] still running Suites.Auth.TC02 login valid after 15.0s
[DEBUG]   2026-06-07 05:07:38.403509 [PID:2371] [0] [ID:0] still running Suites.Auth.TC01 register user after 30.0s
[DEBUG]   2026-06-07 05:07:38.410958 [PID:2372] [1] [ID:1] still running Suites.Auth.TC02 login valid after 30.0s
[INFO]    2026-06-07 05:07:44.813804 [PID:2371] [0] [ID:0] PASSED Suites.Auth.TC01 register user in 36.5 seconds
[DEBUG]   2026-06-07 05:07:44.819254 [PID:2856] [0] [ID:2] EXECUTING Suites.Auth.TC03 login invalid
[INFO]    2026-06-07 05:07:49.228498 [PID:2372] [1] [ID:1] PASSED Suites.Auth.TC02 login valid in 40.9 seconds
[DEBUG]   2026-06-07 05:07:49.233294 [PID:3038] [1] [ID:3] EXECUTING Suites.Auth.TC04 logout user
[DEBUG]   2026-06-07 05:07:49.831156 [PID:2856] [0] [ID:2] still running Suites.Auth.TC03 login invalid after 5.0s
[DEBUG]   2026-06-07 05:07:54.243095 [PID:3038] [1] [ID:3] still running Suites.Auth.TC04 logout user after 5.0s
[DEBUG]   2026-06-07 05:07:59.844817 [PID:2856] [0] [ID:2] still running Suites.Auth.TC03 login invalid after 15.0s
[INFO]    2026-06-07 05:08:00.248770 [PID:2856] [0] [ID:2] PASSED Suites.Auth.TC03 login invalid in 15.4 seconds
[DEBUG]   2026-06-07 05:08:00.254760 [PID:3272] [0] [ID:4] EXECUTING Suites.Auth.TC05 register existing email
[DEBUG]   2026-06-07 05:08:04.254562 [PID:3038] [1] [ID:3] still running Suites.Auth.TC04 logout user after 15.0s
[DEBUG]   2026-06-07 05:08:05.265943 [PID:3272] [0] [ID:4] still running Suites.Auth.TC05 register existing email after 5.0s
[DEBUG]   2026-06-07 05:08:15.275781 [PID:3272] [0] [ID:4] still running Suites.Auth.TC05 register existing email after 15.0s
[DEBUG]   2026-06-07 05:08:19.271821 [PID:3038] [1] [ID:3] still running Suites.Auth.TC04 logout user after 30.0s
[INFO]    2026-06-07 05:08:21.384904 [PID:3038] [1] [ID:3] PASSED Suites.Auth.TC04 logout user in 32.2 seconds
[DEBUG]   2026-06-07 05:08:21.391089 [PID:3584] [1] [ID:5] EXECUTING Suites.Cart.TC12 add products to cart
[DEBUG]   2026-06-07 05:08:26.398527 [PID:3584] [1] [ID:5] still running Suites.Cart.TC12 add products to cart after 5.0s
[DEBUG]   2026-06-07 05:08:30.298841 [PID:3272] [0] [ID:4] still running Suites.Auth.TC05 register existing email after 30.0s
[INFO]    2026-06-07 05:08:34.908589 [PID:3272] [0] [ID:4] PASSED Suites.Auth.TC05 register existing email in 34.7 seconds
[DEBUG]   2026-06-07 05:08:34.914342 [PID:3832] [0] [ID:6] EXECUTING Suites.Cart.TC13 verify product quantity
[DEBUG]   2026-06-07 05:08:36.409212 [PID:3584] [1] [ID:5] still running Suites.Cart.TC12 add products to cart after 15.0s
[DEBUG]   2026-06-07 05:08:39.921616 [PID:3832] [0] [ID:6] still running Suites.Cart.TC13 verify product quantity after 5.0s
[INFO]    2026-06-07 05:08:39.922294 [PID:3584] [1] [ID:5] PASSED Suites.Cart.TC12 add products to cart in 18.5 seconds
[DEBUG]   2026-06-07 05:08:39.927729 [PID:4034] [1] [ID:7] EXECUTING Suites.Cart.TC17 remove products from cart
[DEBUG]   2026-06-07 05:08:44.933326 [PID:4034] [1] [ID:7] still running Suites.Cart.TC17 remove products from cart after 5.0s
[INFO]    2026-06-07 05:08:48.233853 [PID:3832] [0] [ID:6] PASSED Suites.Cart.TC13 verify product quantity in 13.3 seconds
[DEBUG]   2026-06-07 05:08:48.240133 [PID:4269] [0] [ID:8] EXECUTING Suites.Cart.TC20 search and verify cart after login
[DEBUG]   2026-06-07 05:08:53.247524 [PID:4269] [0] [ID:8] still running Suites.Cart.TC20 search and verify cart after login after 5.0s
[DEBUG]   2026-06-07 05:08:54.949257 [PID:4034] [1] [ID:7] still running Suites.Cart.TC17 remove products from cart after 15.0s
[INFO]    2026-06-07 05:08:57.855789 [PID:4034] [1] [ID:7] PASSED Suites.Cart.TC17 remove products from cart in 17.9 seconds
[DEBUG]   2026-06-07 05:08:57.860719 [PID:4504] [1] [ID:9] EXECUTING Suites.Cart.TC22 add from recommended items
[DEBUG]   2026-06-07 05:09:02.871981 [PID:4504] [1] [ID:9] still running Suites.Cart.TC22 add from recommended items after 5.0s
[DEBUG]   2026-06-07 05:09:03.265598 [PID:4269] [0] [ID:8] still running Suites.Cart.TC20 search and verify cart after login after 15.0s
[DEBUG]   2026-06-07 05:09:12.884432 [PID:4504] [1] [ID:9] still running Suites.Cart.TC22 add from recommended items after 15.0s
[INFO]    2026-06-07 05:09:14.089109 [PID:4504] [1] [ID:9] PASSED Suites.Cart.TC22 add from recommended items in 16.2 seconds
[DEBUG]   2026-06-07 05:09:18.286530 [PID:4269] [0] [ID:8] still running Suites.Cart.TC20 search and verify cart after login after 30.0s
[INFO]    2026-06-07 05:09:26.498098 [PID:4269] [0] [ID:8] PASSED Suites.Cart.TC20 search and verify cart after login in 38.3 seconds
[INFO]    10 tests, 10 passed, 0 failed, 0 skipped.
[INFO]    ===================================================
[INFO]    Output:  /home/runner/work/engg-robot-testing-framework/engg-robot-testing-framework/reports/output.xml
[INFO]    Log:     /home/runner/work/engg-robot-testing-framework/engg-robot-testing-framework/reports/log.html
[INFO]    Report:  /home/runner/work/engg-robot-testing-framework/engg-robot-testing-framework/reports/report.html
[DEBUG]   Finalizing Pabot execution...
[DEBUG]   Stopping PabotLib process
[INFO]    Robot Framework remote server at 127.0.0.1:8270 stopped.
[DEBUG]   PabotLib process stopped
[INFO]    Total testing: 4 minutes 23.90 seconds
[INFO]    Elapsed time:  2 minutes 18.74 seconds
[DEBUG]   Logs flushed successfully.
