2026-06-20 04:52:37.128452 ==============================================================================
2026-06-20 04:52:37.145760 Suites
2026-06-20 04:52:37.145781 ==============================================================================
2026-06-20 04:52:37.145794 Suites.Cart
2026-06-20 04:52:37.146530 ==============================================================================
2026-06-20 04:52:37.246830 Suites.Cart.TC22 add from recommended items :: TC22 - Add To Cart From Reco...
2026-06-20 04:52:37.261293 ==============================================================================
2026-06-20 04:52:48.242337 TC22 Add To Cart From Recommended Items                               | FAIL |
2026-06-20 04:52:48.281565 Setup failed:
2026-06-20 04:52:48.281581 Title should have been 'Automation Exercise' but was 'One moment, please...'.
2026-06-20 04:52:48.281590 ------------------------------------------------------------------------------
2026-06-20 04:52:48.281596 Suites.Cart.TC22 add from recommended items :: TC22 - Add To Cart ... | FAIL |
2026-06-20 04:52:48.282201 1 test, 0 passed, 1 failed
2026-06-20 04:52:48.282239 ==============================================================================
2026-06-20 04:52:48.282246 Suites.Cart                                                           | FAIL |
2026-06-20 04:52:48.282761 1 test, 0 passed, 1 failed
2026-06-20 04:52:48.282769 ==============================================================================
2026-06-20 04:52:48.282776 Suites                                                                | FAIL |
2026-06-20 04:52:48.282815 1 test, 0 passed, 1 failed
2026-06-20 04:52:48.282852 ==============================================================================
2026-06-20 04:52:48.282858 Output:  /home/runner/work/engg-robot-testing-framework/engg-robot-testing-framework/reports/pabot_results/9/output.xml
