2026-07-22 03:57:49.256224 ==============================================================================
2026-07-22 03:57:49.299912 Suites
2026-07-22 03:57:49.299930 ==============================================================================
2026-07-22 03:57:49.299940 Suites.Cart
2026-07-22 03:57:49.300559 ==============================================================================
2026-07-22 03:57:49.300572 Suites.Cart.TC13 verify product quantity :: TC13 - Verify Product Quantity ...
2026-07-22 03:57:49.300572 [ ERROR ] Error in file '/home/runner/work/engg-robot-testing-framework/engg-robot-testing-framework/resources/common.resource' on line 4: Importing library 'playwright_keyword_library.PlaywrightKeywordLibrary' failed: ModuleNotFoundError: No module named 'playwright_keyword_library'
2026-07-22 03:57:49.323640 ==============================================================================
2026-07-22 03:57:49.323640 Traceback (most recent call last):
2026-07-22 03:57:49.323659   None
2026-07-22 03:57:49.373793 PYTHONPATH:
2026-07-22 03:57:49.424000   /opt/hostedtoolcache/Python/3.11.15/x64/bin
2026-07-22 03:57:49.474171   /opt/hostedtoolcache/Python/3.11.15/x64/lib/python311.zip
2026-07-22 03:57:49.524381   /opt/hostedtoolcache/Python/3.11.15/x64/lib/python3.11
2026-07-22 03:57:49.574550   /opt/hostedtoolcache/Python/3.11.15/x64/lib/python3.11/lib-dynload
2026-07-22 03:57:49.624740   /opt/hostedtoolcache/Python/3.11.15/x64/lib/python3.11/site-packages
2026-07-22 03:57:49.674906 [ ERROR ] Error in file '/home/runner/work/engg-robot-testing-framework/engg-robot-testing-framework/resources/product_keywords.resource' on line 2: Importing library 'playwright_keyword_library.PlaywrightKeywordLibrary' failed: ModuleNotFoundError: No module named 'playwright_keyword_library'
2026-07-22 03:57:49.725125 Traceback (most recent call last):
2026-07-22 03:57:49.775286   None
2026-07-22 03:57:49.825493 PYTHONPATH:
2026-07-22 03:57:49.875666   /opt/hostedtoolcache/Python/3.11.15/x64/bin
2026-07-22 03:57:49.925877   /opt/hostedtoolcache/Python/3.11.15/x64/lib/python311.zip
2026-07-22 03:57:49.976047   /opt/hostedtoolcache/Python/3.11.15/x64/lib/python3.11
2026-07-22 03:57:50.026273   /opt/hostedtoolcache/Python/3.11.15/x64/lib/python3.11/lib-dynload
2026-07-22 03:57:50.076447   /opt/hostedtoolcache/Python/3.11.15/x64/lib/python3.11/site-packages
2026-07-22 03:57:50.126653 [ ERROR ] Error in file '/home/runner/work/engg-robot-testing-framework/engg-robot-testing-framework/resources/cart_keywords.resource' on line 2: Importing library 'playwright_keyword_library.PlaywrightKeywordLibrary' failed: ModuleNotFoundError: No module named 'playwright_keyword_library'
2026-07-22 03:57:50.176839 Traceback (most recent call last):
2026-07-22 03:57:50.227038   None
2026-07-22 03:57:50.277235 PYTHONPATH:
2026-07-22 03:57:50.327443   /opt/hostedtoolcache/Python/3.11.15/x64/bin
2026-07-22 03:57:50.377629   /opt/hostedtoolcache/Python/3.11.15/x64/lib/python311.zip
2026-07-22 03:57:50.427843   /opt/hostedtoolcache/Python/3.11.15/x64/lib/python3.11
2026-07-22 03:57:50.478009   /opt/hostedtoolcache/Python/3.11.15/x64/lib/python3.11/lib-dynload
2026-07-22 03:57:50.528227   /opt/hostedtoolcache/Python/3.11.15/x64/lib/python3.11/site-packages
2026-07-22 03:57:59.302390 TC13 Verify Product Quantity In Cart                                  | FAIL |
2026-07-22 03:57:59.332827 Setup failed:
2026-07-22 03:57:59.332839 No keyword with name 'Open Browser' found.
2026-07-22 03:57:59.332845 
2026-07-22 03:57:59.332851 Also teardown failed:
2026-07-22 03:57:59.332856 Several failures occurred:
2026-07-22 03:57:59.332862 
2026-07-22 03:57:59.332867 1) No keyword with name 'Register Keyword To Run On Failure' found.
2026-07-22 03:57:59.332873 
2026-07-22 03:57:59.332878 2) No keyword with name 'Close Browser' found. Did you mean:
2026-07-22 03:57:59.332884     common.Close Test Browser
2026-07-22 03:57:59.332889 ------------------------------------------------------------------------------
2026-07-22 03:57:59.332894 Suites.Cart.TC13 verify product quantity :: TC13 - Verify Product ... | FAIL |
2026-07-22 03:57:59.333254 1 test, 0 passed, 1 failed
2026-07-22 03:57:59.333271 ==============================================================================
2026-07-22 03:57:59.333308 Suites.Cart                                                           | FAIL |
2026-07-22 03:57:59.333482 1 test, 0 passed, 1 failed
2026-07-22 03:57:59.333487 ==============================================================================
2026-07-22 03:57:59.333493 Suites                                                                | FAIL |
2026-07-22 03:57:59.333668 1 test, 0 passed, 1 failed
2026-07-22 03:57:59.333701 ==============================================================================
2026-07-22 03:57:59.333707 Output:  /home/runner/work/engg-robot-testing-framework/engg-robot-testing-framework/reports/pabot_results/6/output.xml
