2026-05-27 04:55:27.703070 ==============================================================================
2026-05-27 04:55:27.726295 Suites
2026-05-27 04:55:27.726322 ==============================================================================
2026-05-27 04:55:27.726335 Suites.Auth
2026-05-27 04:55:27.727020 ==============================================================================
2026-05-27 04:55:27.877447 Suites.Auth.TC01 register user
2026-05-27 04:55:27.900641 ==============================================================================
2026-05-27 04:56:52.214105 TC01 Register User                                                    | FAIL |
2026-05-27 04:56:52.260253 Element 'css=li a b' did not appear in 45 seconds.
2026-05-27 04:56:52.260278 ------------------------------------------------------------------------------
2026-05-27 04:56:52.260289 Suites.Auth.TC01 register user                                        | FAIL |
2026-05-27 04:56:52.260848 1 test, 0 passed, 1 failed
2026-05-27 04:56:52.260857 ==============================================================================
2026-05-27 04:56:52.260866 Suites.Auth                                                           | FAIL |
2026-05-27 04:56:52.261177 1 test, 0 passed, 1 failed
2026-05-27 04:56:52.261186 ==============================================================================
2026-05-27 04:56:52.261194 Suites                                                                | FAIL |
2026-05-27 04:56:52.261652 1 test, 0 passed, 1 failed
2026-05-27 04:56:52.261662 ==============================================================================
2026-05-27 04:56:52.261670 Output:  /home/runner/work/engg-robot-testing-framework/engg-robot-testing-framework/reports/pabot_results/0/output.xml
