[INFO]    Initialized logging in reports/pabot_results
[INFO]    Robot Framework remote server at 127.0.0.1:8270 started.
[DEBUG]   2026-06-11 05:09:13.838706 [PID:2430] [0] [ID:0] EXECUTING Suites.Auth.TC01 register user
[DEBUG]   2026-06-11 05:09:13.840630 [PID:2431] [1] [ID:1] EXECUTING Suites.Auth.TC02 login valid
[DEBUG]   2026-06-11 05:09:18.846624 [PID:2430] [0] [ID:0] still running Suites.Auth.TC01 register user after 5.0s
[DEBUG]   2026-06-11 05:09:18.846851 [PID:2431] [1] [ID:1] still running Suites.Auth.TC02 login valid after 5.0s
[DEBUG]   2026-06-11 05:09:28.858964 [PID:2431] [1] [ID:1] still running Suites.Auth.TC02 login valid after 15.0s
[DEBUG]   2026-06-11 05:09:28.859040 [PID:2430] [0] [ID:0] still running Suites.Auth.TC01 register user after 15.0s
[DEBUG]   2026-06-11 05:09:43.885365 [PID:2431] [1] [ID:1] still running Suites.Auth.TC02 login valid after 30.0s
[DEBUG]   2026-06-11 05:09:43.889763 [PID:2430] [0] [ID:0] still running Suites.Auth.TC01 register user after 30.0s
[DEBUG]   2026-06-11 05:10:03.914560 [PID:2431] [1] [ID:1] still running Suites.Auth.TC02 login valid after 50.0s
[DEBUG]   2026-06-11 05:10:03.914626 [PID:2430] [0] [ID:0] still running Suites.Auth.TC01 register user after 50.0s
[INFO]    2026-06-11 05:10:04.718442 [PID:2430] [0] [ID:0] PASSED Suites.Auth.TC01 register user in 50.9 seconds
[DEBUG]   2026-06-11 05:10:04.725048 [PID:2918] [0] [ID:2] EXECUTING Suites.Auth.TC03 login invalid
[INFO]    2026-06-11 05:10:07.729508 [PID:2431] [1] [ID:1] PASSED Suites.Auth.TC02 login valid in 53.9 seconds
[DEBUG]   2026-06-11 05:10:07.736474 [PID:3094] [1] [ID:3] EXECUTING Suites.Auth.TC04 logout user
[DEBUG]   2026-06-11 05:10:09.742848 [PID:2918] [0] [ID:2] still running Suites.Auth.TC03 login invalid after 5.0s
[DEBUG]   2026-06-11 05:10:12.749857 [PID:3094] [1] [ID:3] still running Suites.Auth.TC04 logout user after 5.0s
[DEBUG]   2026-06-11 05:10:19.758258 [PID:2918] [0] [ID:2] still running Suites.Auth.TC03 login invalid after 15.0s
[INFO]    2026-06-11 05:10:22.164914 [PID:2918] [0] [ID:2] PASSED Suites.Auth.TC03 login invalid in 17.4 seconds
[DEBUG]   2026-06-11 05:10:22.170141 [PID:3399] [0] [ID:4] EXECUTING Suites.Auth.TC05 register existing email
[DEBUG]   2026-06-11 05:10:22.767533 [PID:3094] [1] [ID:3] still running Suites.Auth.TC04 logout user after 15.0s
[DEBUG]   2026-06-11 05:10:27.178655 [PID:3399] [0] [ID:4] still running Suites.Auth.TC05 register existing email after 5.0s
[DEBUG]   2026-06-11 05:10:37.187912 [PID:3399] [0] [ID:4] still running Suites.Auth.TC05 register existing email after 15.0s
[DEBUG]   2026-06-11 05:10:37.786687 [PID:3094] [1] [ID:3] still running Suites.Auth.TC04 logout user after 30.0s
[INFO]    2026-06-11 05:10:42.796336 [PID:3094] [1] [ID:3] PASSED Suites.Auth.TC04 logout user in 35.1 seconds
[DEBUG]   2026-06-11 05:10:42.801235 [PID:3652] [1] [ID:5] EXECUTING Suites.Cart.TC12 add products to cart
[DEBUG]   2026-06-11 05:10:47.814446 [PID:3652] [1] [ID:5] still running Suites.Cart.TC12 add products to cart after 5.0s
[DEBUG]   2026-06-11 05:10:52.207113 [PID:3399] [0] [ID:4] still running Suites.Auth.TC05 register existing email after 30.0s
[DEBUG]   2026-06-11 05:10:57.825751 [PID:3652] [1] [ID:5] still running Suites.Cart.TC12 add products to cart after 15.0s
[INFO]    2026-06-11 05:10:59.918569 [PID:3399] [0] [ID:4] PASSED Suites.Auth.TC05 register existing email in 37.8 seconds
[DEBUG]   2026-06-11 05:10:59.923720 [PID:3900] [0] [ID:6] EXECUTING Suites.Cart.TC13 verify product quantity
[INFO]    2026-06-11 05:11:02.633515 [PID:3652] [1] [ID:5] PASSED Suites.Cart.TC12 add products to cart in 19.8 seconds
[DEBUG]   2026-06-11 05:11:02.639157 [PID:4062] [1] [ID:7] EXECUTING Suites.Cart.TC17 remove products from cart
[DEBUG]   2026-06-11 05:11:04.933810 [PID:3900] [0] [ID:6] still running Suites.Cart.TC13 verify product quantity after 5.0s
[DEBUG]   2026-06-11 05:11:07.648907 [PID:4062] [1] [ID:7] still running Suites.Cart.TC17 remove products from cart after 5.0s
[INFO]    2026-06-11 05:11:13.749855 [PID:3900] [0] [ID:6] PASSED Suites.Cart.TC13 verify product quantity in 13.8 seconds
[DEBUG]   2026-06-11 05:11:13.755716 [PID:4311] [0] [ID:8] EXECUTING Suites.Cart.TC20 search and verify cart after login
[DEBUG]   2026-06-11 05:11:17.663525 [PID:4062] [1] [ID:7] still running Suites.Cart.TC17 remove products from cart after 15.0s
[DEBUG]   2026-06-11 05:11:18.765134 [PID:4311] [0] [ID:8] still running Suites.Cart.TC20 search and verify cart after login after 5.0s
[INFO]    2026-06-11 05:11:22.574014 [PID:4062] [1] [ID:7] PASSED Suites.Cart.TC17 remove products from cart in 19.9 seconds
[DEBUG]   2026-06-11 05:11:22.579873 [PID:4547] [1] [ID:9] EXECUTING Suites.Cart.TC22 add from recommended items
[DEBUG]   2026-06-11 05:11:27.592605 [PID:4547] [1] [ID:9] still running Suites.Cart.TC22 add from recommended items after 5.0s
[DEBUG]   2026-06-11 05:11:28.784825 [PID:4311] [0] [ID:8] still running Suites.Cart.TC20 search and verify cart after login after 15.0s
[DEBUG]   2026-06-11 05:11:37.604938 [PID:4547] [1] [ID:9] still running Suites.Cart.TC22 add from recommended items after 15.0s
[INFO]    2026-06-11 05:11:41.112826 [PID:4547] [1] [ID:9] PASSED Suites.Cart.TC22 add from recommended items in 18.5 seconds
[DEBUG]   2026-06-11 05:11:43.805099 [PID:4311] [0] [ID:8] still running Suites.Cart.TC20 search and verify cart after login after 30.0s
[INFO]    2026-06-11 05:11:52.717999 [PID:4311] [0] [ID:8] PASSED Suites.Cart.TC20 search and verify cart after login in 39.0 seconds
[INFO]    10 tests, 10 passed, 0 failed, 0 skipped.
[INFO]    ===================================================
[INFO]    Output:  /home/runner/work/engg-robot-testing-framework/engg-robot-testing-framework/reports/output.xml
[INFO]    Log:     /home/runner/work/engg-robot-testing-framework/engg-robot-testing-framework/reports/log.html
[INFO]    Report:  /home/runner/work/engg-robot-testing-framework/engg-robot-testing-framework/reports/report.html
[DEBUG]   Finalizing Pabot execution...
[DEBUG]   Stopping PabotLib process
[INFO]    Robot Framework remote server at 127.0.0.1:8270 stopped.
[DEBUG]   PabotLib process stopped
[INFO]    Total testing: 5 minutes 6.10 seconds
[INFO]    Elapsed time:  2 minutes 39.45 seconds
[DEBUG]   Logs flushed successfully.
