2026-09-08 05:00:54.381261 ==============================================================================
2026-09-08 05:00:54.402695 Suites
2026-09-08 05:00:54.402717 ==============================================================================
2026-09-08 05:00:54.402733 Suites.Cart
2026-09-08 05:00:54.403569 ==============================================================================
2026-09-08 05:00:54.403589 Suites.Cart.TC17 remove products from cart :: TC17 - Remove Products From Cart
2026-09-08 05:00:54.403589 [ ERROR ] Error in file '/home/runner/work/engg-robot-testing-framework/engg-robot-testing-framework/resources/common.resource' on line 4: Importing library 'playwright_keyword_library.PlaywrightKeywordLibrary' failed: ModuleNotFoundError: No module named 'playwright_keyword_library'
2026-09-08 05:00:54.434039 ==============================================================================
2026-09-08 05:00:54.434039 Traceback (most recent call last):
2026-09-08 05:00:54.434065   None
2026-09-08 05:00:54.484131 PYTHONPATH:
2026-09-08 05:00:54.534261   /opt/hostedtoolcache/Python/3.11.16/x64/bin
2026-09-08 05:00:54.584368   /opt/hostedtoolcache/Python/3.11.16/x64/lib/python311.zip
2026-09-08 05:00:54.634489   /opt/hostedtoolcache/Python/3.11.16/x64/lib/python3.11
2026-09-08 05:00:54.684590   /opt/hostedtoolcache/Python/3.11.16/x64/lib/python3.11/lib-dynload
2026-09-08 05:00:54.734726   /opt/hostedtoolcache/Python/3.11.16/x64/lib/python3.11/site-packages
2026-09-08 05:00:54.784858 [ ERROR ] Error in file '/home/runner/work/engg-robot-testing-framework/engg-robot-testing-framework/resources/product_keywords.resource' on line 2: Importing library 'playwright_keyword_library.PlaywrightKeywordLibrary' failed: ModuleNotFoundError: No module named 'playwright_keyword_library'
2026-09-08 05:00:54.835018 Traceback (most recent call last):
2026-09-08 05:00:54.885156   None
2026-09-08 05:00:54.935303 PYTHONPATH:
2026-09-08 05:00:54.985411   /opt/hostedtoolcache/Python/3.11.16/x64/bin
2026-09-08 05:00:55.035557   /opt/hostedtoolcache/Python/3.11.16/x64/lib/python311.zip
2026-09-08 05:00:55.085706   /opt/hostedtoolcache/Python/3.11.16/x64/lib/python3.11
2026-09-08 05:00:55.135865   /opt/hostedtoolcache/Python/3.11.16/x64/lib/python3.11/lib-dynload
2026-09-08 05:00:55.186085   /opt/hostedtoolcache/Python/3.11.16/x64/lib/python3.11/site-packages
2026-09-08 05:00:55.236222 [ ERROR ] Error in file '/home/runner/work/engg-robot-testing-framework/engg-robot-testing-framework/resources/cart_keywords.resource' on line 2: Importing library 'playwright_keyword_library.PlaywrightKeywordLibrary' failed: ModuleNotFoundError: No module named 'playwright_keyword_library'
2026-09-08 05:00:55.286381 Traceback (most recent call last):
2026-09-08 05:00:55.336538   None
2026-09-08 05:00:55.386687 PYTHONPATH:
2026-09-08 05:00:55.436838   /opt/hostedtoolcache/Python/3.11.16/x64/bin
2026-09-08 05:00:55.486940   /opt/hostedtoolcache/Python/3.11.16/x64/lib/python311.zip
2026-09-08 05:00:55.537087   /opt/hostedtoolcache/Python/3.11.16/x64/lib/python3.11
2026-09-08 05:00:55.587234   /opt/hostedtoolcache/Python/3.11.16/x64/lib/python3.11/lib-dynload
2026-09-08 05:00:55.637391   /opt/hostedtoolcache/Python/3.11.16/x64/lib/python3.11/site-packages
2026-09-08 05:01:04.410653 TC17 Remove Products From Cart                                        | FAIL |
2026-09-08 05:01:04.445743 Setup failed:
2026-09-08 05:01:04.445764 No keyword with name 'Open Browser' found.
2026-09-08 05:01:04.445779 
2026-09-08 05:01:04.445793 Also teardown failed:
2026-09-08 05:01:04.445806 Several failures occurred:
2026-09-08 05:01:04.445818 
2026-09-08 05:01:04.445829 1) No keyword with name 'Register Keyword To Run On Failure' found.
2026-09-08 05:01:04.445842 
2026-09-08 05:01:04.445852 2) No keyword with name 'Close Browser' found. Did you mean:
2026-09-08 05:01:04.445864     common.Close Test Browser
2026-09-08 05:01:04.445875 ------------------------------------------------------------------------------
2026-09-08 05:01:04.445888 Suites.Cart.TC17 remove products from cart :: TC17 - Remove Produc... | FAIL |
2026-09-08 05:01:04.446445 1 test, 0 passed, 1 failed
2026-09-08 05:01:04.446463 ==============================================================================
2026-09-08 05:01:04.446477 Suites.Cart                                                           | FAIL |
2026-09-08 05:01:04.446847 1 test, 0 passed, 1 failed
2026-09-08 05:01:04.446871 ==============================================================================
2026-09-08 05:01:04.446935 Suites                                                                | FAIL |
2026-09-08 05:01:04.447254 1 test, 0 passed, 1 failed
2026-09-08 05:01:04.447278 ==============================================================================
2026-09-08 05:01:04.447330 Output:  /home/runner/work/engg-robot-testing-framework/engg-robot-testing-framework/reports/pabot_results/7/output.xml
