2026-09-09 05:00:21.827117 ==============================================================================
2026-09-09 05:00:21.830364 Suites
2026-09-09 05:00:21.830381 ==============================================================================
2026-09-09 05:00:21.830392 Suites.Auth
2026-09-09 05:00:21.831165 ==============================================================================
2026-09-09 05:00:21.831181 Suites.Auth.TC02 login valid
2026-09-09 05:00:21.831181 [ ERROR ] Error in file '/home/runner/work/engg-robot-testing-framework/engg-robot-testing-framework/tests/auth/TC02_login_valid.robot' on line 2: Importing library 'playwright_keyword_library.PlaywrightKeywordLibrary' failed: ModuleNotFoundError: No module named 'playwright_keyword_library'
2026-09-09 05:00:21.847091 ==============================================================================
2026-09-09 05:00:21.847091 Traceback (most recent call last):
2026-09-09 05:00:21.847112   None
2026-09-09 05:00:21.897199 PYTHONPATH:
2026-09-09 05:00:21.947288   /opt/hostedtoolcache/Python/3.11.16/x64/bin
2026-09-09 05:00:21.997374   /opt/hostedtoolcache/Python/3.11.16/x64/lib/python311.zip
2026-09-09 05:00:22.047733   /opt/hostedtoolcache/Python/3.11.16/x64/lib/python3.11
2026-09-09 05:00:22.097916   /opt/hostedtoolcache/Python/3.11.16/x64/lib/python3.11/lib-dynload
2026-09-09 05:00:22.148058   /opt/hostedtoolcache/Python/3.11.16/x64/lib/python3.11/site-packages
2026-09-09 05:00:22.198271 [ ERROR ] Error in file '/home/runner/work/engg-robot-testing-framework/engg-robot-testing-framework/resources/auth_keywords.resource' on line 2: Importing library 'playwright_keyword_library.PlaywrightKeywordLibrary' failed: ModuleNotFoundError: No module named 'playwright_keyword_library'
2026-09-09 05:00:22.248418 Traceback (most recent call last):
2026-09-09 05:00:22.298528   None
2026-09-09 05:00:22.348745 PYTHONPATH:
2026-09-09 05:00:22.398886   /opt/hostedtoolcache/Python/3.11.16/x64/bin
2026-09-09 05:00:22.449189   /opt/hostedtoolcache/Python/3.11.16/x64/lib/python311.zip
2026-09-09 05:00:22.499427   /opt/hostedtoolcache/Python/3.11.16/x64/lib/python3.11
2026-09-09 05:00:22.549677   /opt/hostedtoolcache/Python/3.11.16/x64/lib/python3.11/lib-dynload
2026-09-09 05:00:22.599916   /opt/hostedtoolcache/Python/3.11.16/x64/lib/python3.11/site-packages
2026-09-09 05:00:22.650177 [ ERROR ] Error in file '/home/runner/work/engg-robot-testing-framework/engg-robot-testing-framework/resources/common.resource' on line 4: Importing library 'playwright_keyword_library.PlaywrightKeywordLibrary' failed: ModuleNotFoundError: No module named 'playwright_keyword_library'
2026-09-09 05:00:22.700389 Traceback (most recent call last):
2026-09-09 05:00:22.750756   None
2026-09-09 05:00:22.800904 PYTHONPATH:
2026-09-09 05:00:22.851055   /opt/hostedtoolcache/Python/3.11.16/x64/bin
2026-09-09 05:00:22.901190   /opt/hostedtoolcache/Python/3.11.16/x64/lib/python311.zip
2026-09-09 05:00:22.951348   /opt/hostedtoolcache/Python/3.11.16/x64/lib/python3.11
2026-09-09 05:00:23.001488   /opt/hostedtoolcache/Python/3.11.16/x64/lib/python3.11/lib-dynload
2026-09-09 05:00:23.051766   /opt/hostedtoolcache/Python/3.11.16/x64/lib/python3.11/site-packages
2026-09-09 05:00:31.828670 TC02 Login User With Correct Email And Password                       | FAIL |
2026-09-09 05:00:31.857147 Setup failed:
2026-09-09 05:00:31.857156 No keyword with name 'Open Browser' found.
2026-09-09 05:00:31.857163 
2026-09-09 05:00:31.857170 Also teardown failed:
2026-09-09 05:00:31.857176 Several failures occurred:
2026-09-09 05:00:31.857183 
2026-09-09 05:00:31.857195 1) No keyword with name 'Register Keyword To Run On Failure' found.
2026-09-09 05:00:31.857202 
2026-09-09 05:00:31.857208 2) No keyword with name 'Close Browser' found. Did you mean:
2026-09-09 05:00:31.857215     common.Close Test Browser
2026-09-09 05:00:31.857221 ------------------------------------------------------------------------------
2026-09-09 05:00:31.857228 Suites.Auth.TC02 login valid                                          | FAIL |
2026-09-09 05:00:31.857903 1 test, 0 passed, 1 failed
2026-09-09 05:00:31.857979 ==============================================================================
2026-09-09 05:00:31.857989 Suites.Auth                                                           | FAIL |
2026-09-09 05:00:31.858581 1 test, 0 passed, 1 failed
2026-09-09 05:00:31.858641 ==============================================================================
2026-09-09 05:00:31.858649 Suites                                                                | FAIL |
2026-09-09 05:00:31.860044 1 test, 0 passed, 1 failed
2026-09-09 05:00:31.860053 ==============================================================================
2026-09-09 05:00:31.860061 Output:  /home/runner/work/engg-robot-testing-framework/engg-robot-testing-framework/reports/pabot_results/1/output.xml
