2026-07-29 03:49:00.493400 ==============================================================================
2026-07-29 03:49:00.517865 Suites
2026-07-29 03:49:00.517884 ==============================================================================
2026-07-29 03:49:00.517899 Suites.Auth
2026-07-29 03:49:00.518705 ==============================================================================
2026-07-29 03:49:00.518722 Suites.Auth.TC02 login valid
2026-07-29 03:49:00.518722 [ ERROR ] Error in file '/home/runner/work/engg-robot-testing-framework/engg-robot-testing-framework/tests/auth/TC02_login_valid.robot' on line 2: Importing library 'playwright_keyword_library.PlaywrightKeywordLibrary' failed: ModuleNotFoundError: No module named 'playwright_keyword_library'
2026-07-29 03:49:00.536393 ==============================================================================
2026-07-29 03:49:00.536393 Traceback (most recent call last):
2026-07-29 03:49:00.536422   None
2026-07-29 03:49:00.586519 PYTHONPATH:
2026-07-29 03:49:00.636666   /opt/hostedtoolcache/Python/3.11.15/x64/bin
2026-07-29 03:49:00.686813   /opt/hostedtoolcache/Python/3.11.15/x64/lib/python311.zip
2026-07-29 03:49:00.736954   /opt/hostedtoolcache/Python/3.11.15/x64/lib/python3.11
2026-07-29 03:49:00.787094   /opt/hostedtoolcache/Python/3.11.15/x64/lib/python3.11/lib-dynload
2026-07-29 03:49:00.837242   /opt/hostedtoolcache/Python/3.11.15/x64/lib/python3.11/site-packages
2026-07-29 03:49:00.887403 [ ERROR ] Error in file '/home/runner/work/engg-robot-testing-framework/engg-robot-testing-framework/resources/auth_keywords.resource' on line 2: Importing library 'playwright_keyword_library.PlaywrightKeywordLibrary' failed: ModuleNotFoundError: No module named 'playwright_keyword_library'
2026-07-29 03:49:00.937546 Traceback (most recent call last):
2026-07-29 03:49:00.987699   None
2026-07-29 03:49:01.037805 PYTHONPATH:
2026-07-29 03:49:01.087949   /opt/hostedtoolcache/Python/3.11.15/x64/bin
2026-07-29 03:49:01.138088   /opt/hostedtoolcache/Python/3.11.15/x64/lib/python311.zip
2026-07-29 03:49:01.188235   /opt/hostedtoolcache/Python/3.11.15/x64/lib/python3.11
2026-07-29 03:49:01.238401   /opt/hostedtoolcache/Python/3.11.15/x64/lib/python3.11/lib-dynload
2026-07-29 03:49:01.288527   /opt/hostedtoolcache/Python/3.11.15/x64/lib/python3.11/site-packages
2026-07-29 03:49:01.338678 [ ERROR ] Error in file '/home/runner/work/engg-robot-testing-framework/engg-robot-testing-framework/resources/common.resource' on line 4: Importing library 'playwright_keyword_library.PlaywrightKeywordLibrary' failed: ModuleNotFoundError: No module named 'playwright_keyword_library'
2026-07-29 03:49:01.388821 Traceback (most recent call last):
2026-07-29 03:49:01.438959   None
2026-07-29 03:49:01.489098 PYTHONPATH:
2026-07-29 03:49:01.539252   /opt/hostedtoolcache/Python/3.11.15/x64/bin
2026-07-29 03:49:01.589437   /opt/hostedtoolcache/Python/3.11.15/x64/lib/python311.zip
2026-07-29 03:49:01.639579   /opt/hostedtoolcache/Python/3.11.15/x64/lib/python3.11
2026-07-29 03:49:01.689717   /opt/hostedtoolcache/Python/3.11.15/x64/lib/python3.11/lib-dynload
2026-07-29 03:49:01.739857   /opt/hostedtoolcache/Python/3.11.15/x64/lib/python3.11/site-packages
2026-07-29 03:49:10.511625 TC02 Login User With Correct Email And Password                       | FAIL |
2026-07-29 03:49:10.546335 Setup failed:
2026-07-29 03:49:10.546353 No keyword with name 'Open Browser' found.
2026-07-29 03:49:10.546385 
2026-07-29 03:49:10.546398 Also teardown failed:
2026-07-29 03:49:10.546410 Several failures occurred:
2026-07-29 03:49:10.546420 
2026-07-29 03:49:10.546431 1) No keyword with name 'Register Keyword To Run On Failure' found.
2026-07-29 03:49:10.546443 
2026-07-29 03:49:10.546452 2) No keyword with name 'Close Browser' found. Did you mean:
2026-07-29 03:49:10.546462     common.Close Test Browser
2026-07-29 03:49:10.546472 ------------------------------------------------------------------------------
2026-07-29 03:49:10.546481 Suites.Auth.TC02 login valid                                          | FAIL |
2026-07-29 03:49:10.546964 1 test, 0 passed, 1 failed
2026-07-29 03:49:10.547021 ==============================================================================
2026-07-29 03:49:10.547033 Suites.Auth                                                           | FAIL |
2026-07-29 03:49:10.547339 1 test, 0 passed, 1 failed
2026-07-29 03:49:10.547358 ==============================================================================
2026-07-29 03:49:10.547430 Suites                                                                | FAIL |
2026-07-29 03:49:10.547674 1 test, 0 passed, 1 failed
2026-07-29 03:49:10.547724 ==============================================================================
2026-07-29 03:49:10.547735 Output:  /home/runner/work/engg-robot-testing-framework/engg-robot-testing-framework/reports/pabot_results/1/output.xml
