2026-07-17 03:47:01.595295 ==============================================================================
2026-07-17 03:47:01.617300 Suites
2026-07-17 03:47:01.617327 ==============================================================================
2026-07-17 03:47:01.617379 Suites.Cart
2026-07-17 03:47:01.618104 ==============================================================================
2026-07-17 03:47:01.618121 Suites.Cart.TC17 remove products from cart :: TC17 - Remove Products From Cart
2026-07-17 03:47:01.618121 [ ERROR ] Error in file '/home/runner/work/engg-robot-testing-framework/engg-robot-testing-framework/resources/common.resource' on line 4: Importing library 'playwright_keyword_library.PlaywrightKeywordLibrary' failed: ModuleNotFoundError: No module named 'playwright_keyword_library'
2026-07-17 03:47:01.649172 ==============================================================================
2026-07-17 03:47:01.649172 Traceback (most recent call last):
2026-07-17 03:47:01.649194   None
2026-07-17 03:47:01.699327 PYTHONPATH:
2026-07-17 03:47:01.749428   /opt/hostedtoolcache/Python/3.11.15/x64/bin
2026-07-17 03:47:01.799519   /opt/hostedtoolcache/Python/3.11.15/x64/lib/python311.zip
2026-07-17 03:47:01.849615   /opt/hostedtoolcache/Python/3.11.15/x64/lib/python3.11
2026-07-17 03:47:01.899723   /opt/hostedtoolcache/Python/3.11.15/x64/lib/python3.11/lib-dynload
2026-07-17 03:47:01.949820   /opt/hostedtoolcache/Python/3.11.15/x64/lib/python3.11/site-packages
2026-07-17 03:47:01.999917 [ ERROR ] Error in file '/home/runner/work/engg-robot-testing-framework/engg-robot-testing-framework/resources/product_keywords.resource' on line 2: Importing library 'playwright_keyword_library.PlaywrightKeywordLibrary' failed: ModuleNotFoundError: No module named 'playwright_keyword_library'
2026-07-17 03:47:02.050049 Traceback (most recent call last):
2026-07-17 03:47:02.100198   None
2026-07-17 03:47:02.150348 PYTHONPATH:
2026-07-17 03:47:02.200488   /opt/hostedtoolcache/Python/3.11.15/x64/bin
2026-07-17 03:47:02.250640   /opt/hostedtoolcache/Python/3.11.15/x64/lib/python311.zip
2026-07-17 03:47:02.300787   /opt/hostedtoolcache/Python/3.11.15/x64/lib/python3.11
2026-07-17 03:47:02.350938   /opt/hostedtoolcache/Python/3.11.15/x64/lib/python3.11/lib-dynload
2026-07-17 03:47:02.401096   /opt/hostedtoolcache/Python/3.11.15/x64/lib/python3.11/site-packages
2026-07-17 03:47:02.451247 [ ERROR ] Error in file '/home/runner/work/engg-robot-testing-framework/engg-robot-testing-framework/resources/cart_keywords.resource' on line 2: Importing library 'playwright_keyword_library.PlaywrightKeywordLibrary' failed: ModuleNotFoundError: No module named 'playwright_keyword_library'
2026-07-17 03:47:02.501397 Traceback (most recent call last):
2026-07-17 03:47:02.551546   None
2026-07-17 03:47:02.601661 PYTHONPATH:
2026-07-17 03:47:02.651809   /opt/hostedtoolcache/Python/3.11.15/x64/bin
2026-07-17 03:47:02.701925   /opt/hostedtoolcache/Python/3.11.15/x64/lib/python311.zip
2026-07-17 03:47:02.752075   /opt/hostedtoolcache/Python/3.11.15/x64/lib/python3.11
2026-07-17 03:47:02.802178   /opt/hostedtoolcache/Python/3.11.15/x64/lib/python3.11/lib-dynload
2026-07-17 03:47:02.852325   /opt/hostedtoolcache/Python/3.11.15/x64/lib/python3.11/site-packages
2026-07-17 03:47:11.624184 TC17 Remove Products From Cart                                        | FAIL |
2026-07-17 03:47:11.661104 Setup failed:
2026-07-17 03:47:11.661113 No keyword with name 'Open Browser' found.
2026-07-17 03:47:11.661120 
2026-07-17 03:47:11.661127 Also teardown failed:
2026-07-17 03:47:11.661134 Several failures occurred:
2026-07-17 03:47:11.661141 
2026-07-17 03:47:11.661147 1) No keyword with name 'Register Keyword To Run On Failure' found.
2026-07-17 03:47:11.661154 
2026-07-17 03:47:11.661160 2) No keyword with name 'Close Browser' found. Did you mean:
2026-07-17 03:47:11.661166     common.Close Test Browser
2026-07-17 03:47:11.661173 ------------------------------------------------------------------------------
2026-07-17 03:47:11.661179 Suites.Cart.TC17 remove products from cart :: TC17 - Remove Produc... | FAIL |
2026-07-17 03:47:11.661949 1 test, 0 passed, 1 failed
2026-07-17 03:47:11.662017 ==============================================================================
2026-07-17 03:47:11.662026 Suites.Cart                                                           | FAIL |
2026-07-17 03:47:11.662477 1 test, 0 passed, 1 failed
2026-07-17 03:47:11.662537 ==============================================================================
2026-07-17 03:47:11.662546 Suites                                                                | FAIL |
2026-07-17 03:47:11.662891 1 test, 0 passed, 1 failed
2026-07-17 03:47:11.662949 ==============================================================================
2026-07-17 03:47:11.662957 Output:  /home/runner/work/engg-robot-testing-framework/engg-robot-testing-framework/reports/pabot_results/7/output.xml
