2026-08-18 01:57:19.867019 ==============================================================================
2026-08-18 01:57:19.878853 Suites
2026-08-18 01:57:19.878872 ==============================================================================
2026-08-18 01:57:19.878888 Suites.Auth
2026-08-18 01:57:19.879602 ==============================================================================
2026-08-18 01:57:19.879617 Suites.Auth.TC02 login valid
2026-08-18 01:57:19.879617 [ ERROR ] Error in file '/home/runner/work/engg-robot-testing-framework/engg-robot-testing-framework/tests/auth/TC02_login_valid.robot' on line 2: Importing library 'playwright_keyword_library.PlaywrightKeywordLibrary' failed: ModuleNotFoundError: No module named 'playwright_keyword_library'
2026-08-18 01:57:19.896250 ==============================================================================
2026-08-18 01:57:19.896250 Traceback (most recent call last):
2026-08-18 01:57:19.896272   None
2026-08-18 01:57:19.946382 PYTHONPATH:
2026-08-18 01:57:19.996516   /opt/hostedtoolcache/Python/3.11.15/x64/bin
2026-08-18 01:57:20.046653   /opt/hostedtoolcache/Python/3.11.15/x64/lib/python311.zip
2026-08-18 01:57:20.096789   /opt/hostedtoolcache/Python/3.11.15/x64/lib/python3.11
2026-08-18 01:57:20.146927   /opt/hostedtoolcache/Python/3.11.15/x64/lib/python3.11/lib-dynload
2026-08-18 01:57:20.197064   /opt/hostedtoolcache/Python/3.11.15/x64/lib/python3.11/site-packages
2026-08-18 01:57:20.247207 [ ERROR ] Error in file '/home/runner/work/engg-robot-testing-framework/engg-robot-testing-framework/resources/auth_keywords.resource' on line 2: Importing library 'playwright_keyword_library.PlaywrightKeywordLibrary' failed: ModuleNotFoundError: No module named 'playwright_keyword_library'
2026-08-18 01:57:20.297348 Traceback (most recent call last):
2026-08-18 01:57:20.347483   None
2026-08-18 01:57:20.397618 PYTHONPATH:
2026-08-18 01:57:20.447754   /opt/hostedtoolcache/Python/3.11.15/x64/bin
2026-08-18 01:57:20.497864   /opt/hostedtoolcache/Python/3.11.15/x64/lib/python311.zip
2026-08-18 01:57:20.548000   /opt/hostedtoolcache/Python/3.11.15/x64/lib/python3.11
2026-08-18 01:57:20.598133   /opt/hostedtoolcache/Python/3.11.15/x64/lib/python3.11/lib-dynload
2026-08-18 01:57:20.648267   /opt/hostedtoolcache/Python/3.11.15/x64/lib/python3.11/site-packages
2026-08-18 01:57:20.698403 [ ERROR ] Error in file '/home/runner/work/engg-robot-testing-framework/engg-robot-testing-framework/resources/common.resource' on line 4: Importing library 'playwright_keyword_library.PlaywrightKeywordLibrary' failed: ModuleNotFoundError: No module named 'playwright_keyword_library'
2026-08-18 01:57:20.748539 Traceback (most recent call last):
2026-08-18 01:57:20.798671   None
2026-08-18 01:57:20.848803 PYTHONPATH:
2026-08-18 01:57:20.898939   /opt/hostedtoolcache/Python/3.11.15/x64/bin
2026-08-18 01:57:20.949073   /opt/hostedtoolcache/Python/3.11.15/x64/lib/python311.zip
2026-08-18 01:57:20.999206   /opt/hostedtoolcache/Python/3.11.15/x64/lib/python3.11
2026-08-18 01:57:21.049326   /opt/hostedtoolcache/Python/3.11.15/x64/lib/python3.11/lib-dynload
2026-08-18 01:57:21.099462   /opt/hostedtoolcache/Python/3.11.15/x64/lib/python3.11/site-packages
2026-08-18 01:57:29.871491 TC02 Login User With Correct Email And Password                       | FAIL |
2026-08-18 01:57:29.905490 Setup failed:
2026-08-18 01:57:29.905513 No keyword with name 'Open Browser' found.
2026-08-18 01:57:29.905528 
2026-08-18 01:57:29.905541 Also teardown failed:
2026-08-18 01:57:29.905554 Several failures occurred:
2026-08-18 01:57:29.905569 
2026-08-18 01:57:29.905602 1) No keyword with name 'Register Keyword To Run On Failure' found.
2026-08-18 01:57:29.905615 
2026-08-18 01:57:29.905626 2) No keyword with name 'Close Browser' found. Did you mean:
2026-08-18 01:57:29.905636     common.Close Test Browser
2026-08-18 01:57:29.905646 ------------------------------------------------------------------------------
2026-08-18 01:57:29.905655 Suites.Auth.TC02 login valid                                          | FAIL |
2026-08-18 01:57:29.906165 1 test, 0 passed, 1 failed
2026-08-18 01:57:29.906184 ==============================================================================
2026-08-18 01:57:29.906217 Suites.Auth                                                           | FAIL |
2026-08-18 01:57:29.906520 1 test, 0 passed, 1 failed
2026-08-18 01:57:29.906548 ==============================================================================
2026-08-18 01:57:29.906558 Suites                                                                | FAIL |
2026-08-18 01:57:29.906850 1 test, 0 passed, 1 failed
2026-08-18 01:57:29.906893 ==============================================================================
2026-08-18 01:57:29.906902 Output:  /home/runner/work/engg-robot-testing-framework/engg-robot-testing-framework/reports/pabot_results/1/output.xml
