2026-07-22 03:57:18.098485 ==============================================================================
2026-07-22 03:57:18.139371 Suites
2026-07-22 03:57:18.139385 ==============================================================================
2026-07-22 03:57:18.139396 Suites.Auth
2026-07-22 03:57:18.140078 ==============================================================================
2026-07-22 03:57:18.140091 Suites.Auth.TC02 login valid
2026-07-22 03:57:18.140091 [ ERROR ] Error in file '/home/runner/work/engg-robot-testing-framework/engg-robot-testing-framework/tests/auth/TC02_login_valid.robot' on line 2: Importing library 'playwright_keyword_library.PlaywrightKeywordLibrary' failed: ModuleNotFoundError: No module named 'playwright_keyword_library'
2026-07-22 03:57:18.153923 ==============================================================================
2026-07-22 03:57:18.153923 Traceback (most recent call last):
2026-07-22 03:57:18.153942   None
2026-07-22 03:57:18.204026 PYTHONPATH:
2026-07-22 03:57:18.254145   /opt/hostedtoolcache/Python/3.11.15/x64/bin
2026-07-22 03:57:18.304229   /opt/hostedtoolcache/Python/3.11.15/x64/lib/python311.zip
2026-07-22 03:57:18.354348   /opt/hostedtoolcache/Python/3.11.15/x64/lib/python3.11
2026-07-22 03:57:18.404437   /opt/hostedtoolcache/Python/3.11.15/x64/lib/python3.11/lib-dynload
2026-07-22 03:57:18.454556   /opt/hostedtoolcache/Python/3.11.15/x64/lib/python3.11/site-packages
2026-07-22 03:57:18.504642 [ ERROR ] Error in file '/home/runner/work/engg-robot-testing-framework/engg-robot-testing-framework/resources/auth_keywords.resource' on line 2: Importing library 'playwright_keyword_library.PlaywrightKeywordLibrary' failed: ModuleNotFoundError: No module named 'playwright_keyword_library'
2026-07-22 03:57:18.554744 Traceback (most recent call last):
2026-07-22 03:57:18.604827   None
2026-07-22 03:57:18.654927 PYTHONPATH:
2026-07-22 03:57:18.705009   /opt/hostedtoolcache/Python/3.11.15/x64/bin
2026-07-22 03:57:18.755125   /opt/hostedtoolcache/Python/3.11.15/x64/lib/python311.zip
2026-07-22 03:57:18.805206   /opt/hostedtoolcache/Python/3.11.15/x64/lib/python3.11
2026-07-22 03:57:18.855323   /opt/hostedtoolcache/Python/3.11.15/x64/lib/python3.11/lib-dynload
2026-07-22 03:57:18.905404   /opt/hostedtoolcache/Python/3.11.15/x64/lib/python3.11/site-packages
2026-07-22 03:57:18.955501 [ ERROR ] Error in file '/home/runner/work/engg-robot-testing-framework/engg-robot-testing-framework/resources/common.resource' on line 4: Importing library 'playwright_keyword_library.PlaywrightKeywordLibrary' failed: ModuleNotFoundError: No module named 'playwright_keyword_library'
2026-07-22 03:57:19.005586 Traceback (most recent call last):
2026-07-22 03:57:19.055699   None
2026-07-22 03:57:19.105811 PYTHONPATH:
2026-07-22 03:57:19.155929   /opt/hostedtoolcache/Python/3.11.15/x64/bin
2026-07-22 03:57:19.206134   /opt/hostedtoolcache/Python/3.11.15/x64/lib/python311.zip
2026-07-22 03:57:19.256255   /opt/hostedtoolcache/Python/3.11.15/x64/lib/python3.11
2026-07-22 03:57:19.306575   /opt/hostedtoolcache/Python/3.11.15/x64/lib/python3.11/lib-dynload
2026-07-22 03:57:19.356697   /opt/hostedtoolcache/Python/3.11.15/x64/lib/python3.11/site-packages
2026-07-22 03:57:28.132734 TC02 Login User With Correct Email And Password                       | FAIL |
2026-07-22 03:57:28.162013 Setup failed:
2026-07-22 03:57:28.162025 No keyword with name 'Open Browser' found.
2026-07-22 03:57:28.162034 
2026-07-22 03:57:28.162043 Also teardown failed:
2026-07-22 03:57:28.162052 Several failures occurred:
2026-07-22 03:57:28.162061 
2026-07-22 03:57:28.162070 1) No keyword with name 'Register Keyword To Run On Failure' found.
2026-07-22 03:57:28.162079 
2026-07-22 03:57:28.162087 2) No keyword with name 'Close Browser' found. Did you mean:
2026-07-22 03:57:28.162096     common.Close Test Browser
2026-07-22 03:57:28.162104 ------------------------------------------------------------------------------
2026-07-22 03:57:28.162112 Suites.Auth.TC02 login valid                                          | FAIL |
2026-07-22 03:57:28.162571 1 test, 0 passed, 1 failed
2026-07-22 03:57:28.162619 ==============================================================================
2026-07-22 03:57:28.162628 Suites.Auth                                                           | FAIL |
2026-07-22 03:57:28.162889 1 test, 0 passed, 1 failed
2026-07-22 03:57:28.162900 ==============================================================================
2026-07-22 03:57:28.162908 Suites                                                                | FAIL |
2026-07-22 03:57:28.163120 1 test, 0 passed, 1 failed
2026-07-22 03:57:28.163164 ==============================================================================
2026-07-22 03:57:28.163173 Output:  /home/runner/work/engg-robot-testing-framework/engg-robot-testing-framework/reports/pabot_results/1/output.xml
