2026-10-06 06:42:45.326139 ==============================================================================
2026-10-06 06:42:45.354075 Suites
2026-10-06 06:42:45.354090 ==============================================================================
2026-10-06 06:42:45.354101 Suites.Cart
2026-10-06 06:42:45.354651 ==============================================================================
2026-10-06 06:42:45.354663 Suites.Cart.TC12 add products to cart :: TC12 - Add Products In Cart
2026-10-06 06:42:45.354663 [ ERROR ] Error in file '/home/runner/work/engg-robot-testing-framework/engg-robot-testing-framework/resources/common.resource' on line 4: Importing library 'playwright_keyword_library.PlaywrightKeywordLibrary' failed: ModuleNotFoundError: No module named 'playwright_keyword_library'
2026-10-06 06:42:45.375294 ==============================================================================
2026-10-06 06:42:45.375294 Traceback (most recent call last):
2026-10-06 06:42:45.375311   None
2026-10-06 06:42:45.425408 PYTHONPATH:
2026-10-06 06:42:45.475527   /opt/hostedtoolcache/Python/3.11.16/x64/bin
2026-10-06 06:42:45.525645   /opt/hostedtoolcache/Python/3.11.16/x64/lib/python311.zip
2026-10-06 06:42:45.575769   /opt/hostedtoolcache/Python/3.11.16/x64/lib/python3.11
2026-10-06 06:42:45.625886   /opt/hostedtoolcache/Python/3.11.16/x64/lib/python3.11/lib-dynload
2026-10-06 06:42:45.676008   /opt/hostedtoolcache/Python/3.11.16/x64/lib/python3.11/site-packages
2026-10-06 06:42:45.726126 [ ERROR ] Error in file '/home/runner/work/engg-robot-testing-framework/engg-robot-testing-framework/resources/product_keywords.resource' on line 2: Importing library 'playwright_keyword_library.PlaywrightKeywordLibrary' failed: ModuleNotFoundError: No module named 'playwright_keyword_library'
2026-10-06 06:42:45.776246 Traceback (most recent call last):
2026-10-06 06:42:45.826351   None
2026-10-06 06:42:45.876474 PYTHONPATH:
2026-10-06 06:42:45.926631   /opt/hostedtoolcache/Python/3.11.16/x64/bin
2026-10-06 06:42:45.976751   /opt/hostedtoolcache/Python/3.11.16/x64/lib/python311.zip
2026-10-06 06:42:46.026868   /opt/hostedtoolcache/Python/3.11.16/x64/lib/python3.11
2026-10-06 06:42:46.076991   /opt/hostedtoolcache/Python/3.11.16/x64/lib/python3.11/lib-dynload
2026-10-06 06:42:46.127106   /opt/hostedtoolcache/Python/3.11.16/x64/lib/python3.11/site-packages
2026-10-06 06:42:46.177228 [ ERROR ] Error in file '/home/runner/work/engg-robot-testing-framework/engg-robot-testing-framework/resources/cart_keywords.resource' on line 2: Importing library 'playwright_keyword_library.PlaywrightKeywordLibrary' failed: ModuleNotFoundError: No module named 'playwright_keyword_library'
2026-10-06 06:42:46.227325 Traceback (most recent call last):
2026-10-06 06:42:46.277456   None
2026-10-06 06:42:46.327572 PYTHONPATH:
2026-10-06 06:42:46.377692   /opt/hostedtoolcache/Python/3.11.16/x64/bin
2026-10-06 06:42:46.427810   /opt/hostedtoolcache/Python/3.11.16/x64/lib/python311.zip
2026-10-06 06:42:46.477928   /opt/hostedtoolcache/Python/3.11.16/x64/lib/python3.11
2026-10-06 06:42:46.528055   /opt/hostedtoolcache/Python/3.11.16/x64/lib/python3.11/lib-dynload
2026-10-06 06:42:46.578180   /opt/hostedtoolcache/Python/3.11.16/x64/lib/python3.11/site-packages
2026-10-06 06:42:55.345068 TC12 Add Products In Cart                                             | FAIL |
2026-10-06 06:42:55.383445 Setup failed:
2026-10-06 06:42:55.383457 No keyword with name 'Open Browser' found.
2026-10-06 06:42:55.383466 
2026-10-06 06:42:55.383476 Also teardown failed:
2026-10-06 06:42:55.383484 Several failures occurred:
2026-10-06 06:42:55.383494 
2026-10-06 06:42:55.383502 1) No keyword with name 'Register Keyword To Run On Failure' found.
2026-10-06 06:42:55.383510 
2026-10-06 06:42:55.383518 2) No keyword with name 'Close Browser' found. Did you mean:
2026-10-06 06:42:55.383527     common.Close Test Browser
2026-10-06 06:42:55.383534 ------------------------------------------------------------------------------
2026-10-06 06:42:55.383541 Suites.Cart.TC12 add products to cart :: TC12 - Add Products In Cart  | FAIL |
2026-10-06 06:42:55.383952 1 test, 0 passed, 1 failed
2026-10-06 06:42:55.383995 ==============================================================================
2026-10-06 06:42:55.384004 Suites.Cart                                                           | FAIL |
2026-10-06 06:42:55.384291 1 test, 0 passed, 1 failed
2026-10-06 06:42:55.384304 ==============================================================================
2026-10-06 06:42:55.384315 Suites                                                                | FAIL |
2026-10-06 06:42:55.385449 1 test, 0 passed, 1 failed
2026-10-06 06:42:55.385460 ==============================================================================
2026-10-06 06:42:55.385468 Output:  /home/runner/work/engg-robot-testing-framework/engg-robot-testing-framework/reports/pabot_results/5/output.xml
