2026-07-22 03:57:38.934856 ==============================================================================
2026-07-22 03:57:38.972720 Suites
2026-07-22 03:57:38.972734 ==============================================================================
2026-07-22 03:57:38.972745 Suites.Cart
2026-07-22 03:57:38.973377 ==============================================================================
2026-07-22 03:57:38.973389 Suites.Cart.TC12 add products to cart :: TC12 - Add Products In Cart
2026-07-22 03:57:38.973389 [ ERROR ] Error in file '/home/runner/work/engg-robot-testing-framework/engg-robot-testing-framework/resources/common.resource' on line 4: Importing library 'playwright_keyword_library.PlaywrightKeywordLibrary' failed: ModuleNotFoundError: No module named 'playwright_keyword_library'
2026-07-22 03:57:38.994839 ==============================================================================
2026-07-22 03:57:38.994839 Traceback (most recent call last):
2026-07-22 03:57:38.994853   None
2026-07-22 03:57:39.044956 PYTHONPATH:
2026-07-22 03:57:39.095095   /opt/hostedtoolcache/Python/3.11.15/x64/bin
2026-07-22 03:57:39.145231   /opt/hostedtoolcache/Python/3.11.15/x64/lib/python311.zip
2026-07-22 03:57:39.195388   /opt/hostedtoolcache/Python/3.11.15/x64/lib/python3.11
2026-07-22 03:57:39.245525   /opt/hostedtoolcache/Python/3.11.15/x64/lib/python3.11/lib-dynload
2026-07-22 03:57:39.295686   /opt/hostedtoolcache/Python/3.11.15/x64/lib/python3.11/site-packages
2026-07-22 03:57:39.345797 [ ERROR ] Error in file '/home/runner/work/engg-robot-testing-framework/engg-robot-testing-framework/resources/product_keywords.resource' on line 2: Importing library 'playwright_keyword_library.PlaywrightKeywordLibrary' failed: ModuleNotFoundError: No module named 'playwright_keyword_library'
2026-07-22 03:57:39.395987 Traceback (most recent call last):
2026-07-22 03:57:39.446099   None
2026-07-22 03:57:39.496318 PYTHONPATH:
2026-07-22 03:57:39.546427   /opt/hostedtoolcache/Python/3.11.15/x64/bin
2026-07-22 03:57:39.596631   /opt/hostedtoolcache/Python/3.11.15/x64/lib/python311.zip
2026-07-22 03:57:39.646777   /opt/hostedtoolcache/Python/3.11.15/x64/lib/python3.11
2026-07-22 03:57:39.696989   /opt/hostedtoolcache/Python/3.11.15/x64/lib/python3.11/lib-dynload
2026-07-22 03:57:39.747144   /opt/hostedtoolcache/Python/3.11.15/x64/lib/python3.11/site-packages
2026-07-22 03:57:39.797305 [ ERROR ] Error in file '/home/runner/work/engg-robot-testing-framework/engg-robot-testing-framework/resources/cart_keywords.resource' on line 2: Importing library 'playwright_keyword_library.PlaywrightKeywordLibrary' failed: ModuleNotFoundError: No module named 'playwright_keyword_library'
2026-07-22 03:57:39.847456 Traceback (most recent call last):
2026-07-22 03:57:39.897662   None
2026-07-22 03:57:39.947804 PYTHONPATH:
2026-07-22 03:57:39.998028   /opt/hostedtoolcache/Python/3.11.15/x64/bin
2026-07-22 03:57:40.048198   /opt/hostedtoolcache/Python/3.11.15/x64/lib/python311.zip
2026-07-22 03:57:40.098424   /opt/hostedtoolcache/Python/3.11.15/x64/lib/python3.11
2026-07-22 03:57:40.148557   /opt/hostedtoolcache/Python/3.11.15/x64/lib/python3.11/lib-dynload
2026-07-22 03:57:40.198687   /opt/hostedtoolcache/Python/3.11.15/x64/lib/python3.11/site-packages
2026-07-22 03:57:48.969215 TC12 Add Products In Cart                                             | FAIL |
2026-07-22 03:57:49.004195 Setup failed:
2026-07-22 03:57:49.004208 No keyword with name 'Open Browser' found.
2026-07-22 03:57:49.004215 
2026-07-22 03:57:49.004220 Also teardown failed:
2026-07-22 03:57:49.004226 Several failures occurred:
2026-07-22 03:57:49.004231 
2026-07-22 03:57:49.004237 1) No keyword with name 'Register Keyword To Run On Failure' found.
2026-07-22 03:57:49.004244 
2026-07-22 03:57:49.004249 2) No keyword with name 'Close Browser' found. Did you mean:
2026-07-22 03:57:49.004254     common.Close Test Browser
2026-07-22 03:57:49.004259 ------------------------------------------------------------------------------
2026-07-22 03:57:49.004264 Suites.Cart.TC12 add products to cart :: TC12 - Add Products In Cart  | FAIL |
2026-07-22 03:57:49.004784 1 test, 0 passed, 1 failed
2026-07-22 03:57:49.004794 ==============================================================================
2026-07-22 03:57:49.004801 Suites.Cart                                                           | FAIL |
2026-07-22 03:57:49.005111 1 test, 0 passed, 1 failed
2026-07-22 03:57:49.005145 ==============================================================================
2026-07-22 03:57:49.005151 Suites                                                                | FAIL |
2026-07-22 03:57:49.005423 1 test, 0 passed, 1 failed
2026-07-22 03:57:49.005456 ==============================================================================
2026-07-22 03:57:49.005462 Output:  /home/runner/work/engg-robot-testing-framework/engg-robot-testing-framework/reports/pabot_results/5/output.xml
