2026-08-22 01:57:17.200550 ==============================================================================
2026-08-22 01:57:17.226954 Suites
2026-08-22 01:57:17.226978 ==============================================================================
2026-08-22 01:57:17.226994 Suites.Auth
2026-08-22 01:57:17.227869 ==============================================================================
2026-08-22 01:57:17.227893 Suites.Auth.TC01 register user
2026-08-22 01:57:17.227893 [ ERROR ] Error in file '/home/runner/work/engg-robot-testing-framework/engg-robot-testing-framework/tests/auth/TC01_register_user.robot' on line 2: Importing library 'playwright_keyword_library.PlaywrightKeywordLibrary' failed: ModuleNotFoundError: No module named 'playwright_keyword_library'
2026-08-22 01:57:17.247973 ==============================================================================
2026-08-22 01:57:17.247973 Traceback (most recent call last):
2026-08-22 01:57:17.247999   None
2026-08-22 01:57:17.298151 PYTHONPATH:
2026-08-22 01:57:17.348265   /opt/hostedtoolcache/Python/3.11.16/x64/bin
2026-08-22 01:57:17.398377   /opt/hostedtoolcache/Python/3.11.16/x64/lib/python311.zip
2026-08-22 01:57:17.448813   /opt/hostedtoolcache/Python/3.11.16/x64/lib/python3.11
2026-08-22 01:57:17.499042   /opt/hostedtoolcache/Python/3.11.16/x64/lib/python3.11/lib-dynload
2026-08-22 01:57:17.549196   /opt/hostedtoolcache/Python/3.11.16/x64/lib/python3.11/site-packages
2026-08-22 01:57:17.599525 [ ERROR ] Error in file '/home/runner/work/engg-robot-testing-framework/engg-robot-testing-framework/resources/auth_keywords.resource' on line 2: Importing library 'playwright_keyword_library.PlaywrightKeywordLibrary' failed: ModuleNotFoundError: No module named 'playwright_keyword_library'
2026-08-22 01:57:17.649736 Traceback (most recent call last):
2026-08-22 01:57:17.700073   None
2026-08-22 01:57:17.750297 PYTHONPATH:
2026-08-22 01:57:17.800592   /opt/hostedtoolcache/Python/3.11.16/x64/bin
2026-08-22 01:57:17.850774   /opt/hostedtoolcache/Python/3.11.16/x64/lib/python311.zip
2026-08-22 01:57:17.901037   /opt/hostedtoolcache/Python/3.11.16/x64/lib/python3.11
2026-08-22 01:57:17.951244   /opt/hostedtoolcache/Python/3.11.16/x64/lib/python3.11/lib-dynload
2026-08-22 01:57:18.001538   /opt/hostedtoolcache/Python/3.11.16/x64/lib/python3.11/site-packages
2026-08-22 01:57:18.051728 [ ERROR ] Error in file '/home/runner/work/engg-robot-testing-framework/engg-robot-testing-framework/resources/common.resource' on line 4: Importing library 'playwright_keyword_library.PlaywrightKeywordLibrary' failed: ModuleNotFoundError: No module named 'playwright_keyword_library'
2026-08-22 01:57:18.102004 Traceback (most recent call last):
2026-08-22 01:57:18.152155   None
2026-08-22 01:57:18.202354 PYTHONPATH:
2026-08-22 01:57:18.252510   /opt/hostedtoolcache/Python/3.11.16/x64/bin
2026-08-22 01:57:18.302798   /opt/hostedtoolcache/Python/3.11.16/x64/lib/python311.zip
2026-08-22 01:57:18.352957   /opt/hostedtoolcache/Python/3.11.16/x64/lib/python3.11
2026-08-22 01:57:18.403248   /opt/hostedtoolcache/Python/3.11.16/x64/lib/python3.11/lib-dynload
2026-08-22 01:57:18.453451   /opt/hostedtoolcache/Python/3.11.16/x64/lib/python3.11/site-packages
2026-08-22 01:57:27.226128 TC01 Register User                                                    | FAIL |
2026-08-22 01:57:27.258113 Setup failed:
2026-08-22 01:57:27.258134 No keyword with name 'Open Browser' found.
2026-08-22 01:57:27.258149 
2026-08-22 01:57:27.258163 Also teardown failed:
2026-08-22 01:57:27.258176 Several failures occurred:
2026-08-22 01:57:27.258193 
2026-08-22 01:57:27.258205 1) No keyword with name 'Register Keyword To Run On Failure' found.
2026-08-22 01:57:27.258220 
2026-08-22 01:57:27.258233 2) No keyword with name 'Close Browser' found. Did you mean:
2026-08-22 01:57:27.258245     common.Close Test Browser
2026-08-22 01:57:27.258256 ------------------------------------------------------------------------------
2026-08-22 01:57:27.258267 Suites.Auth.TC01 register user                                        | FAIL |
2026-08-22 01:57:27.258787 1 test, 0 passed, 1 failed
2026-08-22 01:57:27.258878 ==============================================================================
2026-08-22 01:57:27.258894 Suites.Auth                                                           | FAIL |
2026-08-22 01:57:27.259309 1 test, 0 passed, 1 failed
2026-08-22 01:57:27.259327 ==============================================================================
2026-08-22 01:57:27.259348 Suites                                                                | FAIL |
2026-08-22 01:57:27.259739 1 test, 0 passed, 1 failed
2026-08-22 01:57:27.260711 ==============================================================================
2026-08-22 01:57:27.260728 Output:  /home/runner/work/engg-robot-testing-framework/engg-robot-testing-framework/reports/pabot_results/0/output.xml
