2026-06-04 05:22:28.043581 ==============================================================================
2026-06-04 05:22:28.081484 Suites
2026-06-04 05:22:28.081502 ==============================================================================
2026-06-04 05:22:28.081512 Suites.Cart
2026-06-04 05:22:28.082378 ==============================================================================
2026-06-04 05:22:28.182622 Suites.Cart.TC17 remove products from cart :: TC17 - Remove Products From Cart
2026-06-04 05:22:28.223765 ==============================================================================
2026-06-04 05:22:39.114216 TC17 Remove Products From Cart                                        | FAIL |
2026-06-04 05:22:39.150057 Setup failed:
2026-06-04 05:22:39.150086 Title should have been 'Automation Exercise' but was 'One moment, please...'.
2026-06-04 05:22:39.150108 ------------------------------------------------------------------------------
2026-06-04 05:22:39.150188 Suites.Cart.TC17 remove products from cart :: TC17 - Remove Produc... | FAIL |
2026-06-04 05:22:39.151193 1 test, 0 passed, 1 failed
2026-06-04 05:22:39.151205 ==============================================================================
2026-06-04 05:22:39.151213 Suites.Cart                                                           | FAIL |
2026-06-04 05:22:39.151636 1 test, 0 passed, 1 failed
2026-06-04 05:22:39.151739 ==============================================================================
2026-06-04 05:22:39.151749 Suites                                                                | FAIL |
2026-06-04 05:22:39.152305 1 test, 0 passed, 1 failed
2026-06-04 05:22:39.152351 ==============================================================================
2026-06-04 05:22:39.152359 Output:  /home/runner/work/engg-robot-testing-framework/engg-robot-testing-framework/reports/pabot_results/7/output.xml
