2026-09-21 05:17:05.873692 ==============================================================================
2026-09-21 05:17:05.892159 Suites
2026-09-21 05:17:05.892180 ==============================================================================
2026-09-21 05:17:05.892196 Suites.Auth
2026-09-21 05:17:05.892816 ==============================================================================
2026-09-21 05:17:05.892836 Suites.Auth.TC02 login valid
2026-09-21 05:17:05.892836 [ ERROR ] Error in file '/home/runner/work/engg-robot-testing-framework/engg-robot-testing-framework/tests/auth/TC02_login_valid.robot' on line 2: Importing library 'playwright_keyword_library.PlaywrightKeywordLibrary' failed: ModuleNotFoundError: No module named 'playwright_keyword_library'
2026-09-21 05:17:05.912126 ==============================================================================
2026-09-21 05:17:05.912126 Traceback (most recent call last):
2026-09-21 05:17:05.912150   None
2026-09-21 05:17:05.962266 PYTHONPATH:
2026-09-21 05:17:06.012373   /opt/hostedtoolcache/Python/3.11.16/x64/bin
2026-09-21 05:17:06.062482   /opt/hostedtoolcache/Python/3.11.16/x64/lib/python311.zip
2026-09-21 05:17:06.112590   /opt/hostedtoolcache/Python/3.11.16/x64/lib/python3.11
2026-09-21 05:17:06.162705   /opt/hostedtoolcache/Python/3.11.16/x64/lib/python3.11/lib-dynload
2026-09-21 05:17:06.212855   /opt/hostedtoolcache/Python/3.11.16/x64/lib/python3.11/site-packages
2026-09-21 05:17:06.263028 [ ERROR ] Error in file '/home/runner/work/engg-robot-testing-framework/engg-robot-testing-framework/resources/auth_keywords.resource' on line 2: Importing library 'playwright_keyword_library.PlaywrightKeywordLibrary' failed: ModuleNotFoundError: No module named 'playwright_keyword_library'
2026-09-21 05:17:06.313179 Traceback (most recent call last):
2026-09-21 05:17:06.363322   None
2026-09-21 05:17:06.413455 PYTHONPATH:
2026-09-21 05:17:06.463600   /opt/hostedtoolcache/Python/3.11.16/x64/bin
2026-09-21 05:17:06.513749   /opt/hostedtoolcache/Python/3.11.16/x64/lib/python311.zip
2026-09-21 05:17:06.563867   /opt/hostedtoolcache/Python/3.11.16/x64/lib/python3.11
2026-09-21 05:17:06.614018   /opt/hostedtoolcache/Python/3.11.16/x64/lib/python3.11/lib-dynload
2026-09-21 05:17:06.664150   /opt/hostedtoolcache/Python/3.11.16/x64/lib/python3.11/site-packages
2026-09-21 05:17:06.714312 [ ERROR ] Error in file '/home/runner/work/engg-robot-testing-framework/engg-robot-testing-framework/resources/common.resource' on line 4: Importing library 'playwright_keyword_library.PlaywrightKeywordLibrary' failed: ModuleNotFoundError: No module named 'playwright_keyword_library'
2026-09-21 05:17:06.764465 Traceback (most recent call last):
2026-09-21 05:17:06.814641   None
2026-09-21 05:17:06.864823 PYTHONPATH:
2026-09-21 05:17:06.915001   /opt/hostedtoolcache/Python/3.11.16/x64/bin
2026-09-21 05:17:06.965206   /opt/hostedtoolcache/Python/3.11.16/x64/lib/python311.zip
2026-09-21 05:17:07.015378   /opt/hostedtoolcache/Python/3.11.16/x64/lib/python3.11
2026-09-21 05:17:07.065678   /opt/hostedtoolcache/Python/3.11.16/x64/lib/python3.11/lib-dynload
2026-09-21 05:17:07.115905   /opt/hostedtoolcache/Python/3.11.16/x64/lib/python3.11/site-packages
2026-09-21 05:17:15.892107 TC02 Login User With Correct Email And Password                       | FAIL |
2026-09-21 05:17:15.922826 Setup failed:
2026-09-21 05:17:15.922844 No keyword with name 'Open Browser' found.
2026-09-21 05:17:15.922858 
2026-09-21 05:17:15.922870 Also teardown failed:
2026-09-21 05:17:15.922882 Several failures occurred:
2026-09-21 05:17:15.922894 
2026-09-21 05:17:15.922910 1) No keyword with name 'Register Keyword To Run On Failure' found.
2026-09-21 05:17:15.922924 
2026-09-21 05:17:15.922936 2) No keyword with name 'Close Browser' found. Did you mean:
2026-09-21 05:17:15.922948     common.Close Test Browser
2026-09-21 05:17:15.922960 ------------------------------------------------------------------------------
2026-09-21 05:17:15.922972 Suites.Auth.TC02 login valid                                          | FAIL |
2026-09-21 05:17:15.923637 1 test, 0 passed, 1 failed
2026-09-21 05:17:15.923656 ==============================================================================
2026-09-21 05:17:15.923669 Suites.Auth                                                           | FAIL |
2026-09-21 05:17:15.923990 1 test, 0 passed, 1 failed
2026-09-21 05:17:15.924064 ==============================================================================
2026-09-21 05:17:15.924081 Suites                                                                | FAIL |
2026-09-21 05:17:15.924398 1 test, 0 passed, 1 failed
2026-09-21 05:17:15.924488 ==============================================================================
2026-09-21 05:17:15.924510 Output:  /home/runner/work/engg-robot-testing-framework/engg-robot-testing-framework/reports/pabot_results/1/output.xml
