[INFO]    Initialized logging in reports/pabot_results
[INFO]    Robot Framework remote server at 127.0.0.1:8270 started.
[DEBUG]   2026-06-08 05:12:54.417300 [PID:2374] [1] [ID:1] EXECUTING Suites.Auth.TC02 login valid
[DEBUG]   2026-06-08 05:12:54.418967 [PID:2375] [0] [ID:0] EXECUTING Suites.Auth.TC01 register user
[DEBUG]   2026-06-08 05:12:59.424178 [PID:2374] [1] [ID:1] still running Suites.Auth.TC02 login valid after 5.0s
[DEBUG]   2026-06-08 05:12:59.425296 [PID:2375] [0] [ID:0] still running Suites.Auth.TC01 register user after 5.0s
[DEBUG]   2026-06-08 05:13:09.435428 [PID:2374] [1] [ID:1] still running Suites.Auth.TC02 login valid after 15.0s
[DEBUG]   2026-06-08 05:13:09.436546 [PID:2375] [0] [ID:0] still running Suites.Auth.TC01 register user after 15.0s
[DEBUG]   2026-06-08 05:13:24.452243 [PID:2374] [1] [ID:1] still running Suites.Auth.TC02 login valid after 30.0s
[DEBUG]   2026-06-08 05:13:24.453163 [PID:2375] [0] [ID:0] still running Suites.Auth.TC01 register user after 30.0s
[DEBUG]   2026-06-08 05:13:44.473827 [PID:2374] [1] [ID:1] still running Suites.Auth.TC02 login valid after 50.0s
[DEBUG]   2026-06-08 05:13:44.474696 [PID:2375] [0] [ID:0] still running Suites.Auth.TC01 register user after 50.0s
[DEBUG]   2026-06-08 05:14:09.505696 [PID:2374] [1] [ID:1] still running Suites.Auth.TC02 login valid after 75.0s
[DEBUG]   2026-06-08 05:14:09.517363 [PID:2375] [0] [ID:0] still running Suites.Auth.TC01 register user after 75.0s
[INFO]    2026-06-08 05:14:26.637902 [PID:2375] [0] [ID:0] PASSED Suites.Auth.TC01 register user in 92.2 seconds
[DEBUG]   2026-06-08 05:14:26.642733 [PID:2876] [0] [ID:2] EXECUTING Suites.Auth.TC03 login invalid
[DEBUG]   2026-06-08 05:14:31.650846 [PID:2876] [0] [ID:2] still running Suites.Auth.TC03 login invalid after 5.0s
[DEBUG]   2026-06-08 05:14:39.536851 [PID:2374] [1] [ID:1] still running Suites.Auth.TC02 login valid after 105.0s
[DEBUG]   2026-06-08 05:14:41.662773 [PID:2876] [0] [ID:2] still running Suites.Auth.TC03 login invalid after 15.0s
[INFO]    2026-06-08 05:14:41.765699 [PID:2876] [0] [ID:2] PASSED Suites.Auth.TC03 login invalid in 15.1 seconds
[DEBUG]   2026-06-08 05:14:41.770631 [PID:3114] [1] [ID:3] EXECUTING Suites.Auth.TC04 logout user
[INFO]    2026-06-08 05:14:42.847612 [PID:2374] [1] [ID:1] Execution failed in Suites.Auth.TC02 login valid with 1 failing test(s)
==============================================================================
Suites
==============================================================================
Suites.Auth
==============================================================================
Suites.Auth.TC02 login valid
==============================================================================
TC02 Login User With Correct Email And Password                       | FAIL |
Element 'css=.login-form h2' did not appear in 20 seconds.
------------------------------------------------------------------------------
Suites.Auth.TC02 login valid                                          | FAIL |
1 test, 0 passed, 1 failed
==============================================================================
Suites.Auth                                                           | FAIL |
1 test, 0 passed, 1 failed
==============================================================================
Suites                                                                | FAIL |
1 test, 0 passed, 1 failed
==============================================================================
Output:  /home/runner/work/engg-robot-testing-framework/engg-robot-testing-framework/reports/pabot_results/1/output.xml
[DEBUG]   2026-06-08 05:14:42.853676 [PID:3249] [0] [ID:4] EXECUTING Suites.Auth.TC05 register existing email
[DEBUG]   2026-06-08 05:14:46.788113 [PID:3114] [1] [ID:3] still running Suites.Auth.TC04 logout user after 5.0s
[DEBUG]   2026-06-08 05:14:47.875546 [PID:3249] [0] [ID:4] still running Suites.Auth.TC05 register existing email after 5.0s
[DEBUG]   2026-06-08 05:14:56.800444 [PID:3114] [1] [ID:3] still running Suites.Auth.TC04 logout user after 15.0s
[DEBUG]   2026-06-08 05:14:57.890913 [PID:3249] [0] [ID:4] still running Suites.Auth.TC05 register existing email after 15.0s
[DEBUG]   2026-06-08 05:15:11.816730 [PID:3114] [1] [ID:3] still running Suites.Auth.TC04 logout user after 30.0s
[DEBUG]   2026-06-08 05:15:12.905555 [PID:3249] [0] [ID:4] still running Suites.Auth.TC05 register existing email after 30.0s
[INFO]    2026-06-08 05:15:14.423891 [PID:3114] [1] [ID:3] PASSED Suites.Auth.TC04 logout user in 32.7 seconds
[DEBUG]   2026-06-08 05:15:14.428622 [PID:3661] [1] [ID:5] EXECUTING Suites.Cart.TC12 add products to cart
[INFO]    2026-06-08 05:15:19.216859 [PID:3249] [0] [ID:4] PASSED Suites.Auth.TC05 register existing email in 36.4 seconds
[DEBUG]   2026-06-08 05:15:19.220737 [PID:3829] [0] [ID:6] EXECUTING Suites.Cart.TC13 verify product quantity
[DEBUG]   2026-06-08 05:15:19.435603 [PID:3661] [1] [ID:5] still running Suites.Cart.TC12 add products to cart after 5.0s
[DEBUG]   2026-06-08 05:15:24.228395 [PID:3829] [0] [ID:6] still running Suites.Cart.TC13 verify product quantity after 5.0s
[DEBUG]   2026-06-08 05:15:29.447566 [PID:3661] [1] [ID:5] still running Suites.Cart.TC12 add products to cart after 15.0s
[INFO]    2026-06-08 05:15:33.139532 [PID:3829] [0] [ID:6] PASSED Suites.Cart.TC13 verify product quantity in 13.9 seconds
[DEBUG]   2026-06-08 05:15:33.144244 [PID:4138] [1] [ID:7] EXECUTING Suites.Cart.TC17 remove products from cart
[INFO]    2026-06-08 05:15:33.253253 [PID:3661] [1] [ID:5] PASSED Suites.Cart.TC12 add products to cart in 18.8 seconds
[DEBUG]   2026-06-08 05:15:33.257045 [PID:4142] [0] [ID:8] EXECUTING Suites.Cart.TC20 search and verify cart after login
[DEBUG]   2026-06-08 05:15:38.163408 [PID:4138] [1] [ID:7] still running Suites.Cart.TC17 remove products from cart after 5.0s
[DEBUG]   2026-06-08 05:15:38.272674 [PID:4142] [0] [ID:8] still running Suites.Cart.TC20 search and verify cart after login after 5.0s
[DEBUG]   2026-06-08 05:15:48.174493 [PID:4138] [1] [ID:7] still running Suites.Cart.TC17 remove products from cart after 15.0s
[DEBUG]   2026-06-08 05:15:48.283478 [PID:4142] [0] [ID:8] still running Suites.Cart.TC20 search and verify cart after login after 15.0s
[INFO]    2026-06-08 05:15:51.480425 [PID:4138] [1] [ID:7] PASSED Suites.Cart.TC17 remove products from cart in 18.3 seconds
[DEBUG]   2026-06-08 05:15:51.485343 [PID:4632] [1] [ID:9] EXECUTING Suites.Cart.TC22 add from recommended items
[DEBUG]   2026-06-08 05:15:56.491178 [PID:4632] [1] [ID:9] still running Suites.Cart.TC22 add from recommended items after 5.0s
[INFO]    2026-06-08 05:15:59.097164 [PID:4142] [0] [ID:8] Execution failed in Suites.Cart.TC20 search and verify cart after login with 1 failing test(s)
==============================================================================
Suites
==============================================================================
Suites.Cart
==============================================================================
Suites.Cart.TC20 search and verify cart after login :: TC20 - Search Produc...
==============================================================================
TC20 Search Products And Verify Cart After Login                      | FAIL |
ElementClickInterceptedException: Message: element click intercepted: Element <a href="/products">...</a> is not clickable at point (926, 40). Other element would receive the click: <iframe id="aswift_1" name="aswift_1" style="min-height: auto !important; max-height: none !important; min-width: auto !important; max-width: none !important; width: 100vw !important; height: 100vh !important; inset: 0px auto auto 0px !important; position: absolute !important; clear: none !important; display: inline !important; float: none !important; margin: 0px !important; opacity: 1 !important; overflow: visible !important; padding: 0px !important; vertical-align: baseline !important; visibility: visible !important; z-index: auto !important;" sandbox="allow-forms allow-popups allow-popups-to-escape-sandbox allow-same-origin allow-scripts allow-top-navigation-by-user-activation" width="" height="" frameborder="0" marginwidth="0" marginheight="0" vspace="0" hspace="0" allowtransparency="true" scrolling="no" allow="attribution-reporting; run-ad-auction" src="https://googleads.g.doubleclick.net/pagead/html/r20260604/r20190131/zrt_lookup.html#RS-0-&amp;adk=1812271808&amp;client=ca-pub-1677597403311019&amp;fa=8&amp;ifi=2&amp;uci=a!2" data-google-container-id="a!2" tabindex="0" title="Advertisement" aria-label="Advertisement" data-google-query-id="CJ_kztDx9pQDFYaIAwEdfb8FXg" data-load-complete="true"></iframe>
  (Session info: chrome=148.0.7778.178)
    [ Message content over the limit has been removed. ]
#1 0x557dd83916b9 <unknown>
#2 0x557dd83ec57b <unknown>
#3 0x557dd83ea662 <unknown>
#4 0x557dd83e804c <unknown>
#5 0x557dd83e7147 <unknown>
#6 0x557dd83db142 <unknown>
#7 0x557dd83daa87 <unknown>
#8 0x557dd842dcbf <unknown>
#9 0x557dd83d9222 <unknown>
#10 0x557dd83da011 <unknown>
#11 0x557dd8959a0b <unknown>
#12 0x557dd895c92d <unknown>
#13 0x557dd8946948 <unknown>
#14 0x557dd895d4c0 <unknown>
#15 0x557dd892d560 <unknown>
#16 0x557dd8980dd8 <unknown>
#17 0x557dd8980f75 <unknown>
#18 0x557dd8992bce <unknown>
#19 0x7fa8ce09caa4 <unknown>
#20 0x7fa8ce129c6c <unknown>
------------------------------------------------------------------------------
Suites.Cart.TC20 search and verify cart after login :: TC20 - Sear... | FAIL |
1 test, 0 passed, 1 failed
==============================================================================
Suites.Cart                                                           | FAIL |
1 test, 0 passed, 1 failed
==============================================================================
Suites                                                                | FAIL |
1 test, 0 passed, 1 failed
==============================================================================
Output:  /home/runner/work/engg-robot-testing-framework/engg-robot-testing-framework/reports/pabot_results/8/output.xml
[DEBUG]   2026-06-08 05:16:06.502994 [PID:4632] [1] [ID:9] still running Suites.Cart.TC22 add from recommended items after 15.0s
[INFO]    2026-06-08 05:16:08.408970 [PID:4632] [1] [ID:9] PASSED Suites.Cart.TC22 add from recommended items in 16.9 seconds
[INFO]    10 tests, 8 passed, 2 failed, 0 skipped.
[INFO]    ===================================================
[INFO]    Output:  /home/runner/work/engg-robot-testing-framework/engg-robot-testing-framework/reports/output.xml
[INFO]    Log:     /home/runner/work/engg-robot-testing-framework/engg-robot-testing-framework/reports/log.html
[INFO]    Report:  /home/runner/work/engg-robot-testing-framework/engg-robot-testing-framework/reports/report.html
[DEBUG]   Finalizing Pabot execution...
[DEBUG]   Stopping PabotLib process
[INFO]    Robot Framework remote server at 127.0.0.1:8270 stopped.
[DEBUG]   PabotLib process stopped
[INFO]    Total testing: 6 minutes 18.49 seconds
[INFO]    Elapsed time:  3 minutes 14.84 seconds
[DEBUG]   Logs flushed successfully.
