2026-07-15 03:45:11.742398 ==============================================================================
2026-07-15 03:45:11.782311 Suites
2026-07-15 03:45:11.782325 ==============================================================================
2026-07-15 03:45:11.782335 Suites.Cart
2026-07-15 03:45:11.782926 ==============================================================================
2026-07-15 03:45:11.782939 Suites.Cart.TC13 verify product quantity :: TC13 - Verify Product Quantity ...
2026-07-15 03:45:11.782939 [ ERROR ] Error in file '/home/runner/work/engg-robot-testing-framework/engg-robot-testing-framework/resources/common.resource' on line 4: Importing library 'playwright_keyword_library.PlaywrightKeywordLibrary' failed: ModuleNotFoundError: No module named 'playwright_keyword_library'
2026-07-15 03:45:11.804041 ==============================================================================
2026-07-15 03:45:11.804041 Traceback (most recent call last):
2026-07-15 03:45:11.804058   None
2026-07-15 03:45:11.854145 PYTHONPATH:
2026-07-15 03:45:11.904226   /opt/hostedtoolcache/Python/3.11.15/x64/bin
2026-07-15 03:45:11.954343   /opt/hostedtoolcache/Python/3.11.15/x64/lib/python311.zip
2026-07-15 03:45:12.004425   /opt/hostedtoolcache/Python/3.11.15/x64/lib/python3.11
2026-07-15 03:45:12.054548   /opt/hostedtoolcache/Python/3.11.15/x64/lib/python3.11/lib-dynload
2026-07-15 03:45:12.104631   /opt/hostedtoolcache/Python/3.11.15/x64/lib/python3.11/site-packages
2026-07-15 03:45:12.154751 [ ERROR ] Error in file '/home/runner/work/engg-robot-testing-framework/engg-robot-testing-framework/resources/product_keywords.resource' on line 2: Importing library 'playwright_keyword_library.PlaywrightKeywordLibrary' failed: ModuleNotFoundError: No module named 'playwright_keyword_library'
2026-07-15 03:45:12.204814 Traceback (most recent call last):
2026-07-15 03:45:12.254914   None
2026-07-15 03:45:12.304996 PYTHONPATH:
2026-07-15 03:45:12.355122   /opt/hostedtoolcache/Python/3.11.15/x64/bin
2026-07-15 03:45:12.405200   /opt/hostedtoolcache/Python/3.11.15/x64/lib/python311.zip
2026-07-15 03:45:12.455318   /opt/hostedtoolcache/Python/3.11.15/x64/lib/python3.11
2026-07-15 03:45:12.505413   /opt/hostedtoolcache/Python/3.11.15/x64/lib/python3.11/lib-dynload
2026-07-15 03:45:12.555535   /opt/hostedtoolcache/Python/3.11.15/x64/lib/python3.11/site-packages
2026-07-15 03:45:12.605635 [ ERROR ] Error in file '/home/runner/work/engg-robot-testing-framework/engg-robot-testing-framework/resources/cart_keywords.resource' on line 2: Importing library 'playwright_keyword_library.PlaywrightKeywordLibrary' failed: ModuleNotFoundError: No module named 'playwright_keyword_library'
2026-07-15 03:45:12.655758 Traceback (most recent call last):
2026-07-15 03:45:12.705921   None
2026-07-15 03:45:12.756041 PYTHONPATH:
2026-07-15 03:45:12.806332   /opt/hostedtoolcache/Python/3.11.15/x64/bin
2026-07-15 03:45:12.856455   /opt/hostedtoolcache/Python/3.11.15/x64/lib/python311.zip
2026-07-15 03:45:12.906570   /opt/hostedtoolcache/Python/3.11.15/x64/lib/python3.11
2026-07-15 03:45:12.956691   /opt/hostedtoolcache/Python/3.11.15/x64/lib/python3.11/lib-dynload
2026-07-15 03:45:13.006803   /opt/hostedtoolcache/Python/3.11.15/x64/lib/python3.11/site-packages
2026-07-15 03:45:21.777230 TC13 Verify Product Quantity In Cart                                  | FAIL |
2026-07-15 03:45:21.812260 Setup failed:
2026-07-15 03:45:21.812272 No keyword with name 'Open Browser' found.
2026-07-15 03:45:21.812281 
2026-07-15 03:45:21.812290 Also teardown failed:
2026-07-15 03:45:21.812298 Several failures occurred:
2026-07-15 03:45:21.812307 
2026-07-15 03:45:21.812316 1) No keyword with name 'Register Keyword To Run On Failure' found.
2026-07-15 03:45:21.812325 
2026-07-15 03:45:21.812333 2) No keyword with name 'Close Browser' found. Did you mean:
2026-07-15 03:45:21.812342     common.Close Test Browser
2026-07-15 03:45:21.812350 ------------------------------------------------------------------------------
2026-07-15 03:45:21.812358 Suites.Cart.TC13 verify product quantity :: TC13 - Verify Product ... | FAIL |
2026-07-15 03:45:21.812807 1 test, 0 passed, 1 failed
2026-07-15 03:45:21.812823 ==============================================================================
2026-07-15 03:45:21.812865 Suites.Cart                                                           | FAIL |
2026-07-15 03:45:21.813114 1 test, 0 passed, 1 failed
2026-07-15 03:45:21.813125 ==============================================================================
2026-07-15 03:45:21.813134 Suites                                                                | FAIL |
2026-07-15 03:45:21.813353 1 test, 0 passed, 1 failed
2026-07-15 03:45:21.813364 ==============================================================================
2026-07-15 03:45:21.813372 Output:  /home/runner/work/engg-robot-testing-framework/engg-robot-testing-framework/reports/pabot_results/6/output.xml
