2026-06-24 04:47:21.687988 ==============================================================================
2026-06-24 04:47:21.704148 Suites
2026-06-24 04:47:21.704168 ==============================================================================
2026-06-24 04:47:21.704181 Suites.Cart
2026-06-24 04:47:21.705063 ==============================================================================
2026-06-24 04:47:21.705081 Suites.Cart.TC22 add from recommended items :: TC22 - Add To Cart From Reco...
2026-06-24 04:47:21.705081 [ ERROR ] Error in file '/home/runner/work/engg-robot-testing-framework/engg-robot-testing-framework/resources/common.resource' on line 4: Importing library 'playwright_keyword_library.PlaywrightKeywordLibrary' failed: ModuleNotFoundError: No module named 'playwright_keyword_library'
2026-06-24 04:47:21.728526 ==============================================================================
2026-06-24 04:47:21.728526 Traceback (most recent call last):
2026-06-24 04:47:21.728549   None
2026-06-24 04:47:21.778709 PYTHONPATH:
2026-06-24 04:47:21.828814   /opt/hostedtoolcache/Python/3.11.15/x64/bin
2026-06-24 04:47:21.878937   /opt/hostedtoolcache/Python/3.11.15/x64/lib/python311.zip
2026-06-24 04:47:21.929052   /opt/hostedtoolcache/Python/3.11.15/x64/lib/python3.11
2026-06-24 04:47:21.979213   /opt/hostedtoolcache/Python/3.11.15/x64/lib/python3.11/lib-dynload
2026-06-24 04:47:22.029383   /opt/hostedtoolcache/Python/3.11.15/x64/lib/python3.11/site-packages
2026-06-24 04:47:22.079590 [ ERROR ] Error in file '/home/runner/work/engg-robot-testing-framework/engg-robot-testing-framework/resources/cart_keywords.resource' on line 2: Importing library 'playwright_keyword_library.PlaywrightKeywordLibrary' failed: ModuleNotFoundError: No module named 'playwright_keyword_library'
2026-06-24 04:47:22.129722 Traceback (most recent call last):
2026-06-24 04:47:22.179925   None
2026-06-24 04:47:22.230080 PYTHONPATH:
2026-06-24 04:47:22.280288   /opt/hostedtoolcache/Python/3.11.15/x64/bin
2026-06-24 04:47:22.330535   /opt/hostedtoolcache/Python/3.11.15/x64/lib/python311.zip
2026-06-24 04:47:22.380740   /opt/hostedtoolcache/Python/3.11.15/x64/lib/python3.11
2026-06-24 04:47:22.430928   /opt/hostedtoolcache/Python/3.11.15/x64/lib/python3.11/lib-dynload
2026-06-24 04:47:22.481139   /opt/hostedtoolcache/Python/3.11.15/x64/lib/python3.11/site-packages
2026-06-24 04:47:31.706089 TC22 Add To Cart From Recommended Items                               | FAIL |
2026-06-24 04:47:31.739027 Setup failed:
2026-06-24 04:47:31.739040 No keyword with name 'Open Browser' found.
2026-06-24 04:47:31.739048 
2026-06-24 04:47:31.739055 Also teardown failed:
2026-06-24 04:47:31.739062 Several failures occurred:
2026-06-24 04:47:31.739068 
2026-06-24 04:47:31.739074 1) No keyword with name 'Register Keyword To Run On Failure' found.
2026-06-24 04:47:31.739080 
2026-06-24 04:47:31.739086 2) No keyword with name 'Close Browser' found. Did you mean:
2026-06-24 04:47:31.739092     common.Close Test Browser
2026-06-24 04:47:31.739098 ------------------------------------------------------------------------------
2026-06-24 04:47:31.739104 Suites.Cart.TC22 add from recommended items :: TC22 - Add To Cart ... | FAIL |
2026-06-24 04:47:31.739611 1 test, 0 passed, 1 failed
2026-06-24 04:47:31.739657 ==============================================================================
2026-06-24 04:47:31.739666 Suites.Cart                                                           | FAIL |
2026-06-24 04:47:31.739946 1 test, 0 passed, 1 failed
2026-06-24 04:47:31.739990 ==============================================================================
2026-06-24 04:47:31.739998 Suites                                                                | FAIL |
2026-06-24 04:47:31.740247 1 test, 0 passed, 1 failed
2026-06-24 04:47:31.740293 ==============================================================================
2026-06-24 04:47:31.740301 Output:  /home/runner/work/engg-robot-testing-framework/engg-robot-testing-framework/reports/pabot_results/9/output.xml
