2026-07-15 03:45:01.424002 ==============================================================================
2026-07-15 03:45:01.455083 Suites
2026-07-15 03:45:01.455099 ==============================================================================
2026-07-15 03:45:01.455109 Suites.Cart
2026-07-15 03:45:01.455688 ==============================================================================
2026-07-15 03:45:01.455705 Suites.Cart.TC12 add products to cart :: TC12 - Add Products In Cart
2026-07-15 03:45:01.455705 [ ERROR ] Error in file '/home/runner/work/engg-robot-testing-framework/engg-robot-testing-framework/resources/common.resource' on line 4: Importing library 'playwright_keyword_library.PlaywrightKeywordLibrary' failed: ModuleNotFoundError: No module named 'playwright_keyword_library'
2026-07-15 03:45:01.476832 ==============================================================================
2026-07-15 03:45:01.476832 Traceback (most recent call last):
2026-07-15 03:45:01.476845   None
2026-07-15 03:45:01.526969 PYTHONPATH:
2026-07-15 03:45:01.577110   /opt/hostedtoolcache/Python/3.11.15/x64/bin
2026-07-15 03:45:01.627236   /opt/hostedtoolcache/Python/3.11.15/x64/lib/python311.zip
2026-07-15 03:45:01.677367   /opt/hostedtoolcache/Python/3.11.15/x64/lib/python3.11
2026-07-15 03:45:01.727494   /opt/hostedtoolcache/Python/3.11.15/x64/lib/python3.11/lib-dynload
2026-07-15 03:45:01.777624   /opt/hostedtoolcache/Python/3.11.15/x64/lib/python3.11/site-packages
2026-07-15 03:45:01.827768 [ ERROR ] Error in file '/home/runner/work/engg-robot-testing-framework/engg-robot-testing-framework/resources/product_keywords.resource' on line 2: Importing library 'playwright_keyword_library.PlaywrightKeywordLibrary' failed: ModuleNotFoundError: No module named 'playwright_keyword_library'
2026-07-15 03:45:01.877901 Traceback (most recent call last):
2026-07-15 03:45:01.928024   None
2026-07-15 03:45:01.978161 PYTHONPATH:
2026-07-15 03:45:02.028285   /opt/hostedtoolcache/Python/3.11.15/x64/bin
2026-07-15 03:45:02.078401   /opt/hostedtoolcache/Python/3.11.15/x64/lib/python311.zip
2026-07-15 03:45:02.128531   /opt/hostedtoolcache/Python/3.11.15/x64/lib/python3.11
2026-07-15 03:45:02.178641   /opt/hostedtoolcache/Python/3.11.15/x64/lib/python3.11/lib-dynload
2026-07-15 03:45:02.228806   /opt/hostedtoolcache/Python/3.11.15/x64/lib/python3.11/site-packages
2026-07-15 03:45:02.278933 [ ERROR ] Error in file '/home/runner/work/engg-robot-testing-framework/engg-robot-testing-framework/resources/cart_keywords.resource' on line 2: Importing library 'playwright_keyword_library.PlaywrightKeywordLibrary' failed: ModuleNotFoundError: No module named 'playwright_keyword_library'
2026-07-15 03:45:02.329066 Traceback (most recent call last):
2026-07-15 03:45:02.379200   None
2026-07-15 03:45:02.429325 PYTHONPATH:
2026-07-15 03:45:02.479459   /opt/hostedtoolcache/Python/3.11.15/x64/bin
2026-07-15 03:45:02.529580   /opt/hostedtoolcache/Python/3.11.15/x64/lib/python311.zip
2026-07-15 03:45:02.579695   /opt/hostedtoolcache/Python/3.11.15/x64/lib/python3.11
2026-07-15 03:45:02.629825   /opt/hostedtoolcache/Python/3.11.15/x64/lib/python3.11/lib-dynload
2026-07-15 03:45:02.679958   /opt/hostedtoolcache/Python/3.11.15/x64/lib/python3.11/site-packages
2026-07-15 03:45:11.448858 TC12 Add Products In Cart                                             | FAIL |
2026-07-15 03:45:11.485143 Setup failed:
2026-07-15 03:45:11.485155 No keyword with name 'Open Browser' found.
2026-07-15 03:45:11.485165 
2026-07-15 03:45:11.485173 Also teardown failed:
2026-07-15 03:45:11.485181 Several failures occurred:
2026-07-15 03:45:11.485188 
2026-07-15 03:45:11.485196 1) No keyword with name 'Register Keyword To Run On Failure' found.
2026-07-15 03:45:11.485204 
2026-07-15 03:45:11.485211 2) No keyword with name 'Close Browser' found. Did you mean:
2026-07-15 03:45:11.485219     common.Close Test Browser
2026-07-15 03:45:11.485226 ------------------------------------------------------------------------------
2026-07-15 03:45:11.485233 Suites.Cart.TC12 add products to cart :: TC12 - Add Products In Cart  | FAIL |
2026-07-15 03:45:11.485610 1 test, 0 passed, 1 failed
2026-07-15 03:45:11.485654 ==============================================================================
2026-07-15 03:45:11.485661 Suites.Cart                                                           | FAIL |
2026-07-15 03:45:11.485930 1 test, 0 passed, 1 failed
2026-07-15 03:45:11.485939 ==============================================================================
2026-07-15 03:45:11.485947 Suites                                                                | FAIL |
2026-07-15 03:45:11.486167 1 test, 0 passed, 1 failed
2026-07-15 03:45:11.486210 ==============================================================================
2026-07-15 03:45:11.486219 Output:  /home/runner/work/engg-robot-testing-framework/engg-robot-testing-framework/reports/pabot_results/5/output.xml
