2026-08-05 03:43:04.671100 ==============================================================================
2026-08-05 03:43:04.689432 Suites
2026-08-05 03:43:04.689465 ==============================================================================
2026-08-05 03:43:04.689487 Suites.Auth
2026-08-05 03:43:04.690344 ==============================================================================
2026-08-05 03:43:04.690366 Suites.Auth.TC02 login valid
2026-08-05 03:43:04.690366 [ ERROR ] Error in file '/home/runner/work/engg-robot-testing-framework/engg-robot-testing-framework/tests/auth/TC02_login_valid.robot' on line 2: Importing library 'playwright_keyword_library.PlaywrightKeywordLibrary' failed: ModuleNotFoundError: No module named 'playwright_keyword_library'
2026-08-05 03:43:04.710095 ==============================================================================
2026-08-05 03:43:04.710095 Traceback (most recent call last):
2026-08-05 03:43:04.710134   None
2026-08-05 03:43:04.760299 PYTHONPATH:
2026-08-05 03:43:04.810537   /opt/hostedtoolcache/Python/3.11.15/x64/bin
2026-08-05 03:43:04.860704   /opt/hostedtoolcache/Python/3.11.15/x64/lib/python311.zip
2026-08-05 03:43:04.910918   /opt/hostedtoolcache/Python/3.11.15/x64/lib/python3.11
2026-08-05 03:43:04.961108   /opt/hostedtoolcache/Python/3.11.15/x64/lib/python3.11/lib-dynload
2026-08-05 03:43:05.011435   /opt/hostedtoolcache/Python/3.11.15/x64/lib/python3.11/site-packages
2026-08-05 03:43:05.061678 [ ERROR ] Error in file '/home/runner/work/engg-robot-testing-framework/engg-robot-testing-framework/resources/auth_keywords.resource' on line 2: Importing library 'playwright_keyword_library.PlaywrightKeywordLibrary' failed: ModuleNotFoundError: No module named 'playwright_keyword_library'
2026-08-05 03:43:05.112001 Traceback (most recent call last):
2026-08-05 03:43:05.162207   None
2026-08-05 03:43:05.212499 PYTHONPATH:
2026-08-05 03:43:05.262726   /opt/hostedtoolcache/Python/3.11.15/x64/bin
2026-08-05 03:43:05.313048   /opt/hostedtoolcache/Python/3.11.15/x64/lib/python311.zip
2026-08-05 03:43:05.363261   /opt/hostedtoolcache/Python/3.11.15/x64/lib/python3.11
2026-08-05 03:43:05.413567   /opt/hostedtoolcache/Python/3.11.15/x64/lib/python3.11/lib-dynload
2026-08-05 03:43:05.463791   /opt/hostedtoolcache/Python/3.11.15/x64/lib/python3.11/site-packages
2026-08-05 03:43:05.514095 [ ERROR ] Error in file '/home/runner/work/engg-robot-testing-framework/engg-robot-testing-framework/resources/common.resource' on line 4: Importing library 'playwright_keyword_library.PlaywrightKeywordLibrary' failed: ModuleNotFoundError: No module named 'playwright_keyword_library'
2026-08-05 03:43:05.564322 Traceback (most recent call last):
2026-08-05 03:43:05.614624   None
2026-08-05 03:43:05.664896 PYTHONPATH:
2026-08-05 03:43:05.715070   /opt/hostedtoolcache/Python/3.11.15/x64/bin
2026-08-05 03:43:05.765357   /opt/hostedtoolcache/Python/3.11.15/x64/lib/python311.zip
2026-08-05 03:43:05.815597   /opt/hostedtoolcache/Python/3.11.15/x64/lib/python3.11
2026-08-05 03:43:05.865870   /opt/hostedtoolcache/Python/3.11.15/x64/lib/python3.11/lib-dynload
2026-08-05 03:43:05.916134   /opt/hostedtoolcache/Python/3.11.15/x64/lib/python3.11/site-packages
2026-08-05 03:43:14.693733 TC02 Login User With Correct Email And Password                       | FAIL |
2026-08-05 03:43:14.721354 Setup failed:
2026-08-05 03:43:14.721387 No keyword with name 'Open Browser' found.
2026-08-05 03:43:14.721410 
2026-08-05 03:43:14.721436 Also teardown failed:
2026-08-05 03:43:14.721458 Several failures occurred:
2026-08-05 03:43:14.721479 
2026-08-05 03:43:14.721503 1) No keyword with name 'Register Keyword To Run On Failure' found.
2026-08-05 03:43:14.721526 
2026-08-05 03:43:14.721545 2) No keyword with name 'Close Browser' found. Did you mean:
2026-08-05 03:43:14.721569     common.Close Test Browser
2026-08-05 03:43:14.721589 ------------------------------------------------------------------------------
2026-08-05 03:43:14.721608 Suites.Auth.TC02 login valid                                          | FAIL |
2026-08-05 03:43:14.722142 1 test, 0 passed, 1 failed
2026-08-05 03:43:14.722840 ==============================================================================
2026-08-05 03:43:14.722856 Suites.Auth                                                           | FAIL |
2026-08-05 03:43:14.722869 1 test, 0 passed, 1 failed
2026-08-05 03:43:14.722882 ==============================================================================
2026-08-05 03:43:14.722896 Suites                                                                | FAIL |
2026-08-05 03:43:14.723234 1 test, 0 passed, 1 failed
2026-08-05 03:43:14.723284 ==============================================================================
2026-08-05 03:43:14.723299 Output:  /home/runner/work/engg-robot-testing-framework/engg-robot-testing-framework/reports/pabot_results/1/output.xml
