2026-06-27 04:34:40.633133 ==============================================================================
2026-06-27 04:34:40.657382 Suites
2026-06-27 04:34:40.657402 ==============================================================================
2026-06-27 04:34:40.657417 Suites.Auth
2026-06-27 04:34:40.657417 [ ERROR ] Error in file '/home/runner/work/engg-robot-testing-framework/engg-robot-testing-framework/tests/auth/TC04_logout_user.robot' on line 2: Importing library 'playwright_keyword_library.PlaywrightKeywordLibrary' failed: ModuleNotFoundError: No module named 'playwright_keyword_library'
2026-06-27 04:34:40.660276 ==============================================================================
2026-06-27 04:34:40.660276 Traceback (most recent call last):
2026-06-27 04:34:40.660292 Suites.Auth.TC04 logout user
2026-06-27 04:34:40.660292   None
2026-06-27 04:34:40.678291 ==============================================================================
2026-06-27 04:34:40.678291 PYTHONPATH:
2026-06-27 04:34:40.678317   /opt/hostedtoolcache/Python/3.11.15/x64/bin
2026-06-27 04:34:40.728461   /opt/hostedtoolcache/Python/3.11.15/x64/lib/python311.zip
2026-06-27 04:34:40.778581   /opt/hostedtoolcache/Python/3.11.15/x64/lib/python3.11
2026-06-27 04:34:40.828704   /opt/hostedtoolcache/Python/3.11.15/x64/lib/python3.11/lib-dynload
2026-06-27 04:34:40.878825   /opt/hostedtoolcache/Python/3.11.15/x64/lib/python3.11/site-packages
2026-06-27 04:34:40.928958 [ ERROR ] Error in file '/home/runner/work/engg-robot-testing-framework/engg-robot-testing-framework/resources/auth_keywords.resource' on line 2: Importing library 'playwright_keyword_library.PlaywrightKeywordLibrary' failed: ModuleNotFoundError: No module named 'playwright_keyword_library'
2026-06-27 04:34:40.979111 Traceback (most recent call last):
2026-06-27 04:34:41.029274   None
2026-06-27 04:34:41.079384 PYTHONPATH:
2026-06-27 04:34:41.129544   /opt/hostedtoolcache/Python/3.11.15/x64/bin
2026-06-27 04:34:41.179697   /opt/hostedtoolcache/Python/3.11.15/x64/lib/python311.zip
2026-06-27 04:34:41.229868   /opt/hostedtoolcache/Python/3.11.15/x64/lib/python3.11
2026-06-27 04:34:41.279982   /opt/hostedtoolcache/Python/3.11.15/x64/lib/python3.11/lib-dynload
2026-06-27 04:34:41.330094   /opt/hostedtoolcache/Python/3.11.15/x64/lib/python3.11/site-packages
2026-06-27 04:34:41.380198 [ ERROR ] Error in file '/home/runner/work/engg-robot-testing-framework/engg-robot-testing-framework/resources/common.resource' on line 4: Importing library 'playwright_keyword_library.PlaywrightKeywordLibrary' failed: ModuleNotFoundError: No module named 'playwright_keyword_library'
2026-06-27 04:34:41.430337 Traceback (most recent call last):
2026-06-27 04:34:41.480447   None
2026-06-27 04:34:41.530609 PYTHONPATH:
2026-06-27 04:34:41.580715   /opt/hostedtoolcache/Python/3.11.15/x64/bin
2026-06-27 04:34:41.630868   /opt/hostedtoolcache/Python/3.11.15/x64/lib/python311.zip
2026-06-27 04:34:41.681000   /opt/hostedtoolcache/Python/3.11.15/x64/lib/python3.11
2026-06-27 04:34:41.731147   /opt/hostedtoolcache/Python/3.11.15/x64/lib/python3.11/lib-dynload
2026-06-27 04:34:41.781266   /opt/hostedtoolcache/Python/3.11.15/x64/lib/python3.11/site-packages
2026-06-27 04:34:50.652580 TC04 Logout User                                                      | FAIL |
2026-06-27 04:34:50.688245 Setup failed:
2026-06-27 04:34:50.688262 No keyword with name 'Open Browser' found.
2026-06-27 04:34:50.688276 
2026-06-27 04:34:50.688289 Also teardown failed:
2026-06-27 04:34:50.688304 Several failures occurred:
2026-06-27 04:34:50.688317 
2026-06-27 04:34:50.688330 1) No keyword with name 'Register Keyword To Run On Failure' found.
2026-06-27 04:34:50.688344 
2026-06-27 04:34:50.688357 2) No keyword with name 'Close Browser' found. Did you mean:
2026-06-27 04:34:50.688370     common.Close Test Browser
2026-06-27 04:34:50.688382 ------------------------------------------------------------------------------
2026-06-27 04:34:50.688394 Suites.Auth.TC04 logout user                                          | FAIL |
2026-06-27 04:34:50.688910 1 test, 0 passed, 1 failed
2026-06-27 04:34:50.688990 ==============================================================================
2026-06-27 04:34:50.689007 Suites.Auth                                                           | FAIL |
2026-06-27 04:34:50.689369 1 test, 0 passed, 1 failed
2026-06-27 04:34:50.689385 ==============================================================================
2026-06-27 04:34:50.689399 Suites                                                                | FAIL |
2026-06-27 04:34:50.689705 1 test, 0 passed, 1 failed
2026-06-27 04:34:50.689765 ==============================================================================
2026-06-27 04:34:50.689780 Output:  /home/runner/work/engg-robot-testing-framework/engg-robot-testing-framework/reports/pabot_results/3/output.xml
