2026-10-02 06:00:27.503998 ==============================================================================
2026-10-02 06:00:27.531243 Suites
2026-10-02 06:00:27.531257 ==============================================================================
2026-10-02 06:00:27.531267 Suites.Cart
2026-10-02 06:00:27.531843 ==============================================================================
2026-10-02 06:00:27.531855 Suites.Cart.TC22 add from recommended items :: TC22 - Add To Cart From Reco...
2026-10-02 06:00:27.531855 [ ERROR ] Error in file '/home/runner/work/engg-robot-testing-framework/engg-robot-testing-framework/resources/common.resource' on line 4: Importing library 'playwright_keyword_library.PlaywrightKeywordLibrary' failed: ModuleNotFoundError: No module named 'playwright_keyword_library'
2026-10-02 06:00:27.547840 ==============================================================================
2026-10-02 06:00:27.547840 Traceback (most recent call last):
2026-10-02 06:00:27.547858   None
2026-10-02 06:00:27.597999 PYTHONPATH:
2026-10-02 06:00:27.648168   /opt/hostedtoolcache/Python/3.11.16/x64/bin
2026-10-02 06:00:27.698329   /opt/hostedtoolcache/Python/3.11.16/x64/lib/python311.zip
2026-10-02 06:00:27.748483   /opt/hostedtoolcache/Python/3.11.16/x64/lib/python3.11
2026-10-02 06:00:27.798641   /opt/hostedtoolcache/Python/3.11.16/x64/lib/python3.11/lib-dynload
2026-10-02 06:00:27.848800   /opt/hostedtoolcache/Python/3.11.16/x64/lib/python3.11/site-packages
2026-10-02 06:00:27.898966 [ ERROR ] Error in file '/home/runner/work/engg-robot-testing-framework/engg-robot-testing-framework/resources/cart_keywords.resource' on line 2: Importing library 'playwright_keyword_library.PlaywrightKeywordLibrary' failed: ModuleNotFoundError: No module named 'playwright_keyword_library'
2026-10-02 06:00:27.949142 Traceback (most recent call last):
2026-10-02 06:00:27.999292   None
2026-10-02 06:00:28.049459 PYTHONPATH:
2026-10-02 06:00:28.099626   /opt/hostedtoolcache/Python/3.11.16/x64/bin
2026-10-02 06:00:28.149775   /opt/hostedtoolcache/Python/3.11.16/x64/lib/python311.zip
2026-10-02 06:00:28.199926   /opt/hostedtoolcache/Python/3.11.16/x64/lib/python3.11
2026-10-02 06:00:28.250080   /opt/hostedtoolcache/Python/3.11.16/x64/lib/python3.11/lib-dynload
2026-10-02 06:00:28.300231   /opt/hostedtoolcache/Python/3.11.16/x64/lib/python3.11/site-packages
2026-10-02 06:00:37.521658 TC22 Add To Cart From Recommended Items                               | FAIL |
2026-10-02 06:00:37.555695 Setup failed:
2026-10-02 06:00:37.555705 No keyword with name 'Open Browser' found.
2026-10-02 06:00:37.555712 
2026-10-02 06:00:37.555717 Also teardown failed:
2026-10-02 06:00:37.555723 Several failures occurred:
2026-10-02 06:00:37.555728 
2026-10-02 06:00:37.555733 1) No keyword with name 'Register Keyword To Run On Failure' found.
2026-10-02 06:00:37.555739 
2026-10-02 06:00:37.555744 2) No keyword with name 'Close Browser' found. Did you mean:
2026-10-02 06:00:37.555749     common.Close Test Browser
2026-10-02 06:00:37.555754 ------------------------------------------------------------------------------
2026-10-02 06:00:37.555760 Suites.Cart.TC22 add from recommended items :: TC22 - Add To Cart ... | FAIL |
2026-10-02 06:00:37.556151 1 test, 0 passed, 1 failed
2026-10-02 06:00:37.556158 ==============================================================================
2026-10-02 06:00:37.556164 Suites.Cart                                                           | FAIL |
2026-10-02 06:00:37.556407 1 test, 0 passed, 1 failed
2026-10-02 06:00:37.556413 ==============================================================================
2026-10-02 06:00:37.556418 Suites                                                                | FAIL |
2026-10-02 06:00:37.556597 1 test, 0 passed, 1 failed
2026-10-02 06:00:37.556633 ==============================================================================
2026-10-02 06:00:37.556639 Output:  /home/runner/work/engg-robot-testing-framework/engg-robot-testing-framework/reports/pabot_results/9/output.xml
