2026-06-28 05:02:27.706915 ==============================================================================
2026-06-28 05:02:27.720694 Suites
2026-06-28 05:02:27.720714 ==============================================================================
2026-06-28 05:02:27.720729 Suites.Cart
2026-06-28 05:02:27.721528 ==============================================================================
2026-06-28 05:02:27.721547 Suites.Cart.TC17 remove products from cart :: TC17 - Remove Products From Cart
2026-06-28 05:02:27.721547 [ ERROR ] Error in file '/home/runner/work/engg-robot-testing-framework/engg-robot-testing-framework/resources/common.resource' on line 4: Importing library 'playwright_keyword_library.PlaywrightKeywordLibrary' failed: ModuleNotFoundError: No module named 'playwright_keyword_library'
2026-06-28 05:02:27.751392 ==============================================================================
2026-06-28 05:02:27.751392 Traceback (most recent call last):
2026-06-28 05:02:27.751416   None
2026-06-28 05:02:27.801519 PYTHONPATH:
2026-06-28 05:02:27.851608   /opt/hostedtoolcache/Python/3.11.15/x64/bin
2026-06-28 05:02:27.901710   /opt/hostedtoolcache/Python/3.11.15/x64/lib/python311.zip
2026-06-28 05:02:27.951784   /opt/hostedtoolcache/Python/3.11.15/x64/lib/python3.11
2026-06-28 05:02:28.001882   /opt/hostedtoolcache/Python/3.11.15/x64/lib/python3.11/lib-dynload
2026-06-28 05:02:28.052006   /opt/hostedtoolcache/Python/3.11.15/x64/lib/python3.11/site-packages
2026-06-28 05:02:28.102153 [ ERROR ] Error in file '/home/runner/work/engg-robot-testing-framework/engg-robot-testing-framework/resources/product_keywords.resource' on line 2: Importing library 'playwright_keyword_library.PlaywrightKeywordLibrary' failed: ModuleNotFoundError: No module named 'playwright_keyword_library'
2026-06-28 05:02:28.152280 Traceback (most recent call last):
2026-06-28 05:02:28.202429   None
2026-06-28 05:02:28.252557 PYTHONPATH:
2026-06-28 05:02:28.302701   /opt/hostedtoolcache/Python/3.11.15/x64/bin
2026-06-28 05:02:28.352826   /opt/hostedtoolcache/Python/3.11.15/x64/lib/python311.zip
2026-06-28 05:02:28.402974   /opt/hostedtoolcache/Python/3.11.15/x64/lib/python3.11
2026-06-28 05:02:28.453106   /opt/hostedtoolcache/Python/3.11.15/x64/lib/python3.11/lib-dynload
2026-06-28 05:02:28.503250   /opt/hostedtoolcache/Python/3.11.15/x64/lib/python3.11/site-packages
2026-06-28 05:02:28.553439 [ ERROR ] Error in file '/home/runner/work/engg-robot-testing-framework/engg-robot-testing-framework/resources/cart_keywords.resource' on line 2: Importing library 'playwright_keyword_library.PlaywrightKeywordLibrary' failed: ModuleNotFoundError: No module named 'playwright_keyword_library'
2026-06-28 05:02:28.603587 Traceback (most recent call last):
2026-06-28 05:02:28.653734   None
2026-06-28 05:02:28.703883 PYTHONPATH:
2026-06-28 05:02:28.754032   /opt/hostedtoolcache/Python/3.11.15/x64/bin
2026-06-28 05:02:28.804177   /opt/hostedtoolcache/Python/3.11.15/x64/lib/python311.zip
2026-06-28 05:02:28.854320   /opt/hostedtoolcache/Python/3.11.15/x64/lib/python3.11
2026-06-28 05:02:28.904467   /opt/hostedtoolcache/Python/3.11.15/x64/lib/python3.11/lib-dynload
2026-06-28 05:02:28.954611   /opt/hostedtoolcache/Python/3.11.15/x64/lib/python3.11/site-packages
2026-06-28 05:02:37.725575 TC17 Remove Products From Cart                                        | FAIL |
2026-06-28 05:02:37.762553 Setup failed:
2026-06-28 05:02:37.762569 No keyword with name 'Open Browser' found.
2026-06-28 05:02:37.762583 
2026-06-28 05:02:37.762596 Also teardown failed:
2026-06-28 05:02:37.762609 Several failures occurred:
2026-06-28 05:02:37.762622 
2026-06-28 05:02:37.762635 1) No keyword with name 'Register Keyword To Run On Failure' found.
2026-06-28 05:02:37.762648 
2026-06-28 05:02:37.762660 2) No keyword with name 'Close Browser' found. Did you mean:
2026-06-28 05:02:37.762673     common.Close Test Browser
2026-06-28 05:02:37.762685 ------------------------------------------------------------------------------
2026-06-28 05:02:37.762696 Suites.Cart.TC17 remove products from cart :: TC17 - Remove Produc... | FAIL |
2026-06-28 05:02:37.763243 1 test, 0 passed, 1 failed
2026-06-28 05:02:37.763268 ==============================================================================
2026-06-28 05:02:37.763334 Suites.Cart                                                           | FAIL |
2026-06-28 05:02:37.763667 1 test, 0 passed, 1 failed
2026-06-28 05:02:37.763683 ==============================================================================
2026-06-28 05:02:37.763696 Suites                                                                | FAIL |
2026-06-28 05:02:37.764015 1 test, 0 passed, 1 failed
2026-06-28 05:02:37.764072 ==============================================================================
2026-06-28 05:02:37.764086 Output:  /home/runner/work/engg-robot-testing-framework/engg-robot-testing-framework/reports/pabot_results/7/output.xml
