[INFO]    Initialized logging in reports/pabot_results
[INFO]    Robot Framework remote server at 127.0.0.1:8270 started.
[DEBUG]   2026-05-27 04:55:27.550880 [PID:2373] [0] [ID:0] EXECUTING Suites.Auth.TC01 register user
[DEBUG]   2026-05-27 04:55:27.552792 [PID:2374] [1] [ID:1] EXECUTING Suites.Auth.TC02 login valid
[DEBUG]   2026-05-27 04:55:32.557868 [PID:2373] [0] [ID:0] still running Suites.Auth.TC01 register user after 5.0s
[DEBUG]   2026-05-27 04:55:32.558372 [PID:2374] [1] [ID:1] still running Suites.Auth.TC02 login valid after 5.0s
[DEBUG]   2026-05-27 04:55:42.575193 [PID:2374] [1] [ID:1] still running Suites.Auth.TC02 login valid after 15.0s
[DEBUG]   2026-05-27 04:55:42.576411 [PID:2373] [0] [ID:0] still running Suites.Auth.TC01 register user after 15.0s
[DEBUG]   2026-05-27 04:55:57.595399 [PID:2373] [0] [ID:0] still running Suites.Auth.TC01 register user after 30.0s
[DEBUG]   2026-05-27 04:55:57.596359 [PID:2374] [1] [ID:1] still running Suites.Auth.TC02 login valid after 30.0s
[INFO]    2026-05-27 04:56:09.313634 [PID:2374] [1] [ID:1] PASSED Suites.Auth.TC02 login valid in 41.8 seconds
[DEBUG]   2026-05-27 04:56:09.318546 [PID:2873] [0] [ID:2] EXECUTING Suites.Auth.TC03 login invalid
[DEBUG]   2026-05-27 04:56:14.325610 [PID:2873] [0] [ID:2] still running Suites.Auth.TC03 login invalid after 5.0s
[DEBUG]   2026-05-27 04:56:17.620520 [PID:2373] [0] [ID:0] still running Suites.Auth.TC01 register user after 50.0s
[DEBUG]   2026-05-27 04:56:24.334438 [PID:2873] [0] [ID:2] still running Suites.Auth.TC03 login invalid after 15.0s
[INFO]    2026-05-27 04:56:24.437617 [PID:2873] [0] [ID:2] PASSED Suites.Auth.TC03 login invalid in 15.1 seconds
[DEBUG]   2026-05-27 04:56:24.443394 [PID:3112] [1] [ID:3] EXECUTING Suites.Auth.TC04 logout user
[DEBUG]   2026-05-27 04:56:29.449159 [PID:3112] [1] [ID:3] still running Suites.Auth.TC04 logout user after 5.0s
[DEBUG]   2026-05-27 04:56:39.458842 [PID:3112] [1] [ID:3] still running Suites.Auth.TC04 logout user after 15.0s
[DEBUG]   2026-05-27 04:56:42.652003 [PID:2373] [0] [ID:0] still running Suites.Auth.TC01 register user after 75.0s
[INFO]    2026-05-27 04:56:52.466513 [PID:2373] [0] [ID:0] Execution failed in Suites.Auth.TC01 register user with 1 failing test(s)
==============================================================================
Suites
==============================================================================
Suites.Auth
==============================================================================
Suites.Auth.TC01 register user
==============================================================================
TC01 Register User                                                    | FAIL |
Element 'css=li a b' did not appear in 45 seconds.
------------------------------------------------------------------------------
Suites.Auth.TC01 register user                                        | FAIL |
1 test, 0 passed, 1 failed
==============================================================================
Suites.Auth                                                           | FAIL |
1 test, 0 passed, 1 failed
==============================================================================
Suites                                                                | FAIL |
1 test, 0 passed, 1 failed
==============================================================================
Output:  /home/runner/work/engg-robot-testing-framework/engg-robot-testing-framework/reports/pabot_results/0/output.xml
[DEBUG]   2026-05-27 04:56:52.472118 [PID:3528] [0] [ID:4] EXECUTING Suites.Auth.TC05 register existing email
[DEBUG]   2026-05-27 04:56:54.474401 [PID:3112] [1] [ID:3] still running Suites.Auth.TC04 logout user after 30.0s
[INFO]    2026-05-27 04:56:56.080252 [PID:3112] [1] [ID:3] PASSED Suites.Auth.TC04 logout user in 31.6 seconds
[DEBUG]   2026-05-27 04:56:56.086280 [PID:3695] [1] [ID:5] EXECUTING Suites.Cart.TC12 add products to cart
[DEBUG]   2026-05-27 04:56:57.480817 [PID:3528] [0] [ID:4] still running Suites.Auth.TC05 register existing email after 5.0s
[DEBUG]   2026-05-27 04:57:01.092960 [PID:3695] [1] [ID:5] still running Suites.Cart.TC12 add products to cart after 5.0s
[DEBUG]   2026-05-27 04:57:07.494509 [PID:3528] [0] [ID:4] still running Suites.Auth.TC05 register existing email after 15.0s
[DEBUG]   2026-05-27 04:57:11.104901 [PID:3695] [1] [ID:5] still running Suites.Cart.TC12 add products to cart after 15.0s
[INFO]    2026-05-27 04:57:13.911641 [PID:3695] [1] [ID:5] PASSED Suites.Cart.TC12 add products to cart in 17.8 seconds
[DEBUG]   2026-05-27 04:57:13.917434 [PID:4016] [0] [ID:6] EXECUTING Suites.Cart.TC13 verify product quantity
[DEBUG]   2026-05-27 04:57:18.926017 [PID:4016] [0] [ID:6] still running Suites.Cart.TC13 verify product quantity after 5.0s
[DEBUG]   2026-05-27 04:57:22.514294 [PID:3528] [0] [ID:4] still running Suites.Auth.TC05 register existing email after 30.0s
[INFO]    2026-05-27 04:57:28.340987 [PID:4016] [0] [ID:6] PASSED Suites.Cart.TC13 verify product quantity in 14.4 seconds
[DEBUG]   2026-05-27 04:57:28.346216 [PID:4264] [1] [ID:7] EXECUTING Suites.Cart.TC17 remove products from cart
[DEBUG]   2026-05-27 04:57:33.351905 [PID:4264] [1] [ID:7] still running Suites.Cart.TC17 remove products from cart after 5.0s
[DEBUG]   2026-05-27 04:57:42.542007 [PID:3528] [0] [ID:4] still running Suites.Auth.TC05 register existing email after 50.0s
[DEBUG]   2026-05-27 04:57:43.364777 [PID:4264] [1] [ID:7] still running Suites.Cart.TC17 remove products from cart after 15.0s
[INFO]    2026-05-27 04:57:46.273716 [PID:4264] [1] [ID:7] PASSED Suites.Cart.TC17 remove products from cart in 17.9 seconds
[DEBUG]   2026-05-27 04:57:46.279324 [PID:4501] [0] [ID:8] EXECUTING Suites.Cart.TC20 search and verify cart after login
[DEBUG]   2026-05-27 04:57:51.285639 [PID:4501] [0] [ID:8] still running Suites.Cart.TC20 search and verify cart after login after 5.0s
[DEBUG]   2026-05-27 04:58:01.297307 [PID:4501] [0] [ID:8] still running Suites.Cart.TC20 search and verify cart after login after 15.0s
[INFO]    2026-05-27 04:58:07.582815 [PID:3528] [0] [ID:4] Execution failed in Suites.Auth.TC05 register existing email with 1 failing test(s)
==============================================================================
Suites
==============================================================================
Suites.Auth
==============================================================================
Suites.Auth.TC05 register existing email
==============================================================================
TC05 Register User With Existing Email                                | FAIL |
Element 'xpath=//a[contains(text(),'Logout')]' not visible after 45 seconds.
------------------------------------------------------------------------------
Suites.Auth.TC05 register existing email                              | FAIL |
1 test, 0 passed, 1 failed
==============================================================================
Suites.Auth                                                           | FAIL |
1 test, 0 passed, 1 failed
==============================================================================
Suites                                                                | FAIL |
1 test, 0 passed, 1 failed
==============================================================================
Output:  /home/runner/work/engg-robot-testing-framework/engg-robot-testing-framework/reports/pabot_results/4/output.xml
[DEBUG]   2026-05-27 04:58:07.588186 [PID:4917] [1] [ID:9] EXECUTING Suites.Cart.TC22 add from recommended items
[DEBUG]   2026-05-27 04:58:12.596921 [PID:4917] [1] [ID:9] still running Suites.Cart.TC22 add from recommended items after 5.0s
[DEBUG]   2026-05-27 04:58:16.315983 [PID:4501] [0] [ID:8] still running Suites.Cart.TC20 search and verify cart after login after 30.0s
[DEBUG]   2026-05-27 04:58:22.607287 [PID:4917] [1] [ID:9] still running Suites.Cart.TC22 add from recommended items after 15.0s
[INFO]    2026-05-27 04:58:22.626584 [PID:4501] [0] [ID:8] PASSED Suites.Cart.TC20 search and verify cart after login in 36.3 seconds
[INFO]    2026-05-27 04:58:24.812027 [PID:4917] [1] [ID:9] PASSED Suites.Cart.TC22 add from recommended items in 17.2 seconds
[INFO]    10 tests, 8 passed, 2 failed, 0 skipped.
[INFO]    ===================================================
[INFO]    Output:  /home/runner/work/engg-robot-testing-framework/engg-robot-testing-framework/reports/output.xml
[INFO]    Log:     /home/runner/work/engg-robot-testing-framework/engg-robot-testing-framework/reports/log.html
[INFO]    Report:  /home/runner/work/engg-robot-testing-framework/engg-robot-testing-framework/reports/report.html
[DEBUG]   Finalizing Pabot execution...
[DEBUG]   Stopping PabotLib process
[INFO]    Robot Framework remote server at 127.0.0.1:8270 stopped.
[DEBUG]   PabotLib process stopped
[INFO]    Total testing: 5 minutes 52.10 seconds
[INFO]    Elapsed time:  2 minutes 57.82 seconds
[DEBUG]   Logs flushed successfully.
