2026-10-10 06:13:25.088215 ==============================================================================
2026-10-10 06:13:25.114678 Suites
2026-10-10 06:13:25.114698 ==============================================================================
2026-10-10 06:13:25.114712 Suites.Cart
2026-10-10 06:13:25.115595 ==============================================================================
2026-10-10 06:13:25.115626 Suites.Cart.TC17 remove products from cart :: TC17 - Remove Products From Cart
2026-10-10 06:13:25.115626 [ ERROR ] Error in file '/home/runner/work/engg-robot-testing-framework/engg-robot-testing-framework/resources/common.resource' on line 4: Importing library 'playwright_keyword_library.PlaywrightKeywordLibrary' failed: ModuleNotFoundError: No module named 'playwright_keyword_library'
2026-10-10 06:13:25.146673 ==============================================================================
2026-10-10 06:13:25.146673 Traceback (most recent call last):
2026-10-10 06:13:25.146697   None
2026-10-10 06:13:25.196826 PYTHONPATH:
2026-10-10 06:13:25.246940   /opt/hostedtoolcache/Python/3.11.17/x64/bin
2026-10-10 06:13:25.297061   /opt/hostedtoolcache/Python/3.11.17/x64/lib/python311.zip
2026-10-10 06:13:25.347175   /opt/hostedtoolcache/Python/3.11.17/x64/lib/python3.11
2026-10-10 06:13:25.397293   /opt/hostedtoolcache/Python/3.11.17/x64/lib/python3.11/lib-dynload
2026-10-10 06:13:25.447399   /opt/hostedtoolcache/Python/3.11.17/x64/lib/python3.11/site-packages
2026-10-10 06:13:25.497550 [ ERROR ] Error in file '/home/runner/work/engg-robot-testing-framework/engg-robot-testing-framework/resources/product_keywords.resource' on line 2: Importing library 'playwright_keyword_library.PlaywrightKeywordLibrary' failed: ModuleNotFoundError: No module named 'playwright_keyword_library'
2026-10-10 06:13:25.547699 Traceback (most recent call last):
2026-10-10 06:13:25.597852   None
2026-10-10 06:13:25.647977 PYTHONPATH:
2026-10-10 06:13:25.698126   /opt/hostedtoolcache/Python/3.11.17/x64/bin
2026-10-10 06:13:25.748273   /opt/hostedtoolcache/Python/3.11.17/x64/lib/python311.zip
2026-10-10 06:13:25.798426   /opt/hostedtoolcache/Python/3.11.17/x64/lib/python3.11
2026-10-10 06:13:25.848544   /opt/hostedtoolcache/Python/3.11.17/x64/lib/python3.11/lib-dynload
2026-10-10 06:13:25.898717   /opt/hostedtoolcache/Python/3.11.17/x64/lib/python3.11/site-packages
2026-10-10 06:13:25.948876 [ ERROR ] Error in file '/home/runner/work/engg-robot-testing-framework/engg-robot-testing-framework/resources/cart_keywords.resource' on line 2: Importing library 'playwright_keyword_library.PlaywrightKeywordLibrary' failed: ModuleNotFoundError: No module named 'playwright_keyword_library'
2026-10-10 06:13:25.999054 Traceback (most recent call last):
2026-10-10 06:13:26.049192   None
2026-10-10 06:13:26.099460 PYTHONPATH:
2026-10-10 06:13:26.149621   /opt/hostedtoolcache/Python/3.11.17/x64/bin
2026-10-10 06:13:26.199914   /opt/hostedtoolcache/Python/3.11.17/x64/lib/python311.zip
2026-10-10 06:13:26.250054   /opt/hostedtoolcache/Python/3.11.17/x64/lib/python3.11
2026-10-10 06:13:26.300222   /opt/hostedtoolcache/Python/3.11.17/x64/lib/python3.11/lib-dynload
2026-10-10 06:13:26.350350   /opt/hostedtoolcache/Python/3.11.17/x64/lib/python3.11/site-packages
2026-10-10 06:13:35.127448 TC17 Remove Products From Cart                                        | FAIL |
2026-10-10 06:13:35.157865 Setup failed:
2026-10-10 06:13:35.157883 No keyword with name 'Open Browser' found.
2026-10-10 06:13:35.157904 
2026-10-10 06:13:35.157918 Also teardown failed:
2026-10-10 06:13:35.157935 Several failures occurred:
2026-10-10 06:13:35.157948 
2026-10-10 06:13:35.157961 1) No keyword with name 'Register Keyword To Run On Failure' found.
2026-10-10 06:13:35.157974 
2026-10-10 06:13:35.157986 2) No keyword with name 'Close Browser' found. Did you mean:
2026-10-10 06:13:35.158000     common.Close Test Browser
2026-10-10 06:13:35.158013 ------------------------------------------------------------------------------
2026-10-10 06:13:35.158102 Suites.Cart.TC17 remove products from cart :: TC17 - Remove Produc... | FAIL |
2026-10-10 06:13:35.158688 1 test, 0 passed, 1 failed
2026-10-10 06:13:35.158763 ==============================================================================
2026-10-10 06:13:35.158778 Suites.Cart                                                           | FAIL |
2026-10-10 06:13:35.159231 1 test, 0 passed, 1 failed
2026-10-10 06:13:35.159250 ==============================================================================
2026-10-10 06:13:35.159322 Suites                                                                | FAIL |
2026-10-10 06:13:35.159650 1 test, 0 passed, 1 failed
2026-10-10 06:13:35.159669 ==============================================================================
2026-10-10 06:13:35.159682 Output:  /home/runner/work/engg-robot-testing-framework/engg-robot-testing-framework/reports/pabot_results/7/output.xml
