2026-08-09 02:35:38.992222 ==============================================================================
2026-08-09 02:35:39.010516 Suites
2026-08-09 02:35:39.010537 ==============================================================================
2026-08-09 02:35:39.010550 Suites.Cart
2026-08-09 02:35:39.011299 ==============================================================================
2026-08-09 02:35:39.011316 Suites.Cart.TC22 add from recommended items :: TC22 - Add To Cart From Reco...
2026-08-09 02:35:39.011316 [ ERROR ] Error in file '/home/runner/work/engg-robot-testing-framework/engg-robot-testing-framework/resources/common.resource' on line 4: Importing library 'playwright_keyword_library.PlaywrightKeywordLibrary' failed: ModuleNotFoundError: No module named 'playwright_keyword_library'
2026-08-09 02:35:39.032668 ==============================================================================
2026-08-09 02:35:39.032668 Traceback (most recent call last):
2026-08-09 02:35:39.032693   None
2026-08-09 02:35:39.082839 PYTHONPATH:
2026-08-09 02:35:39.133093   /opt/hostedtoolcache/Python/3.11.15/x64/bin
2026-08-09 02:35:39.183277   /opt/hostedtoolcache/Python/3.11.15/x64/lib/python311.zip
2026-08-09 02:35:39.233498   /opt/hostedtoolcache/Python/3.11.15/x64/lib/python3.11
2026-08-09 02:35:39.283666   /opt/hostedtoolcache/Python/3.11.15/x64/lib/python3.11/lib-dynload
2026-08-09 02:35:39.333899   /opt/hostedtoolcache/Python/3.11.15/x64/lib/python3.11/site-packages
2026-08-09 02:35:39.384053 [ ERROR ] Error in file '/home/runner/work/engg-robot-testing-framework/engg-robot-testing-framework/resources/cart_keywords.resource' on line 2: Importing library 'playwright_keyword_library.PlaywrightKeywordLibrary' failed: ModuleNotFoundError: No module named 'playwright_keyword_library'
2026-08-09 02:35:39.434266 Traceback (most recent call last):
2026-08-09 02:35:39.484412   None
2026-08-09 02:35:39.534643 PYTHONPATH:
2026-08-09 02:35:39.584801   /opt/hostedtoolcache/Python/3.11.15/x64/bin
2026-08-09 02:35:39.635032   /opt/hostedtoolcache/Python/3.11.15/x64/lib/python311.zip
2026-08-09 02:35:39.685193   /opt/hostedtoolcache/Python/3.11.15/x64/lib/python3.11
2026-08-09 02:35:39.735414   /opt/hostedtoolcache/Python/3.11.15/x64/lib/python3.11/lib-dynload
2026-08-09 02:35:39.785562   /opt/hostedtoolcache/Python/3.11.15/x64/lib/python3.11/site-packages
2026-08-09 02:35:49.013723 TC22 Add To Cart From Recommended Items                               | FAIL |
2026-08-09 02:35:49.043010 Setup failed:
2026-08-09 02:35:49.043032 No keyword with name 'Open Browser' found.
2026-08-09 02:35:49.043045 
2026-08-09 02:35:49.043056 Also teardown failed:
2026-08-09 02:35:49.043067 Several failures occurred:
2026-08-09 02:35:49.043078 
2026-08-09 02:35:49.043089 1) No keyword with name 'Register Keyword To Run On Failure' found.
2026-08-09 02:35:49.043102 
2026-08-09 02:35:49.043112 2) No keyword with name 'Close Browser' found. Did you mean:
2026-08-09 02:35:49.043123     common.Close Test Browser
2026-08-09 02:35:49.043134 ------------------------------------------------------------------------------
2026-08-09 02:35:49.043145 Suites.Cart.TC22 add from recommended items :: TC22 - Add To Cart ... | FAIL |
2026-08-09 02:35:49.043622 1 test, 0 passed, 1 failed
2026-08-09 02:35:49.043637 ==============================================================================
2026-08-09 02:35:49.043650 Suites.Cart                                                           | FAIL |
2026-08-09 02:35:49.044014 1 test, 0 passed, 1 failed
2026-08-09 02:35:49.044029 ==============================================================================
2026-08-09 02:35:49.044042 Suites                                                                | FAIL |
2026-08-09 02:35:49.044307 1 test, 0 passed, 1 failed
2026-08-09 02:35:49.044327 ==============================================================================
2026-08-09 02:35:49.044369 Output:  /home/runner/work/engg-robot-testing-framework/engg-robot-testing-framework/reports/pabot_results/9/output.xml
