2026-08-29 07:17:00.200788 ==============================================================================
2026-08-29 07:17:00.249038 Suites
2026-08-29 07:17:00.249055 ==============================================================================
2026-08-29 07:17:00.249064 Suites.Cart
2026-08-29 07:17:00.249804 ==============================================================================
2026-08-29 07:17:00.249817 Suites.Cart.TC20 search and verify cart after login :: TC20 - Search Produc...
2026-08-29 07:17:00.249817 [ ERROR ] Error in file '/home/runner/work/engg-robot-testing-framework/engg-robot-testing-framework/tests/cart/TC20_search_and_verify_cart_after_login.robot' on line 3: Importing library 'playwright_keyword_library.PlaywrightKeywordLibrary' failed: ModuleNotFoundError: No module named 'playwright_keyword_library'
2026-08-29 07:17:00.279312 ==============================================================================
2026-08-29 07:17:00.279312 Traceback (most recent call last):
2026-08-29 07:17:00.279325   None
2026-08-29 07:17:00.329487 PYTHONPATH:
2026-08-29 07:17:00.379636   /opt/hostedtoolcache/Python/3.11.16/x64/bin
2026-08-29 07:17:00.429806   /opt/hostedtoolcache/Python/3.11.16/x64/lib/python311.zip
2026-08-29 07:17:00.479930   /opt/hostedtoolcache/Python/3.11.16/x64/lib/python3.11
2026-08-29 07:17:00.530088   /opt/hostedtoolcache/Python/3.11.16/x64/lib/python3.11/lib-dynload
2026-08-29 07:17:00.580252   /opt/hostedtoolcache/Python/3.11.16/x64/lib/python3.11/site-packages
2026-08-29 07:17:00.630425 [ ERROR ] Error in file '/home/runner/work/engg-robot-testing-framework/engg-robot-testing-framework/resources/common.resource' on line 4: Importing library 'playwright_keyword_library.PlaywrightKeywordLibrary' failed: ModuleNotFoundError: No module named 'playwright_keyword_library'
2026-08-29 07:17:00.680560 Traceback (most recent call last):
2026-08-29 07:17:00.730721   None
2026-08-29 07:17:00.780909 PYTHONPATH:
2026-08-29 07:17:00.831077   /opt/hostedtoolcache/Python/3.11.16/x64/bin
2026-08-29 07:17:00.881229   /opt/hostedtoolcache/Python/3.11.16/x64/lib/python311.zip
2026-08-29 07:17:00.931372   /opt/hostedtoolcache/Python/3.11.16/x64/lib/python3.11
2026-08-29 07:17:00.981536   /opt/hostedtoolcache/Python/3.11.16/x64/lib/python3.11/lib-dynload
2026-08-29 07:17:01.031673   /opt/hostedtoolcache/Python/3.11.16/x64/lib/python3.11/site-packages
2026-08-29 07:17:01.081830 [ ERROR ] Error in file '/home/runner/work/engg-robot-testing-framework/engg-robot-testing-framework/resources/product_keywords.resource' on line 2: Importing library 'playwright_keyword_library.PlaywrightKeywordLibrary' failed: ModuleNotFoundError: No module named 'playwright_keyword_library'
2026-08-29 07:17:01.132003 Traceback (most recent call last):
2026-08-29 07:17:01.182133   None
2026-08-29 07:17:01.232294 PYTHONPATH:
2026-08-29 07:17:01.282421   /opt/hostedtoolcache/Python/3.11.16/x64/bin
2026-08-29 07:17:01.332557   /opt/hostedtoolcache/Python/3.11.16/x64/lib/python311.zip
2026-08-29 07:17:01.382702   /opt/hostedtoolcache/Python/3.11.16/x64/lib/python3.11
2026-08-29 07:17:01.432824   /opt/hostedtoolcache/Python/3.11.16/x64/lib/python3.11/lib-dynload
2026-08-29 07:17:01.482959   /opt/hostedtoolcache/Python/3.11.16/x64/lib/python3.11/site-packages
2026-08-29 07:17:01.533092 [ ERROR ] Error in file '/home/runner/work/engg-robot-testing-framework/engg-robot-testing-framework/resources/cart_keywords.resource' on line 2: Importing library 'playwright_keyword_library.PlaywrightKeywordLibrary' failed: ModuleNotFoundError: No module named 'playwright_keyword_library'
2026-08-29 07:17:01.583242 Traceback (most recent call last):
2026-08-29 07:17:01.633364   None
2026-08-29 07:17:01.683494 PYTHONPATH:
2026-08-29 07:17:01.733612   /opt/hostedtoolcache/Python/3.11.16/x64/bin
2026-08-29 07:17:01.783768   /opt/hostedtoolcache/Python/3.11.16/x64/lib/python311.zip
2026-08-29 07:17:01.833906   /opt/hostedtoolcache/Python/3.11.16/x64/lib/python3.11
2026-08-29 07:17:01.884054   /opt/hostedtoolcache/Python/3.11.16/x64/lib/python3.11/lib-dynload
2026-08-29 07:17:01.934177   /opt/hostedtoolcache/Python/3.11.16/x64/lib/python3.11/site-packages
2026-08-29 07:17:01.984330 [ ERROR ] Error in file '/home/runner/work/engg-robot-testing-framework/engg-robot-testing-framework/resources/auth_keywords.resource' on line 2: Importing library 'playwright_keyword_library.PlaywrightKeywordLibrary' failed: ModuleNotFoundError: No module named 'playwright_keyword_library'
2026-08-29 07:17:02.034451 Traceback (most recent call last):
2026-08-29 07:17:02.084606   None
2026-08-29 07:17:02.134742 PYTHONPATH:
2026-08-29 07:17:02.184868   /opt/hostedtoolcache/Python/3.11.16/x64/bin
2026-08-29 07:17:02.234989   /opt/hostedtoolcache/Python/3.11.16/x64/lib/python311.zip
2026-08-29 07:17:02.285132   /opt/hostedtoolcache/Python/3.11.16/x64/lib/python3.11
2026-08-29 07:17:02.335266   /opt/hostedtoolcache/Python/3.11.16/x64/lib/python3.11/lib-dynload
2026-08-29 07:17:02.385402   /opt/hostedtoolcache/Python/3.11.16/x64/lib/python3.11/site-packages
2026-08-29 07:17:10.249481 TC20 Search Products And Verify Cart After Login                      | FAIL |
2026-08-29 07:17:10.289874 Setup failed:
2026-08-29 07:17:10.289894 No keyword with name 'Open Browser' found.
2026-08-29 07:17:10.289904 
2026-08-29 07:17:10.289913 Also teardown failed:
2026-08-29 07:17:10.289921 Several failures occurred:
2026-08-29 07:17:10.289928 
2026-08-29 07:17:10.289935 1) No keyword with name 'Register Keyword To Run On Failure' found.
2026-08-29 07:17:10.289943 
2026-08-29 07:17:10.289950 2) No keyword with name 'Close Browser' found. Did you mean:
2026-08-29 07:17:10.289957     common.Close Test Browser
2026-08-29 07:17:10.289965 ------------------------------------------------------------------------------
2026-08-29 07:17:10.289972 Suites.Cart.TC20 search and verify cart after login :: TC20 - Sear... | FAIL |
2026-08-29 07:17:10.290483 1 test, 0 passed, 1 failed
2026-08-29 07:17:10.290550 ==============================================================================
2026-08-29 07:17:10.290560 Suites.Cart                                                           | FAIL |
2026-08-29 07:17:10.290889 1 test, 0 passed, 1 failed
2026-08-29 07:17:10.290903 ==============================================================================
2026-08-29 07:17:10.290911 Suites                                                                | FAIL |
2026-08-29 07:17:10.291197 1 test, 0 passed, 1 failed
2026-08-29 07:17:10.291261 ==============================================================================
2026-08-29 07:17:10.291271 Output:  /home/runner/work/engg-robot-testing-framework/engg-robot-testing-framework/reports/pabot_results/8/output.xml
