2026-09-09 05:01:03.514383 ==============================================================================
2026-09-09 05:01:03.514800 Suites
2026-09-09 05:01:03.514817 ==============================================================================
2026-09-09 05:01:03.514828 Suites.Cart
2026-09-09 05:01:03.515710 ==============================================================================
2026-09-09 05:01:03.515726 Suites.Cart.TC20 search and verify cart after login :: TC20 - Search Produc...
2026-09-09 05:01:03.515726 [ ERROR ] Error in file '/home/runner/work/engg-robot-testing-framework/engg-robot-testing-framework/tests/cart/TC20_search_and_verify_cart_after_login.robot' on line 3: Importing library 'playwright_keyword_library.PlaywrightKeywordLibrary' failed: ModuleNotFoundError: No module named 'playwright_keyword_library'
2026-09-09 05:01:03.546264 ==============================================================================
2026-09-09 05:01:03.546264 Traceback (most recent call last):
2026-09-09 05:01:03.546285   None
2026-09-09 05:01:03.596385 PYTHONPATH:
2026-09-09 05:01:03.646483   /opt/hostedtoolcache/Python/3.11.16/x64/bin
2026-09-09 05:01:03.696580   /opt/hostedtoolcache/Python/3.11.16/x64/lib/python311.zip
2026-09-09 05:01:03.746686   /opt/hostedtoolcache/Python/3.11.16/x64/lib/python3.11
2026-09-09 05:01:03.796787   /opt/hostedtoolcache/Python/3.11.16/x64/lib/python3.11/lib-dynload
2026-09-09 05:01:03.846895   /opt/hostedtoolcache/Python/3.11.16/x64/lib/python3.11/site-packages
2026-09-09 05:01:03.896988 [ ERROR ] Error in file '/home/runner/work/engg-robot-testing-framework/engg-robot-testing-framework/resources/common.resource' on line 4: Importing library 'playwright_keyword_library.PlaywrightKeywordLibrary' failed: ModuleNotFoundError: No module named 'playwright_keyword_library'
2026-09-09 05:01:03.947091 Traceback (most recent call last):
2026-09-09 05:01:03.997203   None
2026-09-09 05:01:04.047318 PYTHONPATH:
2026-09-09 05:01:04.097422   /opt/hostedtoolcache/Python/3.11.16/x64/bin
2026-09-09 05:01:04.147521   /opt/hostedtoolcache/Python/3.11.16/x64/lib/python311.zip
2026-09-09 05:01:04.197613   /opt/hostedtoolcache/Python/3.11.16/x64/lib/python3.11
2026-09-09 05:01:04.247899   /opt/hostedtoolcache/Python/3.11.16/x64/lib/python3.11/lib-dynload
2026-09-09 05:01:04.298022   /opt/hostedtoolcache/Python/3.11.16/x64/lib/python3.11/site-packages
2026-09-09 05:01:04.348166 [ ERROR ] Error in file '/home/runner/work/engg-robot-testing-framework/engg-robot-testing-framework/resources/product_keywords.resource' on line 2: Importing library 'playwright_keyword_library.PlaywrightKeywordLibrary' failed: ModuleNotFoundError: No module named 'playwright_keyword_library'
2026-09-09 05:01:04.398298 Traceback (most recent call last):
2026-09-09 05:01:04.448413   None
2026-09-09 05:01:04.498556 PYTHONPATH:
2026-09-09 05:01:04.548718   /opt/hostedtoolcache/Python/3.11.16/x64/bin
2026-09-09 05:01:04.598853   /opt/hostedtoolcache/Python/3.11.16/x64/lib/python311.zip
2026-09-09 05:01:04.649026   /opt/hostedtoolcache/Python/3.11.16/x64/lib/python3.11
2026-09-09 05:01:04.699170   /opt/hostedtoolcache/Python/3.11.16/x64/lib/python3.11/lib-dynload
2026-09-09 05:01:04.749306   /opt/hostedtoolcache/Python/3.11.16/x64/lib/python3.11/site-packages
2026-09-09 05:01:04.799443 [ ERROR ] Error in file '/home/runner/work/engg-robot-testing-framework/engg-robot-testing-framework/resources/cart_keywords.resource' on line 2: Importing library 'playwright_keyword_library.PlaywrightKeywordLibrary' failed: ModuleNotFoundError: No module named 'playwright_keyword_library'
2026-09-09 05:01:04.849553 Traceback (most recent call last):
2026-09-09 05:01:04.899679   None
2026-09-09 05:01:04.949810 PYTHONPATH:
2026-09-09 05:01:04.999937   /opt/hostedtoolcache/Python/3.11.16/x64/bin
2026-09-09 05:01:05.050034   /opt/hostedtoolcache/Python/3.11.16/x64/lib/python311.zip
2026-09-09 05:01:05.100162   /opt/hostedtoolcache/Python/3.11.16/x64/lib/python3.11
2026-09-09 05:01:05.150290   /opt/hostedtoolcache/Python/3.11.16/x64/lib/python3.11/lib-dynload
2026-09-09 05:01:05.200408   /opt/hostedtoolcache/Python/3.11.16/x64/lib/python3.11/site-packages
2026-09-09 05:01:05.250540 [ ERROR ] Error in file '/home/runner/work/engg-robot-testing-framework/engg-robot-testing-framework/resources/auth_keywords.resource' on line 2: Importing library 'playwright_keyword_library.PlaywrightKeywordLibrary' failed: ModuleNotFoundError: No module named 'playwright_keyword_library'
2026-09-09 05:01:05.300665 Traceback (most recent call last):
2026-09-09 05:01:05.350796   None
2026-09-09 05:01:05.400944 PYTHONPATH:
2026-09-09 05:01:05.451083   /opt/hostedtoolcache/Python/3.11.16/x64/bin
2026-09-09 05:01:05.501233   /opt/hostedtoolcache/Python/3.11.16/x64/lib/python311.zip
2026-09-09 05:01:05.551376   /opt/hostedtoolcache/Python/3.11.16/x64/lib/python3.11
2026-09-09 05:01:05.601509   /opt/hostedtoolcache/Python/3.11.16/x64/lib/python3.11/lib-dynload
2026-09-09 05:01:05.651652   /opt/hostedtoolcache/Python/3.11.16/x64/lib/python3.11/site-packages
2026-09-09 05:01:13.518584 TC20 Search Products And Verify Cart After Login                      | FAIL |
2026-09-09 05:01:13.556904 Setup failed:
2026-09-09 05:01:13.556925 No keyword with name 'Open Browser' found.
2026-09-09 05:01:13.556940 
2026-09-09 05:01:13.556953 Also teardown failed:
2026-09-09 05:01:13.556985 Several failures occurred:
2026-09-09 05:01:13.556998 
2026-09-09 05:01:13.557010 1) No keyword with name 'Register Keyword To Run On Failure' found.
2026-09-09 05:01:13.557022 
2026-09-09 05:01:13.557032 2) No keyword with name 'Close Browser' found. Did you mean:
2026-09-09 05:01:13.557044     common.Close Test Browser
2026-09-09 05:01:13.557056 ------------------------------------------------------------------------------
2026-09-09 05:01:13.557068 Suites.Cart.TC20 search and verify cart after login :: TC20 - Sear... | FAIL |
2026-09-09 05:01:13.557640 1 test, 0 passed, 1 failed
2026-09-09 05:01:13.557708 ==============================================================================
2026-09-09 05:01:13.557722 Suites.Cart                                                           | FAIL |
2026-09-09 05:01:13.558141 1 test, 0 passed, 1 failed
2026-09-09 05:01:13.558159 ==============================================================================
2026-09-09 05:01:13.558170 Suites                                                                | FAIL |
2026-09-09 05:01:13.558479 1 test, 0 passed, 1 failed
2026-09-09 05:01:13.558534 ==============================================================================
2026-09-09 05:01:13.558544 Output:  /home/runner/work/engg-robot-testing-framework/engg-robot-testing-framework/reports/pabot_results/8/output.xml
