2026-08-28 11:39:06.931958 ==============================================================================
2026-08-28 11:39:06.958575 Suites
2026-08-28 11:39:06.958594 ==============================================================================
2026-08-28 11:39:06.958608 Suites.Auth
2026-08-28 11:39:06.959133 ==============================================================================
2026-08-28 11:39:06.959146 Suites.Auth.TC01 register user
2026-08-28 11:39:06.959146 [ ERROR ] Error in file '/home/runner/work/engg-robot-testing-framework/engg-robot-testing-framework/tests/auth/TC01_register_user.robot' on line 2: Importing library 'playwright_keyword_library.PlaywrightKeywordLibrary' failed: ModuleNotFoundError: No module named 'playwright_keyword_library'
2026-08-28 11:39:06.972535 ==============================================================================
2026-08-28 11:39:06.972535 Traceback (most recent call last):
2026-08-28 11:39:06.972553   None
2026-08-28 11:39:07.022681 PYTHONPATH:
2026-08-28 11:39:07.072834   /opt/hostedtoolcache/Python/3.11.16/x64/bin
2026-08-28 11:39:07.122996   /opt/hostedtoolcache/Python/3.11.16/x64/lib/python311.zip
2026-08-28 11:39:07.173152   /opt/hostedtoolcache/Python/3.11.16/x64/lib/python3.11
2026-08-28 11:39:07.223295   /opt/hostedtoolcache/Python/3.11.16/x64/lib/python3.11/lib-dynload
2026-08-28 11:39:07.273425   /opt/hostedtoolcache/Python/3.11.16/x64/lib/python3.11/site-packages
2026-08-28 11:39:07.323596 [ ERROR ] Error in file '/home/runner/work/engg-robot-testing-framework/engg-robot-testing-framework/resources/auth_keywords.resource' on line 2: Importing library 'playwright_keyword_library.PlaywrightKeywordLibrary' failed: ModuleNotFoundError: No module named 'playwright_keyword_library'
2026-08-28 11:39:07.373779 Traceback (most recent call last):
2026-08-28 11:39:07.423926   None
2026-08-28 11:39:07.474116 PYTHONPATH:
2026-08-28 11:39:07.524333   /opt/hostedtoolcache/Python/3.11.16/x64/bin
2026-08-28 11:39:07.574525   /opt/hostedtoolcache/Python/3.11.16/x64/lib/python311.zip
2026-08-28 11:39:07.624704   /opt/hostedtoolcache/Python/3.11.16/x64/lib/python3.11
2026-08-28 11:39:07.674923   /opt/hostedtoolcache/Python/3.11.16/x64/lib/python3.11/lib-dynload
2026-08-28 11:39:07.725096   /opt/hostedtoolcache/Python/3.11.16/x64/lib/python3.11/site-packages
2026-08-28 11:39:07.775304 [ ERROR ] Error in file '/home/runner/work/engg-robot-testing-framework/engg-robot-testing-framework/resources/common.resource' on line 4: Importing library 'playwright_keyword_library.PlaywrightKeywordLibrary' failed: ModuleNotFoundError: No module named 'playwright_keyword_library'
2026-08-28 11:39:07.825474 Traceback (most recent call last):
2026-08-28 11:39:07.875728   None
2026-08-28 11:39:07.925896 PYTHONPATH:
2026-08-28 11:39:07.976118   /opt/hostedtoolcache/Python/3.11.16/x64/bin
2026-08-28 11:39:08.026290   /opt/hostedtoolcache/Python/3.11.16/x64/lib/python311.zip
2026-08-28 11:39:08.076527   /opt/hostedtoolcache/Python/3.11.16/x64/lib/python3.11
2026-08-28 11:39:08.126719   /opt/hostedtoolcache/Python/3.11.16/x64/lib/python3.11/lib-dynload
2026-08-28 11:39:08.176880   /opt/hostedtoolcache/Python/3.11.16/x64/lib/python3.11/site-packages
2026-08-28 11:39:16.949569 TC01 Register User                                                    | FAIL |
2026-08-28 11:39:16.980183 Setup failed:
2026-08-28 11:39:16.980194 No keyword with name 'Open Browser' found.
2026-08-28 11:39:16.980201 
2026-08-28 11:39:16.980206 Also teardown failed:
2026-08-28 11:39:16.980212 Several failures occurred:
2026-08-28 11:39:16.980217 
2026-08-28 11:39:16.980223 1) No keyword with name 'Register Keyword To Run On Failure' found.
2026-08-28 11:39:16.980228 
2026-08-28 11:39:16.980233 2) No keyword with name 'Close Browser' found. Did you mean:
2026-08-28 11:39:16.980239     common.Close Test Browser
2026-08-28 11:39:16.980244 ------------------------------------------------------------------------------
2026-08-28 11:39:16.980249 Suites.Auth.TC01 register user                                        | FAIL |
2026-08-28 11:39:16.980787 1 test, 0 passed, 1 failed
2026-08-28 11:39:16.980829 ==============================================================================
2026-08-28 11:39:16.980836 Suites.Auth                                                           | FAIL |
2026-08-28 11:39:16.981115 1 test, 0 passed, 1 failed
2026-08-28 11:39:16.981150 ==============================================================================
2026-08-28 11:39:16.981155 Suites                                                                | FAIL |
2026-08-28 11:39:16.984644 1 test, 0 passed, 1 failed
2026-08-28 11:39:16.984650 ==============================================================================
2026-08-28 11:39:16.984655 Output:  /home/runner/work/engg-robot-testing-framework/engg-robot-testing-framework/reports/pabot_results/0/output.xml
