2026-08-18 01:57:30.292093 ==============================================================================
2026-08-18 01:57:30.314452 Suites
2026-08-18 01:57:30.314465 ==============================================================================
2026-08-18 01:57:30.314477 Suites.Auth
2026-08-18 01:57:30.315215 ==============================================================================
2026-08-18 01:57:30.315232 Suites.Auth.TC04 logout user
2026-08-18 01:57:30.315232 [ ERROR ] Error in file '/home/runner/work/engg-robot-testing-framework/engg-robot-testing-framework/tests/auth/TC04_logout_user.robot' on line 2: Importing library 'playwright_keyword_library.PlaywrightKeywordLibrary' failed: ModuleNotFoundError: No module named 'playwright_keyword_library'
2026-08-18 01:57:30.331893 ==============================================================================
2026-08-18 01:57:30.331893 Traceback (most recent call last):
2026-08-18 01:57:30.331916   None
2026-08-18 01:57:30.382046 PYTHONPATH:
2026-08-18 01:57:30.432165   /opt/hostedtoolcache/Python/3.11.15/x64/bin
2026-08-18 01:57:30.482337   /opt/hostedtoolcache/Python/3.11.15/x64/lib/python311.zip
2026-08-18 01:57:30.532520   /opt/hostedtoolcache/Python/3.11.15/x64/lib/python3.11
2026-08-18 01:57:30.582724   /opt/hostedtoolcache/Python/3.11.15/x64/lib/python3.11/lib-dynload
2026-08-18 01:57:30.632868   /opt/hostedtoolcache/Python/3.11.15/x64/lib/python3.11/site-packages
2026-08-18 01:57:30.683043 [ ERROR ] Error in file '/home/runner/work/engg-robot-testing-framework/engg-robot-testing-framework/resources/auth_keywords.resource' on line 2: Importing library 'playwright_keyword_library.PlaywrightKeywordLibrary' failed: ModuleNotFoundError: No module named 'playwright_keyword_library'
2026-08-18 01:57:30.733209 Traceback (most recent call last):
2026-08-18 01:57:30.783377   None
2026-08-18 01:57:30.833564 PYTHONPATH:
2026-08-18 01:57:30.883761   /opt/hostedtoolcache/Python/3.11.15/x64/bin
2026-08-18 01:57:30.933933   /opt/hostedtoolcache/Python/3.11.15/x64/lib/python311.zip
2026-08-18 01:57:30.984099   /opt/hostedtoolcache/Python/3.11.15/x64/lib/python3.11
2026-08-18 01:57:31.034238   /opt/hostedtoolcache/Python/3.11.15/x64/lib/python3.11/lib-dynload
2026-08-18 01:57:31.084383   /opt/hostedtoolcache/Python/3.11.15/x64/lib/python3.11/site-packages
2026-08-18 01:57:31.134556 [ ERROR ] Error in file '/home/runner/work/engg-robot-testing-framework/engg-robot-testing-framework/resources/common.resource' on line 4: Importing library 'playwright_keyword_library.PlaywrightKeywordLibrary' failed: ModuleNotFoundError: No module named 'playwright_keyword_library'
2026-08-18 01:57:31.184758 Traceback (most recent call last):
2026-08-18 01:57:31.234928   None
2026-08-18 01:57:31.285101 PYTHONPATH:
2026-08-18 01:57:31.335273   /opt/hostedtoolcache/Python/3.11.15/x64/bin
2026-08-18 01:57:31.385439   /opt/hostedtoolcache/Python/3.11.15/x64/lib/python311.zip
2026-08-18 01:57:31.435613   /opt/hostedtoolcache/Python/3.11.15/x64/lib/python3.11
2026-08-18 01:57:31.485779   /opt/hostedtoolcache/Python/3.11.15/x64/lib/python3.11/lib-dynload
2026-08-18 01:57:31.535953   /opt/hostedtoolcache/Python/3.11.15/x64/lib/python3.11/site-packages
2026-08-18 01:57:40.309009 TC04 Logout User                                                      | FAIL |
2026-08-18 01:57:40.341033 Setup failed:
2026-08-18 01:57:40.341055 No keyword with name 'Open Browser' found.
2026-08-18 01:57:40.341071 
2026-08-18 01:57:40.341107 Also teardown failed:
2026-08-18 01:57:40.341119 Several failures occurred:
2026-08-18 01:57:40.341130 
2026-08-18 01:57:40.341146 1) No keyword with name 'Register Keyword To Run On Failure' found.
2026-08-18 01:57:40.341158 
2026-08-18 01:57:40.341168 2) No keyword with name 'Close Browser' found. Did you mean:
2026-08-18 01:57:40.341179     common.Close Test Browser
2026-08-18 01:57:40.341189 ------------------------------------------------------------------------------
2026-08-18 01:57:40.341199 Suites.Auth.TC04 logout user                                          | FAIL |
2026-08-18 01:57:40.342328 1 test, 0 passed, 1 failed
2026-08-18 01:57:40.342900 ==============================================================================
2026-08-18 01:57:40.342925 Suites.Auth                                                           | FAIL |
2026-08-18 01:57:40.342940 1 test, 0 passed, 1 failed
2026-08-18 01:57:40.342954 ==============================================================================
2026-08-18 01:57:40.342969 Suites                                                                | FAIL |
2026-08-18 01:57:40.342987 1 test, 0 passed, 1 failed
2026-08-18 01:57:40.343001 ==============================================================================
2026-08-18 01:57:40.343015 Output:  /home/runner/work/engg-robot-testing-framework/engg-robot-testing-framework/reports/pabot_results/3/output.xml
