2026-09-02 04:55:00.235953 ==============================================================================
2026-09-02 04:55:00.251341 Suites
2026-09-02 04:55:00.251361 ==============================================================================
2026-09-02 04:55:00.251382 Suites.Auth
2026-09-02 04:55:00.252136 ==============================================================================
2026-09-02 04:55:00.252152 Suites.Auth.TC02 login valid
2026-09-02 04:55:00.252152 [ ERROR ] Error in file '/home/runner/work/engg-robot-testing-framework/engg-robot-testing-framework/tests/auth/TC02_login_valid.robot' on line 2: Importing library 'playwright_keyword_library.PlaywrightKeywordLibrary' failed: ModuleNotFoundError: No module named 'playwright_keyword_library'
2026-09-02 04:55:00.270606 ==============================================================================
2026-09-02 04:55:00.270606 Traceback (most recent call last):
2026-09-02 04:55:00.270632   None
2026-09-02 04:55:00.320731 PYTHONPATH:
2026-09-02 04:55:00.370829   /opt/hostedtoolcache/Python/3.11.16/x64/bin
2026-09-02 04:55:00.420924   /opt/hostedtoolcache/Python/3.11.16/x64/lib/python311.zip
2026-09-02 04:55:00.471016   /opt/hostedtoolcache/Python/3.11.16/x64/lib/python3.11
2026-09-02 04:55:00.521150   /opt/hostedtoolcache/Python/3.11.16/x64/lib/python3.11/lib-dynload
2026-09-02 04:55:00.571282   /opt/hostedtoolcache/Python/3.11.16/x64/lib/python3.11/site-packages
2026-09-02 04:55:00.621414 [ ERROR ] Error in file '/home/runner/work/engg-robot-testing-framework/engg-robot-testing-framework/resources/auth_keywords.resource' on line 2: Importing library 'playwright_keyword_library.PlaywrightKeywordLibrary' failed: ModuleNotFoundError: No module named 'playwright_keyword_library'
2026-09-02 04:55:00.671512 Traceback (most recent call last):
2026-09-02 04:55:00.721646   None
2026-09-02 04:55:00.771777 PYTHONPATH:
2026-09-02 04:55:00.821910   /opt/hostedtoolcache/Python/3.11.16/x64/bin
2026-09-02 04:55:00.872042   /opt/hostedtoolcache/Python/3.11.16/x64/lib/python311.zip
2026-09-02 04:55:00.922177   /opt/hostedtoolcache/Python/3.11.16/x64/lib/python3.11
2026-09-02 04:55:00.972313   /opt/hostedtoolcache/Python/3.11.16/x64/lib/python3.11/lib-dynload
2026-09-02 04:55:01.022445   /opt/hostedtoolcache/Python/3.11.16/x64/lib/python3.11/site-packages
2026-09-02 04:55:01.072553 [ ERROR ] Error in file '/home/runner/work/engg-robot-testing-framework/engg-robot-testing-framework/resources/common.resource' on line 4: Importing library 'playwright_keyword_library.PlaywrightKeywordLibrary' failed: ModuleNotFoundError: No module named 'playwright_keyword_library'
2026-09-02 04:55:01.122689 Traceback (most recent call last):
2026-09-02 04:55:01.172791   None
2026-09-02 04:55:01.222884 PYTHONPATH:
2026-09-02 04:55:01.273019   /opt/hostedtoolcache/Python/3.11.16/x64/bin
2026-09-02 04:55:01.323123   /opt/hostedtoolcache/Python/3.11.16/x64/lib/python311.zip
2026-09-02 04:55:01.373254   /opt/hostedtoolcache/Python/3.11.16/x64/lib/python3.11
2026-09-02 04:55:01.423385   /opt/hostedtoolcache/Python/3.11.16/x64/lib/python3.11/lib-dynload
2026-09-02 04:55:01.473518   /opt/hostedtoolcache/Python/3.11.16/x64/lib/python3.11/site-packages
2026-09-02 04:55:10.245056 TC02 Login User With Correct Email And Password                       | FAIL |
2026-09-02 04:55:10.280950 Setup failed:
2026-09-02 04:55:10.280966 No keyword with name 'Open Browser' found.
2026-09-02 04:55:10.280979 
2026-09-02 04:55:10.280992 Also teardown failed:
2026-09-02 04:55:10.281005 Several failures occurred:
2026-09-02 04:55:10.281018 
2026-09-02 04:55:10.281031 1) No keyword with name 'Register Keyword To Run On Failure' found.
2026-09-02 04:55:10.281046 
2026-09-02 04:55:10.281059 2) No keyword with name 'Close Browser' found. Did you mean:
2026-09-02 04:55:10.281072     common.Close Test Browser
2026-09-02 04:55:10.281084 ------------------------------------------------------------------------------
2026-09-02 04:55:10.281095 Suites.Auth.TC02 login valid                                          | FAIL |
2026-09-02 04:55:10.281658 1 test, 0 passed, 1 failed
2026-09-02 04:55:10.281676 ==============================================================================
2026-09-02 04:55:10.281690 Suites.Auth                                                           | FAIL |
2026-09-02 04:55:10.282077 1 test, 0 passed, 1 failed
2026-09-02 04:55:10.282140 ==============================================================================
2026-09-02 04:55:10.282154 Suites                                                                | FAIL |
2026-09-02 04:55:10.282446 1 test, 0 passed, 1 failed
2026-09-02 04:55:10.282506 ==============================================================================
2026-09-02 04:55:10.282521 Output:  /home/runner/work/engg-robot-testing-framework/engg-robot-testing-framework/reports/pabot_results/1/output.xml
