2026-08-26 02:09:20.025660 ==============================================================================
2026-08-26 02:09:20.037736 Suites
2026-08-26 02:09:20.037759 ==============================================================================
2026-08-26 02:09:20.037810 Suites.Cart
2026-08-26 02:09:20.038517 ==============================================================================
2026-08-26 02:09:20.038532 Suites.Cart.TC22 add from recommended items :: TC22 - Add To Cart From Reco...
2026-08-26 02:09:20.038532 [ ERROR ] Error in file '/home/runner/work/engg-robot-testing-framework/engg-robot-testing-framework/resources/common.resource' on line 4: Importing library 'playwright_keyword_library.PlaywrightKeywordLibrary' failed: ModuleNotFoundError: No module named 'playwright_keyword_library'
2026-08-26 02:09:20.059078 ==============================================================================
2026-08-26 02:09:20.059078 Traceback (most recent call last):
2026-08-26 02:09:20.059102   None
2026-08-26 02:09:20.109241 PYTHONPATH:
2026-08-26 02:09:20.159415   /opt/hostedtoolcache/Python/3.11.16/x64/bin
2026-08-26 02:09:20.209586   /opt/hostedtoolcache/Python/3.11.16/x64/lib/python311.zip
2026-08-26 02:09:20.259791   /opt/hostedtoolcache/Python/3.11.16/x64/lib/python3.11
2026-08-26 02:09:20.309966   /opt/hostedtoolcache/Python/3.11.16/x64/lib/python3.11/lib-dynload
2026-08-26 02:09:20.360155   /opt/hostedtoolcache/Python/3.11.16/x64/lib/python3.11/site-packages
2026-08-26 02:09:20.410327 [ ERROR ] Error in file '/home/runner/work/engg-robot-testing-framework/engg-robot-testing-framework/resources/cart_keywords.resource' on line 2: Importing library 'playwright_keyword_library.PlaywrightKeywordLibrary' failed: ModuleNotFoundError: No module named 'playwright_keyword_library'
2026-08-26 02:09:20.460501 Traceback (most recent call last):
2026-08-26 02:09:20.510676   None
2026-08-26 02:09:20.560852 PYTHONPATH:
2026-08-26 02:09:20.611018   /opt/hostedtoolcache/Python/3.11.16/x64/bin
2026-08-26 02:09:20.661190   /opt/hostedtoolcache/Python/3.11.16/x64/lib/python311.zip
2026-08-26 02:09:20.711359   /opt/hostedtoolcache/Python/3.11.16/x64/lib/python3.11
2026-08-26 02:09:20.761548   /opt/hostedtoolcache/Python/3.11.16/x64/lib/python3.11/lib-dynload
2026-08-26 02:09:20.811721   /opt/hostedtoolcache/Python/3.11.16/x64/lib/python3.11/site-packages
2026-08-26 02:09:30.037287 TC22 Add To Cart From Recommended Items                               | FAIL |
2026-08-26 02:09:30.069065 Setup failed:
2026-08-26 02:09:30.069082 No keyword with name 'Open Browser' found.
2026-08-26 02:09:30.069096 
2026-08-26 02:09:30.069107 Also teardown failed:
2026-08-26 02:09:30.069117 Several failures occurred:
2026-08-26 02:09:30.069127 
2026-08-26 02:09:30.069137 1) No keyword with name 'Register Keyword To Run On Failure' found.
2026-08-26 02:09:30.069148 
2026-08-26 02:09:30.069157 2) No keyword with name 'Close Browser' found. Did you mean:
2026-08-26 02:09:30.069167     common.Close Test Browser
2026-08-26 02:09:30.069177 ------------------------------------------------------------------------------
2026-08-26 02:09:30.069187 Suites.Cart.TC22 add from recommended items :: TC22 - Add To Cart ... | FAIL |
2026-08-26 02:09:30.069710 1 test, 0 passed, 1 failed
2026-08-26 02:09:30.069726 ==============================================================================
2026-08-26 02:09:30.069737 Suites.Cart                                                           | FAIL |
2026-08-26 02:09:30.070062 1 test, 0 passed, 1 failed
2026-08-26 02:09:30.070076 ==============================================================================
2026-08-26 02:09:30.070087 Suites                                                                | FAIL |
2026-08-26 02:09:30.070364 1 test, 0 passed, 1 failed
2026-08-26 02:09:30.070378 ==============================================================================
2026-08-26 02:09:30.070390 Output:  /home/runner/work/engg-robot-testing-framework/engg-robot-testing-framework/reports/pabot_results/9/output.xml
