2026-10-05 06:03:51.175037 ==============================================================================
2026-10-05 06:03:51.192469 Suites
2026-10-05 06:03:51.192489 ==============================================================================
2026-10-05 06:03:51.192528 Suites.Cart
2026-10-05 06:03:51.193382 ==============================================================================
2026-10-05 06:03:51.193402 Suites.Cart.TC12 add products to cart :: TC12 - Add Products In Cart
2026-10-05 06:03:51.193402 [ ERROR ] Error in file '/home/runner/work/engg-robot-testing-framework/engg-robot-testing-framework/resources/common.resource' on line 4: Importing library 'playwright_keyword_library.PlaywrightKeywordLibrary' failed: ModuleNotFoundError: No module named 'playwright_keyword_library'
2026-10-05 06:03:51.223770 ==============================================================================
2026-10-05 06:03:51.223770 Traceback (most recent call last):
2026-10-05 06:03:51.223795   None
2026-10-05 06:03:51.273897 PYTHONPATH:
2026-10-05 06:03:51.324013   /opt/hostedtoolcache/Python/3.11.16/x64/bin
2026-10-05 06:03:51.374118   /opt/hostedtoolcache/Python/3.11.16/x64/lib/python311.zip
2026-10-05 06:03:51.424239   /opt/hostedtoolcache/Python/3.11.16/x64/lib/python3.11
2026-10-05 06:03:51.474343   /opt/hostedtoolcache/Python/3.11.16/x64/lib/python3.11/lib-dynload
2026-10-05 06:03:51.524477   /opt/hostedtoolcache/Python/3.11.16/x64/lib/python3.11/site-packages
2026-10-05 06:03:51.574546 [ ERROR ] Error in file '/home/runner/work/engg-robot-testing-framework/engg-robot-testing-framework/resources/product_keywords.resource' on line 2: Importing library 'playwright_keyword_library.PlaywrightKeywordLibrary' failed: ModuleNotFoundError: No module named 'playwright_keyword_library'
2026-10-05 06:03:51.624699 Traceback (most recent call last):
2026-10-05 06:03:51.674830   None
2026-10-05 06:03:51.724985 PYTHONPATH:
2026-10-05 06:03:51.775116   /opt/hostedtoolcache/Python/3.11.16/x64/bin
2026-10-05 06:03:51.825318   /opt/hostedtoolcache/Python/3.11.16/x64/lib/python311.zip
2026-10-05 06:03:51.875450   /opt/hostedtoolcache/Python/3.11.16/x64/lib/python3.11
2026-10-05 06:03:51.925608   /opt/hostedtoolcache/Python/3.11.16/x64/lib/python3.11/lib-dynload
2026-10-05 06:03:51.975740   /opt/hostedtoolcache/Python/3.11.16/x64/lib/python3.11/site-packages
2026-10-05 06:03:52.025895 [ ERROR ] Error in file '/home/runner/work/engg-robot-testing-framework/engg-robot-testing-framework/resources/cart_keywords.resource' on line 2: Importing library 'playwright_keyword_library.PlaywrightKeywordLibrary' failed: ModuleNotFoundError: No module named 'playwright_keyword_library'
2026-10-05 06:03:52.076027 Traceback (most recent call last):
2026-10-05 06:03:52.126187   None
2026-10-05 06:03:52.176319 PYTHONPATH:
2026-10-05 06:03:52.226452   /opt/hostedtoolcache/Python/3.11.16/x64/bin
2026-10-05 06:03:52.276816   /opt/hostedtoolcache/Python/3.11.16/x64/lib/python311.zip
2026-10-05 06:03:52.326951   /opt/hostedtoolcache/Python/3.11.16/x64/lib/python3.11
2026-10-05 06:03:52.377115   /opt/hostedtoolcache/Python/3.11.16/x64/lib/python3.11/lib-dynload
2026-10-05 06:03:52.427262   /opt/hostedtoolcache/Python/3.11.16/x64/lib/python3.11/site-packages
2026-10-05 06:04:01.199321 TC12 Add Products In Cart                                             | FAIL |
2026-10-05 06:04:01.235038 Setup failed:
2026-10-05 06:04:01.235065 No keyword with name 'Open Browser' found.
2026-10-05 06:04:01.235084 
2026-10-05 06:04:01.235102 Also teardown failed:
2026-10-05 06:04:01.235120 Several failures occurred:
2026-10-05 06:04:01.235136 
2026-10-05 06:04:01.235153 1) No keyword with name 'Register Keyword To Run On Failure' found.
2026-10-05 06:04:01.235169 
2026-10-05 06:04:01.235187 2) No keyword with name 'Close Browser' found. Did you mean:
2026-10-05 06:04:01.235234     common.Close Test Browser
2026-10-05 06:04:01.235252 ------------------------------------------------------------------------------
2026-10-05 06:04:01.235266 Suites.Cart.TC12 add products to cart :: TC12 - Add Products In Cart  | FAIL |
2026-10-05 06:04:01.235858 1 test, 0 passed, 1 failed
2026-10-05 06:04:01.235921 ==============================================================================
2026-10-05 06:04:01.235936 Suites.Cart                                                           | FAIL |
2026-10-05 06:04:01.236296 1 test, 0 passed, 1 failed
2026-10-05 06:04:01.236358 ==============================================================================
2026-10-05 06:04:01.236375 Suites                                                                | FAIL |
2026-10-05 06:04:01.236711 1 test, 0 passed, 1 failed
2026-10-05 06:04:01.236736 ==============================================================================
2026-10-05 06:04:01.236790 Output:  /home/runner/work/engg-robot-testing-framework/engg-robot-testing-framework/reports/pabot_results/5/output.xml
