2026-08-03 04:06:33.938556 ==============================================================================
2026-08-03 04:06:33.959425 Suites
2026-08-03 04:06:33.959447 ==============================================================================
2026-08-03 04:06:33.959462 Suites.Cart
2026-08-03 04:06:33.960454 ==============================================================================
2026-08-03 04:06:33.960472 Suites.Cart.TC13 verify product quantity :: TC13 - Verify Product Quantity ...
2026-08-03 04:06:33.960472 [ ERROR ] Error in file '/home/runner/work/engg-robot-testing-framework/engg-robot-testing-framework/resources/common.resource' on line 4: Importing library 'playwright_keyword_library.PlaywrightKeywordLibrary' failed: ModuleNotFoundError: No module named 'playwright_keyword_library'
2026-08-03 04:06:33.991484 ==============================================================================
2026-08-03 04:06:33.991484 Traceback (most recent call last):
2026-08-03 04:06:33.991508   None
2026-08-03 04:06:34.041650 PYTHONPATH:
2026-08-03 04:06:34.091788   /opt/hostedtoolcache/Python/3.11.15/x64/bin
2026-08-03 04:06:34.141913   /opt/hostedtoolcache/Python/3.11.15/x64/lib/python311.zip
2026-08-03 04:06:34.192031   /opt/hostedtoolcache/Python/3.11.15/x64/lib/python3.11
2026-08-03 04:06:34.242145   /opt/hostedtoolcache/Python/3.11.15/x64/lib/python3.11/lib-dynload
2026-08-03 04:06:34.292255   /opt/hostedtoolcache/Python/3.11.15/x64/lib/python3.11/site-packages
2026-08-03 04:06:34.342406 [ ERROR ] Error in file '/home/runner/work/engg-robot-testing-framework/engg-robot-testing-framework/resources/product_keywords.resource' on line 2: Importing library 'playwright_keyword_library.PlaywrightKeywordLibrary' failed: ModuleNotFoundError: No module named 'playwright_keyword_library'
2026-08-03 04:06:34.392572 Traceback (most recent call last):
2026-08-03 04:06:34.442724   None
2026-08-03 04:06:34.492841 PYTHONPATH:
2026-08-03 04:06:34.542989   /opt/hostedtoolcache/Python/3.11.15/x64/bin
2026-08-03 04:06:34.593143   /opt/hostedtoolcache/Python/3.11.15/x64/lib/python311.zip
2026-08-03 04:06:34.643298   /opt/hostedtoolcache/Python/3.11.15/x64/lib/python3.11
2026-08-03 04:06:34.693447   /opt/hostedtoolcache/Python/3.11.15/x64/lib/python3.11/lib-dynload
2026-08-03 04:06:34.743598   /opt/hostedtoolcache/Python/3.11.15/x64/lib/python3.11/site-packages
2026-08-03 04:06:34.793717 [ ERROR ] Error in file '/home/runner/work/engg-robot-testing-framework/engg-robot-testing-framework/resources/cart_keywords.resource' on line 2: Importing library 'playwright_keyword_library.PlaywrightKeywordLibrary' failed: ModuleNotFoundError: No module named 'playwright_keyword_library'
2026-08-03 04:06:34.843871 Traceback (most recent call last):
2026-08-03 04:06:34.894026   None
2026-08-03 04:06:34.944177 PYTHONPATH:
2026-08-03 04:06:34.994296   /opt/hostedtoolcache/Python/3.11.15/x64/bin
2026-08-03 04:06:35.044446   /opt/hostedtoolcache/Python/3.11.15/x64/lib/python311.zip
2026-08-03 04:06:35.094569   /opt/hostedtoolcache/Python/3.11.15/x64/lib/python3.11
2026-08-03 04:06:35.144708   /opt/hostedtoolcache/Python/3.11.15/x64/lib/python3.11/lib-dynload
2026-08-03 04:06:35.194860   /opt/hostedtoolcache/Python/3.11.15/x64/lib/python3.11/site-packages
2026-08-03 04:06:43.966761 TC13 Verify Product Quantity In Cart                                  | FAIL |
2026-08-03 04:06:44.002532 Setup failed:
2026-08-03 04:06:44.002551 No keyword with name 'Open Browser' found.
2026-08-03 04:06:44.002565 
2026-08-03 04:06:44.002579 Also teardown failed:
2026-08-03 04:06:44.002593 Several failures occurred:
2026-08-03 04:06:44.002607 
2026-08-03 04:06:44.002621 1) No keyword with name 'Register Keyword To Run On Failure' found.
2026-08-03 04:06:44.002634 
2026-08-03 04:06:44.002647 2) No keyword with name 'Close Browser' found. Did you mean:
2026-08-03 04:06:44.002659     common.Close Test Browser
2026-08-03 04:06:44.002670 ------------------------------------------------------------------------------
2026-08-03 04:06:44.002683 Suites.Cart.TC13 verify product quantity :: TC13 - Verify Product ... | FAIL |
2026-08-03 04:06:44.003253 1 test, 0 passed, 1 failed
2026-08-03 04:06:44.003332 ==============================================================================
2026-08-03 04:06:44.003349 Suites.Cart                                                           | FAIL |
2026-08-03 04:06:44.003699 1 test, 0 passed, 1 failed
2026-08-03 04:06:44.003718 ==============================================================================
2026-08-03 04:06:44.003733 Suites                                                                | FAIL |
2026-08-03 04:06:44.004063 1 test, 0 passed, 1 failed
2026-08-03 04:06:44.004083 ==============================================================================
2026-08-03 04:06:44.004102 Output:  /home/runner/work/engg-robot-testing-framework/engg-robot-testing-framework/reports/pabot_results/6/output.xml
