2026-08-29 07:16:18.661317 ==============================================================================
2026-08-29 07:16:18.662243 Suites
2026-08-29 07:16:18.662268 ==============================================================================
2026-08-29 07:16:18.662291 Suites.Auth
2026-08-29 07:16:18.663022 ==============================================================================
2026-08-29 07:16:18.663034 Suites.Auth.TC02 login valid
2026-08-29 07:16:18.663034 [ ERROR ] Error in file '/home/runner/work/engg-robot-testing-framework/engg-robot-testing-framework/tests/auth/TC02_login_valid.robot' on line 2: Importing library 'playwright_keyword_library.PlaywrightKeywordLibrary' failed: ModuleNotFoundError: No module named 'playwright_keyword_library'
2026-08-29 07:16:18.678533 ==============================================================================
2026-08-29 07:16:18.678533 Traceback (most recent call last):
2026-08-29 07:16:18.678551   None
2026-08-29 07:16:18.728641 PYTHONPATH:
2026-08-29 07:16:18.778723   /opt/hostedtoolcache/Python/3.11.16/x64/bin
2026-08-29 07:16:18.828803   /opt/hostedtoolcache/Python/3.11.16/x64/lib/python311.zip
2026-08-29 07:16:18.878891   /opt/hostedtoolcache/Python/3.11.16/x64/lib/python3.11
2026-08-29 07:16:18.928970   /opt/hostedtoolcache/Python/3.11.16/x64/lib/python3.11/lib-dynload
2026-08-29 07:16:18.979052   /opt/hostedtoolcache/Python/3.11.16/x64/lib/python3.11/site-packages
2026-08-29 07:16:19.029134 [ ERROR ] Error in file '/home/runner/work/engg-robot-testing-framework/engg-robot-testing-framework/resources/auth_keywords.resource' on line 2: Importing library 'playwright_keyword_library.PlaywrightKeywordLibrary' failed: ModuleNotFoundError: No module named 'playwright_keyword_library'
2026-08-29 07:16:19.079211 Traceback (most recent call last):
2026-08-29 07:16:19.129294   None
2026-08-29 07:16:19.179381 PYTHONPATH:
2026-08-29 07:16:19.229463   /opt/hostedtoolcache/Python/3.11.16/x64/bin
2026-08-29 07:16:19.279551   /opt/hostedtoolcache/Python/3.11.16/x64/lib/python311.zip
2026-08-29 07:16:19.329635   /opt/hostedtoolcache/Python/3.11.16/x64/lib/python3.11
2026-08-29 07:16:19.379717   /opt/hostedtoolcache/Python/3.11.16/x64/lib/python3.11/lib-dynload
2026-08-29 07:16:19.429798   /opt/hostedtoolcache/Python/3.11.16/x64/lib/python3.11/site-packages
2026-08-29 07:16:19.479887 [ ERROR ] Error in file '/home/runner/work/engg-robot-testing-framework/engg-robot-testing-framework/resources/common.resource' on line 4: Importing library 'playwright_keyword_library.PlaywrightKeywordLibrary' failed: ModuleNotFoundError: No module named 'playwright_keyword_library'
2026-08-29 07:16:19.530039 Traceback (most recent call last):
2026-08-29 07:16:19.580326   None
2026-08-29 07:16:19.630482 PYTHONPATH:
2026-08-29 07:16:19.680701   /opt/hostedtoolcache/Python/3.11.16/x64/bin
2026-08-29 07:16:19.730845   /opt/hostedtoolcache/Python/3.11.16/x64/lib/python311.zip
2026-08-29 07:16:19.781171   /opt/hostedtoolcache/Python/3.11.16/x64/lib/python3.11
2026-08-29 07:16:19.831309   /opt/hostedtoolcache/Python/3.11.16/x64/lib/python3.11/lib-dynload
2026-08-29 07:16:19.881521   /opt/hostedtoolcache/Python/3.11.16/x64/lib/python3.11/site-packages
2026-08-29 07:16:28.654202 TC02 Login User With Correct Email And Password                       | FAIL |
2026-08-29 07:16:28.687449 Setup failed:
2026-08-29 07:16:28.687460 No keyword with name 'Open Browser' found.
2026-08-29 07:16:28.687469 
2026-08-29 07:16:28.687477 Also teardown failed:
2026-08-29 07:16:28.687485 Several failures occurred:
2026-08-29 07:16:28.687493 
2026-08-29 07:16:28.687502 1) No keyword with name 'Register Keyword To Run On Failure' found.
2026-08-29 07:16:28.687511 
2026-08-29 07:16:28.687519 2) No keyword with name 'Close Browser' found. Did you mean:
2026-08-29 07:16:28.687527     common.Close Test Browser
2026-08-29 07:16:28.687534 ------------------------------------------------------------------------------
2026-08-29 07:16:28.687541 Suites.Auth.TC02 login valid                                          | FAIL |
2026-08-29 07:16:28.688039 1 test, 0 passed, 1 failed
2026-08-29 07:16:28.688097 ==============================================================================
2026-08-29 07:16:28.688107 Suites.Auth                                                           | FAIL |
2026-08-29 07:16:28.688399 1 test, 0 passed, 1 failed
2026-08-29 07:16:28.688435 ==============================================================================
2026-08-29 07:16:28.688444 Suites                                                                | FAIL |
2026-08-29 07:16:28.688695 1 test, 0 passed, 1 failed
2026-08-29 07:16:28.688775 ==============================================================================
2026-08-29 07:16:28.688784 Output:  /home/runner/work/engg-robot-testing-framework/engg-robot-testing-framework/reports/pabot_results/1/output.xml
