2026-07-03 04:25:51.433501 ==============================================================================
2026-07-03 04:25:51.460173 Suites
2026-07-03 04:25:51.460195 ==============================================================================
2026-07-03 04:25:51.460210 Suites.Cart
2026-07-03 04:25:51.461099 ==============================================================================
2026-07-03 04:25:51.461119 Suites.Cart.TC17 remove products from cart :: TC17 - Remove Products From Cart
2026-07-03 04:25:51.461119 [ ERROR ] Error in file '/home/runner/work/engg-robot-testing-framework/engg-robot-testing-framework/resources/common.resource' on line 4: Importing library 'playwright_keyword_library.PlaywrightKeywordLibrary' failed: ModuleNotFoundError: No module named 'playwright_keyword_library'
2026-07-03 04:25:51.493402 ==============================================================================
2026-07-03 04:25:51.493402 Traceback (most recent call last):
2026-07-03 04:25:51.493428   None
2026-07-03 04:25:51.543620 PYTHONPATH:
2026-07-03 04:25:51.593760   /opt/hostedtoolcache/Python/3.11.15/x64/bin
2026-07-03 04:25:51.643929   /opt/hostedtoolcache/Python/3.11.15/x64/lib/python311.zip
2026-07-03 04:25:51.694061   /opt/hostedtoolcache/Python/3.11.15/x64/lib/python3.11
2026-07-03 04:25:51.744226   /opt/hostedtoolcache/Python/3.11.15/x64/lib/python3.11/lib-dynload
2026-07-03 04:25:51.794431   /opt/hostedtoolcache/Python/3.11.15/x64/lib/python3.11/site-packages
2026-07-03 04:25:51.844654 [ ERROR ] Error in file '/home/runner/work/engg-robot-testing-framework/engg-robot-testing-framework/resources/product_keywords.resource' on line 2: Importing library 'playwright_keyword_library.PlaywrightKeywordLibrary' failed: ModuleNotFoundError: No module named 'playwright_keyword_library'
2026-07-03 04:25:51.894885 Traceback (most recent call last):
2026-07-03 04:25:51.945112   None
2026-07-03 04:25:51.995344 PYTHONPATH:
2026-07-03 04:25:52.045586   /opt/hostedtoolcache/Python/3.11.15/x64/bin
2026-07-03 04:25:52.095790   /opt/hostedtoolcache/Python/3.11.15/x64/lib/python311.zip
2026-07-03 04:25:52.146044   /opt/hostedtoolcache/Python/3.11.15/x64/lib/python3.11
2026-07-03 04:25:52.196250   /opt/hostedtoolcache/Python/3.11.15/x64/lib/python3.11/lib-dynload
2026-07-03 04:25:52.246475   /opt/hostedtoolcache/Python/3.11.15/x64/lib/python3.11/site-packages
2026-07-03 04:25:52.296683 [ ERROR ] Error in file '/home/runner/work/engg-robot-testing-framework/engg-robot-testing-framework/resources/cart_keywords.resource' on line 2: Importing library 'playwright_keyword_library.PlaywrightKeywordLibrary' failed: ModuleNotFoundError: No module named 'playwright_keyword_library'
2026-07-03 04:25:52.346913 Traceback (most recent call last):
2026-07-03 04:25:52.397130   None
2026-07-03 04:25:52.447356 PYTHONPATH:
2026-07-03 04:25:52.497519   /opt/hostedtoolcache/Python/3.11.15/x64/bin
2026-07-03 04:25:52.547791   /opt/hostedtoolcache/Python/3.11.15/x64/lib/python311.zip
2026-07-03 04:25:52.598020   /opt/hostedtoolcache/Python/3.11.15/x64/lib/python3.11
2026-07-03 04:25:52.648260   /opt/hostedtoolcache/Python/3.11.15/x64/lib/python3.11/lib-dynload
2026-07-03 04:25:52.698486   /opt/hostedtoolcache/Python/3.11.15/x64/lib/python3.11/site-packages
2026-07-03 04:26:01.478783 TC17 Remove Products From Cart                                        | FAIL |
2026-07-03 04:26:01.506200 Setup failed:
2026-07-03 04:26:01.506229 No keyword with name 'Open Browser' found.
2026-07-03 04:26:01.506249 
2026-07-03 04:26:01.506282 Also teardown failed:
2026-07-03 04:26:01.506298 Several failures occurred:
2026-07-03 04:26:01.506313 
2026-07-03 04:26:01.506327 1) No keyword with name 'Register Keyword To Run On Failure' found.
2026-07-03 04:26:01.506342 
2026-07-03 04:26:01.506357 2) No keyword with name 'Close Browser' found. Did you mean:
2026-07-03 04:26:01.506372     common.Close Test Browser
2026-07-03 04:26:01.506386 ------------------------------------------------------------------------------
2026-07-03 04:26:01.506401 Suites.Cart.TC17 remove products from cart :: TC17 - Remove Produc... | FAIL |
2026-07-03 04:26:01.506951 1 test, 0 passed, 1 failed
2026-07-03 04:26:01.506975 ==============================================================================
2026-07-03 04:26:01.506991 Suites.Cart                                                           | FAIL |
2026-07-03 04:26:01.507426 1 test, 0 passed, 1 failed
2026-07-03 04:26:01.507568 ==============================================================================
2026-07-03 04:26:01.507598 Suites                                                                | FAIL |
2026-07-03 04:26:01.508803 1 test, 0 passed, 1 failed
2026-07-03 04:26:01.508822 ==============================================================================
2026-07-03 04:26:01.508840 Output:  /home/runner/work/engg-robot-testing-framework/engg-robot-testing-framework/reports/pabot_results/7/output.xml
