2026-09-23 05:00:36.786057 ==============================================================================
2026-09-23 05:00:36.811066 Suites
2026-09-23 05:00:36.811089 ==============================================================================
2026-09-23 05:00:36.811106 Suites.Cart
2026-09-23 05:00:36.812012 ==============================================================================
2026-09-23 05:00:36.812033 Suites.Cart.TC20 search and verify cart after login :: TC20 - Search Produc...
2026-09-23 05:00:36.812033 [ ERROR ] Error in file '/home/runner/work/engg-robot-testing-framework/engg-robot-testing-framework/tests/cart/TC20_search_and_verify_cart_after_login.robot' on line 3: Importing library 'playwright_keyword_library.PlaywrightKeywordLibrary' failed: ModuleNotFoundError: No module named 'playwright_keyword_library'
2026-09-23 05:00:36.849281 ==============================================================================
2026-09-23 05:00:36.849281 Traceback (most recent call last):
2026-09-23 05:00:36.849313   None
2026-09-23 05:00:36.899421 PYTHONPATH:
2026-09-23 05:00:36.949543   /opt/hostedtoolcache/Python/3.11.16/x64/bin
2026-09-23 05:00:36.999656   /opt/hostedtoolcache/Python/3.11.16/x64/lib/python311.zip
2026-09-23 05:00:37.049766   /opt/hostedtoolcache/Python/3.11.16/x64/lib/python3.11
2026-09-23 05:00:37.099878   /opt/hostedtoolcache/Python/3.11.16/x64/lib/python3.11/lib-dynload
2026-09-23 05:00:37.149987   /opt/hostedtoolcache/Python/3.11.16/x64/lib/python3.11/site-packages
2026-09-23 05:00:37.200107 [ ERROR ] Error in file '/home/runner/work/engg-robot-testing-framework/engg-robot-testing-framework/resources/common.resource' on line 4: Importing library 'playwright_keyword_library.PlaywrightKeywordLibrary' failed: ModuleNotFoundError: No module named 'playwright_keyword_library'
2026-09-23 05:00:37.250248 Traceback (most recent call last):
2026-09-23 05:00:37.300369   None
2026-09-23 05:00:37.350503 PYTHONPATH:
2026-09-23 05:00:37.400626   /opt/hostedtoolcache/Python/3.11.16/x64/bin
2026-09-23 05:00:37.450745   /opt/hostedtoolcache/Python/3.11.16/x64/lib/python311.zip
2026-09-23 05:00:37.500893   /opt/hostedtoolcache/Python/3.11.16/x64/lib/python3.11
2026-09-23 05:00:37.551063   /opt/hostedtoolcache/Python/3.11.16/x64/lib/python3.11/lib-dynload
2026-09-23 05:00:37.601213   /opt/hostedtoolcache/Python/3.11.16/x64/lib/python3.11/site-packages
2026-09-23 05:00:37.651357 [ ERROR ] Error in file '/home/runner/work/engg-robot-testing-framework/engg-robot-testing-framework/resources/product_keywords.resource' on line 2: Importing library 'playwright_keyword_library.PlaywrightKeywordLibrary' failed: ModuleNotFoundError: No module named 'playwright_keyword_library'
2026-09-23 05:00:37.701485 Traceback (most recent call last):
2026-09-23 05:00:37.751682   None
2026-09-23 05:00:37.801849 PYTHONPATH:
2026-09-23 05:00:37.852106   /opt/hostedtoolcache/Python/3.11.16/x64/bin
2026-09-23 05:00:37.902284   /opt/hostedtoolcache/Python/3.11.16/x64/lib/python311.zip
2026-09-23 05:00:37.952436   /opt/hostedtoolcache/Python/3.11.16/x64/lib/python3.11
2026-09-23 05:00:38.002592   /opt/hostedtoolcache/Python/3.11.16/x64/lib/python3.11/lib-dynload
2026-09-23 05:00:38.052740   /opt/hostedtoolcache/Python/3.11.16/x64/lib/python3.11/site-packages
2026-09-23 05:00:38.102895 [ ERROR ] Error in file '/home/runner/work/engg-robot-testing-framework/engg-robot-testing-framework/resources/cart_keywords.resource' on line 2: Importing library 'playwright_keyword_library.PlaywrightKeywordLibrary' failed: ModuleNotFoundError: No module named 'playwright_keyword_library'
2026-09-23 05:00:38.153045 Traceback (most recent call last):
2026-09-23 05:00:38.203217   None
2026-09-23 05:00:38.253352 PYTHONPATH:
2026-09-23 05:00:38.303503   /opt/hostedtoolcache/Python/3.11.16/x64/bin
2026-09-23 05:00:38.353648   /opt/hostedtoolcache/Python/3.11.16/x64/lib/python311.zip
2026-09-23 05:00:38.403795   /opt/hostedtoolcache/Python/3.11.16/x64/lib/python3.11
2026-09-23 05:00:38.453944   /opt/hostedtoolcache/Python/3.11.16/x64/lib/python3.11/lib-dynload
2026-09-23 05:00:38.504124   /opt/hostedtoolcache/Python/3.11.16/x64/lib/python3.11/site-packages
2026-09-23 05:00:38.554290 [ ERROR ] Error in file '/home/runner/work/engg-robot-testing-framework/engg-robot-testing-framework/resources/auth_keywords.resource' on line 2: Importing library 'playwright_keyword_library.PlaywrightKeywordLibrary' failed: ModuleNotFoundError: No module named 'playwright_keyword_library'
2026-09-23 05:00:38.604472 Traceback (most recent call last):
2026-09-23 05:00:38.654612   None
2026-09-23 05:00:38.704778 PYTHONPATH:
2026-09-23 05:00:38.754945   /opt/hostedtoolcache/Python/3.11.16/x64/bin
2026-09-23 05:00:38.805106   /opt/hostedtoolcache/Python/3.11.16/x64/lib/python311.zip
2026-09-23 05:00:38.855259   /opt/hostedtoolcache/Python/3.11.16/x64/lib/python3.11
2026-09-23 05:00:38.905422   /opt/hostedtoolcache/Python/3.11.16/x64/lib/python3.11/lib-dynload
2026-09-23 05:00:38.955564   /opt/hostedtoolcache/Python/3.11.16/x64/lib/python3.11/site-packages
2026-09-23 05:00:46.825500 TC20 Search Products And Verify Cart After Login                      | FAIL |
2026-09-23 05:00:46.861639 Setup failed:
2026-09-23 05:00:46.861657 No keyword with name 'Open Browser' found.
2026-09-23 05:00:46.861668 
2026-09-23 05:00:46.861677 Also teardown failed:
2026-09-23 05:00:46.861686 Several failures occurred:
2026-09-23 05:00:46.861694 
2026-09-23 05:00:46.861702 1) No keyword with name 'Register Keyword To Run On Failure' found.
2026-09-23 05:00:46.861711 
2026-09-23 05:00:46.861719 2) No keyword with name 'Close Browser' found. Did you mean:
2026-09-23 05:00:46.861727     common.Close Test Browser
2026-09-23 05:00:46.861735 ------------------------------------------------------------------------------
2026-09-23 05:00:46.861742 Suites.Cart.TC20 search and verify cart after login :: TC20 - Sear... | FAIL |
2026-09-23 05:00:46.862252 1 test, 0 passed, 1 failed
2026-09-23 05:00:46.862288 ==============================================================================
2026-09-23 05:00:46.862298 Suites.Cart                                                           | FAIL |
2026-09-23 05:00:46.862704 1 test, 0 passed, 1 failed
2026-09-23 05:00:46.862755 ==============================================================================
2026-09-23 05:00:46.862764 Suites                                                                | FAIL |
2026-09-23 05:00:46.863099 1 test, 0 passed, 1 failed
2026-09-23 05:00:46.863152 ==============================================================================
2026-09-23 05:00:46.863160 Output:  /home/runner/work/engg-robot-testing-framework/engg-robot-testing-framework/reports/pabot_results/8/output.xml
