2026-05-17 04:39:30.957060 ==============================================================================
2026-05-17 04:39:30.972885 Suites
2026-05-17 04:39:30.972903 ==============================================================================
2026-05-17 04:39:30.972915 Suites.Auth
2026-05-17 04:39:30.973722 ==============================================================================
2026-05-17 04:39:31.073961 Suites.Auth.TC04 logout user
2026-05-17 04:39:31.082150 ==============================================================================
2026-05-17 04:39:42.116842 TC04 Logout User                                                      | FAIL |
2026-05-17 04:39:42.138570 Setup failed:
2026-05-17 04:39:42.138589 Title should have been 'Automation Exercise' but was 'One moment, please...'.
2026-05-17 04:39:42.138609 ------------------------------------------------------------------------------
2026-05-17 04:39:42.138624 Suites.Auth.TC04 logout user                                          | FAIL |
2026-05-17 04:39:42.139301 1 test, 0 passed, 1 failed
2026-05-17 04:39:42.139354 ==============================================================================
2026-05-17 04:39:42.139370 Suites.Auth                                                           | FAIL |
2026-05-17 04:39:42.139722 1 test, 0 passed, 1 failed
2026-05-17 04:39:42.139735 ==============================================================================
2026-05-17 04:39:42.139747 Suites                                                                | FAIL |
2026-05-17 04:39:42.140124 1 test, 0 passed, 1 failed
2026-05-17 04:39:42.140177 ==============================================================================
2026-05-17 04:39:42.140189 Output:  /home/runner/work/engg-robot-testing-framework/engg-robot-testing-framework/reports/pabot_results/3/output.xml
