2026-06-16 06:08:24.244515 ==============================================================================
2026-06-16 06:08:24.260632 Suites
2026-06-16 06:08:24.260646 ==============================================================================
2026-06-16 06:08:24.260655 Suites.Cart
2026-06-16 06:08:24.261314 ==============================================================================
2026-06-16 06:08:24.361520 Suites.Cart.TC20 search and verify cart after login :: TC20 - Search Produc...
2026-06-16 06:08:24.383991 ==============================================================================
2026-06-16 06:08:49.706237 TC20 Search Products And Verify Cart After Login                      | FAIL |
2026-06-16 06:08:49.721092 ElementClickInterceptedException: Message: element click intercepted: Element <a href="/products">...</a> is not clickable at point (926, 40). Other element would receive the click: <iframe id="aswift_1" name="aswift_1" style="min-height: auto !important; max-height: none !important; min-width: auto !important; max-width: none !important; width: 100vw !important; height: 100vh !important; inset: 0px auto auto 0px !important; position: absolute !important; clear: none !important; display: inline !important; float: none !important; margin: 0px !important; opacity: 1 !important; overflow: visible !important; padding: 0px !important; vertical-align: baseline !important; visibility: visible !important; z-index: auto !important;" sandbox="allow-forms allow-popups allow-popups-to-escape-sandbox allow-same-origin allow-scripts allow-top-navigation-by-user-activation" width="" height="" frameborder="0" marginwidth="0" marginheight="0" vspace="0" hspace="0" allowtransparency="true" scrolling="no" allow="attribution-reporting; run-ad-auction" src="https://googleads.g.doubleclick.net/pagead/html/r20260611/r20190131/zrt_lookup.html#RS-0-&amp;adk=1812271808&amp;client=ca-pub-1677597403311019&amp;fa=8&amp;ifi=2&amp;uci=a!2" data-google-container-id="a!2" tabindex="0" title="Advertisement" aria-label="Advertisement" data-google-query-id="CJ2Jn66Mi5UDFc2nAwEdu-o5Nw" data-load-complete="true"></iframe>
2026-06-16 06:08:49.721113   (Session info: chrome=149.0.7827.53)
2026-06-16 06:08:49.721123     [ Message content over the limit has been removed. ]
2026-06-16 06:08:49.721131 #1 0x55c7a0c75289 <unknown>
2026-06-16 06:08:49.721138 #2 0x55c7a0cd0445 <unknown>
2026-06-16 06:08:49.721145 #3 0x55c7a0cce522 <unknown>
2026-06-16 06:08:49.721176 #4 0x55c7a0ccbf0c <unknown>
2026-06-16 06:08:49.721188 #5 0x55c7a0ccb007 <unknown>
2026-06-16 06:08:49.721195 #6 0x55c7a0cbee92 <unknown>
2026-06-16 06:08:49.721201 #7 0x55c7a0cbe7d7 <unknown>
2026-06-16 06:08:49.721208 #8 0x55c7a0d11a4c <unknown>
2026-06-16 06:08:49.721214 #9 0x55c7a0cbcf7f <unknown>
2026-06-16 06:08:49.721220 #10 0x55c7a0cbdd61 <unknown>
2026-06-16 06:08:49.721226 #11 0x55c7a12590f7 <unknown>
2026-06-16 06:08:49.721232 #12 0x55c7a12578bd <unknown>
2026-06-16 06:08:49.721238 #13 0x55c7a12425a6 <unknown>
2026-06-16 06:08:49.721244 #14 0x55c7a125849a <unknown>
2026-06-16 06:08:49.721250 #15 0x55c7a122a560 <unknown>
2026-06-16 06:08:49.721256 #16 0x55c7a127f288 <unknown>
2026-06-16 06:08:49.721262 #17 0x55c7a127f425 <unknown>
2026-06-16 06:08:49.721268 #18 0x55c7a129138e <unknown>
2026-06-16 06:08:49.721274 #19 0x7fa53389caa4 <unknown>
2026-06-16 06:08:49.721280 #20 0x7fa533929c6c <unknown>
2026-06-16 06:08:49.721286 ------------------------------------------------------------------------------
2026-06-16 06:08:49.721293 Suites.Cart.TC20 search and verify cart after login :: TC20 - Sear... | FAIL |
2026-06-16 06:08:49.721815 1 test, 0 passed, 1 failed
2026-06-16 06:08:49.721824 ==============================================================================
2026-06-16 06:08:49.721830 Suites.Cart                                                           | FAIL |
2026-06-16 06:08:49.722127 1 test, 0 passed, 1 failed
2026-06-16 06:08:49.722182 ==============================================================================
2026-06-16 06:08:49.722189 Suites                                                                | FAIL |
2026-06-16 06:08:49.722443 1 test, 0 passed, 1 failed
2026-06-16 06:08:49.722480 ==============================================================================
2026-06-16 06:08:49.722488 Output:  /home/runner/work/engg-robot-testing-framework/engg-robot-testing-framework/reports/pabot_results/8/output.xml
