==============================================================================
Suites
==============================================================================
Suites.Cart
==============================================================================
Suites.Cart.TC20 search and verify cart after login :: TC20 - Search Produc...
==============================================================================
TC20 Search Products And Verify Cart After Login                      | FAIL |
ElementClickInterceptedException: Message: element click intercepted: Element <a href="/products">...</a> is not clickable at point (926, 40). Other element would receive the click: <iframe id="aswift_1" name="aswift_1" style="min-height: auto !important; max-height: none !important; min-width: auto !important; max-width: none !important; width: 100vw !important; height: 100vh !important; inset: 0px auto auto 0px !important; position: absolute !important; clear: none !important; display: inline !important; float: none !important; margin: 0px !important; opacity: 1 !important; overflow: visible !important; padding: 0px !important; vertical-align: baseline !important; visibility: visible !important; z-index: auto !important;" sandbox="allow-forms allow-popups allow-popups-to-escape-sandbox allow-same-origin allow-scripts allow-top-navigation-by-user-activation" width="" height="" frameborder="0" marginwidth="0" marginheight="0" vspace="0" hspace="0" allowtransparency="true" scrolling="no" allow="attribution-reporting; run-ad-auction" src="https://googleads.g.doubleclick.net/pagead/html/r20260611/r20190131/zrt_lookup.html#RS-0-&amp;adk=1812271808&amp;client=ca-pub-1677597403311019&amp;fa=8&amp;ifi=2&amp;uci=a!2" data-google-container-id="a!2" tabindex="0" title="Advertisement" aria-label="Advertisement" data-google-query-id="CJ2Jn66Mi5UDFc2nAwEdu-o5Nw" data-load-complete="true"></iframe>
  (Session info: chrome=149.0.7827.53)
    [ Message content over the limit has been removed. ]
#1 0x55c7a0c75289 <unknown>
#2 0x55c7a0cd0445 <unknown>
#3 0x55c7a0cce522 <unknown>
#4 0x55c7a0ccbf0c <unknown>
#5 0x55c7a0ccb007 <unknown>
#6 0x55c7a0cbee92 <unknown>
#7 0x55c7a0cbe7d7 <unknown>
#8 0x55c7a0d11a4c <unknown>
#9 0x55c7a0cbcf7f <unknown>
#10 0x55c7a0cbdd61 <unknown>
#11 0x55c7a12590f7 <unknown>
#12 0x55c7a12578bd <unknown>
#13 0x55c7a12425a6 <unknown>
#14 0x55c7a125849a <unknown>
#15 0x55c7a122a560 <unknown>
#16 0x55c7a127f288 <unknown>
#17 0x55c7a127f425 <unknown>
#18 0x55c7a129138e <unknown>
#19 0x7fa53389caa4 <unknown>
#20 0x7fa533929c6c <unknown>
------------------------------------------------------------------------------
Suites.Cart.TC20 search and verify cart after login :: TC20 - Sear... | FAIL |
1 test, 0 passed, 1 failed
==============================================================================
Suites.Cart                                                           | FAIL |
1 test, 0 passed, 1 failed
==============================================================================
Suites                                                                | FAIL |
1 test, 0 passed, 1 failed
==============================================================================
Output:  /home/runner/work/engg-robot-testing-framework/engg-robot-testing-framework/reports/pabot_results/8/output.xml
