2026-08-29 07:16:39.407036 ==============================================================================
2026-08-29 07:16:39.409870 Suites
2026-08-29 07:16:39.409887 ==============================================================================
2026-08-29 07:16:39.409896 Suites.Auth
2026-08-29 07:16:39.410084 ==============================================================================
2026-08-29 07:16:39.410095 Suites.Auth.TC05 register existing email
2026-08-29 07:16:39.410095 [ ERROR ] Error in file '/home/runner/work/engg-robot-testing-framework/engg-robot-testing-framework/tests/auth/TC05_register_existing_email.robot' on line 2: Importing library 'playwright_keyword_library.PlaywrightKeywordLibrary' failed: ModuleNotFoundError: No module named 'playwright_keyword_library'
2026-08-29 07:16:39.426000 ==============================================================================
2026-08-29 07:16:39.426000 Traceback (most recent call last):
2026-08-29 07:16:39.426016   None
2026-08-29 07:16:39.476126 PYTHONPATH:
2026-08-29 07:16:39.526281   /opt/hostedtoolcache/Python/3.11.16/x64/bin
2026-08-29 07:16:39.576396   /opt/hostedtoolcache/Python/3.11.16/x64/lib/python311.zip
2026-08-29 07:16:39.626600   /opt/hostedtoolcache/Python/3.11.16/x64/lib/python3.11
2026-08-29 07:16:39.676772   /opt/hostedtoolcache/Python/3.11.16/x64/lib/python3.11/lib-dynload
2026-08-29 07:16:39.726958   /opt/hostedtoolcache/Python/3.11.16/x64/lib/python3.11/site-packages
2026-08-29 07:16:39.777122 [ ERROR ] Error in file '/home/runner/work/engg-robot-testing-framework/engg-robot-testing-framework/resources/auth_keywords.resource' on line 2: Importing library 'playwright_keyword_library.PlaywrightKeywordLibrary' failed: ModuleNotFoundError: No module named 'playwright_keyword_library'
2026-08-29 07:16:39.827301 Traceback (most recent call last):
2026-08-29 07:16:39.877488   None
2026-08-29 07:16:39.927638 PYTHONPATH:
2026-08-29 07:16:39.977812   /opt/hostedtoolcache/Python/3.11.16/x64/bin
2026-08-29 07:16:40.028000   /opt/hostedtoolcache/Python/3.11.16/x64/lib/python311.zip
2026-08-29 07:16:40.078128   /opt/hostedtoolcache/Python/3.11.16/x64/lib/python3.11
2026-08-29 07:16:40.128293   /opt/hostedtoolcache/Python/3.11.16/x64/lib/python3.11/lib-dynload
2026-08-29 07:16:40.178440   /opt/hostedtoolcache/Python/3.11.16/x64/lib/python3.11/site-packages
2026-08-29 07:16:40.228589 [ ERROR ] Error in file '/home/runner/work/engg-robot-testing-framework/engg-robot-testing-framework/resources/common.resource' on line 4: Importing library 'playwright_keyword_library.PlaywrightKeywordLibrary' failed: ModuleNotFoundError: No module named 'playwright_keyword_library'
2026-08-29 07:16:40.278703 Traceback (most recent call last):
2026-08-29 07:16:40.328830   None
2026-08-29 07:16:40.378945 PYTHONPATH:
2026-08-29 07:16:40.429095   /opt/hostedtoolcache/Python/3.11.16/x64/bin
2026-08-29 07:16:40.479200   /opt/hostedtoolcache/Python/3.11.16/x64/lib/python311.zip
2026-08-29 07:16:40.529338   /opt/hostedtoolcache/Python/3.11.16/x64/lib/python3.11
2026-08-29 07:16:40.579454   /opt/hostedtoolcache/Python/3.11.16/x64/lib/python3.11/lib-dynload
2026-08-29 07:16:40.629554   /opt/hostedtoolcache/Python/3.11.16/x64/lib/python3.11/site-packages
2026-08-29 07:16:49.400929 TC05 Register User With Existing Email                                | FAIL |
2026-08-29 07:16:49.434959 Setup failed:
2026-08-29 07:16:49.434970 No keyword with name 'Open Browser' found.
2026-08-29 07:16:49.434976 
2026-08-29 07:16:49.434981 Also teardown failed:
2026-08-29 07:16:49.434987 Several failures occurred:
2026-08-29 07:16:49.434992 
2026-08-29 07:16:49.434997 1) No keyword with name 'Register Keyword To Run On Failure' found.
2026-08-29 07:16:49.435003 
2026-08-29 07:16:49.435007 2) No keyword with name 'Close Browser' found. Did you mean:
2026-08-29 07:16:49.435012     common.Close Test Browser
2026-08-29 07:16:49.435017 ------------------------------------------------------------------------------
2026-08-29 07:16:49.435022 Suites.Auth.TC05 register existing email                              | FAIL |
2026-08-29 07:16:49.435347 1 test, 0 passed, 1 failed
2026-08-29 07:16:49.435389 ==============================================================================
2026-08-29 07:16:49.435395 Suites.Auth                                                           | FAIL |
2026-08-29 07:16:49.435694 1 test, 0 passed, 1 failed
2026-08-29 07:16:49.435773 ==============================================================================
2026-08-29 07:16:49.435779 Suites                                                                | FAIL |
2026-08-29 07:16:49.436017 1 test, 0 passed, 1 failed
2026-08-29 07:16:49.436056 ==============================================================================
2026-08-29 07:16:49.436061 Output:  /home/runner/work/engg-robot-testing-framework/engg-robot-testing-framework/reports/pabot_results/4/output.xml
