2026-07-08 03:54:30.622398 ==============================================================================
2026-07-08 03:54:30.646930 Suites
2026-07-08 03:54:30.646953 ==============================================================================
2026-07-08 03:54:30.646969 Suites.Cart
2026-07-08 03:54:30.647798 ==============================================================================
2026-07-08 03:54:30.647818 Suites.Cart.TC12 add products to cart :: TC12 - Add Products In Cart
2026-07-08 03:54:30.647818 [ ERROR ] Error in file '/home/runner/work/engg-robot-testing-framework/engg-robot-testing-framework/resources/common.resource' on line 4: Importing library 'playwright_keyword_library.PlaywrightKeywordLibrary' failed: ModuleNotFoundError: No module named 'playwright_keyword_library'
2026-07-08 03:54:30.678054 ==============================================================================
2026-07-08 03:54:30.678054 Traceback (most recent call last):
2026-07-08 03:54:30.678071   None
2026-07-08 03:54:30.728173 PYTHONPATH:
2026-07-08 03:54:30.778276   /opt/hostedtoolcache/Python/3.11.15/x64/bin
2026-07-08 03:54:30.828383   /opt/hostedtoolcache/Python/3.11.15/x64/lib/python311.zip
2026-07-08 03:54:30.878478   /opt/hostedtoolcache/Python/3.11.15/x64/lib/python3.11
2026-07-08 03:54:30.928577   /opt/hostedtoolcache/Python/3.11.15/x64/lib/python3.11/lib-dynload
2026-07-08 03:54:30.978722   /opt/hostedtoolcache/Python/3.11.15/x64/lib/python3.11/site-packages
2026-07-08 03:54:31.028872 [ ERROR ] Error in file '/home/runner/work/engg-robot-testing-framework/engg-robot-testing-framework/resources/product_keywords.resource' on line 2: Importing library 'playwright_keyword_library.PlaywrightKeywordLibrary' failed: ModuleNotFoundError: No module named 'playwright_keyword_library'
2026-07-08 03:54:31.079021 Traceback (most recent call last):
2026-07-08 03:54:31.129169   None
2026-07-08 03:54:31.179313 PYTHONPATH:
2026-07-08 03:54:31.229462   /opt/hostedtoolcache/Python/3.11.15/x64/bin
2026-07-08 03:54:31.279608   /opt/hostedtoolcache/Python/3.11.15/x64/lib/python311.zip
2026-07-08 03:54:31.329752   /opt/hostedtoolcache/Python/3.11.15/x64/lib/python3.11
2026-07-08 03:54:31.379897   /opt/hostedtoolcache/Python/3.11.15/x64/lib/python3.11/lib-dynload
2026-07-08 03:54:31.430042   /opt/hostedtoolcache/Python/3.11.15/x64/lib/python3.11/site-packages
2026-07-08 03:54:31.480146 [ ERROR ] Error in file '/home/runner/work/engg-robot-testing-framework/engg-robot-testing-framework/resources/cart_keywords.resource' on line 2: Importing library 'playwright_keyword_library.PlaywrightKeywordLibrary' failed: ModuleNotFoundError: No module named 'playwright_keyword_library'
2026-07-08 03:54:31.530291 Traceback (most recent call last):
2026-07-08 03:54:31.580436   None
2026-07-08 03:54:31.630594 PYTHONPATH:
2026-07-08 03:54:31.680768   /opt/hostedtoolcache/Python/3.11.15/x64/bin
2026-07-08 03:54:31.730927   /opt/hostedtoolcache/Python/3.11.15/x64/lib/python311.zip
2026-07-08 03:54:31.781087   /opt/hostedtoolcache/Python/3.11.15/x64/lib/python3.11
2026-07-08 03:54:31.831260   /opt/hostedtoolcache/Python/3.11.15/x64/lib/python3.11/lib-dynload
2026-07-08 03:54:31.881376   /opt/hostedtoolcache/Python/3.11.15/x64/lib/python3.11/site-packages
2026-07-08 03:54:40.652837 TC12 Add Products In Cart                                             | FAIL |
2026-07-08 03:54:40.688907 Setup failed:
2026-07-08 03:54:40.688925 No keyword with name 'Open Browser' found.
2026-07-08 03:54:40.688941 
2026-07-08 03:54:40.688955 Also teardown failed:
2026-07-08 03:54:40.688970 Several failures occurred:
2026-07-08 03:54:40.688983 
2026-07-08 03:54:40.688997 1) No keyword with name 'Register Keyword To Run On Failure' found.
2026-07-08 03:54:40.689010 
2026-07-08 03:54:40.689021 2) No keyword with name 'Close Browser' found. Did you mean:
2026-07-08 03:54:40.689034     common.Close Test Browser
2026-07-08 03:54:40.689045 ------------------------------------------------------------------------------
2026-07-08 03:54:40.689057 Suites.Cart.TC12 add products to cart :: TC12 - Add Products In Cart  | FAIL |
2026-07-08 03:54:40.689594 1 test, 0 passed, 1 failed
2026-07-08 03:54:40.689610 ==============================================================================
2026-07-08 03:54:40.689624 Suites.Cart                                                           | FAIL |
2026-07-08 03:54:40.689997 1 test, 0 passed, 1 failed
2026-07-08 03:54:40.690013 ==============================================================================
2026-07-08 03:54:40.690027 Suites                                                                | FAIL |
2026-07-08 03:54:40.690378 1 test, 0 passed, 1 failed
2026-07-08 03:54:40.690394 ==============================================================================
2026-07-08 03:54:40.690407 Output:  /home/runner/work/engg-robot-testing-framework/engg-robot-testing-framework/reports/pabot_results/5/output.xml
