2026-09-29 06:00:37.705772 ==============================================================================
2026-09-29 06:00:37.728095 Suites
2026-09-29 06:00:37.728116 ==============================================================================
2026-09-29 06:00:37.728129 Suites.Cart
2026-09-29 06:00:37.728825 ==============================================================================
2026-09-29 06:00:37.728842 Suites.Cart.TC20 search and verify cart after login :: TC20 - Search Produc...
2026-09-29 06:00:37.728842 [ ERROR ] Error in file '/home/runner/work/engg-robot-testing-framework/engg-robot-testing-framework/tests/cart/TC20_search_and_verify_cart_after_login.robot' on line 3: Importing library 'playwright_keyword_library.PlaywrightKeywordLibrary' failed: ModuleNotFoundError: No module named 'playwright_keyword_library'
2026-09-29 06:00:37.761090 ==============================================================================
2026-09-29 06:00:37.761090 Traceback (most recent call last):
2026-09-29 06:00:37.761111   None
2026-09-29 06:00:37.811227 PYTHONPATH:
2026-09-29 06:00:37.861519   /opt/hostedtoolcache/Python/3.11.16/x64/bin
2026-09-29 06:00:37.911669   /opt/hostedtoolcache/Python/3.11.16/x64/lib/python311.zip
2026-09-29 06:00:37.961853   /opt/hostedtoolcache/Python/3.11.16/x64/lib/python3.11
2026-09-29 06:00:38.012011   /opt/hostedtoolcache/Python/3.11.16/x64/lib/python3.11/lib-dynload
2026-09-29 06:00:38.062147   /opt/hostedtoolcache/Python/3.11.16/x64/lib/python3.11/site-packages
2026-09-29 06:00:38.112283 [ ERROR ] Error in file '/home/runner/work/engg-robot-testing-framework/engg-robot-testing-framework/resources/common.resource' on line 4: Importing library 'playwright_keyword_library.PlaywrightKeywordLibrary' failed: ModuleNotFoundError: No module named 'playwright_keyword_library'
2026-09-29 06:00:38.162420 Traceback (most recent call last):
2026-09-29 06:00:38.212531   None
2026-09-29 06:00:38.262666 PYTHONPATH:
2026-09-29 06:00:38.312801   /opt/hostedtoolcache/Python/3.11.16/x64/bin
2026-09-29 06:00:38.362932   /opt/hostedtoolcache/Python/3.11.16/x64/lib/python311.zip
2026-09-29 06:00:38.413067   /opt/hostedtoolcache/Python/3.11.16/x64/lib/python3.11
2026-09-29 06:00:38.463184   /opt/hostedtoolcache/Python/3.11.16/x64/lib/python3.11/lib-dynload
2026-09-29 06:00:38.513320   /opt/hostedtoolcache/Python/3.11.16/x64/lib/python3.11/site-packages
2026-09-29 06:00:38.563456 [ ERROR ] Error in file '/home/runner/work/engg-robot-testing-framework/engg-robot-testing-framework/resources/product_keywords.resource' on line 2: Importing library 'playwright_keyword_library.PlaywrightKeywordLibrary' failed: ModuleNotFoundError: No module named 'playwright_keyword_library'
2026-09-29 06:00:38.613608 Traceback (most recent call last):
2026-09-29 06:00:38.663761   None
2026-09-29 06:00:38.713911 PYTHONPATH:
2026-09-29 06:00:38.764058   /opt/hostedtoolcache/Python/3.11.16/x64/bin
2026-09-29 06:00:38.814206   /opt/hostedtoolcache/Python/3.11.16/x64/lib/python311.zip
2026-09-29 06:00:38.864355   /opt/hostedtoolcache/Python/3.11.16/x64/lib/python3.11
2026-09-29 06:00:38.914512   /opt/hostedtoolcache/Python/3.11.16/x64/lib/python3.11/lib-dynload
2026-09-29 06:00:38.964664   /opt/hostedtoolcache/Python/3.11.16/x64/lib/python3.11/site-packages
2026-09-29 06:00:39.014814 [ ERROR ] Error in file '/home/runner/work/engg-robot-testing-framework/engg-robot-testing-framework/resources/cart_keywords.resource' on line 2: Importing library 'playwright_keyword_library.PlaywrightKeywordLibrary' failed: ModuleNotFoundError: No module named 'playwright_keyword_library'
2026-09-29 06:00:39.064984 Traceback (most recent call last):
2026-09-29 06:00:39.115135   None
2026-09-29 06:00:39.165357 PYTHONPATH:
2026-09-29 06:00:39.215468   /opt/hostedtoolcache/Python/3.11.16/x64/bin
2026-09-29 06:00:39.265593   /opt/hostedtoolcache/Python/3.11.16/x64/lib/python311.zip
2026-09-29 06:00:39.315747   /opt/hostedtoolcache/Python/3.11.16/x64/lib/python3.11
2026-09-29 06:00:39.365877   /opt/hostedtoolcache/Python/3.11.16/x64/lib/python3.11/lib-dynload
2026-09-29 06:00:39.416041   /opt/hostedtoolcache/Python/3.11.16/x64/lib/python3.11/site-packages
2026-09-29 06:00:39.466191 [ ERROR ] Error in file '/home/runner/work/engg-robot-testing-framework/engg-robot-testing-framework/resources/auth_keywords.resource' on line 2: Importing library 'playwright_keyword_library.PlaywrightKeywordLibrary' failed: ModuleNotFoundError: No module named 'playwright_keyword_library'
2026-09-29 06:00:39.516340 Traceback (most recent call last):
2026-09-29 06:00:39.566485   None
2026-09-29 06:00:39.616632 PYTHONPATH:
2026-09-29 06:00:39.666779   /opt/hostedtoolcache/Python/3.11.16/x64/bin
2026-09-29 06:00:39.716926   /opt/hostedtoolcache/Python/3.11.16/x64/lib/python311.zip
2026-09-29 06:00:39.767078   /opt/hostedtoolcache/Python/3.11.16/x64/lib/python3.11
2026-09-29 06:00:39.817226   /opt/hostedtoolcache/Python/3.11.16/x64/lib/python3.11/lib-dynload
2026-09-29 06:00:39.867373   /opt/hostedtoolcache/Python/3.11.16/x64/lib/python3.11/site-packages
2026-09-29 06:00:47.733870 TC20 Search Products And Verify Cart After Login                      | FAIL |
2026-09-29 06:00:47.772257 Setup failed:
2026-09-29 06:00:47.772273 No keyword with name 'Open Browser' found.
2026-09-29 06:00:47.772285 
2026-09-29 06:00:47.772297 Also teardown failed:
2026-09-29 06:00:47.772308 Several failures occurred:
2026-09-29 06:00:47.772319 
2026-09-29 06:00:47.772330 1) No keyword with name 'Register Keyword To Run On Failure' found.
2026-09-29 06:00:47.772342 
2026-09-29 06:00:47.772351 2) No keyword with name 'Close Browser' found. Did you mean:
2026-09-29 06:00:47.772362     common.Close Test Browser
2026-09-29 06:00:47.772372 ------------------------------------------------------------------------------
2026-09-29 06:00:47.772382 Suites.Cart.TC20 search and verify cart after login :: TC20 - Sear... | FAIL |
2026-09-29 06:00:47.772968 1 test, 0 passed, 1 failed
2026-09-29 06:00:47.773049 ==============================================================================
2026-09-29 06:00:47.773060 Suites.Cart                                                           | FAIL |
2026-09-29 06:00:47.773347 1 test, 0 passed, 1 failed
2026-09-29 06:00:47.773386 ==============================================================================
2026-09-29 06:00:47.773396 Suites                                                                | FAIL |
2026-09-29 06:00:47.774037 1 test, 0 passed, 1 failed
2026-09-29 06:00:47.774049 ==============================================================================
2026-09-29 06:00:47.774059 Output:  /home/runner/work/engg-robot-testing-framework/engg-robot-testing-framework/reports/pabot_results/8/output.xml
