2026-06-22 05:41:49.710999 ==============================================================================
2026-06-22 05:41:49.735644 Suites
2026-06-22 05:41:49.735666 ==============================================================================
2026-06-22 05:41:49.735681 Suites.Cart
2026-06-22 05:41:49.736514 ==============================================================================
2026-06-22 05:41:49.736534 Suites.Cart.TC17 remove products from cart :: TC17 - Remove Products From Cart
2026-06-22 05:41:49.736534 [ ERROR ] Error in file '/home/runner/work/engg-robot-testing-framework/engg-robot-testing-framework/resources/common.resource' on line 4: Importing library 'playwright_keyword_library.PlaywrightKeywordLibrary' failed: ModuleNotFoundError: No module named 'playwright_keyword_library'
2026-06-22 05:41:49.767031 ==============================================================================
2026-06-22 05:41:49.767031 Traceback (most recent call last):
2026-06-22 05:41:49.767055   None
2026-06-22 05:41:49.817185 PYTHONPATH:
2026-06-22 05:41:49.867305   /opt/hostedtoolcache/Python/3.11.15/x64/bin
2026-06-22 05:41:49.917428   /opt/hostedtoolcache/Python/3.11.15/x64/lib/python311.zip
2026-06-22 05:41:49.967535   /opt/hostedtoolcache/Python/3.11.15/x64/lib/python3.11
2026-06-22 05:41:50.017657   /opt/hostedtoolcache/Python/3.11.15/x64/lib/python3.11/lib-dynload
2026-06-22 05:41:50.067802   /opt/hostedtoolcache/Python/3.11.15/x64/lib/python3.11/site-packages
2026-06-22 05:41:50.117975 [ ERROR ] Error in file '/home/runner/work/engg-robot-testing-framework/engg-robot-testing-framework/resources/product_keywords.resource' on line 2: Importing library 'playwright_keyword_library.PlaywrightKeywordLibrary' failed: ModuleNotFoundError: No module named 'playwright_keyword_library'
2026-06-22 05:41:50.168148 Traceback (most recent call last):
2026-06-22 05:41:50.218304   None
2026-06-22 05:41:50.268454 PYTHONPATH:
2026-06-22 05:41:50.318613   /opt/hostedtoolcache/Python/3.11.15/x64/bin
2026-06-22 05:41:50.368764   /opt/hostedtoolcache/Python/3.11.15/x64/lib/python311.zip
2026-06-22 05:41:50.418940   /opt/hostedtoolcache/Python/3.11.15/x64/lib/python3.11
2026-06-22 05:41:50.469065   /opt/hostedtoolcache/Python/3.11.15/x64/lib/python3.11/lib-dynload
2026-06-22 05:41:50.519238   /opt/hostedtoolcache/Python/3.11.15/x64/lib/python3.11/site-packages
2026-06-22 05:41:50.569384 [ ERROR ] Error in file '/home/runner/work/engg-robot-testing-framework/engg-robot-testing-framework/resources/cart_keywords.resource' on line 2: Importing library 'playwright_keyword_library.PlaywrightKeywordLibrary' failed: ModuleNotFoundError: No module named 'playwright_keyword_library'
2026-06-22 05:41:50.619539 Traceback (most recent call last):
2026-06-22 05:41:50.669657   None
2026-06-22 05:41:50.719865 PYTHONPATH:
2026-06-22 05:41:50.770008   /opt/hostedtoolcache/Python/3.11.15/x64/bin
2026-06-22 05:41:50.820141   /opt/hostedtoolcache/Python/3.11.15/x64/lib/python311.zip
2026-06-22 05:41:50.870254   /opt/hostedtoolcache/Python/3.11.15/x64/lib/python3.11
2026-06-22 05:41:50.920387   /opt/hostedtoolcache/Python/3.11.15/x64/lib/python3.11/lib-dynload
2026-06-22 05:41:50.970521   /opt/hostedtoolcache/Python/3.11.15/x64/lib/python3.11/site-packages
2026-06-22 05:41:59.745201 TC17 Remove Products From Cart                                        | FAIL |
2026-06-22 05:41:59.779063 Setup failed:
2026-06-22 05:41:59.779075 No keyword with name 'Open Browser' found.
2026-06-22 05:41:59.779083 
2026-06-22 05:41:59.779090 Also teardown failed:
2026-06-22 05:41:59.779096 Several failures occurred:
2026-06-22 05:41:59.779103 
2026-06-22 05:41:59.779110 1) No keyword with name 'Register Keyword To Run On Failure' found.
2026-06-22 05:41:59.779116 
2026-06-22 05:41:59.779123 2) No keyword with name 'Close Browser' found. Did you mean:
2026-06-22 05:41:59.779129     common.Close Test Browser
2026-06-22 05:41:59.779135 ------------------------------------------------------------------------------
2026-06-22 05:41:59.779142 Suites.Cart.TC17 remove products from cart :: TC17 - Remove Produc... | FAIL |
2026-06-22 05:41:59.779643 1 test, 0 passed, 1 failed
2026-06-22 05:41:59.779671 ==============================================================================
2026-06-22 05:41:59.779740 Suites.Cart                                                           | FAIL |
2026-06-22 05:41:59.779995 1 test, 0 passed, 1 failed
2026-06-22 05:41:59.780005 ==============================================================================
2026-06-22 05:41:59.780012 Suites                                                                | FAIL |
2026-06-22 05:41:59.780293 1 test, 0 passed, 1 failed
2026-06-22 05:41:59.780359 ==============================================================================
2026-06-22 05:41:59.780367 Output:  /home/runner/work/engg-robot-testing-framework/engg-robot-testing-framework/reports/pabot_results/7/output.xml
