2026-09-05 04:49:48.573261 ==============================================================================
2026-09-05 04:49:48.590593 Suites
2026-09-05 04:49:48.590614 ==============================================================================
2026-09-05 04:49:48.590631 Suites.Auth
2026-09-05 04:49:48.591470 ==============================================================================
2026-09-05 04:49:48.591490 Suites.Auth.TC05 register existing email
2026-09-05 04:49:48.591490 [ ERROR ] Error in file '/home/runner/work/engg-robot-testing-framework/engg-robot-testing-framework/tests/auth/TC05_register_existing_email.robot' on line 2: Importing library 'playwright_keyword_library.PlaywrightKeywordLibrary' failed: ModuleNotFoundError: No module named 'playwright_keyword_library'
2026-09-05 04:49:48.610232 ==============================================================================
2026-09-05 04:49:48.610232 Traceback (most recent call last):
2026-09-05 04:49:48.610257   None
2026-09-05 04:49:48.660364 PYTHONPATH:
2026-09-05 04:49:48.710472   /opt/hostedtoolcache/Python/3.11.16/x64/bin
2026-09-05 04:49:48.760589   /opt/hostedtoolcache/Python/3.11.16/x64/lib/python311.zip
2026-09-05 04:49:48.810706   /opt/hostedtoolcache/Python/3.11.16/x64/lib/python3.11
2026-09-05 04:49:48.860813   /opt/hostedtoolcache/Python/3.11.16/x64/lib/python3.11/lib-dynload
2026-09-05 04:49:48.910973   /opt/hostedtoolcache/Python/3.11.16/x64/lib/python3.11/site-packages
2026-09-05 04:49:48.961146 [ ERROR ] Error in file '/home/runner/work/engg-robot-testing-framework/engg-robot-testing-framework/resources/auth_keywords.resource' on line 2: Importing library 'playwright_keyword_library.PlaywrightKeywordLibrary' failed: ModuleNotFoundError: No module named 'playwright_keyword_library'
2026-09-05 04:49:49.011302 Traceback (most recent call last):
2026-09-05 04:49:49.061463   None
2026-09-05 04:49:49.111614 PYTHONPATH:
2026-09-05 04:49:49.161775   /opt/hostedtoolcache/Python/3.11.16/x64/bin
2026-09-05 04:49:49.211936   /opt/hostedtoolcache/Python/3.11.16/x64/lib/python311.zip
2026-09-05 04:49:49.262098   /opt/hostedtoolcache/Python/3.11.16/x64/lib/python3.11
2026-09-05 04:49:49.312258   /opt/hostedtoolcache/Python/3.11.16/x64/lib/python3.11/lib-dynload
2026-09-05 04:49:49.362420   /opt/hostedtoolcache/Python/3.11.16/x64/lib/python3.11/site-packages
2026-09-05 04:49:49.412581 [ ERROR ] Error in file '/home/runner/work/engg-robot-testing-framework/engg-robot-testing-framework/resources/common.resource' on line 4: Importing library 'playwright_keyword_library.PlaywrightKeywordLibrary' failed: ModuleNotFoundError: No module named 'playwright_keyword_library'
2026-09-05 04:49:49.462753 Traceback (most recent call last):
2026-09-05 04:49:49.512860   None
2026-09-05 04:49:49.563021 PYTHONPATH:
2026-09-05 04:49:49.613180   /opt/hostedtoolcache/Python/3.11.16/x64/bin
2026-09-05 04:49:49.663342   /opt/hostedtoolcache/Python/3.11.16/x64/lib/python311.zip
2026-09-05 04:49:49.713502   /opt/hostedtoolcache/Python/3.11.16/x64/lib/python3.11
2026-09-05 04:49:49.763662   /opt/hostedtoolcache/Python/3.11.16/x64/lib/python3.11/lib-dynload
2026-09-05 04:49:49.813822   /opt/hostedtoolcache/Python/3.11.16/x64/lib/python3.11/site-packages
2026-09-05 04:49:58.586297 TC05 Register User With Existing Email                                | FAIL |
2026-09-05 04:49:58.619990 Setup failed:
2026-09-05 04:49:58.620009 No keyword with name 'Open Browser' found.
2026-09-05 04:49:58.620025 
2026-09-05 04:49:58.620038 Also teardown failed:
2026-09-05 04:49:58.620076 Several failures occurred:
2026-09-05 04:49:58.620091 
2026-09-05 04:49:58.620103 1) No keyword with name 'Register Keyword To Run On Failure' found.
2026-09-05 04:49:58.620114 
2026-09-05 04:49:58.620125 2) No keyword with name 'Close Browser' found. Did you mean:
2026-09-05 04:49:58.620137     common.Close Test Browser
2026-09-05 04:49:58.620148 ------------------------------------------------------------------------------
2026-09-05 04:49:58.620159 Suites.Auth.TC05 register existing email                              | FAIL |
2026-09-05 04:49:58.620645 1 test, 0 passed, 1 failed
2026-09-05 04:49:58.620722 ==============================================================================
2026-09-05 04:49:58.620738 Suites.Auth                                                           | FAIL |
2026-09-05 04:49:58.621076 1 test, 0 passed, 1 failed
2026-09-05 04:49:58.621157 ==============================================================================
2026-09-05 04:49:58.621174 Suites                                                                | FAIL |
2026-09-05 04:49:58.621471 1 test, 0 passed, 1 failed
2026-09-05 04:49:58.621532 ==============================================================================
2026-09-05 04:49:58.621547 Output:  /home/runner/work/engg-robot-testing-framework/engg-robot-testing-framework/reports/pabot_results/4/output.xml
