2026-09-13 05:11:21.774251 ==============================================================================
2026-09-13 05:11:21.801957 Suites
2026-09-13 05:11:21.801977 ==============================================================================
2026-09-13 05:11:21.801992 Suites.Cart
2026-09-13 05:11:21.802799 ==============================================================================
2026-09-13 05:11:21.802816 Suites.Cart.TC12 add products to cart :: TC12 - Add Products In Cart
2026-09-13 05:11:21.802816 [ ERROR ] Error in file '/home/runner/work/engg-robot-testing-framework/engg-robot-testing-framework/resources/common.resource' on line 4: Importing library 'playwright_keyword_library.PlaywrightKeywordLibrary' failed: ModuleNotFoundError: No module named 'playwright_keyword_library'
2026-09-13 05:11:21.833079 ==============================================================================
2026-09-13 05:11:21.833079 Traceback (most recent call last):
2026-09-13 05:11:21.833103   None
2026-09-13 05:11:21.883216 PYTHONPATH:
2026-09-13 05:11:21.933321   /opt/hostedtoolcache/Python/3.11.16/x64/bin
2026-09-13 05:11:21.983437   /opt/hostedtoolcache/Python/3.11.16/x64/lib/python311.zip
2026-09-13 05:11:22.033545   /opt/hostedtoolcache/Python/3.11.16/x64/lib/python3.11
2026-09-13 05:11:22.083664   /opt/hostedtoolcache/Python/3.11.16/x64/lib/python3.11/lib-dynload
2026-09-13 05:11:22.133797   /opt/hostedtoolcache/Python/3.11.16/x64/lib/python3.11/site-packages
2026-09-13 05:11:22.183928 [ ERROR ] Error in file '/home/runner/work/engg-robot-testing-framework/engg-robot-testing-framework/resources/product_keywords.resource' on line 2: Importing library 'playwright_keyword_library.PlaywrightKeywordLibrary' failed: ModuleNotFoundError: No module named 'playwright_keyword_library'
2026-09-13 05:11:22.234062 Traceback (most recent call last):
2026-09-13 05:11:22.284166   None
2026-09-13 05:11:22.334310 PYTHONPATH:
2026-09-13 05:11:22.384460   /opt/hostedtoolcache/Python/3.11.16/x64/bin
2026-09-13 05:11:22.434621   /opt/hostedtoolcache/Python/3.11.16/x64/lib/python311.zip
2026-09-13 05:11:22.484756   /opt/hostedtoolcache/Python/3.11.16/x64/lib/python3.11
2026-09-13 05:11:22.534917   /opt/hostedtoolcache/Python/3.11.16/x64/lib/python3.11/lib-dynload
2026-09-13 05:11:22.585051   /opt/hostedtoolcache/Python/3.11.16/x64/lib/python3.11/site-packages
2026-09-13 05:11:22.635211 [ ERROR ] Error in file '/home/runner/work/engg-robot-testing-framework/engg-robot-testing-framework/resources/cart_keywords.resource' on line 2: Importing library 'playwright_keyword_library.PlaywrightKeywordLibrary' failed: ModuleNotFoundError: No module named 'playwright_keyword_library'
2026-09-13 05:11:22.685341 Traceback (most recent call last):
2026-09-13 05:11:22.735492   None
2026-09-13 05:11:22.785623 PYTHONPATH:
2026-09-13 05:11:22.835778   /opt/hostedtoolcache/Python/3.11.16/x64/bin
2026-09-13 05:11:22.885908   /opt/hostedtoolcache/Python/3.11.16/x64/lib/python311.zip
2026-09-13 05:11:22.936063   /opt/hostedtoolcache/Python/3.11.16/x64/lib/python3.11
2026-09-13 05:11:22.986156   /opt/hostedtoolcache/Python/3.11.16/x64/lib/python3.11/lib-dynload
2026-09-13 05:11:23.036321   /opt/hostedtoolcache/Python/3.11.16/x64/lib/python3.11/site-packages
2026-09-13 05:11:31.807817 TC12 Add Products In Cart                                             | FAIL |
2026-09-13 05:11:31.844737 Setup failed:
2026-09-13 05:11:31.844753 No keyword with name 'Open Browser' found.
2026-09-13 05:11:31.844763 
2026-09-13 05:11:31.844772 Also teardown failed:
2026-09-13 05:11:31.844780 Several failures occurred:
2026-09-13 05:11:31.844788 
2026-09-13 05:11:31.844797 1) No keyword with name 'Register Keyword To Run On Failure' found.
2026-09-13 05:11:31.844806 
2026-09-13 05:11:31.844814 2) No keyword with name 'Close Browser' found. Did you mean:
2026-09-13 05:11:31.844822     common.Close Test Browser
2026-09-13 05:11:31.844830 ------------------------------------------------------------------------------
2026-09-13 05:11:31.844837 Suites.Cart.TC12 add products to cart :: TC12 - Add Products In Cart  | FAIL |
2026-09-13 05:11:31.845571 1 test, 0 passed, 1 failed
2026-09-13 05:11:31.845641 ==============================================================================
2026-09-13 05:11:31.845651 Suites.Cart                                                           | FAIL |
2026-09-13 05:11:31.846053 1 test, 0 passed, 1 failed
2026-09-13 05:11:31.846120 ==============================================================================
2026-09-13 05:11:31.846130 Suites                                                                | FAIL |
2026-09-13 05:11:31.846527 1 test, 0 passed, 1 failed
2026-09-13 05:11:31.846584 ==============================================================================
2026-09-13 05:11:31.846592 Output:  /home/runner/work/engg-robot-testing-framework/engg-robot-testing-framework/reports/pabot_results/5/output.xml
