2026-09-17 05:07:33.371666 ==============================================================================
2026-09-17 05:07:33.393854 Suites
2026-09-17 05:07:33.393876 ==============================================================================
2026-09-17 05:07:33.393898 Suites.Auth
2026-09-17 05:07:33.395692 ==============================================================================
2026-09-17 05:07:33.395711 Suites.Auth.TC01 register user
2026-09-17 05:07:33.395711 [ ERROR ] Error in file '/home/runner/work/engg-robot-testing-framework/engg-robot-testing-framework/tests/auth/TC01_register_user.robot' on line 2: Importing library 'playwright_keyword_library.PlaywrightKeywordLibrary' failed: ModuleNotFoundError: No module named 'playwright_keyword_library'
2026-09-17 05:07:33.413682 ==============================================================================
2026-09-17 05:07:33.413682 Traceback (most recent call last):
2026-09-17 05:07:33.413705   None
2026-09-17 05:07:33.463823 PYTHONPATH:
2026-09-17 05:07:33.513934   /opt/hostedtoolcache/Python/3.11.16/x64/bin
2026-09-17 05:07:33.564052   /opt/hostedtoolcache/Python/3.11.16/x64/lib/python311.zip
2026-09-17 05:07:33.614163   /opt/hostedtoolcache/Python/3.11.16/x64/lib/python3.11
2026-09-17 05:07:33.664281   /opt/hostedtoolcache/Python/3.11.16/x64/lib/python3.11/lib-dynload
2026-09-17 05:07:33.714417   /opt/hostedtoolcache/Python/3.11.16/x64/lib/python3.11/site-packages
2026-09-17 05:07:33.764552 [ ERROR ] Error in file '/home/runner/work/engg-robot-testing-framework/engg-robot-testing-framework/resources/auth_keywords.resource' on line 2: Importing library 'playwright_keyword_library.PlaywrightKeywordLibrary' failed: ModuleNotFoundError: No module named 'playwright_keyword_library'
2026-09-17 05:07:33.814698 Traceback (most recent call last):
2026-09-17 05:07:33.864838   None
2026-09-17 05:07:33.914975 PYTHONPATH:
2026-09-17 05:07:33.965130   /opt/hostedtoolcache/Python/3.11.16/x64/bin
2026-09-17 05:07:34.015306   /opt/hostedtoolcache/Python/3.11.16/x64/lib/python311.zip
2026-09-17 05:07:34.065462   /opt/hostedtoolcache/Python/3.11.16/x64/lib/python3.11
2026-09-17 05:07:34.115611   /opt/hostedtoolcache/Python/3.11.16/x64/lib/python3.11/lib-dynload
2026-09-17 05:07:34.165739   /opt/hostedtoolcache/Python/3.11.16/x64/lib/python3.11/site-packages
2026-09-17 05:07:34.215899 [ ERROR ] Error in file '/home/runner/work/engg-robot-testing-framework/engg-robot-testing-framework/resources/common.resource' on line 4: Importing library 'playwright_keyword_library.PlaywrightKeywordLibrary' failed: ModuleNotFoundError: No module named 'playwright_keyword_library'
2026-09-17 05:07:34.266053 Traceback (most recent call last):
2026-09-17 05:07:34.316209   None
2026-09-17 05:07:34.366359 PYTHONPATH:
2026-09-17 05:07:34.416511   /opt/hostedtoolcache/Python/3.11.16/x64/bin
2026-09-17 05:07:34.466635   /opt/hostedtoolcache/Python/3.11.16/x64/lib/python311.zip
2026-09-17 05:07:34.516788   /opt/hostedtoolcache/Python/3.11.16/x64/lib/python3.11
2026-09-17 05:07:34.566938   /opt/hostedtoolcache/Python/3.11.16/x64/lib/python3.11/lib-dynload
2026-09-17 05:07:34.617086   /opt/hostedtoolcache/Python/3.11.16/x64/lib/python3.11/site-packages
2026-09-17 05:07:43.387857 TC01 Register User                                                    | FAIL |
2026-09-17 05:07:43.424140 Setup failed:
2026-09-17 05:07:43.424157 No keyword with name 'Open Browser' found.
2026-09-17 05:07:43.424172 
2026-09-17 05:07:43.424186 Also teardown failed:
2026-09-17 05:07:43.424199 Several failures occurred:
2026-09-17 05:07:43.424211 
2026-09-17 05:07:43.424223 1) No keyword with name 'Register Keyword To Run On Failure' found.
2026-09-17 05:07:43.424235 
2026-09-17 05:07:43.424247 2) No keyword with name 'Close Browser' found. Did you mean:
2026-09-17 05:07:43.424258     common.Close Test Browser
2026-09-17 05:07:43.424270 ------------------------------------------------------------------------------
2026-09-17 05:07:43.424282 Suites.Auth.TC01 register user                                        | FAIL |
2026-09-17 05:07:43.424769 1 test, 0 passed, 1 failed
2026-09-17 05:07:43.424794 ==============================================================================
2026-09-17 05:07:43.424874 Suites.Auth                                                           | FAIL |
2026-09-17 05:07:43.425198 1 test, 0 passed, 1 failed
2026-09-17 05:07:43.425272 ==============================================================================
2026-09-17 05:07:43.425288 Suites                                                                | FAIL |
2026-09-17 05:07:43.425580 1 test, 0 passed, 1 failed
2026-09-17 05:07:43.425657 ==============================================================================
2026-09-17 05:07:43.425671 Output:  /home/runner/work/engg-robot-testing-framework/engg-robot-testing-framework/reports/pabot_results/0/output.xml
