2026-05-23 04:25:39.658241 ==============================================================================
2026-05-23 04:25:39.672383 Suites
2026-05-23 04:25:39.672400 ==============================================================================
2026-05-23 04:25:39.672410 Suites.Auth
2026-05-23 04:25:39.673216 ==============================================================================
2026-05-23 04:25:39.773409 Suites.Auth.TC05 register existing email
2026-05-23 04:25:39.795287 ==============================================================================
2026-05-23 04:26:54.304555 TC05 Register User With Existing Email                                | FAIL |
2026-05-23 04:26:54.349797 Element 'xpath=//a[contains(text(),'Logout')]' not visible after 45 seconds.
2026-05-23 04:26:54.349819 ------------------------------------------------------------------------------
2026-05-23 04:26:54.349836 Suites.Auth.TC05 register existing email                              | FAIL |
2026-05-23 04:26:54.350658 1 test, 0 passed, 1 failed
2026-05-23 04:26:54.350719 ==============================================================================
2026-05-23 04:26:54.350737 Suites.Auth                                                           | FAIL |
2026-05-23 04:26:54.351077 1 test, 0 passed, 1 failed
2026-05-23 04:26:54.351137 ==============================================================================
2026-05-23 04:26:54.351158 Suites                                                                | FAIL |
2026-05-23 04:26:54.351482 1 test, 0 passed, 1 failed
2026-05-23 04:26:54.351541 ==============================================================================
2026-05-23 04:26:54.351558 Output:  /home/runner/work/engg-robot-testing-framework/engg-robot-testing-framework/reports/pabot_results/4/output.xml
