2026-05-07 04:14:32.832014 ==============================================================================
2026-05-07 04:14:32.859569 Suites
2026-05-07 04:14:32.859591 ==============================================================================
2026-05-07 04:14:32.859606 Suites.Cart
2026-05-07 04:14:32.860497 ==============================================================================
2026-05-07 04:14:32.960742 Suites.Cart.TC20 search and verify cart after login :: TC20 - Search Produc...
2026-05-07 04:14:32.998084 ==============================================================================
2026-05-07 04:16:02.400325 [ WARN ] Native click failed on Delete Account; trying JS click fallback.
2026-05-07 04:16:02.801397 TC20 Search Products And Verify Cart After Login                      | FAIL |
2026-05-07 04:16:02.822982 Text 'Account Deleted' did not appear in 1 minute.
2026-05-07 04:16:02.823010 ------------------------------------------------------------------------------
2026-05-07 04:16:02.823028 Suites.Cart.TC20 search and verify cart after login :: TC20 - Sear... | FAIL |
2026-05-07 04:16:02.823731 1 test, 0 passed, 1 failed
2026-05-07 04:16:02.823761 ==============================================================================
2026-05-07 04:16:02.823821 Suites.Cart                                                           | FAIL |
2026-05-07 04:16:02.824231 1 test, 0 passed, 1 failed
2026-05-07 04:16:02.824258 ==============================================================================
2026-05-07 04:16:02.824333 Suites                                                                | FAIL |
2026-05-07 04:16:02.824633 1 test, 0 passed, 1 failed
2026-05-07 04:16:02.824697 ==============================================================================
2026-05-07 04:16:02.824715 Output:  /home/runner/work/engg-robot-testing-framework/engg-robot-testing-framework/reports/pabot_results/8/output.xml
