2026-08-19 02:00:08.432806 ==============================================================================
2026-08-19 02:00:08.451851 Suites
2026-08-19 02:00:08.451875 ==============================================================================
2026-08-19 02:00:08.451892 Suites.Auth
2026-08-19 02:00:08.452742 ==============================================================================
2026-08-19 02:00:08.452764 Suites.Auth.TC02 login valid
2026-08-19 02:00:08.452764 [ ERROR ] Error in file '/home/runner/work/engg-robot-testing-framework/engg-robot-testing-framework/tests/auth/TC02_login_valid.robot' on line 2: Importing library 'playwright_keyword_library.PlaywrightKeywordLibrary' failed: ModuleNotFoundError: No module named 'playwright_keyword_library'
2026-08-19 02:00:08.472202 ==============================================================================
2026-08-19 02:00:08.472202 Traceback (most recent call last):
2026-08-19 02:00:08.472228   None
2026-08-19 02:00:08.522415 PYTHONPATH:
2026-08-19 02:00:08.572595   /opt/hostedtoolcache/Python/3.11.15/x64/bin
2026-08-19 02:00:08.622722   /opt/hostedtoolcache/Python/3.11.15/x64/lib/python311.zip
2026-08-19 02:00:08.672846   /opt/hostedtoolcache/Python/3.11.15/x64/lib/python3.11
2026-08-19 02:00:08.722966   /opt/hostedtoolcache/Python/3.11.15/x64/lib/python3.11/lib-dynload
2026-08-19 02:00:08.773119   /opt/hostedtoolcache/Python/3.11.15/x64/lib/python3.11/site-packages
2026-08-19 02:00:08.823319 [ ERROR ] Error in file '/home/runner/work/engg-robot-testing-framework/engg-robot-testing-framework/resources/auth_keywords.resource' on line 2: Importing library 'playwright_keyword_library.PlaywrightKeywordLibrary' failed: ModuleNotFoundError: No module named 'playwright_keyword_library'
2026-08-19 02:00:08.873496 Traceback (most recent call last):
2026-08-19 02:00:08.923664   None
2026-08-19 02:00:08.973819 PYTHONPATH:
2026-08-19 02:00:09.023951   /opt/hostedtoolcache/Python/3.11.15/x64/bin
2026-08-19 02:00:09.074137   /opt/hostedtoolcache/Python/3.11.15/x64/lib/python311.zip
2026-08-19 02:00:09.124278   /opt/hostedtoolcache/Python/3.11.15/x64/lib/python3.11
2026-08-19 02:00:09.174450   /opt/hostedtoolcache/Python/3.11.15/x64/lib/python3.11/lib-dynload
2026-08-19 02:00:09.224599   /opt/hostedtoolcache/Python/3.11.15/x64/lib/python3.11/site-packages
2026-08-19 02:00:09.274750 [ ERROR ] Error in file '/home/runner/work/engg-robot-testing-framework/engg-robot-testing-framework/resources/common.resource' on line 4: Importing library 'playwright_keyword_library.PlaywrightKeywordLibrary' failed: ModuleNotFoundError: No module named 'playwright_keyword_library'
2026-08-19 02:00:09.324905 Traceback (most recent call last):
2026-08-19 02:00:09.375035   None
2026-08-19 02:00:09.425161 PYTHONPATH:
2026-08-19 02:00:09.475295   /opt/hostedtoolcache/Python/3.11.15/x64/bin
2026-08-19 02:00:09.525417   /opt/hostedtoolcache/Python/3.11.15/x64/lib/python311.zip
2026-08-19 02:00:09.575576   /opt/hostedtoolcache/Python/3.11.15/x64/lib/python3.11
2026-08-19 02:00:09.625795   /opt/hostedtoolcache/Python/3.11.15/x64/lib/python3.11/lib-dynload
2026-08-19 02:00:09.675975   /opt/hostedtoolcache/Python/3.11.15/x64/lib/python3.11/site-packages
2026-08-19 02:00:18.447248 TC02 Login User With Correct Email And Password                       | FAIL |
2026-08-19 02:00:18.483397 Setup failed:
2026-08-19 02:00:18.483410 No keyword with name 'Open Browser' found.
2026-08-19 02:00:18.483418 
2026-08-19 02:00:18.483425 Also teardown failed:
2026-08-19 02:00:18.483432 Several failures occurred:
2026-08-19 02:00:18.483439 
2026-08-19 02:00:18.483446 1) No keyword with name 'Register Keyword To Run On Failure' found.
2026-08-19 02:00:18.483453 
2026-08-19 02:00:18.483459 2) No keyword with name 'Close Browser' found. Did you mean:
2026-08-19 02:00:18.483466     common.Close Test Browser
2026-08-19 02:00:18.483494 ------------------------------------------------------------------------------
2026-08-19 02:00:18.483501 Suites.Auth.TC02 login valid                                          | FAIL |
2026-08-19 02:00:18.484275 1 test, 0 passed, 1 failed
2026-08-19 02:00:18.484318 ==============================================================================
2026-08-19 02:00:18.484327 Suites.Auth                                                           | FAIL |
2026-08-19 02:00:18.484926 1 test, 0 passed, 1 failed
2026-08-19 02:00:18.484945 ==============================================================================
2026-08-19 02:00:18.485010 Suites                                                                | FAIL |
2026-08-19 02:00:18.485423 1 test, 0 passed, 1 failed
2026-08-19 02:00:18.485479 ==============================================================================
2026-08-19 02:00:18.485496 Output:  /home/runner/work/engg-robot-testing-framework/engg-robot-testing-framework/reports/pabot_results/1/output.xml
