2026-08-28 11:39:17.250146 ==============================================================================
2026-08-28 11:39:17.277658 Suites
2026-08-28 11:39:17.277674 ==============================================================================
2026-08-28 11:39:17.277685 Suites.Auth
2026-08-28 11:39:17.278163 ==============================================================================
2026-08-28 11:39:17.278175 Suites.Auth.TC03 login invalid
2026-08-28 11:39:17.278175 [ ERROR ] Error in file '/home/runner/work/engg-robot-testing-framework/engg-robot-testing-framework/tests/auth/TC03_login_invalid.robot' on line 2: Importing library 'playwright_keyword_library.PlaywrightKeywordLibrary' failed: ModuleNotFoundError: No module named 'playwright_keyword_library'
2026-08-28 11:39:17.290953 ==============================================================================
2026-08-28 11:39:17.290953 Traceback (most recent call last):
2026-08-28 11:39:17.290970   None
2026-08-28 11:39:17.341083 PYTHONPATH:
2026-08-28 11:39:17.391247   /opt/hostedtoolcache/Python/3.11.16/x64/bin
2026-08-28 11:39:17.441359   /opt/hostedtoolcache/Python/3.11.16/x64/lib/python311.zip
2026-08-28 11:39:17.491537   /opt/hostedtoolcache/Python/3.11.16/x64/lib/python3.11
2026-08-28 11:39:17.541651   /opt/hostedtoolcache/Python/3.11.16/x64/lib/python3.11/lib-dynload
2026-08-28 11:39:17.591805   /opt/hostedtoolcache/Python/3.11.16/x64/lib/python3.11/site-packages
2026-08-28 11:39:17.641915 [ ERROR ] Error in file '/home/runner/work/engg-robot-testing-framework/engg-robot-testing-framework/resources/auth_keywords.resource' on line 2: Importing library 'playwright_keyword_library.PlaywrightKeywordLibrary' failed: ModuleNotFoundError: No module named 'playwright_keyword_library'
2026-08-28 11:39:17.692070 Traceback (most recent call last):
2026-08-28 11:39:17.742180   None
2026-08-28 11:39:17.792336 PYTHONPATH:
2026-08-28 11:39:17.842469   /opt/hostedtoolcache/Python/3.11.16/x64/bin
2026-08-28 11:39:17.892630   /opt/hostedtoolcache/Python/3.11.16/x64/lib/python311.zip
2026-08-28 11:39:17.942742   /opt/hostedtoolcache/Python/3.11.16/x64/lib/python3.11
2026-08-28 11:39:17.992894   /opt/hostedtoolcache/Python/3.11.16/x64/lib/python3.11/lib-dynload
2026-08-28 11:39:18.043112   /opt/hostedtoolcache/Python/3.11.16/x64/lib/python3.11/site-packages
2026-08-28 11:39:18.093273 [ ERROR ] Error in file '/home/runner/work/engg-robot-testing-framework/engg-robot-testing-framework/resources/common.resource' on line 4: Importing library 'playwright_keyword_library.PlaywrightKeywordLibrary' failed: ModuleNotFoundError: No module named 'playwright_keyword_library'
2026-08-28 11:39:18.143447 Traceback (most recent call last):
2026-08-28 11:39:18.193602   None
2026-08-28 11:39:18.243760 PYTHONPATH:
2026-08-28 11:39:18.293925   /opt/hostedtoolcache/Python/3.11.16/x64/bin
2026-08-28 11:39:18.344083   /opt/hostedtoolcache/Python/3.11.16/x64/lib/python311.zip
2026-08-28 11:39:18.394249   /opt/hostedtoolcache/Python/3.11.16/x64/lib/python3.11
2026-08-28 11:39:18.444413   /opt/hostedtoolcache/Python/3.11.16/x64/lib/python3.11/lib-dynload
2026-08-28 11:39:18.494575   /opt/hostedtoolcache/Python/3.11.16/x64/lib/python3.11/site-packages
2026-08-28 11:39:27.265575 TC03 Login User With Incorrect Email And Password                     | FAIL |
2026-08-28 11:39:27.298229 Setup failed:
2026-08-28 11:39:27.298245 No keyword with name 'Open Browser' found.
2026-08-28 11:39:27.298256 
2026-08-28 11:39:27.298264 Also teardown failed:
2026-08-28 11:39:27.298272 Several failures occurred:
2026-08-28 11:39:27.298280 
2026-08-28 11:39:27.298289 1) No keyword with name 'Register Keyword To Run On Failure' found.
2026-08-28 11:39:27.298297 
2026-08-28 11:39:27.298304 2) No keyword with name 'Close Browser' found. Did you mean:
2026-08-28 11:39:27.298313     common.Close Test Browser
2026-08-28 11:39:27.298321 ------------------------------------------------------------------------------
2026-08-28 11:39:27.298328 Suites.Auth.TC03 login invalid                                        | FAIL |
2026-08-28 11:39:27.298705 1 test, 0 passed, 1 failed
2026-08-28 11:39:27.298716 ==============================================================================
2026-08-28 11:39:27.298726 Suites.Auth                                                           | FAIL |
2026-08-28 11:39:27.298977 1 test, 0 passed, 1 failed
2026-08-28 11:39:27.298992 ==============================================================================
2026-08-28 11:39:27.299024 Suites                                                                | FAIL |
2026-08-28 11:39:27.299227 1 test, 0 passed, 1 failed
2026-08-28 11:39:27.299242 ==============================================================================
2026-08-28 11:39:27.299283 Output:  /home/runner/work/engg-robot-testing-framework/engg-robot-testing-framework/reports/pabot_results/2/output.xml
