2026-08-08 02:28:00.364742 ==============================================================================
2026-08-08 02:28:00.377635 Suites
2026-08-08 02:28:00.377686 ==============================================================================
2026-08-08 02:28:00.377702 Suites.Auth
2026-08-08 02:28:00.378587 ==============================================================================
2026-08-08 02:28:00.378606 Suites.Auth.TC01 register user
2026-08-08 02:28:00.378606 [ ERROR ] Error in file '/home/runner/work/engg-robot-testing-framework/engg-robot-testing-framework/tests/auth/TC01_register_user.robot' on line 2: Importing library 'playwright_keyword_library.PlaywrightKeywordLibrary' failed: ModuleNotFoundError: No module named 'playwright_keyword_library'
2026-08-08 02:28:00.397229 ==============================================================================
2026-08-08 02:28:00.397229 Traceback (most recent call last):
2026-08-08 02:28:00.397252   None
2026-08-08 02:28:00.447347 PYTHONPATH:
2026-08-08 02:28:00.497436   /opt/hostedtoolcache/Python/3.11.15/x64/bin
2026-08-08 02:28:00.547525   /opt/hostedtoolcache/Python/3.11.15/x64/lib/python311.zip
2026-08-08 02:28:00.597622   /opt/hostedtoolcache/Python/3.11.15/x64/lib/python3.11
2026-08-08 02:28:00.647730   /opt/hostedtoolcache/Python/3.11.15/x64/lib/python3.11/lib-dynload
2026-08-08 02:28:00.697881   /opt/hostedtoolcache/Python/3.11.15/x64/lib/python3.11/site-packages
2026-08-08 02:28:00.747990 [ ERROR ] Error in file '/home/runner/work/engg-robot-testing-framework/engg-robot-testing-framework/resources/auth_keywords.resource' on line 2: Importing library 'playwright_keyword_library.PlaywrightKeywordLibrary' failed: ModuleNotFoundError: No module named 'playwright_keyword_library'
2026-08-08 02:28:00.798129 Traceback (most recent call last):
2026-08-08 02:28:00.848260   None
2026-08-08 02:28:00.898414 PYTHONPATH:
2026-08-08 02:28:00.948550   /opt/hostedtoolcache/Python/3.11.15/x64/bin
2026-08-08 02:28:00.998694   /opt/hostedtoolcache/Python/3.11.15/x64/lib/python311.zip
2026-08-08 02:28:01.048849   /opt/hostedtoolcache/Python/3.11.15/x64/lib/python3.11
2026-08-08 02:28:01.099004   /opt/hostedtoolcache/Python/3.11.15/x64/lib/python3.11/lib-dynload
2026-08-08 02:28:01.149162   /opt/hostedtoolcache/Python/3.11.15/x64/lib/python3.11/site-packages
2026-08-08 02:28:01.199319 [ ERROR ] Error in file '/home/runner/work/engg-robot-testing-framework/engg-robot-testing-framework/resources/common.resource' on line 4: Importing library 'playwright_keyword_library.PlaywrightKeywordLibrary' failed: ModuleNotFoundError: No module named 'playwright_keyword_library'
2026-08-08 02:28:01.249468 Traceback (most recent call last):
2026-08-08 02:28:01.299623   None
2026-08-08 02:28:01.349779 PYTHONPATH:
2026-08-08 02:28:01.399933   /opt/hostedtoolcache/Python/3.11.15/x64/bin
2026-08-08 02:28:01.450087   /opt/hostedtoolcache/Python/3.11.15/x64/lib/python311.zip
2026-08-08 02:28:01.500231   /opt/hostedtoolcache/Python/3.11.15/x64/lib/python3.11
2026-08-08 02:28:01.550380   /opt/hostedtoolcache/Python/3.11.15/x64/lib/python3.11/lib-dynload
2026-08-08 02:28:01.600536   /opt/hostedtoolcache/Python/3.11.15/x64/lib/python3.11/site-packages
2026-08-08 02:28:10.372105 TC01 Register User                                                    | FAIL |
2026-08-08 02:28:10.407543 Setup failed:
2026-08-08 02:28:10.407552 No keyword with name 'Open Browser' found.
2026-08-08 02:28:10.407560 
2026-08-08 02:28:10.407566 Also teardown failed:
2026-08-08 02:28:10.407572 Several failures occurred:
2026-08-08 02:28:10.407579 
2026-08-08 02:28:10.407585 1) No keyword with name 'Register Keyword To Run On Failure' found.
2026-08-08 02:28:10.407592 
2026-08-08 02:28:10.407597 2) No keyword with name 'Close Browser' found. Did you mean:
2026-08-08 02:28:10.407604     common.Close Test Browser
2026-08-08 02:28:10.407610 ------------------------------------------------------------------------------
2026-08-08 02:28:10.407616 Suites.Auth.TC01 register user                                        | FAIL |
2026-08-08 02:28:10.408464 1 test, 0 passed, 1 failed
2026-08-08 02:28:10.408516 ==============================================================================
2026-08-08 02:28:10.408524 Suites.Auth                                                           | FAIL |
2026-08-08 02:28:10.409057 1 test, 0 passed, 1 failed
2026-08-08 02:28:10.409106 ==============================================================================
2026-08-08 02:28:10.409114 Suites                                                                | FAIL |
2026-08-08 02:28:10.409544 1 test, 0 passed, 1 failed
2026-08-08 02:28:10.409599 ==============================================================================
2026-08-08 02:28:10.409607 Output:  /home/runner/work/engg-robot-testing-framework/engg-robot-testing-framework/reports/pabot_results/0/output.xml
