2026-07-30 03:41:03.518154 ==============================================================================
2026-07-30 03:41:03.538095 Suites
2026-07-30 03:41:03.538121 ==============================================================================
2026-07-30 03:41:03.538137 Suites.Auth
2026-07-30 03:41:03.538957 ==============================================================================
2026-07-30 03:41:03.538978 Suites.Auth.TC03 login invalid
2026-07-30 03:41:03.538978 [ ERROR ] Error in file '/home/runner/work/engg-robot-testing-framework/engg-robot-testing-framework/tests/auth/TC03_login_invalid.robot' on line 2: Importing library 'playwright_keyword_library.PlaywrightKeywordLibrary' failed: ModuleNotFoundError: No module named 'playwright_keyword_library'
2026-07-30 03:41:03.558398 ==============================================================================
2026-07-30 03:41:03.558398 Traceback (most recent call last):
2026-07-30 03:41:03.558422   None
2026-07-30 03:41:03.608537 PYTHONPATH:
2026-07-30 03:41:03.658644   /opt/hostedtoolcache/Python/3.11.15/x64/bin
2026-07-30 03:41:03.708743   /opt/hostedtoolcache/Python/3.11.15/x64/lib/python311.zip
2026-07-30 03:41:03.758836   /opt/hostedtoolcache/Python/3.11.15/x64/lib/python3.11
2026-07-30 03:41:03.808932   /opt/hostedtoolcache/Python/3.11.15/x64/lib/python3.11/lib-dynload
2026-07-30 03:41:03.859063   /opt/hostedtoolcache/Python/3.11.15/x64/lib/python3.11/site-packages
2026-07-30 03:41:03.909192 [ ERROR ] Error in file '/home/runner/work/engg-robot-testing-framework/engg-robot-testing-framework/resources/auth_keywords.resource' on line 2: Importing library 'playwright_keyword_library.PlaywrightKeywordLibrary' failed: ModuleNotFoundError: No module named 'playwright_keyword_library'
2026-07-30 03:41:03.959340 Traceback (most recent call last):
2026-07-30 03:41:04.009491   None
2026-07-30 03:41:04.059630 PYTHONPATH:
2026-07-30 03:41:04.109768   /opt/hostedtoolcache/Python/3.11.15/x64/bin
2026-07-30 03:41:04.159907   /opt/hostedtoolcache/Python/3.11.15/x64/lib/python311.zip
2026-07-30 03:41:04.210041   /opt/hostedtoolcache/Python/3.11.15/x64/lib/python3.11
2026-07-30 03:41:04.260175   /opt/hostedtoolcache/Python/3.11.15/x64/lib/python3.11/lib-dynload
2026-07-30 03:41:04.310310   /opt/hostedtoolcache/Python/3.11.15/x64/lib/python3.11/site-packages
2026-07-30 03:41:04.360445 [ ERROR ] Error in file '/home/runner/work/engg-robot-testing-framework/engg-robot-testing-framework/resources/common.resource' on line 4: Importing library 'playwright_keyword_library.PlaywrightKeywordLibrary' failed: ModuleNotFoundError: No module named 'playwright_keyword_library'
2026-07-30 03:41:04.410582 Traceback (most recent call last):
2026-07-30 03:41:04.460716   None
2026-07-30 03:41:04.510855 PYTHONPATH:
2026-07-30 03:41:04.560988   /opt/hostedtoolcache/Python/3.11.15/x64/bin
2026-07-30 03:41:04.611085   /opt/hostedtoolcache/Python/3.11.15/x64/lib/python311.zip
2026-07-30 03:41:04.661181   /opt/hostedtoolcache/Python/3.11.15/x64/lib/python3.11
2026-07-30 03:41:04.711315   /opt/hostedtoolcache/Python/3.11.15/x64/lib/python3.11/lib-dynload
2026-07-30 03:41:04.761452   /opt/hostedtoolcache/Python/3.11.15/x64/lib/python3.11/site-packages
2026-07-30 03:41:13.534652 TC03 Login User With Incorrect Email And Password                     | FAIL |
2026-07-30 03:41:13.569313 Setup failed:
2026-07-30 03:41:13.569329 No keyword with name 'Open Browser' found.
2026-07-30 03:41:13.569341 
2026-07-30 03:41:13.569353 Also teardown failed:
2026-07-30 03:41:13.569364 Several failures occurred:
2026-07-30 03:41:13.569376 
2026-07-30 03:41:13.569387 1) No keyword with name 'Register Keyword To Run On Failure' found.
2026-07-30 03:41:13.569399 
2026-07-30 03:41:13.569410 2) No keyword with name 'Close Browser' found. Did you mean:
2026-07-30 03:41:13.569421     common.Close Test Browser
2026-07-30 03:41:13.569431 ------------------------------------------------------------------------------
2026-07-30 03:41:13.569442 Suites.Auth.TC03 login invalid                                        | FAIL |
2026-07-30 03:41:13.570042 1 test, 0 passed, 1 failed
2026-07-30 03:41:13.570114 ==============================================================================
2026-07-30 03:41:13.570127 Suites.Auth                                                           | FAIL |
2026-07-30 03:41:13.570490 1 test, 0 passed, 1 failed
2026-07-30 03:41:13.570531 ==============================================================================
2026-07-30 03:41:13.570543 Suites                                                                | FAIL |
2026-07-30 03:41:13.570871 1 test, 0 passed, 1 failed
2026-07-30 03:41:13.570922 ==============================================================================
2026-07-30 03:41:13.570939 Output:  /home/runner/work/engg-robot-testing-framework/engg-robot-testing-framework/reports/pabot_results/2/output.xml
