2026-06-17 05:24:19.571488 ==============================================================================
2026-06-17 05:24:19.613505 Suites
2026-06-17 05:24:19.613526 ==============================================================================
2026-06-17 05:24:19.613539 Suites.Auth
2026-06-17 05:24:19.614387 ==============================================================================
2026-06-17 05:24:19.764799 Suites.Auth.TC02 login valid
2026-06-17 05:24:19.779019 ==============================================================================
2026-06-17 05:24:31.965591 TC02 Login User With Correct Email And Password                       | FAIL |
2026-06-17 05:24:31.978048 Setup failed:
2026-06-17 05:24:31.978070 Title should have been 'Automation Exercise' but was 'One moment, please...'.
2026-06-17 05:24:31.978083 ------------------------------------------------------------------------------
2026-06-17 05:24:31.978094 Suites.Auth.TC02 login valid                                          | FAIL |
2026-06-17 05:24:31.978753 1 test, 0 passed, 1 failed
2026-06-17 05:24:31.978799 ==============================================================================
2026-06-17 05:24:31.978810 Suites.Auth                                                           | FAIL |
2026-06-17 05:24:31.979152 1 test, 0 passed, 1 failed
2026-06-17 05:24:31.979167 ==============================================================================
2026-06-17 05:24:31.979178 Suites                                                                | FAIL |
2026-06-17 05:24:31.979472 1 test, 0 passed, 1 failed
2026-06-17 05:24:31.979518 ==============================================================================
2026-06-17 05:24:31.979529 Output:  /home/runner/work/engg-robot-testing-framework/engg-robot-testing-framework/reports/pabot_results/1/output.xml
