2026-09-12 04:52:53.286318 ==============================================================================
2026-09-12 04:52:53.304309 Suites
2026-09-12 04:52:53.304330 ==============================================================================
2026-09-12 04:52:53.304346 Suites.Cart
2026-09-12 04:52:53.305251 ==============================================================================
2026-09-12 04:52:53.305270 Suites.Cart.TC17 remove products from cart :: TC17 - Remove Products From Cart
2026-09-12 04:52:53.305270 [ ERROR ] Error in file '/home/runner/work/engg-robot-testing-framework/engg-robot-testing-framework/resources/common.resource' on line 4: Importing library 'playwright_keyword_library.PlaywrightKeywordLibrary' failed: ModuleNotFoundError: No module named 'playwright_keyword_library'
2026-09-12 04:52:53.335743 ==============================================================================
2026-09-12 04:52:53.335743 Traceback (most recent call last):
2026-09-12 04:52:53.335767   None
2026-09-12 04:52:53.385875 PYTHONPATH:
2026-09-12 04:52:53.435974   /opt/hostedtoolcache/Python/3.11.16/x64/bin
2026-09-12 04:52:53.486076   /opt/hostedtoolcache/Python/3.11.16/x64/lib/python311.zip
2026-09-12 04:52:53.536173   /opt/hostedtoolcache/Python/3.11.16/x64/lib/python3.11
2026-09-12 04:52:53.586275   /opt/hostedtoolcache/Python/3.11.16/x64/lib/python3.11/lib-dynload
2026-09-12 04:52:53.636448   /opt/hostedtoolcache/Python/3.11.16/x64/lib/python3.11/site-packages
2026-09-12 04:52:53.686561 [ ERROR ] Error in file '/home/runner/work/engg-robot-testing-framework/engg-robot-testing-framework/resources/product_keywords.resource' on line 2: Importing library 'playwright_keyword_library.PlaywrightKeywordLibrary' failed: ModuleNotFoundError: No module named 'playwright_keyword_library'
2026-09-12 04:52:53.736705 Traceback (most recent call last):
2026-09-12 04:52:53.786806   None
2026-09-12 04:52:53.836954 PYTHONPATH:
2026-09-12 04:52:53.887059   /opt/hostedtoolcache/Python/3.11.16/x64/bin
2026-09-12 04:52:53.937188   /opt/hostedtoolcache/Python/3.11.16/x64/lib/python311.zip
2026-09-12 04:52:53.987294   /opt/hostedtoolcache/Python/3.11.16/x64/lib/python3.11
2026-09-12 04:52:54.037445   /opt/hostedtoolcache/Python/3.11.16/x64/lib/python3.11/lib-dynload
2026-09-12 04:52:54.087551   /opt/hostedtoolcache/Python/3.11.16/x64/lib/python3.11/site-packages
2026-09-12 04:52:54.137701 [ ERROR ] Error in file '/home/runner/work/engg-robot-testing-framework/engg-robot-testing-framework/resources/cart_keywords.resource' on line 2: Importing library 'playwright_keyword_library.PlaywrightKeywordLibrary' failed: ModuleNotFoundError: No module named 'playwright_keyword_library'
2026-09-12 04:52:54.187808 Traceback (most recent call last):
2026-09-12 04:52:54.237956   None
2026-09-12 04:52:54.288051 PYTHONPATH:
2026-09-12 04:52:54.338199   /opt/hostedtoolcache/Python/3.11.16/x64/bin
2026-09-12 04:52:54.388295   /opt/hostedtoolcache/Python/3.11.16/x64/lib/python311.zip
2026-09-12 04:52:54.438445   /opt/hostedtoolcache/Python/3.11.16/x64/lib/python3.11
2026-09-12 04:52:54.488536   /opt/hostedtoolcache/Python/3.11.16/x64/lib/python3.11/lib-dynload
2026-09-12 04:52:54.538686   /opt/hostedtoolcache/Python/3.11.16/x64/lib/python3.11/site-packages
2026-09-12 04:53:03.311106 TC17 Remove Products From Cart                                        | FAIL |
2026-09-12 04:53:03.348058 Setup failed:
2026-09-12 04:53:03.348080 No keyword with name 'Open Browser' found.
2026-09-12 04:53:03.348104 
2026-09-12 04:53:03.348126 Also teardown failed:
2026-09-12 04:53:03.348271 Several failures occurred:
2026-09-12 04:53:03.348291 
2026-09-12 04:53:03.348309 1) No keyword with name 'Register Keyword To Run On Failure' found.
2026-09-12 04:53:03.348324 
2026-09-12 04:53:03.348337 2) No keyword with name 'Close Browser' found. Did you mean:
2026-09-12 04:53:03.348351     common.Close Test Browser
2026-09-12 04:53:03.348366 ------------------------------------------------------------------------------
2026-09-12 04:53:03.348380 Suites.Cart.TC17 remove products from cart :: TC17 - Remove Produc... | FAIL |
2026-09-12 04:53:03.348395 1 test, 0 passed, 1 failed
2026-09-12 04:53:03.348413 ==============================================================================
2026-09-12 04:53:03.348429 Suites.Cart                                                           | FAIL |
2026-09-12 04:53:03.348444 1 test, 0 passed, 1 failed
2026-09-12 04:53:03.348459 ==============================================================================
2026-09-12 04:53:03.348564 Suites                                                                | FAIL |
2026-09-12 04:53:03.350943 1 test, 0 passed, 1 failed
2026-09-12 04:53:03.350959 ==============================================================================
2026-09-12 04:53:03.350971 Output:  /home/runner/work/engg-robot-testing-framework/engg-robot-testing-framework/reports/pabot_results/7/output.xml
