2026-06-29 05:12:01.981302 ==============================================================================
2026-06-29 05:12:01.999139 Suites
2026-06-29 05:12:01.999295 ==============================================================================
2026-06-29 05:12:01.999313 Suites.Auth
2026-06-29 05:12:02.000182 ==============================================================================
2026-06-29 05:12:02.000199 Suites.Auth.TC01 register user
2026-06-29 05:12:02.000199 [ ERROR ] Error in file '/home/runner/work/engg-robot-testing-framework/engg-robot-testing-framework/tests/auth/TC01_register_user.robot' on line 2: Importing library 'playwright_keyword_library.PlaywrightKeywordLibrary' failed: ModuleNotFoundError: No module named 'playwright_keyword_library'
2026-06-29 05:12:02.019458 ==============================================================================
2026-06-29 05:12:02.019458 Traceback (most recent call last):
2026-06-29 05:12:02.019481   None
2026-06-29 05:12:02.069595 PYTHONPATH:
2026-06-29 05:12:02.119691   /opt/hostedtoolcache/Python/3.11.15/x64/bin
2026-06-29 05:12:02.169804   /opt/hostedtoolcache/Python/3.11.15/x64/lib/python311.zip
2026-06-29 05:12:02.219917   /opt/hostedtoolcache/Python/3.11.15/x64/lib/python3.11
2026-06-29 05:12:02.270061   /opt/hostedtoolcache/Python/3.11.15/x64/lib/python3.11/lib-dynload
2026-06-29 05:12:02.320282   /opt/hostedtoolcache/Python/3.11.15/x64/lib/python3.11/site-packages
2026-06-29 05:12:02.370514 [ ERROR ] Error in file '/home/runner/work/engg-robot-testing-framework/engg-robot-testing-framework/resources/auth_keywords.resource' on line 2: Importing library 'playwright_keyword_library.PlaywrightKeywordLibrary' failed: ModuleNotFoundError: No module named 'playwright_keyword_library'
2026-06-29 05:12:02.420702 Traceback (most recent call last):
2026-06-29 05:12:02.470996   None
2026-06-29 05:12:02.521260 PYTHONPATH:
2026-06-29 05:12:02.571435   /opt/hostedtoolcache/Python/3.11.15/x64/bin
2026-06-29 05:12:02.621739   /opt/hostedtoolcache/Python/3.11.15/x64/lib/python311.zip
2026-06-29 05:12:02.672044   /opt/hostedtoolcache/Python/3.11.15/x64/lib/python3.11
2026-06-29 05:12:02.722342   /opt/hostedtoolcache/Python/3.11.15/x64/lib/python3.11/lib-dynload
2026-06-29 05:12:02.772647   /opt/hostedtoolcache/Python/3.11.15/x64/lib/python3.11/site-packages
2026-06-29 05:12:02.822900 [ ERROR ] Error in file '/home/runner/work/engg-robot-testing-framework/engg-robot-testing-framework/resources/common.resource' on line 4: Importing library 'playwright_keyword_library.PlaywrightKeywordLibrary' failed: ModuleNotFoundError: No module named 'playwright_keyword_library'
2026-06-29 05:12:02.873267 Traceback (most recent call last):
2026-06-29 05:12:02.923516   None
2026-06-29 05:12:02.973854 PYTHONPATH:
2026-06-29 05:12:03.024101   /opt/hostedtoolcache/Python/3.11.15/x64/bin
2026-06-29 05:12:03.074475   /opt/hostedtoolcache/Python/3.11.15/x64/lib/python311.zip
2026-06-29 05:12:03.124768   /opt/hostedtoolcache/Python/3.11.15/x64/lib/python3.11
2026-06-29 05:12:03.174986   /opt/hostedtoolcache/Python/3.11.15/x64/lib/python3.11/lib-dynload
2026-06-29 05:12:03.225345   /opt/hostedtoolcache/Python/3.11.15/x64/lib/python3.11/site-packages
2026-06-29 05:12:12.004334 TC01 Register User                                                    | FAIL |
2026-06-29 05:12:12.029555 Setup failed:
2026-06-29 05:12:12.029581 No keyword with name 'Open Browser' found.
2026-06-29 05:12:12.029599 
2026-06-29 05:12:12.029689 Also teardown failed:
2026-06-29 05:12:12.029715 Several failures occurred:
2026-06-29 05:12:12.029780 
2026-06-29 05:12:12.029805 1) No keyword with name 'Register Keyword To Run On Failure' found.
2026-06-29 05:12:12.029826 
2026-06-29 05:12:12.029919 2) No keyword with name 'Close Browser' found. Did you mean:
2026-06-29 05:12:12.029949     common.Close Test Browser
2026-06-29 05:12:12.029966 ------------------------------------------------------------------------------
2026-06-29 05:12:12.030051 Suites.Auth.TC01 register user                                        | FAIL |
2026-06-29 05:12:12.030446 1 test, 0 passed, 1 failed
2026-06-29 05:12:12.030460 ==============================================================================
2026-06-29 05:12:12.030473 Suites.Auth                                                           | FAIL |
2026-06-29 05:12:12.030897 1 test, 0 passed, 1 failed
2026-06-29 05:12:12.030950 ==============================================================================
2026-06-29 05:12:12.030965 Suites                                                                | FAIL |
2026-06-29 05:12:12.031359 1 test, 0 passed, 1 failed
2026-06-29 05:12:12.031441 ==============================================================================
2026-06-29 05:12:12.031456 Output:  /home/runner/work/engg-robot-testing-framework/engg-robot-testing-framework/reports/pabot_results/0/output.xml
