2026-07-06 04:51:34.155456 ==============================================================================
2026-07-06 04:51:34.176813 Suites
2026-07-06 04:51:34.176833 ==============================================================================
2026-07-06 04:51:34.176848 Suites.Cart
2026-07-06 04:51:34.177725 ==============================================================================
2026-07-06 04:51:34.177744 Suites.Cart.TC17 remove products from cart :: TC17 - Remove Products From Cart
2026-07-06 04:51:34.177744 [ ERROR ] Error in file '/home/runner/work/engg-robot-testing-framework/engg-robot-testing-framework/resources/common.resource' on line 4: Importing library 'playwright_keyword_library.PlaywrightKeywordLibrary' failed: ModuleNotFoundError: No module named 'playwright_keyword_library'
2026-07-06 04:51:34.208513 ==============================================================================
2026-07-06 04:51:34.208513 Traceback (most recent call last):
2026-07-06 04:51:34.208540   None
2026-07-06 04:51:34.258649 PYTHONPATH:
2026-07-06 04:51:34.308996   /opt/hostedtoolcache/Python/3.11.15/x64/bin
2026-07-06 04:51:34.359115   /opt/hostedtoolcache/Python/3.11.15/x64/lib/python311.zip
2026-07-06 04:51:34.409370   /opt/hostedtoolcache/Python/3.11.15/x64/lib/python3.11
2026-07-06 04:51:34.459490   /opt/hostedtoolcache/Python/3.11.15/x64/lib/python3.11/lib-dynload
2026-07-06 04:51:34.509613   /opt/hostedtoolcache/Python/3.11.15/x64/lib/python3.11/site-packages
2026-07-06 04:51:34.559767 [ ERROR ] Error in file '/home/runner/work/engg-robot-testing-framework/engg-robot-testing-framework/resources/product_keywords.resource' on line 2: Importing library 'playwright_keyword_library.PlaywrightKeywordLibrary' failed: ModuleNotFoundError: No module named 'playwright_keyword_library'
2026-07-06 04:51:34.609908 Traceback (most recent call last):
2026-07-06 04:51:34.660044   None
2026-07-06 04:51:34.710189 PYTHONPATH:
2026-07-06 04:51:34.760338   /opt/hostedtoolcache/Python/3.11.15/x64/bin
2026-07-06 04:51:34.810489   /opt/hostedtoolcache/Python/3.11.15/x64/lib/python311.zip
2026-07-06 04:51:34.860670   /opt/hostedtoolcache/Python/3.11.15/x64/lib/python3.11
2026-07-06 04:51:34.910775   /opt/hostedtoolcache/Python/3.11.15/x64/lib/python3.11/lib-dynload
2026-07-06 04:51:34.960928   /opt/hostedtoolcache/Python/3.11.15/x64/lib/python3.11/site-packages
2026-07-06 04:51:35.011074 [ ERROR ] Error in file '/home/runner/work/engg-robot-testing-framework/engg-robot-testing-framework/resources/cart_keywords.resource' on line 2: Importing library 'playwright_keyword_library.PlaywrightKeywordLibrary' failed: ModuleNotFoundError: No module named 'playwright_keyword_library'
2026-07-06 04:51:35.061223 Traceback (most recent call last):
2026-07-06 04:51:35.111374   None
2026-07-06 04:51:35.161523 PYTHONPATH:
2026-07-06 04:51:35.211671   /opt/hostedtoolcache/Python/3.11.15/x64/bin
2026-07-06 04:51:35.261805   /opt/hostedtoolcache/Python/3.11.15/x64/lib/python311.zip
2026-07-06 04:51:35.311956   /opt/hostedtoolcache/Python/3.11.15/x64/lib/python3.11
2026-07-06 04:51:35.362105   /opt/hostedtoolcache/Python/3.11.15/x64/lib/python3.11/lib-dynload
2026-07-06 04:51:35.412253   /opt/hostedtoolcache/Python/3.11.15/x64/lib/python3.11/site-packages
2026-07-06 04:51:44.183402 TC17 Remove Products From Cart                                        | FAIL |
2026-07-06 04:51:44.219684 Setup failed:
2026-07-06 04:51:44.219700 No keyword with name 'Open Browser' found.
2026-07-06 04:51:44.219713 
2026-07-06 04:51:44.219724 Also teardown failed:
2026-07-06 04:51:44.219735 Several failures occurred:
2026-07-06 04:51:44.219747 
2026-07-06 04:51:44.219758 1) No keyword with name 'Register Keyword To Run On Failure' found.
2026-07-06 04:51:44.219770 
2026-07-06 04:51:44.219780 2) No keyword with name 'Close Browser' found. Did you mean:
2026-07-06 04:51:44.219791     common.Close Test Browser
2026-07-06 04:51:44.219802 ------------------------------------------------------------------------------
2026-07-06 04:51:44.219813 Suites.Cart.TC17 remove products from cart :: TC17 - Remove Produc... | FAIL |
2026-07-06 04:51:44.220320 1 test, 0 passed, 1 failed
2026-07-06 04:51:44.220373 ==============================================================================
2026-07-06 04:51:44.220386 Suites.Cart                                                           | FAIL |
2026-07-06 04:51:44.220720 1 test, 0 passed, 1 failed
2026-07-06 04:51:44.220763 ==============================================================================
2026-07-06 04:51:44.220775 Suites                                                                | FAIL |
2026-07-06 04:51:44.221072 1 test, 0 passed, 1 failed
2026-07-06 04:51:44.221112 ==============================================================================
2026-07-06 04:51:44.221123 Output:  /home/runner/work/engg-robot-testing-framework/engg-robot-testing-framework/reports/pabot_results/7/output.xml
