2026-09-05 04:49:58.996179 ==============================================================================
2026-09-05 04:49:59.013817 Suites
2026-09-05 04:49:59.013846 ==============================================================================
2026-09-05 04:49:59.014027 Suites.Cart
2026-09-05 04:49:59.014703 ==============================================================================
2026-09-05 04:49:59.014722 Suites.Cart.TC13 verify product quantity :: TC13 - Verify Product Quantity ...
2026-09-05 04:49:59.014722 [ ERROR ] Error in file '/home/runner/work/engg-robot-testing-framework/engg-robot-testing-framework/resources/common.resource' on line 4: Importing library 'playwright_keyword_library.PlaywrightKeywordLibrary' failed: ModuleNotFoundError: No module named 'playwright_keyword_library'
2026-09-05 04:49:59.045339 ==============================================================================
2026-09-05 04:49:59.045339 Traceback (most recent call last):
2026-09-05 04:49:59.045362   None
2026-09-05 04:49:59.095461 PYTHONPATH:
2026-09-05 04:49:59.145553   /opt/hostedtoolcache/Python/3.11.16/x64/bin
2026-09-05 04:49:59.195673   /opt/hostedtoolcache/Python/3.11.16/x64/lib/python311.zip
2026-09-05 04:49:59.245788   /opt/hostedtoolcache/Python/3.11.16/x64/lib/python3.11
2026-09-05 04:49:59.295904   /opt/hostedtoolcache/Python/3.11.16/x64/lib/python3.11/lib-dynload
2026-09-05 04:49:59.346067   /opt/hostedtoolcache/Python/3.11.16/x64/lib/python3.11/site-packages
2026-09-05 04:49:59.396219 [ ERROR ] Error in file '/home/runner/work/engg-robot-testing-framework/engg-robot-testing-framework/resources/product_keywords.resource' on line 2: Importing library 'playwright_keyword_library.PlaywrightKeywordLibrary' failed: ModuleNotFoundError: No module named 'playwright_keyword_library'
2026-09-05 04:49:59.446369 Traceback (most recent call last):
2026-09-05 04:49:59.496527   None
2026-09-05 04:49:59.546686 PYTHONPATH:
2026-09-05 04:49:59.596845   /opt/hostedtoolcache/Python/3.11.16/x64/bin
2026-09-05 04:49:59.647004   /opt/hostedtoolcache/Python/3.11.16/x64/lib/python311.zip
2026-09-05 04:49:59.697123   /opt/hostedtoolcache/Python/3.11.16/x64/lib/python3.11
2026-09-05 04:49:59.747276   /opt/hostedtoolcache/Python/3.11.16/x64/lib/python3.11/lib-dynload
2026-09-05 04:49:59.797399   /opt/hostedtoolcache/Python/3.11.16/x64/lib/python3.11/site-packages
2026-09-05 04:49:59.847537 [ ERROR ] Error in file '/home/runner/work/engg-robot-testing-framework/engg-robot-testing-framework/resources/cart_keywords.resource' on line 2: Importing library 'playwright_keyword_library.PlaywrightKeywordLibrary' failed: ModuleNotFoundError: No module named 'playwright_keyword_library'
2026-09-05 04:49:59.897654 Traceback (most recent call last):
2026-09-05 04:49:59.947845   None
2026-09-05 04:49:59.997952 PYTHONPATH:
2026-09-05 04:50:00.048087   /opt/hostedtoolcache/Python/3.11.16/x64/bin
2026-09-05 04:50:00.098204   /opt/hostedtoolcache/Python/3.11.16/x64/lib/python311.zip
2026-09-05 04:50:00.148342   /opt/hostedtoolcache/Python/3.11.16/x64/lib/python3.11
2026-09-05 04:50:00.198474   /opt/hostedtoolcache/Python/3.11.16/x64/lib/python3.11/lib-dynload
2026-09-05 04:50:00.248623   /opt/hostedtoolcache/Python/3.11.16/x64/lib/python3.11/site-packages
2026-09-05 04:50:09.020561 TC13 Verify Product Quantity In Cart                                  | FAIL |
2026-09-05 04:50:09.057216 Setup failed:
2026-09-05 04:50:09.057242 No keyword with name 'Open Browser' found.
2026-09-05 04:50:09.057264 
2026-09-05 04:50:09.057285 Also teardown failed:
2026-09-05 04:50:09.057305 Several failures occurred:
2026-09-05 04:50:09.057325 
2026-09-05 04:50:09.057343 1) No keyword with name 'Register Keyword To Run On Failure' found.
2026-09-05 04:50:09.057363 
2026-09-05 04:50:09.057383 2) No keyword with name 'Close Browser' found. Did you mean:
2026-09-05 04:50:09.057402     common.Close Test Browser
2026-09-05 04:50:09.057421 ------------------------------------------------------------------------------
2026-09-05 04:50:09.057440 Suites.Cart.TC13 verify product quantity :: TC13 - Verify Product ... | FAIL |
2026-09-05 04:50:09.057457 1 test, 0 passed, 1 failed
2026-09-05 04:50:09.057476 ==============================================================================
2026-09-05 04:50:09.057495 Suites.Cart                                                           | FAIL |
2026-09-05 04:50:09.057831 1 test, 0 passed, 1 failed
2026-09-05 04:50:09.057847 ==============================================================================
2026-09-05 04:50:09.057884 Suites                                                                | FAIL |
2026-09-05 04:50:09.058195 1 test, 0 passed, 1 failed
2026-09-05 04:50:09.058219 ==============================================================================
2026-09-05 04:50:09.058283 Output:  /home/runner/work/engg-robot-testing-framework/engg-robot-testing-framework/reports/pabot_results/6/output.xml
