2026-07-09 04:30:14.375416 ==============================================================================
2026-07-09 04:30:14.392649 Suites
2026-07-09 04:30:14.392669 ==============================================================================
2026-07-09 04:30:14.392689 Suites.Auth
2026-07-09 04:30:14.393510 ==============================================================================
2026-07-09 04:30:14.393528 Suites.Auth.TC01 register user
2026-07-09 04:30:14.393528 [ ERROR ] Error in file '/home/runner/work/engg-robot-testing-framework/engg-robot-testing-framework/tests/auth/TC01_register_user.robot' on line 2: Importing library 'playwright_keyword_library.PlaywrightKeywordLibrary' failed: ModuleNotFoundError: No module named 'playwright_keyword_library'
2026-07-09 04:30:14.412335 ==============================================================================
2026-07-09 04:30:14.412335 Traceback (most recent call last):
2026-07-09 04:30:14.412358   None
2026-07-09 04:30:14.462468 PYTHONPATH:
2026-07-09 04:30:14.512566   /opt/hostedtoolcache/Python/3.11.15/x64/bin
2026-07-09 04:30:14.562668   /opt/hostedtoolcache/Python/3.11.15/x64/lib/python311.zip
2026-07-09 04:30:14.612769   /opt/hostedtoolcache/Python/3.11.15/x64/lib/python3.11
2026-07-09 04:30:14.662887   /opt/hostedtoolcache/Python/3.11.15/x64/lib/python3.11/lib-dynload
2026-07-09 04:30:14.713033   /opt/hostedtoolcache/Python/3.11.15/x64/lib/python3.11/site-packages
2026-07-09 04:30:14.763198 [ ERROR ] Error in file '/home/runner/work/engg-robot-testing-framework/engg-robot-testing-framework/resources/auth_keywords.resource' on line 2: Importing library 'playwright_keyword_library.PlaywrightKeywordLibrary' failed: ModuleNotFoundError: No module named 'playwright_keyword_library'
2026-07-09 04:30:14.813345 Traceback (most recent call last):
2026-07-09 04:30:14.863479   None
2026-07-09 04:30:14.913614 PYTHONPATH:
2026-07-09 04:30:14.963758   /opt/hostedtoolcache/Python/3.11.15/x64/bin
2026-07-09 04:30:15.013868   /opt/hostedtoolcache/Python/3.11.15/x64/lib/python311.zip
2026-07-09 04:30:15.064010   /opt/hostedtoolcache/Python/3.11.15/x64/lib/python3.11
2026-07-09 04:30:15.114163   /opt/hostedtoolcache/Python/3.11.15/x64/lib/python3.11/lib-dynload
2026-07-09 04:30:15.164312   /opt/hostedtoolcache/Python/3.11.15/x64/lib/python3.11/site-packages
2026-07-09 04:30:15.214447 [ ERROR ] Error in file '/home/runner/work/engg-robot-testing-framework/engg-robot-testing-framework/resources/common.resource' on line 4: Importing library 'playwright_keyword_library.PlaywrightKeywordLibrary' failed: ModuleNotFoundError: No module named 'playwright_keyword_library'
2026-07-09 04:30:15.264584 Traceback (most recent call last):
2026-07-09 04:30:15.314719   None
2026-07-09 04:30:15.364844 PYTHONPATH:
2026-07-09 04:30:15.414979   /opt/hostedtoolcache/Python/3.11.15/x64/bin
2026-07-09 04:30:15.465111   /opt/hostedtoolcache/Python/3.11.15/x64/lib/python311.zip
2026-07-09 04:30:15.515241   /opt/hostedtoolcache/Python/3.11.15/x64/lib/python3.11
2026-07-09 04:30:15.565374   /opt/hostedtoolcache/Python/3.11.15/x64/lib/python3.11/lib-dynload
2026-07-09 04:30:15.615505   /opt/hostedtoolcache/Python/3.11.15/x64/lib/python3.11/site-packages
2026-07-09 04:30:24.386159 TC01 Register User                                                    | FAIL |
2026-07-09 04:30:24.422706 Setup failed:
2026-07-09 04:30:24.422721 No keyword with name 'Open Browser' found.
2026-07-09 04:30:24.422735 
2026-07-09 04:30:24.422776 Also teardown failed:
2026-07-09 04:30:24.422791 Several failures occurred:
2026-07-09 04:30:24.422804 
2026-07-09 04:30:24.422817 1) No keyword with name 'Register Keyword To Run On Failure' found.
2026-07-09 04:30:24.422830 
2026-07-09 04:30:24.422841 2) No keyword with name 'Close Browser' found. Did you mean:
2026-07-09 04:30:24.422852     common.Close Test Browser
2026-07-09 04:30:24.422863 ------------------------------------------------------------------------------
2026-07-09 04:30:24.422874 Suites.Auth.TC01 register user                                        | FAIL |
2026-07-09 04:30:24.423530 1 test, 0 passed, 1 failed
2026-07-09 04:30:24.423550 ==============================================================================
2026-07-09 04:30:24.423563 Suites.Auth                                                           | FAIL |
2026-07-09 04:30:24.423944 1 test, 0 passed, 1 failed
2026-07-09 04:30:24.423963 ==============================================================================
2026-07-09 04:30:24.423977 Suites                                                                | FAIL |
2026-07-09 04:30:24.424282 1 test, 0 passed, 1 failed
2026-07-09 04:30:24.424347 ==============================================================================
2026-07-09 04:30:24.424361 Output:  /home/runner/work/engg-robot-testing-framework/engg-robot-testing-framework/reports/pabot_results/0/output.xml
