2026-07-21 03:56:22.408087 ==============================================================================
2026-07-21 03:56:22.430923 Suites
2026-07-21 03:56:22.430944 ==============================================================================
2026-07-21 03:56:22.430960 Suites.Cart
2026-07-21 03:56:22.431818 ==============================================================================
2026-07-21 03:56:22.431836 Suites.Cart.TC13 verify product quantity :: TC13 - Verify Product Quantity ...
2026-07-21 03:56:22.431836 [ ERROR ] Error in file '/home/runner/work/engg-robot-testing-framework/engg-robot-testing-framework/resources/common.resource' on line 4: Importing library 'playwright_keyword_library.PlaywrightKeywordLibrary' failed: ModuleNotFoundError: No module named 'playwright_keyword_library'
2026-07-21 03:56:22.464158 ==============================================================================
2026-07-21 03:56:22.464158 Traceback (most recent call last):
2026-07-21 03:56:22.464180   None
2026-07-21 03:56:22.514290 PYTHONPATH:
2026-07-21 03:56:22.564394   /opt/hostedtoolcache/Python/3.11.15/x64/bin
2026-07-21 03:56:22.614489   /opt/hostedtoolcache/Python/3.11.15/x64/lib/python311.zip
2026-07-21 03:56:22.664593   /opt/hostedtoolcache/Python/3.11.15/x64/lib/python3.11
2026-07-21 03:56:22.714696   /opt/hostedtoolcache/Python/3.11.15/x64/lib/python3.11/lib-dynload
2026-07-21 03:56:22.764806   /opt/hostedtoolcache/Python/3.11.15/x64/lib/python3.11/site-packages
2026-07-21 03:56:22.814943 [ ERROR ] Error in file '/home/runner/work/engg-robot-testing-framework/engg-robot-testing-framework/resources/product_keywords.resource' on line 2: Importing library 'playwright_keyword_library.PlaywrightKeywordLibrary' failed: ModuleNotFoundError: No module named 'playwright_keyword_library'
2026-07-21 03:56:22.865095 Traceback (most recent call last):
2026-07-21 03:56:22.915248   None
2026-07-21 03:56:22.965412 PYTHONPATH:
2026-07-21 03:56:23.015563   /opt/hostedtoolcache/Python/3.11.15/x64/bin
2026-07-21 03:56:23.065711   /opt/hostedtoolcache/Python/3.11.15/x64/lib/python311.zip
2026-07-21 03:56:23.115848   /opt/hostedtoolcache/Python/3.11.15/x64/lib/python3.11
2026-07-21 03:56:23.165985   /opt/hostedtoolcache/Python/3.11.15/x64/lib/python3.11/lib-dynload
2026-07-21 03:56:23.216128   /opt/hostedtoolcache/Python/3.11.15/x64/lib/python3.11/site-packages
2026-07-21 03:56:23.266281 [ ERROR ] Error in file '/home/runner/work/engg-robot-testing-framework/engg-robot-testing-framework/resources/cart_keywords.resource' on line 2: Importing library 'playwright_keyword_library.PlaywrightKeywordLibrary' failed: ModuleNotFoundError: No module named 'playwright_keyword_library'
2026-07-21 03:56:23.316436 Traceback (most recent call last):
2026-07-21 03:56:23.366588   None
2026-07-21 03:56:23.416740 PYTHONPATH:
2026-07-21 03:56:23.466893   /opt/hostedtoolcache/Python/3.11.15/x64/bin
2026-07-21 03:56:23.517008   /opt/hostedtoolcache/Python/3.11.15/x64/lib/python311.zip
2026-07-21 03:56:23.567134   /opt/hostedtoolcache/Python/3.11.15/x64/lib/python3.11
2026-07-21 03:56:23.617344   /opt/hostedtoolcache/Python/3.11.15/x64/lib/python3.11/lib-dynload
2026-07-21 03:56:23.667520   /opt/hostedtoolcache/Python/3.11.15/x64/lib/python3.11/site-packages
2026-07-21 03:56:32.443644 TC13 Verify Product Quantity In Cart                                  | FAIL |
2026-07-21 03:56:32.476093 Setup failed:
2026-07-21 03:56:32.476102 No keyword with name 'Open Browser' found.
2026-07-21 03:56:32.476109 
2026-07-21 03:56:32.476116 Also teardown failed:
2026-07-21 03:56:32.476122 Several failures occurred:
2026-07-21 03:56:32.476129 
2026-07-21 03:56:32.476135 1) No keyword with name 'Register Keyword To Run On Failure' found.
2026-07-21 03:56:32.476142 
2026-07-21 03:56:32.476148 2) No keyword with name 'Close Browser' found. Did you mean:
2026-07-21 03:56:32.476154     common.Close Test Browser
2026-07-21 03:56:32.476161 ------------------------------------------------------------------------------
2026-07-21 03:56:32.476167 Suites.Cart.TC13 verify product quantity :: TC13 - Verify Product ... | FAIL |
2026-07-21 03:56:32.477081 1 test, 0 passed, 1 failed
2026-07-21 03:56:32.477120 ==============================================================================
2026-07-21 03:56:32.477128 Suites.Cart                                                           | FAIL |
2026-07-21 03:56:32.477677 1 test, 0 passed, 1 failed
2026-07-21 03:56:32.477730 ==============================================================================
2026-07-21 03:56:32.477737 Suites                                                                | FAIL |
2026-07-21 03:56:32.478147 1 test, 0 passed, 1 failed
2026-07-21 03:56:32.478212 ==============================================================================
2026-07-21 03:56:32.478220 Output:  /home/runner/work/engg-robot-testing-framework/engg-robot-testing-framework/reports/pabot_results/6/output.xml
