2026-08-05 03:43:04.671921 ==============================================================================
2026-08-05 03:43:04.689567 Suites
2026-08-05 03:43:04.689591 ==============================================================================
2026-08-05 03:43:04.689607 Suites.Auth
2026-08-05 03:43:04.690442 ==============================================================================
2026-08-05 03:43:04.690462 Suites.Auth.TC01 register user
2026-08-05 03:43:04.690462 [ ERROR ] Error in file '/home/runner/work/engg-robot-testing-framework/engg-robot-testing-framework/tests/auth/TC01_register_user.robot' on line 2: Importing library 'playwright_keyword_library.PlaywrightKeywordLibrary' failed: ModuleNotFoundError: No module named 'playwright_keyword_library'
2026-08-05 03:43:04.710202 ==============================================================================
2026-08-05 03:43:04.710202 Traceback (most recent call last):
2026-08-05 03:43:04.710229   None
2026-08-05 03:43:04.760354 PYTHONPATH:
2026-08-05 03:43:04.810504   /opt/hostedtoolcache/Python/3.11.15/x64/bin
2026-08-05 03:43:04.860736   /opt/hostedtoolcache/Python/3.11.15/x64/lib/python311.zip
2026-08-05 03:43:04.910889   /opt/hostedtoolcache/Python/3.11.15/x64/lib/python3.11
2026-08-05 03:43:04.961147   /opt/hostedtoolcache/Python/3.11.15/x64/lib/python3.11/lib-dynload
2026-08-05 03:43:05.011395   /opt/hostedtoolcache/Python/3.11.15/x64/lib/python3.11/site-packages
2026-08-05 03:43:05.061719 [ ERROR ] Error in file '/home/runner/work/engg-robot-testing-framework/engg-robot-testing-framework/resources/auth_keywords.resource' on line 2: Importing library 'playwright_keyword_library.PlaywrightKeywordLibrary' failed: ModuleNotFoundError: No module named 'playwright_keyword_library'
2026-08-05 03:43:05.111955 Traceback (most recent call last):
2026-08-05 03:43:05.162246   None
2026-08-05 03:43:05.212461 PYTHONPATH:
2026-08-05 03:43:05.262766   /opt/hostedtoolcache/Python/3.11.15/x64/bin
2026-08-05 03:43:05.313007   /opt/hostedtoolcache/Python/3.11.15/x64/lib/python311.zip
2026-08-05 03:43:05.363301   /opt/hostedtoolcache/Python/3.11.15/x64/lib/python3.11
2026-08-05 03:43:05.413527   /opt/hostedtoolcache/Python/3.11.15/x64/lib/python3.11/lib-dynload
2026-08-05 03:43:05.463832   /opt/hostedtoolcache/Python/3.11.15/x64/lib/python3.11/site-packages
2026-08-05 03:43:05.514056 [ ERROR ] Error in file '/home/runner/work/engg-robot-testing-framework/engg-robot-testing-framework/resources/common.resource' on line 4: Importing library 'playwright_keyword_library.PlaywrightKeywordLibrary' failed: ModuleNotFoundError: No module named 'playwright_keyword_library'
2026-08-05 03:43:05.564361 Traceback (most recent call last):
2026-08-05 03:43:05.614584   None
2026-08-05 03:43:05.664794 PYTHONPATH:
2026-08-05 03:43:05.715114   /opt/hostedtoolcache/Python/3.11.15/x64/bin
2026-08-05 03:43:05.765319   /opt/hostedtoolcache/Python/3.11.15/x64/lib/python311.zip
2026-08-05 03:43:05.815639   /opt/hostedtoolcache/Python/3.11.15/x64/lib/python3.11
2026-08-05 03:43:05.865911   /opt/hostedtoolcache/Python/3.11.15/x64/lib/python3.11/lib-dynload
2026-08-05 03:43:05.916096   /opt/hostedtoolcache/Python/3.11.15/x64/lib/python3.11/site-packages
2026-08-05 03:43:14.693678 TC01 Register User                                                    | FAIL |
2026-08-05 03:43:14.721653 Setup failed:
2026-08-05 03:43:14.721664 No keyword with name 'Open Browser' found.
2026-08-05 03:43:14.721673 
2026-08-05 03:43:14.721681 Also teardown failed:
2026-08-05 03:43:14.721689 Several failures occurred:
2026-08-05 03:43:14.721697 
2026-08-05 03:43:14.721705 1) No keyword with name 'Register Keyword To Run On Failure' found.
2026-08-05 03:43:14.721713 
2026-08-05 03:43:14.721721 2) No keyword with name 'Close Browser' found. Did you mean:
2026-08-05 03:43:14.721729     common.Close Test Browser
2026-08-05 03:43:14.721737 ------------------------------------------------------------------------------
2026-08-05 03:43:14.721745 Suites.Auth.TC01 register user                                        | FAIL |
2026-08-05 03:43:14.722196 1 test, 0 passed, 1 failed
2026-08-05 03:43:14.722264 ==============================================================================
2026-08-05 03:43:14.722273 Suites.Auth                                                           | FAIL |
2026-08-05 03:43:14.722683 1 test, 0 passed, 1 failed
2026-08-05 03:43:14.722726 ==============================================================================
2026-08-05 03:43:14.722734 Suites                                                                | FAIL |
2026-08-05 03:43:14.723135 1 test, 0 passed, 1 failed
2026-08-05 03:43:14.723161 ==============================================================================
2026-08-05 03:43:14.723177 Output:  /home/runner/work/engg-robot-testing-framework/engg-robot-testing-framework/reports/pabot_results/0/output.xml
