2026-08-19 02:00:29.277220 ==============================================================================
2026-08-19 02:00:29.301504 Suites
2026-08-19 02:00:29.301553 ==============================================================================
2026-08-19 02:00:29.301570 Suites.Auth
2026-08-19 02:00:29.302369 ==============================================================================
2026-08-19 02:00:29.302387 Suites.Auth.TC05 register existing email
2026-08-19 02:00:29.302387 [ ERROR ] Error in file '/home/runner/work/engg-robot-testing-framework/engg-robot-testing-framework/tests/auth/TC05_register_existing_email.robot' on line 2: Importing library 'playwright_keyword_library.PlaywrightKeywordLibrary' failed: ModuleNotFoundError: No module named 'playwright_keyword_library'
2026-08-19 02:00:29.321550 ==============================================================================
2026-08-19 02:00:29.321550 Traceback (most recent call last):
2026-08-19 02:00:29.321575   None
2026-08-19 02:00:29.371695 PYTHONPATH:
2026-08-19 02:00:29.421804   /opt/hostedtoolcache/Python/3.11.15/x64/bin
2026-08-19 02:00:29.471924   /opt/hostedtoolcache/Python/3.11.15/x64/lib/python311.zip
2026-08-19 02:00:29.522028   /opt/hostedtoolcache/Python/3.11.15/x64/lib/python3.11
2026-08-19 02:00:29.572143   /opt/hostedtoolcache/Python/3.11.15/x64/lib/python3.11/lib-dynload
2026-08-19 02:00:29.622250   /opt/hostedtoolcache/Python/3.11.15/x64/lib/python3.11/site-packages
2026-08-19 02:00:29.672410 [ ERROR ] Error in file '/home/runner/work/engg-robot-testing-framework/engg-robot-testing-framework/resources/auth_keywords.resource' on line 2: Importing library 'playwright_keyword_library.PlaywrightKeywordLibrary' failed: ModuleNotFoundError: No module named 'playwright_keyword_library'
2026-08-19 02:00:29.722605 Traceback (most recent call last):
2026-08-19 02:00:29.772740   None
2026-08-19 02:00:29.822901 PYTHONPATH:
2026-08-19 02:00:29.873059   /opt/hostedtoolcache/Python/3.11.15/x64/bin
2026-08-19 02:00:29.923197   /opt/hostedtoolcache/Python/3.11.15/x64/lib/python311.zip
2026-08-19 02:00:29.973367   /opt/hostedtoolcache/Python/3.11.15/x64/lib/python3.11
2026-08-19 02:00:30.023524   /opt/hostedtoolcache/Python/3.11.15/x64/lib/python3.11/lib-dynload
2026-08-19 02:00:30.073659   /opt/hostedtoolcache/Python/3.11.15/x64/lib/python3.11/site-packages
2026-08-19 02:00:30.123797 [ ERROR ] Error in file '/home/runner/work/engg-robot-testing-framework/engg-robot-testing-framework/resources/common.resource' on line 4: Importing library 'playwright_keyword_library.PlaywrightKeywordLibrary' failed: ModuleNotFoundError: No module named 'playwright_keyword_library'
2026-08-19 02:00:30.173913 Traceback (most recent call last):
2026-08-19 02:00:30.224072   None
2026-08-19 02:00:30.274205 PYTHONPATH:
2026-08-19 02:00:30.324381   /opt/hostedtoolcache/Python/3.11.15/x64/bin
2026-08-19 02:00:30.374521   /opt/hostedtoolcache/Python/3.11.15/x64/lib/python311.zip
2026-08-19 02:00:30.424685   /opt/hostedtoolcache/Python/3.11.15/x64/lib/python3.11
2026-08-19 02:00:30.474850   /opt/hostedtoolcache/Python/3.11.15/x64/lib/python3.11/lib-dynload
2026-08-19 02:00:30.525012   /opt/hostedtoolcache/Python/3.11.15/x64/lib/python3.11/site-packages
2026-08-19 02:00:39.295761 TC05 Register User With Existing Email                                | FAIL |
2026-08-19 02:00:39.331568 Setup failed:
2026-08-19 02:00:39.331581 No keyword with name 'Open Browser' found.
2026-08-19 02:00:39.331590 
2026-08-19 02:00:39.331597 Also teardown failed:
2026-08-19 02:00:39.331603 Several failures occurred:
2026-08-19 02:00:39.331610 
2026-08-19 02:00:39.331617 1) No keyword with name 'Register Keyword To Run On Failure' found.
2026-08-19 02:00:39.331625 
2026-08-19 02:00:39.331631 2) No keyword with name 'Close Browser' found. Did you mean:
2026-08-19 02:00:39.331637     common.Close Test Browser
2026-08-19 02:00:39.331644 ------------------------------------------------------------------------------
2026-08-19 02:00:39.331651 Suites.Auth.TC05 register existing email                              | FAIL |
2026-08-19 02:00:39.332203 1 test, 0 passed, 1 failed
2026-08-19 02:00:39.332256 ==============================================================================
2026-08-19 02:00:39.332265 Suites.Auth                                                           | FAIL |
2026-08-19 02:00:39.332646 1 test, 0 passed, 1 failed
2026-08-19 02:00:39.332700 ==============================================================================
2026-08-19 02:00:39.332709 Suites                                                                | FAIL |
2026-08-19 02:00:39.333032 1 test, 0 passed, 1 failed
2026-08-19 02:00:39.333078 ==============================================================================
2026-08-19 02:00:39.333086 Output:  /home/runner/work/engg-robot-testing-framework/engg-robot-testing-framework/reports/pabot_results/4/output.xml
