[INFO]    Initialized logging in reports/pabot_results
[INFO]    Robot Framework remote server at 127.0.0.1:8270 started.
[DEBUG]   2026-05-25 05:05:04.658285 [PID:2353] [1] [ID:1] EXECUTING Suites.Auth.TC02 login valid
[DEBUG]   2026-05-25 05:05:04.659952 [PID:2354] [0] [ID:0] EXECUTING Suites.Auth.TC01 register user
[DEBUG]   2026-05-25 05:05:09.665579 [PID:2353] [1] [ID:1] still running Suites.Auth.TC02 login valid after 5.0s
[DEBUG]   2026-05-25 05:05:09.665833 [PID:2354] [0] [ID:0] still running Suites.Auth.TC01 register user after 5.0s
[DEBUG]   2026-05-25 05:05:19.676910 [PID:2353] [1] [ID:1] still running Suites.Auth.TC02 login valid after 15.0s
[DEBUG]   2026-05-25 05:05:19.678546 [PID:2354] [0] [ID:0] still running Suites.Auth.TC01 register user after 15.0s
[DEBUG]   2026-05-25 05:05:34.695178 [PID:2353] [1] [ID:1] still running Suites.Auth.TC02 login valid after 30.0s
[DEBUG]   2026-05-25 05:05:34.703587 [PID:2354] [0] [ID:0] still running Suites.Auth.TC01 register user after 30.0s
[INFO]    2026-05-25 05:05:48.424634 [PID:2354] [0] [ID:0] PASSED Suites.Auth.TC01 register user in 43.8 seconds
[DEBUG]   2026-05-25 05:05:48.430261 [PID:2868] [0] [ID:2] EXECUTING Suites.Auth.TC03 login invalid
[INFO]    2026-05-25 05:05:51.427319 [PID:2353] [1] [ID:1] PASSED Suites.Auth.TC02 login valid in 46.8 seconds
[DEBUG]   2026-05-25 05:05:51.432917 [PID:3042] [1] [ID:3] EXECUTING Suites.Auth.TC04 logout user
[DEBUG]   2026-05-25 05:05:53.440383 [PID:2868] [0] [ID:2] still running Suites.Auth.TC03 login invalid after 5.0s
[DEBUG]   2026-05-25 05:05:56.441519 [PID:3042] [1] [ID:3] still running Suites.Auth.TC04 logout user after 5.0s
[DEBUG]   2026-05-25 05:06:03.450781 [PID:2868] [0] [ID:2] still running Suites.Auth.TC03 login invalid after 15.0s
[INFO]    2026-05-25 05:06:04.054990 [PID:2868] [0] [ID:2] PASSED Suites.Auth.TC03 login invalid in 15.6 seconds
[DEBUG]   2026-05-25 05:06:04.060258 [PID:3281] [0] [ID:4] EXECUTING Suites.Auth.TC05 register existing email
[DEBUG]   2026-05-25 05:06:06.458616 [PID:3042] [1] [ID:3] still running Suites.Auth.TC04 logout user after 15.0s
[DEBUG]   2026-05-25 05:06:09.074981 [PID:3281] [0] [ID:4] still running Suites.Auth.TC05 register existing email after 5.0s
[DEBUG]   2026-05-25 05:06:19.088530 [PID:3281] [0] [ID:4] still running Suites.Auth.TC05 register existing email after 15.0s
[DEBUG]   2026-05-25 05:06:21.476034 [PID:3042] [1] [ID:3] still running Suites.Auth.TC04 logout user after 30.0s
[INFO]    2026-05-25 05:06:24.483354 [PID:3042] [1] [ID:3] PASSED Suites.Auth.TC04 logout user in 33.1 seconds
[DEBUG]   2026-05-25 05:06:24.488920 [PID:3624] [1] [ID:5] EXECUTING Suites.Cart.TC12 add products to cart
[DEBUG]   2026-05-25 05:06:29.496680 [PID:3624] [1] [ID:5] still running Suites.Cart.TC12 add products to cart after 5.0s
[DEBUG]   2026-05-25 05:06:34.106846 [PID:3281] [0] [ID:4] still running Suites.Auth.TC05 register existing email after 30.0s
[DEBUG]   2026-05-25 05:06:39.509874 [PID:3624] [1] [ID:5] still running Suites.Cart.TC12 add products to cart after 15.0s
[INFO]    2026-05-25 05:06:39.516881 [PID:3281] [0] [ID:4] PASSED Suites.Auth.TC05 register existing email in 35.5 seconds
[DEBUG]   2026-05-25 05:06:39.521057 [PID:3862] [0] [ID:6] EXECUTING Suites.Cart.TC13 verify product quantity
[INFO]    2026-05-25 05:06:41.616861 [PID:3624] [1] [ID:5] PASSED Suites.Cart.TC12 add products to cart in 17.1 seconds
[DEBUG]   2026-05-25 05:06:41.622007 [PID:4024] [1] [ID:7] EXECUTING Suites.Cart.TC17 remove products from cart
[DEBUG]   2026-05-25 05:06:44.527707 [PID:3862] [0] [ID:6] still running Suites.Cart.TC13 verify product quantity after 5.0s
[DEBUG]   2026-05-25 05:06:46.628644 [PID:4024] [1] [ID:7] still running Suites.Cart.TC17 remove products from cart after 5.0s
[INFO]    2026-05-25 05:06:52.641887 [PID:3862] [0] [ID:6] PASSED Suites.Cart.TC13 verify product quantity in 13.1 seconds
[DEBUG]   2026-05-25 05:06:52.646608 [PID:4252] [0] [ID:8] EXECUTING Suites.Cart.TC20 search and verify cart after login
[DEBUG]   2026-05-25 05:06:56.648472 [PID:4024] [1] [ID:7] still running Suites.Cart.TC17 remove products from cart after 15.0s
[DEBUG]   2026-05-25 05:06:57.655043 [PID:4252] [0] [ID:8] still running Suites.Cart.TC20 search and verify cart after login after 5.0s
[INFO]    2026-05-25 05:06:59.454691 [PID:4024] [1] [ID:7] PASSED Suites.Cart.TC17 remove products from cart in 17.8 seconds
[DEBUG]   2026-05-25 05:06:59.459839 [PID:4487] [1] [ID:9] EXECUTING Suites.Cart.TC22 add from recommended items
[DEBUG]   2026-05-25 05:07:04.466580 [PID:4487] [1] [ID:9] still running Suites.Cart.TC22 add from recommended items after 5.0s
[DEBUG]   2026-05-25 05:07:07.668711 [PID:4252] [0] [ID:8] still running Suites.Cart.TC20 search and verify cart after login after 15.0s
[DEBUG]   2026-05-25 05:07:14.477438 [PID:4487] [1] [ID:9] still running Suites.Cart.TC22 add from recommended items after 15.0s
[INFO]    2026-05-25 05:07:15.982089 [PID:4487] [1] [ID:9] PASSED Suites.Cart.TC22 add from recommended items in 16.5 seconds
[DEBUG]   2026-05-25 05:07:22.685224 [PID:4252] [0] [ID:8] still running Suites.Cart.TC20 search and verify cart after login after 30.0s
[INFO]    2026-05-25 05:07:28.295245 [PID:4252] [0] [ID:8] PASSED Suites.Cart.TC20 search and verify cart after login in 35.7 seconds
[INFO]    10 tests, 10 passed, 0 failed, 0 skipped.
[INFO]    ===================================================
[INFO]    Output:  /home/runner/work/engg-robot-testing-framework/engg-robot-testing-framework/reports/output.xml
[INFO]    Log:     /home/runner/work/engg-robot-testing-framework/engg-robot-testing-framework/reports/log.html
[INFO]    Report:  /home/runner/work/engg-robot-testing-framework/engg-robot-testing-framework/reports/report.html
[DEBUG]   Finalizing Pabot execution...
[DEBUG]   Stopping PabotLib process
[INFO]    Robot Framework remote server at 127.0.0.1:8270 stopped.
[DEBUG]   PabotLib process stopped
[INFO]    Total testing: 4 minutes 35.0 seconds
[INFO]    Elapsed time:  2 minutes 24.28 seconds
[DEBUG]   Logs flushed successfully.
