2026-05-28 04:49:26.392095 ==============================================================================
2026-05-28 04:49:26.404523 Suites
2026-05-28 04:49:26.404542 ==============================================================================
2026-05-28 04:49:26.404557 Suites.Auth
2026-05-28 04:49:26.405350 ==============================================================================
2026-05-28 04:49:26.605758 Suites.Auth.TC02 login valid
2026-05-28 04:49:26.621092 ==============================================================================
2026-05-28 04:50:51.873491 TC02 Login User With Correct Email And Password                       | FAIL |
2026-05-28 04:50:51.904240 Element 'xpath=//a[contains(text(),'Logout')]' not visible after 45 seconds.
2026-05-28 04:50:51.904264 ------------------------------------------------------------------------------
2026-05-28 04:50:51.904278 Suites.Auth.TC02 login valid                                          | FAIL |
2026-05-28 04:50:51.904938 1 test, 0 passed, 1 failed
2026-05-28 04:50:51.904957 ==============================================================================
2026-05-28 04:50:51.904969 Suites.Auth                                                           | FAIL |
2026-05-28 04:50:51.905319 1 test, 0 passed, 1 failed
2026-05-28 04:50:51.905339 ==============================================================================
2026-05-28 04:50:51.905390 Suites                                                                | FAIL |
2026-05-28 04:50:51.905631 1 test, 0 passed, 1 failed
2026-05-28 04:50:51.905685 ==============================================================================
2026-05-28 04:50:51.905698 Output:  /home/runner/work/engg-robot-testing-framework/engg-robot-testing-framework/reports/pabot_results/1/output.xml
