2026-07-11 03:52:18.604951 ==============================================================================
2026-07-11 03:52:18.621757 Suites
2026-07-11 03:52:18.621775 ==============================================================================
2026-07-11 03:52:18.621789 Suites.Cart
2026-07-11 03:52:18.622570 ==============================================================================
2026-07-11 03:52:18.622585 Suites.Cart.TC22 add from recommended items :: TC22 - Add To Cart From Reco...
2026-07-11 03:52:18.622585 [ ERROR ] Error in file '/home/runner/work/engg-robot-testing-framework/engg-robot-testing-framework/resources/common.resource' on line 4: Importing library 'playwright_keyword_library.PlaywrightKeywordLibrary' failed: ModuleNotFoundError: No module named 'playwright_keyword_library'
2026-07-11 03:52:18.643239 ==============================================================================
2026-07-11 03:52:18.643239 Traceback (most recent call last):
2026-07-11 03:52:18.643263   None
2026-07-11 03:52:18.693399 PYTHONPATH:
2026-07-11 03:52:18.743572   /opt/hostedtoolcache/Python/3.11.15/x64/bin
2026-07-11 03:52:18.793710   /opt/hostedtoolcache/Python/3.11.15/x64/lib/python311.zip
2026-07-11 03:52:18.843904   /opt/hostedtoolcache/Python/3.11.15/x64/lib/python3.11
2026-07-11 03:52:18.894071   /opt/hostedtoolcache/Python/3.11.15/x64/lib/python3.11/lib-dynload
2026-07-11 03:52:18.944243   /opt/hostedtoolcache/Python/3.11.15/x64/lib/python3.11/site-packages
2026-07-11 03:52:18.994415 [ ERROR ] Error in file '/home/runner/work/engg-robot-testing-framework/engg-robot-testing-framework/resources/cart_keywords.resource' on line 2: Importing library 'playwright_keyword_library.PlaywrightKeywordLibrary' failed: ModuleNotFoundError: No module named 'playwright_keyword_library'
2026-07-11 03:52:19.044563 Traceback (most recent call last):
2026-07-11 03:52:19.094736   None
2026-07-11 03:52:19.144913 PYTHONPATH:
2026-07-11 03:52:19.195082   /opt/hostedtoolcache/Python/3.11.15/x64/bin
2026-07-11 03:52:19.245260   /opt/hostedtoolcache/Python/3.11.15/x64/lib/python311.zip
2026-07-11 03:52:19.295424   /opt/hostedtoolcache/Python/3.11.15/x64/lib/python3.11
2026-07-11 03:52:19.345588   /opt/hostedtoolcache/Python/3.11.15/x64/lib/python3.11/lib-dynload
2026-07-11 03:52:19.395759   /opt/hostedtoolcache/Python/3.11.15/x64/lib/python3.11/site-packages
2026-07-11 03:52:28.619484 TC22 Add To Cart From Recommended Items                               | FAIL |
2026-07-11 03:52:28.653118 Setup failed:
2026-07-11 03:52:28.653137 No keyword with name 'Open Browser' found.
2026-07-11 03:52:28.653150 
2026-07-11 03:52:28.653162 Also teardown failed:
2026-07-11 03:52:28.653172 Several failures occurred:
2026-07-11 03:52:28.653183 
2026-07-11 03:52:28.653192 1) No keyword with name 'Register Keyword To Run On Failure' found.
2026-07-11 03:52:28.653203 
2026-07-11 03:52:28.653213 2) No keyword with name 'Close Browser' found. Did you mean:
2026-07-11 03:52:28.653223     common.Close Test Browser
2026-07-11 03:52:28.653233 ------------------------------------------------------------------------------
2026-07-11 03:52:28.653243 Suites.Cart.TC22 add from recommended items :: TC22 - Add To Cart ... | FAIL |
2026-07-11 03:52:28.653749 1 test, 0 passed, 1 failed
2026-07-11 03:52:28.653808 ==============================================================================
2026-07-11 03:52:28.653821 Suites.Cart                                                           | FAIL |
2026-07-11 03:52:28.654150 1 test, 0 passed, 1 failed
2026-07-11 03:52:28.654172 ==============================================================================
2026-07-11 03:52:28.654220 Suites                                                                | FAIL |
2026-07-11 03:52:28.654480 1 test, 0 passed, 1 failed
2026-07-11 03:52:28.654500 ==============================================================================
2026-07-11 03:52:28.654540 Output:  /home/runner/work/engg-robot-testing-framework/engg-robot-testing-framework/reports/pabot_results/9/output.xml
