2026-08-07 03:28:21.630088 ==============================================================================
2026-08-07 03:28:21.657715 Suites
2026-08-07 03:28:21.657731 ==============================================================================
2026-08-07 03:28:21.657742 Suites.Auth
2026-08-07 03:28:21.658301 ==============================================================================
2026-08-07 03:28:21.658314 Suites.Auth.TC03 login invalid
2026-08-07 03:28:21.658314 [ ERROR ] Error in file '/home/runner/work/engg-robot-testing-framework/engg-robot-testing-framework/tests/auth/TC03_login_invalid.robot' on line 2: Importing library 'playwright_keyword_library.PlaywrightKeywordLibrary' failed: ModuleNotFoundError: No module named 'playwright_keyword_library'
2026-08-07 03:28:21.671763 ==============================================================================
2026-08-07 03:28:21.671763 Traceback (most recent call last):
2026-08-07 03:28:21.671783   None
2026-08-07 03:28:21.721923 PYTHONPATH:
2026-08-07 03:28:21.772043   /opt/hostedtoolcache/Python/3.11.15/x64/bin
2026-08-07 03:28:21.822200   /opt/hostedtoolcache/Python/3.11.15/x64/lib/python311.zip
2026-08-07 03:28:21.872318   /opt/hostedtoolcache/Python/3.11.15/x64/lib/python3.11
2026-08-07 03:28:21.922473   /opt/hostedtoolcache/Python/3.11.15/x64/lib/python3.11/lib-dynload
2026-08-07 03:28:21.972591   /opt/hostedtoolcache/Python/3.11.15/x64/lib/python3.11/site-packages
2026-08-07 03:28:22.022748 [ ERROR ] Error in file '/home/runner/work/engg-robot-testing-framework/engg-robot-testing-framework/resources/auth_keywords.resource' on line 2: Importing library 'playwright_keyword_library.PlaywrightKeywordLibrary' failed: ModuleNotFoundError: No module named 'playwright_keyword_library'
2026-08-07 03:28:22.072862 Traceback (most recent call last):
2026-08-07 03:28:22.123020   None
2026-08-07 03:28:22.173153 PYTHONPATH:
2026-08-07 03:28:22.223297   /opt/hostedtoolcache/Python/3.11.15/x64/bin
2026-08-07 03:28:22.273412   /opt/hostedtoolcache/Python/3.11.15/x64/lib/python311.zip
2026-08-07 03:28:22.323566   /opt/hostedtoolcache/Python/3.11.15/x64/lib/python3.11
2026-08-07 03:28:22.373678   /opt/hostedtoolcache/Python/3.11.15/x64/lib/python3.11/lib-dynload
2026-08-07 03:28:22.423835   /opt/hostedtoolcache/Python/3.11.15/x64/lib/python3.11/site-packages
2026-08-07 03:28:22.473956 [ ERROR ] Error in file '/home/runner/work/engg-robot-testing-framework/engg-robot-testing-framework/resources/common.resource' on line 4: Importing library 'playwright_keyword_library.PlaywrightKeywordLibrary' failed: ModuleNotFoundError: No module named 'playwright_keyword_library'
2026-08-07 03:28:22.524110 Traceback (most recent call last):
2026-08-07 03:28:22.574249   None
2026-08-07 03:28:22.624402 PYTHONPATH:
2026-08-07 03:28:22.674525   /opt/hostedtoolcache/Python/3.11.15/x64/bin
2026-08-07 03:28:22.724713   /opt/hostedtoolcache/Python/3.11.15/x64/lib/python311.zip
2026-08-07 03:28:22.774835   /opt/hostedtoolcache/Python/3.11.15/x64/lib/python3.11
2026-08-07 03:28:22.824998   /opt/hostedtoolcache/Python/3.11.15/x64/lib/python3.11/lib-dynload
2026-08-07 03:28:22.875114   /opt/hostedtoolcache/Python/3.11.15/x64/lib/python3.11/site-packages
2026-08-07 03:28:31.647589 TC03 Login User With Incorrect Email And Password                     | FAIL |
2026-08-07 03:28:31.679402 Setup failed:
2026-08-07 03:28:31.679413 No keyword with name 'Open Browser' found.
2026-08-07 03:28:31.679420 
2026-08-07 03:28:31.679425 Also teardown failed:
2026-08-07 03:28:31.679431 Several failures occurred:
2026-08-07 03:28:31.679437 
2026-08-07 03:28:31.679447 1) No keyword with name 'Register Keyword To Run On Failure' found.
2026-08-07 03:28:31.679453 
2026-08-07 03:28:31.679458 2) No keyword with name 'Close Browser' found. Did you mean:
2026-08-07 03:28:31.679464     common.Close Test Browser
2026-08-07 03:28:31.679469 ------------------------------------------------------------------------------
2026-08-07 03:28:31.679474 Suites.Auth.TC03 login invalid                                        | FAIL |
2026-08-07 03:28:31.679977 1 test, 0 passed, 1 failed
2026-08-07 03:28:31.680000 ==============================================================================
2026-08-07 03:28:31.680006 Suites.Auth                                                           | FAIL |
2026-08-07 03:28:31.680376 1 test, 0 passed, 1 failed
2026-08-07 03:28:31.680398 ==============================================================================
2026-08-07 03:28:31.680403 Suites                                                                | FAIL |
2026-08-07 03:28:31.680689 1 test, 0 passed, 1 failed
2026-08-07 03:28:31.680711 ==============================================================================
2026-08-07 03:28:31.680716 Output:  /home/runner/work/engg-robot-testing-framework/engg-robot-testing-framework/reports/pabot_results/2/output.xml
