2026-09-11 05:00:12.893957 ==============================================================================
2026-09-11 05:00:12.922185 Suites
2026-09-11 05:00:12.922200 ==============================================================================
2026-09-11 05:00:12.922212 Suites.Auth
2026-09-11 05:00:12.922803 ==============================================================================
2026-09-11 05:00:12.922815 Suites.Auth.TC04 logout user
2026-09-11 05:00:12.922815 [ ERROR ] Error in file '/home/runner/work/engg-robot-testing-framework/engg-robot-testing-framework/tests/auth/TC04_logout_user.robot' on line 2: Importing library 'playwright_keyword_library.PlaywrightKeywordLibrary' failed: ModuleNotFoundError: No module named 'playwright_keyword_library'
2026-09-11 05:00:12.936054 ==============================================================================
2026-09-11 05:00:12.936054 Traceback (most recent call last):
2026-09-11 05:00:12.936071   None
2026-09-11 05:00:12.986171 PYTHONPATH:
2026-09-11 05:00:13.036296   /opt/hostedtoolcache/Python/3.11.16/x64/bin
2026-09-11 05:00:13.086405   /opt/hostedtoolcache/Python/3.11.16/x64/lib/python311.zip
2026-09-11 05:00:13.136523   /opt/hostedtoolcache/Python/3.11.16/x64/lib/python3.11
2026-09-11 05:00:13.186630   /opt/hostedtoolcache/Python/3.11.16/x64/lib/python3.11/lib-dynload
2026-09-11 05:00:13.236745   /opt/hostedtoolcache/Python/3.11.16/x64/lib/python3.11/site-packages
2026-09-11 05:00:13.286887 [ ERROR ] Error in file '/home/runner/work/engg-robot-testing-framework/engg-robot-testing-framework/resources/auth_keywords.resource' on line 2: Importing library 'playwright_keyword_library.PlaywrightKeywordLibrary' failed: ModuleNotFoundError: No module named 'playwright_keyword_library'
2026-09-11 05:00:13.337012 Traceback (most recent call last):
2026-09-11 05:00:13.387134   None
2026-09-11 05:00:13.437232 PYTHONPATH:
2026-09-11 05:00:13.487361   /opt/hostedtoolcache/Python/3.11.16/x64/bin
2026-09-11 05:00:13.537485   /opt/hostedtoolcache/Python/3.11.16/x64/lib/python311.zip
2026-09-11 05:00:13.587594   /opt/hostedtoolcache/Python/3.11.16/x64/lib/python3.11
2026-09-11 05:00:13.637739   /opt/hostedtoolcache/Python/3.11.16/x64/lib/python3.11/lib-dynload
2026-09-11 05:00:13.687860   /opt/hostedtoolcache/Python/3.11.16/x64/lib/python3.11/site-packages
2026-09-11 05:00:13.737985 [ ERROR ] Error in file '/home/runner/work/engg-robot-testing-framework/engg-robot-testing-framework/resources/common.resource' on line 4: Importing library 'playwright_keyword_library.PlaywrightKeywordLibrary' failed: ModuleNotFoundError: No module named 'playwright_keyword_library'
2026-09-11 05:00:13.788108 Traceback (most recent call last):
2026-09-11 05:00:13.838202   None
2026-09-11 05:00:13.888324 PYTHONPATH:
2026-09-11 05:00:13.938424   /opt/hostedtoolcache/Python/3.11.16/x64/bin
2026-09-11 05:00:13.988545   /opt/hostedtoolcache/Python/3.11.16/x64/lib/python311.zip
2026-09-11 05:00:14.038674   /opt/hostedtoolcache/Python/3.11.16/x64/lib/python3.11
2026-09-11 05:00:14.088791   /opt/hostedtoolcache/Python/3.11.16/x64/lib/python3.11/lib-dynload
2026-09-11 05:00:14.138885   /opt/hostedtoolcache/Python/3.11.16/x64/lib/python3.11/site-packages
2026-09-11 05:00:22.908642 TC04 Logout User                                                      | FAIL |
2026-09-11 05:00:22.943343 Setup failed:
2026-09-11 05:00:22.943353 No keyword with name 'Open Browser' found.
2026-09-11 05:00:22.943361 
2026-09-11 05:00:22.943369 Also teardown failed:
2026-09-11 05:00:22.943376 Several failures occurred:
2026-09-11 05:00:22.943383 
2026-09-11 05:00:22.943390 1) No keyword with name 'Register Keyword To Run On Failure' found.
2026-09-11 05:00:22.943398 
2026-09-11 05:00:22.943404 2) No keyword with name 'Close Browser' found. Did you mean:
2026-09-11 05:00:22.943411     common.Close Test Browser
2026-09-11 05:00:22.943418 ------------------------------------------------------------------------------
2026-09-11 05:00:22.943425 Suites.Auth.TC04 logout user                                          | FAIL |
2026-09-11 05:00:22.943805 1 test, 0 passed, 1 failed
2026-09-11 05:00:22.943841 ==============================================================================
2026-09-11 05:00:22.943848 Suites.Auth                                                           | FAIL |
2026-09-11 05:00:22.944090 1 test, 0 passed, 1 failed
2026-09-11 05:00:22.944119 ==============================================================================
2026-09-11 05:00:22.944126 Suites                                                                | FAIL |
2026-09-11 05:00:22.944332 1 test, 0 passed, 1 failed
2026-09-11 05:00:22.944360 ==============================================================================
2026-09-11 05:00:22.944371 Output:  /home/runner/work/engg-robot-testing-framework/engg-robot-testing-framework/reports/pabot_results/3/output.xml
