2026-10-01 06:23:52.531454 ==============================================================================
2026-10-01 06:23:52.551140 Suites
2026-10-01 06:23:52.551160 ==============================================================================
2026-10-01 06:23:52.551176 Suites.Cart
2026-10-01 06:23:52.552017 ==============================================================================
2026-10-01 06:23:52.552037 Suites.Cart.TC17 remove products from cart :: TC17 - Remove Products From Cart
2026-10-01 06:23:52.552037 [ ERROR ] Error in file '/home/runner/work/engg-robot-testing-framework/engg-robot-testing-framework/resources/common.resource' on line 4: Importing library 'playwright_keyword_library.PlaywrightKeywordLibrary' failed: ModuleNotFoundError: No module named 'playwright_keyword_library'
2026-10-01 06:23:52.582457 ==============================================================================
2026-10-01 06:23:52.582457 Traceback (most recent call last):
2026-10-01 06:23:52.582484   None
2026-10-01 06:23:52.632606 PYTHONPATH:
2026-10-01 06:23:52.682706   /opt/hostedtoolcache/Python/3.11.16/x64/bin
2026-10-01 06:23:52.732829   /opt/hostedtoolcache/Python/3.11.16/x64/lib/python311.zip
2026-10-01 06:23:52.782923   /opt/hostedtoolcache/Python/3.11.16/x64/lib/python3.11
2026-10-01 06:23:52.833036   /opt/hostedtoolcache/Python/3.11.16/x64/lib/python3.11/lib-dynload
2026-10-01 06:23:52.883141   /opt/hostedtoolcache/Python/3.11.16/x64/lib/python3.11/site-packages
2026-10-01 06:23:52.933255 [ ERROR ] Error in file '/home/runner/work/engg-robot-testing-framework/engg-robot-testing-framework/resources/product_keywords.resource' on line 2: Importing library 'playwright_keyword_library.PlaywrightKeywordLibrary' failed: ModuleNotFoundError: No module named 'playwright_keyword_library'
2026-10-01 06:23:52.983391 Traceback (most recent call last):
2026-10-01 06:23:53.033538   None
2026-10-01 06:23:53.083670 PYTHONPATH:
2026-10-01 06:23:53.133818   /opt/hostedtoolcache/Python/3.11.16/x64/bin
2026-10-01 06:23:53.183965   /opt/hostedtoolcache/Python/3.11.16/x64/lib/python311.zip
2026-10-01 06:23:53.234116   /opt/hostedtoolcache/Python/3.11.16/x64/lib/python3.11
2026-10-01 06:23:53.284263   /opt/hostedtoolcache/Python/3.11.16/x64/lib/python3.11/lib-dynload
2026-10-01 06:23:53.334411   /opt/hostedtoolcache/Python/3.11.16/x64/lib/python3.11/site-packages
2026-10-01 06:23:53.384571 [ ERROR ] Error in file '/home/runner/work/engg-robot-testing-framework/engg-robot-testing-framework/resources/cart_keywords.resource' on line 2: Importing library 'playwright_keyword_library.PlaywrightKeywordLibrary' failed: ModuleNotFoundError: No module named 'playwright_keyword_library'
2026-10-01 06:23:53.434724 Traceback (most recent call last):
2026-10-01 06:23:53.484870   None
2026-10-01 06:23:53.535019 PYTHONPATH:
2026-10-01 06:23:53.585151   /opt/hostedtoolcache/Python/3.11.16/x64/bin
2026-10-01 06:23:53.635310   /opt/hostedtoolcache/Python/3.11.16/x64/lib/python311.zip
2026-10-01 06:23:53.685460   /opt/hostedtoolcache/Python/3.11.16/x64/lib/python3.11
2026-10-01 06:23:53.735607   /opt/hostedtoolcache/Python/3.11.16/x64/lib/python3.11/lib-dynload
2026-10-01 06:23:53.785758   /opt/hostedtoolcache/Python/3.11.16/x64/lib/python3.11/site-packages
2026-10-01 06:24:02.557352 TC17 Remove Products From Cart                                        | FAIL |
2026-10-01 06:24:02.593332 Setup failed:
2026-10-01 06:24:02.593351 No keyword with name 'Open Browser' found.
2026-10-01 06:24:02.593365 
2026-10-01 06:24:02.593380 Also teardown failed:
2026-10-01 06:24:02.593394 Several failures occurred:
2026-10-01 06:24:02.593407 
2026-10-01 06:24:02.593421 1) No keyword with name 'Register Keyword To Run On Failure' found.
2026-10-01 06:24:02.593434 
2026-10-01 06:24:02.593447 2) No keyword with name 'Close Browser' found. Did you mean:
2026-10-01 06:24:02.593459     common.Close Test Browser
2026-10-01 06:24:02.593471 ------------------------------------------------------------------------------
2026-10-01 06:24:02.593482 Suites.Cart.TC17 remove products from cart :: TC17 - Remove Produc... | FAIL |
2026-10-01 06:24:02.594070 1 test, 0 passed, 1 failed
2026-10-01 06:24:02.594090 ==============================================================================
2026-10-01 06:24:02.594104 Suites.Cart                                                           | FAIL |
2026-10-01 06:24:02.594456 1 test, 0 passed, 1 failed
2026-10-01 06:24:02.594518 ==============================================================================
2026-10-01 06:24:02.594535 Suites                                                                | FAIL |
2026-10-01 06:24:02.594868 1 test, 0 passed, 1 failed
2026-10-01 06:24:02.594892 ==============================================================================
2026-10-01 06:24:02.594906 Output:  /home/runner/work/engg-robot-testing-framework/engg-robot-testing-framework/reports/pabot_results/7/output.xml
