2026-05-11 04:44:09.658512 ==============================================================================
2026-05-11 04:44:09.686671 Suites
2026-05-11 04:44:09.686695 ==============================================================================
2026-05-11 04:44:09.686709 Suites.Auth
2026-05-11 04:44:09.687288 ==============================================================================
2026-05-11 04:44:09.787553 Suites.Auth.TC02 login valid
2026-05-11 04:44:09.820089 ==============================================================================
2026-05-11 04:45:42.101730 [ WARN ] Native click failed on Delete Account; trying JS click fallback.
2026-05-11 04:45:42.706444 TC02 Login User With Correct Email And Password                       | FAIL |
2026-05-11 04:45:42.734968 Text 'Account Deleted' did not appear in 1 minute.
2026-05-11 04:45:42.734992 ------------------------------------------------------------------------------
2026-05-11 04:45:42.735007 Suites.Auth.TC02 login valid                                          | FAIL |
2026-05-11 04:45:42.735394 1 test, 0 passed, 1 failed
2026-05-11 04:45:42.735413 ==============================================================================
2026-05-11 04:45:42.735450 Suites.Auth                                                           | FAIL |
2026-05-11 04:45:42.735697 1 test, 0 passed, 1 failed
2026-05-11 04:45:42.735713 ==============================================================================
2026-05-11 04:45:42.735750 Suites                                                                | FAIL |
2026-05-11 04:45:42.735943 1 test, 0 passed, 1 failed
2026-05-11 04:45:42.735981 ==============================================================================
2026-05-11 04:45:42.735992 Output:  /home/runner/work/engg-robot-testing-framework/engg-robot-testing-framework/reports/pabot_results/1/output.xml
