2026-08-19 02:00:50.117549 ==============================================================================
2026-08-19 02:00:50.135222 Suites
2026-08-19 02:00:50.135243 ==============================================================================
2026-08-19 02:00:50.135258 Suites.Cart
2026-08-19 02:00:50.136081 ==============================================================================
2026-08-19 02:00:50.136100 Suites.Cart.TC20 search and verify cart after login :: TC20 - Search Produc...
2026-08-19 02:00:50.136100 [ ERROR ] Error in file '/home/runner/work/engg-robot-testing-framework/engg-robot-testing-framework/tests/cart/TC20_search_and_verify_cart_after_login.robot' on line 3: Importing library 'playwright_keyword_library.PlaywrightKeywordLibrary' failed: ModuleNotFoundError: No module named 'playwright_keyword_library'
2026-08-19 02:00:50.171870 ==============================================================================
2026-08-19 02:00:50.171870 Traceback (most recent call last):
2026-08-19 02:00:50.171896   None
2026-08-19 02:00:50.222072 PYTHONPATH:
2026-08-19 02:00:50.272193   /opt/hostedtoolcache/Python/3.11.15/x64/bin
2026-08-19 02:00:50.322343   /opt/hostedtoolcache/Python/3.11.15/x64/lib/python311.zip
2026-08-19 02:00:50.372460   /opt/hostedtoolcache/Python/3.11.15/x64/lib/python3.11
2026-08-19 02:00:50.422617   /opt/hostedtoolcache/Python/3.11.15/x64/lib/python3.11/lib-dynload
2026-08-19 02:00:50.472749   /opt/hostedtoolcache/Python/3.11.15/x64/lib/python3.11/site-packages
2026-08-19 02:00:50.522871 [ ERROR ] Error in file '/home/runner/work/engg-robot-testing-framework/engg-robot-testing-framework/resources/common.resource' on line 4: Importing library 'playwright_keyword_library.PlaywrightKeywordLibrary' failed: ModuleNotFoundError: No module named 'playwright_keyword_library'
2026-08-19 02:00:50.572988 Traceback (most recent call last):
2026-08-19 02:00:50.623119   None
2026-08-19 02:00:50.673260 PYTHONPATH:
2026-08-19 02:00:50.723398   /opt/hostedtoolcache/Python/3.11.15/x64/bin
2026-08-19 02:00:50.773561   /opt/hostedtoolcache/Python/3.11.15/x64/lib/python311.zip
2026-08-19 02:00:50.823690   /opt/hostedtoolcache/Python/3.11.15/x64/lib/python3.11
2026-08-19 02:00:50.873801   /opt/hostedtoolcache/Python/3.11.15/x64/lib/python3.11/lib-dynload
2026-08-19 02:00:50.923917   /opt/hostedtoolcache/Python/3.11.15/x64/lib/python3.11/site-packages
2026-08-19 02:00:50.974031 [ ERROR ] Error in file '/home/runner/work/engg-robot-testing-framework/engg-robot-testing-framework/resources/product_keywords.resource' on line 2: Importing library 'playwright_keyword_library.PlaywrightKeywordLibrary' failed: ModuleNotFoundError: No module named 'playwright_keyword_library'
2026-08-19 02:00:51.024160 Traceback (most recent call last):
2026-08-19 02:00:51.074291   None
2026-08-19 02:00:51.124426 PYTHONPATH:
2026-08-19 02:00:51.174521   /opt/hostedtoolcache/Python/3.11.15/x64/bin
2026-08-19 02:00:51.224660   /opt/hostedtoolcache/Python/3.11.15/x64/lib/python311.zip
2026-08-19 02:00:51.274777   /opt/hostedtoolcache/Python/3.11.15/x64/lib/python3.11
2026-08-19 02:00:51.324922   /opt/hostedtoolcache/Python/3.11.15/x64/lib/python3.11/lib-dynload
2026-08-19 02:00:51.375044   /opt/hostedtoolcache/Python/3.11.15/x64/lib/python3.11/site-packages
2026-08-19 02:00:51.425181 [ ERROR ] Error in file '/home/runner/work/engg-robot-testing-framework/engg-robot-testing-framework/resources/cart_keywords.resource' on line 2: Importing library 'playwright_keyword_library.PlaywrightKeywordLibrary' failed: ModuleNotFoundError: No module named 'playwright_keyword_library'
2026-08-19 02:00:51.475286 Traceback (most recent call last):
2026-08-19 02:00:51.525413   None
2026-08-19 02:00:51.575522 PYTHONPATH:
2026-08-19 02:00:51.625632   /opt/hostedtoolcache/Python/3.11.15/x64/bin
2026-08-19 02:00:51.675733   /opt/hostedtoolcache/Python/3.11.15/x64/lib/python311.zip
2026-08-19 02:00:51.725894   /opt/hostedtoolcache/Python/3.11.15/x64/lib/python3.11
2026-08-19 02:00:51.775999   /opt/hostedtoolcache/Python/3.11.15/x64/lib/python3.11/lib-dynload
2026-08-19 02:00:51.826179   /opt/hostedtoolcache/Python/3.11.15/x64/lib/python3.11/site-packages
2026-08-19 02:00:51.876285 [ ERROR ] Error in file '/home/runner/work/engg-robot-testing-framework/engg-robot-testing-framework/resources/auth_keywords.resource' on line 2: Importing library 'playwright_keyword_library.PlaywrightKeywordLibrary' failed: ModuleNotFoundError: No module named 'playwright_keyword_library'
2026-08-19 02:00:51.926440 Traceback (most recent call last):
2026-08-19 02:00:51.976515   None
2026-08-19 02:00:52.026648 PYTHONPATH:
2026-08-19 02:00:52.076770   /opt/hostedtoolcache/Python/3.11.15/x64/bin
2026-08-19 02:00:52.126929   /opt/hostedtoolcache/Python/3.11.15/x64/lib/python311.zip
2026-08-19 02:00:52.177074   /opt/hostedtoolcache/Python/3.11.15/x64/lib/python3.11
2026-08-19 02:00:52.227245   /opt/hostedtoolcache/Python/3.11.15/x64/lib/python3.11/lib-dynload
2026-08-19 02:00:52.277387   /opt/hostedtoolcache/Python/3.11.15/x64/lib/python3.11/site-packages
2026-08-19 02:01:00.145868 TC20 Search Products And Verify Cart After Login                      | FAIL |
2026-08-19 02:01:00.183953 Setup failed:
2026-08-19 02:01:00.183971 No keyword with name 'Open Browser' found.
2026-08-19 02:01:00.183986 
2026-08-19 02:01:00.184000 Also teardown failed:
2026-08-19 02:01:00.184014 Several failures occurred:
2026-08-19 02:01:00.184028 
2026-08-19 02:01:00.184041 1) No keyword with name 'Register Keyword To Run On Failure' found.
2026-08-19 02:01:00.184054 
2026-08-19 02:01:00.184066 2) No keyword with name 'Close Browser' found. Did you mean:
2026-08-19 02:01:00.184078     common.Close Test Browser
2026-08-19 02:01:00.184089 ------------------------------------------------------------------------------
2026-08-19 02:01:00.184101 Suites.Cart.TC20 search and verify cart after login :: TC20 - Sear... | FAIL |
2026-08-19 02:01:00.184701 1 test, 0 passed, 1 failed
2026-08-19 02:01:00.184728 ==============================================================================
2026-08-19 02:01:00.184797 Suites.Cart                                                           | FAIL |
2026-08-19 02:01:00.185150 1 test, 0 passed, 1 failed
2026-08-19 02:01:00.185167 ==============================================================================
2026-08-19 02:01:00.185181 Suites                                                                | FAIL |
2026-08-19 02:01:00.185501 1 test, 0 passed, 1 failed
2026-08-19 02:01:00.185581 ==============================================================================
2026-08-19 02:01:00.185596 Output:  /home/runner/work/engg-robot-testing-framework/engg-robot-testing-framework/reports/pabot_results/8/output.xml
