2026-08-28 11:39:06.932718 ==============================================================================
2026-08-28 11:39:06.959199 Suites
2026-08-28 11:39:06.959210 ==============================================================================
2026-08-28 11:39:06.959222 Suites.Auth
2026-08-28 11:39:06.959885 ==============================================================================
2026-08-28 11:39:06.959897 Suites.Auth.TC02 login valid
2026-08-28 11:39:06.959897 [ ERROR ] Error in file '/home/runner/work/engg-robot-testing-framework/engg-robot-testing-framework/tests/auth/TC02_login_valid.robot' on line 2: Importing library 'playwright_keyword_library.PlaywrightKeywordLibrary' failed: ModuleNotFoundError: No module named 'playwright_keyword_library'
2026-08-28 11:39:06.973008 ==============================================================================
2026-08-28 11:39:06.973008 Traceback (most recent call last):
2026-08-28 11:39:06.973023   None
2026-08-28 11:39:07.023103 PYTHONPATH:
2026-08-28 11:39:07.073216   /opt/hostedtoolcache/Python/3.11.16/x64/bin
2026-08-28 11:39:07.123332   /opt/hostedtoolcache/Python/3.11.16/x64/lib/python311.zip
2026-08-28 11:39:07.173432   /opt/hostedtoolcache/Python/3.11.16/x64/lib/python3.11
2026-08-28 11:39:07.223514   /opt/hostedtoolcache/Python/3.11.16/x64/lib/python3.11/lib-dynload
2026-08-28 11:39:07.273593   /opt/hostedtoolcache/Python/3.11.16/x64/lib/python3.11/site-packages
2026-08-28 11:39:07.323675 [ ERROR ] Error in file '/home/runner/work/engg-robot-testing-framework/engg-robot-testing-framework/resources/auth_keywords.resource' on line 2: Importing library 'playwright_keyword_library.PlaywrightKeywordLibrary' failed: ModuleNotFoundError: No module named 'playwright_keyword_library'
2026-08-28 11:39:07.373834 Traceback (most recent call last):
2026-08-28 11:39:07.423981   None
2026-08-28 11:39:07.474145 PYTHONPATH:
2026-08-28 11:39:07.524307   /opt/hostedtoolcache/Python/3.11.16/x64/bin
2026-08-28 11:39:07.574500   /opt/hostedtoolcache/Python/3.11.16/x64/lib/python311.zip
2026-08-28 11:39:07.624732   /opt/hostedtoolcache/Python/3.11.16/x64/lib/python3.11
2026-08-28 11:39:07.674899   /opt/hostedtoolcache/Python/3.11.16/x64/lib/python3.11/lib-dynload
2026-08-28 11:39:07.725120   /opt/hostedtoolcache/Python/3.11.16/x64/lib/python3.11/site-packages
2026-08-28 11:39:07.775275 [ ERROR ] Error in file '/home/runner/work/engg-robot-testing-framework/engg-robot-testing-framework/resources/common.resource' on line 4: Importing library 'playwright_keyword_library.PlaywrightKeywordLibrary' failed: ModuleNotFoundError: No module named 'playwright_keyword_library'
2026-08-28 11:39:07.825530 Traceback (most recent call last):
2026-08-28 11:39:07.875703   None
2026-08-28 11:39:07.925920 PYTHONPATH:
2026-08-28 11:39:07.976093   /opt/hostedtoolcache/Python/3.11.16/x64/bin
2026-08-28 11:39:08.026315   /opt/hostedtoolcache/Python/3.11.16/x64/lib/python311.zip
2026-08-28 11:39:08.076501   /opt/hostedtoolcache/Python/3.11.16/x64/lib/python3.11
2026-08-28 11:39:08.126670   /opt/hostedtoolcache/Python/3.11.16/x64/lib/python3.11/lib-dynload
2026-08-28 11:39:08.176852   /opt/hostedtoolcache/Python/3.11.16/x64/lib/python3.11/site-packages
2026-08-28 11:39:16.949536 TC02 Login User With Correct Email And Password                       | FAIL |
2026-08-28 11:39:16.981450 Setup failed:
2026-08-28 11:39:16.981456 No keyword with name 'Open Browser' found.
2026-08-28 11:39:16.981461 
2026-08-28 11:39:16.981466 Also teardown failed:
2026-08-28 11:39:16.981472 Several failures occurred:
2026-08-28 11:39:16.981477 
2026-08-28 11:39:16.981497 1) No keyword with name 'Register Keyword To Run On Failure' found.
2026-08-28 11:39:16.981502 
2026-08-28 11:39:16.981507 2) No keyword with name 'Close Browser' found. Did you mean:
2026-08-28 11:39:16.981512     common.Close Test Browser
2026-08-28 11:39:16.981518 ------------------------------------------------------------------------------
2026-08-28 11:39:16.981523 Suites.Auth.TC02 login valid                                          | FAIL |
2026-08-28 11:39:16.982096 1 test, 0 passed, 1 failed
2026-08-28 11:39:16.982128 ==============================================================================
2026-08-28 11:39:16.982134 Suites.Auth                                                           | FAIL |
2026-08-28 11:39:16.982450 1 test, 0 passed, 1 failed
2026-08-28 11:39:16.982473 ==============================================================================
2026-08-28 11:39:16.982478 Suites                                                                | FAIL |
2026-08-28 11:39:16.982743 1 test, 0 passed, 1 failed
2026-08-28 11:39:16.984601 ==============================================================================
2026-08-28 11:39:16.984617 Output:  /home/runner/work/engg-robot-testing-framework/engg-robot-testing-framework/reports/pabot_results/1/output.xml
