2026-09-20 05:13:10.992060 ==============================================================================
2026-09-20 05:13:11.019391 Suites
2026-09-20 05:13:11.019414 ==============================================================================
2026-09-20 05:13:11.019429 Suites.Cart
2026-09-20 05:13:11.020327 ==============================================================================
2026-09-20 05:13:11.020346 Suites.Cart.TC13 verify product quantity :: TC13 - Verify Product Quantity ...
2026-09-20 05:13:11.020346 [ ERROR ] Error in file '/home/runner/work/engg-robot-testing-framework/engg-robot-testing-framework/resources/common.resource' on line 4: Importing library 'playwright_keyword_library.PlaywrightKeywordLibrary' failed: ModuleNotFoundError: No module named 'playwright_keyword_library'
2026-09-20 05:13:11.052451 ==============================================================================
2026-09-20 05:13:11.052451 Traceback (most recent call last):
2026-09-20 05:13:11.052512   None
2026-09-20 05:13:11.102713 PYTHONPATH:
2026-09-20 05:13:11.152860   /opt/hostedtoolcache/Python/3.11.16/x64/bin
2026-09-20 05:13:11.203048   /opt/hostedtoolcache/Python/3.11.16/x64/lib/python311.zip
2026-09-20 05:13:11.253183   /opt/hostedtoolcache/Python/3.11.16/x64/lib/python3.11
2026-09-20 05:13:11.303365   /opt/hostedtoolcache/Python/3.11.16/x64/lib/python3.11/lib-dynload
2026-09-20 05:13:11.353497   /opt/hostedtoolcache/Python/3.11.16/x64/lib/python3.11/site-packages
2026-09-20 05:13:11.403732 [ ERROR ] Error in file '/home/runner/work/engg-robot-testing-framework/engg-robot-testing-framework/resources/product_keywords.resource' on line 2: Importing library 'playwright_keyword_library.PlaywrightKeywordLibrary' failed: ModuleNotFoundError: No module named 'playwright_keyword_library'
2026-09-20 05:13:11.453903 Traceback (most recent call last):
2026-09-20 05:13:11.504128   None
2026-09-20 05:13:11.554289 PYTHONPATH:
2026-09-20 05:13:11.604542   /opt/hostedtoolcache/Python/3.11.16/x64/bin
2026-09-20 05:13:11.654702   /opt/hostedtoolcache/Python/3.11.16/x64/lib/python311.zip
2026-09-20 05:13:11.704894   /opt/hostedtoolcache/Python/3.11.16/x64/lib/python3.11
2026-09-20 05:13:11.755069   /opt/hostedtoolcache/Python/3.11.16/x64/lib/python3.11/lib-dynload
2026-09-20 05:13:11.805279   /opt/hostedtoolcache/Python/3.11.16/x64/lib/python3.11/site-packages
2026-09-20 05:13:11.855476 [ ERROR ] Error in file '/home/runner/work/engg-robot-testing-framework/engg-robot-testing-framework/resources/cart_keywords.resource' on line 2: Importing library 'playwright_keyword_library.PlaywrightKeywordLibrary' failed: ModuleNotFoundError: No module named 'playwright_keyword_library'
2026-09-20 05:13:11.905700 Traceback (most recent call last):
2026-09-20 05:13:11.955892   None
2026-09-20 05:13:12.006111 PYTHONPATH:
2026-09-20 05:13:12.056325   /opt/hostedtoolcache/Python/3.11.16/x64/bin
2026-09-20 05:13:12.106568   /opt/hostedtoolcache/Python/3.11.16/x64/lib/python311.zip
2026-09-20 05:13:12.156783   /opt/hostedtoolcache/Python/3.11.16/x64/lib/python3.11
2026-09-20 05:13:12.206997   /opt/hostedtoolcache/Python/3.11.16/x64/lib/python3.11/lib-dynload
2026-09-20 05:13:12.257180   /opt/hostedtoolcache/Python/3.11.16/x64/lib/python3.11/site-packages
2026-09-20 05:13:21.031270 TC13 Verify Product Quantity In Cart                                  | FAIL |
2026-09-20 05:13:21.064617 Setup failed:
2026-09-20 05:13:21.064632 No keyword with name 'Open Browser' found.
2026-09-20 05:13:21.064642 
2026-09-20 05:13:21.064651 Also teardown failed:
2026-09-20 05:13:21.064659 Several failures occurred:
2026-09-20 05:13:21.064668 
2026-09-20 05:13:21.064676 1) No keyword with name 'Register Keyword To Run On Failure' found.
2026-09-20 05:13:21.064685 
2026-09-20 05:13:21.064693 2) No keyword with name 'Close Browser' found. Did you mean:
2026-09-20 05:13:21.064702     common.Close Test Browser
2026-09-20 05:13:21.064710 ------------------------------------------------------------------------------
2026-09-20 05:13:21.064718 Suites.Cart.TC13 verify product quantity :: TC13 - Verify Product ... | FAIL |
2026-09-20 05:13:21.065186 1 test, 0 passed, 1 failed
2026-09-20 05:13:21.065201 ==============================================================================
2026-09-20 05:13:21.065210 Suites.Cart                                                           | FAIL |
2026-09-20 05:13:21.065552 1 test, 0 passed, 1 failed
2026-09-20 05:13:21.065573 ==============================================================================
2026-09-20 05:13:21.065592 Suites                                                                | FAIL |
2026-09-20 05:13:21.065906 1 test, 0 passed, 1 failed
2026-09-20 05:13:21.065925 ==============================================================================
2026-09-20 05:13:21.065940 Output:  /home/runner/work/engg-robot-testing-framework/engg-robot-testing-framework/reports/pabot_results/6/output.xml
