2026-09-06 04:57:22.490592 ==============================================================================
2026-09-06 04:57:22.511407 Suites
2026-09-06 04:57:22.511428 ==============================================================================
2026-09-06 04:57:22.511446 Suites.Auth
2026-09-06 04:57:22.512444 ==============================================================================
2026-09-06 04:57:22.512463 Suites.Auth.TC04 logout user
2026-09-06 04:57:22.512463 [ ERROR ] Error in file '/home/runner/work/engg-robot-testing-framework/engg-robot-testing-framework/tests/auth/TC04_logout_user.robot' on line 2: Importing library 'playwright_keyword_library.PlaywrightKeywordLibrary' failed: ModuleNotFoundError: No module named 'playwright_keyword_library'
2026-09-06 04:57:22.531794 ==============================================================================
2026-09-06 04:57:22.531794 Traceback (most recent call last):
2026-09-06 04:57:22.531820   None
2026-09-06 04:57:22.581963 PYTHONPATH:
2026-09-06 04:57:22.632100   /opt/hostedtoolcache/Python/3.11.16/x64/bin
2026-09-06 04:57:22.682213   /opt/hostedtoolcache/Python/3.11.16/x64/lib/python311.zip
2026-09-06 04:57:22.732324   /opt/hostedtoolcache/Python/3.11.16/x64/lib/python3.11
2026-09-06 04:57:22.782433   /opt/hostedtoolcache/Python/3.11.16/x64/lib/python3.11/lib-dynload
2026-09-06 04:57:22.832551   /opt/hostedtoolcache/Python/3.11.16/x64/lib/python3.11/site-packages
2026-09-06 04:57:22.882678 [ ERROR ] Error in file '/home/runner/work/engg-robot-testing-framework/engg-robot-testing-framework/resources/auth_keywords.resource' on line 2: Importing library 'playwright_keyword_library.PlaywrightKeywordLibrary' failed: ModuleNotFoundError: No module named 'playwright_keyword_library'
2026-09-06 04:57:22.932848 Traceback (most recent call last):
2026-09-06 04:57:22.982998   None
2026-09-06 04:57:23.033156 PYTHONPATH:
2026-09-06 04:57:23.083324   /opt/hostedtoolcache/Python/3.11.16/x64/bin
2026-09-06 04:57:23.133486   /opt/hostedtoolcache/Python/3.11.16/x64/lib/python311.zip
2026-09-06 04:57:23.183649   /opt/hostedtoolcache/Python/3.11.16/x64/lib/python3.11
2026-09-06 04:57:23.233812   /opt/hostedtoolcache/Python/3.11.16/x64/lib/python3.11/lib-dynload
2026-09-06 04:57:23.283992   /opt/hostedtoolcache/Python/3.11.16/x64/lib/python3.11/site-packages
2026-09-06 04:57:23.334286 [ ERROR ] Error in file '/home/runner/work/engg-robot-testing-framework/engg-robot-testing-framework/resources/common.resource' on line 4: Importing library 'playwright_keyword_library.PlaywrightKeywordLibrary' failed: ModuleNotFoundError: No module named 'playwright_keyword_library'
2026-09-06 04:57:23.384508 Traceback (most recent call last):
2026-09-06 04:57:23.434744   None
2026-09-06 04:57:23.484946 PYTHONPATH:
2026-09-06 04:57:23.535220   /opt/hostedtoolcache/Python/3.11.16/x64/bin
2026-09-06 04:57:23.585432   /opt/hostedtoolcache/Python/3.11.16/x64/lib/python311.zip
2026-09-06 04:57:23.635742   /opt/hostedtoolcache/Python/3.11.16/x64/lib/python3.11
2026-09-06 04:57:23.685966   /opt/hostedtoolcache/Python/3.11.16/x64/lib/python3.11/lib-dynload
2026-09-06 04:57:23.736279   /opt/hostedtoolcache/Python/3.11.16/x64/lib/python3.11/site-packages
2026-09-06 04:57:32.511878 TC04 Logout User                                                      | FAIL |
2026-09-06 04:57:32.542237 Setup failed:
2026-09-06 04:57:32.542267 No keyword with name 'Open Browser' found.
2026-09-06 04:57:32.542289 
2026-09-06 04:57:32.542401 Also teardown failed:
2026-09-06 04:57:32.542418 Several failures occurred:
2026-09-06 04:57:32.542433 
2026-09-06 04:57:32.542453 1) No keyword with name 'Register Keyword To Run On Failure' found.
2026-09-06 04:57:32.542479 
2026-09-06 04:57:32.542498 2) No keyword with name 'Close Browser' found. Did you mean:
2026-09-06 04:57:32.542514     common.Close Test Browser
2026-09-06 04:57:32.542531 ------------------------------------------------------------------------------
2026-09-06 04:57:32.542549 Suites.Auth.TC04 logout user                                          | FAIL |
2026-09-06 04:57:32.542993 1 test, 0 passed, 1 failed
2026-09-06 04:57:32.543084 ==============================================================================
2026-09-06 04:57:32.543103 Suites.Auth                                                           | FAIL |
2026-09-06 04:57:32.543501 1 test, 0 passed, 1 failed
2026-09-06 04:57:32.543520 ==============================================================================
2026-09-06 04:57:32.543537 Suites                                                                | FAIL |
2026-09-06 04:57:32.543861 1 test, 0 passed, 1 failed
2026-09-06 04:57:32.543889 ==============================================================================
2026-09-06 04:57:32.543972 Output:  /home/runner/work/engg-robot-testing-framework/engg-robot-testing-framework/reports/pabot_results/3/output.xml
