2026-06-04 05:22:03.887018 ==============================================================================
2026-06-04 05:22:03.919204 Suites
2026-06-04 05:22:03.919221 ==============================================================================
2026-06-04 05:22:03.919231 Suites.Auth
2026-06-04 05:22:03.920083 ==============================================================================
2026-06-04 05:22:04.020365 Suites.Auth.TC03 login invalid
2026-06-04 05:22:04.046116 ==============================================================================
2026-06-04 05:22:14.935609 TC03 Login User With Incorrect Email And Password                     | FAIL |
2026-06-04 05:22:14.958714 Setup failed:
2026-06-04 05:22:14.958729 Title should have been 'Automation Exercise' but was 'One moment, please...'.
2026-06-04 05:22:14.958738 ------------------------------------------------------------------------------
2026-06-04 05:22:14.958746 Suites.Auth.TC03 login invalid                                        | FAIL |
2026-06-04 05:22:14.959594 1 test, 0 passed, 1 failed
2026-06-04 05:22:14.959663 ==============================================================================
2026-06-04 05:22:14.959683 Suites.Auth                                                           | FAIL |
2026-06-04 05:22:14.960146 1 test, 0 passed, 1 failed
2026-06-04 05:22:14.960191 ==============================================================================
2026-06-04 05:22:14.960199 Suites                                                                | FAIL |
2026-06-04 05:22:14.960535 1 test, 0 passed, 1 failed
2026-06-04 05:22:14.960595 ==============================================================================
2026-06-04 05:22:14.960602 Output:  /home/runner/work/engg-robot-testing-framework/engg-robot-testing-framework/reports/pabot_results/2/output.xml
