2026-09-20 05:13:00.570823 ==============================================================================
2026-09-20 05:13:00.591510 Suites
2026-09-20 05:13:00.591531 ==============================================================================
2026-09-20 05:13:00.591576 Suites.Cart
2026-09-20 05:13:00.592420 ==============================================================================
2026-09-20 05:13:00.592439 Suites.Cart.TC12 add products to cart :: TC12 - Add Products In Cart
2026-09-20 05:13:00.592439 [ ERROR ] Error in file '/home/runner/work/engg-robot-testing-framework/engg-robot-testing-framework/resources/common.resource' on line 4: Importing library 'playwright_keyword_library.PlaywrightKeywordLibrary' failed: ModuleNotFoundError: No module named 'playwright_keyword_library'
2026-09-20 05:13:00.623691 ==============================================================================
2026-09-20 05:13:00.623691 Traceback (most recent call last):
2026-09-20 05:13:00.623714   None
2026-09-20 05:13:00.673851 PYTHONPATH:
2026-09-20 05:13:00.723977   /opt/hostedtoolcache/Python/3.11.16/x64/bin
2026-09-20 05:13:00.774086   /opt/hostedtoolcache/Python/3.11.16/x64/lib/python311.zip
2026-09-20 05:13:00.824194   /opt/hostedtoolcache/Python/3.11.16/x64/lib/python3.11
2026-09-20 05:13:00.874313   /opt/hostedtoolcache/Python/3.11.16/x64/lib/python3.11/lib-dynload
2026-09-20 05:13:00.924455   /opt/hostedtoolcache/Python/3.11.16/x64/lib/python3.11/site-packages
2026-09-20 05:13:00.974634 [ ERROR ] Error in file '/home/runner/work/engg-robot-testing-framework/engg-robot-testing-framework/resources/product_keywords.resource' on line 2: Importing library 'playwright_keyword_library.PlaywrightKeywordLibrary' failed: ModuleNotFoundError: No module named 'playwright_keyword_library'
2026-09-20 05:13:01.024774 Traceback (most recent call last):
2026-09-20 05:13:01.074939   None
2026-09-20 05:13:01.125074 PYTHONPATH:
2026-09-20 05:13:01.175232   /opt/hostedtoolcache/Python/3.11.16/x64/bin
2026-09-20 05:13:01.225705   /opt/hostedtoolcache/Python/3.11.16/x64/lib/python311.zip
2026-09-20 05:13:01.275881   /opt/hostedtoolcache/Python/3.11.16/x64/lib/python3.11
2026-09-20 05:13:01.326072   /opt/hostedtoolcache/Python/3.11.16/x64/lib/python3.11/lib-dynload
2026-09-20 05:13:01.376287   /opt/hostedtoolcache/Python/3.11.16/x64/lib/python3.11/site-packages
2026-09-20 05:13:01.426478 [ ERROR ] Error in file '/home/runner/work/engg-robot-testing-framework/engg-robot-testing-framework/resources/cart_keywords.resource' on line 2: Importing library 'playwright_keyword_library.PlaywrightKeywordLibrary' failed: ModuleNotFoundError: No module named 'playwright_keyword_library'
2026-09-20 05:13:01.476668 Traceback (most recent call last):
2026-09-20 05:13:01.526849   None
2026-09-20 05:13:01.577075 PYTHONPATH:
2026-09-20 05:13:01.627275   /opt/hostedtoolcache/Python/3.11.16/x64/bin
2026-09-20 05:13:01.677527   /opt/hostedtoolcache/Python/3.11.16/x64/lib/python311.zip
2026-09-20 05:13:01.727731   /opt/hostedtoolcache/Python/3.11.16/x64/lib/python3.11
2026-09-20 05:13:01.777921   /opt/hostedtoolcache/Python/3.11.16/x64/lib/python3.11/lib-dynload
2026-09-20 05:13:01.828115   /opt/hostedtoolcache/Python/3.11.16/x64/lib/python3.11/site-packages
2026-09-20 05:13:10.601045 TC12 Add Products In Cart                                             | FAIL |
2026-09-20 05:13:10.634938 Setup failed:
2026-09-20 05:13:10.634956 No keyword with name 'Open Browser' found.
2026-09-20 05:13:10.634968 
2026-09-20 05:13:10.634979 Also teardown failed:
2026-09-20 05:13:10.634990 Several failures occurred:
2026-09-20 05:13:10.635001 
2026-09-20 05:13:10.635012 1) No keyword with name 'Register Keyword To Run On Failure' found.
2026-09-20 05:13:10.635023 
2026-09-20 05:13:10.635033 2) No keyword with name 'Close Browser' found. Did you mean:
2026-09-20 05:13:10.635043     common.Close Test Browser
2026-09-20 05:13:10.635053 ------------------------------------------------------------------------------
2026-09-20 05:13:10.635064 Suites.Cart.TC12 add products to cart :: TC12 - Add Products In Cart  | FAIL |
2026-09-20 05:13:10.635601 1 test, 0 passed, 1 failed
2026-09-20 05:13:10.635617 ==============================================================================
2026-09-20 05:13:10.635630 Suites.Cart                                                           | FAIL |
2026-09-20 05:13:10.635979 1 test, 0 passed, 1 failed
2026-09-20 05:13:10.636256 ==============================================================================
2026-09-20 05:13:10.636281 Suites                                                                | FAIL |
2026-09-20 05:13:10.637142 1 test, 0 passed, 1 failed
2026-09-20 05:13:10.637342 ==============================================================================
2026-09-20 05:13:10.637359 Output:  /home/runner/work/engg-robot-testing-framework/engg-robot-testing-framework/reports/pabot_results/5/output.xml
