2026-07-24 03:53:41.790182 ==============================================================================
2026-07-24 03:53:41.803857 Suites
2026-07-24 03:53:41.803877 ==============================================================================
2026-07-24 03:53:41.803892 Suites.Auth
2026-07-24 03:53:41.804606 ==============================================================================
2026-07-24 03:53:41.804623 Suites.Auth.TC05 register existing email
2026-07-24 03:53:41.804623 [ ERROR ] Error in file '/home/runner/work/engg-robot-testing-framework/engg-robot-testing-framework/tests/auth/TC05_register_existing_email.robot' on line 2: Importing library 'playwright_keyword_library.PlaywrightKeywordLibrary' failed: ModuleNotFoundError: No module named 'playwright_keyword_library'
2026-07-24 03:53:41.821448 ==============================================================================
2026-07-24 03:53:41.821448 Traceback (most recent call last):
2026-07-24 03:53:41.821470   None
2026-07-24 03:53:41.871605 PYTHONPATH:
2026-07-24 03:53:41.921771   /opt/hostedtoolcache/Python/3.11.15/x64/bin
2026-07-24 03:53:41.971937   /opt/hostedtoolcache/Python/3.11.15/x64/lib/python311.zip
2026-07-24 03:53:42.022102   /opt/hostedtoolcache/Python/3.11.15/x64/lib/python3.11
2026-07-24 03:53:42.072236   /opt/hostedtoolcache/Python/3.11.15/x64/lib/python3.11/lib-dynload
2026-07-24 03:53:42.122403   /opt/hostedtoolcache/Python/3.11.15/x64/lib/python3.11/site-packages
2026-07-24 03:53:42.172578 [ ERROR ] Error in file '/home/runner/work/engg-robot-testing-framework/engg-robot-testing-framework/resources/auth_keywords.resource' on line 2: Importing library 'playwright_keyword_library.PlaywrightKeywordLibrary' failed: ModuleNotFoundError: No module named 'playwright_keyword_library'
2026-07-24 03:53:42.222718 Traceback (most recent call last):
2026-07-24 03:53:42.272860   None
2026-07-24 03:53:42.323025 PYTHONPATH:
2026-07-24 03:53:42.373194   /opt/hostedtoolcache/Python/3.11.15/x64/bin
2026-07-24 03:53:42.423366   /opt/hostedtoolcache/Python/3.11.15/x64/lib/python311.zip
2026-07-24 03:53:42.473541   /opt/hostedtoolcache/Python/3.11.15/x64/lib/python3.11
2026-07-24 03:53:42.523713   /opt/hostedtoolcache/Python/3.11.15/x64/lib/python3.11/lib-dynload
2026-07-24 03:53:42.573874   /opt/hostedtoolcache/Python/3.11.15/x64/lib/python3.11/site-packages
2026-07-24 03:53:42.624035 [ ERROR ] Error in file '/home/runner/work/engg-robot-testing-framework/engg-robot-testing-framework/resources/common.resource' on line 4: Importing library 'playwright_keyword_library.PlaywrightKeywordLibrary' failed: ModuleNotFoundError: No module named 'playwright_keyword_library'
2026-07-24 03:53:42.674198 Traceback (most recent call last):
2026-07-24 03:53:42.724367   None
2026-07-24 03:53:42.774525 PYTHONPATH:
2026-07-24 03:53:42.824688   /opt/hostedtoolcache/Python/3.11.15/x64/bin
2026-07-24 03:53:42.874849   /opt/hostedtoolcache/Python/3.11.15/x64/lib/python311.zip
2026-07-24 03:53:42.925018   /opt/hostedtoolcache/Python/3.11.15/x64/lib/python3.11
2026-07-24 03:53:42.975184   /opt/hostedtoolcache/Python/3.11.15/x64/lib/python3.11/lib-dynload
2026-07-24 03:53:43.025349   /opt/hostedtoolcache/Python/3.11.15/x64/lib/python3.11/site-packages
2026-07-24 03:53:51.797886 TC05 Register User With Existing Email                                | FAIL |
2026-07-24 03:53:51.830700 Setup failed:
2026-07-24 03:53:51.830714 No keyword with name 'Open Browser' found.
2026-07-24 03:53:51.830723 
2026-07-24 03:53:51.830731 Also teardown failed:
2026-07-24 03:53:51.830739 Several failures occurred:
2026-07-24 03:53:51.830746 
2026-07-24 03:53:51.830754 1) No keyword with name 'Register Keyword To Run On Failure' found.
2026-07-24 03:53:51.830761 
2026-07-24 03:53:51.830768 2) No keyword with name 'Close Browser' found. Did you mean:
2026-07-24 03:53:51.830775     common.Close Test Browser
2026-07-24 03:53:51.830782 ------------------------------------------------------------------------------
2026-07-24 03:53:51.830789 Suites.Auth.TC05 register existing email                              | FAIL |
2026-07-24 03:53:51.831237 1 test, 0 passed, 1 failed
2026-07-24 03:53:51.831250 ==============================================================================
2026-07-24 03:53:51.831259 Suites.Auth                                                           | FAIL |
2026-07-24 03:53:51.831521 1 test, 0 passed, 1 failed
2026-07-24 03:53:51.831542 ==============================================================================
2026-07-24 03:53:51.831617 Suites                                                                | FAIL |
2026-07-24 03:53:51.831788 1 test, 0 passed, 1 failed
2026-07-24 03:53:51.831807 ==============================================================================
2026-07-24 03:53:51.831847 Output:  /home/runner/work/engg-robot-testing-framework/engg-robot-testing-framework/reports/pabot_results/4/output.xml
