2026-08-22 01:57:38.051207 ==============================================================================
2026-08-22 01:57:38.069528 Suites
2026-08-22 01:57:38.069549 ==============================================================================
2026-08-22 01:57:38.069565 Suites.Cart
2026-08-22 01:57:38.070396 ==============================================================================
2026-08-22 01:57:38.070416 Suites.Cart.TC12 add products to cart :: TC12 - Add Products In Cart
2026-08-22 01:57:38.070416 [ ERROR ] Error in file '/home/runner/work/engg-robot-testing-framework/engg-robot-testing-framework/resources/common.resource' on line 4: Importing library 'playwright_keyword_library.PlaywrightKeywordLibrary' failed: ModuleNotFoundError: No module named 'playwright_keyword_library'
2026-08-22 01:57:38.101514 ==============================================================================
2026-08-22 01:57:38.101514 Traceback (most recent call last):
2026-08-22 01:57:38.101539   None
2026-08-22 01:57:38.151662 PYTHONPATH:
2026-08-22 01:57:38.201773   /opt/hostedtoolcache/Python/3.11.16/x64/bin
2026-08-22 01:57:38.251897   /opt/hostedtoolcache/Python/3.11.16/x64/lib/python311.zip
2026-08-22 01:57:38.302011   /opt/hostedtoolcache/Python/3.11.16/x64/lib/python3.11
2026-08-22 01:57:38.352119   /opt/hostedtoolcache/Python/3.11.16/x64/lib/python3.11/lib-dynload
2026-08-22 01:57:38.402229   /opt/hostedtoolcache/Python/3.11.16/x64/lib/python3.11/site-packages
2026-08-22 01:57:38.452378 [ ERROR ] Error in file '/home/runner/work/engg-robot-testing-framework/engg-robot-testing-framework/resources/product_keywords.resource' on line 2: Importing library 'playwright_keyword_library.PlaywrightKeywordLibrary' failed: ModuleNotFoundError: No module named 'playwright_keyword_library'
2026-08-22 01:57:38.502525 Traceback (most recent call last):
2026-08-22 01:57:38.552674   None
2026-08-22 01:57:38.602785 PYTHONPATH:
2026-08-22 01:57:38.652941   /opt/hostedtoolcache/Python/3.11.16/x64/bin
2026-08-22 01:57:38.703079   /opt/hostedtoolcache/Python/3.11.16/x64/lib/python311.zip
2026-08-22 01:57:38.753233   /opt/hostedtoolcache/Python/3.11.16/x64/lib/python3.11
2026-08-22 01:57:38.803381   /opt/hostedtoolcache/Python/3.11.16/x64/lib/python3.11/lib-dynload
2026-08-22 01:57:38.853539   /opt/hostedtoolcache/Python/3.11.16/x64/lib/python3.11/site-packages
2026-08-22 01:57:38.903675 [ ERROR ] Error in file '/home/runner/work/engg-robot-testing-framework/engg-robot-testing-framework/resources/cart_keywords.resource' on line 2: Importing library 'playwright_keyword_library.PlaywrightKeywordLibrary' failed: ModuleNotFoundError: No module named 'playwright_keyword_library'
2026-08-22 01:57:38.953830 Traceback (most recent call last):
2026-08-22 01:57:39.003977   None
2026-08-22 01:57:39.054125 PYTHONPATH:
2026-08-22 01:57:39.104259   /opt/hostedtoolcache/Python/3.11.16/x64/bin
2026-08-22 01:57:39.154415   /opt/hostedtoolcache/Python/3.11.16/x64/lib/python311.zip
2026-08-22 01:57:39.204552   /opt/hostedtoolcache/Python/3.11.16/x64/lib/python3.11
2026-08-22 01:57:39.254703   /opt/hostedtoolcache/Python/3.11.16/x64/lib/python3.11/lib-dynload
2026-08-22 01:57:39.304839   /opt/hostedtoolcache/Python/3.11.16/x64/lib/python3.11/site-packages
2026-08-22 01:57:48.075722 TC12 Add Products In Cart                                             | FAIL |
2026-08-22 01:57:48.112612 Setup failed:
2026-08-22 01:57:48.112633 No keyword with name 'Open Browser' found.
2026-08-22 01:57:48.112652 
2026-08-22 01:57:48.112684 Also teardown failed:
2026-08-22 01:57:48.112704 Several failures occurred:
2026-08-22 01:57:48.112719 
2026-08-22 01:57:48.112732 1) No keyword with name 'Register Keyword To Run On Failure' found.
2026-08-22 01:57:48.112745 
2026-08-22 01:57:48.112758 2) No keyword with name 'Close Browser' found. Did you mean:
2026-08-22 01:57:48.112769     common.Close Test Browser
2026-08-22 01:57:48.112780 ------------------------------------------------------------------------------
2026-08-22 01:57:48.112791 Suites.Cart.TC12 add products to cart :: TC12 - Add Products In Cart  | FAIL |
2026-08-22 01:57:48.113366 1 test, 0 passed, 1 failed
2026-08-22 01:57:48.113384 ==============================================================================
2026-08-22 01:57:48.113397 Suites.Cart                                                           | FAIL |
2026-08-22 01:57:48.113795 1 test, 0 passed, 1 failed
2026-08-22 01:57:48.113876 ==============================================================================
2026-08-22 01:57:48.113892 Suites                                                                | FAIL |
2026-08-22 01:57:48.114200 1 test, 0 passed, 1 failed
2026-08-22 01:57:48.114216 ==============================================================================
2026-08-22 01:57:48.114229 Output:  /home/runner/work/engg-robot-testing-framework/engg-robot-testing-framework/reports/pabot_results/5/output.xml
