2026-08-09 02:34:57.289125 ==============================================================================
2026-08-09 02:34:57.308244 Suites
2026-08-09 02:34:57.308266 ==============================================================================
2026-08-09 02:34:57.308280 Suites.Auth
2026-08-09 02:34:57.309089 ==============================================================================
2026-08-09 02:34:57.309108 Suites.Auth.TC02 login valid
2026-08-09 02:34:57.309108 [ ERROR ] Error in file '/home/runner/work/engg-robot-testing-framework/engg-robot-testing-framework/tests/auth/TC02_login_valid.robot' on line 2: Importing library 'playwright_keyword_library.PlaywrightKeywordLibrary' failed: ModuleNotFoundError: No module named 'playwright_keyword_library'
2026-08-09 02:34:57.327067 ==============================================================================
2026-08-09 02:34:57.327067 Traceback (most recent call last):
2026-08-09 02:34:57.327093   None
2026-08-09 02:34:57.377256 PYTHONPATH:
2026-08-09 02:34:57.427483   /opt/hostedtoolcache/Python/3.11.15/x64/bin
2026-08-09 02:34:57.477715   /opt/hostedtoolcache/Python/3.11.15/x64/lib/python311.zip
2026-08-09 02:34:57.527944   /opt/hostedtoolcache/Python/3.11.15/x64/lib/python3.11
2026-08-09 02:34:57.578204   /opt/hostedtoolcache/Python/3.11.15/x64/lib/python3.11/lib-dynload
2026-08-09 02:34:57.628500   /opt/hostedtoolcache/Python/3.11.15/x64/lib/python3.11/site-packages
2026-08-09 02:34:57.678724 [ ERROR ] Error in file '/home/runner/work/engg-robot-testing-framework/engg-robot-testing-framework/resources/auth_keywords.resource' on line 2: Importing library 'playwright_keyword_library.PlaywrightKeywordLibrary' failed: ModuleNotFoundError: No module named 'playwright_keyword_library'
2026-08-09 02:34:57.729081 Traceback (most recent call last):
2026-08-09 02:34:57.779306   None
2026-08-09 02:34:57.829607 PYTHONPATH:
2026-08-09 02:34:57.879826   /opt/hostedtoolcache/Python/3.11.15/x64/bin
2026-08-09 02:34:57.930107   /opt/hostedtoolcache/Python/3.11.15/x64/lib/python311.zip
2026-08-09 02:34:57.980446   /opt/hostedtoolcache/Python/3.11.15/x64/lib/python3.11
2026-08-09 02:34:58.030672   /opt/hostedtoolcache/Python/3.11.15/x64/lib/python3.11/lib-dynload
2026-08-09 02:34:58.080975   /opt/hostedtoolcache/Python/3.11.15/x64/lib/python3.11/site-packages
2026-08-09 02:34:58.131246 [ ERROR ] Error in file '/home/runner/work/engg-robot-testing-framework/engg-robot-testing-framework/resources/common.resource' on line 4: Importing library 'playwright_keyword_library.PlaywrightKeywordLibrary' failed: ModuleNotFoundError: No module named 'playwright_keyword_library'
2026-08-09 02:34:58.181490 Traceback (most recent call last):
2026-08-09 02:34:58.231809   None
2026-08-09 02:34:58.282122 PYTHONPATH:
2026-08-09 02:34:58.332350   /opt/hostedtoolcache/Python/3.11.15/x64/bin
2026-08-09 02:34:58.382547   /opt/hostedtoolcache/Python/3.11.15/x64/lib/python311.zip
2026-08-09 02:34:58.432844   /opt/hostedtoolcache/Python/3.11.15/x64/lib/python3.11
2026-08-09 02:34:58.483098   /opt/hostedtoolcache/Python/3.11.15/x64/lib/python3.11/lib-dynload
2026-08-09 02:34:58.533417   /opt/hostedtoolcache/Python/3.11.15/x64/lib/python3.11/site-packages
2026-08-09 02:35:07.310000 TC02 Login User With Correct Email And Password                       | FAIL |
2026-08-09 02:35:07.337456 Setup failed:
2026-08-09 02:35:07.337470 No keyword with name 'Open Browser' found.
2026-08-09 02:35:07.337479 
2026-08-09 02:35:07.337486 Also teardown failed:
2026-08-09 02:35:07.337494 Several failures occurred:
2026-08-09 02:35:07.337500 
2026-08-09 02:35:07.337508 1) No keyword with name 'Register Keyword To Run On Failure' found.
2026-08-09 02:35:07.337516 
2026-08-09 02:35:07.337522 2) No keyword with name 'Close Browser' found. Did you mean:
2026-08-09 02:35:07.337529     common.Close Test Browser
2026-08-09 02:35:07.337536 ------------------------------------------------------------------------------
2026-08-09 02:35:07.337542 Suites.Auth.TC02 login valid                                          | FAIL |
2026-08-09 02:35:07.338204 1 test, 0 passed, 1 failed
2026-08-09 02:35:07.338233 ==============================================================================
2026-08-09 02:35:07.338240 Suites.Auth                                                           | FAIL |
2026-08-09 02:35:07.339024 1 test, 0 passed, 1 failed
2026-08-09 02:35:07.339034 ==============================================================================
2026-08-09 02:35:07.339041 Suites                                                                | FAIL |
2026-08-09 02:35:07.339207 1 test, 0 passed, 1 failed
2026-08-09 02:35:07.339247 ==============================================================================
2026-08-09 02:35:07.339254 Output:  /home/runner/work/engg-robot-testing-framework/engg-robot-testing-framework/reports/pabot_results/1/output.xml
