2026-08-27 10:08:28.014233 ==============================================================================
2026-08-27 10:08:28.040311 Suites
2026-08-27 10:08:28.040338 ==============================================================================
2026-08-27 10:08:28.040354 Suites.Cart
2026-08-27 10:08:28.041208 ==============================================================================
2026-08-27 10:08:28.041233 Suites.Cart.TC20 search and verify cart after login :: TC20 - Search Produc...
2026-08-27 10:08:28.041233 [ ERROR ] Error in file '/home/runner/work/engg-robot-testing-framework/engg-robot-testing-framework/tests/cart/TC20_search_and_verify_cart_after_login.robot' on line 3: Importing library 'playwright_keyword_library.PlaywrightKeywordLibrary' failed: ModuleNotFoundError: No module named 'playwright_keyword_library'
2026-08-27 10:08:28.078997 ==============================================================================
2026-08-27 10:08:28.078997 Traceback (most recent call last):
2026-08-27 10:08:28.079015   None
2026-08-27 10:08:28.129143 PYTHONPATH:
2026-08-27 10:08:28.179268   /opt/hostedtoolcache/Python/3.11.16/x64/bin
2026-08-27 10:08:28.229404   /opt/hostedtoolcache/Python/3.11.16/x64/lib/python311.zip
2026-08-27 10:08:28.279542   /opt/hostedtoolcache/Python/3.11.16/x64/lib/python3.11
2026-08-27 10:08:28.329672   /opt/hostedtoolcache/Python/3.11.16/x64/lib/python3.11/lib-dynload
2026-08-27 10:08:28.379829   /opt/hostedtoolcache/Python/3.11.16/x64/lib/python3.11/site-packages
2026-08-27 10:08:28.429971 [ ERROR ] Error in file '/home/runner/work/engg-robot-testing-framework/engg-robot-testing-framework/resources/common.resource' on line 4: Importing library 'playwright_keyword_library.PlaywrightKeywordLibrary' failed: ModuleNotFoundError: No module named 'playwright_keyword_library'
2026-08-27 10:08:28.480131 Traceback (most recent call last):
2026-08-27 10:08:28.530284   None
2026-08-27 10:08:28.580442 PYTHONPATH:
2026-08-27 10:08:28.630593   /opt/hostedtoolcache/Python/3.11.16/x64/bin
2026-08-27 10:08:28.680742   /opt/hostedtoolcache/Python/3.11.16/x64/lib/python311.zip
2026-08-27 10:08:28.730896   /opt/hostedtoolcache/Python/3.11.16/x64/lib/python3.11
2026-08-27 10:08:28.781046   /opt/hostedtoolcache/Python/3.11.16/x64/lib/python3.11/lib-dynload
2026-08-27 10:08:28.831198   /opt/hostedtoolcache/Python/3.11.16/x64/lib/python3.11/site-packages
2026-08-27 10:08:28.881354 [ ERROR ] Error in file '/home/runner/work/engg-robot-testing-framework/engg-robot-testing-framework/resources/product_keywords.resource' on line 2: Importing library 'playwright_keyword_library.PlaywrightKeywordLibrary' failed: ModuleNotFoundError: No module named 'playwright_keyword_library'
2026-08-27 10:08:28.931506 Traceback (most recent call last):
2026-08-27 10:08:28.981650   None
2026-08-27 10:08:29.031795 PYTHONPATH:
2026-08-27 10:08:29.081949   /opt/hostedtoolcache/Python/3.11.16/x64/bin
2026-08-27 10:08:29.132069   /opt/hostedtoolcache/Python/3.11.16/x64/lib/python311.zip
2026-08-27 10:08:29.182226   /opt/hostedtoolcache/Python/3.11.16/x64/lib/python3.11
2026-08-27 10:08:29.232345   /opt/hostedtoolcache/Python/3.11.16/x64/lib/python3.11/lib-dynload
2026-08-27 10:08:29.282522   /opt/hostedtoolcache/Python/3.11.16/x64/lib/python3.11/site-packages
2026-08-27 10:08:29.332648 [ ERROR ] Error in file '/home/runner/work/engg-robot-testing-framework/engg-robot-testing-framework/resources/cart_keywords.resource' on line 2: Importing library 'playwright_keyword_library.PlaywrightKeywordLibrary' failed: ModuleNotFoundError: No module named 'playwright_keyword_library'
2026-08-27 10:08:29.382803 Traceback (most recent call last):
2026-08-27 10:08:29.432955   None
2026-08-27 10:08:29.483091 PYTHONPATH:
2026-08-27 10:08:29.533224   /opt/hostedtoolcache/Python/3.11.16/x64/bin
2026-08-27 10:08:29.583370   /opt/hostedtoolcache/Python/3.11.16/x64/lib/python311.zip
2026-08-27 10:08:29.633488   /opt/hostedtoolcache/Python/3.11.16/x64/lib/python3.11
2026-08-27 10:08:29.683640   /opt/hostedtoolcache/Python/3.11.16/x64/lib/python3.11/lib-dynload
2026-08-27 10:08:29.733796   /opt/hostedtoolcache/Python/3.11.16/x64/lib/python3.11/site-packages
2026-08-27 10:08:29.783966 [ ERROR ] Error in file '/home/runner/work/engg-robot-testing-framework/engg-robot-testing-framework/resources/auth_keywords.resource' on line 2: Importing library 'playwright_keyword_library.PlaywrightKeywordLibrary' failed: ModuleNotFoundError: No module named 'playwright_keyword_library'
2026-08-27 10:08:29.834091 Traceback (most recent call last):
2026-08-27 10:08:29.884245   None
2026-08-27 10:08:29.934371 PYTHONPATH:
2026-08-27 10:08:29.984527   /opt/hostedtoolcache/Python/3.11.16/x64/bin
2026-08-27 10:08:30.034684   /opt/hostedtoolcache/Python/3.11.16/x64/lib/python311.zip
2026-08-27 10:08:30.084860   /opt/hostedtoolcache/Python/3.11.16/x64/lib/python3.11
2026-08-27 10:08:30.135019   /opt/hostedtoolcache/Python/3.11.16/x64/lib/python3.11/lib-dynload
2026-08-27 10:08:30.185204   /opt/hostedtoolcache/Python/3.11.16/x64/lib/python3.11/site-packages
2026-08-27 10:08:38.054873 TC20 Search Products And Verify Cart After Login                      | FAIL |
2026-08-27 10:08:38.094254 Setup failed:
2026-08-27 10:08:38.094274 No keyword with name 'Open Browser' found.
2026-08-27 10:08:38.094289 
2026-08-27 10:08:38.094303 Also teardown failed:
2026-08-27 10:08:38.094317 Several failures occurred:
2026-08-27 10:08:38.094329 
2026-08-27 10:08:38.094342 1) No keyword with name 'Register Keyword To Run On Failure' found.
2026-08-27 10:08:38.094355 
2026-08-27 10:08:38.094366 2) No keyword with name 'Close Browser' found. Did you mean:
2026-08-27 10:08:38.094377     common.Close Test Browser
2026-08-27 10:08:38.094387 ------------------------------------------------------------------------------
2026-08-27 10:08:38.094399 Suites.Cart.TC20 search and verify cart after login :: TC20 - Sear... | FAIL |
2026-08-27 10:08:38.095013 1 test, 0 passed, 1 failed
2026-08-27 10:08:38.095032 ==============================================================================
2026-08-27 10:08:38.095046 Suites.Cart                                                           | FAIL |
2026-08-27 10:08:38.095445 1 test, 0 passed, 1 failed
2026-08-27 10:08:38.095464 ==============================================================================
2026-08-27 10:08:38.095477 Suites                                                                | FAIL |
2026-08-27 10:08:38.095825 1 test, 0 passed, 1 failed
2026-08-27 10:08:38.095841 ==============================================================================
2026-08-27 10:08:38.095853 Output:  /home/runner/work/engg-robot-testing-framework/engg-robot-testing-framework/reports/pabot_results/8/output.xml
