[INFO]    Initialized logging in reports/pabot_results
[INFO]    Robot Framework remote server at 127.0.0.1:8270 started.
[DEBUG]   2026-05-28 04:49:26.239434 [PID:2324] [0] [ID:0] EXECUTING Suites.Auth.TC01 register user
[DEBUG]   2026-05-28 04:49:26.241166 [PID:2325] [1] [ID:1] EXECUTING Suites.Auth.TC02 login valid
[DEBUG]   2026-05-28 04:49:31.245977 [PID:2324] [0] [ID:0] still running Suites.Auth.TC01 register user after 5.0s
[DEBUG]   2026-05-28 04:49:31.246165 [PID:2325] [1] [ID:1] still running Suites.Auth.TC02 login valid after 5.0s
[DEBUG]   2026-05-28 04:49:41.262115 [PID:2324] [0] [ID:0] still running Suites.Auth.TC01 register user after 15.0s
[DEBUG]   2026-05-28 04:49:41.267365 [PID:2325] [1] [ID:1] still running Suites.Auth.TC02 login valid after 15.0s
[DEBUG]   2026-05-28 04:49:56.282102 [PID:2324] [0] [ID:0] still running Suites.Auth.TC01 register user after 30.0s
[DEBUG]   2026-05-28 04:49:56.286167 [PID:2325] [1] [ID:1] still running Suites.Auth.TC02 login valid after 30.0s
[INFO]    2026-05-28 04:50:04.293144 [PID:2324] [0] [ID:0] PASSED Suites.Auth.TC01 register user in 38.1 seconds
[DEBUG]   2026-05-28 04:50:04.299168 [PID:2828] [0] [ID:2] EXECUTING Suites.Auth.TC03 login invalid
[DEBUG]   2026-05-28 04:50:09.309873 [PID:2828] [0] [ID:2] still running Suites.Auth.TC03 login invalid after 5.0s
[DEBUG]   2026-05-28 04:50:16.310009 [PID:2325] [1] [ID:1] still running Suites.Auth.TC02 login valid after 50.0s
[DEBUG]   2026-05-28 04:50:19.319108 [PID:2828] [0] [ID:2] still running Suites.Auth.TC03 login invalid after 15.0s
[INFO]    2026-05-28 04:50:20.823680 [PID:2828] [0] [ID:2] PASSED Suites.Auth.TC03 login invalid in 16.5 seconds
[DEBUG]   2026-05-28 04:50:20.828621 [PID:3067] [1] [ID:3] EXECUTING Suites.Auth.TC04 logout user
[DEBUG]   2026-05-28 04:50:25.834202 [PID:3067] [1] [ID:3] still running Suites.Auth.TC04 logout user after 5.0s
[DEBUG]   2026-05-28 04:50:35.848454 [PID:3067] [1] [ID:3] still running Suites.Auth.TC04 logout user after 15.0s
[DEBUG]   2026-05-28 04:50:41.342921 [PID:2325] [1] [ID:1] still running Suites.Auth.TC02 login valid after 75.0s
[DEBUG]   2026-05-28 04:50:50.864393 [PID:3067] [1] [ID:3] still running Suites.Auth.TC04 logout user after 30.0s
[INFO]    2026-05-28 04:50:51.668322 [PID:3067] [1] [ID:3] PASSED Suites.Auth.TC04 logout user in 30.8 seconds
[DEBUG]   2026-05-28 04:50:51.673461 [PID:3487] [0] [ID:4] EXECUTING Suites.Auth.TC05 register existing email
[INFO]    2026-05-28 04:50:52.058202 [PID:2325] [1] [ID:1] Execution failed in Suites.Auth.TC02 login valid with 1 failing test(s)
==============================================================================
Suites
==============================================================================
Suites.Auth
==============================================================================
Suites.Auth.TC02 login valid
==============================================================================
TC02 Login User With Correct Email And Password                       | FAIL |
Element 'xpath=//a[contains(text(),'Logout')]' not visible after 45 seconds.
------------------------------------------------------------------------------
Suites.Auth.TC02 login valid                                          | FAIL |
1 test, 0 passed, 1 failed
==============================================================================
Suites.Auth                                                           | FAIL |
1 test, 0 passed, 1 failed
==============================================================================
Suites                                                                | FAIL |
1 test, 0 passed, 1 failed
==============================================================================
Output:  /home/runner/work/engg-robot-testing-framework/engg-robot-testing-framework/reports/pabot_results/1/output.xml
[DEBUG]   2026-05-28 04:50:52.063769 [PID:3521] [1] [ID:5] EXECUTING Suites.Cart.TC12 add products to cart
[DEBUG]   2026-05-28 04:50:56.683987 [PID:3487] [0] [ID:4] still running Suites.Auth.TC05 register existing email after 5.0s
[DEBUG]   2026-05-28 04:50:57.074348 [PID:3521] [1] [ID:5] still running Suites.Cart.TC12 add products to cart after 5.0s
[DEBUG]   2026-05-28 04:51:06.694857 [PID:3487] [0] [ID:4] still running Suites.Auth.TC05 register existing email after 15.0s
[DEBUG]   2026-05-28 04:51:07.085551 [PID:3521] [1] [ID:5] still running Suites.Cart.TC12 add products to cart after 15.0s
[INFO]    2026-05-28 04:51:10.793219 [PID:3521] [1] [ID:5] PASSED Suites.Cart.TC12 add products to cart in 18.7 seconds
[DEBUG]   2026-05-28 04:51:10.798765 [PID:3977] [0] [ID:6] EXECUTING Suites.Cart.TC13 verify product quantity
[DEBUG]   2026-05-28 04:51:15.808183 [PID:3977] [0] [ID:6] still running Suites.Cart.TC13 verify product quantity after 5.0s
[DEBUG]   2026-05-28 04:51:21.712854 [PID:3487] [0] [ID:4] still running Suites.Auth.TC05 register existing email after 30.0s
[INFO]    2026-05-28 04:51:24.918802 [PID:3977] [0] [ID:6] PASSED Suites.Cart.TC13 verify product quantity in 14.1 seconds
[DEBUG]   2026-05-28 04:51:24.923386 [PID:4249] [1] [ID:7] EXECUTING Suites.Cart.TC17 remove products from cart
[INFO]    2026-05-28 04:51:26.525298 [PID:3487] [0] [ID:4] PASSED Suites.Auth.TC05 register existing email in 34.9 seconds
[DEBUG]   2026-05-28 04:51:26.533326 [PID:4414] [0] [ID:8] EXECUTING Suites.Cart.TC20 search and verify cart after login
[DEBUG]   2026-05-28 04:51:29.936073 [PID:4249] [1] [ID:7] still running Suites.Cart.TC17 remove products from cart after 5.0s
[DEBUG]   2026-05-28 04:51:31.548698 [PID:4414] [0] [ID:8] still running Suites.Cart.TC20 search and verify cart after login after 5.0s
[DEBUG]   2026-05-28 04:51:39.947930 [PID:4249] [1] [ID:7] still running Suites.Cart.TC17 remove products from cart after 15.0s
[DEBUG]   2026-05-28 04:51:41.559574 [PID:4414] [0] [ID:8] still running Suites.Cart.TC20 search and verify cart after login after 15.0s
[INFO]    2026-05-28 04:51:42.959790 [PID:4249] [1] [ID:7] PASSED Suites.Cart.TC17 remove products from cart in 18.0 seconds
[DEBUG]   2026-05-28 04:51:42.965175 [PID:4723] [1] [ID:9] EXECUTING Suites.Cart.TC22 add from recommended items
[DEBUG]   2026-05-28 04:51:47.972354 [PID:4723] [1] [ID:9] still running Suites.Cart.TC22 add from recommended items after 5.0s
[DEBUG]   2026-05-28 04:51:56.583495 [PID:4414] [0] [ID:8] still running Suites.Cart.TC20 search and verify cart after login after 30.0s
[DEBUG]   2026-05-28 04:51:57.985455 [PID:4723] [1] [ID:9] still running Suites.Cart.TC22 add from recommended items after 15.0s
[INFO]    2026-05-28 04:51:58.989939 [PID:4723] [1] [ID:9] PASSED Suites.Cart.TC22 add from recommended items in 16.0 seconds
[INFO]    2026-05-28 04:52:02.792658 [PID:4414] [0] [ID:8] PASSED Suites.Cart.TC20 search and verify cart after login in 36.3 seconds
[INFO]    10 tests, 9 passed, 1 failed, 0 skipped.
[INFO]    ===================================================
[INFO]    Output:  /home/runner/work/engg-robot-testing-framework/engg-robot-testing-framework/reports/output.xml
[INFO]    Log:     /home/runner/work/engg-robot-testing-framework/engg-robot-testing-framework/reports/log.html
[INFO]    Report:  /home/runner/work/engg-robot-testing-framework/engg-robot-testing-framework/reports/report.html
[DEBUG]   Finalizing Pabot execution...
[DEBUG]   Stopping PabotLib process
[INFO]    Robot Framework remote server at 127.0.0.1:8270 stopped.
[DEBUG]   PabotLib process stopped
[INFO]    Total testing: 5 minutes 9.20 seconds
[INFO]    Elapsed time:  2 minutes 37.19 seconds
[DEBUG]   Logs flushed successfully.
