2026-09-14 05:17:58.833442 ==============================================================================
2026-09-14 05:17:58.852727 Suites
2026-09-14 05:17:58.852746 ==============================================================================
2026-09-14 05:17:58.852758 Suites.Cart
2026-09-14 05:17:58.853463 ==============================================================================
2026-09-14 05:17:58.853479 Suites.Cart.TC13 verify product quantity :: TC13 - Verify Product Quantity ...
2026-09-14 05:17:58.853479 [ ERROR ] Error in file '/home/runner/work/engg-robot-testing-framework/engg-robot-testing-framework/resources/common.resource' on line 4: Importing library 'playwright_keyword_library.PlaywrightKeywordLibrary' failed: ModuleNotFoundError: No module named 'playwright_keyword_library'
2026-09-14 05:17:58.880529 ==============================================================================
2026-09-14 05:17:58.880529 Traceback (most recent call last):
2026-09-14 05:17:58.880553   None
2026-09-14 05:17:58.930730 PYTHONPATH:
2026-09-14 05:17:58.980914   /opt/hostedtoolcache/Python/3.11.16/x64/bin
2026-09-14 05:17:59.031092   /opt/hostedtoolcache/Python/3.11.16/x64/lib/python311.zip
2026-09-14 05:17:59.081274   /opt/hostedtoolcache/Python/3.11.16/x64/lib/python3.11
2026-09-14 05:17:59.131449   /opt/hostedtoolcache/Python/3.11.16/x64/lib/python3.11/lib-dynload
2026-09-14 05:17:59.181644   /opt/hostedtoolcache/Python/3.11.16/x64/lib/python3.11/site-packages
2026-09-14 05:17:59.231850 [ ERROR ] Error in file '/home/runner/work/engg-robot-testing-framework/engg-robot-testing-framework/resources/product_keywords.resource' on line 2: Importing library 'playwright_keyword_library.PlaywrightKeywordLibrary' failed: ModuleNotFoundError: No module named 'playwright_keyword_library'
2026-09-14 05:17:59.282037 Traceback (most recent call last):
2026-09-14 05:17:59.332215   None
2026-09-14 05:17:59.382388 PYTHONPATH:
2026-09-14 05:17:59.432574   /opt/hostedtoolcache/Python/3.11.16/x64/bin
2026-09-14 05:17:59.482737   /opt/hostedtoolcache/Python/3.11.16/x64/lib/python311.zip
2026-09-14 05:17:59.532914   /opt/hostedtoolcache/Python/3.11.16/x64/lib/python3.11
2026-09-14 05:17:59.583088   /opt/hostedtoolcache/Python/3.11.16/x64/lib/python3.11/lib-dynload
2026-09-14 05:17:59.633276   /opt/hostedtoolcache/Python/3.11.16/x64/lib/python3.11/site-packages
2026-09-14 05:17:59.683473 [ ERROR ] Error in file '/home/runner/work/engg-robot-testing-framework/engg-robot-testing-framework/resources/cart_keywords.resource' on line 2: Importing library 'playwright_keyword_library.PlaywrightKeywordLibrary' failed: ModuleNotFoundError: No module named 'playwright_keyword_library'
2026-09-14 05:17:59.733660 Traceback (most recent call last):
2026-09-14 05:17:59.783868   None
2026-09-14 05:17:59.834038 PYTHONPATH:
2026-09-14 05:17:59.884225   /opt/hostedtoolcache/Python/3.11.16/x64/bin
2026-09-14 05:17:59.934417   /opt/hostedtoolcache/Python/3.11.16/x64/lib/python311.zip
2026-09-14 05:17:59.984597   /opt/hostedtoolcache/Python/3.11.16/x64/lib/python3.11
2026-09-14 05:18:00.034822   /opt/hostedtoolcache/Python/3.11.16/x64/lib/python3.11/lib-dynload
2026-09-14 05:18:00.084991   /opt/hostedtoolcache/Python/3.11.16/x64/lib/python3.11/site-packages
2026-09-14 05:18:08.858811 TC13 Verify Product Quantity In Cart                                  | FAIL |
2026-09-14 05:18:08.892941 Setup failed:
2026-09-14 05:18:08.892954 No keyword with name 'Open Browser' found.
2026-09-14 05:18:08.892962 
2026-09-14 05:18:08.892969 Also teardown failed:
2026-09-14 05:18:08.892976 Several failures occurred:
2026-09-14 05:18:08.892983 
2026-09-14 05:18:08.892990 1) No keyword with name 'Register Keyword To Run On Failure' found.
2026-09-14 05:18:08.892997 
2026-09-14 05:18:08.893004 2) No keyword with name 'Close Browser' found. Did you mean:
2026-09-14 05:18:08.893011     common.Close Test Browser
2026-09-14 05:18:08.893017 ------------------------------------------------------------------------------
2026-09-14 05:18:08.893024 Suites.Cart.TC13 verify product quantity :: TC13 - Verify Product ... | FAIL |
2026-09-14 05:18:08.893704 1 test, 0 passed, 1 failed
2026-09-14 05:18:08.893717 ==============================================================================
2026-09-14 05:18:08.893725 Suites.Cart                                                           | FAIL |
2026-09-14 05:18:08.894181 1 test, 0 passed, 1 failed
2026-09-14 05:18:08.894228 ==============================================================================
2026-09-14 05:18:08.894236 Suites                                                                | FAIL |
2026-09-14 05:18:08.894579 1 test, 0 passed, 1 failed
2026-09-14 05:18:08.894606 ==============================================================================
2026-09-14 05:18:08.894614 Output:  /home/runner/work/engg-robot-testing-framework/engg-robot-testing-framework/reports/pabot_results/6/output.xml
