2026-07-17 03:46:30.324378 ==============================================================================
2026-07-17 03:46:30.344072 Suites
2026-07-17 03:46:30.344108 ==============================================================================
2026-07-17 03:46:30.344127 Suites.Auth
2026-07-17 03:46:30.344815 ==============================================================================
2026-07-17 03:46:30.344835 Suites.Auth.TC02 login valid
2026-07-17 03:46:30.344835 [ ERROR ] Error in file '/home/runner/work/engg-robot-testing-framework/engg-robot-testing-framework/tests/auth/TC02_login_valid.robot' on line 2: Importing library 'playwright_keyword_library.PlaywrightKeywordLibrary' failed: ModuleNotFoundError: No module named 'playwright_keyword_library'
2026-07-17 03:46:30.364306 ==============================================================================
2026-07-17 03:46:30.364306 Traceback (most recent call last):
2026-07-17 03:46:30.364343   None
2026-07-17 03:46:30.414481 PYTHONPATH:
2026-07-17 03:46:30.464612   /opt/hostedtoolcache/Python/3.11.15/x64/bin
2026-07-17 03:46:30.514725   /opt/hostedtoolcache/Python/3.11.15/x64/lib/python311.zip
2026-07-17 03:46:30.564830   /opt/hostedtoolcache/Python/3.11.15/x64/lib/python3.11
2026-07-17 03:46:30.614939   /opt/hostedtoolcache/Python/3.11.15/x64/lib/python3.11/lib-dynload
2026-07-17 03:46:30.665084   /opt/hostedtoolcache/Python/3.11.15/x64/lib/python3.11/site-packages
2026-07-17 03:46:30.715238 [ ERROR ] Error in file '/home/runner/work/engg-robot-testing-framework/engg-robot-testing-framework/resources/auth_keywords.resource' on line 2: Importing library 'playwright_keyword_library.PlaywrightKeywordLibrary' failed: ModuleNotFoundError: No module named 'playwright_keyword_library'
2026-07-17 03:46:30.765438 Traceback (most recent call last):
2026-07-17 03:46:30.815554   None
2026-07-17 03:46:30.865670 PYTHONPATH:
2026-07-17 03:46:30.915816   /opt/hostedtoolcache/Python/3.11.15/x64/bin
2026-07-17 03:46:30.965990   /opt/hostedtoolcache/Python/3.11.15/x64/lib/python311.zip
2026-07-17 03:46:31.016158   /opt/hostedtoolcache/Python/3.11.15/x64/lib/python3.11
2026-07-17 03:46:31.066312   /opt/hostedtoolcache/Python/3.11.15/x64/lib/python3.11/lib-dynload
2026-07-17 03:46:31.116463   /opt/hostedtoolcache/Python/3.11.15/x64/lib/python3.11/site-packages
2026-07-17 03:46:31.166623 [ ERROR ] Error in file '/home/runner/work/engg-robot-testing-framework/engg-robot-testing-framework/resources/common.resource' on line 4: Importing library 'playwright_keyword_library.PlaywrightKeywordLibrary' failed: ModuleNotFoundError: No module named 'playwright_keyword_library'
2026-07-17 03:46:31.216779 Traceback (most recent call last):
2026-07-17 03:46:31.266927   None
2026-07-17 03:46:31.317084 PYTHONPATH:
2026-07-17 03:46:31.367390   /opt/hostedtoolcache/Python/3.11.15/x64/bin
2026-07-17 03:46:31.417598   /opt/hostedtoolcache/Python/3.11.15/x64/lib/python311.zip
2026-07-17 03:46:31.467838   /opt/hostedtoolcache/Python/3.11.15/x64/lib/python3.11
2026-07-17 03:46:31.518009   /opt/hostedtoolcache/Python/3.11.15/x64/lib/python3.11/lib-dynload
2026-07-17 03:46:31.568135   /opt/hostedtoolcache/Python/3.11.15/x64/lib/python3.11/site-packages
2026-07-17 03:46:40.340674 TC02 Login User With Correct Email And Password                       | FAIL |
2026-07-17 03:46:40.376146 Setup failed:
2026-07-17 03:46:40.376155 No keyword with name 'Open Browser' found.
2026-07-17 03:46:40.376162 
2026-07-17 03:46:40.376168 Also teardown failed:
2026-07-17 03:46:40.376174 Several failures occurred:
2026-07-17 03:46:40.376181 
2026-07-17 03:46:40.376187 1) No keyword with name 'Register Keyword To Run On Failure' found.
2026-07-17 03:46:40.376194 
2026-07-17 03:46:40.376209 2) No keyword with name 'Close Browser' found. Did you mean:
2026-07-17 03:46:40.376255     common.Close Test Browser
2026-07-17 03:46:40.376266 ------------------------------------------------------------------------------
2026-07-17 03:46:40.376284 Suites.Auth.TC02 login valid                                          | FAIL |
2026-07-17 03:46:40.377099 1 test, 0 passed, 1 failed
2026-07-17 03:46:40.377108 ==============================================================================
2026-07-17 03:46:40.377114 Suites.Auth                                                           | FAIL |
2026-07-17 03:46:40.378291 1 test, 0 passed, 1 failed
2026-07-17 03:46:40.378298 ==============================================================================
2026-07-17 03:46:40.378305 Suites                                                                | FAIL |
2026-07-17 03:46:40.378311 1 test, 0 passed, 1 failed
2026-07-17 03:46:40.378317 ==============================================================================
2026-07-17 03:46:40.378324 Output:  /home/runner/work/engg-robot-testing-framework/engg-robot-testing-framework/reports/pabot_results/1/output.xml
