2026-08-25 02:01:48.246615 ==============================================================================
2026-08-25 02:01:48.263934 Suites
2026-08-25 02:01:48.263955 ==============================================================================
2026-08-25 02:01:48.263969 Suites.Cart
2026-08-25 02:01:48.264864 ==============================================================================
2026-08-25 02:01:48.264882 Suites.Cart.TC22 add from recommended items :: TC22 - Add To Cart From Reco...
2026-08-25 02:01:48.264882 [ ERROR ] Error in file '/home/runner/work/engg-robot-testing-framework/engg-robot-testing-framework/resources/common.resource' on line 4: Importing library 'playwright_keyword_library.PlaywrightKeywordLibrary' failed: ModuleNotFoundError: No module named 'playwright_keyword_library'
2026-08-25 02:01:48.288539 ==============================================================================
2026-08-25 02:01:48.288539 Traceback (most recent call last):
2026-08-25 02:01:48.288570   None
2026-08-25 02:01:48.338711 PYTHONPATH:
2026-08-25 02:01:48.388844   /opt/hostedtoolcache/Python/3.11.16/x64/bin
2026-08-25 02:01:48.438999   /opt/hostedtoolcache/Python/3.11.16/x64/lib/python311.zip
2026-08-25 02:01:48.489133   /opt/hostedtoolcache/Python/3.11.16/x64/lib/python3.11
2026-08-25 02:01:48.539287   /opt/hostedtoolcache/Python/3.11.16/x64/lib/python3.11/lib-dynload
2026-08-25 02:01:48.589460   /opt/hostedtoolcache/Python/3.11.16/x64/lib/python3.11/site-packages
2026-08-25 02:01:48.639657 [ ERROR ] Error in file '/home/runner/work/engg-robot-testing-framework/engg-robot-testing-framework/resources/cart_keywords.resource' on line 2: Importing library 'playwright_keyword_library.PlaywrightKeywordLibrary' failed: ModuleNotFoundError: No module named 'playwright_keyword_library'
2026-08-25 02:01:48.689848 Traceback (most recent call last):
2026-08-25 02:01:48.740034   None
2026-08-25 02:01:48.790217 PYTHONPATH:
2026-08-25 02:01:48.840417   /opt/hostedtoolcache/Python/3.11.16/x64/bin
2026-08-25 02:01:48.890585   /opt/hostedtoolcache/Python/3.11.16/x64/lib/python311.zip
2026-08-25 02:01:48.940747   /opt/hostedtoolcache/Python/3.11.16/x64/lib/python3.11
2026-08-25 02:01:48.990932   /opt/hostedtoolcache/Python/3.11.16/x64/lib/python3.11/lib-dynload
2026-08-25 02:01:49.041102   /opt/hostedtoolcache/Python/3.11.16/x64/lib/python3.11/site-packages
2026-08-25 02:01:58.265619 TC22 Add To Cart From Recommended Items                               | FAIL |
2026-08-25 02:01:58.299129 Setup failed:
2026-08-25 02:01:58.299146 No keyword with name 'Open Browser' found.
2026-08-25 02:01:58.299156 
2026-08-25 02:01:58.299165 Also teardown failed:
2026-08-25 02:01:58.299174 Several failures occurred:
2026-08-25 02:01:58.299182 
2026-08-25 02:01:58.299190 1) No keyword with name 'Register Keyword To Run On Failure' found.
2026-08-25 02:01:58.299198 
2026-08-25 02:01:58.299207 2) No keyword with name 'Close Browser' found. Did you mean:
2026-08-25 02:01:58.299215     common.Close Test Browser
2026-08-25 02:01:58.299221 ------------------------------------------------------------------------------
2026-08-25 02:01:58.299227 Suites.Cart.TC22 add from recommended items :: TC22 - Add To Cart ... | FAIL |
2026-08-25 02:01:58.299801 1 test, 0 passed, 1 failed
2026-08-25 02:01:58.299863 ==============================================================================
2026-08-25 02:01:58.299873 Suites.Cart                                                           | FAIL |
2026-08-25 02:01:58.300306 1 test, 0 passed, 1 failed
2026-08-25 02:01:58.300376 ==============================================================================
2026-08-25 02:01:58.300386 Suites                                                                | FAIL |
2026-08-25 02:01:58.300717 1 test, 0 passed, 1 failed
2026-08-25 02:01:58.300777 ==============================================================================
2026-08-25 02:01:58.300787 Output:  /home/runner/work/engg-robot-testing-framework/engg-robot-testing-framework/reports/pabot_results/9/output.xml
