2026-05-07 04:13:24.368782 ==============================================================================
2026-05-07 04:13:24.378353 Suites
2026-05-07 04:13:24.378372 ==============================================================================
2026-05-07 04:13:24.378422 Suites.Auth
2026-05-07 04:13:24.379367 ==============================================================================
2026-05-07 04:13:24.479572 Suites.Auth.TC05 register existing email
2026-05-07 04:13:24.526000 ==============================================================================
2026-05-07 04:14:52.465587 [ WARN ] Native click failed on Delete Account; trying JS click fallback.
2026-05-07 04:14:53.018742 TC05 Register User With Existing Email                                | FAIL |
2026-05-07 04:14:53.021447 Text 'Account Deleted' did not appear in 1 minute.
2026-05-07 04:14:53.021576 ------------------------------------------------------------------------------
2026-05-07 04:14:53.021596 Suites.Auth.TC05 register existing email                              | FAIL |
2026-05-07 04:14:53.021610 1 test, 0 passed, 1 failed
2026-05-07 04:14:53.021623 ==============================================================================
2026-05-07 04:14:53.021634 Suites.Auth                                                           | FAIL |
2026-05-07 04:14:53.021646 1 test, 0 passed, 1 failed
2026-05-07 04:14:53.021657 ==============================================================================
2026-05-07 04:14:53.021673 Suites                                                                | FAIL |
2026-05-07 04:14:53.022014 1 test, 0 passed, 1 failed
2026-05-07 04:14:53.022084 ==============================================================================
2026-05-07 04:14:53.022149 Output:  /home/runner/work/engg-robot-testing-framework/engg-robot-testing-framework/reports/pabot_results/4/output.xml
