2026-10-05 06:03:30.325857 ==============================================================================
2026-10-05 06:03:30.345467 Suites
2026-10-05 06:03:30.345491 ==============================================================================
2026-10-05 06:03:30.345510 Suites.Auth
2026-10-05 06:03:30.346350 ==============================================================================
2026-10-05 06:03:30.346370 Suites.Auth.TC01 register user
2026-10-05 06:03:30.346370 [ ERROR ] Error in file '/home/runner/work/engg-robot-testing-framework/engg-robot-testing-framework/tests/auth/TC01_register_user.robot' on line 2: Importing library 'playwright_keyword_library.PlaywrightKeywordLibrary' failed: ModuleNotFoundError: No module named 'playwright_keyword_library'
2026-10-05 06:03:30.365043 ==============================================================================
2026-10-05 06:03:30.365043 Traceback (most recent call last):
2026-10-05 06:03:30.365085   None
2026-10-05 06:03:30.415195 PYTHONPATH:
2026-10-05 06:03:30.465297   /opt/hostedtoolcache/Python/3.11.16/x64/bin
2026-10-05 06:03:30.515399   /opt/hostedtoolcache/Python/3.11.16/x64/lib/python311.zip
2026-10-05 06:03:30.565518   /opt/hostedtoolcache/Python/3.11.16/x64/lib/python3.11
2026-10-05 06:03:30.615678   /opt/hostedtoolcache/Python/3.11.16/x64/lib/python3.11/lib-dynload
2026-10-05 06:03:30.665824   /opt/hostedtoolcache/Python/3.11.16/x64/lib/python3.11/site-packages
2026-10-05 06:03:30.715989 [ ERROR ] Error in file '/home/runner/work/engg-robot-testing-framework/engg-robot-testing-framework/resources/auth_keywords.resource' on line 2: Importing library 'playwright_keyword_library.PlaywrightKeywordLibrary' failed: ModuleNotFoundError: No module named 'playwright_keyword_library'
2026-10-05 06:03:30.766150 Traceback (most recent call last):
2026-10-05 06:03:30.816312   None
2026-10-05 06:03:30.866475 PYTHONPATH:
2026-10-05 06:03:30.916616   /opt/hostedtoolcache/Python/3.11.16/x64/bin
2026-10-05 06:03:30.966779   /opt/hostedtoolcache/Python/3.11.16/x64/lib/python311.zip
2026-10-05 06:03:31.016933   /opt/hostedtoolcache/Python/3.11.16/x64/lib/python3.11
2026-10-05 06:03:31.067100   /opt/hostedtoolcache/Python/3.11.16/x64/lib/python3.11/lib-dynload
2026-10-05 06:03:31.117260   /opt/hostedtoolcache/Python/3.11.16/x64/lib/python3.11/site-packages
2026-10-05 06:03:31.167420 [ ERROR ] Error in file '/home/runner/work/engg-robot-testing-framework/engg-robot-testing-framework/resources/common.resource' on line 4: Importing library 'playwright_keyword_library.PlaywrightKeywordLibrary' failed: ModuleNotFoundError: No module named 'playwright_keyword_library'
2026-10-05 06:03:31.217581 Traceback (most recent call last):
2026-10-05 06:03:31.267732   None
2026-10-05 06:03:31.317891 PYTHONPATH:
2026-10-05 06:03:31.368052   /opt/hostedtoolcache/Python/3.11.16/x64/bin
2026-10-05 06:03:31.418218   /opt/hostedtoolcache/Python/3.11.16/x64/lib/python311.zip
2026-10-05 06:03:31.468381   /opt/hostedtoolcache/Python/3.11.16/x64/lib/python3.11
2026-10-05 06:03:31.518519   /opt/hostedtoolcache/Python/3.11.16/x64/lib/python3.11/lib-dynload
2026-10-05 06:03:31.568680   /opt/hostedtoolcache/Python/3.11.16/x64/lib/python3.11/site-packages
2026-10-05 06:03:40.340903 TC01 Register User                                                    | FAIL |
2026-10-05 06:03:40.375626 Setup failed:
2026-10-05 06:03:40.375646 No keyword with name 'Open Browser' found.
2026-10-05 06:03:40.375662 
2026-10-05 06:03:40.375676 Also teardown failed:
2026-10-05 06:03:40.375691 Several failures occurred:
2026-10-05 06:03:40.375708 
2026-10-05 06:03:40.375727 1) No keyword with name 'Register Keyword To Run On Failure' found.
2026-10-05 06:03:40.375744 
2026-10-05 06:03:40.375760 2) No keyword with name 'Close Browser' found. Did you mean:
2026-10-05 06:03:40.375775     common.Close Test Browser
2026-10-05 06:03:40.375791 ------------------------------------------------------------------------------
2026-10-05 06:03:40.375806 Suites.Auth.TC01 register user                                        | FAIL |
2026-10-05 06:03:40.376083 1 test, 0 passed, 1 failed
2026-10-05 06:03:40.376141 ==============================================================================
2026-10-05 06:03:40.376158 Suites.Auth                                                           | FAIL |
2026-10-05 06:03:40.376563 1 test, 0 passed, 1 failed
2026-10-05 06:03:40.377613 ==============================================================================
2026-10-05 06:03:40.377632 Suites                                                                | FAIL |
2026-10-05 06:03:40.377647 1 test, 0 passed, 1 failed
2026-10-05 06:03:40.377664 ==============================================================================
2026-10-05 06:03:40.377711 Output:  /home/runner/work/engg-robot-testing-framework/engg-robot-testing-framework/reports/pabot_results/0/output.xml
