[INFO]    Initialized logging in reports/pabot_results
[INFO]    Robot Framework remote server at 127.0.0.1:8270 started.
[DEBUG]   2026-05-24 04:47:20.715888 [PID:2381] [0] [ID:0] EXECUTING Suites.Auth.TC01 register user
[DEBUG]   2026-05-24 04:47:20.717594 [PID:2382] [1] [ID:1] EXECUTING Suites.Auth.TC02 login valid
[DEBUG]   2026-05-24 04:47:25.722647 [PID:2381] [0] [ID:0] still running Suites.Auth.TC01 register user after 5.0s
[DEBUG]   2026-05-24 04:47:25.723244 [PID:2382] [1] [ID:1] still running Suites.Auth.TC02 login valid after 5.0s
[DEBUG]   2026-05-24 04:47:35.732371 [PID:2381] [0] [ID:0] still running Suites.Auth.TC01 register user after 15.0s
[DEBUG]   2026-05-24 04:47:35.735185 [PID:2382] [1] [ID:1] still running Suites.Auth.TC02 login valid after 15.0s
[DEBUG]   2026-05-24 04:47:50.757650 [PID:2381] [0] [ID:0] still running Suites.Auth.TC01 register user after 30.0s
[DEBUG]   2026-05-24 04:47:50.762666 [PID:2382] [1] [ID:1] still running Suites.Auth.TC02 login valid after 30.0s
[INFO]    2026-05-24 04:48:02.873765 [PID:2381] [0] [ID:0] PASSED Suites.Auth.TC01 register user in 42.2 seconds
[DEBUG]   2026-05-24 04:48:02.879355 [PID:2874] [0] [ID:2] EXECUTING Suites.Auth.TC03 login invalid
[INFO]    2026-05-24 04:48:05.282164 [PID:2382] [1] [ID:1] PASSED Suites.Auth.TC02 login valid in 44.6 seconds
[DEBUG]   2026-05-24 04:48:05.289336 [PID:3041] [1] [ID:3] EXECUTING Suites.Auth.TC04 logout user
[DEBUG]   2026-05-24 04:48:07.887462 [PID:2874] [0] [ID:2] still running Suites.Auth.TC03 login invalid after 5.0s
[DEBUG]   2026-05-24 04:48:10.302089 [PID:3041] [1] [ID:3] still running Suites.Auth.TC04 logout user after 5.0s
[INFO]    2026-05-24 04:48:17.505751 [PID:2874] [0] [ID:2] PASSED Suites.Auth.TC03 login invalid in 14.6 seconds
[DEBUG]   2026-05-24 04:48:17.511138 [PID:3303] [0] [ID:4] EXECUTING Suites.Auth.TC05 register existing email
[DEBUG]   2026-05-24 04:48:20.315490 [PID:3041] [1] [ID:3] still running Suites.Auth.TC04 logout user after 15.0s
[DEBUG]   2026-05-24 04:48:22.519977 [PID:3303] [0] [ID:4] still running Suites.Auth.TC05 register existing email after 5.0s
[DEBUG]   2026-05-24 04:48:32.531578 [PID:3303] [0] [ID:4] still running Suites.Auth.TC05 register existing email after 15.0s
[DEBUG]   2026-05-24 04:48:35.331657 [PID:3041] [1] [ID:3] still running Suites.Auth.TC04 logout user after 30.0s
[DEBUG]   2026-05-24 04:48:47.547840 [PID:3303] [0] [ID:4] still running Suites.Auth.TC05 register existing email after 30.0s
[INFO]    2026-05-24 04:48:51.655155 [PID:3303] [0] [ID:4] PASSED Suites.Auth.TC05 register existing email in 34.1 seconds
[DEBUG]   2026-05-24 04:48:51.659370 [PID:3615] [1] [ID:5] EXECUTING Suites.Cart.TC12 add products to cart
[DEBUG]   2026-05-24 04:48:55.357611 [PID:3041] [1] [ID:3] still running Suites.Auth.TC04 logout user after 50.0s
[DEBUG]   2026-05-24 04:48:56.666491 [PID:3615] [1] [ID:5] still running Suites.Cart.TC12 add products to cart after 5.0s
[DEBUG]   2026-05-24 04:49:06.675432 [PID:3615] [1] [ID:5] still running Suites.Cart.TC12 add products to cart after 15.0s
[INFO]    2026-05-24 04:49:08.680646 [PID:3615] [1] [ID:5] PASSED Suites.Cart.TC12 add products to cart in 17.0 seconds
[DEBUG]   2026-05-24 04:49:08.685094 [PID:3946] [0] [ID:6] EXECUTING Suites.Cart.TC13 verify product quantity
[DEBUG]   2026-05-24 04:49:13.694029 [PID:3946] [0] [ID:6] still running Suites.Cart.TC13 verify product quantity after 5.0s
[DEBUG]   2026-05-24 04:49:20.387536 [PID:3041] [1] [ID:3] still running Suites.Auth.TC04 logout user after 75.0s
[INFO]    2026-05-24 04:49:21.490999 [PID:3041] [1] [ID:3] Execution failed in Suites.Auth.TC04 logout user with 1 failing test(s)
==============================================================================
Suites
==============================================================================
Suites.Auth
==============================================================================
Suites.Auth.TC04 logout user
==============================================================================
TC04 Logout User                                                      | FAIL |
Element 'css=li a b' did not appear in 45 seconds.
------------------------------------------------------------------------------
Suites.Auth.TC04 logout user                                          | FAIL |
1 test, 0 passed, 1 failed
==============================================================================
Suites.Auth                                                           | FAIL |
1 test, 0 passed, 1 failed
==============================================================================
Suites                                                                | FAIL |
1 test, 0 passed, 1 failed
==============================================================================
Output:  /home/runner/work/engg-robot-testing-framework/engg-robot-testing-framework/reports/pabot_results/3/output.xml
[DEBUG]   2026-05-24 04:49:21.495714 [PID:4229] [1] [ID:7] EXECUTING Suites.Cart.TC17 remove products from cart
[INFO]    2026-05-24 04:49:21.706782 [PID:3946] [0] [ID:6] PASSED Suites.Cart.TC13 verify product quantity in 13.0 seconds
[DEBUG]   2026-05-24 04:49:21.711404 [PID:4233] [0] [ID:8] EXECUTING Suites.Cart.TC20 search and verify cart after login
[DEBUG]   2026-05-24 04:49:26.510951 [PID:4229] [1] [ID:7] still running Suites.Cart.TC17 remove products from cart after 5.0s
[DEBUG]   2026-05-24 04:49:26.726178 [PID:4233] [0] [ID:8] still running Suites.Cart.TC20 search and verify cart after login after 5.0s
[DEBUG]   2026-05-24 04:49:36.522116 [PID:4229] [1] [ID:7] still running Suites.Cart.TC17 remove products from cart after 15.0s
[DEBUG]   2026-05-24 04:49:36.736884 [PID:4233] [0] [ID:8] still running Suites.Cart.TC20 search and verify cart after login after 15.0s
[INFO]    2026-05-24 04:49:39.229403 [PID:4229] [1] [ID:7] PASSED Suites.Cart.TC17 remove products from cart in 17.7 seconds
[DEBUG]   2026-05-24 04:49:39.235057 [PID:4711] [1] [ID:9] EXECUTING Suites.Cart.TC22 add from recommended items
[DEBUG]   2026-05-24 04:49:44.240582 [PID:4711] [1] [ID:9] still running Suites.Cart.TC22 add from recommended items after 5.0s
[INFO]    2026-05-24 04:49:47.351378 [PID:4233] [0] [ID:8] Execution failed in Suites.Cart.TC20 search and verify cart after login with 1 failing test(s)
==============================================================================
Suites
==============================================================================
Suites.Cart
==============================================================================
Suites.Cart.TC20 search and verify cart after login :: TC20 - Search Produc...
==============================================================================
TC20 Search Products And Verify Cart After Login                      | FAIL |
ElementClickInterceptedException: Message: element click intercepted: Element <a href="/products">...</a> is not clickable at point (926, 40). Other element would receive the click: <iframe id="aswift_1" name="aswift_1" style="min-height: auto !important; max-height: none !important; min-width: auto !important; max-width: none !important; width: 100vw !important; height: 100vh !important; inset: 0px auto auto 0px !important; position: absolute !important; clear: none !important; display: inline !important; float: none !important; margin: 0px !important; opacity: 1 !important; overflow: visible !important; padding: 0px !important; vertical-align: baseline !important; visibility: visible !important; z-index: auto !important;" sandbox="allow-forms allow-popups allow-popups-to-escape-sandbox allow-same-origin allow-scripts allow-top-navigation-by-user-activation" width="" height="" frameborder="0" marginwidth="0" marginheight="0" vspace="0" hspace="0" allowtransparency="true" scrolling="no" allow="attribution-reporting; run-ad-auction" src="https://googleads.g.doubleclick.net/pagead/html/r20260520/r20190131/zrt_lookup.html#RS-0-&amp;adk=1812271808&amp;client=ca-pub-1677597403311019&amp;fa=8&amp;ifi=2&amp;uci=a!2" data-google-container-id="a!2" tabindex="0" title="Advertisement" aria-label="Advertisement" data-google-query-id="CMatjeaP0ZQDFbrh_QUdcV0l6g" data-load-complete="true"></iframe>
  (Session info: chrome=148.0.7778.167)
    [ Message content over the limit has been removed. ]
#1 0x55dccb583ab9 <unknown>
#2 0x55dccb5de9bb <unknown>
#3 0x55dccb5dcaa2 <unknown>
#4 0x55dccb5da48c <unknown>
#5 0x55dccb5d9577 <unknown>
#6 0x55dccb5cd582 <unknown>
#7 0x55dccb5ccec7 <unknown>
#8 0x55dccb620116 <unknown>
#9 0x55dccb5cb662 <unknown>
#10 0x55dccb5cc451 <unknown>
#11 0x55dccbb48d8b <unknown>
#12 0x55dccbb4bc65 <unknown>
#13 0x55dccbb35458 <unknown>
#14 0x55dccbb4c7f0 <unknown>
#15 0x55dccbb1c1c0 <unknown>
#16 0x55dccbb72168 <unknown>
#17 0x55dccbb72305 <unknown>
#18 0x55dccbb83c5e <unknown>
#19 0x7fd9e549caa4 <unknown>
#20 0x7fd9e5529c6c <unknown>
------------------------------------------------------------------------------
Suites.Cart.TC20 search and verify cart after login :: TC20 - Sear... | FAIL |
1 test, 0 passed, 1 failed
==============================================================================
Suites.Cart                                                           | FAIL |
1 test, 0 passed, 1 failed
==============================================================================
Suites                                                                | FAIL |
1 test, 0 passed, 1 failed
==============================================================================
Output:  /home/runner/work/engg-robot-testing-framework/engg-robot-testing-framework/reports/pabot_results/8/output.xml
[DEBUG]   2026-05-24 04:49:54.252595 [PID:4711] [1] [ID:9] still running Suites.Cart.TC22 add from recommended items after 15.0s
[INFO]    2026-05-24 04:49:54.858264 [PID:4711] [1] [ID:9] PASSED Suites.Cart.TC22 add from recommended items in 15.6 seconds
[INFO]    10 tests, 8 passed, 2 failed, 0 skipped.
[INFO]    ===================================================
[INFO]    Output:  /home/runner/work/engg-robot-testing-framework/engg-robot-testing-framework/reports/output.xml
[INFO]    Log:     /home/runner/work/engg-robot-testing-framework/engg-robot-testing-framework/reports/log.html
[INFO]    Report:  /home/runner/work/engg-robot-testing-framework/engg-robot-testing-framework/reports/report.html
[DEBUG]   Finalizing Pabot execution...
[DEBUG]   Stopping PabotLib process
[INFO]    Robot Framework remote server at 127.0.0.1:8270 stopped.
[DEBUG]   PabotLib process stopped
[INFO]    Total testing: 5 minutes 0.60 seconds
[INFO]    Elapsed time:  2 minutes 34.79 seconds
[DEBUG]   Logs flushed successfully.
