2026-10-04 06:11:39.513540 ==============================================================================
2026-10-04 06:11:39.530951 Suites
2026-10-04 06:11:39.530971 ==============================================================================
2026-10-04 06:11:39.530986 Suites.Cart
2026-10-04 06:11:39.531802 ==============================================================================
2026-10-04 06:11:39.531821 Suites.Cart.TC17 remove products from cart :: TC17 - Remove Products From Cart
2026-10-04 06:11:39.531821 [ ERROR ] Error in file '/home/runner/work/engg-robot-testing-framework/engg-robot-testing-framework/resources/common.resource' on line 4: Importing library 'playwright_keyword_library.PlaywrightKeywordLibrary' failed: ModuleNotFoundError: No module named 'playwright_keyword_library'
2026-10-04 06:11:39.561711 ==============================================================================
2026-10-04 06:11:39.561711 Traceback (most recent call last):
2026-10-04 06:11:39.561740   None
2026-10-04 06:11:39.611840 PYTHONPATH:
2026-10-04 06:11:39.661936   /opt/hostedtoolcache/Python/3.11.16/x64/bin
2026-10-04 06:11:39.712032   /opt/hostedtoolcache/Python/3.11.16/x64/lib/python311.zip
2026-10-04 06:11:39.762144   /opt/hostedtoolcache/Python/3.11.16/x64/lib/python3.11
2026-10-04 06:11:39.812232   /opt/hostedtoolcache/Python/3.11.16/x64/lib/python3.11/lib-dynload
2026-10-04 06:11:39.862377   /opt/hostedtoolcache/Python/3.11.16/x64/lib/python3.11/site-packages
2026-10-04 06:11:39.912506 [ ERROR ] Error in file '/home/runner/work/engg-robot-testing-framework/engg-robot-testing-framework/resources/product_keywords.resource' on line 2: Importing library 'playwright_keyword_library.PlaywrightKeywordLibrary' failed: ModuleNotFoundError: No module named 'playwright_keyword_library'
2026-10-04 06:11:39.962649 Traceback (most recent call last):
2026-10-04 06:11:40.012778   None
2026-10-04 06:11:40.062924 PYTHONPATH:
2026-10-04 06:11:40.113053   /opt/hostedtoolcache/Python/3.11.16/x64/bin
2026-10-04 06:11:40.163200   /opt/hostedtoolcache/Python/3.11.16/x64/lib/python311.zip
2026-10-04 06:11:40.213330   /opt/hostedtoolcache/Python/3.11.16/x64/lib/python3.11
2026-10-04 06:11:40.263476   /opt/hostedtoolcache/Python/3.11.16/x64/lib/python3.11/lib-dynload
2026-10-04 06:11:40.313577   /opt/hostedtoolcache/Python/3.11.16/x64/lib/python3.11/site-packages
2026-10-04 06:11:40.363720 [ ERROR ] Error in file '/home/runner/work/engg-robot-testing-framework/engg-robot-testing-framework/resources/cart_keywords.resource' on line 2: Importing library 'playwright_keyword_library.PlaywrightKeywordLibrary' failed: ModuleNotFoundError: No module named 'playwright_keyword_library'
2026-10-04 06:11:40.413849 Traceback (most recent call last):
2026-10-04 06:11:40.463992   None
2026-10-04 06:11:40.514122 PYTHONPATH:
2026-10-04 06:11:40.564237   /opt/hostedtoolcache/Python/3.11.16/x64/bin
2026-10-04 06:11:40.614366   /opt/hostedtoolcache/Python/3.11.16/x64/lib/python311.zip
2026-10-04 06:11:40.664511   /opt/hostedtoolcache/Python/3.11.16/x64/lib/python3.11
2026-10-04 06:11:40.714657   /opt/hostedtoolcache/Python/3.11.16/x64/lib/python3.11/lib-dynload
2026-10-04 06:11:40.764838   /opt/hostedtoolcache/Python/3.11.16/x64/lib/python3.11/site-packages
2026-10-04 06:11:49.536372 TC17 Remove Products From Cart                                        | FAIL |
2026-10-04 06:11:49.573287 Setup failed:
2026-10-04 06:11:49.573296 No keyword with name 'Open Browser' found.
2026-10-04 06:11:49.573304 
2026-10-04 06:11:49.573311 Also teardown failed:
2026-10-04 06:11:49.573317 Several failures occurred:
2026-10-04 06:11:49.573324 
2026-10-04 06:11:49.573330 1) No keyword with name 'Register Keyword To Run On Failure' found.
2026-10-04 06:11:49.573337 
2026-10-04 06:11:49.573343 2) No keyword with name 'Close Browser' found. Did you mean:
2026-10-04 06:11:49.573349     common.Close Test Browser
2026-10-04 06:11:49.573355 ------------------------------------------------------------------------------
2026-10-04 06:11:49.573362 Suites.Cart.TC17 remove products from cart :: TC17 - Remove Produc... | FAIL |
2026-10-04 06:11:49.574135 1 test, 0 passed, 1 failed
2026-10-04 06:11:49.574197 ==============================================================================
2026-10-04 06:11:49.574205 Suites.Cart                                                           | FAIL |
2026-10-04 06:11:49.574672 1 test, 0 passed, 1 failed
2026-10-04 06:11:49.574730 ==============================================================================
2026-10-04 06:11:49.574738 Suites                                                                | FAIL |
2026-10-04 06:11:49.575090 1 test, 0 passed, 1 failed
2026-10-04 06:11:49.575154 ==============================================================================
2026-10-04 06:11:49.575161 Output:  /home/runner/work/engg-robot-testing-framework/engg-robot-testing-framework/reports/pabot_results/7/output.xml
