2026-09-21 05:17:37.149375 ==============================================================================
2026-09-21 05:17:37.171875 Suites
2026-09-21 05:17:37.171897 ==============================================================================
2026-09-21 05:17:37.171913 Suites.Cart
2026-09-21 05:17:37.172633 ==============================================================================
2026-09-21 05:17:37.172652 Suites.Cart.TC13 verify product quantity :: TC13 - Verify Product Quantity ...
2026-09-21 05:17:37.172652 [ ERROR ] Error in file '/home/runner/work/engg-robot-testing-framework/engg-robot-testing-framework/resources/common.resource' on line 4: Importing library 'playwright_keyword_library.PlaywrightKeywordLibrary' failed: ModuleNotFoundError: No module named 'playwright_keyword_library'
2026-09-21 05:17:37.203596 ==============================================================================
2026-09-21 05:17:37.203596 Traceback (most recent call last):
2026-09-21 05:17:37.203620   None
2026-09-21 05:17:37.253748 PYTHONPATH:
2026-09-21 05:17:37.303885   /opt/hostedtoolcache/Python/3.11.16/x64/bin
2026-09-21 05:17:37.354013   /opt/hostedtoolcache/Python/3.11.16/x64/lib/python311.zip
2026-09-21 05:17:37.404127   /opt/hostedtoolcache/Python/3.11.16/x64/lib/python3.11
2026-09-21 05:17:37.454237   /opt/hostedtoolcache/Python/3.11.16/x64/lib/python3.11/lib-dynload
2026-09-21 05:17:37.504415   /opt/hostedtoolcache/Python/3.11.16/x64/lib/python3.11/site-packages
2026-09-21 05:17:37.554592 [ ERROR ] Error in file '/home/runner/work/engg-robot-testing-framework/engg-robot-testing-framework/resources/product_keywords.resource' on line 2: Importing library 'playwright_keyword_library.PlaywrightKeywordLibrary' failed: ModuleNotFoundError: No module named 'playwright_keyword_library'
2026-09-21 05:17:37.604750 Traceback (most recent call last):
2026-09-21 05:17:37.654909   None
2026-09-21 05:17:37.705102 PYTHONPATH:
2026-09-21 05:17:37.755259   /opt/hostedtoolcache/Python/3.11.16/x64/bin
2026-09-21 05:17:37.805366   /opt/hostedtoolcache/Python/3.11.16/x64/lib/python311.zip
2026-09-21 05:17:37.855483   /opt/hostedtoolcache/Python/3.11.16/x64/lib/python3.11
2026-09-21 05:17:37.905596   /opt/hostedtoolcache/Python/3.11.16/x64/lib/python3.11/lib-dynload
2026-09-21 05:17:37.955788   /opt/hostedtoolcache/Python/3.11.16/x64/lib/python3.11/site-packages
2026-09-21 05:17:38.005913 [ ERROR ] Error in file '/home/runner/work/engg-robot-testing-framework/engg-robot-testing-framework/resources/cart_keywords.resource' on line 2: Importing library 'playwright_keyword_library.PlaywrightKeywordLibrary' failed: ModuleNotFoundError: No module named 'playwright_keyword_library'
2026-09-21 05:17:38.056091 Traceback (most recent call last):
2026-09-21 05:17:38.106220   None
2026-09-21 05:17:38.156374 PYTHONPATH:
2026-09-21 05:17:38.206494   /opt/hostedtoolcache/Python/3.11.16/x64/bin
2026-09-21 05:17:38.256639   /opt/hostedtoolcache/Python/3.11.16/x64/lib/python311.zip
2026-09-21 05:17:38.306759   /opt/hostedtoolcache/Python/3.11.16/x64/lib/python3.11
2026-09-21 05:17:38.356911   /opt/hostedtoolcache/Python/3.11.16/x64/lib/python3.11/lib-dynload
2026-09-21 05:17:38.407023   /opt/hostedtoolcache/Python/3.11.16/x64/lib/python3.11/site-packages
2026-09-21 05:17:47.178656 TC13 Verify Product Quantity In Cart                                  | FAIL |
2026-09-21 05:17:47.214882 Setup failed:
2026-09-21 05:17:47.214897 No keyword with name 'Open Browser' found.
2026-09-21 05:17:47.214907 
2026-09-21 05:17:47.214916 Also teardown failed:
2026-09-21 05:17:47.214925 Several failures occurred:
2026-09-21 05:17:47.214934 
2026-09-21 05:17:47.214943 1) No keyword with name 'Register Keyword To Run On Failure' found.
2026-09-21 05:17:47.214952 
2026-09-21 05:17:47.214959 2) No keyword with name 'Close Browser' found. Did you mean:
2026-09-21 05:17:47.214967     common.Close Test Browser
2026-09-21 05:17:47.214974 ------------------------------------------------------------------------------
2026-09-21 05:17:47.214982 Suites.Cart.TC13 verify product quantity :: TC13 - Verify Product ... | FAIL |
2026-09-21 05:17:47.215684 1 test, 0 passed, 1 failed
2026-09-21 05:17:47.215697 ==============================================================================
2026-09-21 05:17:47.215705 Suites.Cart                                                           | FAIL |
2026-09-21 05:17:47.216192 1 test, 0 passed, 1 failed
2026-09-21 05:17:47.216237 ==============================================================================
2026-09-21 05:17:47.216245 Suites                                                                | FAIL |
2026-09-21 05:17:47.216670 1 test, 0 passed, 1 failed
2026-09-21 05:17:47.216729 ==============================================================================
2026-09-21 05:17:47.216737 Output:  /home/runner/work/engg-robot-testing-framework/engg-robot-testing-framework/reports/pabot_results/6/output.xml
