2026-07-20 04:13:42.683356 ==============================================================================
2026-07-20 04:13:42.697375 Suites
2026-07-20 04:13:42.697395 ==============================================================================
2026-07-20 04:13:42.697408 Suites.Auth
2026-07-20 04:13:42.698233 ==============================================================================
2026-07-20 04:13:42.698250 Suites.Auth.TC03 login invalid
2026-07-20 04:13:42.698250 [ ERROR ] Error in file '/home/runner/work/engg-robot-testing-framework/engg-robot-testing-framework/tests/auth/TC03_login_invalid.robot' on line 2: Importing library 'playwright_keyword_library.PlaywrightKeywordLibrary' failed: ModuleNotFoundError: No module named 'playwright_keyword_library'
2026-07-20 04:13:42.715264 ==============================================================================
2026-07-20 04:13:42.715264 Traceback (most recent call last):
2026-07-20 04:13:42.715289   None
2026-07-20 04:13:42.765457 PYTHONPATH:
2026-07-20 04:13:42.815669   /opt/hostedtoolcache/Python/3.11.15/x64/bin
2026-07-20 04:13:42.865847   /opt/hostedtoolcache/Python/3.11.15/x64/lib/python311.zip
2026-07-20 04:13:42.916048   /opt/hostedtoolcache/Python/3.11.15/x64/lib/python3.11
2026-07-20 04:13:42.966258   /opt/hostedtoolcache/Python/3.11.15/x64/lib/python3.11/lib-dynload
2026-07-20 04:13:43.016474   /opt/hostedtoolcache/Python/3.11.15/x64/lib/python3.11/site-packages
2026-07-20 04:13:43.066646 [ ERROR ] Error in file '/home/runner/work/engg-robot-testing-framework/engg-robot-testing-framework/resources/auth_keywords.resource' on line 2: Importing library 'playwright_keyword_library.PlaywrightKeywordLibrary' failed: ModuleNotFoundError: No module named 'playwright_keyword_library'
2026-07-20 04:13:43.116919 Traceback (most recent call last):
2026-07-20 04:13:43.167153   None
2026-07-20 04:13:43.217408 PYTHONPATH:
2026-07-20 04:13:43.267571   /opt/hostedtoolcache/Python/3.11.15/x64/bin
2026-07-20 04:13:43.317858   /opt/hostedtoolcache/Python/3.11.15/x64/lib/python311.zip
2026-07-20 04:13:43.368057   /opt/hostedtoolcache/Python/3.11.15/x64/lib/python3.11
2026-07-20 04:13:43.418349   /opt/hostedtoolcache/Python/3.11.15/x64/lib/python3.11/lib-dynload
2026-07-20 04:13:43.468591   /opt/hostedtoolcache/Python/3.11.15/x64/lib/python3.11/site-packages
2026-07-20 04:13:43.518897 [ ERROR ] Error in file '/home/runner/work/engg-robot-testing-framework/engg-robot-testing-framework/resources/common.resource' on line 4: Importing library 'playwright_keyword_library.PlaywrightKeywordLibrary' failed: ModuleNotFoundError: No module named 'playwright_keyword_library'
2026-07-20 04:13:43.569099 Traceback (most recent call last):
2026-07-20 04:13:43.619387   None
2026-07-20 04:13:43.669589 PYTHONPATH:
2026-07-20 04:13:43.719779   /opt/hostedtoolcache/Python/3.11.15/x64/bin
2026-07-20 04:13:43.770032   /opt/hostedtoolcache/Python/3.11.15/x64/lib/python311.zip
2026-07-20 04:13:43.820288   /opt/hostedtoolcache/Python/3.11.15/x64/lib/python3.11
2026-07-20 04:13:43.870485   /opt/hostedtoolcache/Python/3.11.15/x64/lib/python3.11/lib-dynload
2026-07-20 04:13:43.920775   /opt/hostedtoolcache/Python/3.11.15/x64/lib/python3.11/site-packages
2026-07-20 04:13:52.698662 TC03 Login User With Incorrect Email And Password                     | FAIL |
2026-07-20 04:13:52.725840 Setup failed:
2026-07-20 04:13:52.725866 No keyword with name 'Open Browser' found.
2026-07-20 04:13:52.725880 
2026-07-20 04:13:52.725896 Also teardown failed:
2026-07-20 04:13:52.725926 Several failures occurred:
2026-07-20 04:13:52.725946 
2026-07-20 04:13:52.725961 1) No keyword with name 'Register Keyword To Run On Failure' found.
2026-07-20 04:13:52.725974 
2026-07-20 04:13:52.725986 2) No keyword with name 'Close Browser' found. Did you mean:
2026-07-20 04:13:52.726001     common.Close Test Browser
2026-07-20 04:13:52.726061 ------------------------------------------------------------------------------
2026-07-20 04:13:52.726079 Suites.Auth.TC03 login invalid                                        | FAIL |
2026-07-20 04:13:52.726593 1 test, 0 passed, 1 failed
2026-07-20 04:13:52.726708 ==============================================================================
2026-07-20 04:13:52.726715 Suites.Auth                                                           | FAIL |
2026-07-20 04:13:52.727235 1 test, 0 passed, 1 failed
2026-07-20 04:13:52.727250 ==============================================================================
2026-07-20 04:13:52.727262 Suites                                                                | FAIL |
2026-07-20 04:13:52.727684 1 test, 0 passed, 1 failed
2026-07-20 04:13:52.727692 ==============================================================================
2026-07-20 04:13:52.727698 Output:  /home/runner/work/engg-robot-testing-framework/engg-robot-testing-framework/reports/pabot_results/2/output.xml
