2026-07-07 04:32:48.914156 ==============================================================================
2026-07-07 04:32:48.923812 Suites
2026-07-07 04:32:48.923830 ==============================================================================
2026-07-07 04:32:48.923841 Suites.Auth
2026-07-07 04:32:48.924551 ==============================================================================
2026-07-07 04:32:48.924564 Suites.Auth.TC03 login invalid
2026-07-07 04:32:48.924564 [ ERROR ] Error in file '/home/runner/work/engg-robot-testing-framework/engg-robot-testing-framework/tests/auth/TC03_login_invalid.robot' on line 2: Importing library 'playwright_keyword_library.PlaywrightKeywordLibrary' failed: ModuleNotFoundError: No module named 'playwright_keyword_library'
2026-07-07 04:32:48.941215 ==============================================================================
2026-07-07 04:32:48.941215 Traceback (most recent call last):
2026-07-07 04:32:48.941240   None
2026-07-07 04:32:48.991368 PYTHONPATH:
2026-07-07 04:32:49.041538   /opt/hostedtoolcache/Python/3.11.15/x64/bin
2026-07-07 04:32:49.091695   /opt/hostedtoolcache/Python/3.11.15/x64/lib/python311.zip
2026-07-07 04:32:49.141878   /opt/hostedtoolcache/Python/3.11.15/x64/lib/python3.11
2026-07-07 04:32:49.192042   /opt/hostedtoolcache/Python/3.11.15/x64/lib/python3.11/lib-dynload
2026-07-07 04:32:49.242212   /opt/hostedtoolcache/Python/3.11.15/x64/lib/python3.11/site-packages
2026-07-07 04:32:49.292377 [ ERROR ] Error in file '/home/runner/work/engg-robot-testing-framework/engg-robot-testing-framework/resources/auth_keywords.resource' on line 2: Importing library 'playwright_keyword_library.PlaywrightKeywordLibrary' failed: ModuleNotFoundError: No module named 'playwright_keyword_library'
2026-07-07 04:32:49.342534 Traceback (most recent call last):
2026-07-07 04:32:49.392701   None
2026-07-07 04:32:49.442865 PYTHONPATH:
2026-07-07 04:32:49.493025   /opt/hostedtoolcache/Python/3.11.15/x64/bin
2026-07-07 04:32:49.543203   /opt/hostedtoolcache/Python/3.11.15/x64/lib/python311.zip
2026-07-07 04:32:49.593358   /opt/hostedtoolcache/Python/3.11.15/x64/lib/python3.11
2026-07-07 04:32:49.643536   /opt/hostedtoolcache/Python/3.11.15/x64/lib/python3.11/lib-dynload
2026-07-07 04:32:49.693704   /opt/hostedtoolcache/Python/3.11.15/x64/lib/python3.11/site-packages
2026-07-07 04:32:49.743875 [ ERROR ] Error in file '/home/runner/work/engg-robot-testing-framework/engg-robot-testing-framework/resources/common.resource' on line 4: Importing library 'playwright_keyword_library.PlaywrightKeywordLibrary' failed: ModuleNotFoundError: No module named 'playwright_keyword_library'
2026-07-07 04:32:49.794051 Traceback (most recent call last):
2026-07-07 04:32:49.844211   None
2026-07-07 04:32:49.894378 PYTHONPATH:
2026-07-07 04:32:49.944545   /opt/hostedtoolcache/Python/3.11.15/x64/bin
2026-07-07 04:32:49.994704   /opt/hostedtoolcache/Python/3.11.15/x64/lib/python311.zip
2026-07-07 04:32:50.044877   /opt/hostedtoolcache/Python/3.11.15/x64/lib/python3.11
2026-07-07 04:32:50.095006   /opt/hostedtoolcache/Python/3.11.15/x64/lib/python3.11/lib-dynload
2026-07-07 04:32:50.145188   /opt/hostedtoolcache/Python/3.11.15/x64/lib/python3.11/site-packages
2026-07-07 04:32:58.918087 TC03 Login User With Incorrect Email And Password                     | FAIL |
2026-07-07 04:32:58.950508 Setup failed:
2026-07-07 04:32:58.950535 No keyword with name 'Open Browser' found.
2026-07-07 04:32:58.950550 
2026-07-07 04:32:58.950561 Also teardown failed:
2026-07-07 04:32:58.950573 Several failures occurred:
2026-07-07 04:32:58.950584 
2026-07-07 04:32:58.950599 1) No keyword with name 'Register Keyword To Run On Failure' found.
2026-07-07 04:32:58.950610 
2026-07-07 04:32:58.950619 2) No keyword with name 'Close Browser' found. Did you mean:
2026-07-07 04:32:58.950630     common.Close Test Browser
2026-07-07 04:32:58.950641 ------------------------------------------------------------------------------
2026-07-07 04:32:58.950651 Suites.Auth.TC03 login invalid                                        | FAIL |
2026-07-07 04:32:58.951099 1 test, 0 passed, 1 failed
2026-07-07 04:32:58.951115 ==============================================================================
2026-07-07 04:32:58.951127 Suites.Auth                                                           | FAIL |
2026-07-07 04:32:58.951456 1 test, 0 passed, 1 failed
2026-07-07 04:32:58.951503 ==============================================================================
2026-07-07 04:32:58.951516 Suites                                                                | FAIL |
2026-07-07 04:32:58.951795 1 test, 0 passed, 1 failed
2026-07-07 04:32:58.951840 ==============================================================================
2026-07-07 04:32:58.951852 Output:  /home/runner/work/engg-robot-testing-framework/engg-robot-testing-framework/reports/pabot_results/2/output.xml
