2026-06-15 01:23:57.831933 ==============================================================================
2026-06-15 01:23:57.838112 Suites
2026-06-15 01:23:57.838129 ==============================================================================
2026-06-15 01:23:57.838140 Suites.Cart
2026-06-15 01:23:57.838880 ==============================================================================
2026-06-15 01:23:57.939124 Suites.Cart.TC13 verify product quantity :: TC13 - Verify Product Quantity ...
2026-06-15 01:23:57.951574 ==============================================================================
2026-06-15 01:24:08.733149 TC13 Verify Product Quantity In Cart                                  | FAIL |
2026-06-15 01:24:08.758636 Setup failed:
2026-06-15 01:24:08.758654 Title should have been 'Automation Exercise' but was 'One moment, please...'.
2026-06-15 01:24:08.758665 ------------------------------------------------------------------------------
2026-06-15 01:24:08.758675 Suites.Cart.TC13 verify product quantity :: TC13 - Verify Product ... | FAIL |
2026-06-15 01:24:08.759296 1 test, 0 passed, 1 failed
2026-06-15 01:24:08.759313 ==============================================================================
2026-06-15 01:24:08.759323 Suites.Cart                                                           | FAIL |
2026-06-15 01:24:08.759627 1 test, 0 passed, 1 failed
2026-06-15 01:24:08.759672 ==============================================================================
2026-06-15 01:24:08.759684 Suites                                                                | FAIL |
2026-06-15 01:24:08.760204 1 test, 0 passed, 1 failed
2026-06-15 01:24:08.760218 ==============================================================================
2026-06-15 01:24:08.760228 Output:  /home/runner/work/engg-robot-testing-framework/engg-robot-testing-framework/reports/pabot_results/6/output.xml
