2026-09-11 05:00:33.582751 ==============================================================================
2026-09-11 05:00:33.611273 Suites
2026-09-11 05:00:33.611291 ==============================================================================
2026-09-11 05:00:33.611301 Suites.Cart
2026-09-11 05:00:33.611854 ==============================================================================
2026-09-11 05:00:33.611865 Suites.Cart.TC13 verify product quantity :: TC13 - Verify Product Quantity ...
2026-09-11 05:00:33.611865 [ ERROR ] Error in file '/home/runner/work/engg-robot-testing-framework/engg-robot-testing-framework/resources/common.resource' on line 4: Importing library 'playwright_keyword_library.PlaywrightKeywordLibrary' failed: ModuleNotFoundError: No module named 'playwright_keyword_library'
2026-09-11 05:00:33.633306 ==============================================================================
2026-09-11 05:00:33.633306 Traceback (most recent call last):
2026-09-11 05:00:33.633326   None
2026-09-11 05:00:33.683454 PYTHONPATH:
2026-09-11 05:00:33.733566   /opt/hostedtoolcache/Python/3.11.16/x64/bin
2026-09-11 05:00:33.783687   /opt/hostedtoolcache/Python/3.11.16/x64/lib/python311.zip
2026-09-11 05:00:33.833810   /opt/hostedtoolcache/Python/3.11.16/x64/lib/python3.11
2026-09-11 05:00:33.883960   /opt/hostedtoolcache/Python/3.11.16/x64/lib/python3.11/lib-dynload
2026-09-11 05:00:33.934092   /opt/hostedtoolcache/Python/3.11.16/x64/lib/python3.11/site-packages
2026-09-11 05:00:33.984206 [ ERROR ] Error in file '/home/runner/work/engg-robot-testing-framework/engg-robot-testing-framework/resources/product_keywords.resource' on line 2: Importing library 'playwright_keyword_library.PlaywrightKeywordLibrary' failed: ModuleNotFoundError: No module named 'playwright_keyword_library'
2026-09-11 05:00:34.034322 Traceback (most recent call last):
2026-09-11 05:00:34.084440   None
2026-09-11 05:00:34.134560 PYTHONPATH:
2026-09-11 05:00:34.184724   /opt/hostedtoolcache/Python/3.11.16/x64/bin
2026-09-11 05:00:34.234848   /opt/hostedtoolcache/Python/3.11.16/x64/lib/python311.zip
2026-09-11 05:00:34.284999   /opt/hostedtoolcache/Python/3.11.16/x64/lib/python3.11
2026-09-11 05:00:34.335120   /opt/hostedtoolcache/Python/3.11.16/x64/lib/python3.11/lib-dynload
2026-09-11 05:00:34.385264   /opt/hostedtoolcache/Python/3.11.16/x64/lib/python3.11/site-packages
2026-09-11 05:00:34.435390 [ ERROR ] Error in file '/home/runner/work/engg-robot-testing-framework/engg-robot-testing-framework/resources/cart_keywords.resource' on line 2: Importing library 'playwright_keyword_library.PlaywrightKeywordLibrary' failed: ModuleNotFoundError: No module named 'playwright_keyword_library'
2026-09-11 05:00:34.485545 Traceback (most recent call last):
2026-09-11 05:00:34.535671   None
2026-09-11 05:00:34.585827 PYTHONPATH:
2026-09-11 05:00:34.635956   /opt/hostedtoolcache/Python/3.11.16/x64/bin
2026-09-11 05:00:34.686108   /opt/hostedtoolcache/Python/3.11.16/x64/lib/python311.zip
2026-09-11 05:00:34.736230   /opt/hostedtoolcache/Python/3.11.16/x64/lib/python3.11
2026-09-11 05:00:34.786378   /opt/hostedtoolcache/Python/3.11.16/x64/lib/python3.11/lib-dynload
2026-09-11 05:00:34.836496   /opt/hostedtoolcache/Python/3.11.16/x64/lib/python3.11/site-packages
2026-09-11 05:00:43.608225 TC13 Verify Product Quantity In Cart                                  | FAIL |
2026-09-11 05:00:43.641861 Setup failed:
2026-09-11 05:00:43.641873 No keyword with name 'Open Browser' found.
2026-09-11 05:00:43.641880 
2026-09-11 05:00:43.641885 Also teardown failed:
2026-09-11 05:00:43.641891 Several failures occurred:
2026-09-11 05:00:43.641896 
2026-09-11 05:00:43.641901 1) No keyword with name 'Register Keyword To Run On Failure' found.
2026-09-11 05:00:43.641907 
2026-09-11 05:00:43.641912 2) No keyword with name 'Close Browser' found. Did you mean:
2026-09-11 05:00:43.641917     common.Close Test Browser
2026-09-11 05:00:43.641922 ------------------------------------------------------------------------------
2026-09-11 05:00:43.641927 Suites.Cart.TC13 verify product quantity :: TC13 - Verify Product ... | FAIL |
2026-09-11 05:00:43.642271 1 test, 0 passed, 1 failed
2026-09-11 05:00:43.642287 ==============================================================================
2026-09-11 05:00:43.642308 Suites.Cart                                                           | FAIL |
2026-09-11 05:00:43.642512 1 test, 0 passed, 1 failed
2026-09-11 05:00:43.642546 ==============================================================================
2026-09-11 05:00:43.642551 Suites                                                                | FAIL |
2026-09-11 05:00:43.642727 1 test, 0 passed, 1 failed
2026-09-11 05:00:43.642742 ==============================================================================
2026-09-11 05:00:43.642777 Output:  /home/runner/work/engg-robot-testing-framework/engg-robot-testing-framework/reports/pabot_results/6/output.xml
