2026-07-03 04:25:30.580105 ==============================================================================
2026-07-03 04:25:30.611067 Suites
2026-07-03 04:25:30.611091 ==============================================================================
2026-07-03 04:25:30.611106 Suites.Auth
2026-07-03 04:25:30.612057 ==============================================================================
2026-07-03 04:25:30.612075 Suites.Auth.TC03 login invalid
2026-07-03 04:25:30.612075 [ ERROR ] Error in file '/home/runner/work/engg-robot-testing-framework/engg-robot-testing-framework/tests/auth/TC03_login_invalid.robot' on line 2: Importing library 'playwright_keyword_library.PlaywrightKeywordLibrary' failed: ModuleNotFoundError: No module named 'playwright_keyword_library'
2026-07-03 04:25:30.633014 ==============================================================================
2026-07-03 04:25:30.633014 Traceback (most recent call last):
2026-07-03 04:25:30.633041   None
2026-07-03 04:25:30.683211 PYTHONPATH:
2026-07-03 04:25:30.733335   /opt/hostedtoolcache/Python/3.11.15/x64/bin
2026-07-03 04:25:30.783500   /opt/hostedtoolcache/Python/3.11.15/x64/lib/python311.zip
2026-07-03 04:25:30.833631   /opt/hostedtoolcache/Python/3.11.15/x64/lib/python3.11
2026-07-03 04:25:30.883823   /opt/hostedtoolcache/Python/3.11.15/x64/lib/python3.11/lib-dynload
2026-07-03 04:25:30.934072   /opt/hostedtoolcache/Python/3.11.15/x64/lib/python3.11/site-packages
2026-07-03 04:25:30.984292 [ ERROR ] Error in file '/home/runner/work/engg-robot-testing-framework/engg-robot-testing-framework/resources/auth_keywords.resource' on line 2: Importing library 'playwright_keyword_library.PlaywrightKeywordLibrary' failed: ModuleNotFoundError: No module named 'playwright_keyword_library'
2026-07-03 04:25:31.034797 Traceback (most recent call last):
2026-07-03 04:25:31.085013   None
2026-07-03 04:25:31.135199 PYTHONPATH:
2026-07-03 04:25:31.185399   /opt/hostedtoolcache/Python/3.11.15/x64/bin
2026-07-03 04:25:31.235588   /opt/hostedtoolcache/Python/3.11.15/x64/lib/python311.zip
2026-07-03 04:25:31.285782   /opt/hostedtoolcache/Python/3.11.15/x64/lib/python3.11
2026-07-03 04:25:31.335994   /opt/hostedtoolcache/Python/3.11.15/x64/lib/python3.11/lib-dynload
2026-07-03 04:25:31.386201   /opt/hostedtoolcache/Python/3.11.15/x64/lib/python3.11/site-packages
2026-07-03 04:25:31.436394 [ ERROR ] Error in file '/home/runner/work/engg-robot-testing-framework/engg-robot-testing-framework/resources/common.resource' on line 4: Importing library 'playwright_keyword_library.PlaywrightKeywordLibrary' failed: ModuleNotFoundError: No module named 'playwright_keyword_library'
2026-07-03 04:25:31.486603 Traceback (most recent call last):
2026-07-03 04:25:31.536804   None
2026-07-03 04:25:31.587012 PYTHONPATH:
2026-07-03 04:25:31.637201   /opt/hostedtoolcache/Python/3.11.15/x64/bin
2026-07-03 04:25:31.687406   /opt/hostedtoolcache/Python/3.11.15/x64/lib/python311.zip
2026-07-03 04:25:31.737550   /opt/hostedtoolcache/Python/3.11.15/x64/lib/python3.11
2026-07-03 04:25:31.787799   /opt/hostedtoolcache/Python/3.11.15/x64/lib/python3.11/lib-dynload
2026-07-03 04:25:31.838041   /opt/hostedtoolcache/Python/3.11.15/x64/lib/python3.11/site-packages
2026-07-03 04:25:40.618075 TC03 Login User With Incorrect Email And Password                     | FAIL |
2026-07-03 04:25:40.644134 Setup failed:
2026-07-03 04:25:40.644152 No keyword with name 'Open Browser' found.
2026-07-03 04:25:40.644162 
2026-07-03 04:25:40.644171 Also teardown failed:
2026-07-03 04:25:40.644180 Several failures occurred:
2026-07-03 04:25:40.644189 
2026-07-03 04:25:40.644198 1) No keyword with name 'Register Keyword To Run On Failure' found.
2026-07-03 04:25:40.644207 
2026-07-03 04:25:40.644215 2) No keyword with name 'Close Browser' found. Did you mean:
2026-07-03 04:25:40.644224     common.Close Test Browser
2026-07-03 04:25:40.644232 ------------------------------------------------------------------------------
2026-07-03 04:25:40.644240 Suites.Auth.TC03 login invalid                                        | FAIL |
2026-07-03 04:25:40.645024 1 test, 0 passed, 1 failed
2026-07-03 04:25:40.645043 ==============================================================================
2026-07-03 04:25:40.645053 Suites.Auth                                                           | FAIL |
2026-07-03 04:25:40.645711 1 test, 0 passed, 1 failed
2026-07-03 04:25:40.645720 ==============================================================================
2026-07-03 04:25:40.645726 Suites                                                                | FAIL |
2026-07-03 04:25:40.646139 1 test, 0 passed, 1 failed
2026-07-03 04:25:40.646201 ==============================================================================
2026-07-03 04:25:40.646210 Output:  /home/runner/work/engg-robot-testing-framework/engg-robot-testing-framework/reports/pabot_results/2/output.xml
