2026-06-15 05:37:13.715397 ==============================================================================
2026-06-15 05:37:13.732025 Suites
2026-06-15 05:37:13.732114 ==============================================================================
2026-06-15 05:37:13.732131 Suites.Cart
2026-06-15 05:37:13.732975 ==============================================================================
2026-06-15 05:37:13.833215 Suites.Cart.TC13 verify product quantity :: TC13 - Verify Product Quantity ...
2026-06-15 05:37:13.862483 ==============================================================================
2026-06-15 05:37:24.788548 TC13 Verify Product Quantity In Cart                                  | FAIL |
2026-06-15 05:37:24.834059 Setup failed:
2026-06-15 05:37:24.834079 Title should have been 'Automation Exercise' but was 'One moment, please...'.
2026-06-15 05:37:24.834093 ------------------------------------------------------------------------------
2026-06-15 05:37:24.834106 Suites.Cart.TC13 verify product quantity :: TC13 - Verify Product ... | FAIL |
2026-06-15 05:37:24.834719 1 test, 0 passed, 1 failed
2026-06-15 05:37:24.834782 ==============================================================================
2026-06-15 05:37:24.834797 Suites.Cart                                                           | FAIL |
2026-06-15 05:37:24.835212 1 test, 0 passed, 1 failed
2026-06-15 05:37:24.835229 ==============================================================================
2026-06-15 05:37:24.835243 Suites                                                                | FAIL |
2026-06-15 05:37:24.835560 1 test, 0 passed, 1 failed
2026-06-15 05:37:24.835577 ==============================================================================
2026-06-15 05:37:24.835591 Output:  /home/runner/work/engg-robot-testing-framework/engg-robot-testing-framework/reports/pabot_results/6/output.xml
