2026-07-03 04:25:41.004992 ==============================================================================
2026-07-03 04:25:41.030182 Suites
2026-07-03 04:25:41.030206 ==============================================================================
2026-07-03 04:25:41.030224 Suites.Cart
2026-07-03 04:25:41.030992 ==============================================================================
2026-07-03 04:25:41.031008 Suites.Cart.TC12 add products to cart :: TC12 - Add Products In Cart
2026-07-03 04:25:41.031008 [ ERROR ] Error in file '/home/runner/work/engg-robot-testing-framework/engg-robot-testing-framework/resources/common.resource' on line 4: Importing library 'playwright_keyword_library.PlaywrightKeywordLibrary' failed: ModuleNotFoundError: No module named 'playwright_keyword_library'
2026-07-03 04:25:41.062656 ==============================================================================
2026-07-03 04:25:41.062656 Traceback (most recent call last):
2026-07-03 04:25:41.062685   None
2026-07-03 04:25:41.112813 PYTHONPATH:
2026-07-03 04:25:41.162925   /opt/hostedtoolcache/Python/3.11.15/x64/bin
2026-07-03 04:25:41.213054   /opt/hostedtoolcache/Python/3.11.15/x64/lib/python311.zip
2026-07-03 04:25:41.263172   /opt/hostedtoolcache/Python/3.11.15/x64/lib/python3.11
2026-07-03 04:25:41.313324   /opt/hostedtoolcache/Python/3.11.15/x64/lib/python3.11/lib-dynload
2026-07-03 04:25:41.363493   /opt/hostedtoolcache/Python/3.11.15/x64/lib/python3.11/site-packages
2026-07-03 04:25:41.413756 [ ERROR ] Error in file '/home/runner/work/engg-robot-testing-framework/engg-robot-testing-framework/resources/product_keywords.resource' on line 2: Importing library 'playwright_keyword_library.PlaywrightKeywordLibrary' failed: ModuleNotFoundError: No module named 'playwright_keyword_library'
2026-07-03 04:25:41.463912 Traceback (most recent call last):
2026-07-03 04:25:41.514112   None
2026-07-03 04:25:41.564284 PYTHONPATH:
2026-07-03 04:25:41.614449   /opt/hostedtoolcache/Python/3.11.15/x64/bin
2026-07-03 04:25:41.664618   /opt/hostedtoolcache/Python/3.11.15/x64/lib/python311.zip
2026-07-03 04:25:41.714802   /opt/hostedtoolcache/Python/3.11.15/x64/lib/python3.11
2026-07-03 04:25:41.764970   /opt/hostedtoolcache/Python/3.11.15/x64/lib/python3.11/lib-dynload
2026-07-03 04:25:41.815142   /opt/hostedtoolcache/Python/3.11.15/x64/lib/python3.11/site-packages
2026-07-03 04:25:41.865308 [ ERROR ] Error in file '/home/runner/work/engg-robot-testing-framework/engg-robot-testing-framework/resources/cart_keywords.resource' on line 2: Importing library 'playwright_keyword_library.PlaywrightKeywordLibrary' failed: ModuleNotFoundError: No module named 'playwright_keyword_library'
2026-07-03 04:25:41.915479 Traceback (most recent call last):
2026-07-03 04:25:41.965646   None
2026-07-03 04:25:42.015810 PYTHONPATH:
2026-07-03 04:25:42.065971   /opt/hostedtoolcache/Python/3.11.15/x64/bin
2026-07-03 04:25:42.116160   /opt/hostedtoolcache/Python/3.11.15/x64/lib/python311.zip
2026-07-03 04:25:42.166336   /opt/hostedtoolcache/Python/3.11.15/x64/lib/python3.11
2026-07-03 04:25:42.216518   /opt/hostedtoolcache/Python/3.11.15/x64/lib/python3.11/lib-dynload
2026-07-03 04:25:42.266689   /opt/hostedtoolcache/Python/3.11.15/x64/lib/python3.11/site-packages
2026-07-03 04:25:51.040766 TC12 Add Products In Cart                                             | FAIL |
2026-07-03 04:25:51.073970 Setup failed:
2026-07-03 04:25:51.073991 No keyword with name 'Open Browser' found.
2026-07-03 04:25:51.074006 
2026-07-03 04:25:51.074019 Also teardown failed:
2026-07-03 04:25:51.074032 Several failures occurred:
2026-07-03 04:25:51.074043 
2026-07-03 04:25:51.074055 1) No keyword with name 'Register Keyword To Run On Failure' found.
2026-07-03 04:25:51.074067 
2026-07-03 04:25:51.074078 2) No keyword with name 'Close Browser' found. Did you mean:
2026-07-03 04:25:51.074090     common.Close Test Browser
2026-07-03 04:25:51.074101 ------------------------------------------------------------------------------
2026-07-03 04:25:51.074114 Suites.Cart.TC12 add products to cart :: TC12 - Add Products In Cart  | FAIL |
2026-07-03 04:25:51.074645 1 test, 0 passed, 1 failed
2026-07-03 04:25:51.074672 ==============================================================================
2026-07-03 04:25:51.074756 Suites.Cart                                                           | FAIL |
2026-07-03 04:25:51.075140 1 test, 0 passed, 1 failed
2026-07-03 04:25:51.075156 ==============================================================================
2026-07-03 04:25:51.075170 Suites                                                                | FAIL |
2026-07-03 04:25:51.075498 1 test, 0 passed, 1 failed
2026-07-03 04:25:51.075525 ==============================================================================
2026-07-03 04:25:51.075597 Output:  /home/runner/work/engg-robot-testing-framework/engg-robot-testing-framework/reports/pabot_results/5/output.xml
