2026-09-05 04:49:58.999201 ==============================================================================
2026-09-05 04:49:59.012926 Suites
2026-09-05 04:49:59.012947 ==============================================================================
2026-09-05 04:49:59.012964 Suites.Cart
2026-09-05 04:49:59.013923 ==============================================================================
2026-09-05 04:49:59.013950 Suites.Cart.TC17 remove products from cart :: TC17 - Remove Products From Cart
2026-09-05 04:49:59.013950 [ ERROR ] Error in file '/home/runner/work/engg-robot-testing-framework/engg-robot-testing-framework/resources/common.resource' on line 4: Importing library 'playwright_keyword_library.PlaywrightKeywordLibrary' failed: ModuleNotFoundError: No module named 'playwright_keyword_library'
2026-09-05 04:49:59.044262 ==============================================================================
2026-09-05 04:49:59.044262 Traceback (most recent call last):
2026-09-05 04:49:59.044288   None
2026-09-05 04:49:59.094413 PYTHONPATH:
2026-09-05 04:49:59.144530   /opt/hostedtoolcache/Python/3.11.16/x64/bin
2026-09-05 04:49:59.194651   /opt/hostedtoolcache/Python/3.11.16/x64/lib/python311.zip
2026-09-05 04:49:59.244766   /opt/hostedtoolcache/Python/3.11.16/x64/lib/python3.11
2026-09-05 04:49:59.294881   /opt/hostedtoolcache/Python/3.11.16/x64/lib/python3.11/lib-dynload
2026-09-05 04:49:59.345042   /opt/hostedtoolcache/Python/3.11.16/x64/lib/python3.11/site-packages
2026-09-05 04:49:59.395205 [ ERROR ] Error in file '/home/runner/work/engg-robot-testing-framework/engg-robot-testing-framework/resources/product_keywords.resource' on line 2: Importing library 'playwright_keyword_library.PlaywrightKeywordLibrary' failed: ModuleNotFoundError: No module named 'playwright_keyword_library'
2026-09-05 04:49:59.445374 Traceback (most recent call last):
2026-09-05 04:49:59.495535   None
2026-09-05 04:49:59.545691 PYTHONPATH:
2026-09-05 04:49:59.595850   /opt/hostedtoolcache/Python/3.11.16/x64/bin
2026-09-05 04:49:59.646026   /opt/hostedtoolcache/Python/3.11.16/x64/lib/python311.zip
2026-09-05 04:49:59.696184   /opt/hostedtoolcache/Python/3.11.16/x64/lib/python3.11
2026-09-05 04:49:59.746349   /opt/hostedtoolcache/Python/3.11.16/x64/lib/python3.11/lib-dynload
2026-09-05 04:49:59.796509   /opt/hostedtoolcache/Python/3.11.16/x64/lib/python3.11/site-packages
2026-09-05 04:49:59.846670 [ ERROR ] Error in file '/home/runner/work/engg-robot-testing-framework/engg-robot-testing-framework/resources/cart_keywords.resource' on line 2: Importing library 'playwright_keyword_library.PlaywrightKeywordLibrary' failed: ModuleNotFoundError: No module named 'playwright_keyword_library'
2026-09-05 04:49:59.896830 Traceback (most recent call last):
2026-09-05 04:49:59.946989   None
2026-09-05 04:49:59.997100 PYTHONPATH:
2026-09-05 04:50:00.047255   /opt/hostedtoolcache/Python/3.11.16/x64/bin
2026-09-05 04:50:00.097414   /opt/hostedtoolcache/Python/3.11.16/x64/lib/python311.zip
2026-09-05 04:50:00.147561   /opt/hostedtoolcache/Python/3.11.16/x64/lib/python3.11
2026-09-05 04:50:00.197688   /opt/hostedtoolcache/Python/3.11.16/x64/lib/python3.11/lib-dynload
2026-09-05 04:50:00.247836   /opt/hostedtoolcache/Python/3.11.16/x64/lib/python3.11/site-packages
2026-09-05 04:50:09.020163 TC17 Remove Products From Cart                                        | FAIL |
2026-09-05 04:50:09.055634 Setup failed:
2026-09-05 04:50:09.055654 No keyword with name 'Open Browser' found.
2026-09-05 04:50:09.055668 
2026-09-05 04:50:09.055681 Also teardown failed:
2026-09-05 04:50:09.055693 Several failures occurred:
2026-09-05 04:50:09.055706 
2026-09-05 04:50:09.055718 1) No keyword with name 'Register Keyword To Run On Failure' found.
2026-09-05 04:50:09.055731 
2026-09-05 04:50:09.055744 2) No keyword with name 'Close Browser' found. Did you mean:
2026-09-05 04:50:09.055756     common.Close Test Browser
2026-09-05 04:50:09.055767 ------------------------------------------------------------------------------
2026-09-05 04:50:09.055779 Suites.Cart.TC17 remove products from cart :: TC17 - Remove Produc... | FAIL |
2026-09-05 04:50:09.056658 1 test, 0 passed, 1 failed
2026-09-05 04:50:09.056685 ==============================================================================
2026-09-05 04:50:09.056706 Suites.Cart                                                           | FAIL |
2026-09-05 04:50:09.057029 1 test, 0 passed, 1 failed
2026-09-05 04:50:09.057531 ==============================================================================
2026-09-05 04:50:09.057641 Suites                                                                | FAIL |
2026-09-05 04:50:09.057668 1 test, 0 passed, 1 failed
2026-09-05 04:50:09.057689 ==============================================================================
2026-09-05 04:50:09.057760 Output:  /home/runner/work/engg-robot-testing-framework/engg-robot-testing-framework/reports/pabot_results/7/output.xml
