2026-10-05 06:03:40.752637 ==============================================================================
2026-10-05 06:03:40.768039 Suites
2026-10-05 06:03:40.768066 ==============================================================================
2026-10-05 06:03:40.768146 Suites.Auth
2026-10-05 06:03:40.768934 ==============================================================================
2026-10-05 06:03:40.768952 Suites.Auth.TC04 logout user
2026-10-05 06:03:40.768952 [ ERROR ] Error in file '/home/runner/work/engg-robot-testing-framework/engg-robot-testing-framework/tests/auth/TC04_logout_user.robot' on line 2: Importing library 'playwright_keyword_library.PlaywrightKeywordLibrary' failed: ModuleNotFoundError: No module named 'playwright_keyword_library'
2026-10-05 06:03:40.787801 ==============================================================================
2026-10-05 06:03:40.787801 Traceback (most recent call last):
2026-10-05 06:03:40.787827   None
2026-10-05 06:03:40.837934 PYTHONPATH:
2026-10-05 06:03:40.888038   /opt/hostedtoolcache/Python/3.11.16/x64/bin
2026-10-05 06:03:40.938141   /opt/hostedtoolcache/Python/3.11.16/x64/lib/python311.zip
2026-10-05 06:03:40.988244   /opt/hostedtoolcache/Python/3.11.16/x64/lib/python3.11
2026-10-05 06:03:41.038346   /opt/hostedtoolcache/Python/3.11.16/x64/lib/python3.11/lib-dynload
2026-10-05 06:03:41.088491   /opt/hostedtoolcache/Python/3.11.16/x64/lib/python3.11/site-packages
2026-10-05 06:03:41.138602 [ ERROR ] Error in file '/home/runner/work/engg-robot-testing-framework/engg-robot-testing-framework/resources/auth_keywords.resource' on line 2: Importing library 'playwright_keyword_library.PlaywrightKeywordLibrary' failed: ModuleNotFoundError: No module named 'playwright_keyword_library'
2026-10-05 06:03:41.188765 Traceback (most recent call last):
2026-10-05 06:03:41.238925   None
2026-10-05 06:03:41.289058 PYTHONPATH:
2026-10-05 06:03:41.339193   /opt/hostedtoolcache/Python/3.11.16/x64/bin
2026-10-05 06:03:41.389338   /opt/hostedtoolcache/Python/3.11.16/x64/lib/python311.zip
2026-10-05 06:03:41.439498   /opt/hostedtoolcache/Python/3.11.16/x64/lib/python3.11
2026-10-05 06:03:41.489609   /opt/hostedtoolcache/Python/3.11.16/x64/lib/python3.11/lib-dynload
2026-10-05 06:03:41.539741   /opt/hostedtoolcache/Python/3.11.16/x64/lib/python3.11/site-packages
2026-10-05 06:03:41.589873 [ ERROR ] Error in file '/home/runner/work/engg-robot-testing-framework/engg-robot-testing-framework/resources/common.resource' on line 4: Importing library 'playwright_keyword_library.PlaywrightKeywordLibrary' failed: ModuleNotFoundError: No module named 'playwright_keyword_library'
2026-10-05 06:03:41.640035 Traceback (most recent call last):
2026-10-05 06:03:41.690182   None
2026-10-05 06:03:41.740341 PYTHONPATH:
2026-10-05 06:03:41.790500   /opt/hostedtoolcache/Python/3.11.16/x64/bin
2026-10-05 06:03:41.840659   /opt/hostedtoolcache/Python/3.11.16/x64/lib/python311.zip
2026-10-05 06:03:41.890794   /opt/hostedtoolcache/Python/3.11.16/x64/lib/python3.11
2026-10-05 06:03:41.940954   /opt/hostedtoolcache/Python/3.11.16/x64/lib/python3.11/lib-dynload
2026-10-05 06:03:41.991061   /opt/hostedtoolcache/Python/3.11.16/x64/lib/python3.11/site-packages
2026-10-05 06:03:50.761955 TC04 Logout User                                                      | FAIL |
2026-10-05 06:03:50.797584 Setup failed:
2026-10-05 06:03:50.797603 No keyword with name 'Open Browser' found.
2026-10-05 06:03:50.797617 
2026-10-05 06:03:50.797630 Also teardown failed:
2026-10-05 06:03:50.797643 Several failures occurred:
2026-10-05 06:03:50.797657 
2026-10-05 06:03:50.797671 1) No keyword with name 'Register Keyword To Run On Failure' found.
2026-10-05 06:03:50.797686 
2026-10-05 06:03:50.797704 2) No keyword with name 'Close Browser' found. Did you mean:
2026-10-05 06:03:50.797717     common.Close Test Browser
2026-10-05 06:03:50.797729 ------------------------------------------------------------------------------
2026-10-05 06:03:50.797741 Suites.Auth.TC04 logout user                                          | FAIL |
2026-10-05 06:03:50.798299 1 test, 0 passed, 1 failed
2026-10-05 06:03:50.798319 ==============================================================================
2026-10-05 06:03:50.798332 Suites.Auth                                                           | FAIL |
2026-10-05 06:03:50.798748 1 test, 0 passed, 1 failed
2026-10-05 06:03:50.798765 ==============================================================================
2026-10-05 06:03:50.798779 Suites                                                                | FAIL |
2026-10-05 06:03:50.799091 1 test, 0 passed, 1 failed
2026-10-05 06:03:50.799115 ==============================================================================
2026-10-05 06:03:50.799185 Output:  /home/runner/work/engg-robot-testing-framework/engg-robot-testing-framework/reports/pabot_results/3/output.xml
