2026-10-03 05:35:35.515693 ==============================================================================
2026-10-03 05:35:35.541529 Suites
2026-10-03 05:35:35.541552 ==============================================================================
2026-10-03 05:35:35.541566 Suites.Auth
2026-10-03 05:35:35.542406 ==============================================================================
2026-10-03 05:35:35.542426 Suites.Auth.TC04 logout user
2026-10-03 05:35:35.542426 [ ERROR ] Error in file '/home/runner/work/engg-robot-testing-framework/engg-robot-testing-framework/tests/auth/TC04_logout_user.robot' on line 2: Importing library 'playwright_keyword_library.PlaywrightKeywordLibrary' failed: ModuleNotFoundError: No module named 'playwright_keyword_library'
2026-10-03 05:35:35.562629 ==============================================================================
2026-10-03 05:35:35.562629 Traceback (most recent call last):
2026-10-03 05:35:35.562655   None
2026-10-03 05:35:35.612843 PYTHONPATH:
2026-10-03 05:35:35.662968   /opt/hostedtoolcache/Python/3.11.16/x64/bin
2026-10-03 05:35:35.713133   /opt/hostedtoolcache/Python/3.11.16/x64/lib/python311.zip
2026-10-03 05:35:35.763256   /opt/hostedtoolcache/Python/3.11.16/x64/lib/python3.11
2026-10-03 05:35:35.813435   /opt/hostedtoolcache/Python/3.11.16/x64/lib/python3.11/lib-dynload
2026-10-03 05:35:35.863616   /opt/hostedtoolcache/Python/3.11.16/x64/lib/python3.11/site-packages
2026-10-03 05:35:35.913830 [ ERROR ] Error in file '/home/runner/work/engg-robot-testing-framework/engg-robot-testing-framework/resources/auth_keywords.resource' on line 2: Importing library 'playwright_keyword_library.PlaywrightKeywordLibrary' failed: ModuleNotFoundError: No module named 'playwright_keyword_library'
2026-10-03 05:35:35.963982 Traceback (most recent call last):
2026-10-03 05:35:36.014205   None
2026-10-03 05:35:36.064381 PYTHONPATH:
2026-10-03 05:35:36.114608   /opt/hostedtoolcache/Python/3.11.16/x64/bin
2026-10-03 05:35:36.164835   /opt/hostedtoolcache/Python/3.11.16/x64/lib/python311.zip
2026-10-03 05:35:36.215064   /opt/hostedtoolcache/Python/3.11.16/x64/lib/python3.11
2026-10-03 05:35:36.265224   /opt/hostedtoolcache/Python/3.11.16/x64/lib/python3.11/lib-dynload
2026-10-03 05:35:36.315431   /opt/hostedtoolcache/Python/3.11.16/x64/lib/python3.11/site-packages
2026-10-03 05:35:36.365632 [ ERROR ] Error in file '/home/runner/work/engg-robot-testing-framework/engg-robot-testing-framework/resources/common.resource' on line 4: Importing library 'playwright_keyword_library.PlaywrightKeywordLibrary' failed: ModuleNotFoundError: No module named 'playwright_keyword_library'
2026-10-03 05:35:36.415854 Traceback (most recent call last):
2026-10-03 05:35:36.466075   None
2026-10-03 05:35:36.516288 PYTHONPATH:
2026-10-03 05:35:36.566494   /opt/hostedtoolcache/Python/3.11.16/x64/bin
2026-10-03 05:35:36.616756   /opt/hostedtoolcache/Python/3.11.16/x64/lib/python311.zip
2026-10-03 05:35:36.666943   /opt/hostedtoolcache/Python/3.11.16/x64/lib/python3.11
2026-10-03 05:35:36.717250   /opt/hostedtoolcache/Python/3.11.16/x64/lib/python3.11/lib-dynload
2026-10-03 05:35:36.767417   /opt/hostedtoolcache/Python/3.11.16/x64/lib/python3.11/site-packages
2026-10-03 05:35:45.546128 TC04 Logout User                                                      | FAIL |
2026-10-03 05:35:45.573078 Setup failed:
2026-10-03 05:35:45.573099 No keyword with name 'Open Browser' found.
2026-10-03 05:35:45.573112 
2026-10-03 05:35:45.573124 Also teardown failed:
2026-10-03 05:35:45.573136 Several failures occurred:
2026-10-03 05:35:45.573148 
2026-10-03 05:35:45.573161 1) No keyword with name 'Register Keyword To Run On Failure' found.
2026-10-03 05:35:45.573174 
2026-10-03 05:35:45.573186 2) No keyword with name 'Close Browser' found. Did you mean:
2026-10-03 05:35:45.573199     common.Close Test Browser
2026-10-03 05:35:45.573211 ------------------------------------------------------------------------------
2026-10-03 05:35:45.573222 Suites.Auth.TC04 logout user                                          | FAIL |
2026-10-03 05:35:45.573680 1 test, 0 passed, 1 failed
2026-10-03 05:35:45.573696 ==============================================================================
2026-10-03 05:35:45.573720 Suites.Auth                                                           | FAIL |
2026-10-03 05:35:45.574097 1 test, 0 passed, 1 failed
2026-10-03 05:35:45.574116 ==============================================================================
2026-10-03 05:35:45.574194 Suites                                                                | FAIL |
2026-10-03 05:35:45.574481 1 test, 0 passed, 1 failed
2026-10-03 05:35:45.574505 ==============================================================================
2026-10-03 05:35:45.574556 Output:  /home/runner/work/engg-robot-testing-framework/engg-robot-testing-framework/reports/pabot_results/3/output.xml
