2026-06-28 05:02:16.822402 ==============================================================================
2026-06-28 05:02:16.850692 Suites
2026-06-28 05:02:16.850712 ==============================================================================
2026-06-28 05:02:16.850727 Suites.Cart
2026-06-28 05:02:16.851543 ==============================================================================
2026-06-28 05:02:16.851562 Suites.Cart.TC12 add products to cart :: TC12 - Add Products In Cart
2026-06-28 05:02:16.851562 [ ERROR ] Error in file '/home/runner/work/engg-robot-testing-framework/engg-robot-testing-framework/resources/common.resource' on line 4: Importing library 'playwright_keyword_library.PlaywrightKeywordLibrary' failed: ModuleNotFoundError: No module named 'playwright_keyword_library'
2026-06-28 05:02:16.882514 ==============================================================================
2026-06-28 05:02:16.882514 Traceback (most recent call last):
2026-06-28 05:02:16.882542   None
2026-06-28 05:02:16.932640 PYTHONPATH:
2026-06-28 05:02:16.982763   /opt/hostedtoolcache/Python/3.11.15/x64/bin
2026-06-28 05:02:17.032877   /opt/hostedtoolcache/Python/3.11.15/x64/lib/python311.zip
2026-06-28 05:02:17.082982   /opt/hostedtoolcache/Python/3.11.15/x64/lib/python3.11
2026-06-28 05:02:17.133116   /opt/hostedtoolcache/Python/3.11.15/x64/lib/python3.11/lib-dynload
2026-06-28 05:02:17.183250   /opt/hostedtoolcache/Python/3.11.15/x64/lib/python3.11/site-packages
2026-06-28 05:02:17.233348 [ ERROR ] Error in file '/home/runner/work/engg-robot-testing-framework/engg-robot-testing-framework/resources/product_keywords.resource' on line 2: Importing library 'playwright_keyword_library.PlaywrightKeywordLibrary' failed: ModuleNotFoundError: No module named 'playwright_keyword_library'
2026-06-28 05:02:17.283506 Traceback (most recent call last):
2026-06-28 05:02:17.333645   None
2026-06-28 05:02:17.383791 PYTHONPATH:
2026-06-28 05:02:17.433939   /opt/hostedtoolcache/Python/3.11.15/x64/bin
2026-06-28 05:02:17.484084   /opt/hostedtoolcache/Python/3.11.15/x64/lib/python311.zip
2026-06-28 05:02:17.534241   /opt/hostedtoolcache/Python/3.11.15/x64/lib/python3.11
2026-06-28 05:02:17.584388   /opt/hostedtoolcache/Python/3.11.15/x64/lib/python3.11/lib-dynload
2026-06-28 05:02:17.634536   /opt/hostedtoolcache/Python/3.11.15/x64/lib/python3.11/site-packages
2026-06-28 05:02:17.684681 [ ERROR ] Error in file '/home/runner/work/engg-robot-testing-framework/engg-robot-testing-framework/resources/cart_keywords.resource' on line 2: Importing library 'playwright_keyword_library.PlaywrightKeywordLibrary' failed: ModuleNotFoundError: No module named 'playwright_keyword_library'
2026-06-28 05:02:17.734829 Traceback (most recent call last):
2026-06-28 05:02:17.784976   None
2026-06-28 05:02:17.835126 PYTHONPATH:
2026-06-28 05:02:17.885272   /opt/hostedtoolcache/Python/3.11.15/x64/bin
2026-06-28 05:02:17.935420   /opt/hostedtoolcache/Python/3.11.15/x64/lib/python311.zip
2026-06-28 05:02:17.985569   /opt/hostedtoolcache/Python/3.11.15/x64/lib/python3.11
2026-06-28 05:02:18.035719   /opt/hostedtoolcache/Python/3.11.15/x64/lib/python3.11/lib-dynload
2026-06-28 05:02:18.085865   /opt/hostedtoolcache/Python/3.11.15/x64/lib/python3.11/site-packages
2026-06-28 05:02:26.856750 TC12 Add Products In Cart                                             | FAIL |
2026-06-28 05:02:26.895138 Setup failed:
2026-06-28 05:02:26.895164 No keyword with name 'Open Browser' found.
2026-06-28 05:02:26.895181 
2026-06-28 05:02:26.895197 Also teardown failed:
2026-06-28 05:02:26.895211 Several failures occurred:
2026-06-28 05:02:26.895229 
2026-06-28 05:02:26.895271 1) No keyword with name 'Register Keyword To Run On Failure' found.
2026-06-28 05:02:26.895292 
2026-06-28 05:02:26.895305 2) No keyword with name 'Close Browser' found. Did you mean:
2026-06-28 05:02:26.895318     common.Close Test Browser
2026-06-28 05:02:26.895329 ------------------------------------------------------------------------------
2026-06-28 05:02:26.895339 Suites.Cart.TC12 add products to cart :: TC12 - Add Products In Cart  | FAIL |
2026-06-28 05:02:26.895350 1 test, 0 passed, 1 failed
2026-06-28 05:02:26.895361 ==============================================================================
2026-06-28 05:02:26.895373 Suites.Cart                                                           | FAIL |
2026-06-28 05:02:26.895384 1 test, 0 passed, 1 failed
2026-06-28 05:02:26.895396 ==============================================================================
2026-06-28 05:02:26.895407 Suites                                                                | FAIL |
2026-06-28 05:02:26.895539 1 test, 0 passed, 1 failed
2026-06-28 05:02:26.895585 ==============================================================================
2026-06-28 05:02:26.895597 Output:  /home/runner/work/engg-robot-testing-framework/engg-robot-testing-framework/reports/pabot_results/5/output.xml
