2026-09-23 05:00:04.480776 ==============================================================================
2026-09-23 05:00:04.502655 Suites
2026-09-23 05:00:04.502678 ==============================================================================
2026-09-23 05:00:04.502694 Suites.Auth
2026-09-23 05:00:04.503625 ==============================================================================
2026-09-23 05:00:04.503647 Suites.Auth.TC04 logout user
2026-09-23 05:00:04.503647 [ ERROR ] Error in file '/home/runner/work/engg-robot-testing-framework/engg-robot-testing-framework/tests/auth/TC04_logout_user.robot' on line 2: Importing library 'playwright_keyword_library.PlaywrightKeywordLibrary' failed: ModuleNotFoundError: No module named 'playwright_keyword_library'
2026-09-23 05:00:04.523193 ==============================================================================
2026-09-23 05:00:04.523193 Traceback (most recent call last):
2026-09-23 05:00:04.523221   None
2026-09-23 05:00:04.573354 PYTHONPATH:
2026-09-23 05:00:04.623494   /opt/hostedtoolcache/Python/3.11.16/x64/bin
2026-09-23 05:00:04.673633   /opt/hostedtoolcache/Python/3.11.16/x64/lib/python311.zip
2026-09-23 05:00:04.723774   /opt/hostedtoolcache/Python/3.11.16/x64/lib/python3.11
2026-09-23 05:00:04.773911   /opt/hostedtoolcache/Python/3.11.16/x64/lib/python3.11/lib-dynload
2026-09-23 05:00:04.824066   /opt/hostedtoolcache/Python/3.11.16/x64/lib/python3.11/site-packages
2026-09-23 05:00:04.874228 [ ERROR ] Error in file '/home/runner/work/engg-robot-testing-framework/engg-robot-testing-framework/resources/auth_keywords.resource' on line 2: Importing library 'playwright_keyword_library.PlaywrightKeywordLibrary' failed: ModuleNotFoundError: No module named 'playwright_keyword_library'
2026-09-23 05:00:04.924391 Traceback (most recent call last):
2026-09-23 05:00:04.974565   None
2026-09-23 05:00:05.024750 PYTHONPATH:
2026-09-23 05:00:05.074916   /opt/hostedtoolcache/Python/3.11.16/x64/bin
2026-09-23 05:00:05.125078   /opt/hostedtoolcache/Python/3.11.16/x64/lib/python311.zip
2026-09-23 05:00:05.175242   /opt/hostedtoolcache/Python/3.11.16/x64/lib/python3.11
2026-09-23 05:00:05.225401   /opt/hostedtoolcache/Python/3.11.16/x64/lib/python3.11/lib-dynload
2026-09-23 05:00:05.275579   /opt/hostedtoolcache/Python/3.11.16/x64/lib/python3.11/site-packages
2026-09-23 05:00:05.325788 [ ERROR ] Error in file '/home/runner/work/engg-robot-testing-framework/engg-robot-testing-framework/resources/common.resource' on line 4: Importing library 'playwright_keyword_library.PlaywrightKeywordLibrary' failed: ModuleNotFoundError: No module named 'playwright_keyword_library'
2026-09-23 05:00:05.375956 Traceback (most recent call last):
2026-09-23 05:00:05.426144   None
2026-09-23 05:00:05.476328 PYTHONPATH:
2026-09-23 05:00:05.526546   /opt/hostedtoolcache/Python/3.11.16/x64/bin
2026-09-23 05:00:05.576741   /opt/hostedtoolcache/Python/3.11.16/x64/lib/python311.zip
2026-09-23 05:00:05.626943   /opt/hostedtoolcache/Python/3.11.16/x64/lib/python3.11
2026-09-23 05:00:05.677132   /opt/hostedtoolcache/Python/3.11.16/x64/lib/python3.11/lib-dynload
2026-09-23 05:00:05.727337   /opt/hostedtoolcache/Python/3.11.16/x64/lib/python3.11/site-packages
2026-09-23 05:00:14.499272 TC04 Logout User                                                      | FAIL |
2026-09-23 05:00:14.533611 Setup failed:
2026-09-23 05:00:14.533632 No keyword with name 'Open Browser' found.
2026-09-23 05:00:14.533647 
2026-09-23 05:00:14.533662 Also teardown failed:
2026-09-23 05:00:14.533675 Several failures occurred:
2026-09-23 05:00:14.533689 
2026-09-23 05:00:14.533703 1) No keyword with name 'Register Keyword To Run On Failure' found.
2026-09-23 05:00:14.533716 
2026-09-23 05:00:14.533727 2) No keyword with name 'Close Browser' found. Did you mean:
2026-09-23 05:00:14.533739     common.Close Test Browser
2026-09-23 05:00:14.533751 ------------------------------------------------------------------------------
2026-09-23 05:00:14.533762 Suites.Auth.TC04 logout user                                          | FAIL |
2026-09-23 05:00:14.534253 1 test, 0 passed, 1 failed
2026-09-23 05:00:14.534273 ==============================================================================
2026-09-23 05:00:14.534347 Suites.Auth                                                           | FAIL |
2026-09-23 05:00:14.534712 1 test, 0 passed, 1 failed
2026-09-23 05:00:14.534737 ==============================================================================
2026-09-23 05:00:14.534813 Suites                                                                | FAIL |
2026-09-23 05:00:14.535105 1 test, 0 passed, 1 failed
2026-09-23 05:00:14.535170 ==============================================================================
2026-09-23 05:00:14.535185 Output:  /home/runner/work/engg-robot-testing-framework/engg-robot-testing-framework/reports/pabot_results/3/output.xml
