2026-07-31 04:00:08.702509 ==============================================================================
2026-07-31 04:00:08.726348 Suites
2026-07-31 04:00:08.726368 ==============================================================================
2026-07-31 04:00:08.726383 Suites.Auth
2026-07-31 04:00:08.727288 ==============================================================================
2026-07-31 04:00:08.727306 Suites.Auth.TC04 logout user
2026-07-31 04:00:08.727306 [ ERROR ] Error in file '/home/runner/work/engg-robot-testing-framework/engg-robot-testing-framework/tests/auth/TC04_logout_user.robot' on line 2: Importing library 'playwright_keyword_library.PlaywrightKeywordLibrary' failed: ModuleNotFoundError: No module named 'playwright_keyword_library'
2026-07-31 04:00:08.746666 ==============================================================================
2026-07-31 04:00:08.746666 Traceback (most recent call last):
2026-07-31 04:00:08.746690   None
2026-07-31 04:00:08.796809 PYTHONPATH:
2026-07-31 04:00:08.846926   /opt/hostedtoolcache/Python/3.11.15/x64/bin
2026-07-31 04:00:08.897045   /opt/hostedtoolcache/Python/3.11.15/x64/lib/python311.zip
2026-07-31 04:00:08.947153   /opt/hostedtoolcache/Python/3.11.15/x64/lib/python3.11
2026-07-31 04:00:08.997276   /opt/hostedtoolcache/Python/3.11.15/x64/lib/python3.11/lib-dynload
2026-07-31 04:00:09.047435   /opt/hostedtoolcache/Python/3.11.15/x64/lib/python3.11/site-packages
2026-07-31 04:00:09.097610 [ ERROR ] Error in file '/home/runner/work/engg-robot-testing-framework/engg-robot-testing-framework/resources/auth_keywords.resource' on line 2: Importing library 'playwright_keyword_library.PlaywrightKeywordLibrary' failed: ModuleNotFoundError: No module named 'playwright_keyword_library'
2026-07-31 04:00:09.147765 Traceback (most recent call last):
2026-07-31 04:00:09.197921   None
2026-07-31 04:00:09.248072 PYTHONPATH:
2026-07-31 04:00:09.298224   /opt/hostedtoolcache/Python/3.11.15/x64/bin
2026-07-31 04:00:09.348373   /opt/hostedtoolcache/Python/3.11.15/x64/lib/python311.zip
2026-07-31 04:00:09.398487   /opt/hostedtoolcache/Python/3.11.15/x64/lib/python3.11
2026-07-31 04:00:09.448632   /opt/hostedtoolcache/Python/3.11.15/x64/lib/python3.11/lib-dynload
2026-07-31 04:00:09.498770   /opt/hostedtoolcache/Python/3.11.15/x64/lib/python3.11/site-packages
2026-07-31 04:00:09.548923 [ ERROR ] Error in file '/home/runner/work/engg-robot-testing-framework/engg-robot-testing-framework/resources/common.resource' on line 4: Importing library 'playwright_keyword_library.PlaywrightKeywordLibrary' failed: ModuleNotFoundError: No module named 'playwright_keyword_library'
2026-07-31 04:00:09.599062 Traceback (most recent call last):
2026-07-31 04:00:09.649217   None
2026-07-31 04:00:09.699383 PYTHONPATH:
2026-07-31 04:00:09.749552   /opt/hostedtoolcache/Python/3.11.15/x64/bin
2026-07-31 04:00:09.799729   /opt/hostedtoolcache/Python/3.11.15/x64/lib/python311.zip
2026-07-31 04:00:09.849884   /opt/hostedtoolcache/Python/3.11.15/x64/lib/python3.11
2026-07-31 04:00:09.900046   /opt/hostedtoolcache/Python/3.11.15/x64/lib/python3.11/lib-dynload
2026-07-31 04:00:09.950213   /opt/hostedtoolcache/Python/3.11.15/x64/lib/python3.11/site-packages
2026-07-31 04:00:18.721931 TC04 Logout User                                                      | FAIL |
2026-07-31 04:00:18.757468 Setup failed:
2026-07-31 04:00:18.757480 No keyword with name 'Open Browser' found.
2026-07-31 04:00:18.757488 
2026-07-31 04:00:18.757495 Also teardown failed:
2026-07-31 04:00:18.757502 Several failures occurred:
2026-07-31 04:00:18.757509 
2026-07-31 04:00:18.757516 1) No keyword with name 'Register Keyword To Run On Failure' found.
2026-07-31 04:00:18.757523 
2026-07-31 04:00:18.757529 2) No keyword with name 'Close Browser' found. Did you mean:
2026-07-31 04:00:18.757536     common.Close Test Browser
2026-07-31 04:00:18.757542 ------------------------------------------------------------------------------
2026-07-31 04:00:18.757548 Suites.Auth.TC04 logout user                                          | FAIL |
2026-07-31 04:00:18.758242 1 test, 0 passed, 1 failed
2026-07-31 04:00:18.758303 ==============================================================================
2026-07-31 04:00:18.758311 Suites.Auth                                                           | FAIL |
2026-07-31 04:00:18.758731 1 test, 0 passed, 1 failed
2026-07-31 04:00:18.758778 ==============================================================================
2026-07-31 04:00:18.758787 Suites                                                                | FAIL |
2026-07-31 04:00:18.759187 1 test, 0 passed, 1 failed
2026-07-31 04:00:18.759245 ==============================================================================
2026-07-31 04:00:18.759253 Output:  /home/runner/work/engg-robot-testing-framework/engg-robot-testing-framework/reports/pabot_results/3/output.xml
