2026-06-21 05:25:51.323940 ==============================================================================
2026-06-21 05:25:51.342338 Suites
2026-06-21 05:25:51.342357 ==============================================================================
2026-06-21 05:25:51.342370 Suites.Cart
2026-06-21 05:25:51.343154 ==============================================================================
2026-06-21 05:25:51.343168 Suites.Cart.TC22 add from recommended items :: TC22 - Add To Cart From Reco...
2026-06-21 05:25:51.343168 [ ERROR ] Error in file '/home/runner/work/engg-robot-testing-framework/engg-robot-testing-framework/resources/common.resource' on line 4: Importing library 'playwright_keyword_library.PlaywrightKeywordLibrary' failed: ModuleNotFoundError: No module named 'playwright_keyword_library'
2026-06-21 05:25:51.363886 ==============================================================================
2026-06-21 05:25:51.363886 Traceback (most recent call last):
2026-06-21 05:25:51.363909   None
2026-06-21 05:25:51.414082 PYTHONPATH:
2026-06-21 05:25:51.464323   /opt/hostedtoolcache/Python/3.11.15/x64/bin
2026-06-21 05:25:51.514533   /opt/hostedtoolcache/Python/3.11.15/x64/lib/python311.zip
2026-06-21 05:25:51.564740   /opt/hostedtoolcache/Python/3.11.15/x64/lib/python3.11
2026-06-21 05:25:51.614950   /opt/hostedtoolcache/Python/3.11.15/x64/lib/python3.11/lib-dynload
2026-06-21 05:25:51.665169   /opt/hostedtoolcache/Python/3.11.15/x64/lib/python3.11/site-packages
2026-06-21 05:25:51.715372 [ ERROR ] Error in file '/home/runner/work/engg-robot-testing-framework/engg-robot-testing-framework/resources/cart_keywords.resource' on line 2: Importing library 'playwright_keyword_library.PlaywrightKeywordLibrary' failed: ModuleNotFoundError: No module named 'playwright_keyword_library'
2026-06-21 05:25:51.765577 Traceback (most recent call last):
2026-06-21 05:25:51.815789   None
2026-06-21 05:25:51.866008 PYTHONPATH:
2026-06-21 05:25:51.916217   /opt/hostedtoolcache/Python/3.11.15/x64/bin
2026-06-21 05:25:51.966436   /opt/hostedtoolcache/Python/3.11.15/x64/lib/python311.zip
2026-06-21 05:25:52.016645   /opt/hostedtoolcache/Python/3.11.15/x64/lib/python3.11
2026-06-21 05:25:52.066866   /opt/hostedtoolcache/Python/3.11.15/x64/lib/python3.11/lib-dynload
2026-06-21 05:25:52.117074   /opt/hostedtoolcache/Python/3.11.15/x64/lib/python3.11/site-packages
2026-06-21 05:26:01.341160 TC22 Add To Cart From Recommended Items                               | FAIL |
2026-06-21 05:26:01.374359 Setup failed:
2026-06-21 05:26:01.374378 No keyword with name 'Open Browser' found.
2026-06-21 05:26:01.374392 
2026-06-21 05:26:01.374402 Also teardown failed:
2026-06-21 05:26:01.374412 Several failures occurred:
2026-06-21 05:26:01.374423 
2026-06-21 05:26:01.374432 1) No keyword with name 'Register Keyword To Run On Failure' found.
2026-06-21 05:26:01.374443 
2026-06-21 05:26:01.374452 2) No keyword with name 'Close Browser' found. Did you mean:
2026-06-21 05:26:01.374462     common.Close Test Browser
2026-06-21 05:26:01.374472 ------------------------------------------------------------------------------
2026-06-21 05:26:01.374483 Suites.Cart.TC22 add from recommended items :: TC22 - Add To Cart ... | FAIL |
2026-06-21 05:26:01.374957 1 test, 0 passed, 1 failed
2026-06-21 05:26:01.375011 ==============================================================================
2026-06-21 05:26:01.375023 Suites.Cart                                                           | FAIL |
2026-06-21 05:26:01.375325 1 test, 0 passed, 1 failed
2026-06-21 05:26:01.375381 ==============================================================================
2026-06-21 05:26:01.375393 Suites                                                                | FAIL |
2026-06-21 05:26:01.375659 1 test, 0 passed, 1 failed
2026-06-21 05:26:01.375678 ==============================================================================
2026-06-21 05:26:01.375716 Output:  /home/runner/work/engg-robot-testing-framework/engg-robot-testing-framework/reports/pabot_results/9/output.xml
