2026-08-06 03:49:33.744738 ==============================================================================
2026-08-06 03:49:33.763033 Suites
2026-08-06 03:49:33.763062 ==============================================================================
2026-08-06 03:49:33.763079 Suites.Auth
2026-08-06 03:49:33.763861 ==============================================================================
2026-08-06 03:49:33.763878 Suites.Auth.TC05 register existing email
2026-08-06 03:49:33.763878 [ ERROR ] Error in file '/home/runner/work/engg-robot-testing-framework/engg-robot-testing-framework/tests/auth/TC05_register_existing_email.robot' on line 2: Importing library 'playwright_keyword_library.PlaywrightKeywordLibrary' failed: ModuleNotFoundError: No module named 'playwright_keyword_library'
2026-08-06 03:49:33.782617 ==============================================================================
2026-08-06 03:49:33.782617 Traceback (most recent call last):
2026-08-06 03:49:33.782646   None
2026-08-06 03:49:33.832815 PYTHONPATH:
2026-08-06 03:49:33.882964   /opt/hostedtoolcache/Python/3.11.15/x64/bin
2026-08-06 03:49:33.933114   /opt/hostedtoolcache/Python/3.11.15/x64/lib/python311.zip
2026-08-06 03:49:33.983267   /opt/hostedtoolcache/Python/3.11.15/x64/lib/python3.11
2026-08-06 03:49:34.033423   /opt/hostedtoolcache/Python/3.11.15/x64/lib/python3.11/lib-dynload
2026-08-06 03:49:34.083553   /opt/hostedtoolcache/Python/3.11.15/x64/lib/python3.11/site-packages
2026-08-06 03:49:34.133738 [ ERROR ] Error in file '/home/runner/work/engg-robot-testing-framework/engg-robot-testing-framework/resources/auth_keywords.resource' on line 2: Importing library 'playwright_keyword_library.PlaywrightKeywordLibrary' failed: ModuleNotFoundError: No module named 'playwright_keyword_library'
2026-08-06 03:49:34.183912 Traceback (most recent call last):
2026-08-06 03:49:34.234077   None
2026-08-06 03:49:34.284241 PYTHONPATH:
2026-08-06 03:49:34.334406   /opt/hostedtoolcache/Python/3.11.15/x64/bin
2026-08-06 03:49:34.384598   /opt/hostedtoolcache/Python/3.11.15/x64/lib/python311.zip
2026-08-06 03:49:34.434802   /opt/hostedtoolcache/Python/3.11.15/x64/lib/python3.11
2026-08-06 03:49:34.485011   /opt/hostedtoolcache/Python/3.11.15/x64/lib/python3.11/lib-dynload
2026-08-06 03:49:34.535226   /opt/hostedtoolcache/Python/3.11.15/x64/lib/python3.11/site-packages
2026-08-06 03:49:34.585352 [ ERROR ] Error in file '/home/runner/work/engg-robot-testing-framework/engg-robot-testing-framework/resources/common.resource' on line 4: Importing library 'playwright_keyword_library.PlaywrightKeywordLibrary' failed: ModuleNotFoundError: No module named 'playwright_keyword_library'
2026-08-06 03:49:34.635563 Traceback (most recent call last):
2026-08-06 03:49:34.685741   None
2026-08-06 03:49:34.735936 PYTHONPATH:
2026-08-06 03:49:34.786112   /opt/hostedtoolcache/Python/3.11.15/x64/bin
2026-08-06 03:49:34.836300   /opt/hostedtoolcache/Python/3.11.15/x64/lib/python311.zip
2026-08-06 03:49:34.886462   /opt/hostedtoolcache/Python/3.11.15/x64/lib/python3.11
2026-08-06 03:49:34.936622   /opt/hostedtoolcache/Python/3.11.15/x64/lib/python3.11/lib-dynload
2026-08-06 03:49:34.986747   /opt/hostedtoolcache/Python/3.11.15/x64/lib/python3.11/site-packages
2026-08-06 03:49:43.760547 TC05 Register User With Existing Email                                | FAIL |
2026-08-06 03:49:43.792809 Setup failed:
2026-08-06 03:49:43.792826 No keyword with name 'Open Browser' found.
2026-08-06 03:49:43.792836 
2026-08-06 03:49:43.792845 Also teardown failed:
2026-08-06 03:49:43.792854 Several failures occurred:
2026-08-06 03:49:43.792862 
2026-08-06 03:49:43.792871 1) No keyword with name 'Register Keyword To Run On Failure' found.
2026-08-06 03:49:43.792881 
2026-08-06 03:49:43.792889 2) No keyword with name 'Close Browser' found. Did you mean:
2026-08-06 03:49:43.792898     common.Close Test Browser
2026-08-06 03:49:43.792906 ------------------------------------------------------------------------------
2026-08-06 03:49:43.792914 Suites.Auth.TC05 register existing email                              | FAIL |
2026-08-06 03:49:43.793343 1 test, 0 passed, 1 failed
2026-08-06 03:49:43.793356 ==============================================================================
2026-08-06 03:49:43.793363 Suites.Auth                                                           | FAIL |
2026-08-06 03:49:43.793691 1 test, 0 passed, 1 failed
2026-08-06 03:49:43.793704 ==============================================================================
2026-08-06 03:49:43.793717 Suites                                                                | FAIL |
2026-08-06 03:49:43.793978 1 test, 0 passed, 1 failed
2026-08-06 03:49:43.793990 ==============================================================================
2026-08-06 03:49:43.793998 Output:  /home/runner/work/engg-robot-testing-framework/engg-robot-testing-framework/reports/pabot_results/4/output.xml
