2026-07-27 04:13:15.591877 ==============================================================================
2026-07-27 04:13:15.609230 Suites
2026-07-27 04:13:15.609248 ==============================================================================
2026-07-27 04:13:15.609262 Suites.Cart
2026-07-27 04:13:15.610081 ==============================================================================
2026-07-27 04:13:15.610097 Suites.Cart.TC17 remove products from cart :: TC17 - Remove Products From Cart
2026-07-27 04:13:15.610097 [ ERROR ] Error in file '/home/runner/work/engg-robot-testing-framework/engg-robot-testing-framework/resources/common.resource' on line 4: Importing library 'playwright_keyword_library.PlaywrightKeywordLibrary' failed: ModuleNotFoundError: No module named 'playwright_keyword_library'
2026-07-27 04:13:15.637832 ==============================================================================
2026-07-27 04:13:15.637832 Traceback (most recent call last):
2026-07-27 04:13:15.637854   None
2026-07-27 04:13:15.688014 PYTHONPATH:
2026-07-27 04:13:15.738133   /opt/hostedtoolcache/Python/3.11.15/x64/bin
2026-07-27 04:13:15.788309   /opt/hostedtoolcache/Python/3.11.15/x64/lib/python311.zip
2026-07-27 04:13:15.838431   /opt/hostedtoolcache/Python/3.11.15/x64/lib/python3.11
2026-07-27 04:13:15.888614   /opt/hostedtoolcache/Python/3.11.15/x64/lib/python3.11/lib-dynload
2026-07-27 04:13:15.938745   /opt/hostedtoolcache/Python/3.11.15/x64/lib/python3.11/site-packages
2026-07-27 04:13:15.988979 [ ERROR ] Error in file '/home/runner/work/engg-robot-testing-framework/engg-robot-testing-framework/resources/product_keywords.resource' on line 2: Importing library 'playwright_keyword_library.PlaywrightKeywordLibrary' failed: ModuleNotFoundError: No module named 'playwright_keyword_library'
2026-07-27 04:13:16.039148 Traceback (most recent call last):
2026-07-27 04:13:16.089399   None
2026-07-27 04:13:16.139547 PYTHONPATH:
2026-07-27 04:13:16.189740   /opt/hostedtoolcache/Python/3.11.15/x64/bin
2026-07-27 04:13:16.239894   /opt/hostedtoolcache/Python/3.11.15/x64/lib/python311.zip
2026-07-27 04:13:16.290135   /opt/hostedtoolcache/Python/3.11.15/x64/lib/python3.11
2026-07-27 04:13:16.340292   /opt/hostedtoolcache/Python/3.11.15/x64/lib/python3.11/lib-dynload
2026-07-27 04:13:16.390490   /opt/hostedtoolcache/Python/3.11.15/x64/lib/python3.11/site-packages
2026-07-27 04:13:16.440626 [ ERROR ] Error in file '/home/runner/work/engg-robot-testing-framework/engg-robot-testing-framework/resources/cart_keywords.resource' on line 2: Importing library 'playwright_keyword_library.PlaywrightKeywordLibrary' failed: ModuleNotFoundError: No module named 'playwright_keyword_library'
2026-07-27 04:13:16.490876 Traceback (most recent call last):
2026-07-27 04:13:16.541090   None
2026-07-27 04:13:16.591239 PYTHONPATH:
2026-07-27 04:13:16.641475   /opt/hostedtoolcache/Python/3.11.15/x64/bin
2026-07-27 04:13:16.691655   /opt/hostedtoolcache/Python/3.11.15/x64/lib/python311.zip
2026-07-27 04:13:16.741884   /opt/hostedtoolcache/Python/3.11.15/x64/lib/python3.11
2026-07-27 04:13:16.792076   /opt/hostedtoolcache/Python/3.11.15/x64/lib/python3.11/lib-dynload
2026-07-27 04:13:16.842304   /opt/hostedtoolcache/Python/3.11.15/x64/lib/python3.11/site-packages
2026-07-27 04:13:25.615959 TC17 Remove Products From Cart                                        | FAIL |
2026-07-27 04:13:25.648661 Setup failed:
2026-07-27 04:13:25.648683 No keyword with name 'Open Browser' found.
2026-07-27 04:13:25.648701 
2026-07-27 04:13:25.648717 Also teardown failed:
2026-07-27 04:13:25.648733 Several failures occurred:
2026-07-27 04:13:25.648747 
2026-07-27 04:13:25.648761 1) No keyword with name 'Register Keyword To Run On Failure' found.
2026-07-27 04:13:25.648775 
2026-07-27 04:13:25.648789 2) No keyword with name 'Close Browser' found. Did you mean:
2026-07-27 04:13:25.648803     common.Close Test Browser
2026-07-27 04:13:25.648816 ------------------------------------------------------------------------------
2026-07-27 04:13:25.648876 Suites.Cart.TC17 remove products from cart :: TC17 - Remove Produc... | FAIL |
2026-07-27 04:13:25.649497 1 test, 0 passed, 1 failed
2026-07-27 04:13:25.649509 ==============================================================================
2026-07-27 04:13:25.649520 Suites.Cart                                                           | FAIL |
2026-07-27 04:13:25.649805 1 test, 0 passed, 1 failed
2026-07-27 04:13:25.649820 ==============================================================================
2026-07-27 04:13:25.649832 Suites                                                                | FAIL |
2026-07-27 04:13:25.650161 1 test, 0 passed, 1 failed
2026-07-27 04:13:25.650216 ==============================================================================
2026-07-27 04:13:25.650227 Output:  /home/runner/work/engg-robot-testing-framework/engg-robot-testing-framework/reports/pabot_results/7/output.xml
