2026-08-17 02:04:11.584026 ==============================================================================
2026-08-17 02:04:11.604053 Suites
2026-08-17 02:04:11.604073 ==============================================================================
2026-08-17 02:04:11.604086 Suites.Cart
2026-08-17 02:04:11.604852 ==============================================================================
2026-08-17 02:04:11.604869 Suites.Cart.TC13 verify product quantity :: TC13 - Verify Product Quantity ...
2026-08-17 02:04:11.604869 [ ERROR ] Error in file '/home/runner/work/engg-robot-testing-framework/engg-robot-testing-framework/resources/common.resource' on line 4: Importing library 'playwright_keyword_library.PlaywrightKeywordLibrary' failed: ModuleNotFoundError: No module named 'playwright_keyword_library'
2026-08-17 02:04:11.633587 ==============================================================================
2026-08-17 02:04:11.633587 Traceback (most recent call last):
2026-08-17 02:04:11.633610   None
2026-08-17 02:04:11.683790 PYTHONPATH:
2026-08-17 02:04:11.733922   /opt/hostedtoolcache/Python/3.11.15/x64/bin
2026-08-17 02:04:11.784105   /opt/hostedtoolcache/Python/3.11.15/x64/lib/python311.zip
2026-08-17 02:04:11.834227   /opt/hostedtoolcache/Python/3.11.15/x64/lib/python3.11
2026-08-17 02:04:11.884409   /opt/hostedtoolcache/Python/3.11.15/x64/lib/python3.11/lib-dynload
2026-08-17 02:04:11.934534   /opt/hostedtoolcache/Python/3.11.15/x64/lib/python3.11/site-packages
2026-08-17 02:04:11.984728 [ ERROR ] Error in file '/home/runner/work/engg-robot-testing-framework/engg-robot-testing-framework/resources/product_keywords.resource' on line 2: Importing library 'playwright_keyword_library.PlaywrightKeywordLibrary' failed: ModuleNotFoundError: No module named 'playwright_keyword_library'
2026-08-17 02:04:12.034874 Traceback (most recent call last):
2026-08-17 02:04:12.085062   None
2026-08-17 02:04:12.135176 PYTHONPATH:
2026-08-17 02:04:12.185382   /opt/hostedtoolcache/Python/3.11.15/x64/bin
2026-08-17 02:04:12.235489   /opt/hostedtoolcache/Python/3.11.15/x64/lib/python311.zip
2026-08-17 02:04:12.285665   /opt/hostedtoolcache/Python/3.11.15/x64/lib/python3.11
2026-08-17 02:04:12.335774   /opt/hostedtoolcache/Python/3.11.15/x64/lib/python3.11/lib-dynload
2026-08-17 02:04:12.385947   /opt/hostedtoolcache/Python/3.11.15/x64/lib/python3.11/site-packages
2026-08-17 02:04:12.436073 [ ERROR ] Error in file '/home/runner/work/engg-robot-testing-framework/engg-robot-testing-framework/resources/cart_keywords.resource' on line 2: Importing library 'playwright_keyword_library.PlaywrightKeywordLibrary' failed: ModuleNotFoundError: No module named 'playwright_keyword_library'
2026-08-17 02:04:12.486247 Traceback (most recent call last):
2026-08-17 02:04:12.536404   None
2026-08-17 02:04:12.586581 PYTHONPATH:
2026-08-17 02:04:12.636744   /opt/hostedtoolcache/Python/3.11.15/x64/bin
2026-08-17 02:04:12.686935   /opt/hostedtoolcache/Python/3.11.15/x64/lib/python311.zip
2026-08-17 02:04:12.737099   /opt/hostedtoolcache/Python/3.11.15/x64/lib/python3.11
2026-08-17 02:04:12.787284   /opt/hostedtoolcache/Python/3.11.15/x64/lib/python3.11/lib-dynload
2026-08-17 02:04:12.837448   /opt/hostedtoolcache/Python/3.11.15/x64/lib/python3.11/site-packages
2026-08-17 02:04:21.610756 TC13 Verify Product Quantity In Cart                                  | FAIL |
2026-08-17 02:04:21.644527 Setup failed:
2026-08-17 02:04:21.644545 No keyword with name 'Open Browser' found.
2026-08-17 02:04:21.644558 
2026-08-17 02:04:21.644570 Also teardown failed:
2026-08-17 02:04:21.644582 Several failures occurred:
2026-08-17 02:04:21.644593 
2026-08-17 02:04:21.644605 1) No keyword with name 'Register Keyword To Run On Failure' found.
2026-08-17 02:04:21.644616 
2026-08-17 02:04:21.644625 2) No keyword with name 'Close Browser' found. Did you mean:
2026-08-17 02:04:21.644635     common.Close Test Browser
2026-08-17 02:04:21.644645 ------------------------------------------------------------------------------
2026-08-17 02:04:21.644655 Suites.Cart.TC13 verify product quantity :: TC13 - Verify Product ... | FAIL |
2026-08-17 02:04:21.645220 1 test, 0 passed, 1 failed
2026-08-17 02:04:21.645282 ==============================================================================
2026-08-17 02:04:21.645323 Suites.Cart                                                           | FAIL |
2026-08-17 02:04:21.645620 1 test, 0 passed, 1 failed
2026-08-17 02:04:21.645682 ==============================================================================
2026-08-17 02:04:21.645696 Suites                                                                | FAIL |
2026-08-17 02:04:21.645952 1 test, 0 passed, 1 failed
2026-08-17 02:04:21.646008 ==============================================================================
2026-08-17 02:04:21.646020 Output:  /home/runner/work/engg-robot-testing-framework/engg-robot-testing-framework/reports/pabot_results/6/output.xml
