[INFO]    Initialized logging in reports/pabot_results
[INFO]    Robot Framework remote server at 127.0.0.1:8270 started.
[DEBUG]   2026-06-18 05:17:22.478834 [PID:2401] [0] [ID:0] EXECUTING Suites.Auth.TC01 register user
[DEBUG]   2026-06-18 05:17:22.480769 [PID:2402] [1] [ID:1] EXECUTING Suites.Auth.TC02 login valid
[DEBUG]   2026-06-18 05:17:27.485803 [PID:2401] [0] [ID:0] still running Suites.Auth.TC01 register user after 5.0s
[DEBUG]   2026-06-18 05:17:27.485984 [PID:2402] [1] [ID:1] still running Suites.Auth.TC02 login valid after 5.0s
[DEBUG]   2026-06-18 05:17:37.500870 [PID:2401] [0] [ID:0] still running Suites.Auth.TC01 register user after 15.0s
[DEBUG]   2026-06-18 05:17:37.500929 [PID:2402] [1] [ID:1] still running Suites.Auth.TC02 login valid after 15.0s
[DEBUG]   2026-06-18 05:17:52.523126 [PID:2402] [1] [ID:1] still running Suites.Auth.TC02 login valid after 30.0s
[DEBUG]   2026-06-18 05:17:52.528420 [PID:2401] [0] [ID:0] still running Suites.Auth.TC01 register user after 30.0s
[INFO]    2026-06-18 05:18:03.040441 [PID:2401] [0] [ID:0] PASSED Suites.Auth.TC01 register user in 40.6 seconds
[DEBUG]   2026-06-18 05:18:03.045498 [PID:2903] [0] [ID:2] EXECUTING Suites.Auth.TC03 login invalid
[DEBUG]   2026-06-18 05:18:08.052044 [PID:2903] [0] [ID:2] still running Suites.Auth.TC03 login invalid after 5.0s
[DEBUG]   2026-06-18 05:18:12.546170 [PID:2402] [1] [ID:1] still running Suites.Auth.TC02 login valid after 50.0s
[DEBUG]   2026-06-18 05:18:18.061351 [PID:2903] [0] [ID:2] still running Suites.Auth.TC03 login invalid after 15.0s
[INFO]    2026-06-18 05:18:18.965426 [PID:2903] [0] [ID:2] PASSED Suites.Auth.TC03 login invalid in 15.9 seconds
[DEBUG]   2026-06-18 05:18:18.970846 [PID:3140] [1] [ID:3] EXECUTING Suites.Auth.TC04 logout user
[DEBUG]   2026-06-18 05:18:23.980562 [PID:3140] [1] [ID:3] still running Suites.Auth.TC04 logout user after 5.0s
[DEBUG]   2026-06-18 05:18:33.994224 [PID:3140] [1] [ID:3] still running Suites.Auth.TC04 logout user after 15.0s
[DEBUG]   2026-06-18 05:18:37.580643 [PID:2402] [1] [ID:1] still running Suites.Auth.TC02 login valid after 75.0s
[DEBUG]   2026-06-18 05:18:49.010539 [PID:3140] [1] [ID:3] still running Suites.Auth.TC04 logout user after 30.0s
[INFO]    2026-06-18 05:18:50.514949 [PID:3140] [1] [ID:3] PASSED Suites.Auth.TC04 logout user in 31.5 seconds
[DEBUG]   2026-06-18 05:18:50.520523 [PID:3559] [0] [ID:4] EXECUTING Suites.Auth.TC05 register existing email
[DEBUG]   2026-06-18 05:18:55.528256 [PID:3559] [0] [ID:4] still running Suites.Auth.TC05 register existing email after 5.0s
[INFO]    2026-06-18 05:19:00.513685 [PID:2402] [1] [ID:1] Execution failed in Suites.Auth.TC02 login valid with 1 failing test(s)
==============================================================================
Suites
==============================================================================
Suites.Auth
==============================================================================
Suites.Auth.TC02 login valid
==============================================================================
TC02 Login User With Correct Email And Password                       | FAIL |
Text 'Account Deleted' did not appear in 1 minute.
------------------------------------------------------------------------------
Suites.Auth.TC02 login valid                                          | FAIL |
1 test, 0 passed, 1 failed
==============================================================================
Suites.Auth                                                           | FAIL |
1 test, 0 passed, 1 failed
==============================================================================
Suites                                                                | FAIL |
1 test, 0 passed, 1 failed
==============================================================================
Output:  /home/runner/work/engg-robot-testing-framework/engg-robot-testing-framework/reports/pabot_results/1/output.xml

[ WARN ] Native click failed on Delete Account; trying JS click fallback.
[DEBUG]   2026-06-18 05:19:00.519027 [PID:3726] [1] [ID:5] EXECUTING Suites.Cart.TC12 add products to cart
[DEBUG]   2026-06-18 05:19:05.531798 [PID:3726] [1] [ID:5] still running Suites.Cart.TC12 add products to cart after 5.0s
[DEBUG]   2026-06-18 05:19:05.549147 [PID:3559] [0] [ID:4] still running Suites.Auth.TC05 register existing email after 15.0s
[DEBUG]   2026-06-18 05:19:15.543760 [PID:3726] [1] [ID:5] still running Suites.Cart.TC12 add products to cart after 15.0s
[INFO]    2026-06-18 05:19:17.849035 [PID:3726] [1] [ID:5] PASSED Suites.Cart.TC12 add products to cart in 17.3 seconds
[DEBUG]   2026-06-18 05:19:17.853625 [PID:4033] [0] [ID:6] EXECUTING Suites.Cart.TC13 verify product quantity
[DEBUG]   2026-06-18 05:19:20.566299 [PID:3559] [0] [ID:4] still running Suites.Auth.TC05 register existing email after 30.0s
[DEBUG]   2026-06-18 05:19:22.860196 [PID:4033] [0] [ID:6] still running Suites.Cart.TC13 verify product quantity after 5.0s
[INFO]    2026-06-18 05:19:25.673351 [PID:3559] [0] [ID:4] PASSED Suites.Auth.TC05 register existing email in 35.2 seconds
[DEBUG]   2026-06-18 05:19:25.678435 [PID:4199] [1] [ID:7] EXECUTING Suites.Cart.TC17 remove products from cart
[DEBUG]   2026-06-18 05:19:30.684028 [PID:4199] [1] [ID:7] still running Suites.Cart.TC17 remove products from cart after 5.0s
[INFO]    2026-06-18 05:19:31.273538 [PID:4033] [0] [ID:6] PASSED Suites.Cart.TC13 verify product quantity in 13.4 seconds
[DEBUG]   2026-06-18 05:19:31.278126 [PID:4430] [0] [ID:8] EXECUTING Suites.Cart.TC20 search and verify cart after login
[DEBUG]   2026-06-18 05:19:36.286857 [PID:4430] [0] [ID:8] still running Suites.Cart.TC20 search and verify cart after login after 5.0s
[DEBUG]   2026-06-18 05:19:40.693810 [PID:4199] [1] [ID:7] still running Suites.Cart.TC17 remove products from cart after 15.0s
[INFO]    2026-06-18 05:19:44.099878 [PID:4199] [1] [ID:7] PASSED Suites.Cart.TC17 remove products from cart in 18.4 seconds
[DEBUG]   2026-06-18 05:19:44.105626 [PID:4718] [1] [ID:9] EXECUTING Suites.Cart.TC22 add from recommended items
[DEBUG]   2026-06-18 05:19:46.299360 [PID:4430] [0] [ID:8] still running Suites.Cart.TC20 search and verify cart after login after 15.0s
[DEBUG]   2026-06-18 05:19:49.111961 [PID:4718] [1] [ID:9] still running Suites.Cart.TC22 add from recommended items after 5.0s
[DEBUG]   2026-06-18 05:19:59.123713 [PID:4718] [1] [ID:9] still running Suites.Cart.TC22 add from recommended items after 15.0s
[INFO]    2026-06-18 05:20:00.428800 [PID:4718] [1] [ID:9] PASSED Suites.Cart.TC22 add from recommended items in 16.3 seconds
[DEBUG]   2026-06-18 05:20:01.317260 [PID:4430] [0] [ID:8] still running Suites.Cart.TC20 search and verify cart after login after 30.0s
[INFO]    2026-06-18 05:20:09.928648 [PID:4430] [0] [ID:8] PASSED Suites.Cart.TC20 search and verify cart after login in 38.7 seconds
[INFO]    10 tests, 9 passed, 1 failed, 0 skipped.
[INFO]    ===================================================
[INFO]    Output:  /home/runner/work/engg-robot-testing-framework/engg-robot-testing-framework/reports/output.xml
[INFO]    Log:     /home/runner/work/engg-robot-testing-framework/engg-robot-testing-framework/reports/log.html
[INFO]    Report:  /home/runner/work/engg-robot-testing-framework/engg-robot-testing-framework/reports/report.html
[DEBUG]   Finalizing Pabot execution...
[DEBUG]   Stopping PabotLib process
[INFO]    Robot Framework remote server at 127.0.0.1:8270 stopped.
[DEBUG]   PabotLib process stopped
[INFO]    Total testing: 5 minutes 25.30 seconds
[INFO]    Elapsed time:  2 minutes 48.0 seconds
[DEBUG]   Logs flushed successfully.
