2026-09-11 05:00:44.638074 ==============================================================================
2026-09-11 05:00:44.667726 Suites
2026-09-11 05:00:44.667744 ==============================================================================
2026-09-11 05:00:44.667754 Suites.Cart
2026-09-11 05:00:44.668371 ==============================================================================
2026-09-11 05:00:44.668384 Suites.Cart.TC22 add from recommended items :: TC22 - Add To Cart From Reco...
2026-09-11 05:00:44.668384 [ ERROR ] Error in file '/home/runner/work/engg-robot-testing-framework/engg-robot-testing-framework/resources/common.resource' on line 4: Importing library 'playwright_keyword_library.PlaywrightKeywordLibrary' failed: ModuleNotFoundError: No module named 'playwright_keyword_library'
2026-09-11 05:00:44.685192 ==============================================================================
2026-09-11 05:00:44.685192 Traceback (most recent call last):
2026-09-11 05:00:44.685211   None
2026-09-11 05:00:44.735319 PYTHONPATH:
2026-09-11 05:00:44.785461   /opt/hostedtoolcache/Python/3.11.16/x64/bin
2026-09-11 05:00:44.835616   /opt/hostedtoolcache/Python/3.11.16/x64/lib/python311.zip
2026-09-11 05:00:44.885761   /opt/hostedtoolcache/Python/3.11.16/x64/lib/python3.11
2026-09-11 05:00:44.935912   /opt/hostedtoolcache/Python/3.11.16/x64/lib/python3.11/lib-dynload
2026-09-11 05:00:44.986061   /opt/hostedtoolcache/Python/3.11.16/x64/lib/python3.11/site-packages
2026-09-11 05:00:45.036210 [ ERROR ] Error in file '/home/runner/work/engg-robot-testing-framework/engg-robot-testing-framework/resources/cart_keywords.resource' on line 2: Importing library 'playwright_keyword_library.PlaywrightKeywordLibrary' failed: ModuleNotFoundError: No module named 'playwright_keyword_library'
2026-09-11 05:00:45.086359 Traceback (most recent call last):
2026-09-11 05:00:45.136504   None
2026-09-11 05:00:45.186644 PYTHONPATH:
2026-09-11 05:00:45.236819   /opt/hostedtoolcache/Python/3.11.16/x64/bin
2026-09-11 05:00:45.286934   /opt/hostedtoolcache/Python/3.11.16/x64/lib/python311.zip
2026-09-11 05:00:45.337105   /opt/hostedtoolcache/Python/3.11.16/x64/lib/python3.11
2026-09-11 05:00:45.387249   /opt/hostedtoolcache/Python/3.11.16/x64/lib/python3.11/lib-dynload
2026-09-11 05:00:45.437478   /opt/hostedtoolcache/Python/3.11.16/x64/lib/python3.11/site-packages
2026-09-11 05:00:54.657726 TC22 Add To Cart From Recommended Items                               | FAIL |
2026-09-11 05:00:54.693462 Setup failed:
2026-09-11 05:00:54.693477 No keyword with name 'Open Browser' found.
2026-09-11 05:00:54.693487 
2026-09-11 05:00:54.693495 Also teardown failed:
2026-09-11 05:00:54.693503 Several failures occurred:
2026-09-11 05:00:54.693511 
2026-09-11 05:00:54.693518 1) No keyword with name 'Register Keyword To Run On Failure' found.
2026-09-11 05:00:54.693528 
2026-09-11 05:00:54.693535 2) No keyword with name 'Close Browser' found. Did you mean:
2026-09-11 05:00:54.693543     common.Close Test Browser
2026-09-11 05:00:54.693551 ------------------------------------------------------------------------------
2026-09-11 05:00:54.693559 Suites.Cart.TC22 add from recommended items :: TC22 - Add To Cart ... | FAIL |
2026-09-11 05:00:54.693960 1 test, 0 passed, 1 failed
2026-09-11 05:00:54.693972 ==============================================================================
2026-09-11 05:00:54.693982 Suites.Cart                                                           | FAIL |
2026-09-11 05:00:54.694238 1 test, 0 passed, 1 failed
2026-09-11 05:00:54.694253 ==============================================================================
2026-09-11 05:00:54.694286 Suites                                                                | FAIL |
2026-09-11 05:00:54.694494 1 test, 0 passed, 1 failed
2026-09-11 05:00:54.694505 ==============================================================================
2026-09-11 05:00:54.694514 Output:  /home/runner/work/engg-robot-testing-framework/engg-robot-testing-framework/reports/pabot_results/9/output.xml
