2026-07-28 03:46:41.651031 ==============================================================================
2026-07-28 03:46:41.666207 Suites
2026-07-28 03:46:41.666229 ==============================================================================
2026-07-28 03:46:41.666245 Suites.Auth
2026-07-28 03:46:41.667083 ==============================================================================
2026-07-28 03:46:41.667104 Suites.Auth.TC05 register existing email
2026-07-28 03:46:41.667104 [ ERROR ] Error in file '/home/runner/work/engg-robot-testing-framework/engg-robot-testing-framework/tests/auth/TC05_register_existing_email.robot' on line 2: Importing library 'playwright_keyword_library.PlaywrightKeywordLibrary' failed: ModuleNotFoundError: No module named 'playwright_keyword_library'
2026-07-28 03:46:41.685772 ==============================================================================
2026-07-28 03:46:41.685772 Traceback (most recent call last):
2026-07-28 03:46:41.685798   None
2026-07-28 03:46:41.735903 PYTHONPATH:
2026-07-28 03:46:41.786001   /opt/hostedtoolcache/Python/3.11.15/x64/bin
2026-07-28 03:46:41.836099   /opt/hostedtoolcache/Python/3.11.15/x64/lib/python311.zip
2026-07-28 03:46:41.886196   /opt/hostedtoolcache/Python/3.11.15/x64/lib/python3.11
2026-07-28 03:46:41.936302   /opt/hostedtoolcache/Python/3.11.15/x64/lib/python3.11/lib-dynload
2026-07-28 03:46:41.986460   /opt/hostedtoolcache/Python/3.11.15/x64/lib/python3.11/site-packages
2026-07-28 03:46:42.036605 [ ERROR ] Error in file '/home/runner/work/engg-robot-testing-framework/engg-robot-testing-framework/resources/auth_keywords.resource' on line 2: Importing library 'playwright_keyword_library.PlaywrightKeywordLibrary' failed: ModuleNotFoundError: No module named 'playwright_keyword_library'
2026-07-28 03:46:42.086761 Traceback (most recent call last):
2026-07-28 03:46:42.136924   None
2026-07-28 03:46:42.187081 PYTHONPATH:
2026-07-28 03:46:42.237242   /opt/hostedtoolcache/Python/3.11.15/x64/bin
2026-07-28 03:46:42.287399   /opt/hostedtoolcache/Python/3.11.15/x64/lib/python311.zip
2026-07-28 03:46:42.337553   /opt/hostedtoolcache/Python/3.11.15/x64/lib/python3.11
2026-07-28 03:46:42.387659   /opt/hostedtoolcache/Python/3.11.15/x64/lib/python3.11/lib-dynload
2026-07-28 03:46:42.437817   /opt/hostedtoolcache/Python/3.11.15/x64/lib/python3.11/site-packages
2026-07-28 03:46:42.487968 [ ERROR ] Error in file '/home/runner/work/engg-robot-testing-framework/engg-robot-testing-framework/resources/common.resource' on line 4: Importing library 'playwright_keyword_library.PlaywrightKeywordLibrary' failed: ModuleNotFoundError: No module named 'playwright_keyword_library'
2026-07-28 03:46:42.538127 Traceback (most recent call last):
2026-07-28 03:46:42.588283   None
2026-07-28 03:46:42.638441 PYTHONPATH:
2026-07-28 03:46:42.688596   /opt/hostedtoolcache/Python/3.11.15/x64/bin
2026-07-28 03:46:42.738758   /opt/hostedtoolcache/Python/3.11.15/x64/lib/python311.zip
2026-07-28 03:46:42.788914   /opt/hostedtoolcache/Python/3.11.15/x64/lib/python3.11
2026-07-28 03:46:42.839072   /opt/hostedtoolcache/Python/3.11.15/x64/lib/python3.11/lib-dynload
2026-07-28 03:46:42.889228   /opt/hostedtoolcache/Python/3.11.15/x64/lib/python3.11/site-packages
2026-07-28 03:46:51.661242 TC05 Register User With Existing Email                                | FAIL |
2026-07-28 03:46:51.695844 Setup failed:
2026-07-28 03:46:51.695860 No keyword with name 'Open Browser' found.
2026-07-28 03:46:51.695870 
2026-07-28 03:46:51.695879 Also teardown failed:
2026-07-28 03:46:51.695888 Several failures occurred:
2026-07-28 03:46:51.695896 
2026-07-28 03:46:51.695905 1) No keyword with name 'Register Keyword To Run On Failure' found.
2026-07-28 03:46:51.695913 
2026-07-28 03:46:51.695921 2) No keyword with name 'Close Browser' found. Did you mean:
2026-07-28 03:46:51.695929     common.Close Test Browser
2026-07-28 03:46:51.695937 ------------------------------------------------------------------------------
2026-07-28 03:46:51.695947 Suites.Auth.TC05 register existing email                              | FAIL |
2026-07-28 03:46:51.696373 1 test, 0 passed, 1 failed
2026-07-28 03:46:51.696385 ==============================================================================
2026-07-28 03:46:51.696393 Suites.Auth                                                           | FAIL |
2026-07-28 03:46:51.696734 1 test, 0 passed, 1 failed
2026-07-28 03:46:51.696747 ==============================================================================
2026-07-28 03:46:51.696755 Suites                                                                | FAIL |
2026-07-28 03:46:51.697020 1 test, 0 passed, 1 failed
2026-07-28 03:46:51.697088 ==============================================================================
2026-07-28 03:46:51.697098 Output:  /home/runner/work/engg-robot-testing-framework/engg-robot-testing-framework/reports/pabot_results/4/output.xml
