2026-07-01 05:05:28.581029 ==============================================================================
2026-07-01 05:05:28.593052 Suites
2026-07-01 05:05:28.593071 ==============================================================================
2026-07-01 05:05:28.593084 Suites.Auth
2026-07-01 05:05:28.593876 ==============================================================================
2026-07-01 05:05:28.593894 Suites.Auth.TC03 login invalid
2026-07-01 05:05:28.593894 [ ERROR ] Error in file '/home/runner/work/engg-robot-testing-framework/engg-robot-testing-framework/tests/auth/TC03_login_invalid.robot' on line 2: Importing library 'playwright_keyword_library.PlaywrightKeywordLibrary' failed: ModuleNotFoundError: No module named 'playwright_keyword_library'
2026-07-01 05:05:28.610795 ==============================================================================
2026-07-01 05:05:28.610795 Traceback (most recent call last):
2026-07-01 05:05:28.610818   None
2026-07-01 05:05:28.660974 PYTHONPATH:
2026-07-01 05:05:28.711179   /opt/hostedtoolcache/Python/3.11.15/x64/bin
2026-07-01 05:05:28.761381   /opt/hostedtoolcache/Python/3.11.15/x64/lib/python311.zip
2026-07-01 05:05:28.811599   /opt/hostedtoolcache/Python/3.11.15/x64/lib/python3.11
2026-07-01 05:05:28.861776   /opt/hostedtoolcache/Python/3.11.15/x64/lib/python3.11/lib-dynload
2026-07-01 05:05:28.911986   /opt/hostedtoolcache/Python/3.11.15/x64/lib/python3.11/site-packages
2026-07-01 05:05:28.962186 [ ERROR ] Error in file '/home/runner/work/engg-robot-testing-framework/engg-robot-testing-framework/resources/auth_keywords.resource' on line 2: Importing library 'playwright_keyword_library.PlaywrightKeywordLibrary' failed: ModuleNotFoundError: No module named 'playwright_keyword_library'
2026-07-01 05:05:29.012405 Traceback (most recent call last):
2026-07-01 05:05:29.062614   None
2026-07-01 05:05:29.112814 PYTHONPATH:
2026-07-01 05:05:29.163025   /opt/hostedtoolcache/Python/3.11.15/x64/bin
2026-07-01 05:05:29.213236   /opt/hostedtoolcache/Python/3.11.15/x64/lib/python311.zip
2026-07-01 05:05:29.263424   /opt/hostedtoolcache/Python/3.11.15/x64/lib/python3.11
2026-07-01 05:05:29.313619   /opt/hostedtoolcache/Python/3.11.15/x64/lib/python3.11/lib-dynload
2026-07-01 05:05:29.363811   /opt/hostedtoolcache/Python/3.11.15/x64/lib/python3.11/site-packages
2026-07-01 05:05:29.414027 [ ERROR ] Error in file '/home/runner/work/engg-robot-testing-framework/engg-robot-testing-framework/resources/common.resource' on line 4: Importing library 'playwright_keyword_library.PlaywrightKeywordLibrary' failed: ModuleNotFoundError: No module named 'playwright_keyword_library'
2026-07-01 05:05:29.464168 Traceback (most recent call last):
2026-07-01 05:05:29.514351   None
2026-07-01 05:05:29.564544 PYTHONPATH:
2026-07-01 05:05:29.614735   /opt/hostedtoolcache/Python/3.11.15/x64/bin
2026-07-01 05:05:29.664904   /opt/hostedtoolcache/Python/3.11.15/x64/lib/python311.zip
2026-07-01 05:05:29.715110   /opt/hostedtoolcache/Python/3.11.15/x64/lib/python3.11
2026-07-01 05:05:29.765306   /opt/hostedtoolcache/Python/3.11.15/x64/lib/python3.11/lib-dynload
2026-07-01 05:05:29.815525   /opt/hostedtoolcache/Python/3.11.15/x64/lib/python3.11/site-packages
2026-07-01 05:05:38.591317 TC03 Login User With Incorrect Email And Password                     | FAIL |
2026-07-01 05:05:38.620376 Setup failed:
2026-07-01 05:05:38.620395 No keyword with name 'Open Browser' found.
2026-07-01 05:05:38.620407 
2026-07-01 05:05:38.620418 Also teardown failed:
2026-07-01 05:05:38.620428 Several failures occurred:
2026-07-01 05:05:38.620438 
2026-07-01 05:05:38.620449 1) No keyword with name 'Register Keyword To Run On Failure' found.
2026-07-01 05:05:38.620460 
2026-07-01 05:05:38.620469 2) No keyword with name 'Close Browser' found. Did you mean:
2026-07-01 05:05:38.620480     common.Close Test Browser
2026-07-01 05:05:38.620490 ------------------------------------------------------------------------------
2026-07-01 05:05:38.620500 Suites.Auth.TC03 login invalid                                        | FAIL |
2026-07-01 05:05:38.620961 1 test, 0 passed, 1 failed
2026-07-01 05:05:38.620977 ==============================================================================
2026-07-01 05:05:38.620987 Suites.Auth                                                           | FAIL |
2026-07-01 05:05:38.621307 1 test, 0 passed, 1 failed
2026-07-01 05:05:38.621321 ==============================================================================
2026-07-01 05:05:38.621332 Suites                                                                | FAIL |
2026-07-01 05:05:38.621606 1 test, 0 passed, 1 failed
2026-07-01 05:05:38.621649 ==============================================================================
2026-07-01 05:05:38.621666 Output:  /home/runner/work/engg-robot-testing-framework/engg-robot-testing-framework/reports/pabot_results/2/output.xml
