2026-06-12 05:14:39.225545 ==============================================================================
2026-06-12 05:14:39.247574 Suites
2026-06-12 05:14:39.247588 ==============================================================================
2026-06-12 05:14:39.247598 Suites.Cart
2026-06-12 05:14:39.248252 ==============================================================================
2026-06-12 05:14:39.348457 Suites.Cart.TC22 add from recommended items :: TC22 - Add To Cart From Reco...
2026-06-12 05:14:39.359847 ==============================================================================
2026-06-12 05:14:50.240570 TC22 Add To Cart From Recommended Items                               | FAIL |
2026-06-12 05:14:50.286896 Setup failed:
2026-06-12 05:14:50.286917 Title should have been 'Automation Exercise' but was 'One moment, please...'.
2026-06-12 05:14:50.286930 ------------------------------------------------------------------------------
2026-06-12 05:14:50.286941 Suites.Cart.TC22 add from recommended items :: TC22 - Add To Cart ... | FAIL |
2026-06-12 05:14:50.287604 1 test, 0 passed, 1 failed
2026-06-12 05:14:50.287656 ==============================================================================
2026-06-12 05:14:50.287669 Suites.Cart                                                           | FAIL |
2026-06-12 05:14:50.288001 1 test, 0 passed, 1 failed
2026-06-12 05:14:50.288048 ==============================================================================
2026-06-12 05:14:50.288060 Suites                                                                | FAIL |
2026-06-12 05:14:50.288313 1 test, 0 passed, 1 failed
2026-06-12 05:14:50.288357 ==============================================================================
2026-06-12 05:14:50.288368 Output:  /home/runner/work/engg-robot-testing-framework/engg-robot-testing-framework/reports/pabot_results/9/output.xml
