2026-06-28 05:01:55.974583 ==============================================================================
2026-06-28 05:01:55.987214 Suites
2026-06-28 05:01:55.987237 ==============================================================================
2026-06-28 05:01:55.987253 Suites.Auth
2026-06-28 05:01:55.988020 ==============================================================================
2026-06-28 05:01:55.988040 Suites.Auth.TC01 register user
2026-06-28 05:01:55.988040 [ ERROR ] Error in file '/home/runner/work/engg-robot-testing-framework/engg-robot-testing-framework/tests/auth/TC01_register_user.robot' on line 2: Importing library 'playwright_keyword_library.PlaywrightKeywordLibrary' failed: ModuleNotFoundError: No module named 'playwright_keyword_library'
2026-06-28 05:01:56.007064 ==============================================================================
2026-06-28 05:01:56.007064 Traceback (most recent call last):
2026-06-28 05:01:56.007088   None
2026-06-28 05:01:56.057199 PYTHONPATH:
2026-06-28 05:01:56.107304   /opt/hostedtoolcache/Python/3.11.15/x64/bin
2026-06-28 05:01:56.157424   /opt/hostedtoolcache/Python/3.11.15/x64/lib/python311.zip
2026-06-28 05:01:56.207534   /opt/hostedtoolcache/Python/3.11.15/x64/lib/python3.11
2026-06-28 05:01:56.257645   /opt/hostedtoolcache/Python/3.11.15/x64/lib/python3.11/lib-dynload
2026-06-28 05:01:56.307787   /opt/hostedtoolcache/Python/3.11.15/x64/lib/python3.11/site-packages
2026-06-28 05:01:56.357911 [ ERROR ] Error in file '/home/runner/work/engg-robot-testing-framework/engg-robot-testing-framework/resources/auth_keywords.resource' on line 2: Importing library 'playwright_keyword_library.PlaywrightKeywordLibrary' failed: ModuleNotFoundError: No module named 'playwright_keyword_library'
2026-06-28 05:01:56.408072 Traceback (most recent call last):
2026-06-28 05:01:56.458200   None
2026-06-28 05:01:56.508348 PYTHONPATH:
2026-06-28 05:01:56.558497   /opt/hostedtoolcache/Python/3.11.15/x64/bin
2026-06-28 05:01:56.608645   /opt/hostedtoolcache/Python/3.11.15/x64/lib/python311.zip
2026-06-28 05:01:56.658759   /opt/hostedtoolcache/Python/3.11.15/x64/lib/python3.11
2026-06-28 05:01:56.708901   /opt/hostedtoolcache/Python/3.11.15/x64/lib/python3.11/lib-dynload
2026-06-28 05:01:56.759044   /opt/hostedtoolcache/Python/3.11.15/x64/lib/python3.11/site-packages
2026-06-28 05:01:56.809187 [ ERROR ] Error in file '/home/runner/work/engg-robot-testing-framework/engg-robot-testing-framework/resources/common.resource' on line 4: Importing library 'playwright_keyword_library.PlaywrightKeywordLibrary' failed: ModuleNotFoundError: No module named 'playwright_keyword_library'
2026-06-28 05:01:56.859333 Traceback (most recent call last):
2026-06-28 05:01:56.909483   None
2026-06-28 05:01:56.959599 PYTHONPATH:
2026-06-28 05:01:57.009752   /opt/hostedtoolcache/Python/3.11.15/x64/bin
2026-06-28 05:01:57.059897   /opt/hostedtoolcache/Python/3.11.15/x64/lib/python311.zip
2026-06-28 05:01:57.110039   /opt/hostedtoolcache/Python/3.11.15/x64/lib/python3.11
2026-06-28 05:01:57.160186   /opt/hostedtoolcache/Python/3.11.15/x64/lib/python3.11/lib-dynload
2026-06-28 05:01:57.210328   /opt/hostedtoolcache/Python/3.11.15/x64/lib/python3.11/site-packages
2026-06-28 05:02:05.983084 TC01 Register User                                                    | FAIL |
2026-06-28 05:02:06.016805 Setup failed:
2026-06-28 05:02:06.016824 No keyword with name 'Open Browser' found.
2026-06-28 05:02:06.016839 
2026-06-28 05:02:06.016878 Also teardown failed:
2026-06-28 05:02:06.016891 Several failures occurred:
2026-06-28 05:02:06.016903 
2026-06-28 05:02:06.016915 1) No keyword with name 'Register Keyword To Run On Failure' found.
2026-06-28 05:02:06.016928 
2026-06-28 05:02:06.016940 2) No keyword with name 'Close Browser' found. Did you mean:
2026-06-28 05:02:06.016953     common.Close Test Browser
2026-06-28 05:02:06.016965 ------------------------------------------------------------------------------
2026-06-28 05:02:06.016976 Suites.Auth.TC01 register user                                        | FAIL |
2026-06-28 05:02:06.017428 1 test, 0 passed, 1 failed
2026-06-28 05:02:06.017492 ==============================================================================
2026-06-28 05:02:06.017518 Suites.Auth                                                           | FAIL |
2026-06-28 05:02:06.017976 1 test, 0 passed, 1 failed
2026-06-28 05:02:06.018125 ==============================================================================
2026-06-28 05:02:06.018152 Suites                                                                | FAIL |
2026-06-28 05:02:06.018425 1 test, 0 passed, 1 failed
2026-06-28 05:02:06.018580 ==============================================================================
2026-06-28 05:02:06.018603 Output:  /home/runner/work/engg-robot-testing-framework/engg-robot-testing-framework/reports/pabot_results/0/output.xml
