2026-06-25 04:45:15.973273 ==============================================================================
2026-06-25 04:45:15.984472 Suites
2026-06-25 04:45:15.984493 ==============================================================================
2026-06-25 04:45:15.984507 Suites.Auth
2026-06-25 04:45:15.985264 ==============================================================================
2026-06-25 04:45:15.985283 Suites.Auth.TC02 login valid
2026-06-25 04:45:15.985283 [ ERROR ] Error in file '/home/runner/work/engg-robot-testing-framework/engg-robot-testing-framework/tests/auth/TC02_login_valid.robot' on line 2: Importing library 'playwright_keyword_library.PlaywrightKeywordLibrary' failed: ModuleNotFoundError: No module named 'playwright_keyword_library'
2026-06-25 04:45:16.002456 ==============================================================================
2026-06-25 04:45:16.002456 Traceback (most recent call last):
2026-06-25 04:45:16.002479   None
2026-06-25 04:45:16.052622 PYTHONPATH:
2026-06-25 04:45:16.102802   /opt/hostedtoolcache/Python/3.11.15/x64/bin
2026-06-25 04:45:16.152973   /opt/hostedtoolcache/Python/3.11.15/x64/lib/python311.zip
2026-06-25 04:45:16.203234   /opt/hostedtoolcache/Python/3.11.15/x64/lib/python3.11
2026-06-25 04:45:16.253421   /opt/hostedtoolcache/Python/3.11.15/x64/lib/python3.11/lib-dynload
2026-06-25 04:45:16.303649   /opt/hostedtoolcache/Python/3.11.15/x64/lib/python3.11/site-packages
2026-06-25 04:45:16.353878 [ ERROR ] Error in file '/home/runner/work/engg-robot-testing-framework/engg-robot-testing-framework/resources/auth_keywords.resource' on line 2: Importing library 'playwright_keyword_library.PlaywrightKeywordLibrary' failed: ModuleNotFoundError: No module named 'playwright_keyword_library'
2026-06-25 04:45:16.404072 Traceback (most recent call last):
2026-06-25 04:45:16.454278   None
2026-06-25 04:45:16.504477 PYTHONPATH:
2026-06-25 04:45:16.554737   /opt/hostedtoolcache/Python/3.11.15/x64/bin
2026-06-25 04:45:16.604927   /opt/hostedtoolcache/Python/3.11.15/x64/lib/python311.zip
2026-06-25 04:45:16.655172   /opt/hostedtoolcache/Python/3.11.15/x64/lib/python3.11
2026-06-25 04:45:16.705391   /opt/hostedtoolcache/Python/3.11.15/x64/lib/python3.11/lib-dynload
2026-06-25 04:45:16.755580   /opt/hostedtoolcache/Python/3.11.15/x64/lib/python3.11/site-packages
2026-06-25 04:45:16.805877 [ ERROR ] Error in file '/home/runner/work/engg-robot-testing-framework/engg-robot-testing-framework/resources/common.resource' on line 4: Importing library 'playwright_keyword_library.PlaywrightKeywordLibrary' failed: ModuleNotFoundError: No module named 'playwright_keyword_library'
2026-06-25 04:45:16.856057 Traceback (most recent call last):
2026-06-25 04:45:16.906310   None
2026-06-25 04:45:16.956475 PYTHONPATH:
2026-06-25 04:45:17.006664   /opt/hostedtoolcache/Python/3.11.15/x64/bin
2026-06-25 04:45:17.056843   /opt/hostedtoolcache/Python/3.11.15/x64/lib/python311.zip
2026-06-25 04:45:17.107092   /opt/hostedtoolcache/Python/3.11.15/x64/lib/python3.11
2026-06-25 04:45:17.157282   /opt/hostedtoolcache/Python/3.11.15/x64/lib/python3.11/lib-dynload
2026-06-25 04:45:17.207528   /opt/hostedtoolcache/Python/3.11.15/x64/lib/python3.11/site-packages
2026-06-25 04:45:25.981196 TC02 Login User With Correct Email And Password                       | FAIL |
2026-06-25 04:45:26.012387 Setup failed:
2026-06-25 04:45:26.012411 No keyword with name 'Open Browser' found.
2026-06-25 04:45:26.012425 
2026-06-25 04:45:26.012438 Also teardown failed:
2026-06-25 04:45:26.012450 Several failures occurred:
2026-06-25 04:45:26.012465 
2026-06-25 04:45:26.012477 1) No keyword with name 'Register Keyword To Run On Failure' found.
2026-06-25 04:45:26.012492 
2026-06-25 04:45:26.012553 2) No keyword with name 'Close Browser' found. Did you mean:
2026-06-25 04:45:26.012572     common.Close Test Browser
2026-06-25 04:45:26.012587 ------------------------------------------------------------------------------
2026-06-25 04:45:26.012667 Suites.Auth.TC02 login valid                                          | FAIL |
2026-06-25 04:45:26.013073 1 test, 0 passed, 1 failed
2026-06-25 04:45:26.013642 ==============================================================================
2026-06-25 04:45:26.013649 Suites.Auth                                                           | FAIL |
2026-06-25 04:45:26.013656 1 test, 0 passed, 1 failed
2026-06-25 04:45:26.013662 ==============================================================================
2026-06-25 04:45:26.013668 Suites                                                                | FAIL |
2026-06-25 04:45:26.014018 1 test, 0 passed, 1 failed
2026-06-25 04:45:26.014061 ==============================================================================
2026-06-25 04:45:26.014073 Output:  /home/runner/work/engg-robot-testing-framework/engg-robot-testing-framework/reports/pabot_results/1/output.xml
