2026-08-17 13:11:01.753023 ==============================================================================
2026-08-17 13:11:01.800008 Suites
2026-08-17 13:11:01.800031 ==============================================================================
2026-08-17 13:11:01.800045 Suites.Cart
2026-08-17 13:11:01.800771 ==============================================================================
2026-08-17 13:11:01.800787 Suites.Cart.TC20 search and verify cart after login :: TC20 - Search Produc...
2026-08-17 13:11:01.800787 [ ERROR ] Error in file '/home/runner/work/engg-robot-testing-framework/engg-robot-testing-framework/tests/cart/TC20_search_and_verify_cart_after_login.robot' on line 3: Importing library 'playwright_keyword_library.PlaywrightKeywordLibrary' failed: ModuleNotFoundError: No module named 'playwright_keyword_library'
2026-08-17 13:11:01.835179 ==============================================================================
2026-08-17 13:11:01.835179 Traceback (most recent call last):
2026-08-17 13:11:01.835202   None
2026-08-17 13:11:01.885325 PYTHONPATH:
2026-08-17 13:11:01.935419   /opt/hostedtoolcache/Python/3.11.15/x64/bin
2026-08-17 13:11:01.985568   /opt/hostedtoolcache/Python/3.11.15/x64/lib/python311.zip
2026-08-17 13:11:02.035680   /opt/hostedtoolcache/Python/3.11.15/x64/lib/python3.11
2026-08-17 13:11:02.085822   /opt/hostedtoolcache/Python/3.11.15/x64/lib/python3.11/lib-dynload
2026-08-17 13:11:02.135930   /opt/hostedtoolcache/Python/3.11.15/x64/lib/python3.11/site-packages
2026-08-17 13:11:02.186071 [ ERROR ] Error in file '/home/runner/work/engg-robot-testing-framework/engg-robot-testing-framework/resources/common.resource' on line 4: Importing library 'playwright_keyword_library.PlaywrightKeywordLibrary' failed: ModuleNotFoundError: No module named 'playwright_keyword_library'
2026-08-17 13:11:02.236335 Traceback (most recent call last):
2026-08-17 13:11:02.286480   None
2026-08-17 13:11:02.336677 PYTHONPATH:
2026-08-17 13:11:02.386821   /opt/hostedtoolcache/Python/3.11.15/x64/bin
2026-08-17 13:11:02.436916   /opt/hostedtoolcache/Python/3.11.15/x64/lib/python311.zip
2026-08-17 13:11:02.487061   /opt/hostedtoolcache/Python/3.11.15/x64/lib/python3.11
2026-08-17 13:11:02.537208   /opt/hostedtoolcache/Python/3.11.15/x64/lib/python3.11/lib-dynload
2026-08-17 13:11:02.587351   /opt/hostedtoolcache/Python/3.11.15/x64/lib/python3.11/site-packages
2026-08-17 13:11:02.637516 [ ERROR ] Error in file '/home/runner/work/engg-robot-testing-framework/engg-robot-testing-framework/resources/product_keywords.resource' on line 2: Importing library 'playwright_keyword_library.PlaywrightKeywordLibrary' failed: ModuleNotFoundError: No module named 'playwright_keyword_library'
2026-08-17 13:11:02.687676 Traceback (most recent call last):
2026-08-17 13:11:02.737845   None
2026-08-17 13:11:02.788011 PYTHONPATH:
2026-08-17 13:11:02.838172   /opt/hostedtoolcache/Python/3.11.15/x64/bin
2026-08-17 13:11:02.888338   /opt/hostedtoolcache/Python/3.11.15/x64/lib/python311.zip
2026-08-17 13:11:02.938494   /opt/hostedtoolcache/Python/3.11.15/x64/lib/python3.11
2026-08-17 13:11:02.988656   /opt/hostedtoolcache/Python/3.11.15/x64/lib/python3.11/lib-dynload
2026-08-17 13:11:03.038820   /opt/hostedtoolcache/Python/3.11.15/x64/lib/python3.11/site-packages
2026-08-17 13:11:03.088976 [ ERROR ] Error in file '/home/runner/work/engg-robot-testing-framework/engg-robot-testing-framework/resources/cart_keywords.resource' on line 2: Importing library 'playwright_keyword_library.PlaywrightKeywordLibrary' failed: ModuleNotFoundError: No module named 'playwright_keyword_library'
2026-08-17 13:11:03.139137 Traceback (most recent call last):
2026-08-17 13:11:03.189293   None
2026-08-17 13:11:03.239455 PYTHONPATH:
2026-08-17 13:11:03.289616   /opt/hostedtoolcache/Python/3.11.15/x64/bin
2026-08-17 13:11:03.339781   /opt/hostedtoolcache/Python/3.11.15/x64/lib/python311.zip
2026-08-17 13:11:03.389946   /opt/hostedtoolcache/Python/3.11.15/x64/lib/python3.11
2026-08-17 13:11:03.440120   /opt/hostedtoolcache/Python/3.11.15/x64/lib/python3.11/lib-dynload
2026-08-17 13:11:03.490294   /opt/hostedtoolcache/Python/3.11.15/x64/lib/python3.11/site-packages
2026-08-17 13:11:03.540477 [ ERROR ] Error in file '/home/runner/work/engg-robot-testing-framework/engg-robot-testing-framework/resources/auth_keywords.resource' on line 2: Importing library 'playwright_keyword_library.PlaywrightKeywordLibrary' failed: ModuleNotFoundError: No module named 'playwright_keyword_library'
2026-08-17 13:11:03.590643 Traceback (most recent call last):
2026-08-17 13:11:03.640809   None
2026-08-17 13:11:03.690969 PYTHONPATH:
2026-08-17 13:11:03.741139   /opt/hostedtoolcache/Python/3.11.15/x64/bin
2026-08-17 13:11:03.791303   /opt/hostedtoolcache/Python/3.11.15/x64/lib/python311.zip
2026-08-17 13:11:03.841467   /opt/hostedtoolcache/Python/3.11.15/x64/lib/python3.11
2026-08-17 13:11:03.891633   /opt/hostedtoolcache/Python/3.11.15/x64/lib/python3.11/lib-dynload
2026-08-17 13:11:03.941816   /opt/hostedtoolcache/Python/3.11.15/x64/lib/python3.11/site-packages
2026-08-17 13:11:11.810434 TC20 Search Products And Verify Cart After Login                      | FAIL |
2026-08-17 13:11:11.846537 Setup failed:
2026-08-17 13:11:11.846554 No keyword with name 'Open Browser' found.
2026-08-17 13:11:11.846566 
2026-08-17 13:11:11.846576 Also teardown failed:
2026-08-17 13:11:11.846586 Several failures occurred:
2026-08-17 13:11:11.846595 
2026-08-17 13:11:11.846605 1) No keyword with name 'Register Keyword To Run On Failure' found.
2026-08-17 13:11:11.846615 
2026-08-17 13:11:11.846624 2) No keyword with name 'Close Browser' found. Did you mean:
2026-08-17 13:11:11.846634     common.Close Test Browser
2026-08-17 13:11:11.846644 ------------------------------------------------------------------------------
2026-08-17 13:11:11.846654 Suites.Cart.TC20 search and verify cart after login :: TC20 - Sear... | FAIL |
2026-08-17 13:11:11.847152 1 test, 0 passed, 1 failed
2026-08-17 13:11:11.847208 ==============================================================================
2026-08-17 13:11:11.847219 Suites.Cart                                                           | FAIL |
2026-08-17 13:11:11.847545 1 test, 0 passed, 1 failed
2026-08-17 13:11:11.847598 ==============================================================================
2026-08-17 13:11:11.847608 Suites                                                                | FAIL |
2026-08-17 13:11:11.847866 1 test, 0 passed, 1 failed
2026-08-17 13:11:11.847918 ==============================================================================
2026-08-17 13:11:11.847928 Output:  /home/runner/work/engg-robot-testing-framework/engg-robot-testing-framework/reports/pabot_results/8/output.xml
