2026-06-15 05:37:24.947205 ==============================================================================
2026-06-15 05:37:24.963145 Suites
2026-06-15 05:37:24.963166 ==============================================================================
2026-06-15 05:37:24.963181 Suites.Cart
2026-06-15 05:37:24.964030 ==============================================================================
2026-06-15 05:37:25.064278 Suites.Cart.TC20 search and verify cart after login :: TC20 - Search Produc...
2026-06-15 05:37:25.105477 ==============================================================================
2026-06-15 05:37:35.831466 TC20 Search Products And Verify Cart After Login                      | FAIL |
2026-06-15 05:37:35.849899 Setup failed:
2026-06-15 05:37:35.849944 Title should have been 'Automation Exercise' but was 'One moment, please...'.
2026-06-15 05:37:35.849953 ------------------------------------------------------------------------------
2026-06-15 05:37:35.849960 Suites.Cart.TC20 search and verify cart after login :: TC20 - Sear... | FAIL |
2026-06-15 05:37:35.850594 1 test, 0 passed, 1 failed
2026-06-15 05:37:35.850641 ==============================================================================
2026-06-15 05:37:35.850649 Suites.Cart                                                           | FAIL |
2026-06-15 05:37:35.851175 1 test, 0 passed, 1 failed
2026-06-15 05:37:35.851184 ==============================================================================
2026-06-15 05:37:35.851191 Suites                                                                | FAIL |
2026-06-15 05:37:35.851309 1 test, 0 passed, 1 failed
2026-06-15 05:37:35.851356 ==============================================================================
2026-06-15 05:37:35.851364 Output:  /home/runner/work/engg-robot-testing-framework/engg-robot-testing-framework/reports/pabot_results/8/output.xml
