[INFO]    Initialized logging in reports/pabot_results
[INFO]    Robot Framework remote server at 127.0.0.1:8270 started.
[DEBUG]   2026-06-02 03:10:14.881540 [PID:2469] [1] [ID:1] EXECUTING Suites.Auth.TC02 login valid
[DEBUG]   2026-06-02 03:10:14.883212 [PID:2470] [0] [ID:0] EXECUTING Suites.Auth.TC01 register user
[DEBUG]   2026-06-02 03:10:19.887189 [PID:2469] [1] [ID:1] still running Suites.Auth.TC02 login valid after 5.0s
[DEBUG]   2026-06-02 03:10:19.887847 [PID:2470] [0] [ID:0] still running Suites.Auth.TC01 register user after 5.0s
[DEBUG]   2026-06-02 03:10:29.905103 [PID:2469] [1] [ID:1] still running Suites.Auth.TC02 login valid after 15.0s
[DEBUG]   2026-06-02 03:10:29.905220 [PID:2470] [0] [ID:0] still running Suites.Auth.TC01 register user after 15.0s
[DEBUG]   2026-06-02 03:10:44.926855 [PID:2470] [0] [ID:0] still running Suites.Auth.TC01 register user after 30.0s
[DEBUG]   2026-06-02 03:10:44.929727 [PID:2469] [1] [ID:1] still running Suites.Auth.TC02 login valid after 30.0s
[INFO]    2026-06-02 03:10:51.536119 [PID:2470] [0] [ID:0] PASSED Suites.Auth.TC01 register user in 36.7 seconds
[DEBUG]   2026-06-02 03:10:51.541800 [PID:2956] [0] [ID:2] EXECUTING Suites.Auth.TC03 login invalid
[INFO]    2026-06-02 03:10:55.243866 [PID:2469] [1] [ID:1] PASSED Suites.Auth.TC02 login valid in 40.4 seconds
[DEBUG]   2026-06-02 03:10:55.249549 [PID:3175] [1] [ID:3] EXECUTING Suites.Auth.TC04 logout user
[DEBUG]   2026-06-02 03:10:56.548922 [PID:2956] [0] [ID:2] still running Suites.Auth.TC03 login invalid after 5.0s
[DEBUG]   2026-06-02 03:11:00.256846 [PID:3175] [1] [ID:3] still running Suites.Auth.TC04 logout user after 5.0s
[DEBUG]   2026-06-02 03:11:06.559054 [PID:2956] [0] [ID:2] still running Suites.Auth.TC03 login invalid after 15.0s
[INFO]    2026-06-02 03:11:06.762000 [PID:2956] [0] [ID:2] PASSED Suites.Auth.TC03 login invalid in 15.2 seconds
[DEBUG]   2026-06-02 03:11:06.767212 [PID:3436] [0] [ID:4] EXECUTING Suites.Auth.TC05 register existing email
[DEBUG]   2026-06-02 03:11:10.275511 [PID:3175] [1] [ID:3] still running Suites.Auth.TC04 logout user after 15.0s
[DEBUG]   2026-06-02 03:11:11.780107 [PID:3436] [0] [ID:4] still running Suites.Auth.TC05 register existing email after 5.0s
[DEBUG]   2026-06-02 03:11:21.792287 [PID:3436] [0] [ID:4] still running Suites.Auth.TC05 register existing email after 15.0s
[DEBUG]   2026-06-02 03:11:25.298374 [PID:3175] [1] [ID:3] still running Suites.Auth.TC04 logout user after 30.0s
[INFO]    2026-06-02 03:11:26.804521 [PID:3175] [1] [ID:3] PASSED Suites.Auth.TC04 logout user in 31.6 seconds
[DEBUG]   2026-06-02 03:11:26.809227 [PID:3748] [1] [ID:5] EXECUTING Suites.Cart.TC12 add products to cart
[DEBUG]   2026-06-02 03:11:31.815509 [PID:3748] [1] [ID:5] still running Suites.Cart.TC12 add products to cart after 5.0s
[DEBUG]   2026-06-02 03:11:36.817264 [PID:3436] [0] [ID:4] still running Suites.Auth.TC05 register existing email after 30.0s
[DEBUG]   2026-06-02 03:11:41.825086 [PID:3748] [1] [ID:5] still running Suites.Cart.TC12 add products to cart after 15.0s
[INFO]    2026-06-02 03:11:42.425364 [PID:3436] [0] [ID:4] PASSED Suites.Auth.TC05 register existing email in 35.7 seconds
[DEBUG]   2026-06-02 03:11:42.429527 [PID:3988] [0] [ID:6] EXECUTING Suites.Cart.TC13 verify product quantity
[INFO]    2026-06-02 03:11:44.332944 [PID:3748] [1] [ID:5] PASSED Suites.Cart.TC12 add products to cart in 17.5 seconds
[DEBUG]   2026-06-02 03:11:44.340609 [PID:4134] [1] [ID:7] EXECUTING Suites.Cart.TC17 remove products from cart
[DEBUG]   2026-06-02 03:11:47.438017 [PID:3988] [0] [ID:6] still running Suites.Cart.TC13 verify product quantity after 5.0s
[DEBUG]   2026-06-02 03:11:49.347952 [PID:4134] [1] [ID:7] still running Suites.Cart.TC17 remove products from cart after 5.0s
[INFO]    2026-06-02 03:11:56.050003 [PID:3988] [0] [ID:6] PASSED Suites.Cart.TC13 verify product quantity in 13.6 seconds
[DEBUG]   2026-06-02 03:11:56.054529 [PID:4397] [0] [ID:8] EXECUTING Suites.Cart.TC20 search and verify cart after login
[DEBUG]   2026-06-02 03:11:59.362205 [PID:4134] [1] [ID:7] still running Suites.Cart.TC17 remove products from cart after 15.0s
[DEBUG]   2026-06-02 03:12:01.063515 [PID:4397] [0] [ID:8] still running Suites.Cart.TC20 search and verify cart after login after 5.0s
[INFO]    2026-06-02 03:12:02.368434 [PID:4134] [1] [ID:7] PASSED Suites.Cart.TC17 remove products from cart in 18.0 seconds
[DEBUG]   2026-06-02 03:12:02.374390 [PID:4633] [1] [ID:9] EXECUTING Suites.Cart.TC22 add from recommended items
[DEBUG]   2026-06-02 03:12:07.383768 [PID:4633] [1] [ID:9] still running Suites.Cart.TC22 add from recommended items after 5.0s
[DEBUG]   2026-06-02 03:12:11.079178 [PID:4397] [0] [ID:8] still running Suites.Cart.TC20 search and verify cart after login after 15.0s
[DEBUG]   2026-06-02 03:12:17.396069 [PID:4633] [1] [ID:9] still running Suites.Cart.TC22 add from recommended items after 15.0s
[INFO]    2026-06-02 03:12:18.802718 [PID:4633] [1] [ID:9] PASSED Suites.Cart.TC22 add from recommended items in 16.4 seconds
[DEBUG]   2026-06-02 03:12:26.095128 [PID:4397] [0] [ID:8] still running Suites.Cart.TC20 search and verify cart after login after 30.0s
[INFO]    2026-06-02 03:12:31.402032 [PID:4397] [0] [ID:8] PASSED Suites.Cart.TC20 search and verify cart after login in 35.3 seconds
[INFO]    10 tests, 10 passed, 0 failed, 0 skipped.
[INFO]    ===================================================
[INFO]    Output:  /home/runner/work/engg-robot-testing-framework/engg-robot-testing-framework/reports/output.xml
[INFO]    Log:     /home/runner/work/engg-robot-testing-framework/engg-robot-testing-framework/reports/log.html
[INFO]    Report:  /home/runner/work/engg-robot-testing-framework/engg-robot-testing-framework/reports/report.html
[DEBUG]   Finalizing Pabot execution...
[DEBUG]   Stopping PabotLib process
[INFO]    Robot Framework remote server at 127.0.0.1:8270 stopped.
[DEBUG]   PabotLib process stopped
[INFO]    Total testing: 4 minutes 20.40 seconds
[INFO]    Elapsed time:  2 minutes 17.9 seconds
[DEBUG]   Logs flushed successfully.
