2026-10-03 05:35:35.515008 ==============================================================================
2026-10-03 05:35:35.542621 Suites
2026-10-03 05:35:35.542649 ==============================================================================
2026-10-03 05:35:35.542719 Suites.Auth
2026-10-03 05:35:35.543645 ==============================================================================
2026-10-03 05:35:35.543664 Suites.Auth.TC03 login invalid
2026-10-03 05:35:35.543664 [ ERROR ] Error in file '/home/runner/work/engg-robot-testing-framework/engg-robot-testing-framework/tests/auth/TC03_login_invalid.robot' on line 2: Importing library 'playwright_keyword_library.PlaywrightKeywordLibrary' failed: ModuleNotFoundError: No module named 'playwright_keyword_library'
2026-10-03 05:35:35.563769 ==============================================================================
2026-10-03 05:35:35.563769 Traceback (most recent call last):
2026-10-03 05:35:35.563792   None
2026-10-03 05:35:35.613902 PYTHONPATH:
2026-10-03 05:35:35.663996   /opt/hostedtoolcache/Python/3.11.16/x64/bin
2026-10-03 05:35:35.714097   /opt/hostedtoolcache/Python/3.11.16/x64/lib/python311.zip
2026-10-03 05:35:35.764189   /opt/hostedtoolcache/Python/3.11.16/x64/lib/python3.11
2026-10-03 05:35:35.814291   /opt/hostedtoolcache/Python/3.11.16/x64/lib/python3.11/lib-dynload
2026-10-03 05:35:35.864426   /opt/hostedtoolcache/Python/3.11.16/x64/lib/python3.11/site-packages
2026-10-03 05:35:35.914576 [ ERROR ] Error in file '/home/runner/work/engg-robot-testing-framework/engg-robot-testing-framework/resources/auth_keywords.resource' on line 2: Importing library 'playwright_keyword_library.PlaywrightKeywordLibrary' failed: ModuleNotFoundError: No module named 'playwright_keyword_library'
2026-10-03 05:35:35.964710 Traceback (most recent call last):
2026-10-03 05:35:36.014872   None
2026-10-03 05:35:36.065121 PYTHONPATH:
2026-10-03 05:35:36.115293   /opt/hostedtoolcache/Python/3.11.16/x64/bin
2026-10-03 05:35:36.165457   /opt/hostedtoolcache/Python/3.11.16/x64/lib/python311.zip
2026-10-03 05:35:36.215617   /opt/hostedtoolcache/Python/3.11.16/x64/lib/python3.11
2026-10-03 05:35:36.265767   /opt/hostedtoolcache/Python/3.11.16/x64/lib/python3.11/lib-dynload
2026-10-03 05:35:36.315946   /opt/hostedtoolcache/Python/3.11.16/x64/lib/python3.11/site-packages
2026-10-03 05:35:36.366110 [ ERROR ] Error in file '/home/runner/work/engg-robot-testing-framework/engg-robot-testing-framework/resources/common.resource' on line 4: Importing library 'playwright_keyword_library.PlaywrightKeywordLibrary' failed: ModuleNotFoundError: No module named 'playwright_keyword_library'
2026-10-03 05:35:36.416272 Traceback (most recent call last):
2026-10-03 05:35:36.466434   None
2026-10-03 05:35:36.516590 PYTHONPATH:
2026-10-03 05:35:36.566748   /opt/hostedtoolcache/Python/3.11.16/x64/bin
2026-10-03 05:35:36.616896   /opt/hostedtoolcache/Python/3.11.16/x64/lib/python311.zip
2026-10-03 05:35:36.667010   /opt/hostedtoolcache/Python/3.11.16/x64/lib/python3.11
2026-10-03 05:35:36.717208   /opt/hostedtoolcache/Python/3.11.16/x64/lib/python3.11/lib-dynload
2026-10-03 05:35:36.767449   /opt/hostedtoolcache/Python/3.11.16/x64/lib/python3.11/site-packages
2026-10-03 05:35:45.546183 TC03 Login User With Incorrect Email And Password                     | FAIL |
2026-10-03 05:35:45.574674 Setup failed:
2026-10-03 05:35:45.574689 No keyword with name 'Open Browser' found.
2026-10-03 05:35:45.574704 
2026-10-03 05:35:45.574723 Also teardown failed:
2026-10-03 05:35:45.574753 Several failures occurred:
2026-10-03 05:35:45.574769 
2026-10-03 05:35:45.574782 1) No keyword with name 'Register Keyword To Run On Failure' found.
2026-10-03 05:35:45.574796 
2026-10-03 05:35:45.574808 2) No keyword with name 'Close Browser' found. Did you mean:
2026-10-03 05:35:45.574821     common.Close Test Browser
2026-10-03 05:35:45.574833 ------------------------------------------------------------------------------
2026-10-03 05:35:45.574845 Suites.Auth.TC03 login invalid                                        | FAIL |
2026-10-03 05:35:45.575325 1 test, 0 passed, 1 failed
2026-10-03 05:35:45.575482 ==============================================================================
2026-10-03 05:35:45.575500 Suites.Auth                                                           | FAIL |
2026-10-03 05:35:45.575896 1 test, 0 passed, 1 failed
2026-10-03 05:35:45.575916 ==============================================================================
2026-10-03 05:35:45.575931 Suites                                                                | FAIL |
2026-10-03 05:35:45.576246 1 test, 0 passed, 1 failed
2026-10-03 05:35:45.576272 ==============================================================================
2026-10-03 05:35:45.576349 Output:  /home/runner/work/engg-robot-testing-framework/engg-robot-testing-framework/reports/pabot_results/2/output.xml
