2026-09-10 05:03:18.028608 ==============================================================================
2026-09-10 05:03:18.052397 Suites
2026-09-10 05:03:18.052419 ==============================================================================
2026-09-10 05:03:18.052440 Suites.Auth
2026-09-10 05:03:18.053319 ==============================================================================
2026-09-10 05:03:18.053338 Suites.Auth.TC02 login valid
2026-09-10 05:03:18.053338 [ ERROR ] Error in file '/home/runner/work/engg-robot-testing-framework/engg-robot-testing-framework/tests/auth/TC02_login_valid.robot' on line 2: Importing library 'playwright_keyword_library.PlaywrightKeywordLibrary' failed: ModuleNotFoundError: No module named 'playwright_keyword_library'
2026-09-10 05:03:18.072512 ==============================================================================
2026-09-10 05:03:18.072512 Traceback (most recent call last):
2026-09-10 05:03:18.072540   None
2026-09-10 05:03:18.122663 PYTHONPATH:
2026-09-10 05:03:18.172772   /opt/hostedtoolcache/Python/3.11.16/x64/bin
2026-09-10 05:03:18.222881   /opt/hostedtoolcache/Python/3.11.16/x64/lib/python311.zip
2026-09-10 05:03:18.272990   /opt/hostedtoolcache/Python/3.11.16/x64/lib/python3.11
2026-09-10 05:03:18.323097   /opt/hostedtoolcache/Python/3.11.16/x64/lib/python3.11/lib-dynload
2026-09-10 05:03:18.373245   /opt/hostedtoolcache/Python/3.11.16/x64/lib/python3.11/site-packages
2026-09-10 05:03:18.423398 [ ERROR ] Error in file '/home/runner/work/engg-robot-testing-framework/engg-robot-testing-framework/resources/auth_keywords.resource' on line 2: Importing library 'playwright_keyword_library.PlaywrightKeywordLibrary' failed: ModuleNotFoundError: No module named 'playwright_keyword_library'
2026-09-10 05:03:18.473534 Traceback (most recent call last):
2026-09-10 05:03:18.523671   None
2026-09-10 05:03:18.573803 PYTHONPATH:
2026-09-10 05:03:18.623953   /opt/hostedtoolcache/Python/3.11.16/x64/bin
2026-09-10 05:03:18.674067   /opt/hostedtoolcache/Python/3.11.16/x64/lib/python311.zip
2026-09-10 05:03:18.724224   /opt/hostedtoolcache/Python/3.11.16/x64/lib/python3.11
2026-09-10 05:03:18.774386   /opt/hostedtoolcache/Python/3.11.16/x64/lib/python3.11/lib-dynload
2026-09-10 05:03:18.824546   /opt/hostedtoolcache/Python/3.11.16/x64/lib/python3.11/site-packages
2026-09-10 05:03:18.874705 [ ERROR ] Error in file '/home/runner/work/engg-robot-testing-framework/engg-robot-testing-framework/resources/common.resource' on line 4: Importing library 'playwright_keyword_library.PlaywrightKeywordLibrary' failed: ModuleNotFoundError: No module named 'playwright_keyword_library'
2026-09-10 05:03:18.924860 Traceback (most recent call last):
2026-09-10 05:03:18.975010   None
2026-09-10 05:03:19.025162 PYTHONPATH:
2026-09-10 05:03:19.075309   /opt/hostedtoolcache/Python/3.11.16/x64/bin
2026-09-10 05:03:19.125421   /opt/hostedtoolcache/Python/3.11.16/x64/lib/python311.zip
2026-09-10 05:03:19.175579   /opt/hostedtoolcache/Python/3.11.16/x64/lib/python3.11
2026-09-10 05:03:19.225713   /opt/hostedtoolcache/Python/3.11.16/x64/lib/python3.11/lib-dynload
2026-09-10 05:03:19.275824   /opt/hostedtoolcache/Python/3.11.16/x64/lib/python3.11/site-packages
2026-09-10 05:03:28.047229 TC02 Login User With Correct Email And Password                       | FAIL |
2026-09-10 05:03:28.082859 Setup failed:
2026-09-10 05:03:28.082876 No keyword with name 'Open Browser' found.
2026-09-10 05:03:28.082888 
2026-09-10 05:03:28.082899 Also teardown failed:
2026-09-10 05:03:28.082910 Several failures occurred:
2026-09-10 05:03:28.082920 
2026-09-10 05:03:28.082931 1) No keyword with name 'Register Keyword To Run On Failure' found.
2026-09-10 05:03:28.082942 
2026-09-10 05:03:28.082952 2) No keyword with name 'Close Browser' found. Did you mean:
2026-09-10 05:03:28.082963     common.Close Test Browser
2026-09-10 05:03:28.082973 ------------------------------------------------------------------------------
2026-09-10 05:03:28.082983 Suites.Auth.TC02 login valid                                          | FAIL |
2026-09-10 05:03:28.083435 1 test, 0 passed, 1 failed
2026-09-10 05:03:28.083477 ==============================================================================
2026-09-10 05:03:28.083489 Suites.Auth                                                           | FAIL |
2026-09-10 05:03:28.083881 1 test, 0 passed, 1 failed
2026-09-10 05:03:28.083923 ==============================================================================
2026-09-10 05:03:28.083934 Suites                                                                | FAIL |
2026-09-10 05:03:28.084242 1 test, 0 passed, 1 failed
2026-09-10 05:03:28.084285 ==============================================================================
2026-09-10 05:03:28.084296 Output:  /home/runner/work/engg-robot-testing-framework/engg-robot-testing-framework/reports/pabot_results/1/output.xml
