2026-09-23 05:00:26.425825 ==============================================================================
2026-09-23 05:00:26.450683 Suites
2026-09-23 05:00:26.450704 ==============================================================================
2026-09-23 05:00:26.450720 Suites.Cart
2026-09-23 05:00:26.451561 ==============================================================================
2026-09-23 05:00:26.451581 Suites.Cart.TC17 remove products from cart :: TC17 - Remove Products From Cart
2026-09-23 05:00:26.451581 [ ERROR ] Error in file '/home/runner/work/engg-robot-testing-framework/engg-robot-testing-framework/resources/common.resource' on line 4: Importing library 'playwright_keyword_library.PlaywrightKeywordLibrary' failed: ModuleNotFoundError: No module named 'playwright_keyword_library'
2026-09-23 05:00:26.482032 ==============================================================================
2026-09-23 05:00:26.482032 Traceback (most recent call last):
2026-09-23 05:00:26.482058   None
2026-09-23 05:00:26.532178 PYTHONPATH:
2026-09-23 05:00:26.582299   /opt/hostedtoolcache/Python/3.11.16/x64/bin
2026-09-23 05:00:26.632425   /opt/hostedtoolcache/Python/3.11.16/x64/lib/python311.zip
2026-09-23 05:00:26.682534   /opt/hostedtoolcache/Python/3.11.16/x64/lib/python3.11
2026-09-23 05:00:26.732696   /opt/hostedtoolcache/Python/3.11.16/x64/lib/python3.11/lib-dynload
2026-09-23 05:00:26.782817   /opt/hostedtoolcache/Python/3.11.16/x64/lib/python3.11/site-packages
2026-09-23 05:00:26.832941 [ ERROR ] Error in file '/home/runner/work/engg-robot-testing-framework/engg-robot-testing-framework/resources/product_keywords.resource' on line 2: Importing library 'playwright_keyword_library.PlaywrightKeywordLibrary' failed: ModuleNotFoundError: No module named 'playwright_keyword_library'
2026-09-23 05:00:26.883068 Traceback (most recent call last):
2026-09-23 05:00:26.933263   None
2026-09-23 05:00:26.983421 PYTHONPATH:
2026-09-23 05:00:27.033559   /opt/hostedtoolcache/Python/3.11.16/x64/bin
2026-09-23 05:00:27.083670   /opt/hostedtoolcache/Python/3.11.16/x64/lib/python311.zip
2026-09-23 05:00:27.133807   /opt/hostedtoolcache/Python/3.11.16/x64/lib/python3.11
2026-09-23 05:00:27.183933   /opt/hostedtoolcache/Python/3.11.16/x64/lib/python3.11/lib-dynload
2026-09-23 05:00:27.234062   /opt/hostedtoolcache/Python/3.11.16/x64/lib/python3.11/site-packages
2026-09-23 05:00:27.284184 [ ERROR ] Error in file '/home/runner/work/engg-robot-testing-framework/engg-robot-testing-framework/resources/cart_keywords.resource' on line 2: Importing library 'playwright_keyword_library.PlaywrightKeywordLibrary' failed: ModuleNotFoundError: No module named 'playwright_keyword_library'
2026-09-23 05:00:27.334295 Traceback (most recent call last):
2026-09-23 05:00:27.384422   None
2026-09-23 05:00:27.434553 PYTHONPATH:
2026-09-23 05:00:27.484702   /opt/hostedtoolcache/Python/3.11.16/x64/bin
2026-09-23 05:00:27.534820   /opt/hostedtoolcache/Python/3.11.16/x64/lib/python311.zip
2026-09-23 05:00:27.584940   /opt/hostedtoolcache/Python/3.11.16/x64/lib/python3.11
2026-09-23 05:00:27.635061   /opt/hostedtoolcache/Python/3.11.16/x64/lib/python3.11/lib-dynload
2026-09-23 05:00:27.685186   /opt/hostedtoolcache/Python/3.11.16/x64/lib/python3.11/site-packages
2026-09-23 05:00:36.453635 TC17 Remove Products From Cart                                        | FAIL |
2026-09-23 05:00:36.495597 Setup failed:
2026-09-23 05:00:36.495617 No keyword with name 'Open Browser' found.
2026-09-23 05:00:36.495631 
2026-09-23 05:00:36.495644 Also teardown failed:
2026-09-23 05:00:36.495657 Several failures occurred:
2026-09-23 05:00:36.495671 
2026-09-23 05:00:36.495685 1) No keyword with name 'Register Keyword To Run On Failure' found.
2026-09-23 05:00:36.495700 
2026-09-23 05:00:36.495713 2) No keyword with name 'Close Browser' found. Did you mean:
2026-09-23 05:00:36.495726     common.Close Test Browser
2026-09-23 05:00:36.495739 ------------------------------------------------------------------------------
2026-09-23 05:00:36.495751 Suites.Cart.TC17 remove products from cart :: TC17 - Remove Produc... | FAIL |
2026-09-23 05:00:36.496315 1 test, 0 passed, 1 failed
2026-09-23 05:00:36.496380 ==============================================================================
2026-09-23 05:00:36.496396 Suites.Cart                                                           | FAIL |
2026-09-23 05:00:36.496768 1 test, 0 passed, 1 failed
2026-09-23 05:00:36.496827 ==============================================================================
2026-09-23 05:00:36.496842 Suites                                                                | FAIL |
2026-09-23 05:00:36.497164 1 test, 0 passed, 1 failed
2026-09-23 05:00:36.497182 ==============================================================================
2026-09-23 05:00:36.497198 Output:  /home/runner/work/engg-robot-testing-framework/engg-robot-testing-framework/reports/pabot_results/7/output.xml
