2026-06-15 01:23:22.609762 ==============================================================================
2026-06-15 01:23:22.659425 Suites
2026-06-15 01:23:22.659443 ==============================================================================
2026-06-15 01:23:22.659460 Suites.Auth
2026-06-15 01:23:22.660185 ==============================================================================
2026-06-15 01:23:22.810508 Suites.Auth.TC02 login valid
2026-06-15 01:23:22.816620 ==============================================================================
2026-06-15 01:23:35.002310 TC02 Login User With Correct Email And Password                       | FAIL |
2026-06-15 01:23:35.024445 Setup failed:
2026-06-15 01:23:35.024463 Title should have been 'Automation Exercise' but was 'One moment, please...'.
2026-06-15 01:23:35.024474 ------------------------------------------------------------------------------
2026-06-15 01:23:35.024484 Suites.Auth.TC02 login valid                                          | FAIL |
2026-06-15 01:23:35.025123 1 test, 0 passed, 1 failed
2026-06-15 01:23:35.025138 ==============================================================================
2026-06-15 01:23:35.025148 Suites.Auth                                                           | FAIL |
2026-06-15 01:23:35.026938 1 test, 0 passed, 1 failed
2026-06-15 01:23:35.026948 ==============================================================================
2026-06-15 01:23:35.026957 Suites                                                                | FAIL |
2026-06-15 01:23:35.026966 1 test, 0 passed, 1 failed
2026-06-15 01:23:35.026975 ==============================================================================
2026-06-15 01:23:35.026983 Output:  /home/runner/work/engg-robot-testing-framework/engg-robot-testing-framework/reports/pabot_results/1/output.xml
