[INFO]    Initialized logging in reports/pabot_results
[INFO]    Robot Framework remote server at 127.0.0.1:8270 started.
[DEBUG]   2026-05-14 04:28:29.498628 [PID:2185] [1] [ID:1] EXECUTING Suites.Auth.TC02 login valid
[DEBUG]   2026-05-14 04:28:29.500243 [PID:2186] [0] [ID:0] EXECUTING Suites.Auth.TC01 register user
[DEBUG]   2026-05-14 04:28:34.504939 [PID:2185] [1] [ID:1] still running Suites.Auth.TC02 login valid after 5.0s
[DEBUG]   2026-05-14 04:28:34.505425 [PID:2186] [0] [ID:0] still running Suites.Auth.TC01 register user after 5.0s
[DEBUG]   2026-05-14 04:28:44.518300 [PID:2185] [1] [ID:1] still running Suites.Auth.TC02 login valid after 15.0s
[DEBUG]   2026-05-14 04:28:44.528145 [PID:2186] [0] [ID:0] still running Suites.Auth.TC01 register user after 15.0s
[DEBUG]   2026-05-14 04:28:59.541912 [PID:2185] [1] [ID:1] still running Suites.Auth.TC02 login valid after 30.0s
[DEBUG]   2026-05-14 04:28:59.544127 [PID:2186] [0] [ID:0] still running Suites.Auth.TC01 register user after 30.0s
[INFO]    2026-05-14 04:29:08.253770 [PID:2186] [0] [ID:0] PASSED Suites.Auth.TC01 register user in 38.8 seconds
[DEBUG]   2026-05-14 04:29:08.257549 [PID:2683] [0] [ID:2] EXECUTING Suites.Auth.TC03 login invalid
[INFO]    2026-05-14 04:29:11.660288 [PID:2185] [1] [ID:1] PASSED Suites.Auth.TC02 login valid in 42.2 seconds
[DEBUG]   2026-05-14 04:29:11.664904 [PID:2878] [1] [ID:3] EXECUTING Suites.Auth.TC04 logout user
[DEBUG]   2026-05-14 04:29:13.267647 [PID:2683] [0] [ID:2] still running Suites.Auth.TC03 login invalid after 5.0s
[DEBUG]   2026-05-14 04:29:16.672838 [PID:2878] [1] [ID:3] still running Suites.Auth.TC04 logout user after 5.0s
[DEBUG]   2026-05-14 04:29:23.277155 [PID:2683] [0] [ID:2] still running Suites.Auth.TC03 login invalid after 15.0s
[INFO]    2026-05-14 04:29:24.482355 [PID:2683] [0] [ID:2] PASSED Suites.Auth.TC03 login invalid in 16.2 seconds
[DEBUG]   2026-05-14 04:29:24.487607 [PID:3160] [0] [ID:4] EXECUTING Suites.Auth.TC05 register existing email
[DEBUG]   2026-05-14 04:29:26.694232 [PID:2878] [1] [ID:3] still running Suites.Auth.TC04 logout user after 15.0s
[DEBUG]   2026-05-14 04:29:29.497363 [PID:3160] [0] [ID:4] still running Suites.Auth.TC05 register existing email after 5.0s
[DEBUG]   2026-05-14 04:29:39.507338 [PID:3160] [0] [ID:4] still running Suites.Auth.TC05 register existing email after 15.0s
[DEBUG]   2026-05-14 04:29:41.710872 [PID:2878] [1] [ID:3] still running Suites.Auth.TC04 logout user after 30.0s
[DEBUG]   2026-05-14 04:29:54.528512 [PID:3160] [0] [ID:4] still running Suites.Auth.TC05 register existing email after 30.0s
[INFO]    2026-05-14 04:30:00.237287 [PID:3160] [0] [ID:4] PASSED Suites.Auth.TC05 register existing email in 35.8 seconds
[DEBUG]   2026-05-14 04:30:00.241058 [PID:3456] [1] [ID:5] EXECUTING Suites.Cart.TC12 add products to cart
[DEBUG]   2026-05-14 04:30:01.730681 [PID:2878] [1] [ID:3] still running Suites.Auth.TC04 logout user after 50.0s
[DEBUG]   2026-05-14 04:30:05.247304 [PID:3456] [1] [ID:5] still running Suites.Cart.TC12 add products to cart after 5.0s
[DEBUG]   2026-05-14 04:30:15.256633 [PID:3456] [1] [ID:5] still running Suites.Cart.TC12 add products to cart after 15.0s
[INFO]    2026-05-14 04:30:17.270565 [PID:3456] [1] [ID:5] PASSED Suites.Cart.TC12 add products to cart in 17.0 seconds
[DEBUG]   2026-05-14 04:30:17.274131 [PID:3892] [0] [ID:6] EXECUTING Suites.Cart.TC13 verify product quantity
[DEBUG]   2026-05-14 04:30:22.279255 [PID:3892] [0] [ID:6] still running Suites.Cart.TC13 verify product quantity after 5.0s
[DEBUG]   2026-05-14 04:30:26.755745 [PID:2878] [1] [ID:3] still running Suites.Auth.TC04 logout user after 75.0s
[INFO]    2026-05-14 04:30:30.088503 [PID:3892] [0] [ID:6] PASSED Suites.Cart.TC13 verify product quantity in 12.8 seconds
[DEBUG]   2026-05-14 04:30:30.092200 [PID:4102] [1] [ID:7] EXECUTING Suites.Cart.TC17 remove products from cart
[DEBUG]   2026-05-14 04:30:35.100877 [PID:4102] [1] [ID:7] still running Suites.Cart.TC17 remove products from cart after 5.0s
[DEBUG]   2026-05-14 04:30:45.110333 [PID:4102] [1] [ID:7] still running Suites.Cart.TC17 remove products from cart after 15.0s
[INFO]    2026-05-14 04:30:47.869588 [PID:4102] [1] [ID:7] PASSED Suites.Cart.TC17 remove products from cart in 17.7 seconds
[DEBUG]   2026-05-14 04:30:47.873654 [PID:4337] [0] [ID:8] EXECUTING Suites.Cart.TC20 search and verify cart after login
[DEBUG]   2026-05-14 04:30:52.881964 [PID:4337] [0] [ID:8] still running Suites.Cart.TC20 search and verify cart after login after 5.0s
[DEBUG]   2026-05-14 04:30:56.785607 [PID:2878] [1] [ID:3] still running Suites.Auth.TC04 logout user after 105.0s
[DEBUG]   2026-05-14 04:31:02.891394 [PID:4337] [0] [ID:8] still running Suites.Cart.TC20 search and verify cart after login after 15.0s
[DEBUG]   2026-05-14 04:31:17.906127 [PID:4337] [0] [ID:8] still running Suites.Cart.TC20 search and verify cart after login after 30.0s
[INFO]    2026-05-14 04:31:24.316815 [PID:4337] [0] [ID:8] PASSED Suites.Cart.TC20 search and verify cart after login in 36.4 seconds
[DEBUG]   2026-05-14 04:31:24.320606 [PID:4602] [1] [ID:9] EXECUTING Suites.Cart.TC22 add from recommended items
[DEBUG]   2026-05-14 04:31:29.325019 [PID:4602] [1] [ID:9] still running Suites.Cart.TC22 add from recommended items after 5.0s
[DEBUG]   2026-05-14 04:31:31.825728 [PID:2878] [1] [ID:3] still running Suites.Auth.TC04 logout user after 140.0s
[DEBUG]   2026-05-14 04:31:39.334555 [PID:4602] [1] [ID:9] still running Suites.Cart.TC22 add from recommended items after 15.0s
[INFO]    2026-05-14 04:31:39.738207 [PID:4602] [1] [ID:9] PASSED Suites.Cart.TC22 add from recommended items in 15.4 seconds
[DEBUG]   2026-05-14 04:32:11.865309 [PID:2878] [1] [ID:3] still running Suites.Auth.TC04 logout user after 180.0s
[INFO]    2026-05-14 04:32:55.312964 [PID:2878] [1] [ID:3] Execution failed in Suites.Auth.TC04 logout user with 1 failing test(s)
==============================================================================
Suites
==============================================================================
Suites.Auth
==============================================================================
Suites.Auth.TC04 logout user
==============================================================================
TC04 Logout User                                                      | FAIL |
ReadTimeoutError: HTTPConnectionPool(host='localhost', port=41465): Read timed out. (read timeout=120)
------------------------------------------------------------------------------
Suites.Auth.TC04 logout user                                          | FAIL |
1 test, 0 passed, 1 failed
==============================================================================
Suites.Auth                                                           | FAIL |
1 test, 0 passed, 1 failed
==============================================================================
Suites                                                                | FAIL |
1 test, 0 passed, 1 failed
==============================================================================
Output:  /home/runner/work/engg-robot-testing-framework/engg-robot-testing-framework/reports/pabot_results/3/output.xml
[INFO]    10 tests, 9 passed, 1 failed, 0 skipped.
[INFO]    ===================================================
[INFO]    Output:  /home/runner/work/engg-robot-testing-framework/engg-robot-testing-framework/reports/output.xml
[INFO]    Log:     /home/runner/work/engg-robot-testing-framework/engg-robot-testing-framework/reports/log.html
[INFO]    Report:  /home/runner/work/engg-robot-testing-framework/engg-robot-testing-framework/reports/report.html
[DEBUG]   Finalizing Pabot execution...
[DEBUG]   Stopping PabotLib process
[INFO]    Robot Framework remote server at 127.0.0.1:8270 stopped.
[DEBUG]   PabotLib process stopped
[INFO]    Total testing: 7 minutes 35.90 seconds
[INFO]    Elapsed time:  4 minutes 26.43 seconds
[DEBUG]   Logs flushed successfully.
