2026-08-03 04:06:44.356264 ==============================================================================
2026-08-03 04:06:44.374321 Suites
2026-08-03 04:06:44.374341 ==============================================================================
2026-08-03 04:06:44.374357 Suites.Cart
2026-08-03 04:06:44.375163 ==============================================================================
2026-08-03 04:06:44.375183 Suites.Cart.TC20 search and verify cart after login :: TC20 - Search Produc...
2026-08-03 04:06:44.375183 [ ERROR ] Error in file '/home/runner/work/engg-robot-testing-framework/engg-robot-testing-framework/tests/cart/TC20_search_and_verify_cart_after_login.robot' on line 3: Importing library 'playwright_keyword_library.PlaywrightKeywordLibrary' failed: ModuleNotFoundError: No module named 'playwright_keyword_library'
2026-08-03 04:06:44.411489 ==============================================================================
2026-08-03 04:06:44.411489 Traceback (most recent call last):
2026-08-03 04:06:44.411513   None
2026-08-03 04:06:44.461625 PYTHONPATH:
2026-08-03 04:06:44.511737   /opt/hostedtoolcache/Python/3.11.15/x64/bin
2026-08-03 04:06:44.561843   /opt/hostedtoolcache/Python/3.11.15/x64/lib/python311.zip
2026-08-03 04:06:44.611954   /opt/hostedtoolcache/Python/3.11.15/x64/lib/python3.11
2026-08-03 04:06:44.662055   /opt/hostedtoolcache/Python/3.11.15/x64/lib/python3.11/lib-dynload
2026-08-03 04:06:44.712203   /opt/hostedtoolcache/Python/3.11.15/x64/lib/python3.11/site-packages
2026-08-03 04:06:44.762357 [ ERROR ] Error in file '/home/runner/work/engg-robot-testing-framework/engg-robot-testing-framework/resources/common.resource' on line 4: Importing library 'playwright_keyword_library.PlaywrightKeywordLibrary' failed: ModuleNotFoundError: No module named 'playwright_keyword_library'
2026-08-03 04:06:44.812507 Traceback (most recent call last):
2026-08-03 04:06:44.862656   None
2026-08-03 04:06:44.912805 PYTHONPATH:
2026-08-03 04:06:44.962953   /opt/hostedtoolcache/Python/3.11.15/x64/bin
2026-08-03 04:06:45.013104   /opt/hostedtoolcache/Python/3.11.15/x64/lib/python311.zip
2026-08-03 04:06:45.063254   /opt/hostedtoolcache/Python/3.11.15/x64/lib/python3.11
2026-08-03 04:06:45.113406   /opt/hostedtoolcache/Python/3.11.15/x64/lib/python3.11/lib-dynload
2026-08-03 04:06:45.163556   /opt/hostedtoolcache/Python/3.11.15/x64/lib/python3.11/site-packages
2026-08-03 04:06:45.213711 [ ERROR ] Error in file '/home/runner/work/engg-robot-testing-framework/engg-robot-testing-framework/resources/product_keywords.resource' on line 2: Importing library 'playwright_keyword_library.PlaywrightKeywordLibrary' failed: ModuleNotFoundError: No module named 'playwright_keyword_library'
2026-08-03 04:06:45.263873 Traceback (most recent call last):
2026-08-03 04:06:45.314029   None
2026-08-03 04:06:45.364180 PYTHONPATH:
2026-08-03 04:06:45.414329   /opt/hostedtoolcache/Python/3.11.15/x64/bin
2026-08-03 04:06:45.464493   /opt/hostedtoolcache/Python/3.11.15/x64/lib/python311.zip
2026-08-03 04:06:45.514645   /opt/hostedtoolcache/Python/3.11.15/x64/lib/python3.11
2026-08-03 04:06:45.564801   /opt/hostedtoolcache/Python/3.11.15/x64/lib/python3.11/lib-dynload
2026-08-03 04:06:45.614951   /opt/hostedtoolcache/Python/3.11.15/x64/lib/python3.11/site-packages
2026-08-03 04:06:45.665085 [ ERROR ] Error in file '/home/runner/work/engg-robot-testing-framework/engg-robot-testing-framework/resources/cart_keywords.resource' on line 2: Importing library 'playwright_keyword_library.PlaywrightKeywordLibrary' failed: ModuleNotFoundError: No module named 'playwright_keyword_library'
2026-08-03 04:06:45.715221 Traceback (most recent call last):
2026-08-03 04:06:45.765376   None
2026-08-03 04:06:45.815505 PYTHONPATH:
2026-08-03 04:06:45.865659   /opt/hostedtoolcache/Python/3.11.15/x64/bin
2026-08-03 04:06:45.915816   /opt/hostedtoolcache/Python/3.11.15/x64/lib/python311.zip
2026-08-03 04:06:45.965977   /opt/hostedtoolcache/Python/3.11.15/x64/lib/python3.11
2026-08-03 04:06:46.016146   /opt/hostedtoolcache/Python/3.11.15/x64/lib/python3.11/lib-dynload
2026-08-03 04:06:46.066319   /opt/hostedtoolcache/Python/3.11.15/x64/lib/python3.11/site-packages
2026-08-03 04:06:46.116479 [ ERROR ] Error in file '/home/runner/work/engg-robot-testing-framework/engg-robot-testing-framework/resources/auth_keywords.resource' on line 2: Importing library 'playwright_keyword_library.PlaywrightKeywordLibrary' failed: ModuleNotFoundError: No module named 'playwright_keyword_library'
2026-08-03 04:06:46.166632 Traceback (most recent call last):
2026-08-03 04:06:46.216784   None
2026-08-03 04:06:46.266933 PYTHONPATH:
2026-08-03 04:06:46.317088   /opt/hostedtoolcache/Python/3.11.15/x64/bin
2026-08-03 04:06:46.367237   /opt/hostedtoolcache/Python/3.11.15/x64/lib/python311.zip
2026-08-03 04:06:46.417385   /opt/hostedtoolcache/Python/3.11.15/x64/lib/python3.11
2026-08-03 04:06:46.467539   /opt/hostedtoolcache/Python/3.11.15/x64/lib/python3.11/lib-dynload
2026-08-03 04:06:46.517696   /opt/hostedtoolcache/Python/3.11.15/x64/lib/python3.11/site-packages
2026-08-03 04:06:54.386817 TC20 Search Products And Verify Cart After Login                      | FAIL |
2026-08-03 04:06:54.423082 Setup failed:
2026-08-03 04:06:54.423107 No keyword with name 'Open Browser' found.
2026-08-03 04:06:54.423123 
2026-08-03 04:06:54.423160 Also teardown failed:
2026-08-03 04:06:54.423177 Several failures occurred:
2026-08-03 04:06:54.423191 
2026-08-03 04:06:54.423204 1) No keyword with name 'Register Keyword To Run On Failure' found.
2026-08-03 04:06:54.423216 
2026-08-03 04:06:54.423227 2) No keyword with name 'Close Browser' found. Did you mean:
2026-08-03 04:06:54.423238     common.Close Test Browser
2026-08-03 04:06:54.423250 ------------------------------------------------------------------------------
2026-08-03 04:06:54.423261 Suites.Cart.TC20 search and verify cart after login :: TC20 - Sear... | FAIL |
2026-08-03 04:06:54.423819 1 test, 0 passed, 1 failed
2026-08-03 04:06:54.423838 ==============================================================================
2026-08-03 04:06:54.423851 Suites.Cart                                                           | FAIL |
2026-08-03 04:06:54.424262 1 test, 0 passed, 1 failed
2026-08-03 04:06:54.424278 ==============================================================================
2026-08-03 04:06:54.424292 Suites                                                                | FAIL |
2026-08-03 04:06:54.424620 1 test, 0 passed, 1 failed
2026-08-03 04:06:54.424636 ==============================================================================
2026-08-03 04:06:54.424649 Output:  /home/runner/work/engg-robot-testing-framework/engg-robot-testing-framework/reports/pabot_results/8/output.xml
