2026-07-29 03:49:42.187031 ==============================================================================
2026-07-29 03:49:42.211450 Suites
2026-07-29 03:49:42.211467 ==============================================================================
2026-07-29 03:49:42.211480 Suites.Cart
2026-07-29 03:49:42.212385 ==============================================================================
2026-07-29 03:49:42.212406 Suites.Cart.TC22 add from recommended items :: TC22 - Add To Cart From Reco...
2026-07-29 03:49:42.212406 [ ERROR ] Error in file '/home/runner/work/engg-robot-testing-framework/engg-robot-testing-framework/resources/common.resource' on line 4: Importing library 'playwright_keyword_library.PlaywrightKeywordLibrary' failed: ModuleNotFoundError: No module named 'playwright_keyword_library'
2026-07-29 03:49:42.234585 ==============================================================================
2026-07-29 03:49:42.234585 Traceback (most recent call last):
2026-07-29 03:49:42.234609   None
2026-07-29 03:49:42.284778 PYTHONPATH:
2026-07-29 03:49:42.334997   /opt/hostedtoolcache/Python/3.11.15/x64/bin
2026-07-29 03:49:42.385202   /opt/hostedtoolcache/Python/3.11.15/x64/lib/python311.zip
2026-07-29 03:49:42.435438   /opt/hostedtoolcache/Python/3.11.15/x64/lib/python3.11
2026-07-29 03:49:42.485671   /opt/hostedtoolcache/Python/3.11.15/x64/lib/python3.11/lib-dynload
2026-07-29 03:49:42.535880   /opt/hostedtoolcache/Python/3.11.15/x64/lib/python3.11/site-packages
2026-07-29 03:49:42.586119 [ ERROR ] Error in file '/home/runner/work/engg-robot-testing-framework/engg-robot-testing-framework/resources/cart_keywords.resource' on line 2: Importing library 'playwright_keyword_library.PlaywrightKeywordLibrary' failed: ModuleNotFoundError: No module named 'playwright_keyword_library'
2026-07-29 03:49:42.636319 Traceback (most recent call last):
2026-07-29 03:49:42.686549   None
2026-07-29 03:49:42.736760 PYTHONPATH:
2026-07-29 03:49:42.786990   /opt/hostedtoolcache/Python/3.11.15/x64/bin
2026-07-29 03:49:42.837198   /opt/hostedtoolcache/Python/3.11.15/x64/lib/python311.zip
2026-07-29 03:49:42.887446   /opt/hostedtoolcache/Python/3.11.15/x64/lib/python3.11
2026-07-29 03:49:42.937640   /opt/hostedtoolcache/Python/3.11.15/x64/lib/python3.11/lib-dynload
2026-07-29 03:49:42.987846   /opt/hostedtoolcache/Python/3.11.15/x64/lib/python3.11/site-packages
2026-07-29 03:49:52.212998 TC22 Add To Cart From Recommended Items                               | FAIL |
2026-07-29 03:49:52.245264 Setup failed:
2026-07-29 03:49:52.245284 No keyword with name 'Open Browser' found.
2026-07-29 03:49:52.245296 
2026-07-29 03:49:52.245307 Also teardown failed:
2026-07-29 03:49:52.245317 Several failures occurred:
2026-07-29 03:49:52.245327 
2026-07-29 03:49:52.245336 1) No keyword with name 'Register Keyword To Run On Failure' found.
2026-07-29 03:49:52.245348 
2026-07-29 03:49:52.245358 2) No keyword with name 'Close Browser' found. Did you mean:
2026-07-29 03:49:52.245398     common.Close Test Browser
2026-07-29 03:49:52.245409 ------------------------------------------------------------------------------
2026-07-29 03:49:52.245419 Suites.Cart.TC22 add from recommended items :: TC22 - Add To Cart ... | FAIL |
2026-07-29 03:49:52.245894 1 test, 0 passed, 1 failed
2026-07-29 03:49:52.245914 ==============================================================================
2026-07-29 03:49:52.245955 Suites.Cart                                                           | FAIL |
2026-07-29 03:49:52.246260 1 test, 0 passed, 1 failed
2026-07-29 03:49:52.246275 ==============================================================================
2026-07-29 03:49:52.246287 Suites                                                                | FAIL |
2026-07-29 03:49:52.246581 1 test, 0 passed, 1 failed
2026-07-29 03:49:52.246601 ==============================================================================
2026-07-29 03:49:52.246641 Output:  /home/runner/work/engg-robot-testing-framework/engg-robot-testing-framework/reports/pabot_results/9/output.xml
