2026-10-03 05:35:56.772694 ==============================================================================
2026-10-03 05:35:56.798018 Suites
2026-10-03 05:35:56.798040 ==============================================================================
2026-10-03 05:35:56.798056 Suites.Cart
2026-10-03 05:35:56.798925 ==============================================================================
2026-10-03 05:35:56.798945 Suites.Cart.TC17 remove products from cart :: TC17 - Remove Products From Cart
2026-10-03 05:35:56.798945 [ ERROR ] Error in file '/home/runner/work/engg-robot-testing-framework/engg-robot-testing-framework/resources/common.resource' on line 4: Importing library 'playwright_keyword_library.PlaywrightKeywordLibrary' failed: ModuleNotFoundError: No module named 'playwright_keyword_library'
2026-10-03 05:35:56.832016 ==============================================================================
2026-10-03 05:35:56.832016 Traceback (most recent call last):
2026-10-03 05:35:56.832042   None
2026-10-03 05:35:56.882222 PYTHONPATH:
2026-10-03 05:35:56.932376   /opt/hostedtoolcache/Python/3.11.16/x64/bin
2026-10-03 05:35:56.982542   /opt/hostedtoolcache/Python/3.11.16/x64/lib/python311.zip
2026-10-03 05:35:57.032675   /opt/hostedtoolcache/Python/3.11.16/x64/lib/python3.11
2026-10-03 05:35:57.082842   /opt/hostedtoolcache/Python/3.11.16/x64/lib/python3.11/lib-dynload
2026-10-03 05:35:57.132977   /opt/hostedtoolcache/Python/3.11.16/x64/lib/python3.11/site-packages
2026-10-03 05:35:57.183181 [ ERROR ] Error in file '/home/runner/work/engg-robot-testing-framework/engg-robot-testing-framework/resources/product_keywords.resource' on line 2: Importing library 'playwright_keyword_library.PlaywrightKeywordLibrary' failed: ModuleNotFoundError: No module named 'playwright_keyword_library'
2026-10-03 05:35:57.233331 Traceback (most recent call last):
2026-10-03 05:35:57.283542   None
2026-10-03 05:35:57.333688 PYTHONPATH:
2026-10-03 05:35:57.383907   /opt/hostedtoolcache/Python/3.11.16/x64/bin
2026-10-03 05:35:57.434050   /opt/hostedtoolcache/Python/3.11.16/x64/lib/python311.zip
2026-10-03 05:35:57.484276   /opt/hostedtoolcache/Python/3.11.16/x64/lib/python3.11
2026-10-03 05:35:57.534458   /opt/hostedtoolcache/Python/3.11.16/x64/lib/python3.11/lib-dynload
2026-10-03 05:35:57.584670   /opt/hostedtoolcache/Python/3.11.16/x64/lib/python3.11/site-packages
2026-10-03 05:35:57.634800 [ ERROR ] Error in file '/home/runner/work/engg-robot-testing-framework/engg-robot-testing-framework/resources/cart_keywords.resource' on line 2: Importing library 'playwright_keyword_library.PlaywrightKeywordLibrary' failed: ModuleNotFoundError: No module named 'playwright_keyword_library'
2026-10-03 05:35:57.685008 Traceback (most recent call last):
2026-10-03 05:35:57.735168   None
2026-10-03 05:35:57.785379 PYTHONPATH:
2026-10-03 05:35:57.835541   /opt/hostedtoolcache/Python/3.11.16/x64/bin
2026-10-03 05:35:57.885799   /opt/hostedtoolcache/Python/3.11.16/x64/lib/python311.zip
2026-10-03 05:35:57.935963   /opt/hostedtoolcache/Python/3.11.16/x64/lib/python3.11
2026-10-03 05:35:57.986194   /opt/hostedtoolcache/Python/3.11.16/x64/lib/python3.11/lib-dynload
2026-10-03 05:35:58.036339   /opt/hostedtoolcache/Python/3.11.16/x64/lib/python3.11/site-packages
2026-10-03 05:36:06.816316 TC17 Remove Products From Cart                                        | FAIL |
2026-10-03 05:36:06.847569 Setup failed:
2026-10-03 05:36:06.847590 No keyword with name 'Open Browser' found.
2026-10-03 05:36:06.847606 
2026-10-03 05:36:06.847620 Also teardown failed:
2026-10-03 05:36:06.847632 Several failures occurred:
2026-10-03 05:36:06.847646 
2026-10-03 05:36:06.847658 1) No keyword with name 'Register Keyword To Run On Failure' found.
2026-10-03 05:36:06.847669 
2026-10-03 05:36:06.847680 2) No keyword with name 'Close Browser' found. Did you mean:
2026-10-03 05:36:06.847692     common.Close Test Browser
2026-10-03 05:36:06.847727 ------------------------------------------------------------------------------
2026-10-03 05:36:06.847745 Suites.Cart.TC17 remove products from cart :: TC17 - Remove Produc... | FAIL |
2026-10-03 05:36:06.848821 1 test, 0 passed, 1 failed
2026-10-03 05:36:06.848843 ==============================================================================
2026-10-03 05:36:06.848858 Suites.Cart                                                           | FAIL |
2026-10-03 05:36:06.848871 1 test, 0 passed, 1 failed
2026-10-03 05:36:06.848884 ==============================================================================
2026-10-03 05:36:06.848896 Suites                                                                | FAIL |
2026-10-03 05:36:06.849285 1 test, 0 passed, 1 failed
2026-10-03 05:36:06.849316 ==============================================================================
2026-10-03 05:36:06.849438 Output:  /home/runner/work/engg-robot-testing-framework/engg-robot-testing-framework/reports/pabot_results/7/output.xml
