2026-08-10 02:41:11.027640 ==============================================================================
2026-08-10 02:41:11.069743 Suites
2026-08-10 02:41:11.069755 ==============================================================================
2026-08-10 02:41:11.069760 Suites.Auth
2026-08-10 02:41:11.070429 ==============================================================================
2026-08-10 02:41:11.070436 Suites.Auth.TC04 logout user
2026-08-10 02:41:11.070436 [ ERROR ] Error in file '/home/runner/work/engg-robot-testing-framework/engg-robot-testing-framework/tests/auth/TC04_logout_user.robot' on line 2: Importing library 'playwright_keyword_library.PlaywrightKeywordLibrary' failed: ModuleNotFoundError: No module named 'playwright_keyword_library'
2026-08-10 02:41:11.085186 ==============================================================================
2026-08-10 02:41:11.085186 Traceback (most recent call last):
2026-08-10 02:41:11.085194   None
2026-08-10 02:41:11.135281 PYTHONPATH:
2026-08-10 02:41:11.185420   /opt/hostedtoolcache/Python/3.11.15/x64/bin
2026-08-10 02:41:11.235515   /opt/hostedtoolcache/Python/3.11.15/x64/lib/python311.zip
2026-08-10 02:41:11.285662   /opt/hostedtoolcache/Python/3.11.15/x64/lib/python3.11
2026-08-10 02:41:11.335761   /opt/hostedtoolcache/Python/3.11.15/x64/lib/python3.11/lib-dynload
2026-08-10 02:41:11.385899   /opt/hostedtoolcache/Python/3.11.15/x64/lib/python3.11/site-packages
2026-08-10 02:41:11.436006 [ ERROR ] Error in file '/home/runner/work/engg-robot-testing-framework/engg-robot-testing-framework/resources/auth_keywords.resource' on line 2: Importing library 'playwright_keyword_library.PlaywrightKeywordLibrary' failed: ModuleNotFoundError: No module named 'playwright_keyword_library'
2026-08-10 02:41:11.486202 Traceback (most recent call last):
2026-08-10 02:41:11.536302   None
2026-08-10 02:41:11.586449 PYTHONPATH:
2026-08-10 02:41:11.636546   /opt/hostedtoolcache/Python/3.11.15/x64/bin
2026-08-10 02:41:11.686703   /opt/hostedtoolcache/Python/3.11.15/x64/lib/python311.zip
2026-08-10 02:41:11.736803   /opt/hostedtoolcache/Python/3.11.15/x64/lib/python3.11
2026-08-10 02:41:11.786938   /opt/hostedtoolcache/Python/3.11.15/x64/lib/python3.11/lib-dynload
2026-08-10 02:41:11.837012   /opt/hostedtoolcache/Python/3.11.15/x64/lib/python3.11/site-packages
2026-08-10 02:41:11.887127 [ ERROR ] Error in file '/home/runner/work/engg-robot-testing-framework/engg-robot-testing-framework/resources/common.resource' on line 4: Importing library 'playwright_keyword_library.PlaywrightKeywordLibrary' failed: ModuleNotFoundError: No module named 'playwright_keyword_library'
2026-08-10 02:41:11.937226 Traceback (most recent call last):
2026-08-10 02:41:11.987367   None
2026-08-10 02:41:12.037638 PYTHONPATH:
2026-08-10 02:41:12.087721   /opt/hostedtoolcache/Python/3.11.15/x64/bin
2026-08-10 02:41:12.137877   /opt/hostedtoolcache/Python/3.11.15/x64/lib/python311.zip
2026-08-10 02:41:12.188001   /opt/hostedtoolcache/Python/3.11.15/x64/lib/python3.11
2026-08-10 02:41:12.238085   /opt/hostedtoolcache/Python/3.11.15/x64/lib/python3.11/lib-dynload
2026-08-10 02:41:12.288176   /opt/hostedtoolcache/Python/3.11.15/x64/lib/python3.11/site-packages
2026-08-10 02:41:21.056939 TC04 Logout User                                                      | FAIL |
2026-08-10 02:41:21.093485 Setup failed:
2026-08-10 02:41:21.093496 No keyword with name 'Open Browser' found.
2026-08-10 02:41:21.093501 
2026-08-10 02:41:21.093506 Also teardown failed:
2026-08-10 02:41:21.093511 Several failures occurred:
2026-08-10 02:41:21.093516 
2026-08-10 02:41:21.093521 1) No keyword with name 'Register Keyword To Run On Failure' found.
2026-08-10 02:41:21.093526 
2026-08-10 02:41:21.093531 2) No keyword with name 'Close Browser' found. Did you mean:
2026-08-10 02:41:21.093536     common.Close Test Browser
2026-08-10 02:41:21.093541 ------------------------------------------------------------------------------
2026-08-10 02:41:21.093545 Suites.Auth.TC04 logout user                                          | FAIL |
2026-08-10 02:41:21.093832 1 test, 0 passed, 1 failed
2026-08-10 02:41:21.093904 ==============================================================================
2026-08-10 02:41:21.093909 Suites.Auth                                                           | FAIL |
2026-08-10 02:41:21.094135 1 test, 0 passed, 1 failed
2026-08-10 02:41:21.094207 ==============================================================================
2026-08-10 02:41:21.094212 Suites                                                                | FAIL |
2026-08-10 02:41:21.094397 1 test, 0 passed, 1 failed
2026-08-10 02:41:21.094473 ==============================================================================
2026-08-10 02:41:21.094478 Output:  /home/runner/work/engg-robot-testing-framework/engg-robot-testing-framework/reports/pabot_results/3/output.xml
