2026-10-09 06:29:47.395077 ==============================================================================
2026-10-09 06:29:47.418111 Suites
2026-10-09 06:29:47.418136 ==============================================================================
2026-10-09 06:29:47.418154 Suites.Auth
2026-10-09 06:29:47.419438 ==============================================================================
2026-10-09 06:29:47.419461 Suites.Auth.TC02 login valid
2026-10-09 06:29:47.419461 [ ERROR ] Error in file '/home/runner/work/engg-robot-testing-framework/engg-robot-testing-framework/tests/auth/TC02_login_valid.robot' on line 2: Importing library 'playwright_keyword_library.PlaywrightKeywordLibrary' failed: ModuleNotFoundError: No module named 'playwright_keyword_library'
2026-10-09 06:29:47.447596 ==============================================================================
2026-10-09 06:29:47.447596 Traceback (most recent call last):
2026-10-09 06:29:47.447623   None
2026-10-09 06:29:47.497757 PYTHONPATH:
2026-10-09 06:29:47.547872   /opt/hostedtoolcache/Python/3.11.17/x64/bin
2026-10-09 06:29:47.597985   /opt/hostedtoolcache/Python/3.11.17/x64/lib/python311.zip
2026-10-09 06:29:47.648136   /opt/hostedtoolcache/Python/3.11.17/x64/lib/python3.11
2026-10-09 06:29:47.698249   /opt/hostedtoolcache/Python/3.11.17/x64/lib/python3.11/lib-dynload
2026-10-09 06:29:47.748350   /opt/hostedtoolcache/Python/3.11.17/x64/lib/python3.11/site-packages
2026-10-09 06:29:47.798491 [ ERROR ] Error in file '/home/runner/work/engg-robot-testing-framework/engg-robot-testing-framework/resources/auth_keywords.resource' on line 2: Importing library 'playwright_keyword_library.PlaywrightKeywordLibrary' failed: ModuleNotFoundError: No module named 'playwright_keyword_library'
2026-10-09 06:29:47.848621 Traceback (most recent call last):
2026-10-09 06:29:47.898770   None
2026-10-09 06:29:47.948908 PYTHONPATH:
2026-10-09 06:29:47.999067   /opt/hostedtoolcache/Python/3.11.17/x64/bin
2026-10-09 06:29:48.049169   /opt/hostedtoolcache/Python/3.11.17/x64/lib/python311.zip
2026-10-09 06:29:48.099331   /opt/hostedtoolcache/Python/3.11.17/x64/lib/python3.11
2026-10-09 06:29:48.149463   /opt/hostedtoolcache/Python/3.11.17/x64/lib/python3.11/lib-dynload
2026-10-09 06:29:48.199628   /opt/hostedtoolcache/Python/3.11.17/x64/lib/python3.11/site-packages
2026-10-09 06:29:48.249760 [ ERROR ] Error in file '/home/runner/work/engg-robot-testing-framework/engg-robot-testing-framework/resources/common.resource' on line 4: Importing library 'playwright_keyword_library.PlaywrightKeywordLibrary' failed: ModuleNotFoundError: No module named 'playwright_keyword_library'
2026-10-09 06:29:48.299912 Traceback (most recent call last):
2026-10-09 06:29:48.350056   None
2026-10-09 06:29:48.400208 PYTHONPATH:
2026-10-09 06:29:48.450361   /opt/hostedtoolcache/Python/3.11.17/x64/bin
2026-10-09 06:29:48.500518   /opt/hostedtoolcache/Python/3.11.17/x64/lib/python311.zip
2026-10-09 06:29:48.550669   /opt/hostedtoolcache/Python/3.11.17/x64/lib/python3.11
2026-10-09 06:29:48.600823   /opt/hostedtoolcache/Python/3.11.17/x64/lib/python3.11/lib-dynload
2026-10-09 06:29:48.650979   /opt/hostedtoolcache/Python/3.11.17/x64/lib/python3.11/site-packages
2026-10-09 06:29:57.422911 TC02 Login User With Correct Email And Password                       | FAIL |
2026-10-09 06:29:57.457730 Setup failed:
2026-10-09 06:29:57.457749 No keyword with name 'Open Browser' found.
2026-10-09 06:29:57.457764 
2026-10-09 06:29:57.457778 Also teardown failed:
2026-10-09 06:29:57.457791 Several failures occurred:
2026-10-09 06:29:57.457802 
2026-10-09 06:29:57.457813 1) No keyword with name 'Register Keyword To Run On Failure' found.
2026-10-09 06:29:57.457825 
2026-10-09 06:29:57.457837 2) No keyword with name 'Close Browser' found. Did you mean:
2026-10-09 06:29:57.457849     common.Close Test Browser
2026-10-09 06:29:57.457860 ------------------------------------------------------------------------------
2026-10-09 06:29:57.457872 Suites.Auth.TC02 login valid                                          | FAIL |
2026-10-09 06:29:57.458396 1 test, 0 passed, 1 failed
2026-10-09 06:29:57.458416 ==============================================================================
2026-10-09 06:29:57.458432 Suites.Auth                                                           | FAIL |
2026-10-09 06:29:57.458776 1 test, 0 passed, 1 failed
2026-10-09 06:29:57.458863 ==============================================================================
2026-10-09 06:29:57.458881 Suites                                                                | FAIL |
2026-10-09 06:29:57.459260 1 test, 0 passed, 1 failed
2026-10-09 06:29:57.459278 ==============================================================================
2026-10-09 06:29:57.459291 Output:  /home/runner/work/engg-robot-testing-framework/engg-robot-testing-framework/reports/pabot_results/1/output.xml
