2026-08-10 02:41:00.632910 ==============================================================================
2026-08-10 02:41:00.678734 Suites
2026-08-10 02:41:00.678755 ==============================================================================
2026-08-10 02:41:00.678769 Suites.Auth
2026-08-10 02:41:00.679423 ==============================================================================
2026-08-10 02:41:00.679446 Suites.Auth.TC01 register user
2026-08-10 02:41:00.679446 [ ERROR ] Error in file '/home/runner/work/engg-robot-testing-framework/engg-robot-testing-framework/tests/auth/TC01_register_user.robot' on line 2: Importing library 'playwright_keyword_library.PlaywrightKeywordLibrary' failed: ModuleNotFoundError: No module named 'playwright_keyword_library'
2026-08-10 02:41:00.694604 ==============================================================================
2026-08-10 02:41:00.694604 Traceback (most recent call last):
2026-08-10 02:41:00.694620   None
2026-08-10 02:41:00.744745 PYTHONPATH:
2026-08-10 02:41:00.794862   /opt/hostedtoolcache/Python/3.11.15/x64/bin
2026-08-10 02:41:00.844988   /opt/hostedtoolcache/Python/3.11.15/x64/lib/python311.zip
2026-08-10 02:41:00.895125   /opt/hostedtoolcache/Python/3.11.15/x64/lib/python3.11
2026-08-10 02:41:00.945232   /opt/hostedtoolcache/Python/3.11.15/x64/lib/python3.11/lib-dynload
2026-08-10 02:41:00.995387   /opt/hostedtoolcache/Python/3.11.15/x64/lib/python3.11/site-packages
2026-08-10 02:41:01.045511 [ ERROR ] Error in file '/home/runner/work/engg-robot-testing-framework/engg-robot-testing-framework/resources/auth_keywords.resource' on line 2: Importing library 'playwright_keyword_library.PlaywrightKeywordLibrary' failed: ModuleNotFoundError: No module named 'playwright_keyword_library'
2026-08-10 02:41:01.095738 Traceback (most recent call last):
2026-08-10 02:41:01.145864   None
2026-08-10 02:41:01.196059 PYTHONPATH:
2026-08-10 02:41:01.246184   /opt/hostedtoolcache/Python/3.11.15/x64/bin
2026-08-10 02:41:01.296307   /opt/hostedtoolcache/Python/3.11.15/x64/lib/python311.zip
2026-08-10 02:41:01.346432   /opt/hostedtoolcache/Python/3.11.15/x64/lib/python3.11
2026-08-10 02:41:01.396558   /opt/hostedtoolcache/Python/3.11.15/x64/lib/python3.11/lib-dynload
2026-08-10 02:41:01.446673   /opt/hostedtoolcache/Python/3.11.15/x64/lib/python3.11/site-packages
2026-08-10 02:41:01.496805 [ ERROR ] Error in file '/home/runner/work/engg-robot-testing-framework/engg-robot-testing-framework/resources/common.resource' on line 4: Importing library 'playwright_keyword_library.PlaywrightKeywordLibrary' failed: ModuleNotFoundError: No module named 'playwright_keyword_library'
2026-08-10 02:41:01.546919 Traceback (most recent call last):
2026-08-10 02:41:01.597049   None
2026-08-10 02:41:01.647160 PYTHONPATH:
2026-08-10 02:41:01.697307   /opt/hostedtoolcache/Python/3.11.15/x64/bin
2026-08-10 02:41:01.747418   /opt/hostedtoolcache/Python/3.11.15/x64/lib/python311.zip
2026-08-10 02:41:01.797538   /opt/hostedtoolcache/Python/3.11.15/x64/lib/python3.11
2026-08-10 02:41:01.847648   /opt/hostedtoolcache/Python/3.11.15/x64/lib/python3.11/lib-dynload
2026-08-10 02:41:01.897857   /opt/hostedtoolcache/Python/3.11.15/x64/lib/python3.11/site-packages
2026-08-10 02:41:10.667506 TC01 Register User                                                    | FAIL |
2026-08-10 02:41:10.703028 Setup failed:
2026-08-10 02:41:10.703042 No keyword with name 'Open Browser' found.
2026-08-10 02:41:10.703052 
2026-08-10 02:41:10.703061 Also teardown failed:
2026-08-10 02:41:10.703068 Several failures occurred:
2026-08-10 02:41:10.703075 
2026-08-10 02:41:10.703083 1) No keyword with name 'Register Keyword To Run On Failure' found.
2026-08-10 02:41:10.703091 
2026-08-10 02:41:10.703098 2) No keyword with name 'Close Browser' found. Did you mean:
2026-08-10 02:41:10.703107     common.Close Test Browser
2026-08-10 02:41:10.703114 ------------------------------------------------------------------------------
2026-08-10 02:41:10.703121 Suites.Auth.TC01 register user                                        | FAIL |
2026-08-10 02:41:10.703622 1 test, 0 passed, 1 failed
2026-08-10 02:41:10.703641 ==============================================================================
2026-08-10 02:41:10.703692 Suites.Auth                                                           | FAIL |
2026-08-10 02:41:10.704055 1 test, 0 passed, 1 failed
2026-08-10 02:41:10.704118 ==============================================================================
2026-08-10 02:41:10.704128 Suites                                                                | FAIL |
2026-08-10 02:41:10.704421 1 test, 0 passed, 1 failed
2026-08-10 02:41:10.704474 ==============================================================================
2026-08-10 02:41:10.704483 Output:  /home/runner/work/engg-robot-testing-framework/engg-robot-testing-framework/reports/pabot_results/0/output.xml
