2026-10-08 06:28:50.092827 ==============================================================================
2026-10-08 06:28:50.117382 Suites
2026-10-08 06:28:50.117398 ==============================================================================
2026-10-08 06:28:50.117422 Suites.Auth
2026-10-08 06:28:50.117962 ==============================================================================
2026-10-08 06:28:50.117975 Suites.Auth.TC03 login invalid
2026-10-08 06:28:50.117975 [ ERROR ] Error in file '/home/runner/work/engg-robot-testing-framework/engg-robot-testing-framework/tests/auth/TC03_login_invalid.robot' on line 2: Importing library 'playwright_keyword_library.PlaywrightKeywordLibrary' failed: ModuleNotFoundError: No module named 'playwright_keyword_library'
2026-10-08 06:28:50.131563 ==============================================================================
2026-10-08 06:28:50.131563 Traceback (most recent call last):
2026-10-08 06:28:50.131582   None
2026-10-08 06:28:50.181689 PYTHONPATH:
2026-10-08 06:28:50.231843   /opt/hostedtoolcache/Python/3.11.16/x64/bin
2026-10-08 06:28:50.281957   /opt/hostedtoolcache/Python/3.11.16/x64/lib/python311.zip
2026-10-08 06:28:50.332107   /opt/hostedtoolcache/Python/3.11.16/x64/lib/python3.11
2026-10-08 06:28:50.382224   /opt/hostedtoolcache/Python/3.11.16/x64/lib/python3.11/lib-dynload
2026-10-08 06:28:50.432366   /opt/hostedtoolcache/Python/3.11.16/x64/lib/python3.11/site-packages
2026-10-08 06:28:50.482464 [ ERROR ] Error in file '/home/runner/work/engg-robot-testing-framework/engg-robot-testing-framework/resources/auth_keywords.resource' on line 2: Importing library 'playwright_keyword_library.PlaywrightKeywordLibrary' failed: ModuleNotFoundError: No module named 'playwright_keyword_library'
2026-10-08 06:28:50.532597 Traceback (most recent call last):
2026-10-08 06:28:50.582704   None
2026-10-08 06:28:50.632872 PYTHONPATH:
2026-10-08 06:28:50.682978   /opt/hostedtoolcache/Python/3.11.16/x64/bin
2026-10-08 06:28:50.733150   /opt/hostedtoolcache/Python/3.11.16/x64/lib/python311.zip
2026-10-08 06:28:50.783257   /opt/hostedtoolcache/Python/3.11.16/x64/lib/python3.11
2026-10-08 06:28:50.833436   /opt/hostedtoolcache/Python/3.11.16/x64/lib/python3.11/lib-dynload
2026-10-08 06:28:50.883546   /opt/hostedtoolcache/Python/3.11.16/x64/lib/python3.11/site-packages
2026-10-08 06:28:50.933702 [ ERROR ] Error in file '/home/runner/work/engg-robot-testing-framework/engg-robot-testing-framework/resources/common.resource' on line 4: Importing library 'playwright_keyword_library.PlaywrightKeywordLibrary' failed: ModuleNotFoundError: No module named 'playwright_keyword_library'
2026-10-08 06:28:50.983814 Traceback (most recent call last):
2026-10-08 06:28:51.033970   None
2026-10-08 06:28:51.084077 PYTHONPATH:
2026-10-08 06:28:51.134237   /opt/hostedtoolcache/Python/3.11.16/x64/bin
2026-10-08 06:28:51.184345   /opt/hostedtoolcache/Python/3.11.16/x64/lib/python311.zip
2026-10-08 06:28:51.234514   /opt/hostedtoolcache/Python/3.11.16/x64/lib/python3.11
2026-10-08 06:28:51.284626   /opt/hostedtoolcache/Python/3.11.16/x64/lib/python3.11/lib-dynload
2026-10-08 06:28:51.334784   /opt/hostedtoolcache/Python/3.11.16/x64/lib/python3.11/site-packages
2026-10-08 06:29:00.105810 TC03 Login User With Incorrect Email And Password                     | FAIL |
2026-10-08 06:29:00.141485 Setup failed:
2026-10-08 06:29:00.141496 No keyword with name 'Open Browser' found.
2026-10-08 06:29:00.141505 
2026-10-08 06:29:00.141513 Also teardown failed:
2026-10-08 06:29:00.141521 Several failures occurred:
2026-10-08 06:29:00.141529 
2026-10-08 06:29:00.141538 1) No keyword with name 'Register Keyword To Run On Failure' found.
2026-10-08 06:29:00.141547 
2026-10-08 06:29:00.141555 2) No keyword with name 'Close Browser' found. Did you mean:
2026-10-08 06:29:00.141563     common.Close Test Browser
2026-10-08 06:29:00.141571 ------------------------------------------------------------------------------
2026-10-08 06:29:00.141579 Suites.Auth.TC03 login invalid                                        | FAIL |
2026-10-08 06:29:00.142024 1 test, 0 passed, 1 failed
2026-10-08 06:29:00.142035 ==============================================================================
2026-10-08 06:29:00.142043 Suites.Auth                                                           | FAIL |
2026-10-08 06:29:00.142296 1 test, 0 passed, 1 failed
2026-10-08 06:29:00.142307 ==============================================================================
2026-10-08 06:29:00.142316 Suites                                                                | FAIL |
2026-10-08 06:29:00.142537 1 test, 0 passed, 1 failed
2026-10-08 06:29:00.142548 ==============================================================================
2026-10-08 06:29:00.142561 Output:  /home/runner/work/engg-robot-testing-framework/engg-robot-testing-framework/reports/pabot_results/2/output.xml
