2026-09-17 05:07:33.370821 ==============================================================================
2026-09-17 05:07:33.390614 Suites
2026-09-17 05:07:33.390668 ==============================================================================
2026-09-17 05:07:33.390687 Suites.Auth
2026-09-17 05:07:33.391482 ==============================================================================
2026-09-17 05:07:33.391502 Suites.Auth.TC02 login valid
2026-09-17 05:07:33.391502 [ ERROR ] Error in file '/home/runner/work/engg-robot-testing-framework/engg-robot-testing-framework/tests/auth/TC02_login_valid.robot' on line 2: Importing library 'playwright_keyword_library.PlaywrightKeywordLibrary' failed: ModuleNotFoundError: No module named 'playwright_keyword_library'
2026-09-17 05:07:33.411289 ==============================================================================
2026-09-17 05:07:33.411289 Traceback (most recent call last):
2026-09-17 05:07:33.411315   None
2026-09-17 05:07:33.461462 PYTHONPATH:
2026-09-17 05:07:33.511582   /opt/hostedtoolcache/Python/3.11.16/x64/bin
2026-09-17 05:07:33.561712   /opt/hostedtoolcache/Python/3.11.16/x64/lib/python311.zip
2026-09-17 05:07:33.611843   /opt/hostedtoolcache/Python/3.11.16/x64/lib/python3.11
2026-09-17 05:07:33.661988   /opt/hostedtoolcache/Python/3.11.16/x64/lib/python3.11/lib-dynload
2026-09-17 05:07:33.712102   /opt/hostedtoolcache/Python/3.11.16/x64/lib/python3.11/site-packages
2026-09-17 05:07:33.762253 [ ERROR ] Error in file '/home/runner/work/engg-robot-testing-framework/engg-robot-testing-framework/resources/auth_keywords.resource' on line 2: Importing library 'playwright_keyword_library.PlaywrightKeywordLibrary' failed: ModuleNotFoundError: No module named 'playwright_keyword_library'
2026-09-17 05:07:33.812448 Traceback (most recent call last):
2026-09-17 05:07:33.862611   None
2026-09-17 05:07:33.912778 PYTHONPATH:
2026-09-17 05:07:33.962980   /opt/hostedtoolcache/Python/3.11.16/x64/bin
2026-09-17 05:07:34.013164   /opt/hostedtoolcache/Python/3.11.16/x64/lib/python311.zip
2026-09-17 05:07:34.063340   /opt/hostedtoolcache/Python/3.11.16/x64/lib/python3.11
2026-09-17 05:07:34.113511   /opt/hostedtoolcache/Python/3.11.16/x64/lib/python3.11/lib-dynload
2026-09-17 05:07:34.163641   /opt/hostedtoolcache/Python/3.11.16/x64/lib/python3.11/site-packages
2026-09-17 05:07:34.213814 [ ERROR ] Error in file '/home/runner/work/engg-robot-testing-framework/engg-robot-testing-framework/resources/common.resource' on line 4: Importing library 'playwright_keyword_library.PlaywrightKeywordLibrary' failed: ModuleNotFoundError: No module named 'playwright_keyword_library'
2026-09-17 05:07:34.263978 Traceback (most recent call last):
2026-09-17 05:07:34.314145   None
2026-09-17 05:07:34.364304 PYTHONPATH:
2026-09-17 05:07:34.414477   /opt/hostedtoolcache/Python/3.11.16/x64/bin
2026-09-17 05:07:34.464677   /opt/hostedtoolcache/Python/3.11.16/x64/lib/python311.zip
2026-09-17 05:07:34.514883   /opt/hostedtoolcache/Python/3.11.16/x64/lib/python3.11
2026-09-17 05:07:34.565034   /opt/hostedtoolcache/Python/3.11.16/x64/lib/python3.11/lib-dynload
2026-09-17 05:07:34.615201   /opt/hostedtoolcache/Python/3.11.16/x64/lib/python3.11/site-packages
2026-09-17 05:07:43.387618 TC02 Login User With Correct Email And Password                       | FAIL |
2026-09-17 05:07:43.421876 Setup failed:
2026-09-17 05:07:43.421888 No keyword with name 'Open Browser' found.
2026-09-17 05:07:43.421896 
2026-09-17 05:07:43.421903 Also teardown failed:
2026-09-17 05:07:43.421910 Several failures occurred:
2026-09-17 05:07:43.421916 
2026-09-17 05:07:43.421923 1) No keyword with name 'Register Keyword To Run On Failure' found.
2026-09-17 05:07:43.421930 
2026-09-17 05:07:43.421937 2) No keyword with name 'Close Browser' found. Did you mean:
2026-09-17 05:07:43.421943     common.Close Test Browser
2026-09-17 05:07:43.421950 ------------------------------------------------------------------------------
2026-09-17 05:07:43.421956 Suites.Auth.TC02 login valid                                          | FAIL |
2026-09-17 05:07:43.422500 1 test, 0 passed, 1 failed
2026-09-17 05:07:43.422587 ==============================================================================
2026-09-17 05:07:43.422606 Suites.Auth                                                           | FAIL |
2026-09-17 05:07:43.422976 1 test, 0 passed, 1 failed
2026-09-17 05:07:43.423054 ==============================================================================
2026-09-17 05:07:43.423070 Suites                                                                | FAIL |
2026-09-17 05:07:43.423368 1 test, 0 passed, 1 failed
2026-09-17 05:07:43.423446 ==============================================================================
2026-09-17 05:07:43.423461 Output:  /home/runner/work/engg-robot-testing-framework/engg-robot-testing-framework/reports/pabot_results/1/output.xml
