2026-06-15 05:37:02.394385 ==============================================================================
2026-06-15 05:37:02.408701 Suites
2026-06-15 05:37:02.408721 ==============================================================================
2026-06-15 05:37:02.408736 Suites.Cart
2026-06-15 05:37:02.409542 ==============================================================================
2026-06-15 05:37:02.509786 Suites.Cart.TC12 add products to cart :: TC12 - Add Products In Cart
2026-06-15 05:37:02.550660 ==============================================================================
2026-06-15 05:37:13.323676 TC12 Add Products In Cart                                             | FAIL |
2026-06-15 05:37:13.368812 Setup failed:
2026-06-15 05:37:13.368825 Title should have been 'Automation Exercise' but was 'One moment, please...'.
2026-06-15 05:37:13.368833 ------------------------------------------------------------------------------
2026-06-15 05:37:13.368839 Suites.Cart.TC12 add products to cart :: TC12 - Add Products In Cart  | FAIL |
2026-06-15 05:37:13.369496 1 test, 0 passed, 1 failed
2026-06-15 05:37:13.369507 ==============================================================================
2026-06-15 05:37:13.369514 Suites.Cart                                                           | FAIL |
2026-06-15 05:37:13.369842 1 test, 0 passed, 1 failed
2026-06-15 05:37:13.369888 ==============================================================================
2026-06-15 05:37:13.369896 Suites                                                                | FAIL |
2026-06-15 05:37:13.370210 1 test, 0 passed, 1 failed
2026-06-15 05:37:13.370220 ==============================================================================
2026-06-15 05:37:13.370227 Output:  /home/runner/work/engg-robot-testing-framework/engg-robot-testing-framework/reports/pabot_results/5/output.xml
