2026-07-09 04:30:14.374588 ==============================================================================
2026-07-09 04:30:14.390294 Suites
2026-07-09 04:30:14.390317 ==============================================================================
2026-07-09 04:30:14.390333 Suites.Auth
2026-07-09 04:30:14.391161 ==============================================================================
2026-07-09 04:30:14.391180 Suites.Auth.TC02 login valid
2026-07-09 04:30:14.391180 [ ERROR ] Error in file '/home/runner/work/engg-robot-testing-framework/engg-robot-testing-framework/tests/auth/TC02_login_valid.robot' on line 2: Importing library 'playwright_keyword_library.PlaywrightKeywordLibrary' failed: ModuleNotFoundError: No module named 'playwright_keyword_library'
2026-07-09 04:30:14.410160 ==============================================================================
2026-07-09 04:30:14.410160 Traceback (most recent call last):
2026-07-09 04:30:14.410187   None
2026-07-09 04:30:14.460292 PYTHONPATH:
2026-07-09 04:30:14.510393   /opt/hostedtoolcache/Python/3.11.15/x64/bin
2026-07-09 04:30:14.560497   /opt/hostedtoolcache/Python/3.11.15/x64/lib/python311.zip
2026-07-09 04:30:14.610613   /opt/hostedtoolcache/Python/3.11.15/x64/lib/python3.11
2026-07-09 04:30:14.660724   /opt/hostedtoolcache/Python/3.11.15/x64/lib/python3.11/lib-dynload
2026-07-09 04:30:14.710830   /opt/hostedtoolcache/Python/3.11.15/x64/lib/python3.11/site-packages
2026-07-09 04:30:14.760960 [ ERROR ] Error in file '/home/runner/work/engg-robot-testing-framework/engg-robot-testing-framework/resources/auth_keywords.resource' on line 2: Importing library 'playwright_keyword_library.PlaywrightKeywordLibrary' failed: ModuleNotFoundError: No module named 'playwright_keyword_library'
2026-07-09 04:30:14.811105 Traceback (most recent call last):
2026-07-09 04:30:14.861279   None
2026-07-09 04:30:14.911450 PYTHONPATH:
2026-07-09 04:30:14.961600   /opt/hostedtoolcache/Python/3.11.15/x64/bin
2026-07-09 04:30:15.011731   /opt/hostedtoolcache/Python/3.11.15/x64/lib/python311.zip
2026-07-09 04:30:15.061881   /opt/hostedtoolcache/Python/3.11.15/x64/lib/python3.11
2026-07-09 04:30:15.112017   /opt/hostedtoolcache/Python/3.11.15/x64/lib/python3.11/lib-dynload
2026-07-09 04:30:15.162164   /opt/hostedtoolcache/Python/3.11.15/x64/lib/python3.11/site-packages
2026-07-09 04:30:15.212320 [ ERROR ] Error in file '/home/runner/work/engg-robot-testing-framework/engg-robot-testing-framework/resources/common.resource' on line 4: Importing library 'playwright_keyword_library.PlaywrightKeywordLibrary' failed: ModuleNotFoundError: No module named 'playwright_keyword_library'
2026-07-09 04:30:15.262486 Traceback (most recent call last):
2026-07-09 04:30:15.312652   None
2026-07-09 04:30:15.362800 PYTHONPATH:
2026-07-09 04:30:15.412951   /opt/hostedtoolcache/Python/3.11.15/x64/bin
2026-07-09 04:30:15.463099   /opt/hostedtoolcache/Python/3.11.15/x64/lib/python311.zip
2026-07-09 04:30:15.513257   /opt/hostedtoolcache/Python/3.11.15/x64/lib/python3.11
2026-07-09 04:30:15.563407   /opt/hostedtoolcache/Python/3.11.15/x64/lib/python3.11/lib-dynload
2026-07-09 04:30:15.613552   /opt/hostedtoolcache/Python/3.11.15/x64/lib/python3.11/site-packages
2026-07-09 04:30:24.385972 TC02 Login User With Correct Email And Password                       | FAIL |
2026-07-09 04:30:24.420297 Setup failed:
2026-07-09 04:30:24.420316 No keyword with name 'Open Browser' found.
2026-07-09 04:30:24.420332 
2026-07-09 04:30:24.420353 Also teardown failed:
2026-07-09 04:30:24.420367 Several failures occurred:
2026-07-09 04:30:24.420380 
2026-07-09 04:30:24.420393 1) No keyword with name 'Register Keyword To Run On Failure' found.
2026-07-09 04:30:24.420407 
2026-07-09 04:30:24.420418 2) No keyword with name 'Close Browser' found. Did you mean:
2026-07-09 04:30:24.420430     common.Close Test Browser
2026-07-09 04:30:24.420442 ------------------------------------------------------------------------------
2026-07-09 04:30:24.420454 Suites.Auth.TC02 login valid                                          | FAIL |
2026-07-09 04:30:24.420963 1 test, 0 passed, 1 failed
2026-07-09 04:30:24.420989 ==============================================================================
2026-07-09 04:30:24.421063 Suites.Auth                                                           | FAIL |
2026-07-09 04:30:24.421379 1 test, 0 passed, 1 failed
2026-07-09 04:30:24.421454 ==============================================================================
2026-07-09 04:30:24.421470 Suites                                                                | FAIL |
2026-07-09 04:30:24.421765 1 test, 0 passed, 1 failed
2026-07-09 04:30:24.421835 ==============================================================================
2026-07-09 04:30:24.421850 Output:  /home/runner/work/engg-robot-testing-framework/engg-robot-testing-framework/reports/pabot_results/1/output.xml
