2026-08-05 03:43:46.368946 ==============================================================================
2026-08-05 03:43:46.390455 Suites
2026-08-05 03:43:46.390475 ==============================================================================
2026-08-05 03:43:46.390489 Suites.Cart
2026-08-05 03:43:46.391370 ==============================================================================
2026-08-05 03:43:46.391390 Suites.Cart.TC22 add from recommended items :: TC22 - Add To Cart From Reco...
2026-08-05 03:43:46.391390 [ ERROR ] Error in file '/home/runner/work/engg-robot-testing-framework/engg-robot-testing-framework/resources/common.resource' on line 4: Importing library 'playwright_keyword_library.PlaywrightKeywordLibrary' failed: ModuleNotFoundError: No module named 'playwright_keyword_library'
2026-08-05 03:43:46.415481 ==============================================================================
2026-08-05 03:43:46.415481 Traceback (most recent call last):
2026-08-05 03:43:46.415508   None
2026-08-05 03:43:46.465667 PYTHONPATH:
2026-08-05 03:43:46.515808   /opt/hostedtoolcache/Python/3.11.15/x64/bin
2026-08-05 03:43:46.565978   /opt/hostedtoolcache/Python/3.11.15/x64/lib/python311.zip
2026-08-05 03:43:46.616128   /opt/hostedtoolcache/Python/3.11.15/x64/lib/python3.11
2026-08-05 03:43:46.666277   /opt/hostedtoolcache/Python/3.11.15/x64/lib/python3.11/lib-dynload
2026-08-05 03:43:46.716463   /opt/hostedtoolcache/Python/3.11.15/x64/lib/python3.11/site-packages
2026-08-05 03:43:46.766642 [ ERROR ] Error in file '/home/runner/work/engg-robot-testing-framework/engg-robot-testing-framework/resources/cart_keywords.resource' on line 2: Importing library 'playwright_keyword_library.PlaywrightKeywordLibrary' failed: ModuleNotFoundError: No module named 'playwright_keyword_library'
2026-08-05 03:43:46.816841 Traceback (most recent call last):
2026-08-05 03:43:46.867061   None
2026-08-05 03:43:46.917258 PYTHONPATH:
2026-08-05 03:43:46.967435   /opt/hostedtoolcache/Python/3.11.15/x64/bin
2026-08-05 03:43:47.017626   /opt/hostedtoolcache/Python/3.11.15/x64/lib/python311.zip
2026-08-05 03:43:47.067821   /opt/hostedtoolcache/Python/3.11.15/x64/lib/python3.11
2026-08-05 03:43:47.118021   /opt/hostedtoolcache/Python/3.11.15/x64/lib/python3.11/lib-dynload
2026-08-05 03:43:47.168207   /opt/hostedtoolcache/Python/3.11.15/x64/lib/python3.11/site-packages
2026-08-05 03:43:56.396166 TC22 Add To Cart From Recommended Items                               | FAIL |
2026-08-05 03:43:56.426472 Setup failed:
2026-08-05 03:43:56.426493 No keyword with name 'Open Browser' found.
2026-08-05 03:43:56.426508 
2026-08-05 03:43:56.426522 Also teardown failed:
2026-08-05 03:43:56.426533 Several failures occurred:
2026-08-05 03:43:56.426545 
2026-08-05 03:43:56.426557 1) No keyword with name 'Register Keyword To Run On Failure' found.
2026-08-05 03:43:56.426569 
2026-08-05 03:43:56.426586 2) No keyword with name 'Close Browser' found. Did you mean:
2026-08-05 03:43:56.426600     common.Close Test Browser
2026-08-05 03:43:56.426612 ------------------------------------------------------------------------------
2026-08-05 03:43:56.426625 Suites.Cart.TC22 add from recommended items :: TC22 - Add To Cart ... | FAIL |
2026-08-05 03:43:56.427187 1 test, 0 passed, 1 failed
2026-08-05 03:43:56.427207 ==============================================================================
2026-08-05 03:43:56.427221 Suites.Cart                                                           | FAIL |
2026-08-05 03:43:56.427615 1 test, 0 passed, 1 failed
2026-08-05 03:43:56.427634 ==============================================================================
2026-08-05 03:43:56.427648 Suites                                                                | FAIL |
2026-08-05 03:43:56.428009 1 test, 0 passed, 1 failed
2026-08-05 03:43:56.428071 ==============================================================================
2026-08-05 03:43:56.428085 Output:  /home/runner/work/engg-robot-testing-framework/engg-robot-testing-framework/reports/pabot_results/9/output.xml
