2026-08-28 11:39:37.962436 ==============================================================================
2026-08-28 11:39:37.992558 Suites
2026-08-28 11:39:37.992568 ==============================================================================
2026-08-28 11:39:37.992574 Suites.Cart
2026-08-28 11:39:37.993114 ==============================================================================
2026-08-28 11:39:37.993120 Suites.Cart.TC17 remove products from cart :: TC17 - Remove Products From Cart
2026-08-28 11:39:37.993120 [ ERROR ] Error in file '/home/runner/work/engg-robot-testing-framework/engg-robot-testing-framework/resources/common.resource' on line 4: Importing library 'playwright_keyword_library.PlaywrightKeywordLibrary' failed: ModuleNotFoundError: No module named 'playwright_keyword_library'
2026-08-28 11:39:38.013745 ==============================================================================
2026-08-28 11:39:38.013745 Traceback (most recent call last):
2026-08-28 11:39:38.013756   None
2026-08-28 11:39:38.063856 PYTHONPATH:
2026-08-28 11:39:38.113995   /opt/hostedtoolcache/Python/3.11.16/x64/bin
2026-08-28 11:39:38.164127   /opt/hostedtoolcache/Python/3.11.16/x64/lib/python311.zip
2026-08-28 11:39:38.214271   /opt/hostedtoolcache/Python/3.11.16/x64/lib/python3.11
2026-08-28 11:39:38.264379   /opt/hostedtoolcache/Python/3.11.16/x64/lib/python3.11/lib-dynload
2026-08-28 11:39:38.314562   /opt/hostedtoolcache/Python/3.11.16/x64/lib/python3.11/site-packages
2026-08-28 11:39:38.364693 [ ERROR ] Error in file '/home/runner/work/engg-robot-testing-framework/engg-robot-testing-framework/resources/product_keywords.resource' on line 2: Importing library 'playwright_keyword_library.PlaywrightKeywordLibrary' failed: ModuleNotFoundError: No module named 'playwright_keyword_library'
2026-08-28 11:39:38.414838 Traceback (most recent call last):
2026-08-28 11:39:38.464969   None
2026-08-28 11:39:38.515109 PYTHONPATH:
2026-08-28 11:39:38.565240   /opt/hostedtoolcache/Python/3.11.16/x64/bin
2026-08-28 11:39:38.615389   /opt/hostedtoolcache/Python/3.11.16/x64/lib/python311.zip
2026-08-28 11:39:38.665506   /opt/hostedtoolcache/Python/3.11.16/x64/lib/python3.11
2026-08-28 11:39:38.715651   /opt/hostedtoolcache/Python/3.11.16/x64/lib/python3.11/lib-dynload
2026-08-28 11:39:38.765754   /opt/hostedtoolcache/Python/3.11.16/x64/lib/python3.11/site-packages
2026-08-28 11:39:38.815911 [ ERROR ] Error in file '/home/runner/work/engg-robot-testing-framework/engg-robot-testing-framework/resources/cart_keywords.resource' on line 2: Importing library 'playwright_keyword_library.PlaywrightKeywordLibrary' failed: ModuleNotFoundError: No module named 'playwright_keyword_library'
2026-08-28 11:39:38.866018 Traceback (most recent call last):
2026-08-28 11:39:38.916166   None
2026-08-28 11:39:38.966266 PYTHONPATH:
2026-08-28 11:39:39.016409   /opt/hostedtoolcache/Python/3.11.16/x64/bin
2026-08-28 11:39:39.066527   /opt/hostedtoolcache/Python/3.11.16/x64/lib/python311.zip
2026-08-28 11:39:39.116674   /opt/hostedtoolcache/Python/3.11.16/x64/lib/python3.11
2026-08-28 11:39:39.166774   /opt/hostedtoolcache/Python/3.11.16/x64/lib/python3.11/lib-dynload
2026-08-28 11:39:39.216923   /opt/hostedtoolcache/Python/3.11.16/x64/lib/python3.11/site-packages
2026-08-28 11:39:47.986183 TC17 Remove Products From Cart                                        | FAIL |
2026-08-28 11:39:48.021893 Setup failed:
2026-08-28 11:39:48.021902 No keyword with name 'Open Browser' found.
2026-08-28 11:39:48.021908 
2026-08-28 11:39:48.021913 Also teardown failed:
2026-08-28 11:39:48.021919 Several failures occurred:
2026-08-28 11:39:48.021924 
2026-08-28 11:39:48.021930 1) No keyword with name 'Register Keyword To Run On Failure' found.
2026-08-28 11:39:48.021935 
2026-08-28 11:39:48.021940 2) No keyword with name 'Close Browser' found. Did you mean:
2026-08-28 11:39:48.021945     common.Close Test Browser
2026-08-28 11:39:48.021951 ------------------------------------------------------------------------------
2026-08-28 11:39:48.021957 Suites.Cart.TC17 remove products from cart :: TC17 - Remove Produc... | FAIL |
2026-08-28 11:39:48.022331 1 test, 0 passed, 1 failed
2026-08-28 11:39:48.022338 ==============================================================================
2026-08-28 11:39:48.022343 Suites.Cart                                                           | FAIL |
2026-08-28 11:39:48.022581 1 test, 0 passed, 1 failed
2026-08-28 11:39:48.022616 ==============================================================================
2026-08-28 11:39:48.022622 Suites                                                                | FAIL |
2026-08-28 11:39:48.022783 1 test, 0 passed, 1 failed
2026-08-28 11:39:48.022811 ==============================================================================
2026-08-28 11:39:48.022816 Output:  /home/runner/work/engg-robot-testing-framework/engg-robot-testing-framework/reports/pabot_results/7/output.xml
