2026-07-09 04:30:45.642816 ==============================================================================
2026-07-09 04:30:45.663185 Suites
2026-07-09 04:30:45.663205 ==============================================================================
2026-07-09 04:30:45.663221 Suites.Cart
2026-07-09 04:30:45.664042 ==============================================================================
2026-07-09 04:30:45.664061 Suites.Cart.TC17 remove products from cart :: TC17 - Remove Products From Cart
2026-07-09 04:30:45.664061 [ ERROR ] Error in file '/home/runner/work/engg-robot-testing-framework/engg-robot-testing-framework/resources/common.resource' on line 4: Importing library 'playwright_keyword_library.PlaywrightKeywordLibrary' failed: ModuleNotFoundError: No module named 'playwright_keyword_library'
2026-07-09 04:30:45.694472 ==============================================================================
2026-07-09 04:30:45.694472 Traceback (most recent call last):
2026-07-09 04:30:45.694496   None
2026-07-09 04:30:45.744607 PYTHONPATH:
2026-07-09 04:30:45.794726   /opt/hostedtoolcache/Python/3.11.15/x64/bin
2026-07-09 04:30:45.844843   /opt/hostedtoolcache/Python/3.11.15/x64/lib/python311.zip
2026-07-09 04:30:45.894975   /opt/hostedtoolcache/Python/3.11.15/x64/lib/python3.11
2026-07-09 04:30:45.945085   /opt/hostedtoolcache/Python/3.11.15/x64/lib/python3.11/lib-dynload
2026-07-09 04:30:45.995197   /opt/hostedtoolcache/Python/3.11.15/x64/lib/python3.11/site-packages
2026-07-09 04:30:46.045346 [ ERROR ] Error in file '/home/runner/work/engg-robot-testing-framework/engg-robot-testing-framework/resources/product_keywords.resource' on line 2: Importing library 'playwright_keyword_library.PlaywrightKeywordLibrary' failed: ModuleNotFoundError: No module named 'playwright_keyword_library'
2026-07-09 04:30:46.095494 Traceback (most recent call last):
2026-07-09 04:30:46.145644   None
2026-07-09 04:30:46.195796 PYTHONPATH:
2026-07-09 04:30:46.245950   /opt/hostedtoolcache/Python/3.11.15/x64/bin
2026-07-09 04:30:46.296100   /opt/hostedtoolcache/Python/3.11.15/x64/lib/python311.zip
2026-07-09 04:30:46.346255   /opt/hostedtoolcache/Python/3.11.15/x64/lib/python3.11
2026-07-09 04:30:46.396406   /opt/hostedtoolcache/Python/3.11.15/x64/lib/python3.11/lib-dynload
2026-07-09 04:30:46.446566   /opt/hostedtoolcache/Python/3.11.15/x64/lib/python3.11/site-packages
2026-07-09 04:30:46.496717 [ ERROR ] Error in file '/home/runner/work/engg-robot-testing-framework/engg-robot-testing-framework/resources/cart_keywords.resource' on line 2: Importing library 'playwright_keyword_library.PlaywrightKeywordLibrary' failed: ModuleNotFoundError: No module named 'playwright_keyword_library'
2026-07-09 04:30:46.546872 Traceback (most recent call last):
2026-07-09 04:30:46.597022   None
2026-07-09 04:30:46.647179 PYTHONPATH:
2026-07-09 04:30:46.697329   /opt/hostedtoolcache/Python/3.11.15/x64/bin
2026-07-09 04:30:46.747480   /opt/hostedtoolcache/Python/3.11.15/x64/lib/python311.zip
2026-07-09 04:30:46.797628   /opt/hostedtoolcache/Python/3.11.15/x64/lib/python3.11
2026-07-09 04:30:46.847777   /opt/hostedtoolcache/Python/3.11.15/x64/lib/python3.11/lib-dynload
2026-07-09 04:30:46.897932   /opt/hostedtoolcache/Python/3.11.15/x64/lib/python3.11/site-packages
2026-07-09 04:30:55.669375 TC17 Remove Products From Cart                                        | FAIL |
2026-07-09 04:30:55.705469 Setup failed:
2026-07-09 04:30:55.705486 No keyword with name 'Open Browser' found.
2026-07-09 04:30:55.705498 
2026-07-09 04:30:55.705509 Also teardown failed:
2026-07-09 04:30:55.705520 Several failures occurred:
2026-07-09 04:30:55.705531 
2026-07-09 04:30:55.705542 1) No keyword with name 'Register Keyword To Run On Failure' found.
2026-07-09 04:30:55.705553 
2026-07-09 04:30:55.705563 2) No keyword with name 'Close Browser' found. Did you mean:
2026-07-09 04:30:55.705574     common.Close Test Browser
2026-07-09 04:30:55.705585 ------------------------------------------------------------------------------
2026-07-09 04:30:55.705595 Suites.Cart.TC17 remove products from cart :: TC17 - Remove Produc... | FAIL |
2026-07-09 04:30:55.706107 1 test, 0 passed, 1 failed
2026-07-09 04:30:55.706179 ==============================================================================
2026-07-09 04:30:55.706194 Suites.Cart                                                           | FAIL |
2026-07-09 04:30:55.706532 1 test, 0 passed, 1 failed
2026-07-09 04:30:55.706596 ==============================================================================
2026-07-09 04:30:55.706608 Suites                                                                | FAIL |
2026-07-09 04:30:55.706935 1 test, 0 passed, 1 failed
2026-07-09 04:30:55.707003 ==============================================================================
2026-07-09 04:30:55.707016 Output:  /home/runner/work/engg-robot-testing-framework/engg-robot-testing-framework/reports/pabot_results/7/output.xml
