2026-10-02 05:59:46.181662 ==============================================================================
2026-10-02 05:59:46.210066 Suites
2026-10-02 05:59:46.210084 ==============================================================================
2026-10-02 05:59:46.210150 Suites.Auth
2026-10-02 05:59:46.210729 ==============================================================================
2026-10-02 05:59:46.210742 Suites.Auth.TC01 register user
2026-10-02 05:59:46.210742 [ ERROR ] Error in file '/home/runner/work/engg-robot-testing-framework/engg-robot-testing-framework/tests/auth/TC01_register_user.robot' on line 2: Importing library 'playwright_keyword_library.PlaywrightKeywordLibrary' failed: ModuleNotFoundError: No module named 'playwright_keyword_library'
2026-10-02 05:59:46.224042 ==============================================================================
2026-10-02 05:59:46.224042 Traceback (most recent call last):
2026-10-02 05:59:46.224058   None
2026-10-02 05:59:46.274155 PYTHONPATH:
2026-10-02 05:59:46.324272   /opt/hostedtoolcache/Python/3.11.16/x64/bin
2026-10-02 05:59:46.374386   /opt/hostedtoolcache/Python/3.11.16/x64/lib/python311.zip
2026-10-02 05:59:46.424503   /opt/hostedtoolcache/Python/3.11.16/x64/lib/python3.11
2026-10-02 05:59:46.474618   /opt/hostedtoolcache/Python/3.11.16/x64/lib/python3.11/lib-dynload
2026-10-02 05:59:46.524735   /opt/hostedtoolcache/Python/3.11.16/x64/lib/python3.11/site-packages
2026-10-02 05:59:46.574820 [ ERROR ] Error in file '/home/runner/work/engg-robot-testing-framework/engg-robot-testing-framework/resources/auth_keywords.resource' on line 2: Importing library 'playwright_keyword_library.PlaywrightKeywordLibrary' failed: ModuleNotFoundError: No module named 'playwright_keyword_library'
2026-10-02 05:59:46.624955 Traceback (most recent call last):
2026-10-02 05:59:46.675156   None
2026-10-02 05:59:46.725378 PYTHONPATH:
2026-10-02 05:59:46.775580   /opt/hostedtoolcache/Python/3.11.16/x64/bin
2026-10-02 05:59:46.825789   /opt/hostedtoolcache/Python/3.11.16/x64/lib/python311.zip
2026-10-02 05:59:46.875997   /opt/hostedtoolcache/Python/3.11.16/x64/lib/python3.11
2026-10-02 05:59:46.926177   /opt/hostedtoolcache/Python/3.11.16/x64/lib/python3.11/lib-dynload
2026-10-02 05:59:46.976353   /opt/hostedtoolcache/Python/3.11.16/x64/lib/python3.11/site-packages
2026-10-02 05:59:47.026549 [ ERROR ] Error in file '/home/runner/work/engg-robot-testing-framework/engg-robot-testing-framework/resources/common.resource' on line 4: Importing library 'playwright_keyword_library.PlaywrightKeywordLibrary' failed: ModuleNotFoundError: No module named 'playwright_keyword_library'
2026-10-02 05:59:47.076781 Traceback (most recent call last):
2026-10-02 05:59:47.126949   None
2026-10-02 05:59:47.177149 PYTHONPATH:
2026-10-02 05:59:47.227358   /opt/hostedtoolcache/Python/3.11.16/x64/bin
2026-10-02 05:59:47.277533   /opt/hostedtoolcache/Python/3.11.16/x64/lib/python311.zip
2026-10-02 05:59:47.327742   /opt/hostedtoolcache/Python/3.11.16/x64/lib/python3.11
2026-10-02 05:59:47.377906   /opt/hostedtoolcache/Python/3.11.16/x64/lib/python3.11/lib-dynload
2026-10-02 05:59:47.428061   /opt/hostedtoolcache/Python/3.11.16/x64/lib/python3.11/site-packages
2026-10-02 05:59:56.199100 TC01 Register User                                                    | FAIL |
2026-10-02 05:59:56.232447 Setup failed:
2026-10-02 05:59:56.232462 No keyword with name 'Open Browser' found.
2026-10-02 05:59:56.232508 
2026-10-02 05:59:56.232523 Also teardown failed:
2026-10-02 05:59:56.232536 Several failures occurred:
2026-10-02 05:59:56.232610 
2026-10-02 05:59:56.232627 1) No keyword with name 'Register Keyword To Run On Failure' found.
2026-10-02 05:59:56.232642 
2026-10-02 05:59:56.232653 2) No keyword with name 'Close Browser' found. Did you mean:
2026-10-02 05:59:56.232760     common.Close Test Browser
2026-10-02 05:59:56.232768 ------------------------------------------------------------------------------
2026-10-02 05:59:56.232773 Suites.Auth.TC01 register user                                        | FAIL |
2026-10-02 05:59:56.232778 1 test, 0 passed, 1 failed
2026-10-02 05:59:56.232783 ==============================================================================
2026-10-02 05:59:56.232794 Suites.Auth                                                           | FAIL |
2026-10-02 05:59:56.232868 1 test, 0 passed, 1 failed
2026-10-02 05:59:56.232890 ==============================================================================
2026-10-02 05:59:56.232896 Suites                                                                | FAIL |
2026-10-02 05:59:56.233212 1 test, 0 passed, 1 failed
2026-10-02 05:59:56.233249 ==============================================================================
2026-10-02 05:59:56.233261 Output:  /home/runner/work/engg-robot-testing-framework/engg-robot-testing-framework/reports/pabot_results/0/output.xml
