2026-06-13 05:02:31.440778 ==============================================================================
2026-06-13 05:02:31.454376 Suites
2026-06-13 05:02:31.454397 ==============================================================================
2026-06-13 05:02:31.454412 Suites.Auth
2026-06-13 05:02:31.455081 ==============================================================================
2026-06-13 05:02:31.605424 Suites.Auth.TC01 register user
2026-06-13 05:02:31.626508 ==============================================================================
2026-06-13 05:03:55.884489 TC01 Register User                                                    | FAIL |
2026-06-13 05:03:55.915940 Element 'css=li a b' did not appear in 45 seconds.
2026-06-13 05:03:55.915958 ------------------------------------------------------------------------------
2026-06-13 05:03:55.915972 Suites.Auth.TC01 register user                                        | FAIL |
2026-06-13 05:03:55.916923 1 test, 0 passed, 1 failed
2026-06-13 05:03:55.916946 ==============================================================================
2026-06-13 05:03:55.916989 Suites.Auth                                                           | FAIL |
2026-06-13 05:03:55.917301 1 test, 0 passed, 1 failed
2026-06-13 05:03:55.917323 ==============================================================================
2026-06-13 05:03:55.917364 Suites                                                                | FAIL |
2026-06-13 05:03:55.917621 1 test, 0 passed, 1 failed
2026-06-13 05:03:55.917637 ==============================================================================
2026-06-13 05:03:55.917650 Output:  /home/runner/work/engg-robot-testing-framework/engg-robot-testing-framework/reports/pabot_results/0/output.xml
