2026-08-17 09:30:22.772227 ==============================================================================
2026-08-17 09:30:22.787514 Suites
2026-08-17 09:30:22.787533 ==============================================================================
2026-08-17 09:30:22.787551 Suites.Auth
2026-08-17 09:30:22.788391 ==============================================================================
2026-08-17 09:30:22.788409 Suites.Auth.TC02 login valid
2026-08-17 09:30:22.788409 [ ERROR ] Error in file '/home/runner/work/engg-robot-testing-framework/engg-robot-testing-framework/tests/auth/TC02_login_valid.robot' on line 2: Importing library 'playwright_keyword_library.PlaywrightKeywordLibrary' failed: ModuleNotFoundError: No module named 'playwright_keyword_library'
2026-08-17 09:30:22.807669 ==============================================================================
2026-08-17 09:30:22.807669 Traceback (most recent call last):
2026-08-17 09:30:22.807692   None
2026-08-17 09:30:22.857833 PYTHONPATH:
2026-08-17 09:30:22.907934   /opt/hostedtoolcache/Python/3.11.15/x64/bin
2026-08-17 09:30:22.958040   /opt/hostedtoolcache/Python/3.11.15/x64/lib/python311.zip
2026-08-17 09:30:23.008141   /opt/hostedtoolcache/Python/3.11.15/x64/lib/python3.11
2026-08-17 09:30:23.058251   /opt/hostedtoolcache/Python/3.11.15/x64/lib/python3.11/lib-dynload
2026-08-17 09:30:23.108385   /opt/hostedtoolcache/Python/3.11.15/x64/lib/python3.11/site-packages
2026-08-17 09:30:23.158522 [ ERROR ] Error in file '/home/runner/work/engg-robot-testing-framework/engg-robot-testing-framework/resources/auth_keywords.resource' on line 2: Importing library 'playwright_keyword_library.PlaywrightKeywordLibrary' failed: ModuleNotFoundError: No module named 'playwright_keyword_library'
2026-08-17 09:30:23.208673 Traceback (most recent call last):
2026-08-17 09:30:23.258810   None
2026-08-17 09:30:23.308945 PYTHONPATH:
2026-08-17 09:30:23.359083   /opt/hostedtoolcache/Python/3.11.15/x64/bin
2026-08-17 09:30:23.409245   /opt/hostedtoolcache/Python/3.11.15/x64/lib/python311.zip
2026-08-17 09:30:23.459397   /opt/hostedtoolcache/Python/3.11.15/x64/lib/python3.11
2026-08-17 09:30:23.509552   /opt/hostedtoolcache/Python/3.11.15/x64/lib/python3.11/lib-dynload
2026-08-17 09:30:23.559708   /opt/hostedtoolcache/Python/3.11.15/x64/lib/python3.11/site-packages
2026-08-17 09:30:23.609865 [ ERROR ] Error in file '/home/runner/work/engg-robot-testing-framework/engg-robot-testing-framework/resources/common.resource' on line 4: Importing library 'playwright_keyword_library.PlaywrightKeywordLibrary' failed: ModuleNotFoundError: No module named 'playwright_keyword_library'
2026-08-17 09:30:23.659977 Traceback (most recent call last):
2026-08-17 09:30:23.710134   None
2026-08-17 09:30:23.760281 PYTHONPATH:
2026-08-17 09:30:23.810382   /opt/hostedtoolcache/Python/3.11.15/x64/bin
2026-08-17 09:30:23.860489   /opt/hostedtoolcache/Python/3.11.15/x64/lib/python311.zip
2026-08-17 09:30:23.910627   /opt/hostedtoolcache/Python/3.11.15/x64/lib/python3.11
2026-08-17 09:30:23.960732   /opt/hostedtoolcache/Python/3.11.15/x64/lib/python3.11/lib-dynload
2026-08-17 09:30:24.010885   /opt/hostedtoolcache/Python/3.11.15/x64/lib/python3.11/site-packages
2026-08-17 09:30:32.785219 TC02 Login User With Correct Email And Password                       | FAIL |
2026-08-17 09:30:32.818652 Setup failed:
2026-08-17 09:30:32.818678 No keyword with name 'Open Browser' found.
2026-08-17 09:30:32.818721 
2026-08-17 09:30:32.818739 Also teardown failed:
2026-08-17 09:30:32.818758 Several failures occurred:
2026-08-17 09:30:32.818774 
2026-08-17 09:30:32.818793 1) No keyword with name 'Register Keyword To Run On Failure' found.
2026-08-17 09:30:32.818809 
2026-08-17 09:30:32.818827 2) No keyword with name 'Close Browser' found. Did you mean:
2026-08-17 09:30:32.818842     common.Close Test Browser
2026-08-17 09:30:32.818857 ------------------------------------------------------------------------------
2026-08-17 09:30:32.818876 Suites.Auth.TC02 login valid                                          | FAIL |
2026-08-17 09:30:32.819506 1 test, 0 passed, 1 failed
2026-08-17 09:30:32.819548 ==============================================================================
2026-08-17 09:30:32.819556 Suites.Auth                                                           | FAIL |
2026-08-17 09:30:32.820052 1 test, 0 passed, 1 failed
2026-08-17 09:30:32.820108 ==============================================================================
2026-08-17 09:30:32.820116 Suites                                                                | FAIL |
2026-08-17 09:30:32.820462 1 test, 0 passed, 1 failed
2026-08-17 09:30:32.820519 ==============================================================================
2026-08-17 09:30:32.820527 Output:  /home/runner/work/engg-robot-testing-framework/engg-robot-testing-framework/reports/pabot_results/1/output.xml
