2026-10-05 06:03:30.326680 ==============================================================================
2026-10-05 06:03:30.344983 Suites
2026-10-05 06:03:30.345007 ==============================================================================
2026-10-05 06:03:30.345024 Suites.Auth
2026-10-05 06:03:30.345888 ==============================================================================
2026-10-05 06:03:30.345913 Suites.Auth.TC02 login valid
2026-10-05 06:03:30.345913 [ ERROR ] Error in file '/home/runner/work/engg-robot-testing-framework/engg-robot-testing-framework/tests/auth/TC02_login_valid.robot' on line 2: Importing library 'playwright_keyword_library.PlaywrightKeywordLibrary' failed: ModuleNotFoundError: No module named 'playwright_keyword_library'
2026-10-05 06:03:30.365152 ==============================================================================
2026-10-05 06:03:30.365152 Traceback (most recent call last):
2026-10-05 06:03:30.365178   None
2026-10-05 06:03:30.415286 PYTHONPATH:
2026-10-05 06:03:30.465390   /opt/hostedtoolcache/Python/3.11.16/x64/bin
2026-10-05 06:03:30.515497   /opt/hostedtoolcache/Python/3.11.16/x64/lib/python311.zip
2026-10-05 06:03:30.565613   /opt/hostedtoolcache/Python/3.11.16/x64/lib/python3.11
2026-10-05 06:03:30.615731   /opt/hostedtoolcache/Python/3.11.16/x64/lib/python3.11/lib-dynload
2026-10-05 06:03:30.665888   /opt/hostedtoolcache/Python/3.11.16/x64/lib/python3.11/site-packages
2026-10-05 06:03:30.716049 [ ERROR ] Error in file '/home/runner/work/engg-robot-testing-framework/engg-robot-testing-framework/resources/auth_keywords.resource' on line 2: Importing library 'playwright_keyword_library.PlaywrightKeywordLibrary' failed: ModuleNotFoundError: No module named 'playwright_keyword_library'
2026-10-05 06:03:30.766210 Traceback (most recent call last):
2026-10-05 06:03:30.816368   None
2026-10-05 06:03:30.866531 PYTHONPATH:
2026-10-05 06:03:30.916693   /opt/hostedtoolcache/Python/3.11.16/x64/bin
2026-10-05 06:03:30.966860   /opt/hostedtoolcache/Python/3.11.16/x64/lib/python311.zip
2026-10-05 06:03:31.017013   /opt/hostedtoolcache/Python/3.11.16/x64/lib/python3.11
2026-10-05 06:03:31.067182   /opt/hostedtoolcache/Python/3.11.16/x64/lib/python3.11/lib-dynload
2026-10-05 06:03:31.117346   /opt/hostedtoolcache/Python/3.11.16/x64/lib/python3.11/site-packages
2026-10-05 06:03:31.167517 [ ERROR ] Error in file '/home/runner/work/engg-robot-testing-framework/engg-robot-testing-framework/resources/common.resource' on line 4: Importing library 'playwright_keyword_library.PlaywrightKeywordLibrary' failed: ModuleNotFoundError: No module named 'playwright_keyword_library'
2026-10-05 06:03:31.217677 Traceback (most recent call last):
2026-10-05 06:03:31.267835   None
2026-10-05 06:03:31.317991 PYTHONPATH:
2026-10-05 06:03:31.368153   /opt/hostedtoolcache/Python/3.11.16/x64/bin
2026-10-05 06:03:31.418318   /opt/hostedtoolcache/Python/3.11.16/x64/lib/python311.zip
2026-10-05 06:03:31.468478   /opt/hostedtoolcache/Python/3.11.16/x64/lib/python3.11
2026-10-05 06:03:31.518628   /opt/hostedtoolcache/Python/3.11.16/x64/lib/python3.11/lib-dynload
2026-10-05 06:03:31.568792   /opt/hostedtoolcache/Python/3.11.16/x64/lib/python3.11/site-packages
2026-10-05 06:03:40.341546 TC02 Login User With Correct Email And Password                       | FAIL |
2026-10-05 06:03:40.375285 Setup failed:
2026-10-05 06:03:40.375307 No keyword with name 'Open Browser' found.
2026-10-05 06:03:40.375324 
2026-10-05 06:03:40.375340 Also teardown failed:
2026-10-05 06:03:40.375354 Several failures occurred:
2026-10-05 06:03:40.375369 
2026-10-05 06:03:40.375383 1) No keyword with name 'Register Keyword To Run On Failure' found.
2026-10-05 06:03:40.375396 
2026-10-05 06:03:40.375407 2) No keyword with name 'Close Browser' found. Did you mean:
2026-10-05 06:03:40.375420     common.Close Test Browser
2026-10-05 06:03:40.375432 ------------------------------------------------------------------------------
2026-10-05 06:03:40.375445 Suites.Auth.TC02 login valid                                          | FAIL |
2026-10-05 06:03:40.376645 1 test, 0 passed, 1 failed
2026-10-05 06:03:40.376661 ==============================================================================
2026-10-05 06:03:40.376676 Suites.Auth                                                           | FAIL |
2026-10-05 06:03:40.376689 1 test, 0 passed, 1 failed
2026-10-05 06:03:40.376703 ==============================================================================
2026-10-05 06:03:40.376716 Suites                                                                | FAIL |
2026-10-05 06:03:40.377047 1 test, 0 passed, 1 failed
2026-10-05 06:03:40.377064 ==============================================================================
2026-10-05 06:03:40.377077 Output:  /home/runner/work/engg-robot-testing-framework/engg-robot-testing-framework/reports/pabot_results/1/output.xml
