2026-07-18 03:41:53.052787 ==============================================================================
2026-07-18 03:41:53.065819 Suites
2026-07-18 03:41:53.065836 ==============================================================================
2026-07-18 03:41:53.065847 Suites.Cart
2026-07-18 03:41:53.066481 ==============================================================================
2026-07-18 03:41:53.066496 Suites.Cart.TC20 search and verify cart after login :: TC20 - Search Produc...
2026-07-18 03:41:53.066496 [ ERROR ] Error in file '/home/runner/work/engg-robot-testing-framework/engg-robot-testing-framework/tests/cart/TC20_search_and_verify_cart_after_login.robot' on line 3: Importing library 'playwright_keyword_library.PlaywrightKeywordLibrary' failed: ModuleNotFoundError: No module named 'playwright_keyword_library'
2026-07-18 03:41:53.098264 ==============================================================================
2026-07-18 03:41:53.098264 Traceback (most recent call last):
2026-07-18 03:41:53.098286   None
2026-07-18 03:41:53.148395 PYTHONPATH:
2026-07-18 03:41:53.198537   /opt/hostedtoolcache/Python/3.11.15/x64/bin
2026-07-18 03:41:53.248673   /opt/hostedtoolcache/Python/3.11.15/x64/lib/python311.zip
2026-07-18 03:41:53.298818   /opt/hostedtoolcache/Python/3.11.15/x64/lib/python3.11
2026-07-18 03:41:53.348932   /opt/hostedtoolcache/Python/3.11.15/x64/lib/python3.11/lib-dynload
2026-07-18 03:41:53.399055   /opt/hostedtoolcache/Python/3.11.15/x64/lib/python3.11/site-packages
2026-07-18 03:41:53.449201 [ ERROR ] Error in file '/home/runner/work/engg-robot-testing-framework/engg-robot-testing-framework/resources/common.resource' on line 4: Importing library 'playwright_keyword_library.PlaywrightKeywordLibrary' failed: ModuleNotFoundError: No module named 'playwright_keyword_library'
2026-07-18 03:41:53.499343 Traceback (most recent call last):
2026-07-18 03:41:53.549485   None
2026-07-18 03:41:53.599661 PYTHONPATH:
2026-07-18 03:41:53.649808   /opt/hostedtoolcache/Python/3.11.15/x64/bin
2026-07-18 03:41:53.699949   /opt/hostedtoolcache/Python/3.11.15/x64/lib/python311.zip
2026-07-18 03:41:53.750088   /opt/hostedtoolcache/Python/3.11.15/x64/lib/python3.11
2026-07-18 03:41:53.800231   /opt/hostedtoolcache/Python/3.11.15/x64/lib/python3.11/lib-dynload
2026-07-18 03:41:53.850371   /opt/hostedtoolcache/Python/3.11.15/x64/lib/python3.11/site-packages
2026-07-18 03:41:53.900490 [ ERROR ] Error in file '/home/runner/work/engg-robot-testing-framework/engg-robot-testing-framework/resources/product_keywords.resource' on line 2: Importing library 'playwright_keyword_library.PlaywrightKeywordLibrary' failed: ModuleNotFoundError: No module named 'playwright_keyword_library'
2026-07-18 03:41:53.950680 Traceback (most recent call last):
2026-07-18 03:41:54.000834   None
2026-07-18 03:41:54.050988 PYTHONPATH:
2026-07-18 03:41:54.101152   /opt/hostedtoolcache/Python/3.11.15/x64/bin
2026-07-18 03:41:54.151307   /opt/hostedtoolcache/Python/3.11.15/x64/lib/python311.zip
2026-07-18 03:41:54.201469   /opt/hostedtoolcache/Python/3.11.15/x64/lib/python3.11
2026-07-18 03:41:54.251640   /opt/hostedtoolcache/Python/3.11.15/x64/lib/python3.11/lib-dynload
2026-07-18 03:41:54.301798   /opt/hostedtoolcache/Python/3.11.15/x64/lib/python3.11/site-packages
2026-07-18 03:41:54.351920 [ ERROR ] Error in file '/home/runner/work/engg-robot-testing-framework/engg-robot-testing-framework/resources/cart_keywords.resource' on line 2: Importing library 'playwright_keyword_library.PlaywrightKeywordLibrary' failed: ModuleNotFoundError: No module named 'playwright_keyword_library'
2026-07-18 03:41:54.402054 Traceback (most recent call last):
2026-07-18 03:41:54.452211   None
2026-07-18 03:41:54.502370 PYTHONPATH:
2026-07-18 03:41:54.552526   /opt/hostedtoolcache/Python/3.11.15/x64/bin
2026-07-18 03:41:54.602686   /opt/hostedtoolcache/Python/3.11.15/x64/lib/python311.zip
2026-07-18 03:41:54.652814   /opt/hostedtoolcache/Python/3.11.15/x64/lib/python3.11
2026-07-18 03:41:54.702975   /opt/hostedtoolcache/Python/3.11.15/x64/lib/python3.11/lib-dynload
2026-07-18 03:41:54.753088   /opt/hostedtoolcache/Python/3.11.15/x64/lib/python3.11/site-packages
2026-07-18 03:41:54.803245 [ ERROR ] Error in file '/home/runner/work/engg-robot-testing-framework/engg-robot-testing-framework/resources/auth_keywords.resource' on line 2: Importing library 'playwright_keyword_library.PlaywrightKeywordLibrary' failed: ModuleNotFoundError: No module named 'playwright_keyword_library'
2026-07-18 03:41:54.853371 Traceback (most recent call last):
2026-07-18 03:41:54.903506   None
2026-07-18 03:41:54.953681 PYTHONPATH:
2026-07-18 03:41:55.003842   /opt/hostedtoolcache/Python/3.11.15/x64/bin
2026-07-18 03:41:55.053999   /opt/hostedtoolcache/Python/3.11.15/x64/lib/python311.zip
2026-07-18 03:41:55.104122   /opt/hostedtoolcache/Python/3.11.15/x64/lib/python3.11
2026-07-18 03:41:55.154281   /opt/hostedtoolcache/Python/3.11.15/x64/lib/python3.11/lib-dynload
2026-07-18 03:41:55.204436   /opt/hostedtoolcache/Python/3.11.15/x64/lib/python3.11/site-packages
2026-07-18 03:42:03.072014 TC20 Search Products And Verify Cart After Login                      | FAIL |
2026-07-18 03:42:03.109154 Setup failed:
2026-07-18 03:42:03.109172 No keyword with name 'Open Browser' found.
2026-07-18 03:42:03.109185 
2026-07-18 03:42:03.109196 Also teardown failed:
2026-07-18 03:42:03.109207 Several failures occurred:
2026-07-18 03:42:03.109218 
2026-07-18 03:42:03.109228 1) No keyword with name 'Register Keyword To Run On Failure' found.
2026-07-18 03:42:03.109238 
2026-07-18 03:42:03.109247 2) No keyword with name 'Close Browser' found. Did you mean:
2026-07-18 03:42:03.109257     common.Close Test Browser
2026-07-18 03:42:03.109267 ------------------------------------------------------------------------------
2026-07-18 03:42:03.109277 Suites.Cart.TC20 search and verify cart after login :: TC20 - Sear... | FAIL |
2026-07-18 03:42:03.109818 1 test, 0 passed, 1 failed
2026-07-18 03:42:03.109838 ==============================================================================
2026-07-18 03:42:03.109888 Suites.Cart                                                           | FAIL |
2026-07-18 03:42:03.110183 1 test, 0 passed, 1 failed
2026-07-18 03:42:03.110240 ==============================================================================
2026-07-18 03:42:03.110252 Suites                                                                | FAIL |
2026-07-18 03:42:03.110511 1 test, 0 passed, 1 failed
2026-07-18 03:42:03.110564 ==============================================================================
2026-07-18 03:42:03.110577 Output:  /home/runner/work/engg-robot-testing-framework/engg-robot-testing-framework/reports/pabot_results/8/output.xml
