2026-06-22 05:41:39.287673 ==============================================================================
2026-06-22 05:41:39.308882 Suites
2026-06-22 05:41:39.308904 ==============================================================================
2026-06-22 05:41:39.308918 Suites.Cart
2026-06-22 05:41:39.309830 ==============================================================================
2026-06-22 05:41:39.309850 Suites.Cart.TC12 add products to cart :: TC12 - Add Products In Cart
2026-06-22 05:41:39.309850 [ ERROR ] Error in file '/home/runner/work/engg-robot-testing-framework/engg-robot-testing-framework/resources/common.resource' on line 4: Importing library 'playwright_keyword_library.PlaywrightKeywordLibrary' failed: ModuleNotFoundError: No module named 'playwright_keyword_library'
2026-06-22 05:41:39.340799 ==============================================================================
2026-06-22 05:41:39.340799 Traceback (most recent call last):
2026-06-22 05:41:39.340823   None
2026-06-22 05:41:39.390933 PYTHONPATH:
2026-06-22 05:41:39.441051   /opt/hostedtoolcache/Python/3.11.15/x64/bin
2026-06-22 05:41:39.491174   /opt/hostedtoolcache/Python/3.11.15/x64/lib/python311.zip
2026-06-22 05:41:39.541288   /opt/hostedtoolcache/Python/3.11.15/x64/lib/python3.11
2026-06-22 05:41:39.591409   /opt/hostedtoolcache/Python/3.11.15/x64/lib/python3.11/lib-dynload
2026-06-22 05:41:39.641531   /opt/hostedtoolcache/Python/3.11.15/x64/lib/python3.11/site-packages
2026-06-22 05:41:39.691685 [ ERROR ] Error in file '/home/runner/work/engg-robot-testing-framework/engg-robot-testing-framework/resources/product_keywords.resource' on line 2: Importing library 'playwright_keyword_library.PlaywrightKeywordLibrary' failed: ModuleNotFoundError: No module named 'playwright_keyword_library'
2026-06-22 05:41:39.741806 Traceback (most recent call last):
2026-06-22 05:41:39.791964   None
2026-06-22 05:41:39.842080 PYTHONPATH:
2026-06-22 05:41:39.892232   /opt/hostedtoolcache/Python/3.11.15/x64/bin
2026-06-22 05:41:39.942340   /opt/hostedtoolcache/Python/3.11.15/x64/lib/python311.zip
2026-06-22 05:41:39.992507   /opt/hostedtoolcache/Python/3.11.15/x64/lib/python3.11
2026-06-22 05:41:40.042622   /opt/hostedtoolcache/Python/3.11.15/x64/lib/python3.11/lib-dynload
2026-06-22 05:41:40.092781   /opt/hostedtoolcache/Python/3.11.15/x64/lib/python3.11/site-packages
2026-06-22 05:41:40.142894 [ ERROR ] Error in file '/home/runner/work/engg-robot-testing-framework/engg-robot-testing-framework/resources/cart_keywords.resource' on line 2: Importing library 'playwright_keyword_library.PlaywrightKeywordLibrary' failed: ModuleNotFoundError: No module named 'playwright_keyword_library'
2026-06-22 05:41:40.193048 Traceback (most recent call last):
2026-06-22 05:41:40.243195   None
2026-06-22 05:41:40.293349 PYTHONPATH:
2026-06-22 05:41:40.343485   /opt/hostedtoolcache/Python/3.11.15/x64/bin
2026-06-22 05:41:40.393656   /opt/hostedtoolcache/Python/3.11.15/x64/lib/python311.zip
2026-06-22 05:41:40.443801   /opt/hostedtoolcache/Python/3.11.15/x64/lib/python3.11
2026-06-22 05:41:40.493948   /opt/hostedtoolcache/Python/3.11.15/x64/lib/python3.11/lib-dynload
2026-06-22 05:41:40.544081   /opt/hostedtoolcache/Python/3.11.15/x64/lib/python3.11/site-packages
2026-06-22 05:41:49.315963 TC12 Add Products In Cart                                             | FAIL |
2026-06-22 05:41:49.352370 Setup failed:
2026-06-22 05:41:49.352393 No keyword with name 'Open Browser' found.
2026-06-22 05:41:49.352406 
2026-06-22 05:41:49.352418 Also teardown failed:
2026-06-22 05:41:49.352460 Several failures occurred:
2026-06-22 05:41:49.352473 
2026-06-22 05:41:49.352483 1) No keyword with name 'Register Keyword To Run On Failure' found.
2026-06-22 05:41:49.352494 
2026-06-22 05:41:49.352503 2) No keyword with name 'Close Browser' found. Did you mean:
2026-06-22 05:41:49.352512     common.Close Test Browser
2026-06-22 05:41:49.352522 ------------------------------------------------------------------------------
2026-06-22 05:41:49.352532 Suites.Cart.TC12 add products to cart :: TC12 - Add Products In Cart  | FAIL |
2026-06-22 05:41:49.353029 1 test, 0 passed, 1 failed
2026-06-22 05:41:49.353098 ==============================================================================
2026-06-22 05:41:49.353111 Suites.Cart                                                           | FAIL |
2026-06-22 05:41:49.353512 1 test, 0 passed, 1 failed
2026-06-22 05:41:49.353578 ==============================================================================
2026-06-22 05:41:49.353591 Suites                                                                | FAIL |
2026-06-22 05:41:49.353921 1 test, 0 passed, 1 failed
2026-06-22 05:41:49.353991 ==============================================================================
2026-06-22 05:41:49.354004 Output:  /home/runner/work/engg-robot-testing-framework/engg-robot-testing-framework/reports/pabot_results/5/output.xml
