2026-08-24 02:07:17.846150 ==============================================================================
2026-08-24 02:07:17.895321 Suites
2026-08-24 02:07:17.895341 ==============================================================================
2026-08-24 02:07:17.895355 Suites.Auth
2026-08-24 02:07:17.896009 ==============================================================================
2026-08-24 02:07:17.896022 Suites.Auth.TC01 register user
2026-08-24 02:07:17.896022 [ ERROR ] Error in file '/home/runner/work/engg-robot-testing-framework/engg-robot-testing-framework/tests/auth/TC01_register_user.robot' on line 2: Importing library 'playwright_keyword_library.PlaywrightKeywordLibrary' failed: ModuleNotFoundError: No module named 'playwright_keyword_library'
2026-08-24 02:07:17.910364 ==============================================================================
2026-08-24 02:07:17.910364 Traceback (most recent call last):
2026-08-24 02:07:17.910381   None
2026-08-24 02:07:17.960507 PYTHONPATH:
2026-08-24 02:07:18.010640   /opt/hostedtoolcache/Python/3.11.16/x64/bin
2026-08-24 02:07:18.060846   /opt/hostedtoolcache/Python/3.11.16/x64/lib/python311.zip
2026-08-24 02:07:18.110986   /opt/hostedtoolcache/Python/3.11.16/x64/lib/python3.11
2026-08-24 02:07:18.161149   /opt/hostedtoolcache/Python/3.11.16/x64/lib/python3.11/lib-dynload
2026-08-24 02:07:18.211279   /opt/hostedtoolcache/Python/3.11.16/x64/lib/python3.11/site-packages
2026-08-24 02:07:18.261399 [ ERROR ] Error in file '/home/runner/work/engg-robot-testing-framework/engg-robot-testing-framework/resources/auth_keywords.resource' on line 2: Importing library 'playwright_keyword_library.PlaywrightKeywordLibrary' failed: ModuleNotFoundError: No module named 'playwright_keyword_library'
2026-08-24 02:07:18.311569 Traceback (most recent call last):
2026-08-24 02:07:18.361694   None
2026-08-24 02:07:18.411880 PYTHONPATH:
2026-08-24 02:07:18.462001   /opt/hostedtoolcache/Python/3.11.16/x64/bin
2026-08-24 02:07:18.512143   /opt/hostedtoolcache/Python/3.11.16/x64/lib/python311.zip
2026-08-24 02:07:18.562274   /opt/hostedtoolcache/Python/3.11.16/x64/lib/python3.11
2026-08-24 02:07:18.612446   /opt/hostedtoolcache/Python/3.11.16/x64/lib/python3.11/lib-dynload
2026-08-24 02:07:18.662573   /opt/hostedtoolcache/Python/3.11.16/x64/lib/python3.11/site-packages
2026-08-24 02:07:18.712724 [ ERROR ] Error in file '/home/runner/work/engg-robot-testing-framework/engg-robot-testing-framework/resources/common.resource' on line 4: Importing library 'playwright_keyword_library.PlaywrightKeywordLibrary' failed: ModuleNotFoundError: No module named 'playwright_keyword_library'
2026-08-24 02:07:18.762874 Traceback (most recent call last):
2026-08-24 02:07:18.813037   None
2026-08-24 02:07:18.863182 PYTHONPATH:
2026-08-24 02:07:18.913341   /opt/hostedtoolcache/Python/3.11.16/x64/bin
2026-08-24 02:07:18.963477   /opt/hostedtoolcache/Python/3.11.16/x64/lib/python311.zip
2026-08-24 02:07:19.013624   /opt/hostedtoolcache/Python/3.11.16/x64/lib/python3.11
2026-08-24 02:07:19.063766   /opt/hostedtoolcache/Python/3.11.16/x64/lib/python3.11/lib-dynload
2026-08-24 02:07:19.113975   /opt/hostedtoolcache/Python/3.11.16/x64/lib/python3.11/site-packages
2026-08-24 02:07:27.884095 TC01 Register User                                                    | FAIL |
2026-08-24 02:07:27.918112 Setup failed:
2026-08-24 02:07:27.918126 No keyword with name 'Open Browser' found.
2026-08-24 02:07:27.918136 
2026-08-24 02:07:27.918143 Also teardown failed:
2026-08-24 02:07:27.918151 Several failures occurred:
2026-08-24 02:07:27.918158 
2026-08-24 02:07:27.918166 1) No keyword with name 'Register Keyword To Run On Failure' found.
2026-08-24 02:07:27.918175 
2026-08-24 02:07:27.918182 2) No keyword with name 'Close Browser' found. Did you mean:
2026-08-24 02:07:27.918190     common.Close Test Browser
2026-08-24 02:07:27.918197 ------------------------------------------------------------------------------
2026-08-24 02:07:27.918204 Suites.Auth.TC01 register user                                        | FAIL |
2026-08-24 02:07:27.918621 1 test, 0 passed, 1 failed
2026-08-24 02:07:27.918640 ==============================================================================
2026-08-24 02:07:27.918691 Suites.Auth                                                           | FAIL |
2026-08-24 02:07:27.919015 1 test, 0 passed, 1 failed
2026-08-24 02:07:27.919027 ==============================================================================
2026-08-24 02:07:27.919036 Suites                                                                | FAIL |
2026-08-24 02:07:27.919284 1 test, 0 passed, 1 failed
2026-08-24 02:07:27.919336 ==============================================================================
2026-08-24 02:07:27.919346 Output:  /home/runner/work/engg-robot-testing-framework/engg-robot-testing-framework/reports/pabot_results/0/output.xml
