2026-06-21 05:25:40.900941 ==============================================================================
2026-06-21 05:25:40.916225 Suites
2026-06-21 05:25:40.916243 ==============================================================================
2026-06-21 05:25:40.916257 Suites.Cart
2026-06-21 05:25:40.917024 ==============================================================================
2026-06-21 05:25:40.917038 Suites.Cart.TC17 remove products from cart :: TC17 - Remove Products From Cart
2026-06-21 05:25:40.917038 [ ERROR ] Error in file '/home/runner/work/engg-robot-testing-framework/engg-robot-testing-framework/resources/common.resource' on line 4: Importing library 'playwright_keyword_library.PlaywrightKeywordLibrary' failed: ModuleNotFoundError: No module named 'playwright_keyword_library'
2026-06-21 05:25:40.943814 ==============================================================================
2026-06-21 05:25:40.943814 Traceback (most recent call last):
2026-06-21 05:25:40.943837   None
2026-06-21 05:25:40.994003 PYTHONPATH:
2026-06-21 05:25:41.044218   /opt/hostedtoolcache/Python/3.11.15/x64/bin
2026-06-21 05:25:41.094395   /opt/hostedtoolcache/Python/3.11.15/x64/lib/python311.zip
2026-06-21 05:25:41.144580   /opt/hostedtoolcache/Python/3.11.15/x64/lib/python3.11
2026-06-21 05:25:41.194796   /opt/hostedtoolcache/Python/3.11.15/x64/lib/python3.11/lib-dynload
2026-06-21 05:25:41.245013   /opt/hostedtoolcache/Python/3.11.15/x64/lib/python3.11/site-packages
2026-06-21 05:25:41.295192 [ ERROR ] Error in file '/home/runner/work/engg-robot-testing-framework/engg-robot-testing-framework/resources/product_keywords.resource' on line 2: Importing library 'playwright_keyword_library.PlaywrightKeywordLibrary' failed: ModuleNotFoundError: No module named 'playwright_keyword_library'
2026-06-21 05:25:41.345386 Traceback (most recent call last):
2026-06-21 05:25:41.395566   None
2026-06-21 05:25:41.445748 PYTHONPATH:
2026-06-21 05:25:41.495934   /opt/hostedtoolcache/Python/3.11.15/x64/bin
2026-06-21 05:25:41.546126   /opt/hostedtoolcache/Python/3.11.15/x64/lib/python311.zip
2026-06-21 05:25:41.596394   /opt/hostedtoolcache/Python/3.11.15/x64/lib/python3.11
2026-06-21 05:25:41.646592   /opt/hostedtoolcache/Python/3.11.15/x64/lib/python3.11/lib-dynload
2026-06-21 05:25:41.696846   /opt/hostedtoolcache/Python/3.11.15/x64/lib/python3.11/site-packages
2026-06-21 05:25:41.747036 [ ERROR ] Error in file '/home/runner/work/engg-robot-testing-framework/engg-robot-testing-framework/resources/cart_keywords.resource' on line 2: Importing library 'playwright_keyword_library.PlaywrightKeywordLibrary' failed: ModuleNotFoundError: No module named 'playwright_keyword_library'
2026-06-21 05:25:41.797287 Traceback (most recent call last):
2026-06-21 05:25:41.847474   None
2026-06-21 05:25:41.897731 PYTHONPATH:
2026-06-21 05:25:41.947919   /opt/hostedtoolcache/Python/3.11.15/x64/bin
2026-06-21 05:25:41.998177   /opt/hostedtoolcache/Python/3.11.15/x64/lib/python311.zip
2026-06-21 05:25:42.048382   /opt/hostedtoolcache/Python/3.11.15/x64/lib/python3.11
2026-06-21 05:25:42.098625   /opt/hostedtoolcache/Python/3.11.15/x64/lib/python3.11/lib-dynload
2026-06-21 05:25:42.148826   /opt/hostedtoolcache/Python/3.11.15/x64/lib/python3.11/site-packages
2026-06-21 05:25:50.922966 TC17 Remove Products From Cart                                        | FAIL |
2026-06-21 05:25:50.954736 Setup failed:
2026-06-21 05:25:50.954756 No keyword with name 'Open Browser' found.
2026-06-21 05:25:50.954768 
2026-06-21 05:25:50.954779 Also teardown failed:
2026-06-21 05:25:50.954790 Several failures occurred:
2026-06-21 05:25:50.954800 
2026-06-21 05:25:50.954809 1) No keyword with name 'Register Keyword To Run On Failure' found.
2026-06-21 05:25:50.954820 
2026-06-21 05:25:50.954830 2) No keyword with name 'Close Browser' found. Did you mean:
2026-06-21 05:25:50.954840     common.Close Test Browser
2026-06-21 05:25:50.954850 ------------------------------------------------------------------------------
2026-06-21 05:25:50.954860 Suites.Cart.TC17 remove products from cart :: TC17 - Remove Produc... | FAIL |
2026-06-21 05:25:50.955346 1 test, 0 passed, 1 failed
2026-06-21 05:25:50.955369 ==============================================================================
2026-06-21 05:25:50.955412 Suites.Cart                                                           | FAIL |
2026-06-21 05:25:50.955731 1 test, 0 passed, 1 failed
2026-06-21 05:25:50.955745 ==============================================================================
2026-06-21 05:25:50.955758 Suites                                                                | FAIL |
2026-06-21 05:25:50.956018 1 test, 0 passed, 1 failed
2026-06-21 05:25:50.956077 ==============================================================================
2026-06-21 05:25:50.956090 Output:  /home/runner/work/engg-robot-testing-framework/engg-robot-testing-framework/reports/pabot_results/7/output.xml
