2026-07-19 04:03:58.486385 ==============================================================================
2026-07-19 04:03:58.510440 Suites
2026-07-19 04:03:58.510460 ==============================================================================
2026-07-19 04:03:58.510474 Suites.Cart
2026-07-19 04:03:58.511399 ==============================================================================
2026-07-19 04:03:58.511417 Suites.Cart.TC13 verify product quantity :: TC13 - Verify Product Quantity ...
2026-07-19 04:03:58.511417 [ ERROR ] Error in file '/home/runner/work/engg-robot-testing-framework/engg-robot-testing-framework/resources/common.resource' on line 4: Importing library 'playwright_keyword_library.PlaywrightKeywordLibrary' failed: ModuleNotFoundError: No module named 'playwright_keyword_library'
2026-07-19 04:03:58.543010 ==============================================================================
2026-07-19 04:03:58.543010 Traceback (most recent call last):
2026-07-19 04:03:58.543035   None
2026-07-19 04:03:58.593161 PYTHONPATH:
2026-07-19 04:03:58.643311   /opt/hostedtoolcache/Python/3.11.15/x64/bin
2026-07-19 04:03:58.693431   /opt/hostedtoolcache/Python/3.11.15/x64/lib/python311.zip
2026-07-19 04:03:58.743549   /opt/hostedtoolcache/Python/3.11.15/x64/lib/python3.11
2026-07-19 04:03:58.793671   /opt/hostedtoolcache/Python/3.11.15/x64/lib/python3.11/lib-dynload
2026-07-19 04:03:58.843831   /opt/hostedtoolcache/Python/3.11.15/x64/lib/python3.11/site-packages
2026-07-19 04:03:58.893993 [ ERROR ] Error in file '/home/runner/work/engg-robot-testing-framework/engg-robot-testing-framework/resources/product_keywords.resource' on line 2: Importing library 'playwright_keyword_library.PlaywrightKeywordLibrary' failed: ModuleNotFoundError: No module named 'playwright_keyword_library'
2026-07-19 04:03:58.944160 Traceback (most recent call last):
2026-07-19 04:03:58.994328   None
2026-07-19 04:03:59.044472 PYTHONPATH:
2026-07-19 04:03:59.094616   /opt/hostedtoolcache/Python/3.11.15/x64/bin
2026-07-19 04:03:59.144757   /opt/hostedtoolcache/Python/3.11.15/x64/lib/python311.zip
2026-07-19 04:03:59.194902   /opt/hostedtoolcache/Python/3.11.15/x64/lib/python3.11
2026-07-19 04:03:59.245049   /opt/hostedtoolcache/Python/3.11.15/x64/lib/python3.11/lib-dynload
2026-07-19 04:03:59.295194   /opt/hostedtoolcache/Python/3.11.15/x64/lib/python3.11/site-packages
2026-07-19 04:03:59.345297 [ ERROR ] Error in file '/home/runner/work/engg-robot-testing-framework/engg-robot-testing-framework/resources/cart_keywords.resource' on line 2: Importing library 'playwright_keyword_library.PlaywrightKeywordLibrary' failed: ModuleNotFoundError: No module named 'playwright_keyword_library'
2026-07-19 04:03:59.395432 Traceback (most recent call last):
2026-07-19 04:03:59.445574   None
2026-07-19 04:03:59.495736 PYTHONPATH:
2026-07-19 04:03:59.545880   /opt/hostedtoolcache/Python/3.11.15/x64/bin
2026-07-19 04:03:59.596023   /opt/hostedtoolcache/Python/3.11.15/x64/lib/python311.zip
2026-07-19 04:03:59.646167   /opt/hostedtoolcache/Python/3.11.15/x64/lib/python3.11
2026-07-19 04:03:59.696325   /opt/hostedtoolcache/Python/3.11.15/x64/lib/python3.11/lib-dynload
2026-07-19 04:03:59.746446   /opt/hostedtoolcache/Python/3.11.15/x64/lib/python3.11/site-packages
2026-07-19 04:04:08.526188 TC13 Verify Product Quantity In Cart                                  | FAIL |
2026-07-19 04:04:08.555361 Setup failed:
2026-07-19 04:04:08.555387 No keyword with name 'Open Browser' found.
2026-07-19 04:04:08.555407 
2026-07-19 04:04:08.555454 Also teardown failed:
2026-07-19 04:04:08.555471 Several failures occurred:
2026-07-19 04:04:08.555485 
2026-07-19 04:04:08.555499 1) No keyword with name 'Register Keyword To Run On Failure' found.
2026-07-19 04:04:08.555513 
2026-07-19 04:04:08.555526 2) No keyword with name 'Close Browser' found. Did you mean:
2026-07-19 04:04:08.555540     common.Close Test Browser
2026-07-19 04:04:08.555554 ------------------------------------------------------------------------------
2026-07-19 04:04:08.555568 Suites.Cart.TC13 verify product quantity :: TC13 - Verify Product ... | FAIL |
2026-07-19 04:04:08.556053 1 test, 0 passed, 1 failed
2026-07-19 04:04:08.556144 ==============================================================================
2026-07-19 04:04:08.556168 Suites.Cart                                                           | FAIL |
2026-07-19 04:04:08.556707 1 test, 0 passed, 1 failed
2026-07-19 04:04:08.556730 ==============================================================================
2026-07-19 04:04:08.556744 Suites                                                                | FAIL |
2026-07-19 04:04:08.557061 1 test, 0 passed, 1 failed
2026-07-19 04:04:08.557148 ==============================================================================
2026-07-19 04:04:08.557178 Output:  /home/runner/work/engg-robot-testing-framework/engg-robot-testing-framework/reports/pabot_results/6/output.xml
