2026-07-22 03:57:59.588673 ==============================================================================
2026-07-22 03:57:59.621546 Suites
2026-07-22 03:57:59.621564 ==============================================================================
2026-07-22 03:57:59.621573 Suites.Cart
2026-07-22 03:57:59.622068 ==============================================================================
2026-07-22 03:57:59.622080 Suites.Cart.TC20 search and verify cart after login :: TC20 - Search Produc...
2026-07-22 03:57:59.622080 [ ERROR ] Error in file '/home/runner/work/engg-robot-testing-framework/engg-robot-testing-framework/tests/cart/TC20_search_and_verify_cart_after_login.robot' on line 3: Importing library 'playwright_keyword_library.PlaywrightKeywordLibrary' failed: ModuleNotFoundError: No module named 'playwright_keyword_library'
2026-07-22 03:57:59.647568 ==============================================================================
2026-07-22 03:57:59.647568 Traceback (most recent call last):
2026-07-22 03:57:59.647588   None
2026-07-22 03:57:59.697704 PYTHONPATH:
2026-07-22 03:57:59.747868   /opt/hostedtoolcache/Python/3.11.15/x64/bin
2026-07-22 03:57:59.798007   /opt/hostedtoolcache/Python/3.11.15/x64/lib/python311.zip
2026-07-22 03:57:59.848196   /opt/hostedtoolcache/Python/3.11.15/x64/lib/python3.11
2026-07-22 03:57:59.898387   /opt/hostedtoolcache/Python/3.11.15/x64/lib/python3.11/lib-dynload
2026-07-22 03:57:59.948497   /opt/hostedtoolcache/Python/3.11.15/x64/lib/python3.11/site-packages
2026-07-22 03:57:59.998640 [ ERROR ] Error in file '/home/runner/work/engg-robot-testing-framework/engg-robot-testing-framework/resources/common.resource' on line 4: Importing library 'playwright_keyword_library.PlaywrightKeywordLibrary' failed: ModuleNotFoundError: No module named 'playwright_keyword_library'
2026-07-22 03:58:00.048821 Traceback (most recent call last):
2026-07-22 03:58:00.098970   None
2026-07-22 03:58:00.149135 PYTHONPATH:
2026-07-22 03:58:00.199311   /opt/hostedtoolcache/Python/3.11.15/x64/bin
2026-07-22 03:58:00.249496   /opt/hostedtoolcache/Python/3.11.15/x64/lib/python311.zip
2026-07-22 03:58:00.299642   /opt/hostedtoolcache/Python/3.11.15/x64/lib/python3.11
2026-07-22 03:58:00.349825   /opt/hostedtoolcache/Python/3.11.15/x64/lib/python3.11/lib-dynload
2026-07-22 03:58:00.399986   /opt/hostedtoolcache/Python/3.11.15/x64/lib/python3.11/site-packages
2026-07-22 03:58:00.450140 [ ERROR ] Error in file '/home/runner/work/engg-robot-testing-framework/engg-robot-testing-framework/resources/product_keywords.resource' on line 2: Importing library 'playwright_keyword_library.PlaywrightKeywordLibrary' failed: ModuleNotFoundError: No module named 'playwright_keyword_library'
2026-07-22 03:58:00.500288 Traceback (most recent call last):
2026-07-22 03:58:00.550450   None
2026-07-22 03:58:00.600606 PYTHONPATH:
2026-07-22 03:58:00.650812   /opt/hostedtoolcache/Python/3.11.15/x64/bin
2026-07-22 03:58:00.700999   /opt/hostedtoolcache/Python/3.11.15/x64/lib/python311.zip
2026-07-22 03:58:00.751225   /opt/hostedtoolcache/Python/3.11.15/x64/lib/python3.11
2026-07-22 03:58:00.801398   /opt/hostedtoolcache/Python/3.11.15/x64/lib/python3.11/lib-dynload
2026-07-22 03:58:00.851602   /opt/hostedtoolcache/Python/3.11.15/x64/lib/python3.11/site-packages
2026-07-22 03:58:00.901786 [ ERROR ] Error in file '/home/runner/work/engg-robot-testing-framework/engg-robot-testing-framework/resources/cart_keywords.resource' on line 2: Importing library 'playwright_keyword_library.PlaywrightKeywordLibrary' failed: ModuleNotFoundError: No module named 'playwright_keyword_library'
2026-07-22 03:58:00.951976 Traceback (most recent call last):
2026-07-22 03:58:01.002168   None
2026-07-22 03:58:01.052369 PYTHONPATH:
2026-07-22 03:58:01.102561   /opt/hostedtoolcache/Python/3.11.15/x64/bin
2026-07-22 03:58:01.152744   /opt/hostedtoolcache/Python/3.11.15/x64/lib/python311.zip
2026-07-22 03:58:01.202925   /opt/hostedtoolcache/Python/3.11.15/x64/lib/python3.11
2026-07-22 03:58:01.253121   /opt/hostedtoolcache/Python/3.11.15/x64/lib/python3.11/lib-dynload
2026-07-22 03:58:01.303288   /opt/hostedtoolcache/Python/3.11.15/x64/lib/python3.11/site-packages
2026-07-22 03:58:01.353472 [ ERROR ] Error in file '/home/runner/work/engg-robot-testing-framework/engg-robot-testing-framework/resources/auth_keywords.resource' on line 2: Importing library 'playwright_keyword_library.PlaywrightKeywordLibrary' failed: ModuleNotFoundError: No module named 'playwright_keyword_library'
2026-07-22 03:58:01.403631 Traceback (most recent call last):
2026-07-22 03:58:01.453806   None
2026-07-22 03:58:01.503970 PYTHONPATH:
2026-07-22 03:58:01.554146   /opt/hostedtoolcache/Python/3.11.15/x64/bin
2026-07-22 03:58:01.604317   /opt/hostedtoolcache/Python/3.11.15/x64/lib/python311.zip
2026-07-22 03:58:01.654494   /opt/hostedtoolcache/Python/3.11.15/x64/lib/python3.11
2026-07-22 03:58:01.704663   /opt/hostedtoolcache/Python/3.11.15/x64/lib/python3.11/lib-dynload
2026-07-22 03:58:01.754844   /opt/hostedtoolcache/Python/3.11.15/x64/lib/python3.11/site-packages
2026-07-22 03:58:09.624230 TC20 Search Products And Verify Cart After Login                      | FAIL |
2026-07-22 03:58:09.656855 Setup failed:
2026-07-22 03:58:09.656875 No keyword with name 'Open Browser' found.
2026-07-22 03:58:09.656884 
2026-07-22 03:58:09.656892 Also teardown failed:
2026-07-22 03:58:09.656901 Several failures occurred:
2026-07-22 03:58:09.656909 
2026-07-22 03:58:09.656916 1) No keyword with name 'Register Keyword To Run On Failure' found.
2026-07-22 03:58:09.656926 
2026-07-22 03:58:09.656934 2) No keyword with name 'Close Browser' found. Did you mean:
2026-07-22 03:58:09.656942     common.Close Test Browser
2026-07-22 03:58:09.656950 ------------------------------------------------------------------------------
2026-07-22 03:58:09.656958 Suites.Cart.TC20 search and verify cart after login :: TC20 - Sear... | FAIL |
2026-07-22 03:58:09.657367 1 test, 0 passed, 1 failed
2026-07-22 03:58:09.657383 ==============================================================================
2026-07-22 03:58:09.657416 Suites.Cart                                                           | FAIL |
2026-07-22 03:58:09.657640 1 test, 0 passed, 1 failed
2026-07-22 03:58:09.657681 ==============================================================================
2026-07-22 03:58:09.657690 Suites                                                                | FAIL |
2026-07-22 03:58:09.657897 1 test, 0 passed, 1 failed
2026-07-22 03:58:09.657912 ==============================================================================
2026-07-22 03:58:09.657948 Output:  /home/runner/work/engg-robot-testing-framework/engg-robot-testing-framework/reports/pabot_results/8/output.xml
