2026-08-24 02:07:28.169302 ==============================================================================
2026-08-24 02:07:28.209559 Suites
2026-08-24 02:07:28.209574 ==============================================================================
2026-08-24 02:07:28.209583 Suites.Auth
2026-08-24 02:07:28.210208 ==============================================================================
2026-08-24 02:07:28.210220 Suites.Auth.TC03 login invalid
2026-08-24 02:07:28.210220 [ ERROR ] Error in file '/home/runner/work/engg-robot-testing-framework/engg-robot-testing-framework/tests/auth/TC03_login_invalid.robot' on line 2: Importing library 'playwright_keyword_library.PlaywrightKeywordLibrary' failed: ModuleNotFoundError: No module named 'playwright_keyword_library'
2026-08-24 02:07:28.224956 ==============================================================================
2026-08-24 02:07:28.224956 Traceback (most recent call last):
2026-08-24 02:07:28.224974   None
2026-08-24 02:07:28.275111 PYTHONPATH:
2026-08-24 02:07:28.325303   /opt/hostedtoolcache/Python/3.11.16/x64/bin
2026-08-24 02:07:28.375450   /opt/hostedtoolcache/Python/3.11.16/x64/lib/python311.zip
2026-08-24 02:07:28.425624   /opt/hostedtoolcache/Python/3.11.16/x64/lib/python3.11
2026-08-24 02:07:28.475781   /opt/hostedtoolcache/Python/3.11.16/x64/lib/python3.11/lib-dynload
2026-08-24 02:07:28.525975   /opt/hostedtoolcache/Python/3.11.16/x64/lib/python3.11/site-packages
2026-08-24 02:07:28.576094 [ ERROR ] Error in file '/home/runner/work/engg-robot-testing-framework/engg-robot-testing-framework/resources/auth_keywords.resource' on line 2: Importing library 'playwright_keyword_library.PlaywrightKeywordLibrary' failed: ModuleNotFoundError: No module named 'playwright_keyword_library'
2026-08-24 02:07:28.626265 Traceback (most recent call last):
2026-08-24 02:07:28.676394   None
2026-08-24 02:07:28.726716 PYTHONPATH:
2026-08-24 02:07:28.776866   /opt/hostedtoolcache/Python/3.11.16/x64/bin
2026-08-24 02:07:28.827030   /opt/hostedtoolcache/Python/3.11.16/x64/lib/python311.zip
2026-08-24 02:07:28.877194   /opt/hostedtoolcache/Python/3.11.16/x64/lib/python3.11
2026-08-24 02:07:28.927374   /opt/hostedtoolcache/Python/3.11.16/x64/lib/python3.11/lib-dynload
2026-08-24 02:07:28.977541   /opt/hostedtoolcache/Python/3.11.16/x64/lib/python3.11/site-packages
2026-08-24 02:07:29.027692 [ ERROR ] Error in file '/home/runner/work/engg-robot-testing-framework/engg-robot-testing-framework/resources/common.resource' on line 4: Importing library 'playwright_keyword_library.PlaywrightKeywordLibrary' failed: ModuleNotFoundError: No module named 'playwright_keyword_library'
2026-08-24 02:07:29.077815 Traceback (most recent call last):
2026-08-24 02:07:29.127940   None
2026-08-24 02:07:29.178079 PYTHONPATH:
2026-08-24 02:07:29.228194   /opt/hostedtoolcache/Python/3.11.16/x64/bin
2026-08-24 02:07:29.278319   /opt/hostedtoolcache/Python/3.11.16/x64/lib/python311.zip
2026-08-24 02:07:29.328443   /opt/hostedtoolcache/Python/3.11.16/x64/lib/python3.11
2026-08-24 02:07:29.378566   /opt/hostedtoolcache/Python/3.11.16/x64/lib/python3.11/lib-dynload
2026-08-24 02:07:29.428694   /opt/hostedtoolcache/Python/3.11.16/x64/lib/python3.11/site-packages
2026-08-24 02:07:38.198875 TC03 Login User With Incorrect Email And Password                     | FAIL |
2026-08-24 02:07:38.232277 Setup failed:
2026-08-24 02:07:38.232292 No keyword with name 'Open Browser' found.
2026-08-24 02:07:38.232302 
2026-08-24 02:07:38.232311 Also teardown failed:
2026-08-24 02:07:38.232319 Several failures occurred:
2026-08-24 02:07:38.232326 
2026-08-24 02:07:38.232334 1) No keyword with name 'Register Keyword To Run On Failure' found.
2026-08-24 02:07:38.232343 
2026-08-24 02:07:38.232350 2) No keyword with name 'Close Browser' found. Did you mean:
2026-08-24 02:07:38.232358     common.Close Test Browser
2026-08-24 02:07:38.232364 ------------------------------------------------------------------------------
2026-08-24 02:07:38.232372 Suites.Auth.TC03 login invalid                                        | FAIL |
2026-08-24 02:07:38.232821 1 test, 0 passed, 1 failed
2026-08-24 02:07:38.232885 ==============================================================================
2026-08-24 02:07:38.232895 Suites.Auth                                                           | FAIL |
2026-08-24 02:07:38.233167 1 test, 0 passed, 1 failed
2026-08-24 02:07:38.233223 ==============================================================================
2026-08-24 02:07:38.233233 Suites                                                                | FAIL |
2026-08-24 02:07:38.233463 1 test, 0 passed, 1 failed
2026-08-24 02:07:38.233510 ==============================================================================
2026-08-24 02:07:38.233519 Output:  /home/runner/work/engg-robot-testing-framework/engg-robot-testing-framework/reports/pabot_results/2/output.xml
