2026-08-30 05:40:19.819340 ==============================================================================
2026-08-30 05:40:19.841943 Suites
2026-08-30 05:40:19.841967 ==============================================================================
2026-08-30 05:40:19.841983 Suites.Auth
2026-08-30 05:40:19.842718 ==============================================================================
2026-08-30 05:40:19.842736 Suites.Auth.TC05 register existing email
2026-08-30 05:40:19.842736 [ ERROR ] Error in file '/home/runner/work/engg-robot-testing-framework/engg-robot-testing-framework/tests/auth/TC05_register_existing_email.robot' on line 2: Importing library 'playwright_keyword_library.PlaywrightKeywordLibrary' failed: ModuleNotFoundError: No module named 'playwright_keyword_library'
2026-08-30 05:40:19.861832 ==============================================================================
2026-08-30 05:40:19.861832 Traceback (most recent call last):
2026-08-30 05:40:19.861860   None
2026-08-30 05:40:19.911997 PYTHONPATH:
2026-08-30 05:40:19.962098   /opt/hostedtoolcache/Python/3.11.16/x64/bin
2026-08-30 05:40:20.012241   /opt/hostedtoolcache/Python/3.11.16/x64/lib/python311.zip
2026-08-30 05:40:20.062350   /opt/hostedtoolcache/Python/3.11.16/x64/lib/python3.11
2026-08-30 05:40:20.112457   /opt/hostedtoolcache/Python/3.11.16/x64/lib/python3.11/lib-dynload
2026-08-30 05:40:20.162608   /opt/hostedtoolcache/Python/3.11.16/x64/lib/python3.11/site-packages
2026-08-30 05:40:20.212812 [ ERROR ] Error in file '/home/runner/work/engg-robot-testing-framework/engg-robot-testing-framework/resources/auth_keywords.resource' on line 2: Importing library 'playwright_keyword_library.PlaywrightKeywordLibrary' failed: ModuleNotFoundError: No module named 'playwright_keyword_library'
2026-08-30 05:40:20.262993 Traceback (most recent call last):
2026-08-30 05:40:20.313150   None
2026-08-30 05:40:20.363308 PYTHONPATH:
2026-08-30 05:40:20.413471   /opt/hostedtoolcache/Python/3.11.16/x64/bin
2026-08-30 05:40:20.463663   /opt/hostedtoolcache/Python/3.11.16/x64/lib/python311.zip
2026-08-30 05:40:20.513819   /opt/hostedtoolcache/Python/3.11.16/x64/lib/python3.11
2026-08-30 05:40:20.564015   /opt/hostedtoolcache/Python/3.11.16/x64/lib/python3.11/lib-dynload
2026-08-30 05:40:20.614228   /opt/hostedtoolcache/Python/3.11.16/x64/lib/python3.11/site-packages
2026-08-30 05:40:20.664401 [ ERROR ] Error in file '/home/runner/work/engg-robot-testing-framework/engg-robot-testing-framework/resources/common.resource' on line 4: Importing library 'playwright_keyword_library.PlaywrightKeywordLibrary' failed: ModuleNotFoundError: No module named 'playwright_keyword_library'
2026-08-30 05:40:20.714520 Traceback (most recent call last):
2026-08-30 05:40:20.764675   None
2026-08-30 05:40:20.814826 PYTHONPATH:
2026-08-30 05:40:20.864984   /opt/hostedtoolcache/Python/3.11.16/x64/bin
2026-08-30 05:40:20.915181   /opt/hostedtoolcache/Python/3.11.16/x64/lib/python311.zip
2026-08-30 05:40:20.965364   /opt/hostedtoolcache/Python/3.11.16/x64/lib/python3.11
2026-08-30 05:40:21.015545   /opt/hostedtoolcache/Python/3.11.16/x64/lib/python3.11/lib-dynload
2026-08-30 05:40:21.065682   /opt/hostedtoolcache/Python/3.11.16/x64/lib/python3.11/site-packages
2026-08-30 05:40:29.839454 TC05 Register User With Existing Email                                | FAIL |
2026-08-30 05:40:29.872050 Setup failed:
2026-08-30 05:40:29.872067 No keyword with name 'Open Browser' found.
2026-08-30 05:40:29.872077 
2026-08-30 05:40:29.872086 Also teardown failed:
2026-08-30 05:40:29.872095 Several failures occurred:
2026-08-30 05:40:29.872103 
2026-08-30 05:40:29.872111 1) No keyword with name 'Register Keyword To Run On Failure' found.
2026-08-30 05:40:29.872120 
2026-08-30 05:40:29.872128 2) No keyword with name 'Close Browser' found. Did you mean:
2026-08-30 05:40:29.872136     common.Close Test Browser
2026-08-30 05:40:29.872144 ------------------------------------------------------------------------------
2026-08-30 05:40:29.872153 Suites.Auth.TC05 register existing email                              | FAIL |
2026-08-30 05:40:29.872725 1 test, 0 passed, 1 failed
2026-08-30 05:40:29.872741 ==============================================================================
2026-08-30 05:40:29.872751 Suites.Auth                                                           | FAIL |
2026-08-30 05:40:29.873158 1 test, 0 passed, 1 failed
2026-08-30 05:40:29.873243 ==============================================================================
2026-08-30 05:40:29.873253 Suites                                                                | FAIL |
2026-08-30 05:40:29.873567 1 test, 0 passed, 1 failed
2026-08-30 05:40:29.873637 ==============================================================================
2026-08-30 05:40:29.873646 Output:  /home/runner/work/engg-robot-testing-framework/engg-robot-testing-framework/reports/pabot_results/4/output.xml
