2026-09-16 05:05:06.267724 ==============================================================================
2026-09-16 05:05:06.291103 Suites
2026-09-16 05:05:06.291125 ==============================================================================
2026-09-16 05:05:06.291140 Suites.Auth
2026-09-16 05:05:06.292036 ==============================================================================
2026-09-16 05:05:06.292138 Suites.Auth.TC05 register existing email
2026-09-16 05:05:06.292138 [ ERROR ] Error in file '/home/runner/work/engg-robot-testing-framework/engg-robot-testing-framework/tests/auth/TC05_register_existing_email.robot' on line 2: Importing library 'playwright_keyword_library.PlaywrightKeywordLibrary' failed: ModuleNotFoundError: No module named 'playwright_keyword_library'
2026-09-16 05:05:06.311495 ==============================================================================
2026-09-16 05:05:06.311495 Traceback (most recent call last):
2026-09-16 05:05:06.311521   None
2026-09-16 05:05:06.361642 PYTHONPATH:
2026-09-16 05:05:06.411750   /opt/hostedtoolcache/Python/3.11.16/x64/bin
2026-09-16 05:05:06.461886   /opt/hostedtoolcache/Python/3.11.16/x64/lib/python311.zip
2026-09-16 05:05:06.512042   /opt/hostedtoolcache/Python/3.11.16/x64/lib/python3.11
2026-09-16 05:05:06.562188   /opt/hostedtoolcache/Python/3.11.16/x64/lib/python3.11/lib-dynload
2026-09-16 05:05:06.612335   /opt/hostedtoolcache/Python/3.11.16/x64/lib/python3.11/site-packages
2026-09-16 05:05:06.662525 [ ERROR ] Error in file '/home/runner/work/engg-robot-testing-framework/engg-robot-testing-framework/resources/auth_keywords.resource' on line 2: Importing library 'playwright_keyword_library.PlaywrightKeywordLibrary' failed: ModuleNotFoundError: No module named 'playwright_keyword_library'
2026-09-16 05:05:06.712705 Traceback (most recent call last):
2026-09-16 05:05:06.762860   None
2026-09-16 05:05:06.813032 PYTHONPATH:
2026-09-16 05:05:06.863209   /opt/hostedtoolcache/Python/3.11.16/x64/bin
2026-09-16 05:05:06.913396   /opt/hostedtoolcache/Python/3.11.16/x64/lib/python311.zip
2026-09-16 05:05:06.963548   /opt/hostedtoolcache/Python/3.11.16/x64/lib/python3.11
2026-09-16 05:05:07.013712   /opt/hostedtoolcache/Python/3.11.16/x64/lib/python3.11/lib-dynload
2026-09-16 05:05:07.063884   /opt/hostedtoolcache/Python/3.11.16/x64/lib/python3.11/site-packages
2026-09-16 05:05:07.114057 [ ERROR ] Error in file '/home/runner/work/engg-robot-testing-framework/engg-robot-testing-framework/resources/common.resource' on line 4: Importing library 'playwright_keyword_library.PlaywrightKeywordLibrary' failed: ModuleNotFoundError: No module named 'playwright_keyword_library'
2026-09-16 05:05:07.164230 Traceback (most recent call last):
2026-09-16 05:05:07.214390   None
2026-09-16 05:05:07.264558 PYTHONPATH:
2026-09-16 05:05:07.314729   /opt/hostedtoolcache/Python/3.11.16/x64/bin
2026-09-16 05:05:07.364921   /opt/hostedtoolcache/Python/3.11.16/x64/lib/python311.zip
2026-09-16 05:05:07.415109   /opt/hostedtoolcache/Python/3.11.16/x64/lib/python3.11
2026-09-16 05:05:07.465219   /opt/hostedtoolcache/Python/3.11.16/x64/lib/python3.11/lib-dynload
2026-09-16 05:05:07.515387   /opt/hostedtoolcache/Python/3.11.16/x64/lib/python3.11/site-packages
2026-09-16 05:05:16.287965 TC05 Register User With Existing Email                                | FAIL |
2026-09-16 05:05:16.321874 Setup failed:
2026-09-16 05:05:16.321886 No keyword with name 'Open Browser' found.
2026-09-16 05:05:16.321894 
2026-09-16 05:05:16.321902 Also teardown failed:
2026-09-16 05:05:16.321909 Several failures occurred:
2026-09-16 05:05:16.321916 
2026-09-16 05:05:16.321923 1) No keyword with name 'Register Keyword To Run On Failure' found.
2026-09-16 05:05:16.321930 
2026-09-16 05:05:16.321936 2) No keyword with name 'Close Browser' found. Did you mean:
2026-09-16 05:05:16.322166     common.Close Test Browser
2026-09-16 05:05:16.322189 ------------------------------------------------------------------------------
2026-09-16 05:05:16.322239 Suites.Auth.TC05 register existing email                              | FAIL |
2026-09-16 05:05:16.322622 1 test, 0 passed, 1 failed
2026-09-16 05:05:16.322640 ==============================================================================
2026-09-16 05:05:16.322654 Suites.Auth                                                           | FAIL |
2026-09-16 05:05:16.323147 1 test, 0 passed, 1 failed
2026-09-16 05:05:16.323238 ==============================================================================
2026-09-16 05:05:16.323255 Suites                                                                | FAIL |
2026-09-16 05:05:16.323552 1 test, 0 passed, 1 failed
2026-09-16 05:05:16.323614 ==============================================================================
2026-09-16 05:05:16.323629 Output:  /home/runner/work/engg-robot-testing-framework/engg-robot-testing-framework/reports/pabot_results/4/output.xml
