[INFO]    Initialized logging in reports/pabot_results
[INFO]    Robot Framework remote server at 127.0.0.1:8270 started.
[DEBUG]   2026-06-03 05:26:23.659884 [PID:2400] [0] [ID:0] EXECUTING Suites.Auth.TC01 register user
[DEBUG]   2026-06-03 05:26:23.661476 [PID:2401] [1] [ID:1] EXECUTING Suites.Auth.TC02 login valid
[DEBUG]   2026-06-03 05:26:28.666465 [PID:2400] [0] [ID:0] still running Suites.Auth.TC01 register user after 5.0s
[DEBUG]   2026-06-03 05:26:28.667790 [PID:2401] [1] [ID:1] still running Suites.Auth.TC02 login valid after 5.0s
[DEBUG]   2026-06-03 05:26:38.681508 [PID:2401] [1] [ID:1] still running Suites.Auth.TC02 login valid after 15.0s
[DEBUG]   2026-06-03 05:26:38.682929 [PID:2400] [0] [ID:0] still running Suites.Auth.TC01 register user after 15.0s
[DEBUG]   2026-06-03 05:26:53.701090 [PID:2401] [1] [ID:1] still running Suites.Auth.TC02 login valid after 30.0s
[DEBUG]   2026-06-03 05:26:53.701654 [PID:2400] [0] [ID:0] still running Suites.Auth.TC01 register user after 30.0s
[INFO]    2026-06-03 05:27:04.618978 [PID:2400] [0] [ID:0] PASSED Suites.Auth.TC01 register user in 41.0 seconds
[DEBUG]   2026-06-03 05:27:04.630600 [PID:2894] [0] [ID:2] EXECUTING Suites.Auth.TC03 login invalid
[DEBUG]   2026-06-03 05:27:09.635394 [PID:2894] [0] [ID:2] still running Suites.Auth.TC03 login invalid after 5.0s
[INFO]    2026-06-03 05:27:10.022567 [PID:2401] [1] [ID:1] PASSED Suites.Auth.TC02 login valid in 46.4 seconds
[DEBUG]   2026-06-03 05:27:10.028311 [PID:3061] [1] [ID:3] EXECUTING Suites.Auth.TC04 logout user
[DEBUG]   2026-06-03 05:27:15.034549 [PID:3061] [1] [ID:3] still running Suites.Auth.TC04 logout user after 5.0s
[DEBUG]   2026-06-03 05:27:19.647193 [PID:2894] [0] [ID:2] still running Suites.Auth.TC03 login invalid after 15.0s
[INFO]    2026-06-03 05:27:21.354444 [PID:2894] [0] [ID:2] PASSED Suites.Auth.TC03 login invalid in 16.7 seconds
[DEBUG]   2026-06-03 05:27:21.358915 [PID:3314] [0] [ID:4] EXECUTING Suites.Auth.TC05 register existing email
[DEBUG]   2026-06-03 05:27:25.047727 [PID:3061] [1] [ID:3] still running Suites.Auth.TC04 logout user after 15.0s
[DEBUG]   2026-06-03 05:27:26.370866 [PID:3314] [0] [ID:4] still running Suites.Auth.TC05 register existing email after 5.0s
[DEBUG]   2026-06-03 05:27:36.380358 [PID:3314] [0] [ID:4] still running Suites.Auth.TC05 register existing email after 15.0s
[DEBUG]   2026-06-03 05:27:40.063848 [PID:3061] [1] [ID:3] still running Suites.Auth.TC04 logout user after 30.0s
[DEBUG]   2026-06-03 05:27:51.397892 [PID:3314] [0] [ID:4] still running Suites.Auth.TC05 register existing email after 30.0s
[DEBUG]   2026-06-03 05:28:00.085326 [PID:3061] [1] [ID:3] still running Suites.Auth.TC04 logout user after 50.0s
[INFO]    2026-06-03 05:28:11.020277 [PID:3314] [0] [ID:4] PASSED Suites.Auth.TC05 register existing email in 49.7 seconds
[DEBUG]   2026-06-03 05:28:11.024752 [PID:3653] [1] [ID:5] EXECUTING Suites.Cart.TC12 add products to cart
[DEBUG]   2026-06-03 05:28:16.032963 [PID:3653] [1] [ID:5] still running Suites.Cart.TC12 add products to cart after 5.0s
[DEBUG]   2026-06-03 05:28:25.116713 [PID:3061] [1] [ID:3] still running Suites.Auth.TC04 logout user after 75.0s
[INFO]    2026-06-03 05:28:25.419485 [PID:3061] [1] [ID:3] Execution failed in Suites.Auth.TC04 logout user with 1 failing test(s)
==============================================================================
Suites
==============================================================================
Suites.Auth
==============================================================================
Suites.Auth.TC04 logout user
==============================================================================
TC04 Logout User                                                      | FAIL |
Element 'css=li a b' did not appear in 45 seconds.
------------------------------------------------------------------------------
Suites.Auth.TC04 logout user                                          | FAIL |
1 test, 0 passed, 1 failed
==============================================================================
Suites.Auth                                                           | FAIL |
1 test, 0 passed, 1 failed
==============================================================================
Suites                                                                | FAIL |
1 test, 0 passed, 1 failed
==============================================================================
Output:  /home/runner/work/engg-robot-testing-framework/engg-robot-testing-framework/reports/pabot_results/3/output.xml
[DEBUG]   2026-06-03 05:28:25.425746 [PID:4044] [0] [ID:6] EXECUTING Suites.Cart.TC13 verify product quantity
[DEBUG]   2026-06-03 05:28:26.043016 [PID:3653] [1] [ID:5] still running Suites.Cart.TC12 add products to cart after 15.0s
[INFO]    2026-06-03 05:28:29.349319 [PID:3653] [1] [ID:5] PASSED Suites.Cart.TC12 add products to cart in 18.3 seconds
[DEBUG]   2026-06-03 05:28:29.354870 [PID:4207] [1] [ID:7] EXECUTING Suites.Cart.TC17 remove products from cart
[DEBUG]   2026-06-03 05:28:30.434304 [PID:4044] [0] [ID:6] still running Suites.Cart.TC13 verify product quantity after 5.0s
[DEBUG]   2026-06-03 05:28:34.360649 [PID:4207] [1] [ID:7] still running Suites.Cart.TC17 remove products from cart after 5.0s
[INFO]    2026-06-03 05:28:39.547600 [PID:4044] [0] [ID:6] PASSED Suites.Cart.TC13 verify product quantity in 14.1 seconds
[DEBUG]   2026-06-03 05:28:39.551956 [PID:4444] [0] [ID:8] EXECUTING Suites.Cart.TC20 search and verify cart after login
[DEBUG]   2026-06-03 05:28:44.375064 [PID:4207] [1] [ID:7] still running Suites.Cart.TC17 remove products from cart after 15.0s
[DEBUG]   2026-06-03 05:28:44.558108 [PID:4444] [0] [ID:8] still running Suites.Cart.TC20 search and verify cart after login after 5.0s
[INFO]    2026-06-03 05:28:47.780846 [PID:4207] [1] [ID:7] PASSED Suites.Cart.TC17 remove products from cart in 18.4 seconds
[DEBUG]   2026-06-03 05:28:47.785063 [PID:4681] [1] [ID:9] EXECUTING Suites.Cart.TC22 add from recommended items
[DEBUG]   2026-06-03 05:28:52.791829 [PID:4681] [1] [ID:9] still running Suites.Cart.TC22 add from recommended items after 5.0s
[DEBUG]   2026-06-03 05:28:54.572322 [PID:4444] [0] [ID:8] still running Suites.Cart.TC20 search and verify cart after login after 15.0s
[DEBUG]   2026-06-03 05:29:02.802628 [PID:4681] [1] [ID:9] still running Suites.Cart.TC22 add from recommended items after 15.0s
[INFO]    2026-06-03 05:29:04.708220 [PID:4681] [1] [ID:9] PASSED Suites.Cart.TC22 add from recommended items in 16.9 seconds
[DEBUG]   2026-06-03 05:29:09.591483 [PID:4444] [0] [ID:8] still running Suites.Cart.TC20 search and verify cart after login after 30.0s
[INFO]    2026-06-03 05:29:19.205698 [PID:4444] [0] [ID:8] PASSED Suites.Cart.TC20 search and verify cart after login in 39.7 seconds
[INFO]    10 tests, 9 passed, 1 failed, 0 skipped.
[INFO]    ===================================================
[INFO]    Output:  /home/runner/work/engg-robot-testing-framework/engg-robot-testing-framework/reports/output.xml
[INFO]    Log:     /home/runner/work/engg-robot-testing-framework/engg-robot-testing-framework/reports/log.html
[INFO]    Report:  /home/runner/work/engg-robot-testing-framework/engg-robot-testing-framework/reports/report.html
[DEBUG]   Finalizing Pabot execution...
[DEBUG]   Stopping PabotLib process
[INFO]    Robot Framework remote server at 127.0.0.1:8270 stopped.
[DEBUG]   PabotLib process stopped
[INFO]    Total testing: 5 minutes 36.60 seconds
[INFO]    Elapsed time:  2 minutes 56.12 seconds
[DEBUG]   Logs flushed successfully.
