2026-10-08 06:29:21.126723 ==============================================================================
2026-10-08 06:29:21.151970 Suites
2026-10-08 06:29:21.151986 ==============================================================================
2026-10-08 06:29:21.151997 Suites.Cart
2026-10-08 06:29:21.152530 ==============================================================================
2026-10-08 06:29:21.152542 Suites.Cart.TC20 search and verify cart after login :: TC20 - Search Produc...
2026-10-08 06:29:21.152542 [ ERROR ] Error in file '/home/runner/work/engg-robot-testing-framework/engg-robot-testing-framework/tests/cart/TC20_search_and_verify_cart_after_login.robot' on line 3: Importing library 'playwright_keyword_library.PlaywrightKeywordLibrary' failed: ModuleNotFoundError: No module named 'playwright_keyword_library'
2026-10-08 06:29:21.176956 ==============================================================================
2026-10-08 06:29:21.176956 Traceback (most recent call last):
2026-10-08 06:29:21.176969   None
2026-10-08 06:29:21.227052 PYTHONPATH:
2026-10-08 06:29:21.277175   /opt/hostedtoolcache/Python/3.11.16/x64/bin
2026-10-08 06:29:21.327317   /opt/hostedtoolcache/Python/3.11.16/x64/lib/python311.zip
2026-10-08 06:29:21.377464   /opt/hostedtoolcache/Python/3.11.16/x64/lib/python3.11
2026-10-08 06:29:21.427588   /opt/hostedtoolcache/Python/3.11.16/x64/lib/python3.11/lib-dynload
2026-10-08 06:29:21.477713   /opt/hostedtoolcache/Python/3.11.16/x64/lib/python3.11/site-packages
2026-10-08 06:29:21.527832 [ ERROR ] Error in file '/home/runner/work/engg-robot-testing-framework/engg-robot-testing-framework/resources/common.resource' on line 4: Importing library 'playwright_keyword_library.PlaywrightKeywordLibrary' failed: ModuleNotFoundError: No module named 'playwright_keyword_library'
2026-10-08 06:29:21.577955 Traceback (most recent call last):
2026-10-08 06:29:21.628074   None
2026-10-08 06:29:21.678195 PYTHONPATH:
2026-10-08 06:29:21.728313   /opt/hostedtoolcache/Python/3.11.16/x64/bin
2026-10-08 06:29:21.778466   /opt/hostedtoolcache/Python/3.11.16/x64/lib/python311.zip
2026-10-08 06:29:21.828584   /opt/hostedtoolcache/Python/3.11.16/x64/lib/python3.11
2026-10-08 06:29:21.878707   /opt/hostedtoolcache/Python/3.11.16/x64/lib/python3.11/lib-dynload
2026-10-08 06:29:21.928824   /opt/hostedtoolcache/Python/3.11.16/x64/lib/python3.11/site-packages
2026-10-08 06:29:21.978949 [ ERROR ] Error in file '/home/runner/work/engg-robot-testing-framework/engg-robot-testing-framework/resources/product_keywords.resource' on line 2: Importing library 'playwright_keyword_library.PlaywrightKeywordLibrary' failed: ModuleNotFoundError: No module named 'playwright_keyword_library'
2026-10-08 06:29:22.029081 Traceback (most recent call last):
2026-10-08 06:29:22.079232   None
2026-10-08 06:29:22.129363 PYTHONPATH:
2026-10-08 06:29:22.179502   /opt/hostedtoolcache/Python/3.11.16/x64/bin
2026-10-08 06:29:22.229637   /opt/hostedtoolcache/Python/3.11.16/x64/lib/python311.zip
2026-10-08 06:29:22.279774   /opt/hostedtoolcache/Python/3.11.16/x64/lib/python3.11
2026-10-08 06:29:22.329911   /opt/hostedtoolcache/Python/3.11.16/x64/lib/python3.11/lib-dynload
2026-10-08 06:29:22.380048   /opt/hostedtoolcache/Python/3.11.16/x64/lib/python3.11/site-packages
2026-10-08 06:29:22.430180 [ ERROR ] Error in file '/home/runner/work/engg-robot-testing-framework/engg-robot-testing-framework/resources/cart_keywords.resource' on line 2: Importing library 'playwright_keyword_library.PlaywrightKeywordLibrary' failed: ModuleNotFoundError: No module named 'playwright_keyword_library'
2026-10-08 06:29:22.480324 Traceback (most recent call last):
2026-10-08 06:29:22.530460   None
2026-10-08 06:29:22.580603 PYTHONPATH:
2026-10-08 06:29:22.630733   /opt/hostedtoolcache/Python/3.11.16/x64/bin
2026-10-08 06:29:22.680873   /opt/hostedtoolcache/Python/3.11.16/x64/lib/python311.zip
2026-10-08 06:29:22.731010   /opt/hostedtoolcache/Python/3.11.16/x64/lib/python3.11
2026-10-08 06:29:22.781145   /opt/hostedtoolcache/Python/3.11.16/x64/lib/python3.11/lib-dynload
2026-10-08 06:29:22.831277   /opt/hostedtoolcache/Python/3.11.16/x64/lib/python3.11/site-packages
2026-10-08 06:29:22.881397 [ ERROR ] Error in file '/home/runner/work/engg-robot-testing-framework/engg-robot-testing-framework/resources/auth_keywords.resource' on line 2: Importing library 'playwright_keyword_library.PlaywrightKeywordLibrary' failed: ModuleNotFoundError: No module named 'playwright_keyword_library'
2026-10-08 06:29:22.931531 Traceback (most recent call last):
2026-10-08 06:29:22.981675   None
2026-10-08 06:29:23.031806 PYTHONPATH:
2026-10-08 06:29:23.081945   /opt/hostedtoolcache/Python/3.11.16/x64/bin
2026-10-08 06:29:23.132078   /opt/hostedtoolcache/Python/3.11.16/x64/lib/python311.zip
2026-10-08 06:29:23.182220   /opt/hostedtoolcache/Python/3.11.16/x64/lib/python3.11
2026-10-08 06:29:23.232326   /opt/hostedtoolcache/Python/3.11.16/x64/lib/python3.11/lib-dynload
2026-10-08 06:29:23.282486   /opt/hostedtoolcache/Python/3.11.16/x64/lib/python3.11/site-packages
2026-10-08 06:29:31.148151 TC20 Search Products And Verify Cart After Login                      | FAIL |
2026-10-08 06:29:31.185338 Setup failed:
2026-10-08 06:29:31.185351 No keyword with name 'Open Browser' found.
2026-10-08 06:29:31.185360 
2026-10-08 06:29:31.185367 Also teardown failed:
2026-10-08 06:29:31.185375 Several failures occurred:
2026-10-08 06:29:31.185383 
2026-10-08 06:29:31.185391 1) No keyword with name 'Register Keyword To Run On Failure' found.
2026-10-08 06:29:31.185399 
2026-10-08 06:29:31.185407 2) No keyword with name 'Close Browser' found. Did you mean:
2026-10-08 06:29:31.185428     common.Close Test Browser
2026-10-08 06:29:31.185436 ------------------------------------------------------------------------------
2026-10-08 06:29:31.185444 Suites.Cart.TC20 search and verify cart after login :: TC20 - Sear... | FAIL |
2026-10-08 06:29:31.185851 1 test, 0 passed, 1 failed
2026-10-08 06:29:31.185894 ==============================================================================
2026-10-08 06:29:31.185902 Suites.Cart                                                           | FAIL |
2026-10-08 06:29:31.186142 1 test, 0 passed, 1 failed
2026-10-08 06:29:31.186164 ==============================================================================
2026-10-08 06:29:31.186172 Suites                                                                | FAIL |
2026-10-08 06:29:31.186391 1 test, 0 passed, 1 failed
2026-10-08 06:29:31.186448 ==============================================================================
2026-10-08 06:29:31.186457 Output:  /home/runner/work/engg-robot-testing-framework/engg-robot-testing-framework/reports/pabot_results/8/output.xml
