2026-08-02 04:03:36.311537 ==============================================================================
2026-08-02 04:03:36.334427 Suites
2026-08-02 04:03:36.334518 ==============================================================================
2026-08-02 04:03:36.334535 Suites.Auth
2026-08-02 04:03:36.335435 ==============================================================================
2026-08-02 04:03:36.335456 Suites.Auth.TC04 logout user
2026-08-02 04:03:36.335456 [ ERROR ] Error in file '/home/runner/work/engg-robot-testing-framework/engg-robot-testing-framework/tests/auth/TC04_logout_user.robot' on line 2: Importing library 'playwright_keyword_library.PlaywrightKeywordLibrary' failed: ModuleNotFoundError: No module named 'playwright_keyword_library'
2026-08-02 04:03:36.355131 ==============================================================================
2026-08-02 04:03:36.355131 Traceback (most recent call last):
2026-08-02 04:03:36.355154   None
2026-08-02 04:03:36.405293 PYTHONPATH:
2026-08-02 04:03:36.455442   /opt/hostedtoolcache/Python/3.11.15/x64/bin
2026-08-02 04:03:36.505792   /opt/hostedtoolcache/Python/3.11.15/x64/lib/python311.zip
2026-08-02 04:03:36.556042   /opt/hostedtoolcache/Python/3.11.15/x64/lib/python3.11
2026-08-02 04:03:36.606175   /opt/hostedtoolcache/Python/3.11.15/x64/lib/python3.11/lib-dynload
2026-08-02 04:03:36.656346   /opt/hostedtoolcache/Python/3.11.15/x64/lib/python3.11/site-packages
2026-08-02 04:03:36.706536 [ ERROR ] Error in file '/home/runner/work/engg-robot-testing-framework/engg-robot-testing-framework/resources/auth_keywords.resource' on line 2: Importing library 'playwright_keyword_library.PlaywrightKeywordLibrary' failed: ModuleNotFoundError: No module named 'playwright_keyword_library'
2026-08-02 04:03:36.756993 Traceback (most recent call last):
2026-08-02 04:03:36.807401   None
2026-08-02 04:03:36.857769 PYTHONPATH:
2026-08-02 04:03:36.907910   /opt/hostedtoolcache/Python/3.11.15/x64/bin
2026-08-02 04:03:36.958063   /opt/hostedtoolcache/Python/3.11.15/x64/lib/python311.zip
2026-08-02 04:03:37.008251   /opt/hostedtoolcache/Python/3.11.15/x64/lib/python3.11
2026-08-02 04:03:37.058438   /opt/hostedtoolcache/Python/3.11.15/x64/lib/python3.11/lib-dynload
2026-08-02 04:03:37.108875   /opt/hostedtoolcache/Python/3.11.15/x64/lib/python3.11/site-packages
2026-08-02 04:03:37.159166 [ ERROR ] Error in file '/home/runner/work/engg-robot-testing-framework/engg-robot-testing-framework/resources/common.resource' on line 4: Importing library 'playwright_keyword_library.PlaywrightKeywordLibrary' failed: ModuleNotFoundError: No module named 'playwright_keyword_library'
2026-08-02 04:03:37.209443 Traceback (most recent call last):
2026-08-02 04:03:37.259705   None
2026-08-02 04:03:37.309870 PYTHONPATH:
2026-08-02 04:03:37.360075   /opt/hostedtoolcache/Python/3.11.15/x64/bin
2026-08-02 04:03:37.410265   /opt/hostedtoolcache/Python/3.11.15/x64/lib/python311.zip
2026-08-02 04:03:37.460460   /opt/hostedtoolcache/Python/3.11.15/x64/lib/python3.11
2026-08-02 04:03:37.510663   /opt/hostedtoolcache/Python/3.11.15/x64/lib/python3.11/lib-dynload
2026-08-02 04:03:37.560942   /opt/hostedtoolcache/Python/3.11.15/x64/lib/python3.11/site-packages
2026-08-02 04:03:46.332989 TC04 Logout User                                                      | FAIL |
2026-08-02 04:03:46.367318 Setup failed:
2026-08-02 04:03:46.367331 No keyword with name 'Open Browser' found.
2026-08-02 04:03:46.367340 
2026-08-02 04:03:46.367349 Also teardown failed:
2026-08-02 04:03:46.367358 Several failures occurred:
2026-08-02 04:03:46.367366 
2026-08-02 04:03:46.367374 1) No keyword with name 'Register Keyword To Run On Failure' found.
2026-08-02 04:03:46.367383 
2026-08-02 04:03:46.367390 2) No keyword with name 'Close Browser' found. Did you mean:
2026-08-02 04:03:46.367399     common.Close Test Browser
2026-08-02 04:03:46.367408 ------------------------------------------------------------------------------
2026-08-02 04:03:46.367417 Suites.Auth.TC04 logout user                                          | FAIL |
2026-08-02 04:03:46.367867 1 test, 0 passed, 1 failed
2026-08-02 04:03:46.368052 ==============================================================================
2026-08-02 04:03:46.368063 Suites.Auth                                                           | FAIL |
2026-08-02 04:03:46.368476 1 test, 0 passed, 1 failed
2026-08-02 04:03:46.368490 ==============================================================================
2026-08-02 04:03:46.368499 Suites                                                                | FAIL |
2026-08-02 04:03:46.369145 1 test, 0 passed, 1 failed
2026-08-02 04:03:46.369160 ==============================================================================
2026-08-02 04:03:46.369173 Output:  /home/runner/work/engg-robot-testing-framework/engg-robot-testing-framework/reports/pabot_results/3/output.xml
