2026-09-26 05:18:18.466808 ==============================================================================
2026-09-26 05:18:18.502957 Suites
2026-09-26 05:18:18.502971 ==============================================================================
2026-09-26 05:18:18.502980 Suites.Cart
2026-09-26 05:18:18.503567 ==============================================================================
2026-09-26 05:18:18.503577 Suites.Cart.TC12 add products to cart :: TC12 - Add Products In Cart
2026-09-26 05:18:18.503577 [ ERROR ] Error in file '/home/runner/work/engg-robot-testing-framework/engg-robot-testing-framework/resources/common.resource' on line 4: Importing library 'playwright_keyword_library.PlaywrightKeywordLibrary' failed: ModuleNotFoundError: No module named 'playwright_keyword_library'
2026-09-26 05:18:18.525669 ==============================================================================
2026-09-26 05:18:18.525669 Traceback (most recent call last):
2026-09-26 05:18:18.525683   None
2026-09-26 05:18:18.575823 PYTHONPATH:
2026-09-26 05:18:18.626000   /opt/hostedtoolcache/Python/3.11.16/x64/bin
2026-09-26 05:18:18.676149   /opt/hostedtoolcache/Python/3.11.16/x64/lib/python311.zip
2026-09-26 05:18:18.726297   /opt/hostedtoolcache/Python/3.11.16/x64/lib/python3.11
2026-09-26 05:18:18.776428   /opt/hostedtoolcache/Python/3.11.16/x64/lib/python3.11/lib-dynload
2026-09-26 05:18:18.826573   /opt/hostedtoolcache/Python/3.11.16/x64/lib/python3.11/site-packages
2026-09-26 05:18:18.876722 [ ERROR ] Error in file '/home/runner/work/engg-robot-testing-framework/engg-robot-testing-framework/resources/product_keywords.resource' on line 2: Importing library 'playwright_keyword_library.PlaywrightKeywordLibrary' failed: ModuleNotFoundError: No module named 'playwright_keyword_library'
2026-09-26 05:18:18.926887 Traceback (most recent call last):
2026-09-26 05:18:18.977036   None
2026-09-26 05:18:19.027189 PYTHONPATH:
2026-09-26 05:18:19.077336   /opt/hostedtoolcache/Python/3.11.16/x64/bin
2026-09-26 05:18:19.127498   /opt/hostedtoolcache/Python/3.11.16/x64/lib/python311.zip
2026-09-26 05:18:19.177637   /opt/hostedtoolcache/Python/3.11.16/x64/lib/python3.11
2026-09-26 05:18:19.227833   /opt/hostedtoolcache/Python/3.11.16/x64/lib/python3.11/lib-dynload
2026-09-26 05:18:19.277965   /opt/hostedtoolcache/Python/3.11.16/x64/lib/python3.11/site-packages
2026-09-26 05:18:19.328124 [ ERROR ] Error in file '/home/runner/work/engg-robot-testing-framework/engg-robot-testing-framework/resources/cart_keywords.resource' on line 2: Importing library 'playwright_keyword_library.PlaywrightKeywordLibrary' failed: ModuleNotFoundError: No module named 'playwright_keyword_library'
2026-09-26 05:18:19.378266 Traceback (most recent call last):
2026-09-26 05:18:19.428434   None
2026-09-26 05:18:19.478597 PYTHONPATH:
2026-09-26 05:18:19.528844   /opt/hostedtoolcache/Python/3.11.16/x64/bin
2026-09-26 05:18:19.578984   /opt/hostedtoolcache/Python/3.11.16/x64/lib/python311.zip
2026-09-26 05:18:19.629123   /opt/hostedtoolcache/Python/3.11.16/x64/lib/python3.11
2026-09-26 05:18:19.679238   /opt/hostedtoolcache/Python/3.11.16/x64/lib/python3.11/lib-dynload
2026-09-26 05:18:19.729406   /opt/hostedtoolcache/Python/3.11.16/x64/lib/python3.11/site-packages
2026-09-26 05:18:28.496618 TC12 Add Products In Cart                                             | FAIL |
2026-09-26 05:18:28.534260 Setup failed:
2026-09-26 05:18:28.534275 No keyword with name 'Open Browser' found.
2026-09-26 05:18:28.534283 
2026-09-26 05:18:28.534291 Also teardown failed:
2026-09-26 05:18:28.534299 Several failures occurred:
2026-09-26 05:18:28.534307 
2026-09-26 05:18:28.534315 1) No keyword with name 'Register Keyword To Run On Failure' found.
2026-09-26 05:18:28.534323 
2026-09-26 05:18:28.534330 2) No keyword with name 'Close Browser' found. Did you mean:
2026-09-26 05:18:28.534338     common.Close Test Browser
2026-09-26 05:18:28.534346 ------------------------------------------------------------------------------
2026-09-26 05:18:28.534354 Suites.Cart.TC12 add products to cart :: TC12 - Add Products In Cart  | FAIL |
2026-09-26 05:18:28.534735 1 test, 0 passed, 1 failed
2026-09-26 05:18:28.534805 ==============================================================================
2026-09-26 05:18:28.534814 Suites.Cart                                                           | FAIL |
2026-09-26 05:18:28.535072 1 test, 0 passed, 1 failed
2026-09-26 05:18:28.535109 ==============================================================================
2026-09-26 05:18:28.535117 Suites                                                                | FAIL |
2026-09-26 05:18:28.535352 1 test, 0 passed, 1 failed
2026-09-26 05:18:28.535400 ==============================================================================
2026-09-26 05:18:28.535408 Output:  /home/runner/work/engg-robot-testing-framework/engg-robot-testing-framework/reports/pabot_results/5/output.xml
