2026-09-25 05:13:56.919430 ==============================================================================
2026-09-25 05:13:56.967976 Suites
2026-09-25 05:13:56.967991 ==============================================================================
2026-09-25 05:13:56.968001 Suites.Cart
2026-09-25 05:13:56.968726 ==============================================================================
2026-09-25 05:13:56.968739 Suites.Cart.TC22 add from recommended items :: TC22 - Add To Cart From Reco...
2026-09-25 05:13:56.968739 [ ERROR ] Error in file '/home/runner/work/engg-robot-testing-framework/engg-robot-testing-framework/resources/common.resource' on line 4: Importing library 'playwright_keyword_library.PlaywrightKeywordLibrary' failed: ModuleNotFoundError: No module named 'playwright_keyword_library'
2026-09-25 05:13:56.988044 ==============================================================================
2026-09-25 05:13:56.988044 Traceback (most recent call last):
2026-09-25 05:13:56.988061   None
2026-09-25 05:13:57.038213 PYTHONPATH:
2026-09-25 05:13:57.088430   /opt/hostedtoolcache/Python/3.11.16/x64/bin
2026-09-25 05:13:57.138579   /opt/hostedtoolcache/Python/3.11.16/x64/lib/python311.zip
2026-09-25 05:13:57.188749   /opt/hostedtoolcache/Python/3.11.16/x64/lib/python3.11
2026-09-25 05:13:57.238900   /opt/hostedtoolcache/Python/3.11.16/x64/lib/python3.11/lib-dynload
2026-09-25 05:13:57.289081   /opt/hostedtoolcache/Python/3.11.16/x64/lib/python3.11/site-packages
2026-09-25 05:13:57.339235 [ ERROR ] Error in file '/home/runner/work/engg-robot-testing-framework/engg-robot-testing-framework/resources/cart_keywords.resource' on line 2: Importing library 'playwright_keyword_library.PlaywrightKeywordLibrary' failed: ModuleNotFoundError: No module named 'playwright_keyword_library'
2026-09-25 05:13:57.389583 Traceback (most recent call last):
2026-09-25 05:13:57.439762   None
2026-09-25 05:13:57.489961 PYTHONPATH:
2026-09-25 05:13:57.540408   /opt/hostedtoolcache/Python/3.11.16/x64/bin
2026-09-25 05:13:57.590640   /opt/hostedtoolcache/Python/3.11.16/x64/lib/python311.zip
2026-09-25 05:13:57.640900   /opt/hostedtoolcache/Python/3.11.16/x64/lib/python3.11
2026-09-25 05:13:57.691094   /opt/hostedtoolcache/Python/3.11.16/x64/lib/python3.11/lib-dynload
2026-09-25 05:13:57.741241   /opt/hostedtoolcache/Python/3.11.16/x64/lib/python3.11/site-packages
2026-09-25 05:14:06.967941 TC22 Add To Cart From Recommended Items                               | FAIL |
2026-09-25 05:14:06.997454 Setup failed:
2026-09-25 05:14:06.997466 No keyword with name 'Open Browser' found.
2026-09-25 05:14:06.997472 
2026-09-25 05:14:06.997477 Also teardown failed:
2026-09-25 05:14:06.997482 Several failures occurred:
2026-09-25 05:14:06.997487 
2026-09-25 05:14:06.997492 1) No keyword with name 'Register Keyword To Run On Failure' found.
2026-09-25 05:14:06.997498 
2026-09-25 05:14:06.997502 2) No keyword with name 'Close Browser' found. Did you mean:
2026-09-25 05:14:06.997508     common.Close Test Browser
2026-09-25 05:14:06.997512 ------------------------------------------------------------------------------
2026-09-25 05:14:06.997518 Suites.Cart.TC22 add from recommended items :: TC22 - Add To Cart ... | FAIL |
2026-09-25 05:14:06.997999 1 test, 0 passed, 1 failed
2026-09-25 05:14:06.998041 ==============================================================================
2026-09-25 05:14:06.998047 Suites.Cart                                                           | FAIL |
2026-09-25 05:14:06.998342 1 test, 0 passed, 1 failed
2026-09-25 05:14:06.998389 ==============================================================================
2026-09-25 05:14:06.998394 Suites                                                                | FAIL |
2026-09-25 05:14:06.998663 1 test, 0 passed, 1 failed
2026-09-25 05:14:06.998702 ==============================================================================
2026-09-25 05:14:06.998707 Output:  /home/runner/work/engg-robot-testing-framework/engg-robot-testing-framework/reports/pabot_results/9/output.xml
