2026-08-14 03:06:39.398224 ==============================================================================
2026-08-14 03:06:39.427817 Suites
2026-08-14 03:06:39.427840 ==============================================================================
2026-08-14 03:06:39.427856 Suites.Cart
2026-08-14 03:06:39.428721 ==============================================================================
2026-08-14 03:06:39.428739 Suites.Cart.TC12 add products to cart :: TC12 - Add Products In Cart
2026-08-14 03:06:39.428739 [ ERROR ] Error in file '/home/runner/work/engg-robot-testing-framework/engg-robot-testing-framework/resources/common.resource' on line 4: Importing library 'playwright_keyword_library.PlaywrightKeywordLibrary' failed: ModuleNotFoundError: No module named 'playwright_keyword_library'
2026-08-14 03:06:39.461257 ==============================================================================
2026-08-14 03:06:39.461257 Traceback (most recent call last):
2026-08-14 03:06:39.461275   None
2026-08-14 03:06:39.511422 PYTHONPATH:
2026-08-14 03:06:39.561572   /opt/hostedtoolcache/Python/3.11.15/x64/bin
2026-08-14 03:06:39.611717   /opt/hostedtoolcache/Python/3.11.15/x64/lib/python311.zip
2026-08-14 03:06:39.661846   /opt/hostedtoolcache/Python/3.11.15/x64/lib/python3.11
2026-08-14 03:06:39.711988   /opt/hostedtoolcache/Python/3.11.15/x64/lib/python3.11/lib-dynload
2026-08-14 03:06:39.762109   /opt/hostedtoolcache/Python/3.11.15/x64/lib/python3.11/site-packages
2026-08-14 03:06:39.812292 [ ERROR ] Error in file '/home/runner/work/engg-robot-testing-framework/engg-robot-testing-framework/resources/product_keywords.resource' on line 2: Importing library 'playwright_keyword_library.PlaywrightKeywordLibrary' failed: ModuleNotFoundError: No module named 'playwright_keyword_library'
2026-08-14 03:06:39.862434 Traceback (most recent call last):
2026-08-14 03:06:39.912605   None
2026-08-14 03:06:39.962746 PYTHONPATH:
2026-08-14 03:06:40.012946   /opt/hostedtoolcache/Python/3.11.15/x64/bin
2026-08-14 03:06:40.063098   /opt/hostedtoolcache/Python/3.11.15/x64/lib/python311.zip
2026-08-14 03:06:40.113287   /opt/hostedtoolcache/Python/3.11.15/x64/lib/python3.11
2026-08-14 03:06:40.163396   /opt/hostedtoolcache/Python/3.11.15/x64/lib/python3.11/lib-dynload
2026-08-14 03:06:40.213560   /opt/hostedtoolcache/Python/3.11.15/x64/lib/python3.11/site-packages
2026-08-14 03:06:40.263678 [ ERROR ] Error in file '/home/runner/work/engg-robot-testing-framework/engg-robot-testing-framework/resources/cart_keywords.resource' on line 2: Importing library 'playwright_keyword_library.PlaywrightKeywordLibrary' failed: ModuleNotFoundError: No module named 'playwright_keyword_library'
2026-08-14 03:06:40.313849 Traceback (most recent call last):
2026-08-14 03:06:40.363990   None
2026-08-14 03:06:40.414144 PYTHONPATH:
2026-08-14 03:06:40.464281   /opt/hostedtoolcache/Python/3.11.15/x64/bin
2026-08-14 03:06:40.514437   /opt/hostedtoolcache/Python/3.11.15/x64/lib/python311.zip
2026-08-14 03:06:40.564553   /opt/hostedtoolcache/Python/3.11.15/x64/lib/python3.11
2026-08-14 03:06:40.614727   /opt/hostedtoolcache/Python/3.11.15/x64/lib/python3.11/lib-dynload
2026-08-14 03:06:40.664842   /opt/hostedtoolcache/Python/3.11.15/x64/lib/python3.11/site-packages
2026-08-14 03:06:49.438140 TC12 Add Products In Cart                                             | FAIL |
2026-08-14 03:06:49.472826 Setup failed:
2026-08-14 03:06:49.472853 No keyword with name 'Open Browser' found.
2026-08-14 03:06:49.472876 
2026-08-14 03:06:49.472897 Also teardown failed:
2026-08-14 03:06:49.472916 Several failures occurred:
2026-08-14 03:06:49.472935 
2026-08-14 03:06:49.472953 1) No keyword with name 'Register Keyword To Run On Failure' found.
2026-08-14 03:06:49.472970 
2026-08-14 03:06:49.472987 2) No keyword with name 'Close Browser' found. Did you mean:
2026-08-14 03:06:49.473004     common.Close Test Browser
2026-08-14 03:06:49.473023 ------------------------------------------------------------------------------
2026-08-14 03:06:49.473111 Suites.Cart.TC12 add products to cart :: TC12 - Add Products In Cart  | FAIL |
2026-08-14 03:06:49.473579 1 test, 0 passed, 1 failed
2026-08-14 03:06:49.473649 ==============================================================================
2026-08-14 03:06:49.473664 Suites.Cart                                                           | FAIL |
2026-08-14 03:06:49.474047 1 test, 0 passed, 1 failed
2026-08-14 03:06:49.474093 ==============================================================================
2026-08-14 03:06:49.474108 Suites                                                                | FAIL |
2026-08-14 03:06:49.474431 1 test, 0 passed, 1 failed
2026-08-14 03:06:49.474449 ==============================================================================
2026-08-14 03:06:49.474463 Output:  /home/runner/work/engg-robot-testing-framework/engg-robot-testing-framework/reports/pabot_results/5/output.xml
