2026-09-21 05:17:37.155297 ==============================================================================
2026-09-21 05:17:37.174115 Suites
2026-09-21 05:17:37.174193 ==============================================================================
2026-09-21 05:17:37.174210 Suites.Cart
2026-09-21 05:17:37.174950 ==============================================================================
2026-09-21 05:17:37.174967 Suites.Cart.TC17 remove products from cart :: TC17 - Remove Products From Cart
2026-09-21 05:17:37.174967 [ ERROR ] Error in file '/home/runner/work/engg-robot-testing-framework/engg-robot-testing-framework/resources/common.resource' on line 4: Importing library 'playwright_keyword_library.PlaywrightKeywordLibrary' failed: ModuleNotFoundError: No module named 'playwright_keyword_library'
2026-09-21 05:17:37.206000 ==============================================================================
2026-09-21 05:17:37.206000 Traceback (most recent call last):
2026-09-21 05:17:37.206025   None
2026-09-21 05:17:37.256131 PYTHONPATH:
2026-09-21 05:17:37.306237   /opt/hostedtoolcache/Python/3.11.16/x64/bin
2026-09-21 05:17:37.356350   /opt/hostedtoolcache/Python/3.11.16/x64/lib/python311.zip
2026-09-21 05:17:37.406466   /opt/hostedtoolcache/Python/3.11.16/x64/lib/python3.11
2026-09-21 05:17:37.456578   /opt/hostedtoolcache/Python/3.11.16/x64/lib/python3.11/lib-dynload
2026-09-21 05:17:37.506727   /opt/hostedtoolcache/Python/3.11.16/x64/lib/python3.11/site-packages
2026-09-21 05:17:37.556865 [ ERROR ] Error in file '/home/runner/work/engg-robot-testing-framework/engg-robot-testing-framework/resources/product_keywords.resource' on line 2: Importing library 'playwright_keyword_library.PlaywrightKeywordLibrary' failed: ModuleNotFoundError: No module named 'playwright_keyword_library'
2026-09-21 05:17:37.607001 Traceback (most recent call last):
2026-09-21 05:17:37.657165   None
2026-09-21 05:17:37.707275 PYTHONPATH:
2026-09-21 05:17:37.757430   /opt/hostedtoolcache/Python/3.11.16/x64/bin
2026-09-21 05:17:37.807531   /opt/hostedtoolcache/Python/3.11.16/x64/lib/python311.zip
2026-09-21 05:17:37.857678   /opt/hostedtoolcache/Python/3.11.16/x64/lib/python3.11
2026-09-21 05:17:37.907828   /opt/hostedtoolcache/Python/3.11.16/x64/lib/python3.11/lib-dynload
2026-09-21 05:17:37.957993   /opt/hostedtoolcache/Python/3.11.16/x64/lib/python3.11/site-packages
2026-09-21 05:17:38.008129 [ ERROR ] Error in file '/home/runner/work/engg-robot-testing-framework/engg-robot-testing-framework/resources/cart_keywords.resource' on line 2: Importing library 'playwright_keyword_library.PlaywrightKeywordLibrary' failed: ModuleNotFoundError: No module named 'playwright_keyword_library'
2026-09-21 05:17:38.058283 Traceback (most recent call last):
2026-09-21 05:17:38.108388   None
2026-09-21 05:17:38.158544 PYTHONPATH:
2026-09-21 05:17:38.208693   /opt/hostedtoolcache/Python/3.11.16/x64/bin
2026-09-21 05:17:38.258853   /opt/hostedtoolcache/Python/3.11.16/x64/lib/python311.zip
2026-09-21 05:17:38.308965   /opt/hostedtoolcache/Python/3.11.16/x64/lib/python3.11
2026-09-21 05:17:38.359119   /opt/hostedtoolcache/Python/3.11.16/x64/lib/python3.11/lib-dynload
2026-09-21 05:17:38.409237   /opt/hostedtoolcache/Python/3.11.16/x64/lib/python3.11/site-packages
2026-09-21 05:17:47.179286 TC17 Remove Products From Cart                                        | FAIL |
2026-09-21 05:17:47.217782 Setup failed:
2026-09-21 05:17:47.217791 No keyword with name 'Open Browser' found.
2026-09-21 05:17:47.217797 
2026-09-21 05:17:47.217804 Also teardown failed:
2026-09-21 05:17:47.217811 Several failures occurred:
2026-09-21 05:17:47.217817 
2026-09-21 05:17:47.217823 1) No keyword with name 'Register Keyword To Run On Failure' found.
2026-09-21 05:17:47.217829 
2026-09-21 05:17:47.217835 2) No keyword with name 'Close Browser' found. Did you mean:
2026-09-21 05:17:47.217842     common.Close Test Browser
2026-09-21 05:17:47.217848 ------------------------------------------------------------------------------
2026-09-21 05:17:47.217854 Suites.Cart.TC17 remove products from cart :: TC17 - Remove Produc... | FAIL |
2026-09-21 05:17:47.218623 1 test, 0 passed, 1 failed
2026-09-21 05:17:47.218686 ==============================================================================
2026-09-21 05:17:47.218694 Suites.Cart                                                           | FAIL |
2026-09-21 05:17:47.219145 1 test, 0 passed, 1 failed
2026-09-21 05:17:47.219212 ==============================================================================
2026-09-21 05:17:47.219219 Suites                                                                | FAIL |
2026-09-21 05:17:47.219559 1 test, 0 passed, 1 failed
2026-09-21 05:17:47.219617 ==============================================================================
2026-09-21 05:17:47.219624 Output:  /home/runner/work/engg-robot-testing-framework/engg-robot-testing-framework/reports/pabot_results/7/output.xml
