2026-07-19 04:03:37.633133 ==============================================================================
2026-07-19 04:03:37.664101 Suites
2026-07-19 04:03:37.664122 ==============================================================================
2026-07-19 04:03:37.664138 Suites.Auth
2026-07-19 04:03:37.665058 ==============================================================================
2026-07-19 04:03:37.665077 Suites.Auth.TC03 login invalid
2026-07-19 04:03:37.665077 [ ERROR ] Error in file '/home/runner/work/engg-robot-testing-framework/engg-robot-testing-framework/tests/auth/TC03_login_invalid.robot' on line 2: Importing library 'playwright_keyword_library.PlaywrightKeywordLibrary' failed: ModuleNotFoundError: No module named 'playwright_keyword_library'
2026-07-19 04:03:37.684272 ==============================================================================
2026-07-19 04:03:37.684272 Traceback (most recent call last):
2026-07-19 04:03:37.684296   None
2026-07-19 04:03:37.734402 PYTHONPATH:
2026-07-19 04:03:37.784502   /opt/hostedtoolcache/Python/3.11.15/x64/bin
2026-07-19 04:03:37.834606   /opt/hostedtoolcache/Python/3.11.15/x64/lib/python311.zip
2026-07-19 04:03:37.884705   /opt/hostedtoolcache/Python/3.11.15/x64/lib/python3.11
2026-07-19 04:03:37.934811   /opt/hostedtoolcache/Python/3.11.15/x64/lib/python3.11/lib-dynload
2026-07-19 04:03:37.984977   /opt/hostedtoolcache/Python/3.11.15/x64/lib/python3.11/site-packages
2026-07-19 04:03:38.035309 [ ERROR ] Error in file '/home/runner/work/engg-robot-testing-framework/engg-robot-testing-framework/resources/auth_keywords.resource' on line 2: Importing library 'playwright_keyword_library.PlaywrightKeywordLibrary' failed: ModuleNotFoundError: No module named 'playwright_keyword_library'
2026-07-19 04:03:38.085524 Traceback (most recent call last):
2026-07-19 04:03:38.135840   None
2026-07-19 04:03:38.186042 PYTHONPATH:
2026-07-19 04:03:38.236341   /opt/hostedtoolcache/Python/3.11.15/x64/bin
2026-07-19 04:03:38.286556   /opt/hostedtoolcache/Python/3.11.15/x64/lib/python311.zip
2026-07-19 04:03:38.336883   /opt/hostedtoolcache/Python/3.11.15/x64/lib/python3.11
2026-07-19 04:03:38.387119   /opt/hostedtoolcache/Python/3.11.15/x64/lib/python3.11/lib-dynload
2026-07-19 04:03:38.437428   /opt/hostedtoolcache/Python/3.11.15/x64/lib/python3.11/site-packages
2026-07-19 04:03:38.487631 [ ERROR ] Error in file '/home/runner/work/engg-robot-testing-framework/engg-robot-testing-framework/resources/common.resource' on line 4: Importing library 'playwright_keyword_library.PlaywrightKeywordLibrary' failed: ModuleNotFoundError: No module named 'playwright_keyword_library'
2026-07-19 04:03:38.537962 Traceback (most recent call last):
2026-07-19 04:03:38.588193   None
2026-07-19 04:03:38.638533 PYTHONPATH:
2026-07-19 04:03:38.688756   /opt/hostedtoolcache/Python/3.11.15/x64/bin
2026-07-19 04:03:38.739035   /opt/hostedtoolcache/Python/3.11.15/x64/lib/python311.zip
2026-07-19 04:03:38.789258   /opt/hostedtoolcache/Python/3.11.15/x64/lib/python3.11
2026-07-19 04:03:38.839583   /opt/hostedtoolcache/Python/3.11.15/x64/lib/python3.11/lib-dynload
2026-07-19 04:03:38.889785   /opt/hostedtoolcache/Python/3.11.15/x64/lib/python3.11/site-packages
2026-07-19 04:03:47.670367 TC03 Login User With Incorrect Email And Password                     | FAIL |
2026-07-19 04:03:47.695931 Setup failed:
2026-07-19 04:03:47.695961 No keyword with name 'Open Browser' found.
2026-07-19 04:03:47.695980 
2026-07-19 04:03:47.695998 Also teardown failed:
2026-07-19 04:03:47.696041 Several failures occurred:
2026-07-19 04:03:47.696052 
2026-07-19 04:03:47.696071 1) No keyword with name 'Register Keyword To Run On Failure' found.
2026-07-19 04:03:47.696092 
2026-07-19 04:03:47.696105 2) No keyword with name 'Close Browser' found. Did you mean:
2026-07-19 04:03:47.696122     common.Close Test Browser
2026-07-19 04:03:47.696138 ------------------------------------------------------------------------------
2026-07-19 04:03:47.696199 Suites.Auth.TC03 login invalid                                        | FAIL |
2026-07-19 04:03:47.696824 1 test, 0 passed, 1 failed
2026-07-19 04:03:47.696873 ==============================================================================
2026-07-19 04:03:47.696881 Suites.Auth                                                           | FAIL |
2026-07-19 04:03:47.697469 1 test, 0 passed, 1 failed
2026-07-19 04:03:47.697514 ==============================================================================
2026-07-19 04:03:47.697522 Suites                                                                | FAIL |
2026-07-19 04:03:47.697972 1 test, 0 passed, 1 failed
2026-07-19 04:03:47.698009 ==============================================================================
2026-07-19 04:03:47.698026 Output:  /home/runner/work/engg-robot-testing-framework/engg-robot-testing-framework/reports/pabot_results/2/output.xml
