2026-07-08 03:54:09.772787 ==============================================================================
2026-07-08 03:54:09.787850 Suites
2026-07-08 03:54:09.787872 ==============================================================================
2026-07-08 03:54:09.787889 Suites.Auth
2026-07-08 03:54:09.788693 ==============================================================================
2026-07-08 03:54:09.788713 Suites.Auth.TC01 register user
2026-07-08 03:54:09.788713 [ ERROR ] Error in file '/home/runner/work/engg-robot-testing-framework/engg-robot-testing-framework/tests/auth/TC01_register_user.robot' on line 2: Importing library 'playwright_keyword_library.PlaywrightKeywordLibrary' failed: ModuleNotFoundError: No module named 'playwright_keyword_library'
2026-07-08 03:54:09.807891 ==============================================================================
2026-07-08 03:54:09.807891 Traceback (most recent call last):
2026-07-08 03:54:09.807918   None
2026-07-08 03:54:09.858037 PYTHONPATH:
2026-07-08 03:54:09.908143   /opt/hostedtoolcache/Python/3.11.15/x64/bin
2026-07-08 03:54:09.958302   /opt/hostedtoolcache/Python/3.11.15/x64/lib/python311.zip
2026-07-08 03:54:10.008409   /opt/hostedtoolcache/Python/3.11.15/x64/lib/python3.11
2026-07-08 03:54:10.058516   /opt/hostedtoolcache/Python/3.11.15/x64/lib/python3.11/lib-dynload
2026-07-08 03:54:10.108625   /opt/hostedtoolcache/Python/3.11.15/x64/lib/python3.11/site-packages
2026-07-08 03:54:10.158746 [ ERROR ] Error in file '/home/runner/work/engg-robot-testing-framework/engg-robot-testing-framework/resources/auth_keywords.resource' on line 2: Importing library 'playwright_keyword_library.PlaywrightKeywordLibrary' failed: ModuleNotFoundError: No module named 'playwright_keyword_library'
2026-07-08 03:54:10.208898 Traceback (most recent call last):
2026-07-08 03:54:10.259045   None
2026-07-08 03:54:10.309192 PYTHONPATH:
2026-07-08 03:54:10.359339   /opt/hostedtoolcache/Python/3.11.15/x64/bin
2026-07-08 03:54:10.409500   /opt/hostedtoolcache/Python/3.11.15/x64/lib/python311.zip
2026-07-08 03:54:10.459646   /opt/hostedtoolcache/Python/3.11.15/x64/lib/python3.11
2026-07-08 03:54:10.509768   /opt/hostedtoolcache/Python/3.11.15/x64/lib/python3.11/lib-dynload
2026-07-08 03:54:10.559915   /opt/hostedtoolcache/Python/3.11.15/x64/lib/python3.11/site-packages
2026-07-08 03:54:10.610061 [ ERROR ] Error in file '/home/runner/work/engg-robot-testing-framework/engg-robot-testing-framework/resources/common.resource' on line 4: Importing library 'playwright_keyword_library.PlaywrightKeywordLibrary' failed: ModuleNotFoundError: No module named 'playwright_keyword_library'
2026-07-08 03:54:10.660209 Traceback (most recent call last):
2026-07-08 03:54:10.710345   None
2026-07-08 03:54:10.760490 PYTHONPATH:
2026-07-08 03:54:10.810636   /opt/hostedtoolcache/Python/3.11.15/x64/bin
2026-07-08 03:54:10.860792   /opt/hostedtoolcache/Python/3.11.15/x64/lib/python311.zip
2026-07-08 03:54:10.910946   /opt/hostedtoolcache/Python/3.11.15/x64/lib/python3.11
2026-07-08 03:54:10.961095   /opt/hostedtoolcache/Python/3.11.15/x64/lib/python3.11/lib-dynload
2026-07-08 03:54:11.011241   /opt/hostedtoolcache/Python/3.11.15/x64/lib/python3.11/site-packages
2026-07-08 03:54:19.783506 TC01 Register User                                                    | FAIL |
2026-07-08 03:54:19.817839 Setup failed:
2026-07-08 03:54:19.817855 No keyword with name 'Open Browser' found.
2026-07-08 03:54:19.817865 
2026-07-08 03:54:19.817873 Also teardown failed:
2026-07-08 03:54:19.817882 Several failures occurred:
2026-07-08 03:54:19.817891 
2026-07-08 03:54:19.817900 1) No keyword with name 'Register Keyword To Run On Failure' found.
2026-07-08 03:54:19.817909 
2026-07-08 03:54:19.817917 2) No keyword with name 'Close Browser' found. Did you mean:
2026-07-08 03:54:19.817926     common.Close Test Browser
2026-07-08 03:54:19.817933 ------------------------------------------------------------------------------
2026-07-08 03:54:19.817941 Suites.Auth.TC01 register user                                        | FAIL |
2026-07-08 03:54:19.818356 1 test, 0 passed, 1 failed
2026-07-08 03:54:19.818371 ==============================================================================
2026-07-08 03:54:19.818381 Suites.Auth                                                           | FAIL |
2026-07-08 03:54:19.818695 1 test, 0 passed, 1 failed
2026-07-08 03:54:19.818723 ==============================================================================
2026-07-08 03:54:19.818764 Suites                                                                | FAIL |
2026-07-08 03:54:19.819003 1 test, 0 passed, 1 failed
2026-07-08 03:54:19.819016 ==============================================================================
2026-07-08 03:54:19.819025 Output:  /home/runner/work/engg-robot-testing-framework/engg-robot-testing-framework/reports/pabot_results/0/output.xml
