2026-06-28 05:02:38.128170 ==============================================================================
2026-06-28 05:02:38.140249 Suites
2026-06-28 05:02:38.140268 ==============================================================================
2026-06-28 05:02:38.140282 Suites.Cart
2026-06-28 05:02:38.141101 ==============================================================================
2026-06-28 05:02:38.141120 Suites.Cart.TC22 add from recommended items :: TC22 - Add To Cart From Reco...
2026-06-28 05:02:38.141120 [ ERROR ] Error in file '/home/runner/work/engg-robot-testing-framework/engg-robot-testing-framework/resources/common.resource' on line 4: Importing library 'playwright_keyword_library.PlaywrightKeywordLibrary' failed: ModuleNotFoundError: No module named 'playwright_keyword_library'
2026-06-28 05:02:38.164417 ==============================================================================
2026-06-28 05:02:38.164417 Traceback (most recent call last):
2026-06-28 05:02:38.164442   None
2026-06-28 05:02:38.214547 PYTHONPATH:
2026-06-28 05:02:38.264655   /opt/hostedtoolcache/Python/3.11.15/x64/bin
2026-06-28 05:02:38.314767   /opt/hostedtoolcache/Python/3.11.15/x64/lib/python311.zip
2026-06-28 05:02:38.364874   /opt/hostedtoolcache/Python/3.11.15/x64/lib/python3.11
2026-06-28 05:02:38.414987   /opt/hostedtoolcache/Python/3.11.15/x64/lib/python3.11/lib-dynload
2026-06-28 05:02:38.465144   /opt/hostedtoolcache/Python/3.11.15/x64/lib/python3.11/site-packages
2026-06-28 05:02:38.515293 [ ERROR ] Error in file '/home/runner/work/engg-robot-testing-framework/engg-robot-testing-framework/resources/cart_keywords.resource' on line 2: Importing library 'playwright_keyword_library.PlaywrightKeywordLibrary' failed: ModuleNotFoundError: No module named 'playwright_keyword_library'
2026-06-28 05:02:38.565440 Traceback (most recent call last):
2026-06-28 05:02:38.615584   None
2026-06-28 05:02:38.665691 PYTHONPATH:
2026-06-28 05:02:38.715839   /opt/hostedtoolcache/Python/3.11.15/x64/bin
2026-06-28 05:02:38.765965   /opt/hostedtoolcache/Python/3.11.15/x64/lib/python311.zip
2026-06-28 05:02:38.816109   /opt/hostedtoolcache/Python/3.11.15/x64/lib/python3.11
2026-06-28 05:02:38.866209   /opt/hostedtoolcache/Python/3.11.15/x64/lib/python3.11/lib-dynload
2026-06-28 05:02:38.916366   /opt/hostedtoolcache/Python/3.11.15/x64/lib/python3.11/site-packages
2026-06-28 05:02:48.139035 TC22 Add To Cart From Recommended Items                               | FAIL |
2026-06-28 05:02:48.174827 Setup failed:
2026-06-28 05:02:48.174842 No keyword with name 'Open Browser' found.
2026-06-28 05:02:48.174852 
2026-06-28 05:02:48.174860 Also teardown failed:
2026-06-28 05:02:48.174868 Several failures occurred:
2026-06-28 05:02:48.174876 
2026-06-28 05:02:48.174884 1) No keyword with name 'Register Keyword To Run On Failure' found.
2026-06-28 05:02:48.174893 
2026-06-28 05:02:48.174901 2) No keyword with name 'Close Browser' found. Did you mean:
2026-06-28 05:02:48.174907     common.Close Test Browser
2026-06-28 05:02:48.174913 ------------------------------------------------------------------------------
2026-06-28 05:02:48.174919 Suites.Cart.TC22 add from recommended items :: TC22 - Add To Cart ... | FAIL |
2026-06-28 05:02:48.175375 1 test, 0 passed, 1 failed
2026-06-28 05:02:48.175387 ==============================================================================
2026-06-28 05:02:48.175394 Suites.Cart                                                           | FAIL |
2026-06-28 05:02:48.175713 1 test, 0 passed, 1 failed
2026-06-28 05:02:48.175724 ==============================================================================
2026-06-28 05:02:48.175732 Suites                                                                | FAIL |
2026-06-28 05:02:48.176009 1 test, 0 passed, 1 failed
2026-06-28 05:02:48.176020 ==============================================================================
2026-06-28 05:02:48.176027 Output:  /home/runner/work/engg-robot-testing-framework/engg-robot-testing-framework/reports/pabot_results/9/output.xml
