2026-06-29 05:12:43.685164 ==============================================================================
2026-06-29 05:12:43.705738 Suites
2026-06-29 05:12:43.705756 ==============================================================================
2026-06-29 05:12:43.705770 Suites.Cart
2026-06-29 05:12:43.706653 ==============================================================================
2026-06-29 05:12:43.706671 Suites.Cart.TC22 add from recommended items :: TC22 - Add To Cart From Reco...
2026-06-29 05:12:43.706671 [ ERROR ] Error in file '/home/runner/work/engg-robot-testing-framework/engg-robot-testing-framework/resources/common.resource' on line 4: Importing library 'playwright_keyword_library.PlaywrightKeywordLibrary' failed: ModuleNotFoundError: No module named 'playwright_keyword_library'
2026-06-29 05:12:43.730527 ==============================================================================
2026-06-29 05:12:43.730527 Traceback (most recent call last):
2026-06-29 05:12:43.730554   None
2026-06-29 05:12:43.780728 PYTHONPATH:
2026-06-29 05:12:43.830893   /opt/hostedtoolcache/Python/3.11.15/x64/bin
2026-06-29 05:12:43.881058   /opt/hostedtoolcache/Python/3.11.15/x64/lib/python311.zip
2026-06-29 05:12:43.931234   /opt/hostedtoolcache/Python/3.11.15/x64/lib/python3.11
2026-06-29 05:12:43.981397   /opt/hostedtoolcache/Python/3.11.15/x64/lib/python3.11/lib-dynload
2026-06-29 05:12:44.031617   /opt/hostedtoolcache/Python/3.11.15/x64/lib/python3.11/site-packages
2026-06-29 05:12:44.081881 [ ERROR ] Error in file '/home/runner/work/engg-robot-testing-framework/engg-robot-testing-framework/resources/cart_keywords.resource' on line 2: Importing library 'playwright_keyword_library.PlaywrightKeywordLibrary' failed: ModuleNotFoundError: No module named 'playwright_keyword_library'
2026-06-29 05:12:44.132133 Traceback (most recent call last):
2026-06-29 05:12:44.182332   None
2026-06-29 05:12:44.232548 PYTHONPATH:
2026-06-29 05:12:44.282777   /opt/hostedtoolcache/Python/3.11.15/x64/bin
2026-06-29 05:12:44.333002   /opt/hostedtoolcache/Python/3.11.15/x64/lib/python311.zip
2026-06-29 05:12:44.383223   /opt/hostedtoolcache/Python/3.11.15/x64/lib/python3.11
2026-06-29 05:12:44.433439   /opt/hostedtoolcache/Python/3.11.15/x64/lib/python3.11/lib-dynload
2026-06-29 05:12:44.483653   /opt/hostedtoolcache/Python/3.11.15/x64/lib/python3.11/site-packages
2026-06-29 05:12:53.711294 TC22 Add To Cart From Recommended Items                               | FAIL |
2026-06-29 05:12:53.741779 Setup failed:
2026-06-29 05:12:53.741799 No keyword with name 'Open Browser' found.
2026-06-29 05:12:53.741813 
2026-06-29 05:12:53.741825 Also teardown failed:
2026-06-29 05:12:53.741836 Several failures occurred:
2026-06-29 05:12:53.741885 
2026-06-29 05:12:53.741900 1) No keyword with name 'Register Keyword To Run On Failure' found.
2026-06-29 05:12:53.741913 
2026-06-29 05:12:53.741926 2) No keyword with name 'Close Browser' found. Did you mean:
2026-06-29 05:12:53.741938     common.Close Test Browser
2026-06-29 05:12:53.741951 ------------------------------------------------------------------------------
2026-06-29 05:12:53.741972 Suites.Cart.TC22 add from recommended items :: TC22 - Add To Cart ... | FAIL |
2026-06-29 05:12:53.742430 1 test, 0 passed, 1 failed
2026-06-29 05:12:53.742491 ==============================================================================
2026-06-29 05:12:53.742506 Suites.Cart                                                           | FAIL |
2026-06-29 05:12:53.742871 1 test, 0 passed, 1 failed
2026-06-29 05:12:53.742895 ==============================================================================
2026-06-29 05:12:53.742954 Suites                                                                | FAIL |
2026-06-29 05:12:53.743267 1 test, 0 passed, 1 failed
2026-06-29 05:12:53.743284 ==============================================================================
2026-06-29 05:12:53.743298 Output:  /home/runner/work/engg-robot-testing-framework/engg-robot-testing-framework/reports/pabot_results/9/output.xml
