2026-08-25 02:01:27.393536 ==============================================================================
2026-08-25 02:01:27.418979 Suites
2026-08-25 02:01:27.419001 ==============================================================================
2026-08-25 02:01:27.419013 Suites.Auth
2026-08-25 02:01:27.419795 ==============================================================================
2026-08-25 02:01:27.419813 Suites.Auth.TC05 register existing email
2026-08-25 02:01:27.419813 [ ERROR ] Error in file '/home/runner/work/engg-robot-testing-framework/engg-robot-testing-framework/tests/auth/TC05_register_existing_email.robot' on line 2: Importing library 'playwright_keyword_library.PlaywrightKeywordLibrary' failed: ModuleNotFoundError: No module named 'playwright_keyword_library'
2026-08-25 02:01:27.438762 ==============================================================================
2026-08-25 02:01:27.438762 Traceback (most recent call last):
2026-08-25 02:01:27.438800   None
2026-08-25 02:01:27.488953 PYTHONPATH:
2026-08-25 02:01:27.539085   /opt/hostedtoolcache/Python/3.11.16/x64/bin
2026-08-25 02:01:27.589255   /opt/hostedtoolcache/Python/3.11.16/x64/lib/python311.zip
2026-08-25 02:01:27.639421   /opt/hostedtoolcache/Python/3.11.16/x64/lib/python3.11
2026-08-25 02:01:27.689564   /opt/hostedtoolcache/Python/3.11.16/x64/lib/python3.11/lib-dynload
2026-08-25 02:01:27.739703   /opt/hostedtoolcache/Python/3.11.16/x64/lib/python3.11/site-packages
2026-08-25 02:01:27.789864 [ ERROR ] Error in file '/home/runner/work/engg-robot-testing-framework/engg-robot-testing-framework/resources/auth_keywords.resource' on line 2: Importing library 'playwright_keyword_library.PlaywrightKeywordLibrary' failed: ModuleNotFoundError: No module named 'playwright_keyword_library'
2026-08-25 02:01:27.840117 Traceback (most recent call last):
2026-08-25 02:01:27.890340   None
2026-08-25 02:01:27.940561 PYTHONPATH:
2026-08-25 02:01:27.990769   /opt/hostedtoolcache/Python/3.11.16/x64/bin
2026-08-25 02:01:28.040927   /opt/hostedtoolcache/Python/3.11.16/x64/lib/python311.zip
2026-08-25 02:01:28.091125   /opt/hostedtoolcache/Python/3.11.16/x64/lib/python3.11
2026-08-25 02:01:28.141272   /opt/hostedtoolcache/Python/3.11.16/x64/lib/python3.11/lib-dynload
2026-08-25 02:01:28.191458   /opt/hostedtoolcache/Python/3.11.16/x64/lib/python3.11/site-packages
2026-08-25 02:01:28.241650 [ ERROR ] Error in file '/home/runner/work/engg-robot-testing-framework/engg-robot-testing-framework/resources/common.resource' on line 4: Importing library 'playwright_keyword_library.PlaywrightKeywordLibrary' failed: ModuleNotFoundError: No module named 'playwright_keyword_library'
2026-08-25 02:01:28.291819 Traceback (most recent call last):
2026-08-25 02:01:28.341986   None
2026-08-25 02:01:28.392180 PYTHONPATH:
2026-08-25 02:01:28.442380   /opt/hostedtoolcache/Python/3.11.16/x64/bin
2026-08-25 02:01:28.492545   /opt/hostedtoolcache/Python/3.11.16/x64/lib/python311.zip
2026-08-25 02:01:28.542743   /opt/hostedtoolcache/Python/3.11.16/x64/lib/python3.11
2026-08-25 02:01:28.592899   /opt/hostedtoolcache/Python/3.11.16/x64/lib/python3.11/lib-dynload
2026-08-25 02:01:28.643066   /opt/hostedtoolcache/Python/3.11.16/x64/lib/python3.11/site-packages
2026-08-25 02:01:37.415127 TC05 Register User With Existing Email                                | FAIL |
2026-08-25 02:01:37.448970 Setup failed:
2026-08-25 02:01:37.448983 No keyword with name 'Open Browser' found.
2026-08-25 02:01:37.448991 
2026-08-25 02:01:37.448998 Also teardown failed:
2026-08-25 02:01:37.449004 Several failures occurred:
2026-08-25 02:01:37.449011 
2026-08-25 02:01:37.449018 1) No keyword with name 'Register Keyword To Run On Failure' found.
2026-08-25 02:01:37.449025 
2026-08-25 02:01:37.449032 2) No keyword with name 'Close Browser' found. Did you mean:
2026-08-25 02:01:37.449038     common.Close Test Browser
2026-08-25 02:01:37.449089 ------------------------------------------------------------------------------
2026-08-25 02:01:37.449098 Suites.Auth.TC05 register existing email                              | FAIL |
2026-08-25 02:01:37.449606 1 test, 0 passed, 1 failed
2026-08-25 02:01:37.449665 ==============================================================================
2026-08-25 02:01:37.449675 Suites.Auth                                                           | FAIL |
2026-08-25 02:01:37.450067 1 test, 0 passed, 1 failed
2026-08-25 02:01:37.450141 ==============================================================================
2026-08-25 02:01:37.450150 Suites                                                                | FAIL |
2026-08-25 02:01:37.450449 1 test, 0 passed, 1 failed
2026-08-25 02:01:37.450501 ==============================================================================
2026-08-25 02:01:37.450509 Output:  /home/runner/work/engg-robot-testing-framework/engg-robot-testing-framework/reports/pabot_results/4/output.xml
