2026-10-05 06:03:40.751007 ==============================================================================
2026-10-05 06:03:40.764976 Suites
2026-10-05 06:03:40.764998 ==============================================================================
2026-10-05 06:03:40.765012 Suites.Auth
2026-10-05 06:03:40.765824 ==============================================================================
2026-10-05 06:03:40.765843 Suites.Auth.TC03 login invalid
2026-10-05 06:03:40.765843 [ ERROR ] Error in file '/home/runner/work/engg-robot-testing-framework/engg-robot-testing-framework/tests/auth/TC03_login_invalid.robot' on line 2: Importing library 'playwright_keyword_library.PlaywrightKeywordLibrary' failed: ModuleNotFoundError: No module named 'playwright_keyword_library'
2026-10-05 06:03:40.784599 ==============================================================================
2026-10-05 06:03:40.784599 Traceback (most recent call last):
2026-10-05 06:03:40.784624   None
2026-10-05 06:03:40.834741 PYTHONPATH:
2026-10-05 06:03:40.884862   /opt/hostedtoolcache/Python/3.11.16/x64/bin
2026-10-05 06:03:40.934964   /opt/hostedtoolcache/Python/3.11.16/x64/lib/python311.zip
2026-10-05 06:03:40.985067   /opt/hostedtoolcache/Python/3.11.16/x64/lib/python3.11
2026-10-05 06:03:41.035165   /opt/hostedtoolcache/Python/3.11.16/x64/lib/python3.11/lib-dynload
2026-10-05 06:03:41.085319   /opt/hostedtoolcache/Python/3.11.16/x64/lib/python3.11/site-packages
2026-10-05 06:03:41.135479 [ ERROR ] Error in file '/home/runner/work/engg-robot-testing-framework/engg-robot-testing-framework/resources/auth_keywords.resource' on line 2: Importing library 'playwright_keyword_library.PlaywrightKeywordLibrary' failed: ModuleNotFoundError: No module named 'playwright_keyword_library'
2026-10-05 06:03:41.185639 Traceback (most recent call last):
2026-10-05 06:03:41.235805   None
2026-10-05 06:03:41.285939 PYTHONPATH:
2026-10-05 06:03:41.336102   /opt/hostedtoolcache/Python/3.11.16/x64/bin
2026-10-05 06:03:41.386233   /opt/hostedtoolcache/Python/3.11.16/x64/lib/python311.zip
2026-10-05 06:03:41.436394   /opt/hostedtoolcache/Python/3.11.16/x64/lib/python3.11
2026-10-05 06:03:41.486525   /opt/hostedtoolcache/Python/3.11.16/x64/lib/python3.11/lib-dynload
2026-10-05 06:03:41.536677   /opt/hostedtoolcache/Python/3.11.16/x64/lib/python3.11/site-packages
2026-10-05 06:03:41.586807 [ ERROR ] Error in file '/home/runner/work/engg-robot-testing-framework/engg-robot-testing-framework/resources/common.resource' on line 4: Importing library 'playwright_keyword_library.PlaywrightKeywordLibrary' failed: ModuleNotFoundError: No module named 'playwright_keyword_library'
2026-10-05 06:03:41.636958 Traceback (most recent call last):
2026-10-05 06:03:41.687089   None
2026-10-05 06:03:41.737253 PYTHONPATH:
2026-10-05 06:03:41.787389   /opt/hostedtoolcache/Python/3.11.16/x64/bin
2026-10-05 06:03:41.837548   /opt/hostedtoolcache/Python/3.11.16/x64/lib/python311.zip
2026-10-05 06:03:41.887700   /opt/hostedtoolcache/Python/3.11.16/x64/lib/python3.11
2026-10-05 06:03:41.937853   /opt/hostedtoolcache/Python/3.11.16/x64/lib/python3.11/lib-dynload
2026-10-05 06:03:41.987984   /opt/hostedtoolcache/Python/3.11.16/x64/lib/python3.11/site-packages
2026-10-05 06:03:50.760442 TC03 Login User With Incorrect Email And Password                     | FAIL |
2026-10-05 06:03:50.794457 Setup failed:
2026-10-05 06:03:50.794476 No keyword with name 'Open Browser' found.
2026-10-05 06:03:50.794491 
2026-10-05 06:03:50.794536 Also teardown failed:
2026-10-05 06:03:50.794558 Several failures occurred:
2026-10-05 06:03:50.794571 
2026-10-05 06:03:50.794589 1) No keyword with name 'Register Keyword To Run On Failure' found.
2026-10-05 06:03:50.794602 
2026-10-05 06:03:50.794613 2) No keyword with name 'Close Browser' found. Did you mean:
2026-10-05 06:03:50.794625     common.Close Test Browser
2026-10-05 06:03:50.794640 ------------------------------------------------------------------------------
2026-10-05 06:03:50.794651 Suites.Auth.TC03 login invalid                                        | FAIL |
2026-10-05 06:03:50.795144 1 test, 0 passed, 1 failed
2026-10-05 06:03:50.795169 ==============================================================================
2026-10-05 06:03:50.795226 Suites.Auth                                                           | FAIL |
2026-10-05 06:03:50.795558 1 test, 0 passed, 1 failed
2026-10-05 06:03:50.795617 ==============================================================================
2026-10-05 06:03:50.795674 Suites                                                                | FAIL |
2026-10-05 06:03:50.795989 1 test, 0 passed, 1 failed
2026-10-05 06:03:50.796067 ==============================================================================
2026-10-05 06:03:50.796083 Output:  /home/runner/work/engg-robot-testing-framework/engg-robot-testing-framework/reports/pabot_results/2/output.xml
