2026-06-26 04:49:59.281042 ==============================================================================
2026-06-26 04:49:59.316654 Suites
2026-06-26 04:49:59.316677 ==============================================================================
2026-06-26 04:49:59.316691 Suites.Cart
2026-06-26 04:49:59.317613 ==============================================================================
2026-06-26 04:49:59.317631 Suites.Cart.TC13 verify product quantity :: TC13 - Verify Product Quantity ...
2026-06-26 04:49:59.317631 [ ERROR ] Error in file '/home/runner/work/engg-robot-testing-framework/engg-robot-testing-framework/resources/common.resource' on line 4: Importing library 'playwright_keyword_library.PlaywrightKeywordLibrary' failed: ModuleNotFoundError: No module named 'playwright_keyword_library'
2026-06-26 04:49:59.350857 ==============================================================================
2026-06-26 04:49:59.350857 Traceback (most recent call last):
2026-06-26 04:49:59.350890   None
2026-06-26 04:49:59.401037 PYTHONPATH:
2026-06-26 04:49:59.451198   /opt/hostedtoolcache/Python/3.11.15/x64/bin
2026-06-26 04:49:59.501367   /opt/hostedtoolcache/Python/3.11.15/x64/lib/python311.zip
2026-06-26 04:49:59.551542   /opt/hostedtoolcache/Python/3.11.15/x64/lib/python3.11
2026-06-26 04:49:59.601724   /opt/hostedtoolcache/Python/3.11.15/x64/lib/python3.11/lib-dynload
2026-06-26 04:49:59.651935   /opt/hostedtoolcache/Python/3.11.15/x64/lib/python3.11/site-packages
2026-06-26 04:49:59.702184 [ ERROR ] Error in file '/home/runner/work/engg-robot-testing-framework/engg-robot-testing-framework/resources/product_keywords.resource' on line 2: Importing library 'playwright_keyword_library.PlaywrightKeywordLibrary' failed: ModuleNotFoundError: No module named 'playwright_keyword_library'
2026-06-26 04:49:59.752430 Traceback (most recent call last):
2026-06-26 04:49:59.802655   None
2026-06-26 04:49:59.852975 PYTHONPATH:
2026-06-26 04:49:59.903166   /opt/hostedtoolcache/Python/3.11.15/x64/bin
2026-06-26 04:49:59.953383   /opt/hostedtoolcache/Python/3.11.15/x64/lib/python311.zip
2026-06-26 04:50:00.003521   /opt/hostedtoolcache/Python/3.11.15/x64/lib/python3.11
2026-06-26 04:50:00.053859   /opt/hostedtoolcache/Python/3.11.15/x64/lib/python3.11/lib-dynload
2026-06-26 04:50:00.104029   /opt/hostedtoolcache/Python/3.11.15/x64/lib/python3.11/site-packages
2026-06-26 04:50:00.154258 [ ERROR ] Error in file '/home/runner/work/engg-robot-testing-framework/engg-robot-testing-framework/resources/cart_keywords.resource' on line 2: Importing library 'playwright_keyword_library.PlaywrightKeywordLibrary' failed: ModuleNotFoundError: No module named 'playwright_keyword_library'
2026-06-26 04:50:00.204479 Traceback (most recent call last):
2026-06-26 04:50:00.254669   None
2026-06-26 04:50:00.304956 PYTHONPATH:
2026-06-26 04:50:00.355189   /opt/hostedtoolcache/Python/3.11.15/x64/bin
2026-06-26 04:50:00.405399   /opt/hostedtoolcache/Python/3.11.15/x64/lib/python311.zip
2026-06-26 04:50:00.455804   /opt/hostedtoolcache/Python/3.11.15/x64/lib/python3.11
2026-06-26 04:50:00.506127   /opt/hostedtoolcache/Python/3.11.15/x64/lib/python3.11/lib-dynload
2026-06-26 04:50:00.556359   /opt/hostedtoolcache/Python/3.11.15/x64/lib/python3.11/site-packages
2026-06-26 04:50:09.344864 TC13 Verify Product Quantity In Cart                                  | FAIL |
2026-06-26 04:50:09.363579 Setup failed:
2026-06-26 04:50:09.363599 No keyword with name 'Open Browser' found.
2026-06-26 04:50:09.363611 
2026-06-26 04:50:09.363623 Also teardown failed:
2026-06-26 04:50:09.363635 Several failures occurred:
2026-06-26 04:50:09.363646 
2026-06-26 04:50:09.363658 1) No keyword with name 'Register Keyword To Run On Failure' found.
2026-06-26 04:50:09.363670 
2026-06-26 04:50:09.363683 2) No keyword with name 'Close Browser' found. Did you mean:
2026-06-26 04:50:09.363695     common.Close Test Browser
2026-06-26 04:50:09.363707 ------------------------------------------------------------------------------
2026-06-26 04:50:09.363719 Suites.Cart.TC13 verify product quantity :: TC13 - Verify Product ... | FAIL |
2026-06-26 04:50:09.364227 1 test, 0 passed, 1 failed
2026-06-26 04:50:09.364288 ==============================================================================
2026-06-26 04:50:09.364304 Suites.Cart                                                           | FAIL |
2026-06-26 04:50:09.364636 1 test, 0 passed, 1 failed
2026-06-26 04:50:09.364697 ==============================================================================
2026-06-26 04:50:09.364712 Suites                                                                | FAIL |
2026-06-26 04:50:09.365036 1 test, 0 passed, 1 failed
2026-06-26 04:50:09.365053 ==============================================================================
2026-06-26 04:50:09.365067 Output:  /home/runner/work/engg-robot-testing-framework/engg-robot-testing-framework/reports/pabot_results/6/output.xml
