2026-08-17 02:04:22.007611 ==============================================================================
2026-08-17 02:04:22.019966 Suites
2026-08-17 02:04:22.019985 ==============================================================================
2026-08-17 02:04:22.019998 Suites.Cart
2026-08-17 02:04:22.020734 ==============================================================================
2026-08-17 02:04:22.020751 Suites.Cart.TC22 add from recommended items :: TC22 - Add To Cart From Reco...
2026-08-17 02:04:22.020751 [ ERROR ] Error in file '/home/runner/work/engg-robot-testing-framework/engg-robot-testing-framework/resources/common.resource' on line 4: Importing library 'playwright_keyword_library.PlaywrightKeywordLibrary' failed: ModuleNotFoundError: No module named 'playwright_keyword_library'
2026-08-17 02:04:22.041253 ==============================================================================
2026-08-17 02:04:22.041253 Traceback (most recent call last):
2026-08-17 02:04:22.041275   None
2026-08-17 02:04:22.091417 PYTHONPATH:
2026-08-17 02:04:22.141589   /opt/hostedtoolcache/Python/3.11.15/x64/bin
2026-08-17 02:04:22.191759   /opt/hostedtoolcache/Python/3.11.15/x64/lib/python311.zip
2026-08-17 02:04:22.241924   /opt/hostedtoolcache/Python/3.11.15/x64/lib/python3.11
2026-08-17 02:04:22.292086   /opt/hostedtoolcache/Python/3.11.15/x64/lib/python3.11/lib-dynload
2026-08-17 02:04:22.342257   /opt/hostedtoolcache/Python/3.11.15/x64/lib/python3.11/site-packages
2026-08-17 02:04:22.392428 [ ERROR ] Error in file '/home/runner/work/engg-robot-testing-framework/engg-robot-testing-framework/resources/cart_keywords.resource' on line 2: Importing library 'playwright_keyword_library.PlaywrightKeywordLibrary' failed: ModuleNotFoundError: No module named 'playwright_keyword_library'
2026-08-17 02:04:22.442606 Traceback (most recent call last):
2026-08-17 02:04:22.492778   None
2026-08-17 02:04:22.542940 PYTHONPATH:
2026-08-17 02:04:22.593110   /opt/hostedtoolcache/Python/3.11.15/x64/bin
2026-08-17 02:04:22.643282   /opt/hostedtoolcache/Python/3.11.15/x64/lib/python311.zip
2026-08-17 02:04:22.693455   /opt/hostedtoolcache/Python/3.11.15/x64/lib/python3.11
2026-08-17 02:04:22.743625   /opt/hostedtoolcache/Python/3.11.15/x64/lib/python3.11/lib-dynload
2026-08-17 02:04:22.793794   /opt/hostedtoolcache/Python/3.11.15/x64/lib/python3.11/site-packages
2026-08-17 02:04:32.018078 TC22 Add To Cart From Recommended Items                               | FAIL |
2026-08-17 02:04:32.051533 Setup failed:
2026-08-17 02:04:32.051547 No keyword with name 'Open Browser' found.
2026-08-17 02:04:32.051555 
2026-08-17 02:04:32.051563 Also teardown failed:
2026-08-17 02:04:32.051570 Several failures occurred:
2026-08-17 02:04:32.051578 
2026-08-17 02:04:32.051585 1) No keyword with name 'Register Keyword To Run On Failure' found.
2026-08-17 02:04:32.051594 
2026-08-17 02:04:32.051601 2) No keyword with name 'Close Browser' found. Did you mean:
2026-08-17 02:04:32.051608     common.Close Test Browser
2026-08-17 02:04:32.051616 ------------------------------------------------------------------------------
2026-08-17 02:04:32.051624 Suites.Cart.TC22 add from recommended items :: TC22 - Add To Cart ... | FAIL |
2026-08-17 02:04:32.052173 1 test, 0 passed, 1 failed
2026-08-17 02:04:32.052226 ==============================================================================
2026-08-17 02:04:32.052235 Suites.Cart                                                           | FAIL |
2026-08-17 02:04:32.052530 1 test, 0 passed, 1 failed
2026-08-17 02:04:32.052562 ==============================================================================
2026-08-17 02:04:32.052570 Suites                                                                | FAIL |
2026-08-17 02:04:32.052840 1 test, 0 passed, 1 failed
2026-08-17 02:04:32.052877 ==============================================================================
2026-08-17 02:04:32.052883 Output:  /home/runner/work/engg-robot-testing-framework/engg-robot-testing-framework/reports/pabot_results/9/output.xml
