2026-09-04 04:55:52.317273 ==============================================================================
2026-09-04 04:55:52.340829 Suites
2026-09-04 04:55:52.340848 ==============================================================================
2026-09-04 04:55:52.340862 Suites.Auth
2026-09-04 04:55:52.341737 ==============================================================================
2026-09-04 04:55:52.341755 Suites.Auth.TC05 register existing email
2026-09-04 04:55:52.341755 [ ERROR ] Error in file '/home/runner/work/engg-robot-testing-framework/engg-robot-testing-framework/tests/auth/TC05_register_existing_email.robot' on line 2: Importing library 'playwright_keyword_library.PlaywrightKeywordLibrary' failed: ModuleNotFoundError: No module named 'playwright_keyword_library'
2026-09-04 04:55:52.360944 ==============================================================================
2026-09-04 04:55:52.360944 Traceback (most recent call last):
2026-09-04 04:55:52.360998   None
2026-09-04 04:55:52.411119 PYTHONPATH:
2026-09-04 04:55:52.461240   /opt/hostedtoolcache/Python/3.11.16/x64/bin
2026-09-04 04:55:52.511358   /opt/hostedtoolcache/Python/3.11.16/x64/lib/python311.zip
2026-09-04 04:55:52.561473   /opt/hostedtoolcache/Python/3.11.16/x64/lib/python3.11
2026-09-04 04:55:52.611592   /opt/hostedtoolcache/Python/3.11.16/x64/lib/python3.11/lib-dynload
2026-09-04 04:55:52.661706   /opt/hostedtoolcache/Python/3.11.16/x64/lib/python3.11/site-packages
2026-09-04 04:55:52.711865 [ ERROR ] Error in file '/home/runner/work/engg-robot-testing-framework/engg-robot-testing-framework/resources/auth_keywords.resource' on line 2: Importing library 'playwright_keyword_library.PlaywrightKeywordLibrary' failed: ModuleNotFoundError: No module named 'playwright_keyword_library'
2026-09-04 04:55:52.762023 Traceback (most recent call last):
2026-09-04 04:55:52.812176   None
2026-09-04 04:55:52.862334 PYTHONPATH:
2026-09-04 04:55:52.912486   /opt/hostedtoolcache/Python/3.11.16/x64/bin
2026-09-04 04:55:52.962642   /opt/hostedtoolcache/Python/3.11.16/x64/lib/python311.zip
2026-09-04 04:55:53.012784   /opt/hostedtoolcache/Python/3.11.16/x64/lib/python3.11
2026-09-04 04:55:53.062941   /opt/hostedtoolcache/Python/3.11.16/x64/lib/python3.11/lib-dynload
2026-09-04 04:55:53.113095   /opt/hostedtoolcache/Python/3.11.16/x64/lib/python3.11/site-packages
2026-09-04 04:55:53.163256 [ ERROR ] Error in file '/home/runner/work/engg-robot-testing-framework/engg-robot-testing-framework/resources/common.resource' on line 4: Importing library 'playwright_keyword_library.PlaywrightKeywordLibrary' failed: ModuleNotFoundError: No module named 'playwright_keyword_library'
2026-09-04 04:55:53.213407 Traceback (most recent call last):
2026-09-04 04:55:53.263568   None
2026-09-04 04:55:53.313718 PYTHONPATH:
2026-09-04 04:55:53.363868   /opt/hostedtoolcache/Python/3.11.16/x64/bin
2026-09-04 04:55:53.414021   /opt/hostedtoolcache/Python/3.11.16/x64/lib/python311.zip
2026-09-04 04:55:53.464183   /opt/hostedtoolcache/Python/3.11.16/x64/lib/python3.11
2026-09-04 04:55:53.514326   /opt/hostedtoolcache/Python/3.11.16/x64/lib/python3.11/lib-dynload
2026-09-04 04:55:53.564489   /opt/hostedtoolcache/Python/3.11.16/x64/lib/python3.11/site-packages
2026-09-04 04:56:02.336037 TC05 Register User With Existing Email                                | FAIL |
2026-09-04 04:56:02.371247 Setup failed:
2026-09-04 04:56:02.371267 No keyword with name 'Open Browser' found.
2026-09-04 04:56:02.371282 
2026-09-04 04:56:02.371297 Also teardown failed:
2026-09-04 04:56:02.371319 Several failures occurred:
2026-09-04 04:56:02.371332 
2026-09-04 04:56:02.371345 1) No keyword with name 'Register Keyword To Run On Failure' found.
2026-09-04 04:56:02.371362 
2026-09-04 04:56:02.371374 2) No keyword with name 'Close Browser' found. Did you mean:
2026-09-04 04:56:02.371386     common.Close Test Browser
2026-09-04 04:56:02.371398 ------------------------------------------------------------------------------
2026-09-04 04:56:02.371411 Suites.Auth.TC05 register existing email                              | FAIL |
2026-09-04 04:56:02.371902 1 test, 0 passed, 1 failed
2026-09-04 04:56:02.371926 ==============================================================================
2026-09-04 04:56:02.371993 Suites.Auth                                                           | FAIL |
2026-09-04 04:56:02.372335 1 test, 0 passed, 1 failed
2026-09-04 04:56:02.372360 ==============================================================================
2026-09-04 04:56:02.372418 Suites                                                                | FAIL |
2026-09-04 04:56:02.372746 1 test, 0 passed, 1 failed
2026-09-04 04:56:02.372766 ==============================================================================
2026-09-04 04:56:02.372779 Output:  /home/runner/work/engg-robot-testing-framework/engg-robot-testing-framework/reports/pabot_results/4/output.xml
