2026-09-05 04:49:27.728120 ==============================================================================
2026-09-05 04:49:27.746392 Suites
2026-09-05 04:49:27.746412 ==============================================================================
2026-09-05 04:49:27.746462 Suites.Auth
2026-09-05 04:49:27.747670 ==============================================================================
2026-09-05 04:49:27.747691 Suites.Auth.TC02 login valid
2026-09-05 04:49:27.747691 [ ERROR ] Error in file '/home/runner/work/engg-robot-testing-framework/engg-robot-testing-framework/tests/auth/TC02_login_valid.robot' on line 2: Importing library 'playwright_keyword_library.PlaywrightKeywordLibrary' failed: ModuleNotFoundError: No module named 'playwright_keyword_library'
2026-09-05 04:49:27.767194 ==============================================================================
2026-09-05 04:49:27.767194 Traceback (most recent call last):
2026-09-05 04:49:27.767219   None
2026-09-05 04:49:27.817321 PYTHONPATH:
2026-09-05 04:49:27.867415   /opt/hostedtoolcache/Python/3.11.16/x64/bin
2026-09-05 04:49:27.917512   /opt/hostedtoolcache/Python/3.11.16/x64/lib/python311.zip
2026-09-05 04:49:27.967605   /opt/hostedtoolcache/Python/3.11.16/x64/lib/python3.11
2026-09-05 04:49:28.017713   /opt/hostedtoolcache/Python/3.11.16/x64/lib/python3.11/lib-dynload
2026-09-05 04:49:28.067882   /opt/hostedtoolcache/Python/3.11.16/x64/lib/python3.11/site-packages
2026-09-05 04:49:28.118046 [ ERROR ] Error in file '/home/runner/work/engg-robot-testing-framework/engg-robot-testing-framework/resources/auth_keywords.resource' on line 2: Importing library 'playwright_keyword_library.PlaywrightKeywordLibrary' failed: ModuleNotFoundError: No module named 'playwright_keyword_library'
2026-09-05 04:49:28.168206 Traceback (most recent call last):
2026-09-05 04:49:28.218367   None
2026-09-05 04:49:28.268528 PYTHONPATH:
2026-09-05 04:49:28.318688   /opt/hostedtoolcache/Python/3.11.16/x64/bin
2026-09-05 04:49:28.368839   /opt/hostedtoolcache/Python/3.11.16/x64/lib/python311.zip
2026-09-05 04:49:28.418992   /opt/hostedtoolcache/Python/3.11.16/x64/lib/python3.11
2026-09-05 04:49:28.469127   /opt/hostedtoolcache/Python/3.11.16/x64/lib/python3.11/lib-dynload
2026-09-05 04:49:28.519285   /opt/hostedtoolcache/Python/3.11.16/x64/lib/python3.11/site-packages
2026-09-05 04:49:28.569451 [ ERROR ] Error in file '/home/runner/work/engg-robot-testing-framework/engg-robot-testing-framework/resources/common.resource' on line 4: Importing library 'playwright_keyword_library.PlaywrightKeywordLibrary' failed: ModuleNotFoundError: No module named 'playwright_keyword_library'
2026-09-05 04:49:28.619613 Traceback (most recent call last):
2026-09-05 04:49:28.669776   None
2026-09-05 04:49:28.719936 PYTHONPATH:
2026-09-05 04:49:28.770099   /opt/hostedtoolcache/Python/3.11.16/x64/bin
2026-09-05 04:49:28.820260   /opt/hostedtoolcache/Python/3.11.16/x64/lib/python311.zip
2026-09-05 04:49:28.870419   /opt/hostedtoolcache/Python/3.11.16/x64/lib/python3.11
2026-09-05 04:49:28.920587   /opt/hostedtoolcache/Python/3.11.16/x64/lib/python3.11/lib-dynload
2026-09-05 04:49:28.970747   /opt/hostedtoolcache/Python/3.11.16/x64/lib/python3.11/site-packages
2026-09-05 04:49:37.742597 TC02 Login User With Correct Email And Password                       | FAIL |
2026-09-05 04:49:37.777229 Setup failed:
2026-09-05 04:49:37.777244 No keyword with name 'Open Browser' found.
2026-09-05 04:49:37.777256 
2026-09-05 04:49:37.777267 Also teardown failed:
2026-09-05 04:49:37.777277 Several failures occurred:
2026-09-05 04:49:37.777287 
2026-09-05 04:49:37.777299 1) No keyword with name 'Register Keyword To Run On Failure' found.
2026-09-05 04:49:37.777310 
2026-09-05 04:49:37.777320 2) No keyword with name 'Close Browser' found. Did you mean:
2026-09-05 04:49:37.777330     common.Close Test Browser
2026-09-05 04:49:37.777340 ------------------------------------------------------------------------------
2026-09-05 04:49:37.777350 Suites.Auth.TC02 login valid                                          | FAIL |
2026-09-05 04:49:37.777818 1 test, 0 passed, 1 failed
2026-09-05 04:49:37.777870 ==============================================================================
2026-09-05 04:49:37.777882 Suites.Auth                                                           | FAIL |
2026-09-05 04:49:37.778274 1 test, 0 passed, 1 failed
2026-09-05 04:49:37.778339 ==============================================================================
2026-09-05 04:49:37.778351 Suites                                                                | FAIL |
2026-09-05 04:49:37.778661 1 test, 0 passed, 1 failed
2026-09-05 04:49:37.778703 ==============================================================================
2026-09-05 04:49:37.778715 Output:  /home/runner/work/engg-robot-testing-framework/engg-robot-testing-framework/reports/pabot_results/1/output.xml
