2026-07-15 03:44:40.781816 ==============================================================================
2026-07-15 03:44:40.818620 Suites
2026-07-15 03:44:40.818636 ==============================================================================
2026-07-15 03:44:40.818650 Suites.Auth
2026-07-15 03:44:40.819210 ==============================================================================
2026-07-15 03:44:40.819223 Suites.Auth.TC02 login valid
2026-07-15 03:44:40.819223 [ ERROR ] Error in file '/home/runner/work/engg-robot-testing-framework/engg-robot-testing-framework/tests/auth/TC02_login_valid.robot' on line 2: Importing library 'playwright_keyword_library.PlaywrightKeywordLibrary' failed: ModuleNotFoundError: No module named 'playwright_keyword_library'
2026-07-15 03:44:40.832073 ==============================================================================
2026-07-15 03:44:40.832073 Traceback (most recent call last):
2026-07-15 03:44:40.832086   None
2026-07-15 03:44:40.882180 PYTHONPATH:
2026-07-15 03:44:40.932309   /opt/hostedtoolcache/Python/3.11.15/x64/bin
2026-07-15 03:44:40.982408   /opt/hostedtoolcache/Python/3.11.15/x64/lib/python311.zip
2026-07-15 03:44:41.032542   /opt/hostedtoolcache/Python/3.11.15/x64/lib/python3.11
2026-07-15 03:44:41.082636   /opt/hostedtoolcache/Python/3.11.15/x64/lib/python3.11/lib-dynload
2026-07-15 03:44:41.132767   /opt/hostedtoolcache/Python/3.11.15/x64/lib/python3.11/site-packages
2026-07-15 03:44:41.182887 [ ERROR ] Error in file '/home/runner/work/engg-robot-testing-framework/engg-robot-testing-framework/resources/auth_keywords.resource' on line 2: Importing library 'playwright_keyword_library.PlaywrightKeywordLibrary' failed: ModuleNotFoundError: No module named 'playwright_keyword_library'
2026-07-15 03:44:41.233012 Traceback (most recent call last):
2026-07-15 03:44:41.283105   None
2026-07-15 03:44:41.333229 PYTHONPATH:
2026-07-15 03:44:41.383326   /opt/hostedtoolcache/Python/3.11.15/x64/bin
2026-07-15 03:44:41.433448   /opt/hostedtoolcache/Python/3.11.15/x64/lib/python311.zip
2026-07-15 03:44:41.483569   /opt/hostedtoolcache/Python/3.11.15/x64/lib/python3.11
2026-07-15 03:44:41.533713   /opt/hostedtoolcache/Python/3.11.15/x64/lib/python3.11/lib-dynload
2026-07-15 03:44:41.583812   /opt/hostedtoolcache/Python/3.11.15/x64/lib/python3.11/site-packages
2026-07-15 03:44:41.633956 [ ERROR ] Error in file '/home/runner/work/engg-robot-testing-framework/engg-robot-testing-framework/resources/common.resource' on line 4: Importing library 'playwright_keyword_library.PlaywrightKeywordLibrary' failed: ModuleNotFoundError: No module named 'playwright_keyword_library'
2026-07-15 03:44:41.684076 Traceback (most recent call last):
2026-07-15 03:44:41.734215   None
2026-07-15 03:44:41.784313 PYTHONPATH:
2026-07-15 03:44:41.834451   /opt/hostedtoolcache/Python/3.11.15/x64/bin
2026-07-15 03:44:41.884547   /opt/hostedtoolcache/Python/3.11.15/x64/lib/python311.zip
2026-07-15 03:44:41.934676   /opt/hostedtoolcache/Python/3.11.15/x64/lib/python3.11
2026-07-15 03:44:41.984812   /opt/hostedtoolcache/Python/3.11.15/x64/lib/python3.11/lib-dynload
2026-07-15 03:44:42.034955   /opt/hostedtoolcache/Python/3.11.15/x64/lib/python3.11/site-packages
2026-07-15 03:44:50.803622 TC02 Login User With Correct Email And Password                       | FAIL |
2026-07-15 03:44:50.839631 Setup failed:
2026-07-15 03:44:50.839641 No keyword with name 'Open Browser' found.
2026-07-15 03:44:50.839648 
2026-07-15 03:44:50.839654 Also teardown failed:
2026-07-15 03:44:50.839660 Several failures occurred:
2026-07-15 03:44:50.839665 
2026-07-15 03:44:50.839671 1) No keyword with name 'Register Keyword To Run On Failure' found.
2026-07-15 03:44:50.839677 
2026-07-15 03:44:50.839682 2) No keyword with name 'Close Browser' found. Did you mean:
2026-07-15 03:44:50.839687     common.Close Test Browser
2026-07-15 03:44:50.839692 ------------------------------------------------------------------------------
2026-07-15 03:44:50.839697 Suites.Auth.TC02 login valid                                          | FAIL |
2026-07-15 03:44:50.840231 1 test, 0 passed, 1 failed
2026-07-15 03:44:50.840270 ==============================================================================
2026-07-15 03:44:50.840275 Suites.Auth                                                           | FAIL |
2026-07-15 03:44:50.840565 1 test, 0 passed, 1 failed
2026-07-15 03:44:50.840589 ==============================================================================
2026-07-15 03:44:50.840594 Suites                                                                | FAIL |
2026-07-15 03:44:50.840867 1 test, 0 passed, 1 failed
2026-07-15 03:44:50.840890 ==============================================================================
2026-07-15 03:44:50.840895 Output:  /home/runner/work/engg-robot-testing-framework/engg-robot-testing-framework/reports/pabot_results/1/output.xml
