2026-10-09 06:30:29.087173 ==============================================================================
2026-10-09 06:30:29.103972 Suites
2026-10-09 06:30:29.103994 ==============================================================================
2026-10-09 06:30:29.104016 Suites.Cart
2026-10-09 06:30:29.104802 ==============================================================================
2026-10-09 06:30:29.104820 Suites.Cart.TC22 add from recommended items :: TC22 - Add To Cart From Reco...
2026-10-09 06:30:29.104820 [ ERROR ] Error in file '/home/runner/work/engg-robot-testing-framework/engg-robot-testing-framework/resources/common.resource' on line 4: Importing library 'playwright_keyword_library.PlaywrightKeywordLibrary' failed: ModuleNotFoundError: No module named 'playwright_keyword_library'
2026-10-09 06:30:29.128365 ==============================================================================
2026-10-09 06:30:29.128365 Traceback (most recent call last):
2026-10-09 06:30:29.128393   None
2026-10-09 06:30:29.178544 PYTHONPATH:
2026-10-09 06:30:29.228662   /opt/hostedtoolcache/Python/3.11.17/x64/bin
2026-10-09 06:30:29.278789   /opt/hostedtoolcache/Python/3.11.17/x64/lib/python311.zip
2026-10-09 06:30:29.328889   /opt/hostedtoolcache/Python/3.11.17/x64/lib/python3.11
2026-10-09 06:30:29.379008   /opt/hostedtoolcache/Python/3.11.17/x64/lib/python3.11/lib-dynload
2026-10-09 06:30:29.429153   /opt/hostedtoolcache/Python/3.11.17/x64/lib/python3.11/site-packages
2026-10-09 06:30:29.479307 [ ERROR ] Error in file '/home/runner/work/engg-robot-testing-framework/engg-robot-testing-framework/resources/cart_keywords.resource' on line 2: Importing library 'playwright_keyword_library.PlaywrightKeywordLibrary' failed: ModuleNotFoundError: No module named 'playwright_keyword_library'
2026-10-09 06:30:29.529448 Traceback (most recent call last):
2026-10-09 06:30:29.579585   None
2026-10-09 06:30:29.629728 PYTHONPATH:
2026-10-09 06:30:29.679889   /opt/hostedtoolcache/Python/3.11.17/x64/bin
2026-10-09 06:30:29.730020   /opt/hostedtoolcache/Python/3.11.17/x64/lib/python311.zip
2026-10-09 06:30:29.780170   /opt/hostedtoolcache/Python/3.11.17/x64/lib/python3.11
2026-10-09 06:30:29.830286   /opt/hostedtoolcache/Python/3.11.17/x64/lib/python3.11/lib-dynload
2026-10-09 06:30:29.880484   /opt/hostedtoolcache/Python/3.11.17/x64/lib/python3.11/site-packages
2026-10-09 06:30:39.104307 TC22 Add To Cart From Recommended Items                               | FAIL |
2026-10-09 06:30:39.138816 Setup failed:
2026-10-09 06:30:39.138836 No keyword with name 'Open Browser' found.
2026-10-09 06:30:39.138845 
2026-10-09 06:30:39.138856 Also teardown failed:
2026-10-09 06:30:39.138864 Several failures occurred:
2026-10-09 06:30:39.138871 
2026-10-09 06:30:39.138881 1) No keyword with name 'Register Keyword To Run On Failure' found.
2026-10-09 06:30:39.138889 
2026-10-09 06:30:39.138922 2) No keyword with name 'Close Browser' found. Did you mean:
2026-10-09 06:30:39.138931     common.Close Test Browser
2026-10-09 06:30:39.138938 ------------------------------------------------------------------------------
2026-10-09 06:30:39.138946 Suites.Cart.TC22 add from recommended items :: TC22 - Add To Cart ... | FAIL |
2026-10-09 06:30:39.139513 1 test, 0 passed, 1 failed
2026-10-09 06:30:39.139561 ==============================================================================
2026-10-09 06:30:39.139569 Suites.Cart                                                           | FAIL |
2026-10-09 06:30:39.139915 1 test, 0 passed, 1 failed
2026-10-09 06:30:39.139968 ==============================================================================
2026-10-09 06:30:39.139976 Suites                                                                | FAIL |
2026-10-09 06:30:39.140345 1 test, 0 passed, 1 failed
2026-10-09 06:30:39.140402 ==============================================================================
2026-10-09 06:30:39.140416 Output:  /home/runner/work/engg-robot-testing-framework/engg-robot-testing-framework/reports/pabot_results/9/output.xml
