2026-10-08 06:29:10.807716 ==============================================================================
2026-10-08 06:29:10.833725 Suites
2026-10-08 06:29:10.833740 ==============================================================================
2026-10-08 06:29:10.833748 Suites.Cart
2026-10-08 06:29:10.834266 ==============================================================================
2026-10-08 06:29:10.834277 Suites.Cart.TC13 verify product quantity :: TC13 - Verify Product Quantity ...
2026-10-08 06:29:10.834277 [ ERROR ] Error in file '/home/runner/work/engg-robot-testing-framework/engg-robot-testing-framework/resources/common.resource' on line 4: Importing library 'playwright_keyword_library.PlaywrightKeywordLibrary' failed: ModuleNotFoundError: No module named 'playwright_keyword_library'
2026-10-08 06:29:10.855168 ==============================================================================
2026-10-08 06:29:10.855168 Traceback (most recent call last):
2026-10-08 06:29:10.855187   None
2026-10-08 06:29:10.905311 PYTHONPATH:
2026-10-08 06:29:10.955490   /opt/hostedtoolcache/Python/3.11.16/x64/bin
2026-10-08 06:29:11.005615   /opt/hostedtoolcache/Python/3.11.16/x64/lib/python311.zip
2026-10-08 06:29:11.055763   /opt/hostedtoolcache/Python/3.11.16/x64/lib/python3.11
2026-10-08 06:29:11.105910   /opt/hostedtoolcache/Python/3.11.16/x64/lib/python3.11/lib-dynload
2026-10-08 06:29:11.156079   /opt/hostedtoolcache/Python/3.11.16/x64/lib/python3.11/site-packages
2026-10-08 06:29:11.206204 [ ERROR ] Error in file '/home/runner/work/engg-robot-testing-framework/engg-robot-testing-framework/resources/product_keywords.resource' on line 2: Importing library 'playwright_keyword_library.PlaywrightKeywordLibrary' failed: ModuleNotFoundError: No module named 'playwright_keyword_library'
2026-10-08 06:29:11.256377 Traceback (most recent call last):
2026-10-08 06:29:11.306507   None
2026-10-08 06:29:11.356661 PYTHONPATH:
2026-10-08 06:29:11.406807   /opt/hostedtoolcache/Python/3.11.16/x64/bin
2026-10-08 06:29:11.456968   /opt/hostedtoolcache/Python/3.11.16/x64/lib/python311.zip
2026-10-08 06:29:11.507109   /opt/hostedtoolcache/Python/3.11.16/x64/lib/python3.11
2026-10-08 06:29:11.557281   /opt/hostedtoolcache/Python/3.11.16/x64/lib/python3.11/lib-dynload
2026-10-08 06:29:11.607446   /opt/hostedtoolcache/Python/3.11.16/x64/lib/python3.11/site-packages
2026-10-08 06:29:11.657619 [ ERROR ] Error in file '/home/runner/work/engg-robot-testing-framework/engg-robot-testing-framework/resources/cart_keywords.resource' on line 2: Importing library 'playwright_keyword_library.PlaywrightKeywordLibrary' failed: ModuleNotFoundError: No module named 'playwright_keyword_library'
2026-10-08 06:29:11.707766 Traceback (most recent call last):
2026-10-08 06:29:11.757927   None
2026-10-08 06:29:11.808025 PYTHONPATH:
2026-10-08 06:29:11.858183   /opt/hostedtoolcache/Python/3.11.16/x64/bin
2026-10-08 06:29:11.908305   /opt/hostedtoolcache/Python/3.11.16/x64/lib/python311.zip
2026-10-08 06:29:11.958481   /opt/hostedtoolcache/Python/3.11.16/x64/lib/python3.11
2026-10-08 06:29:12.008597   /opt/hostedtoolcache/Python/3.11.16/x64/lib/python3.11/lib-dynload
2026-10-08 06:29:12.058757   /opt/hostedtoolcache/Python/3.11.16/x64/lib/python3.11/site-packages
2026-10-08 06:29:20.828320 TC13 Verify Product Quantity In Cart                                  | FAIL |
2026-10-08 06:29:20.863464 Setup failed:
2026-10-08 06:29:20.863479 No keyword with name 'Open Browser' found.
2026-10-08 06:29:20.863489 
2026-10-08 06:29:20.863497 Also teardown failed:
2026-10-08 06:29:20.863505 Several failures occurred:
2026-10-08 06:29:20.863513 
2026-10-08 06:29:20.863521 1) No keyword with name 'Register Keyword To Run On Failure' found.
2026-10-08 06:29:20.863529 
2026-10-08 06:29:20.863536 2) No keyword with name 'Close Browser' found. Did you mean:
2026-10-08 06:29:20.863544     common.Close Test Browser
2026-10-08 06:29:20.863552 ------------------------------------------------------------------------------
2026-10-08 06:29:20.863560 Suites.Cart.TC13 verify product quantity :: TC13 - Verify Product ... | FAIL |
2026-10-08 06:29:20.863944 1 test, 0 passed, 1 failed
2026-10-08 06:29:20.863960 ==============================================================================
2026-10-08 06:29:20.864005 Suites.Cart                                                           | FAIL |
2026-10-08 06:29:20.864245 1 test, 0 passed, 1 failed
2026-10-08 06:29:20.864258 ==============================================================================
2026-10-08 06:29:20.864285 Suites                                                                | FAIL |
2026-10-08 06:29:20.864534 1 test, 0 passed, 1 failed
2026-10-08 06:29:20.864565 ==============================================================================
2026-10-08 06:29:20.864575 Output:  /home/runner/work/engg-robot-testing-framework/engg-robot-testing-framework/reports/pabot_results/6/output.xml
