2026-10-06 06:42:24.685025 ==============================================================================
2026-10-06 06:42:24.709332 Suites
2026-10-06 06:42:24.709352 ==============================================================================
2026-10-06 06:42:24.709367 Suites.Auth
2026-10-06 06:42:24.709899 ==============================================================================
2026-10-06 06:42:24.709912 Suites.Auth.TC02 login valid
2026-10-06 06:42:24.709912 [ ERROR ] Error in file '/home/runner/work/engg-robot-testing-framework/engg-robot-testing-framework/tests/auth/TC02_login_valid.robot' on line 2: Importing library 'playwright_keyword_library.PlaywrightKeywordLibrary' failed: ModuleNotFoundError: No module named 'playwright_keyword_library'
2026-10-06 06:42:24.723067 ==============================================================================
2026-10-06 06:42:24.723067 Traceback (most recent call last):
2026-10-06 06:42:24.723085   None
2026-10-06 06:42:24.773222 PYTHONPATH:
2026-10-06 06:42:24.823372   /opt/hostedtoolcache/Python/3.11.16/x64/bin
2026-10-06 06:42:24.873536   /opt/hostedtoolcache/Python/3.11.16/x64/lib/python311.zip
2026-10-06 06:42:24.923696   /opt/hostedtoolcache/Python/3.11.16/x64/lib/python3.11
2026-10-06 06:42:24.973863   /opt/hostedtoolcache/Python/3.11.16/x64/lib/python3.11/lib-dynload
2026-10-06 06:42:25.023993   /opt/hostedtoolcache/Python/3.11.16/x64/lib/python3.11/site-packages
2026-10-06 06:42:25.074142 [ ERROR ] Error in file '/home/runner/work/engg-robot-testing-framework/engg-robot-testing-framework/resources/auth_keywords.resource' on line 2: Importing library 'playwright_keyword_library.PlaywrightKeywordLibrary' failed: ModuleNotFoundError: No module named 'playwright_keyword_library'
2026-10-06 06:42:25.124301 Traceback (most recent call last):
2026-10-06 06:42:25.174462   None
2026-10-06 06:42:25.224617 PYTHONPATH:
2026-10-06 06:42:25.274796   /opt/hostedtoolcache/Python/3.11.16/x64/bin
2026-10-06 06:42:25.325006   /opt/hostedtoolcache/Python/3.11.16/x64/lib/python311.zip
2026-10-06 06:42:25.375174   /opt/hostedtoolcache/Python/3.11.16/x64/lib/python3.11
2026-10-06 06:42:25.425378   /opt/hostedtoolcache/Python/3.11.16/x64/lib/python3.11/lib-dynload
2026-10-06 06:42:25.475574   /opt/hostedtoolcache/Python/3.11.16/x64/lib/python3.11/site-packages
2026-10-06 06:42:25.525727 [ ERROR ] Error in file '/home/runner/work/engg-robot-testing-framework/engg-robot-testing-framework/resources/common.resource' on line 4: Importing library 'playwright_keyword_library.PlaywrightKeywordLibrary' failed: ModuleNotFoundError: No module named 'playwright_keyword_library'
2026-10-06 06:42:25.575962 Traceback (most recent call last):
2026-10-06 06:42:25.626125   None
2026-10-06 06:42:25.676354 PYTHONPATH:
2026-10-06 06:42:25.726462   /opt/hostedtoolcache/Python/3.11.16/x64/bin
2026-10-06 06:42:25.776683   /opt/hostedtoolcache/Python/3.11.16/x64/lib/python311.zip
2026-10-06 06:42:25.826832   /opt/hostedtoolcache/Python/3.11.16/x64/lib/python3.11
2026-10-06 06:42:25.877051   /opt/hostedtoolcache/Python/3.11.16/x64/lib/python3.11/lib-dynload
2026-10-06 06:42:25.927192   /opt/hostedtoolcache/Python/3.11.16/x64/lib/python3.11/site-packages
2026-10-06 06:42:34.699545 TC02 Login User With Correct Email And Password                       | FAIL |
2026-10-06 06:42:34.730230 Setup failed:
2026-10-06 06:42:34.730246 No keyword with name 'Open Browser' found.
2026-10-06 06:42:34.730257 
2026-10-06 06:42:34.730268 Also teardown failed:
2026-10-06 06:42:34.730278 Several failures occurred:
2026-10-06 06:42:34.730287 
2026-10-06 06:42:34.730296 1) No keyword with name 'Register Keyword To Run On Failure' found.
2026-10-06 06:42:34.730306 
2026-10-06 06:42:34.730314 2) No keyword with name 'Close Browser' found. Did you mean:
2026-10-06 06:42:34.730323     common.Close Test Browser
2026-10-06 06:42:34.730331 ------------------------------------------------------------------------------
2026-10-06 06:42:34.730341 Suites.Auth.TC02 login valid                                          | FAIL |
2026-10-06 06:42:34.730919 1 test, 0 passed, 1 failed
2026-10-06 06:42:34.730933 ==============================================================================
2026-10-06 06:42:34.730944 Suites.Auth                                                           | FAIL |
2026-10-06 06:42:34.731067 1 test, 0 passed, 1 failed
2026-10-06 06:42:34.731117 ==============================================================================
2026-10-06 06:42:34.731128 Suites                                                                | FAIL |
2026-10-06 06:42:34.731366 1 test, 0 passed, 1 failed
2026-10-06 06:42:34.731427 ==============================================================================
2026-10-06 06:42:34.731438 Output:  /home/runner/work/engg-robot-testing-framework/engg-robot-testing-framework/reports/pabot_results/1/output.xml
