2026-06-23 04:40:55.081690 ==============================================================================
2026-06-23 04:40:55.092780 Suites
2026-06-23 04:40:55.092799 ==============================================================================
2026-06-23 04:40:55.092812 Suites.Auth
2026-06-23 04:40:55.093583 ==============================================================================
2026-06-23 04:40:55.093600 Suites.Auth.TC04 logout user
2026-06-23 04:40:55.093600 [ ERROR ] Error in file '/home/runner/work/engg-robot-testing-framework/engg-robot-testing-framework/tests/auth/TC04_logout_user.robot' on line 2: Importing library 'playwright_keyword_library.PlaywrightKeywordLibrary' failed: ModuleNotFoundError: No module named 'playwright_keyword_library'
2026-06-23 04:40:55.110100 ==============================================================================
2026-06-23 04:40:55.110100 Traceback (most recent call last):
2026-06-23 04:40:55.110122   None
2026-06-23 04:40:55.160210 PYTHONPATH:
2026-06-23 04:40:55.210348   /opt/hostedtoolcache/Python/3.11.15/x64/bin
2026-06-23 04:40:55.260483   /opt/hostedtoolcache/Python/3.11.15/x64/lib/python311.zip
2026-06-23 04:40:55.310623   /opt/hostedtoolcache/Python/3.11.15/x64/lib/python3.11
2026-06-23 04:40:55.360761   /opt/hostedtoolcache/Python/3.11.15/x64/lib/python3.11/lib-dynload
2026-06-23 04:40:55.410896   /opt/hostedtoolcache/Python/3.11.15/x64/lib/python3.11/site-packages
2026-06-23 04:40:55.461036 [ ERROR ] Error in file '/home/runner/work/engg-robot-testing-framework/engg-robot-testing-framework/resources/auth_keywords.resource' on line 2: Importing library 'playwright_keyword_library.PlaywrightKeywordLibrary' failed: ModuleNotFoundError: No module named 'playwright_keyword_library'
2026-06-23 04:40:55.511170 Traceback (most recent call last):
2026-06-23 04:40:55.561265   None
2026-06-23 04:40:55.611397 PYTHONPATH:
2026-06-23 04:40:55.661555   /opt/hostedtoolcache/Python/3.11.15/x64/bin
2026-06-23 04:40:55.711670   /opt/hostedtoolcache/Python/3.11.15/x64/lib/python311.zip
2026-06-23 04:40:55.761806   /opt/hostedtoolcache/Python/3.11.15/x64/lib/python3.11
2026-06-23 04:40:55.811944   /opt/hostedtoolcache/Python/3.11.15/x64/lib/python3.11/lib-dynload
2026-06-23 04:40:55.862078   /opt/hostedtoolcache/Python/3.11.15/x64/lib/python3.11/site-packages
2026-06-23 04:40:55.912213 [ ERROR ] Error in file '/home/runner/work/engg-robot-testing-framework/engg-robot-testing-framework/resources/common.resource' on line 4: Importing library 'playwright_keyword_library.PlaywrightKeywordLibrary' failed: ModuleNotFoundError: No module named 'playwright_keyword_library'
2026-06-23 04:40:55.962348 Traceback (most recent call last):
2026-06-23 04:40:56.012484   None
2026-06-23 04:40:56.062626 PYTHONPATH:
2026-06-23 04:40:56.112762   /opt/hostedtoolcache/Python/3.11.15/x64/bin
2026-06-23 04:40:56.162898   /opt/hostedtoolcache/Python/3.11.15/x64/lib/python311.zip
2026-06-23 04:40:56.213040   /opt/hostedtoolcache/Python/3.11.15/x64/lib/python3.11
2026-06-23 04:40:56.263177   /opt/hostedtoolcache/Python/3.11.15/x64/lib/python3.11/lib-dynload
2026-06-23 04:40:56.313315   /opt/hostedtoolcache/Python/3.11.15/x64/lib/python3.11/site-packages
2026-06-23 04:41:05.084588 TC04 Logout User                                                      | FAIL |
2026-06-23 04:41:05.119117 Setup failed:
2026-06-23 04:41:05.119134 No keyword with name 'Open Browser' found.
2026-06-23 04:41:05.119146 
2026-06-23 04:41:05.119159 Also teardown failed:
2026-06-23 04:41:05.119171 Several failures occurred:
2026-06-23 04:41:05.119182 
2026-06-23 04:41:05.119194 1) No keyword with name 'Register Keyword To Run On Failure' found.
2026-06-23 04:41:05.119205 
2026-06-23 04:41:05.119215 2) No keyword with name 'Close Browser' found. Did you mean:
2026-06-23 04:41:05.119225     common.Close Test Browser
2026-06-23 04:41:05.119234 ------------------------------------------------------------------------------
2026-06-23 04:41:05.119244 Suites.Auth.TC04 logout user                                          | FAIL |
2026-06-23 04:41:05.119746 1 test, 0 passed, 1 failed
2026-06-23 04:41:05.119762 ==============================================================================
2026-06-23 04:41:05.119774 Suites.Auth                                                           | FAIL |
2026-06-23 04:41:05.120097 1 test, 0 passed, 1 failed
2026-06-23 04:41:05.120155 ==============================================================================
2026-06-23 04:41:05.120168 Suites                                                                | FAIL |
2026-06-23 04:41:05.120414 1 test, 0 passed, 1 failed
2026-06-23 04:41:05.120435 ==============================================================================
2026-06-23 04:41:05.120482 Output:  /home/runner/work/engg-robot-testing-framework/engg-robot-testing-framework/reports/pabot_results/3/output.xml
