2026-07-05 04:40:00.088958 ==============================================================================
2026-07-05 04:40:00.113902 Suites
2026-07-05 04:40:00.113922 ==============================================================================
2026-07-05 04:40:00.113937 Suites.Cart
2026-07-05 04:40:00.114767 ==============================================================================
2026-07-05 04:40:00.114784 Suites.Cart.TC12 add products to cart :: TC12 - Add Products In Cart
2026-07-05 04:40:00.114784 [ ERROR ] Error in file '/home/runner/work/engg-robot-testing-framework/engg-robot-testing-framework/resources/common.resource' on line 4: Importing library 'playwright_keyword_library.PlaywrightKeywordLibrary' failed: ModuleNotFoundError: No module named 'playwright_keyword_library'
2026-07-05 04:40:00.145631 ==============================================================================
2026-07-05 04:40:00.145631 Traceback (most recent call last):
2026-07-05 04:40:00.145659   None
2026-07-05 04:40:00.195776 PYTHONPATH:
2026-07-05 04:40:00.245854   /opt/hostedtoolcache/Python/3.11.15/x64/bin
2026-07-05 04:40:00.295980   /opt/hostedtoolcache/Python/3.11.15/x64/lib/python311.zip
2026-07-05 04:40:00.346091   /opt/hostedtoolcache/Python/3.11.15/x64/lib/python3.11
2026-07-05 04:40:00.396199   /opt/hostedtoolcache/Python/3.11.15/x64/lib/python3.11/lib-dynload
2026-07-05 04:40:00.446299   /opt/hostedtoolcache/Python/3.11.15/x64/lib/python3.11/site-packages
2026-07-05 04:40:00.496465 [ ERROR ] Error in file '/home/runner/work/engg-robot-testing-framework/engg-robot-testing-framework/resources/product_keywords.resource' on line 2: Importing library 'playwright_keyword_library.PlaywrightKeywordLibrary' failed: ModuleNotFoundError: No module named 'playwright_keyword_library'
2026-07-05 04:40:00.546601 Traceback (most recent call last):
2026-07-05 04:40:00.596754   None
2026-07-05 04:40:00.646880 PYTHONPATH:
2026-07-05 04:40:00.697009   /opt/hostedtoolcache/Python/3.11.15/x64/bin
2026-07-05 04:40:00.747140   /opt/hostedtoolcache/Python/3.11.15/x64/lib/python311.zip
2026-07-05 04:40:00.797293   /opt/hostedtoolcache/Python/3.11.15/x64/lib/python3.11
2026-07-05 04:40:00.847448   /opt/hostedtoolcache/Python/3.11.15/x64/lib/python3.11/lib-dynload
2026-07-05 04:40:00.897605   /opt/hostedtoolcache/Python/3.11.15/x64/lib/python3.11/site-packages
2026-07-05 04:40:00.947954 [ ERROR ] Error in file '/home/runner/work/engg-robot-testing-framework/engg-robot-testing-framework/resources/cart_keywords.resource' on line 2: Importing library 'playwright_keyword_library.PlaywrightKeywordLibrary' failed: ModuleNotFoundError: No module named 'playwright_keyword_library'
2026-07-05 04:40:00.998115 Traceback (most recent call last):
2026-07-05 04:40:01.048265   None
2026-07-05 04:40:01.098424 PYTHONPATH:
2026-07-05 04:40:01.148592   /opt/hostedtoolcache/Python/3.11.15/x64/bin
2026-07-05 04:40:01.198755   /opt/hostedtoolcache/Python/3.11.15/x64/lib/python311.zip
2026-07-05 04:40:01.248907   /opt/hostedtoolcache/Python/3.11.15/x64/lib/python3.11
2026-07-05 04:40:01.299086   /opt/hostedtoolcache/Python/3.11.15/x64/lib/python3.11/lib-dynload
2026-07-05 04:40:01.349236   /opt/hostedtoolcache/Python/3.11.15/x64/lib/python3.11/site-packages
2026-07-05 04:40:10.122545 TC12 Add Products In Cart                                             | FAIL |
2026-07-05 04:40:10.156682 Setup failed:
2026-07-05 04:40:10.156702 No keyword with name 'Open Browser' found.
2026-07-05 04:40:10.156718 
2026-07-05 04:40:10.156730 Also teardown failed:
2026-07-05 04:40:10.156744 Several failures occurred:
2026-07-05 04:40:10.156756 
2026-07-05 04:40:10.156768 1) No keyword with name 'Register Keyword To Run On Failure' found.
2026-07-05 04:40:10.156779 
2026-07-05 04:40:10.156791 2) No keyword with name 'Close Browser' found. Did you mean:
2026-07-05 04:40:10.156802     common.Close Test Browser
2026-07-05 04:40:10.156842 ------------------------------------------------------------------------------
2026-07-05 04:40:10.156855 Suites.Cart.TC12 add products to cart :: TC12 - Add Products In Cart  | FAIL |
2026-07-05 04:40:10.157344 1 test, 0 passed, 1 failed
2026-07-05 04:40:10.157374 ==============================================================================
2026-07-05 04:40:10.157477 Suites.Cart                                                           | FAIL |
2026-07-05 04:40:10.157814 1 test, 0 passed, 1 failed
2026-07-05 04:40:10.157839 ==============================================================================
2026-07-05 04:40:10.157854 Suites                                                                | FAIL |
2026-07-05 04:40:10.158186 1 test, 0 passed, 1 failed
2026-07-05 04:40:10.158210 ==============================================================================
2026-07-05 04:40:10.158277 Output:  /home/runner/work/engg-robot-testing-framework/engg-robot-testing-framework/reports/pabot_results/5/output.xml
