2026-07-17 03:46:51.173583 ==============================================================================
2026-07-17 03:46:51.195296 Suites
2026-07-17 03:46:51.195319 ==============================================================================
2026-07-17 03:46:51.195338 Suites.Cart
2026-07-17 03:46:51.196201 ==============================================================================
2026-07-17 03:46:51.196228 Suites.Cart.TC12 add products to cart :: TC12 - Add Products In Cart
2026-07-17 03:46:51.196228 [ ERROR ] Error in file '/home/runner/work/engg-robot-testing-framework/engg-robot-testing-framework/resources/common.resource' on line 4: Importing library 'playwright_keyword_library.PlaywrightKeywordLibrary' failed: ModuleNotFoundError: No module named 'playwright_keyword_library'
2026-07-17 03:46:51.227228 ==============================================================================
2026-07-17 03:46:51.227228 Traceback (most recent call last):
2026-07-17 03:46:51.227255   None
2026-07-17 03:46:51.277374 PYTHONPATH:
2026-07-17 03:46:51.327478   /opt/hostedtoolcache/Python/3.11.15/x64/bin
2026-07-17 03:46:51.377581   /opt/hostedtoolcache/Python/3.11.15/x64/lib/python311.zip
2026-07-17 03:46:51.427689   /opt/hostedtoolcache/Python/3.11.15/x64/lib/python3.11
2026-07-17 03:46:51.477824   /opt/hostedtoolcache/Python/3.11.15/x64/lib/python3.11/lib-dynload
2026-07-17 03:46:51.527935   /opt/hostedtoolcache/Python/3.11.15/x64/lib/python3.11/site-packages
2026-07-17 03:46:51.578099 [ ERROR ] Error in file '/home/runner/work/engg-robot-testing-framework/engg-robot-testing-framework/resources/product_keywords.resource' on line 2: Importing library 'playwright_keyword_library.PlaywrightKeywordLibrary' failed: ModuleNotFoundError: No module named 'playwright_keyword_library'
2026-07-17 03:46:51.628254 Traceback (most recent call last):
2026-07-17 03:46:51.678404   None
2026-07-17 03:46:51.728554 PYTHONPATH:
2026-07-17 03:46:51.778703   /opt/hostedtoolcache/Python/3.11.15/x64/bin
2026-07-17 03:46:51.828852   /opt/hostedtoolcache/Python/3.11.15/x64/lib/python311.zip
2026-07-17 03:46:51.879003   /opt/hostedtoolcache/Python/3.11.15/x64/lib/python3.11
2026-07-17 03:46:51.929136   /opt/hostedtoolcache/Python/3.11.15/x64/lib/python3.11/lib-dynload
2026-07-17 03:46:51.979281   /opt/hostedtoolcache/Python/3.11.15/x64/lib/python3.11/site-packages
2026-07-17 03:46:52.029436 [ ERROR ] Error in file '/home/runner/work/engg-robot-testing-framework/engg-robot-testing-framework/resources/cart_keywords.resource' on line 2: Importing library 'playwright_keyword_library.PlaywrightKeywordLibrary' failed: ModuleNotFoundError: No module named 'playwright_keyword_library'
2026-07-17 03:46:52.079589 Traceback (most recent call last):
2026-07-17 03:46:52.129741   None
2026-07-17 03:46:52.179894 PYTHONPATH:
2026-07-17 03:46:52.230046   /opt/hostedtoolcache/Python/3.11.15/x64/bin
2026-07-17 03:46:52.280198   /opt/hostedtoolcache/Python/3.11.15/x64/lib/python311.zip
2026-07-17 03:46:52.330351   /opt/hostedtoolcache/Python/3.11.15/x64/lib/python3.11
2026-07-17 03:46:52.380504   /opt/hostedtoolcache/Python/3.11.15/x64/lib/python3.11/lib-dynload
2026-07-17 03:46:52.430651   /opt/hostedtoolcache/Python/3.11.15/x64/lib/python3.11/site-packages
2026-07-17 03:47:01.201893 TC12 Add Products In Cart                                             | FAIL |
2026-07-17 03:47:01.238526 Setup failed:
2026-07-17 03:47:01.238552 No keyword with name 'Open Browser' found.
2026-07-17 03:47:01.238596 
2026-07-17 03:47:01.238611 Also teardown failed:
2026-07-17 03:47:01.238623 Several failures occurred:
2026-07-17 03:47:01.238634 
2026-07-17 03:47:01.238645 1) No keyword with name 'Register Keyword To Run On Failure' found.
2026-07-17 03:47:01.238657 
2026-07-17 03:47:01.238668 2) No keyword with name 'Close Browser' found. Did you mean:
2026-07-17 03:47:01.238679     common.Close Test Browser
2026-07-17 03:47:01.238690 ------------------------------------------------------------------------------
2026-07-17 03:47:01.238702 Suites.Cart.TC12 add products to cart :: TC12 - Add Products In Cart  | FAIL |
2026-07-17 03:47:01.239182 1 test, 0 passed, 1 failed
2026-07-17 03:47:01.239258 ==============================================================================
2026-07-17 03:47:01.239272 Suites.Cart                                                           | FAIL |
2026-07-17 03:47:01.239689 1 test, 0 passed, 1 failed
2026-07-17 03:47:01.239757 ==============================================================================
2026-07-17 03:47:01.239769 Suites                                                                | FAIL |
2026-07-17 03:47:01.240080 1 test, 0 passed, 1 failed
2026-07-17 03:47:01.240149 ==============================================================================
2026-07-17 03:47:01.240162 Output:  /home/runner/work/engg-robot-testing-framework/engg-robot-testing-framework/reports/pabot_results/5/output.xml
