2026-07-30 03:40:53.092259 ==============================================================================
2026-07-30 03:40:53.113168 Suites
2026-07-30 03:40:53.113187 ==============================================================================
2026-07-30 03:40:53.113202 Suites.Auth
2026-07-30 03:40:53.114152 ==============================================================================
2026-07-30 03:40:53.114172 Suites.Auth.TC01 register user
2026-07-30 03:40:53.114172 [ ERROR ] Error in file '/home/runner/work/engg-robot-testing-framework/engg-robot-testing-framework/tests/auth/TC01_register_user.robot' on line 2: Importing library 'playwright_keyword_library.PlaywrightKeywordLibrary' failed: ModuleNotFoundError: No module named 'playwright_keyword_library'
2026-07-30 03:40:53.133389 ==============================================================================
2026-07-30 03:40:53.133389 Traceback (most recent call last):
2026-07-30 03:40:53.133415   None
2026-07-30 03:40:53.183527 PYTHONPATH:
2026-07-30 03:40:53.233634   /opt/hostedtoolcache/Python/3.11.15/x64/bin
2026-07-30 03:40:53.283739   /opt/hostedtoolcache/Python/3.11.15/x64/lib/python311.zip
2026-07-30 03:40:53.333837   /opt/hostedtoolcache/Python/3.11.15/x64/lib/python3.11
2026-07-30 03:40:53.383948   /opt/hostedtoolcache/Python/3.11.15/x64/lib/python3.11/lib-dynload
2026-07-30 03:40:53.434143   /opt/hostedtoolcache/Python/3.11.15/x64/lib/python3.11/site-packages
2026-07-30 03:40:53.484293 [ ERROR ] Error in file '/home/runner/work/engg-robot-testing-framework/engg-robot-testing-framework/resources/auth_keywords.resource' on line 2: Importing library 'playwright_keyword_library.PlaywrightKeywordLibrary' failed: ModuleNotFoundError: No module named 'playwright_keyword_library'
2026-07-30 03:40:53.534498 Traceback (most recent call last):
2026-07-30 03:40:53.584695   None
2026-07-30 03:40:53.634874 PYTHONPATH:
2026-07-30 03:40:53.685154   /opt/hostedtoolcache/Python/3.11.15/x64/bin
2026-07-30 03:40:53.735371   /opt/hostedtoolcache/Python/3.11.15/x64/lib/python311.zip
2026-07-30 03:40:53.785602   /opt/hostedtoolcache/Python/3.11.15/x64/lib/python3.11
2026-07-30 03:40:53.835751   /opt/hostedtoolcache/Python/3.11.15/x64/lib/python3.11/lib-dynload
2026-07-30 03:40:53.885865   /opt/hostedtoolcache/Python/3.11.15/x64/lib/python3.11/site-packages
2026-07-30 03:40:53.936014 [ ERROR ] Error in file '/home/runner/work/engg-robot-testing-framework/engg-robot-testing-framework/resources/common.resource' on line 4: Importing library 'playwright_keyword_library.PlaywrightKeywordLibrary' failed: ModuleNotFoundError: No module named 'playwright_keyword_library'
2026-07-30 03:40:53.986168 Traceback (most recent call last):
2026-07-30 03:40:54.036329   None
2026-07-30 03:40:54.086486 PYTHONPATH:
2026-07-30 03:40:54.136661   /opt/hostedtoolcache/Python/3.11.15/x64/bin
2026-07-30 03:40:54.186816   /opt/hostedtoolcache/Python/3.11.15/x64/lib/python311.zip
2026-07-30 03:40:54.236966   /opt/hostedtoolcache/Python/3.11.15/x64/lib/python3.11
2026-07-30 03:40:54.287119   /opt/hostedtoolcache/Python/3.11.15/x64/lib/python3.11/lib-dynload
2026-07-30 03:40:54.337275   /opt/hostedtoolcache/Python/3.11.15/x64/lib/python3.11/site-packages
2026-07-30 03:41:03.110601 TC01 Register User                                                    | FAIL |
2026-07-30 03:41:03.144227 Setup failed:
2026-07-30 03:41:03.144253 No keyword with name 'Open Browser' found.
2026-07-30 03:41:03.144375 
2026-07-30 03:41:03.144394 Also teardown failed:
2026-07-30 03:41:03.144407 Several failures occurred:
2026-07-30 03:41:03.144421 
2026-07-30 03:41:03.144433 1) No keyword with name 'Register Keyword To Run On Failure' found.
2026-07-30 03:41:03.144446 
2026-07-30 03:41:03.144459 2) No keyword with name 'Close Browser' found. Did you mean:
2026-07-30 03:41:03.144473     common.Close Test Browser
2026-07-30 03:41:03.144486 ------------------------------------------------------------------------------
2026-07-30 03:41:03.144499 Suites.Auth.TC01 register user                                        | FAIL |
2026-07-30 03:41:03.144934 1 test, 0 passed, 1 failed
2026-07-30 03:41:03.145014 ==============================================================================
2026-07-30 03:41:03.145029 Suites.Auth                                                           | FAIL |
2026-07-30 03:41:03.145471 1 test, 0 passed, 1 failed
2026-07-30 03:41:03.145571 ==============================================================================
2026-07-30 03:41:03.145596 Suites                                                                | FAIL |
2026-07-30 03:41:03.145935 1 test, 0 passed, 1 failed
2026-07-30 03:41:03.145952 ==============================================================================
2026-07-30 03:41:03.145965 Output:  /home/runner/work/engg-robot-testing-framework/engg-robot-testing-framework/reports/pabot_results/0/output.xml
