2026-09-07 05:03:19.455855 ==============================================================================
2026-09-07 05:03:19.489973 Suites
2026-09-07 05:03:19.489995 ==============================================================================
2026-09-07 05:03:19.490048 Suites.Auth
2026-09-07 05:03:19.491423 ==============================================================================
2026-09-07 05:03:19.491441 Suites.Auth.TC02 login valid
2026-09-07 05:03:19.491441 [ ERROR ] Error in file '/home/runner/work/engg-robot-testing-framework/engg-robot-testing-framework/tests/auth/TC02_login_valid.robot' on line 2: Importing library 'playwright_keyword_library.PlaywrightKeywordLibrary' failed: ModuleNotFoundError: No module named 'playwright_keyword_library'
2026-09-07 05:03:19.515815 ==============================================================================
2026-09-07 05:03:19.515815 Traceback (most recent call last):
2026-09-07 05:03:19.515838   None
2026-09-07 05:03:19.565970 PYTHONPATH:
2026-09-07 05:03:19.616087   /opt/hostedtoolcache/Python/3.11.16/x64/bin
2026-09-07 05:03:19.666192   /opt/hostedtoolcache/Python/3.11.16/x64/lib/python311.zip
2026-09-07 05:03:19.716306   /opt/hostedtoolcache/Python/3.11.16/x64/lib/python3.11
2026-09-07 05:03:19.766409   /opt/hostedtoolcache/Python/3.11.16/x64/lib/python3.11/lib-dynload
2026-09-07 05:03:19.816524   /opt/hostedtoolcache/Python/3.11.16/x64/lib/python3.11/site-packages
2026-09-07 05:03:19.866674 [ ERROR ] Error in file '/home/runner/work/engg-robot-testing-framework/engg-robot-testing-framework/resources/auth_keywords.resource' on line 2: Importing library 'playwright_keyword_library.PlaywrightKeywordLibrary' failed: ModuleNotFoundError: No module named 'playwright_keyword_library'
2026-09-07 05:03:19.916823 Traceback (most recent call last):
2026-09-07 05:03:19.966975   None
2026-09-07 05:03:20.017127 PYTHONPATH:
2026-09-07 05:03:20.067307   /opt/hostedtoolcache/Python/3.11.16/x64/bin
2026-09-07 05:03:20.117460   /opt/hostedtoolcache/Python/3.11.16/x64/lib/python311.zip
2026-09-07 05:03:20.167599   /opt/hostedtoolcache/Python/3.11.16/x64/lib/python3.11
2026-09-07 05:03:20.217735   /opt/hostedtoolcache/Python/3.11.16/x64/lib/python3.11/lib-dynload
2026-09-07 05:03:20.267877   /opt/hostedtoolcache/Python/3.11.16/x64/lib/python3.11/site-packages
2026-09-07 05:03:20.318019 [ ERROR ] Error in file '/home/runner/work/engg-robot-testing-framework/engg-robot-testing-framework/resources/common.resource' on line 4: Importing library 'playwright_keyword_library.PlaywrightKeywordLibrary' failed: ModuleNotFoundError: No module named 'playwright_keyword_library'
2026-09-07 05:03:20.368162 Traceback (most recent call last):
2026-09-07 05:03:20.418298   None
2026-09-07 05:03:20.468450 PYTHONPATH:
2026-09-07 05:03:20.518584   /opt/hostedtoolcache/Python/3.11.16/x64/bin
2026-09-07 05:03:20.568744   /opt/hostedtoolcache/Python/3.11.16/x64/lib/python311.zip
2026-09-07 05:03:20.618877   /opt/hostedtoolcache/Python/3.11.16/x64/lib/python3.11
2026-09-07 05:03:20.669025   /opt/hostedtoolcache/Python/3.11.16/x64/lib/python3.11/lib-dynload
2026-09-07 05:03:20.719149   /opt/hostedtoolcache/Python/3.11.16/x64/lib/python3.11/site-packages
2026-09-07 05:03:29.491158 TC02 Login User With Correct Email And Password                       | FAIL |
2026-09-07 05:03:29.525729 Setup failed:
2026-09-07 05:03:29.525747 No keyword with name 'Open Browser' found.
2026-09-07 05:03:29.525760 
2026-09-07 05:03:29.525773 Also teardown failed:
2026-09-07 05:03:29.525785 Several failures occurred:
2026-09-07 05:03:29.525796 
2026-09-07 05:03:29.525807 1) No keyword with name 'Register Keyword To Run On Failure' found.
2026-09-07 05:03:29.525820 
2026-09-07 05:03:29.525830 2) No keyword with name 'Close Browser' found. Did you mean:
2026-09-07 05:03:29.525840     common.Close Test Browser
2026-09-07 05:03:29.525851 ------------------------------------------------------------------------------
2026-09-07 05:03:29.525862 Suites.Auth.TC02 login valid                                          | FAIL |
2026-09-07 05:03:29.526339 1 test, 0 passed, 1 failed
2026-09-07 05:03:29.526408 ==============================================================================
2026-09-07 05:03:29.526420 Suites.Auth                                                           | FAIL |
2026-09-07 05:03:29.526755 1 test, 0 passed, 1 failed
2026-09-07 05:03:29.526820 ==============================================================================
2026-09-07 05:03:29.526833 Suites                                                                | FAIL |
2026-09-07 05:03:29.527153 1 test, 0 passed, 1 failed
2026-09-07 05:03:29.527196 ==============================================================================
2026-09-07 05:03:29.527208 Output:  /home/runner/work/engg-robot-testing-framework/engg-robot-testing-framework/reports/pabot_results/1/output.xml
