2026-08-02 04:03:46.738598 ==============================================================================
2026-08-02 04:03:46.764340 Suites
2026-08-02 04:03:46.764362 ==============================================================================
2026-08-02 04:03:46.764379 Suites.Cart
2026-08-02 04:03:46.765168 ==============================================================================
2026-08-02 04:03:46.765187 Suites.Cart.TC12 add products to cart :: TC12 - Add Products In Cart
2026-08-02 04:03:46.765187 [ ERROR ] Error in file '/home/runner/work/engg-robot-testing-framework/engg-robot-testing-framework/resources/common.resource' on line 4: Importing library 'playwright_keyword_library.PlaywrightKeywordLibrary' failed: ModuleNotFoundError: No module named 'playwright_keyword_library'
2026-08-02 04:03:46.797119 ==============================================================================
2026-08-02 04:03:46.797119 Traceback (most recent call last):
2026-08-02 04:03:46.797135   None
2026-08-02 04:03:46.847247 PYTHONPATH:
2026-08-02 04:03:46.897401   /opt/hostedtoolcache/Python/3.11.15/x64/bin
2026-08-02 04:03:46.947550   /opt/hostedtoolcache/Python/3.11.15/x64/lib/python311.zip
2026-08-02 04:03:46.997698   /opt/hostedtoolcache/Python/3.11.15/x64/lib/python3.11
2026-08-02 04:03:47.047827   /opt/hostedtoolcache/Python/3.11.15/x64/lib/python3.11/lib-dynload
2026-08-02 04:03:47.098049   /opt/hostedtoolcache/Python/3.11.15/x64/lib/python3.11/site-packages
2026-08-02 04:03:47.148205 [ ERROR ] Error in file '/home/runner/work/engg-robot-testing-framework/engg-robot-testing-framework/resources/product_keywords.resource' on line 2: Importing library 'playwright_keyword_library.PlaywrightKeywordLibrary' failed: ModuleNotFoundError: No module named 'playwright_keyword_library'
2026-08-02 04:03:47.198360 Traceback (most recent call last):
2026-08-02 04:03:47.248574   None
2026-08-02 04:03:47.298675 PYTHONPATH:
2026-08-02 04:03:47.348834   /opt/hostedtoolcache/Python/3.11.15/x64/bin
2026-08-02 04:03:47.399163   /opt/hostedtoolcache/Python/3.11.15/x64/lib/python311.zip
2026-08-02 04:03:47.449371   /opt/hostedtoolcache/Python/3.11.15/x64/lib/python3.11
2026-08-02 04:03:47.499565   /opt/hostedtoolcache/Python/3.11.15/x64/lib/python3.11/lib-dynload
2026-08-02 04:03:47.549874   /opt/hostedtoolcache/Python/3.11.15/x64/lib/python3.11/site-packages
2026-08-02 04:03:47.600136 [ ERROR ] Error in file '/home/runner/work/engg-robot-testing-framework/engg-robot-testing-framework/resources/cart_keywords.resource' on line 2: Importing library 'playwright_keyword_library.PlaywrightKeywordLibrary' failed: ModuleNotFoundError: No module named 'playwright_keyword_library'
2026-08-02 04:03:47.650378 Traceback (most recent call last):
2026-08-02 04:03:47.700655   None
2026-08-02 04:03:47.750809 PYTHONPATH:
2026-08-02 04:03:47.800924   /opt/hostedtoolcache/Python/3.11.15/x64/bin
2026-08-02 04:03:47.851047   /opt/hostedtoolcache/Python/3.11.15/x64/lib/python311.zip
2026-08-02 04:03:47.901163   /opt/hostedtoolcache/Python/3.11.15/x64/lib/python3.11
2026-08-02 04:03:47.951310   /opt/hostedtoolcache/Python/3.11.15/x64/lib/python3.11/lib-dynload
2026-08-02 04:03:48.001437   /opt/hostedtoolcache/Python/3.11.15/x64/lib/python3.11/site-packages
2026-08-02 04:03:56.772985 TC12 Add Products In Cart                                             | FAIL |
2026-08-02 04:03:56.809063 Setup failed:
2026-08-02 04:03:56.809081 No keyword with name 'Open Browser' found.
2026-08-02 04:03:56.809090 
2026-08-02 04:03:56.809099 Also teardown failed:
2026-08-02 04:03:56.809108 Several failures occurred:
2026-08-02 04:03:56.809117 
2026-08-02 04:03:56.809125 1) No keyword with name 'Register Keyword To Run On Failure' found.
2026-08-02 04:03:56.809134 
2026-08-02 04:03:56.809142 2) No keyword with name 'Close Browser' found. Did you mean:
2026-08-02 04:03:56.809150     common.Close Test Browser
2026-08-02 04:03:56.809159 ------------------------------------------------------------------------------
2026-08-02 04:03:56.809167 Suites.Cart.TC12 add products to cart :: TC12 - Add Products In Cart  | FAIL |
2026-08-02 04:03:56.809899 1 test, 0 passed, 1 failed
2026-08-02 04:03:56.809915 ==============================================================================
2026-08-02 04:03:56.809926 Suites.Cart                                                           | FAIL |
2026-08-02 04:03:56.810420 1 test, 0 passed, 1 failed
2026-08-02 04:03:56.810434 ==============================================================================
2026-08-02 04:03:56.810443 Suites                                                                | FAIL |
2026-08-02 04:03:56.810834 1 test, 0 passed, 1 failed
2026-08-02 04:03:56.810844 ==============================================================================
2026-08-02 04:03:56.810852 Output:  /home/runner/work/engg-robot-testing-framework/engg-robot-testing-framework/reports/pabot_results/5/output.xml
