2026-10-04 06:11:29.087773 ==============================================================================
2026-10-04 06:11:29.107907 Suites
2026-10-04 06:11:29.107928 ==============================================================================
2026-10-04 06:11:29.107944 Suites.Auth
2026-10-04 06:11:29.108679 ==============================================================================
2026-10-04 06:11:29.108696 Suites.Auth.TC05 register existing email
2026-10-04 06:11:29.108696 [ ERROR ] Error in file '/home/runner/work/engg-robot-testing-framework/engg-robot-testing-framework/tests/auth/TC05_register_existing_email.robot' on line 2: Importing library 'playwright_keyword_library.PlaywrightKeywordLibrary' failed: ModuleNotFoundError: No module named 'playwright_keyword_library'
2026-10-04 06:11:29.127028 ==============================================================================
2026-10-04 06:11:29.127028 Traceback (most recent call last):
2026-10-04 06:11:29.127054   None
2026-10-04 06:11:29.177156 PYTHONPATH:
2026-10-04 06:11:29.227261   /opt/hostedtoolcache/Python/3.11.16/x64/bin
2026-10-04 06:11:29.277383   /opt/hostedtoolcache/Python/3.11.16/x64/lib/python311.zip
2026-10-04 06:11:29.327495   /opt/hostedtoolcache/Python/3.11.16/x64/lib/python3.11
2026-10-04 06:11:29.377609   /opt/hostedtoolcache/Python/3.11.16/x64/lib/python3.11/lib-dynload
2026-10-04 06:11:29.427724   /opt/hostedtoolcache/Python/3.11.16/x64/lib/python3.11/site-packages
2026-10-04 06:11:29.477887 [ ERROR ] Error in file '/home/runner/work/engg-robot-testing-framework/engg-robot-testing-framework/resources/auth_keywords.resource' on line 2: Importing library 'playwright_keyword_library.PlaywrightKeywordLibrary' failed: ModuleNotFoundError: No module named 'playwright_keyword_library'
2026-10-04 06:11:29.528035 Traceback (most recent call last):
2026-10-04 06:11:29.578182   None
2026-10-04 06:11:29.628294 PYTHONPATH:
2026-10-04 06:11:29.678442   /opt/hostedtoolcache/Python/3.11.16/x64/bin
2026-10-04 06:11:29.728596   /opt/hostedtoolcache/Python/3.11.16/x64/lib/python311.zip
2026-10-04 06:11:29.778744   /opt/hostedtoolcache/Python/3.11.16/x64/lib/python3.11
2026-10-04 06:11:29.828892   /opt/hostedtoolcache/Python/3.11.16/x64/lib/python3.11/lib-dynload
2026-10-04 06:11:29.879041   /opt/hostedtoolcache/Python/3.11.16/x64/lib/python3.11/site-packages
2026-10-04 06:11:29.929188 [ ERROR ] Error in file '/home/runner/work/engg-robot-testing-framework/engg-robot-testing-framework/resources/common.resource' on line 4: Importing library 'playwright_keyword_library.PlaywrightKeywordLibrary' failed: ModuleNotFoundError: No module named 'playwright_keyword_library'
2026-10-04 06:11:29.979340 Traceback (most recent call last):
2026-10-04 06:11:30.029474   None
2026-10-04 06:11:30.079626 PYTHONPATH:
2026-10-04 06:11:30.129776   /opt/hostedtoolcache/Python/3.11.16/x64/bin
2026-10-04 06:11:30.179928   /opt/hostedtoolcache/Python/3.11.16/x64/lib/python311.zip
2026-10-04 06:11:30.230075   /opt/hostedtoolcache/Python/3.11.16/x64/lib/python3.11
2026-10-04 06:11:30.280228   /opt/hostedtoolcache/Python/3.11.16/x64/lib/python3.11/lib-dynload
2026-10-04 06:11:30.330381   /opt/hostedtoolcache/Python/3.11.16/x64/lib/python3.11/site-packages
2026-10-04 06:11:39.101415 TC05 Register User With Existing Email                                | FAIL |
2026-10-04 06:11:39.136877 Setup failed:
2026-10-04 06:11:39.136889 No keyword with name 'Open Browser' found.
2026-10-04 06:11:39.136897 
2026-10-04 06:11:39.136904 Also teardown failed:
2026-10-04 06:11:39.136911 Several failures occurred:
2026-10-04 06:11:39.136918 
2026-10-04 06:11:39.136924 1) No keyword with name 'Register Keyword To Run On Failure' found.
2026-10-04 06:11:39.136931 
2026-10-04 06:11:39.136937 2) No keyword with name 'Close Browser' found. Did you mean:
2026-10-04 06:11:39.136944     common.Close Test Browser
2026-10-04 06:11:39.136951 ------------------------------------------------------------------------------
2026-10-04 06:11:39.136957 Suites.Auth.TC05 register existing email                              | FAIL |
2026-10-04 06:11:39.137406 1 test, 0 passed, 1 failed
2026-10-04 06:11:39.137438 ==============================================================================
2026-10-04 06:11:39.137498 Suites.Auth                                                           | FAIL |
2026-10-04 06:11:39.137780 1 test, 0 passed, 1 failed
2026-10-04 06:11:39.137792 ==============================================================================
2026-10-04 06:11:39.137800 Suites                                                                | FAIL |
2026-10-04 06:11:39.138051 1 test, 0 passed, 1 failed
2026-10-04 06:11:39.138078 ==============================================================================
2026-10-04 06:11:39.138137 Output:  /home/runner/work/engg-robot-testing-framework/engg-robot-testing-framework/reports/pabot_results/4/output.xml
