2026-09-10 05:03:49.814116 ==============================================================================
2026-09-10 05:03:49.833232 Suites
2026-09-10 05:03:49.833253 ==============================================================================
2026-09-10 05:03:49.833269 Suites.Cart
2026-09-10 05:03:49.834088 ==============================================================================
2026-09-10 05:03:49.834107 Suites.Cart.TC13 verify product quantity :: TC13 - Verify Product Quantity ...
2026-09-10 05:03:49.834107 [ ERROR ] Error in file '/home/runner/work/engg-robot-testing-framework/engg-robot-testing-framework/resources/common.resource' on line 4: Importing library 'playwright_keyword_library.PlaywrightKeywordLibrary' failed: ModuleNotFoundError: No module named 'playwright_keyword_library'
2026-09-10 05:03:49.864687 ==============================================================================
2026-09-10 05:03:49.864687 Traceback (most recent call last):
2026-09-10 05:03:49.864714   None
2026-09-10 05:03:49.914822 PYTHONPATH:
2026-09-10 05:03:49.964931   /opt/hostedtoolcache/Python/3.11.16/x64/bin
2026-09-10 05:03:50.015032   /opt/hostedtoolcache/Python/3.11.16/x64/lib/python311.zip
2026-09-10 05:03:50.065148   /opt/hostedtoolcache/Python/3.11.16/x64/lib/python3.11
2026-09-10 05:03:50.115260   /opt/hostedtoolcache/Python/3.11.16/x64/lib/python3.11/lib-dynload
2026-09-10 05:03:50.165375   /opt/hostedtoolcache/Python/3.11.16/x64/lib/python3.11/site-packages
2026-09-10 05:03:50.215491 [ ERROR ] Error in file '/home/runner/work/engg-robot-testing-framework/engg-robot-testing-framework/resources/product_keywords.resource' on line 2: Importing library 'playwright_keyword_library.PlaywrightKeywordLibrary' failed: ModuleNotFoundError: No module named 'playwright_keyword_library'
2026-09-10 05:03:50.265613 Traceback (most recent call last):
2026-09-10 05:03:50.315769   None
2026-09-10 05:03:50.365914 PYTHONPATH:
2026-09-10 05:03:50.416055   /opt/hostedtoolcache/Python/3.11.16/x64/bin
2026-09-10 05:03:50.466227   /opt/hostedtoolcache/Python/3.11.16/x64/lib/python311.zip
2026-09-10 05:03:50.516436   /opt/hostedtoolcache/Python/3.11.16/x64/lib/python3.11
2026-09-10 05:03:50.566589   /opt/hostedtoolcache/Python/3.11.16/x64/lib/python3.11/lib-dynload
2026-09-10 05:03:50.616793   /opt/hostedtoolcache/Python/3.11.16/x64/lib/python3.11/site-packages
2026-09-10 05:03:50.666985 [ ERROR ] Error in file '/home/runner/work/engg-robot-testing-framework/engg-robot-testing-framework/resources/cart_keywords.resource' on line 2: Importing library 'playwright_keyword_library.PlaywrightKeywordLibrary' failed: ModuleNotFoundError: No module named 'playwright_keyword_library'
2026-09-10 05:03:50.717218 Traceback (most recent call last):
2026-09-10 05:03:50.767386   None
2026-09-10 05:03:50.817574 PYTHONPATH:
2026-09-10 05:03:50.867757   /opt/hostedtoolcache/Python/3.11.16/x64/bin
2026-09-10 05:03:50.917913   /opt/hostedtoolcache/Python/3.11.16/x64/lib/python311.zip
2026-09-10 05:03:50.968091   /opt/hostedtoolcache/Python/3.11.16/x64/lib/python3.11
2026-09-10 05:03:51.018258   /opt/hostedtoolcache/Python/3.11.16/x64/lib/python3.11/lib-dynload
2026-09-10 05:03:51.068431   /opt/hostedtoolcache/Python/3.11.16/x64/lib/python3.11/site-packages
2026-09-10 05:03:59.841415 TC13 Verify Product Quantity In Cart                                  | FAIL |
2026-09-10 05:03:59.875522 Setup failed:
2026-09-10 05:03:59.875542 No keyword with name 'Open Browser' found.
2026-09-10 05:03:59.875557 
2026-09-10 05:03:59.875595 Also teardown failed:
2026-09-10 05:03:59.875618 Several failures occurred:
2026-09-10 05:03:59.875631 
2026-09-10 05:03:59.875645 1) No keyword with name 'Register Keyword To Run On Failure' found.
2026-09-10 05:03:59.875658 
2026-09-10 05:03:59.875669 2) No keyword with name 'Close Browser' found. Did you mean:
2026-09-10 05:03:59.875683     common.Close Test Browser
2026-09-10 05:03:59.875698 ------------------------------------------------------------------------------
2026-09-10 05:03:59.875709 Suites.Cart.TC13 verify product quantity :: TC13 - Verify Product ... | FAIL |
2026-09-10 05:03:59.876247 1 test, 0 passed, 1 failed
2026-09-10 05:03:59.876264 ==============================================================================
2026-09-10 05:03:59.876279 Suites.Cart                                                           | FAIL |
2026-09-10 05:03:59.876673 1 test, 0 passed, 1 failed
2026-09-10 05:03:59.876698 ==============================================================================
2026-09-10 05:03:59.876758 Suites                                                                | FAIL |
2026-09-10 05:03:59.877065 1 test, 0 passed, 1 failed
2026-09-10 05:03:59.877082 ==============================================================================
2026-09-10 05:03:59.877097 Output:  /home/runner/work/engg-robot-testing-framework/engg-robot-testing-framework/reports/pabot_results/6/output.xml
