2026-07-20 04:13:32.256133 ==============================================================================
2026-07-20 04:13:32.274054 Suites
2026-07-20 04:13:32.274082 ==============================================================================
2026-07-20 04:13:32.274098 Suites.Auth
2026-07-20 04:13:32.274975 ==============================================================================
2026-07-20 04:13:32.274992 Suites.Auth.TC01 register user
2026-07-20 04:13:32.274992 [ ERROR ] Error in file '/home/runner/work/engg-robot-testing-framework/engg-robot-testing-framework/tests/auth/TC01_register_user.robot' on line 2: Importing library 'playwright_keyword_library.PlaywrightKeywordLibrary' failed: ModuleNotFoundError: No module named 'playwright_keyword_library'
2026-07-20 04:13:32.292678 ==============================================================================
2026-07-20 04:13:32.292678 Traceback (most recent call last):
2026-07-20 04:13:32.292701   None
2026-07-20 04:13:32.342861 PYTHONPATH:
2026-07-20 04:13:32.393048   /opt/hostedtoolcache/Python/3.11.15/x64/bin
2026-07-20 04:13:32.443287   /opt/hostedtoolcache/Python/3.11.15/x64/lib/python311.zip
2026-07-20 04:13:32.493595   /opt/hostedtoolcache/Python/3.11.15/x64/lib/python3.11
2026-07-20 04:13:32.543788   /opt/hostedtoolcache/Python/3.11.15/x64/lib/python3.11/lib-dynload
2026-07-20 04:13:32.594071   /opt/hostedtoolcache/Python/3.11.15/x64/lib/python3.11/site-packages
2026-07-20 04:13:32.644254 [ ERROR ] Error in file '/home/runner/work/engg-robot-testing-framework/engg-robot-testing-framework/resources/auth_keywords.resource' on line 2: Importing library 'playwright_keyword_library.PlaywrightKeywordLibrary' failed: ModuleNotFoundError: No module named 'playwright_keyword_library'
2026-07-20 04:13:32.694516 Traceback (most recent call last):
2026-07-20 04:13:32.744781   None
2026-07-20 04:13:32.794991 PYTHONPATH:
2026-07-20 04:13:32.845189   /opt/hostedtoolcache/Python/3.11.15/x64/bin
2026-07-20 04:13:32.895410   /opt/hostedtoolcache/Python/3.11.15/x64/lib/python311.zip
2026-07-20 04:13:32.945627   /opt/hostedtoolcache/Python/3.11.15/x64/lib/python3.11
2026-07-20 04:13:32.995923   /opt/hostedtoolcache/Python/3.11.15/x64/lib/python3.11/lib-dynload
2026-07-20 04:13:33.046135   /opt/hostedtoolcache/Python/3.11.15/x64/lib/python3.11/site-packages
2026-07-20 04:13:33.096468 [ ERROR ] Error in file '/home/runner/work/engg-robot-testing-framework/engg-robot-testing-framework/resources/common.resource' on line 4: Importing library 'playwright_keyword_library.PlaywrightKeywordLibrary' failed: ModuleNotFoundError: No module named 'playwright_keyword_library'
2026-07-20 04:13:33.146674 Traceback (most recent call last):
2026-07-20 04:13:33.196906   None
2026-07-20 04:13:33.247114 PYTHONPATH:
2026-07-20 04:13:33.297354   /opt/hostedtoolcache/Python/3.11.15/x64/bin
2026-07-20 04:13:33.347585   /opt/hostedtoolcache/Python/3.11.15/x64/lib/python311.zip
2026-07-20 04:13:33.397807   /opt/hostedtoolcache/Python/3.11.15/x64/lib/python3.11
2026-07-20 04:13:33.448084   /opt/hostedtoolcache/Python/3.11.15/x64/lib/python3.11/lib-dynload
2026-07-20 04:13:33.498326   /opt/hostedtoolcache/Python/3.11.15/x64/lib/python3.11/site-packages
2026-07-20 04:13:42.274128 TC01 Register User                                                    | FAIL |
2026-07-20 04:13:42.302652 Setup failed:
2026-07-20 04:13:42.302678 No keyword with name 'Open Browser' found.
2026-07-20 04:13:42.302698 
2026-07-20 04:13:42.302714 Also teardown failed:
2026-07-20 04:13:42.302792 Several failures occurred:
2026-07-20 04:13:42.302813 
2026-07-20 04:13:42.302827 1) No keyword with name 'Register Keyword To Run On Failure' found.
2026-07-20 04:13:42.302841 
2026-07-20 04:13:42.302855 2) No keyword with name 'Close Browser' found. Did you mean:
2026-07-20 04:13:42.303001     common.Close Test Browser
2026-07-20 04:13:42.303021 ------------------------------------------------------------------------------
2026-07-20 04:13:42.303035 Suites.Auth.TC01 register user                                        | FAIL |
2026-07-20 04:13:42.303374 1 test, 0 passed, 1 failed
2026-07-20 04:13:42.303403 ==============================================================================
2026-07-20 04:13:42.303417 Suites.Auth                                                           | FAIL |
2026-07-20 04:13:42.303883 1 test, 0 passed, 1 failed
2026-07-20 04:13:42.303924 ==============================================================================
2026-07-20 04:13:42.303938 Suites                                                                | FAIL |
2026-07-20 04:13:42.304319 1 test, 0 passed, 1 failed
2026-07-20 04:13:42.304365 ==============================================================================
2026-07-20 04:13:42.304376 Output:  /home/runner/work/engg-robot-testing-framework/engg-robot-testing-framework/reports/pabot_results/0/output.xml
