2026-07-18 03:41:21.793633 ==============================================================================
2026-07-18 03:41:21.806623 Suites
2026-07-18 03:41:21.806646 ==============================================================================
2026-07-18 03:41:21.806660 Suites.Auth
2026-07-18 03:41:21.807402 ==============================================================================
2026-07-18 03:41:21.807418 Suites.Auth.TC04 logout user
2026-07-18 03:41:21.807418 [ ERROR ] Error in file '/home/runner/work/engg-robot-testing-framework/engg-robot-testing-framework/tests/auth/TC04_logout_user.robot' on line 2: Importing library 'playwright_keyword_library.PlaywrightKeywordLibrary' failed: ModuleNotFoundError: No module named 'playwright_keyword_library'
2026-07-18 03:41:21.824228 ==============================================================================
2026-07-18 03:41:21.824228 Traceback (most recent call last):
2026-07-18 03:41:21.824253   None
2026-07-18 03:41:21.874366 PYTHONPATH:
2026-07-18 03:41:21.924508   /opt/hostedtoolcache/Python/3.11.15/x64/bin
2026-07-18 03:41:21.974652   /opt/hostedtoolcache/Python/3.11.15/x64/lib/python311.zip
2026-07-18 03:41:22.024797   /opt/hostedtoolcache/Python/3.11.15/x64/lib/python3.11
2026-07-18 03:41:22.074939   /opt/hostedtoolcache/Python/3.11.15/x64/lib/python3.11/lib-dynload
2026-07-18 03:41:22.125078   /opt/hostedtoolcache/Python/3.11.15/x64/lib/python3.11/site-packages
2026-07-18 03:41:22.175217 [ ERROR ] Error in file '/home/runner/work/engg-robot-testing-framework/engg-robot-testing-framework/resources/auth_keywords.resource' on line 2: Importing library 'playwright_keyword_library.PlaywrightKeywordLibrary' failed: ModuleNotFoundError: No module named 'playwright_keyword_library'
2026-07-18 03:41:22.225344 Traceback (most recent call last):
2026-07-18 03:41:22.275482   None
2026-07-18 03:41:22.325649 PYTHONPATH:
2026-07-18 03:41:22.375764   /opt/hostedtoolcache/Python/3.11.15/x64/bin
2026-07-18 03:41:22.425910   /opt/hostedtoolcache/Python/3.11.15/x64/lib/python311.zip
2026-07-18 03:41:22.476052   /opt/hostedtoolcache/Python/3.11.15/x64/lib/python3.11
2026-07-18 03:41:22.526190   /opt/hostedtoolcache/Python/3.11.15/x64/lib/python3.11/lib-dynload
2026-07-18 03:41:22.576309   /opt/hostedtoolcache/Python/3.11.15/x64/lib/python3.11/site-packages
2026-07-18 03:41:22.626446 [ ERROR ] Error in file '/home/runner/work/engg-robot-testing-framework/engg-robot-testing-framework/resources/common.resource' on line 4: Importing library 'playwright_keyword_library.PlaywrightKeywordLibrary' failed: ModuleNotFoundError: No module named 'playwright_keyword_library'
2026-07-18 03:41:22.676588 Traceback (most recent call last):
2026-07-18 03:41:22.726730   None
2026-07-18 03:41:22.776870 PYTHONPATH:
2026-07-18 03:41:22.827006   /opt/hostedtoolcache/Python/3.11.15/x64/bin
2026-07-18 03:41:22.877122   /opt/hostedtoolcache/Python/3.11.15/x64/lib/python311.zip
2026-07-18 03:41:22.927258   /opt/hostedtoolcache/Python/3.11.15/x64/lib/python3.11
2026-07-18 03:41:22.977394   /opt/hostedtoolcache/Python/3.11.15/x64/lib/python3.11/lib-dynload
2026-07-18 03:41:23.027538   /opt/hostedtoolcache/Python/3.11.15/x64/lib/python3.11/site-packages
2026-07-18 03:41:31.796841 TC04 Logout User                                                      | FAIL |
2026-07-18 03:41:31.833294 Setup failed:
2026-07-18 03:41:31.833310 No keyword with name 'Open Browser' found.
2026-07-18 03:41:31.833321 
2026-07-18 03:41:31.833332 Also teardown failed:
2026-07-18 03:41:31.833343 Several failures occurred:
2026-07-18 03:41:31.833352 
2026-07-18 03:41:31.833362 1) No keyword with name 'Register Keyword To Run On Failure' found.
2026-07-18 03:41:31.833372 
2026-07-18 03:41:31.833381 2) No keyword with name 'Close Browser' found. Did you mean:
2026-07-18 03:41:31.833391     common.Close Test Browser
2026-07-18 03:41:31.833401 ------------------------------------------------------------------------------
2026-07-18 03:41:31.833410 Suites.Auth.TC04 logout user                                          | FAIL |
2026-07-18 03:41:31.833873 1 test, 0 passed, 1 failed
2026-07-18 03:41:31.833919 ==============================================================================
2026-07-18 03:41:31.833929 Suites.Auth                                                           | FAIL |
2026-07-18 03:41:31.834233 1 test, 0 passed, 1 failed
2026-07-18 03:41:31.834284 ==============================================================================
2026-07-18 03:41:31.834294 Suites                                                                | FAIL |
2026-07-18 03:41:31.834554 1 test, 0 passed, 1 failed
2026-07-18 03:41:31.834620 ==============================================================================
2026-07-18 03:41:31.834631 Output:  /home/runner/work/engg-robot-testing-framework/engg-robot-testing-framework/reports/pabot_results/3/output.xml
