2026-08-18 01:57:30.290848 ==============================================================================
2026-08-18 01:57:30.314375 Suites
2026-08-18 01:57:30.314394 ==============================================================================
2026-08-18 01:57:30.314408 Suites.Auth
2026-08-18 01:57:30.315126 ==============================================================================
2026-08-18 01:57:30.315145 Suites.Auth.TC03 login invalid
2026-08-18 01:57:30.315145 [ ERROR ] Error in file '/home/runner/work/engg-robot-testing-framework/engg-robot-testing-framework/tests/auth/TC03_login_invalid.robot' on line 2: Importing library 'playwright_keyword_library.PlaywrightKeywordLibrary' failed: ModuleNotFoundError: No module named 'playwright_keyword_library'
2026-08-18 01:57:30.333214 ==============================================================================
2026-08-18 01:57:30.333214 Traceback (most recent call last):
2026-08-18 01:57:30.333236   None
2026-08-18 01:57:30.383328 PYTHONPATH:
2026-08-18 01:57:30.433413   /opt/hostedtoolcache/Python/3.11.15/x64/bin
2026-08-18 01:57:30.483547   /opt/hostedtoolcache/Python/3.11.15/x64/lib/python311.zip
2026-08-18 01:57:30.533651   /opt/hostedtoolcache/Python/3.11.15/x64/lib/python3.11
2026-08-18 01:57:30.583789   /opt/hostedtoolcache/Python/3.11.15/x64/lib/python3.11/lib-dynload
2026-08-18 01:57:30.633897   /opt/hostedtoolcache/Python/3.11.15/x64/lib/python3.11/site-packages
2026-08-18 01:57:30.684032 [ ERROR ] Error in file '/home/runner/work/engg-robot-testing-framework/engg-robot-testing-framework/resources/auth_keywords.resource' on line 2: Importing library 'playwright_keyword_library.PlaywrightKeywordLibrary' failed: ModuleNotFoundError: No module named 'playwright_keyword_library'
2026-08-18 01:57:30.734166 Traceback (most recent call last):
2026-08-18 01:57:30.784311   None
2026-08-18 01:57:30.834445 PYTHONPATH:
2026-08-18 01:57:30.884577   /opt/hostedtoolcache/Python/3.11.15/x64/bin
2026-08-18 01:57:30.934729   /opt/hostedtoolcache/Python/3.11.15/x64/lib/python311.zip
2026-08-18 01:57:30.984874   /opt/hostedtoolcache/Python/3.11.15/x64/lib/python3.11
2026-08-18 01:57:31.034984   /opt/hostedtoolcache/Python/3.11.15/x64/lib/python3.11/lib-dynload
2026-08-18 01:57:31.085101   /opt/hostedtoolcache/Python/3.11.15/x64/lib/python3.11/site-packages
2026-08-18 01:57:31.135236 [ ERROR ] Error in file '/home/runner/work/engg-robot-testing-framework/engg-robot-testing-framework/resources/common.resource' on line 4: Importing library 'playwright_keyword_library.PlaywrightKeywordLibrary' failed: ModuleNotFoundError: No module named 'playwright_keyword_library'
2026-08-18 01:57:31.185371 Traceback (most recent call last):
2026-08-18 01:57:31.235505   None
2026-08-18 01:57:31.285641 PYTHONPATH:
2026-08-18 01:57:31.335778   /opt/hostedtoolcache/Python/3.11.15/x64/bin
2026-08-18 01:57:31.385910   /opt/hostedtoolcache/Python/3.11.15/x64/lib/python311.zip
2026-08-18 01:57:31.436042   /opt/hostedtoolcache/Python/3.11.15/x64/lib/python3.11
2026-08-18 01:57:31.486175   /opt/hostedtoolcache/Python/3.11.15/x64/lib/python3.11/lib-dynload
2026-08-18 01:57:31.536310   /opt/hostedtoolcache/Python/3.11.15/x64/lib/python3.11/site-packages
2026-08-18 01:57:40.308971 TC03 Login User With Incorrect Email And Password                     | FAIL |
2026-08-18 01:57:40.342861 Setup failed:
2026-08-18 01:57:40.343092 No keyword with name 'Open Browser' found.
2026-08-18 01:57:40.343104 
2026-08-18 01:57:40.343116 Also teardown failed:
2026-08-18 01:57:40.343127 Several failures occurred:
2026-08-18 01:57:40.343138 
2026-08-18 01:57:40.343149 1) No keyword with name 'Register Keyword To Run On Failure' found.
2026-08-18 01:57:40.343160 
2026-08-18 01:57:40.343170 2) No keyword with name 'Close Browser' found. Did you mean:
2026-08-18 01:57:40.343180     common.Close Test Browser
2026-08-18 01:57:40.343191 ------------------------------------------------------------------------------
2026-08-18 01:57:40.343202 Suites.Auth.TC03 login invalid                                        | FAIL |
2026-08-18 01:57:40.343518 1 test, 0 passed, 1 failed
2026-08-18 01:57:40.343532 ==============================================================================
2026-08-18 01:57:40.343543 Suites.Auth                                                           | FAIL |
2026-08-18 01:57:40.343916 1 test, 0 passed, 1 failed
2026-08-18 01:57:40.343931 ==============================================================================
2026-08-18 01:57:40.343943 Suites                                                                | FAIL |
2026-08-18 01:57:40.344218 1 test, 0 passed, 1 failed
2026-08-18 01:57:40.344273 ==============================================================================
2026-08-18 01:57:40.344284 Output:  /home/runner/work/engg-robot-testing-framework/engg-robot-testing-framework/reports/pabot_results/2/output.xml
