2026-09-18 05:00:35.770159 ==============================================================================
2026-09-18 05:00:35.781073 Suites
2026-09-18 05:00:35.781094 ==============================================================================
2026-09-18 05:00:35.781110 Suites.Auth
2026-09-18 05:00:35.781979 ==============================================================================
2026-09-18 05:00:35.782001 Suites.Auth.TC03 login invalid
2026-09-18 05:00:35.782001 [ ERROR ] Error in file '/home/runner/work/engg-robot-testing-framework/engg-robot-testing-framework/tests/auth/TC03_login_invalid.robot' on line 2: Importing library 'playwright_keyword_library.PlaywrightKeywordLibrary' failed: ModuleNotFoundError: No module named 'playwright_keyword_library'
2026-09-18 05:00:35.800401 ==============================================================================
2026-09-18 05:00:35.800401 Traceback (most recent call last):
2026-09-18 05:00:35.800425   None
2026-09-18 05:00:35.850541 PYTHONPATH:
2026-09-18 05:00:35.900646   /opt/hostedtoolcache/Python/3.11.16/x64/bin
2026-09-18 05:00:35.950752   /opt/hostedtoolcache/Python/3.11.16/x64/lib/python311.zip
2026-09-18 05:00:36.000855   /opt/hostedtoolcache/Python/3.11.16/x64/lib/python3.11
2026-09-18 05:00:36.050962   /opt/hostedtoolcache/Python/3.11.16/x64/lib/python3.11/lib-dynload
2026-09-18 05:00:36.101090   /opt/hostedtoolcache/Python/3.11.16/x64/lib/python3.11/site-packages
2026-09-18 05:00:36.151243 [ ERROR ] Error in file '/home/runner/work/engg-robot-testing-framework/engg-robot-testing-framework/resources/auth_keywords.resource' on line 2: Importing library 'playwright_keyword_library.PlaywrightKeywordLibrary' failed: ModuleNotFoundError: No module named 'playwright_keyword_library'
2026-09-18 05:00:36.201375 Traceback (most recent call last):
2026-09-18 05:00:36.251535   None
2026-09-18 05:00:36.301678 PYTHONPATH:
2026-09-18 05:00:36.351824   /opt/hostedtoolcache/Python/3.11.16/x64/bin
2026-09-18 05:00:36.401955   /opt/hostedtoolcache/Python/3.11.16/x64/lib/python311.zip
2026-09-18 05:00:36.452106   /opt/hostedtoolcache/Python/3.11.16/x64/lib/python3.11
2026-09-18 05:00:36.502255   /opt/hostedtoolcache/Python/3.11.16/x64/lib/python3.11/lib-dynload
2026-09-18 05:00:36.552407   /opt/hostedtoolcache/Python/3.11.16/x64/lib/python3.11/site-packages
2026-09-18 05:00:36.602554 [ ERROR ] Error in file '/home/runner/work/engg-robot-testing-framework/engg-robot-testing-framework/resources/common.resource' on line 4: Importing library 'playwright_keyword_library.PlaywrightKeywordLibrary' failed: ModuleNotFoundError: No module named 'playwright_keyword_library'
2026-09-18 05:00:36.652706 Traceback (most recent call last):
2026-09-18 05:00:36.702860   None
2026-09-18 05:00:36.753028 PYTHONPATH:
2026-09-18 05:00:36.803245   /opt/hostedtoolcache/Python/3.11.16/x64/bin
2026-09-18 05:00:36.853401   /opt/hostedtoolcache/Python/3.11.16/x64/lib/python311.zip
2026-09-18 05:00:36.903549   /opt/hostedtoolcache/Python/3.11.16/x64/lib/python3.11
2026-09-18 05:00:36.953706   /opt/hostedtoolcache/Python/3.11.16/x64/lib/python3.11/lib-dynload
2026-09-18 05:00:37.003858   /opt/hostedtoolcache/Python/3.11.16/x64/lib/python3.11/site-packages
2026-09-18 05:00:45.775105 TC03 Login User With Incorrect Email And Password                     | FAIL |
2026-09-18 05:00:45.810247 Setup failed:
2026-09-18 05:00:45.810270 No keyword with name 'Open Browser' found.
2026-09-18 05:00:45.810283 
2026-09-18 05:00:45.810294 Also teardown failed:
2026-09-18 05:00:45.810305 Several failures occurred:
2026-09-18 05:00:45.810315 
2026-09-18 05:00:45.810325 1) No keyword with name 'Register Keyword To Run On Failure' found.
2026-09-18 05:00:45.810336 
2026-09-18 05:00:45.810346 2) No keyword with name 'Close Browser' found. Did you mean:
2026-09-18 05:00:45.810356     common.Close Test Browser
2026-09-18 05:00:45.810367 ------------------------------------------------------------------------------
2026-09-18 05:00:45.810379 Suites.Auth.TC03 login invalid                                        | FAIL |
2026-09-18 05:00:45.810893 1 test, 0 passed, 1 failed
2026-09-18 05:00:45.810909 ==============================================================================
2026-09-18 05:00:45.810921 Suites.Auth                                                           | FAIL |
2026-09-18 05:00:45.811295 1 test, 0 passed, 1 failed
2026-09-18 05:00:45.811314 ==============================================================================
2026-09-18 05:00:45.811328 Suites                                                                | FAIL |
2026-09-18 05:00:45.811672 1 test, 0 passed, 1 failed
2026-09-18 05:00:45.811698 ==============================================================================
2026-09-18 05:00:45.811749 Output:  /home/runner/work/engg-robot-testing-framework/engg-robot-testing-framework/reports/pabot_results/2/output.xml
