2026-10-07 06:18:58.992968 ==============================================================================
2026-10-07 06:18:59.012845 Suites
2026-10-07 06:18:59.012867 ==============================================================================
2026-10-07 06:18:59.012883 Suites.Cart
2026-10-07 06:18:59.013771 ==============================================================================
2026-10-07 06:18:59.013791 Suites.Cart.TC20 search and verify cart after login :: TC20 - Search Produc...
2026-10-07 06:18:59.013791 [ ERROR ] Error in file '/home/runner/work/engg-robot-testing-framework/engg-robot-testing-framework/tests/cart/TC20_search_and_verify_cart_after_login.robot' on line 3: Importing library 'playwright_keyword_library.PlaywrightKeywordLibrary' failed: ModuleNotFoundError: No module named 'playwright_keyword_library'
2026-10-07 06:18:59.050423 ==============================================================================
2026-10-07 06:18:59.050423 Traceback (most recent call last):
2026-10-07 06:18:59.050448   None
2026-10-07 06:18:59.100583 PYTHONPATH:
2026-10-07 06:18:59.150705   /opt/hostedtoolcache/Python/3.11.16/x64/bin
2026-10-07 06:18:59.200821   /opt/hostedtoolcache/Python/3.11.16/x64/lib/python311.zip
2026-10-07 06:18:59.250936   /opt/hostedtoolcache/Python/3.11.16/x64/lib/python3.11
2026-10-07 06:18:59.301066   /opt/hostedtoolcache/Python/3.11.16/x64/lib/python3.11/lib-dynload
2026-10-07 06:18:59.351255   /opt/hostedtoolcache/Python/3.11.16/x64/lib/python3.11/site-packages
2026-10-07 06:18:59.401419 [ ERROR ] Error in file '/home/runner/work/engg-robot-testing-framework/engg-robot-testing-framework/resources/common.resource' on line 4: Importing library 'playwright_keyword_library.PlaywrightKeywordLibrary' failed: ModuleNotFoundError: No module named 'playwright_keyword_library'
2026-10-07 06:18:59.451583 Traceback (most recent call last):
2026-10-07 06:18:59.501737   None
2026-10-07 06:18:59.551895 PYTHONPATH:
2026-10-07 06:18:59.602056   /opt/hostedtoolcache/Python/3.11.16/x64/bin
2026-10-07 06:18:59.652212   /opt/hostedtoolcache/Python/3.11.16/x64/lib/python311.zip
2026-10-07 06:18:59.702407   /opt/hostedtoolcache/Python/3.11.16/x64/lib/python3.11
2026-10-07 06:18:59.752578   /opt/hostedtoolcache/Python/3.11.16/x64/lib/python3.11/lib-dynload
2026-10-07 06:18:59.802741   /opt/hostedtoolcache/Python/3.11.16/x64/lib/python3.11/site-packages
2026-10-07 06:18:59.852885 [ ERROR ] Error in file '/home/runner/work/engg-robot-testing-framework/engg-robot-testing-framework/resources/product_keywords.resource' on line 2: Importing library 'playwright_keyword_library.PlaywrightKeywordLibrary' failed: ModuleNotFoundError: No module named 'playwright_keyword_library'
2026-10-07 06:18:59.903064 Traceback (most recent call last):
2026-10-07 06:18:59.953201   None
2026-10-07 06:19:00.003374 PYTHONPATH:
2026-10-07 06:19:00.053500   /opt/hostedtoolcache/Python/3.11.16/x64/bin
2026-10-07 06:19:00.103654   /opt/hostedtoolcache/Python/3.11.16/x64/lib/python311.zip
2026-10-07 06:19:00.153787   /opt/hostedtoolcache/Python/3.11.16/x64/lib/python3.11
2026-10-07 06:19:00.203912   /opt/hostedtoolcache/Python/3.11.16/x64/lib/python3.11/lib-dynload
2026-10-07 06:19:00.254039   /opt/hostedtoolcache/Python/3.11.16/x64/lib/python3.11/site-packages
2026-10-07 06:19:00.304197 [ ERROR ] Error in file '/home/runner/work/engg-robot-testing-framework/engg-robot-testing-framework/resources/cart_keywords.resource' on line 2: Importing library 'playwright_keyword_library.PlaywrightKeywordLibrary' failed: ModuleNotFoundError: No module named 'playwright_keyword_library'
2026-10-07 06:19:00.354325 Traceback (most recent call last):
2026-10-07 06:19:00.404473   None
2026-10-07 06:19:00.454599 PYTHONPATH:
2026-10-07 06:19:00.504758   /opt/hostedtoolcache/Python/3.11.16/x64/bin
2026-10-07 06:19:00.554916   /opt/hostedtoolcache/Python/3.11.16/x64/lib/python311.zip
2026-10-07 06:19:00.605105   /opt/hostedtoolcache/Python/3.11.16/x64/lib/python3.11
2026-10-07 06:19:00.655265   /opt/hostedtoolcache/Python/3.11.16/x64/lib/python3.11/lib-dynload
2026-10-07 06:19:00.705467   /opt/hostedtoolcache/Python/3.11.16/x64/lib/python3.11/site-packages
2026-10-07 06:19:00.755630 [ ERROR ] Error in file '/home/runner/work/engg-robot-testing-framework/engg-robot-testing-framework/resources/auth_keywords.resource' on line 2: Importing library 'playwright_keyword_library.PlaywrightKeywordLibrary' failed: ModuleNotFoundError: No module named 'playwright_keyword_library'
2026-10-07 06:19:00.805843 Traceback (most recent call last):
2026-10-07 06:19:00.855989   None
2026-10-07 06:19:00.906188 PYTHONPATH:
2026-10-07 06:19:00.956346   /opt/hostedtoolcache/Python/3.11.16/x64/bin
2026-10-07 06:19:01.006556   /opt/hostedtoolcache/Python/3.11.16/x64/lib/python311.zip
2026-10-07 06:19:01.056720   /opt/hostedtoolcache/Python/3.11.16/x64/lib/python3.11
2026-10-07 06:19:01.106926   /opt/hostedtoolcache/Python/3.11.16/x64/lib/python3.11/lib-dynload
2026-10-07 06:19:01.157118   /opt/hostedtoolcache/Python/3.11.16/x64/lib/python3.11/site-packages
2026-10-07 06:19:09.028489 TC20 Search Products And Verify Cart After Login                      | FAIL |
2026-10-07 06:19:09.062797 Setup failed:
2026-10-07 06:19:09.062810 No keyword with name 'Open Browser' found.
2026-10-07 06:19:09.062819 
2026-10-07 06:19:09.062826 Also teardown failed:
2026-10-07 06:19:09.062833 Several failures occurred:
2026-10-07 06:19:09.062840 
2026-10-07 06:19:09.062847 1) No keyword with name 'Register Keyword To Run On Failure' found.
2026-10-07 06:19:09.062854 
2026-10-07 06:19:09.062860 2) No keyword with name 'Close Browser' found. Did you mean:
2026-10-07 06:19:09.062867     common.Close Test Browser
2026-10-07 06:19:09.062874 ------------------------------------------------------------------------------
2026-10-07 06:19:09.062881 Suites.Cart.TC20 search and verify cart after login :: TC20 - Sear... | FAIL |
2026-10-07 06:19:09.063739 1 test, 0 passed, 1 failed
2026-10-07 06:19:09.063822 ==============================================================================
2026-10-07 06:19:09.063830 Suites.Cart                                                           | FAIL |
2026-10-07 06:19:09.064392 1 test, 0 passed, 1 failed
2026-10-07 06:19:09.064478 ==============================================================================
2026-10-07 06:19:09.064488 Suites                                                                | FAIL |
2026-10-07 06:19:09.064888 1 test, 0 passed, 1 failed
2026-10-07 06:19:09.064955 ==============================================================================
2026-10-07 06:19:09.064964 Output:  /home/runner/work/engg-robot-testing-framework/engg-robot-testing-framework/reports/pabot_results/8/output.xml
