2026-08-31 05:55:48.718775 ==============================================================================
2026-08-31 05:55:48.737052 Suites
2026-08-31 05:55:48.737078 ==============================================================================
2026-08-31 05:55:48.737147 Suites.Cart
2026-08-31 05:55:48.738070 ==============================================================================
2026-08-31 05:55:48.738088 Suites.Cart.TC17 remove products from cart :: TC17 - Remove Products From Cart
2026-08-31 05:55:48.738088 [ ERROR ] Error in file '/home/runner/work/engg-robot-testing-framework/engg-robot-testing-framework/resources/common.resource' on line 4: Importing library 'playwright_keyword_library.PlaywrightKeywordLibrary' failed: ModuleNotFoundError: No module named 'playwright_keyword_library'
2026-08-31 05:55:48.768567 ==============================================================================
2026-08-31 05:55:48.768567 Traceback (most recent call last):
2026-08-31 05:55:48.768590   None
2026-08-31 05:55:48.818759 PYTHONPATH:
2026-08-31 05:55:48.868890   /opt/hostedtoolcache/Python/3.11.16/x64/bin
2026-08-31 05:55:48.919044   /opt/hostedtoolcache/Python/3.11.16/x64/lib/python311.zip
2026-08-31 05:55:48.969168   /opt/hostedtoolcache/Python/3.11.16/x64/lib/python3.11
2026-08-31 05:55:49.019318   /opt/hostedtoolcache/Python/3.11.16/x64/lib/python3.11/lib-dynload
2026-08-31 05:55:49.069437   /opt/hostedtoolcache/Python/3.11.16/x64/lib/python3.11/site-packages
2026-08-31 05:55:49.119583 [ ERROR ] Error in file '/home/runner/work/engg-robot-testing-framework/engg-robot-testing-framework/resources/product_keywords.resource' on line 2: Importing library 'playwright_keyword_library.PlaywrightKeywordLibrary' failed: ModuleNotFoundError: No module named 'playwright_keyword_library'
2026-08-31 05:55:49.169709 Traceback (most recent call last):
2026-08-31 05:55:49.219875   None
2026-08-31 05:55:49.269997 PYTHONPATH:
2026-08-31 05:55:49.320150   /opt/hostedtoolcache/Python/3.11.16/x64/bin
2026-08-31 05:55:49.370266   /opt/hostedtoolcache/Python/3.11.16/x64/lib/python311.zip
2026-08-31 05:55:49.420422   /opt/hostedtoolcache/Python/3.11.16/x64/lib/python3.11
2026-08-31 05:55:49.470547   /opt/hostedtoolcache/Python/3.11.16/x64/lib/python3.11/lib-dynload
2026-08-31 05:55:49.520684   /opt/hostedtoolcache/Python/3.11.16/x64/lib/python3.11/site-packages
2026-08-31 05:55:49.570832 [ ERROR ] Error in file '/home/runner/work/engg-robot-testing-framework/engg-robot-testing-framework/resources/cart_keywords.resource' on line 2: Importing library 'playwright_keyword_library.PlaywrightKeywordLibrary' failed: ModuleNotFoundError: No module named 'playwright_keyword_library'
2026-08-31 05:55:49.620981 Traceback (most recent call last):
2026-08-31 05:55:49.671103   None
2026-08-31 05:55:49.721270 PYTHONPATH:
2026-08-31 05:55:49.771422   /opt/hostedtoolcache/Python/3.11.16/x64/bin
2026-08-31 05:55:49.821590   /opt/hostedtoolcache/Python/3.11.16/x64/lib/python311.zip
2026-08-31 05:55:49.871833   /opt/hostedtoolcache/Python/3.11.16/x64/lib/python3.11
2026-08-31 05:55:49.922006   /opt/hostedtoolcache/Python/3.11.16/x64/lib/python3.11/lib-dynload
2026-08-31 05:55:49.972131   /opt/hostedtoolcache/Python/3.11.16/x64/lib/python3.11/site-packages
2026-08-31 05:55:58.742527 TC17 Remove Products From Cart                                        | FAIL |
2026-08-31 05:55:58.780309 Setup failed:
2026-08-31 05:55:58.780321 No keyword with name 'Open Browser' found.
2026-08-31 05:55:58.780329 
2026-08-31 05:55:58.780336 Also teardown failed:
2026-08-31 05:55:58.780343 Several failures occurred:
2026-08-31 05:55:58.780349 
2026-08-31 05:55:58.780357 1) No keyword with name 'Register Keyword To Run On Failure' found.
2026-08-31 05:55:58.780365 
2026-08-31 05:55:58.780371 2) No keyword with name 'Close Browser' found. Did you mean:
2026-08-31 05:55:58.780378     common.Close Test Browser
2026-08-31 05:55:58.780384 ------------------------------------------------------------------------------
2026-08-31 05:55:58.780391 Suites.Cart.TC17 remove products from cart :: TC17 - Remove Produc... | FAIL |
2026-08-31 05:55:58.780934 1 test, 0 passed, 1 failed
2026-08-31 05:55:58.780951 ==============================================================================
2026-08-31 05:55:58.780963 Suites.Cart                                                           | FAIL |
2026-08-31 05:55:58.781344 1 test, 0 passed, 1 failed
2026-08-31 05:55:58.781402 ==============================================================================
2026-08-31 05:55:58.781415 Suites                                                                | FAIL |
2026-08-31 05:55:58.781670 1 test, 0 passed, 1 failed
2026-08-31 05:55:58.781724 ==============================================================================
2026-08-31 05:55:58.781754 Output:  /home/runner/work/engg-robot-testing-framework/engg-robot-testing-framework/reports/pabot_results/7/output.xml
