2026-09-15 05:09:43.155309 ==============================================================================
2026-09-15 05:09:43.196362 Suites
2026-09-15 05:09:43.196378 ==============================================================================
2026-09-15 05:09:43.196387 Suites.Cart
2026-09-15 05:09:43.197072 ==============================================================================
2026-09-15 05:09:43.197084 Suites.Cart.TC17 remove products from cart :: TC17 - Remove Products From Cart
2026-09-15 05:09:43.197084 [ ERROR ] Error in file '/home/runner/work/engg-robot-testing-framework/engg-robot-testing-framework/resources/common.resource' on line 4: Importing library 'playwright_keyword_library.PlaywrightKeywordLibrary' failed: ModuleNotFoundError: No module named 'playwright_keyword_library'
2026-09-15 05:09:43.221184 ==============================================================================
2026-09-15 05:09:43.221184 Traceback (most recent call last):
2026-09-15 05:09:43.221201   None
2026-09-15 05:09:43.271318 PYTHONPATH:
2026-09-15 05:09:43.321492   /opt/hostedtoolcache/Python/3.11.16/x64/bin
2026-09-15 05:09:43.371606   /opt/hostedtoolcache/Python/3.11.16/x64/lib/python311.zip
2026-09-15 05:09:43.421784   /opt/hostedtoolcache/Python/3.11.16/x64/lib/python3.11
2026-09-15 05:09:43.472091   /opt/hostedtoolcache/Python/3.11.16/x64/lib/python3.11/lib-dynload
2026-09-15 05:09:43.522211   /opt/hostedtoolcache/Python/3.11.16/x64/lib/python3.11/site-packages
2026-09-15 05:09:43.572354 [ ERROR ] Error in file '/home/runner/work/engg-robot-testing-framework/engg-robot-testing-framework/resources/product_keywords.resource' on line 2: Importing library 'playwright_keyword_library.PlaywrightKeywordLibrary' failed: ModuleNotFoundError: No module named 'playwright_keyword_library'
2026-09-15 05:09:43.622461 Traceback (most recent call last):
2026-09-15 05:09:43.672612   None
2026-09-15 05:09:43.722866 PYTHONPATH:
2026-09-15 05:09:43.773015   /opt/hostedtoolcache/Python/3.11.16/x64/bin
2026-09-15 05:09:43.823113   /opt/hostedtoolcache/Python/3.11.16/x64/lib/python311.zip
2026-09-15 05:09:43.873204   /opt/hostedtoolcache/Python/3.11.16/x64/lib/python3.11
2026-09-15 05:09:43.923298   /opt/hostedtoolcache/Python/3.11.16/x64/lib/python3.11/lib-dynload
2026-09-15 05:09:43.973476   /opt/hostedtoolcache/Python/3.11.16/x64/lib/python3.11/site-packages
2026-09-15 05:09:44.023626 [ ERROR ] Error in file '/home/runner/work/engg-robot-testing-framework/engg-robot-testing-framework/resources/cart_keywords.resource' on line 2: Importing library 'playwright_keyword_library.PlaywrightKeywordLibrary' failed: ModuleNotFoundError: No module named 'playwright_keyword_library'
2026-09-15 05:09:44.073720 Traceback (most recent call last):
2026-09-15 05:09:44.123891   None
2026-09-15 05:09:44.174041 PYTHONPATH:
2026-09-15 05:09:44.224149   /opt/hostedtoolcache/Python/3.11.16/x64/bin
2026-09-15 05:09:44.274252   /opt/hostedtoolcache/Python/3.11.16/x64/lib/python311.zip
2026-09-15 05:09:44.324348   /opt/hostedtoolcache/Python/3.11.16/x64/lib/python3.11
2026-09-15 05:09:44.374496   /opt/hostedtoolcache/Python/3.11.16/x64/lib/python3.11/lib-dynload
2026-09-15 05:09:44.424620   /opt/hostedtoolcache/Python/3.11.16/x64/lib/python3.11/site-packages
2026-09-15 05:09:53.197310 TC17 Remove Products From Cart                                        | FAIL |
2026-09-15 05:09:53.230786 Setup failed:
2026-09-15 05:09:53.230797 No keyword with name 'Open Browser' found.
2026-09-15 05:09:53.230803 
2026-09-15 05:09:53.230808 Also teardown failed:
2026-09-15 05:09:53.230812 Several failures occurred:
2026-09-15 05:09:53.230817 
2026-09-15 05:09:53.230821 1) No keyword with name 'Register Keyword To Run On Failure' found.
2026-09-15 05:09:53.230826 
2026-09-15 05:09:53.230830 2) No keyword with name 'Close Browser' found. Did you mean:
2026-09-15 05:09:53.230835     common.Close Test Browser
2026-09-15 05:09:53.230839 ------------------------------------------------------------------------------
2026-09-15 05:09:53.230844 Suites.Cart.TC17 remove products from cart :: TC17 - Remove Produc... | FAIL |
2026-09-15 05:09:53.231227 1 test, 0 passed, 1 failed
2026-09-15 05:09:53.231299 ==============================================================================
2026-09-15 05:09:53.231304 Suites.Cart                                                           | FAIL |
2026-09-15 05:09:53.231527 1 test, 0 passed, 1 failed
2026-09-15 05:09:53.231599 ==============================================================================
2026-09-15 05:09:53.231604 Suites                                                                | FAIL |
2026-09-15 05:09:53.231766 1 test, 0 passed, 1 failed
2026-09-15 05:09:53.231813 ==============================================================================
2026-09-15 05:09:53.231819 Output:  /home/runner/work/engg-robot-testing-framework/engg-robot-testing-framework/reports/pabot_results/7/output.xml
