2026-07-02 04:40:22.522595 ==============================================================================
2026-07-02 04:40:22.545758 Suites
2026-07-02 04:40:22.545781 ==============================================================================
2026-07-02 04:40:22.545795 Suites.Cart
2026-07-02 04:40:22.546661 ==============================================================================
2026-07-02 04:40:22.546680 Suites.Cart.TC20 search and verify cart after login :: TC20 - Search Produc...
2026-07-02 04:40:22.546680 [ ERROR ] Error in file '/home/runner/work/engg-robot-testing-framework/engg-robot-testing-framework/tests/cart/TC20_search_and_verify_cart_after_login.robot' on line 3: Importing library 'playwright_keyword_library.PlaywrightKeywordLibrary' failed: ModuleNotFoundError: No module named 'playwright_keyword_library'
2026-07-02 04:40:22.584062 ==============================================================================
2026-07-02 04:40:22.584062 Traceback (most recent call last):
2026-07-02 04:40:22.584086   None
2026-07-02 04:40:22.634225 PYTHONPATH:
2026-07-02 04:40:22.684351   /opt/hostedtoolcache/Python/3.11.15/x64/bin
2026-07-02 04:40:22.734483   /opt/hostedtoolcache/Python/3.11.15/x64/lib/python311.zip
2026-07-02 04:40:22.784598   /opt/hostedtoolcache/Python/3.11.15/x64/lib/python3.11
2026-07-02 04:40:22.834713   /opt/hostedtoolcache/Python/3.11.15/x64/lib/python3.11/lib-dynload
2026-07-02 04:40:22.884884   /opt/hostedtoolcache/Python/3.11.15/x64/lib/python3.11/site-packages
2026-07-02 04:40:22.935018 [ ERROR ] Error in file '/home/runner/work/engg-robot-testing-framework/engg-robot-testing-framework/resources/common.resource' on line 4: Importing library 'playwright_keyword_library.PlaywrightKeywordLibrary' failed: ModuleNotFoundError: No module named 'playwright_keyword_library'
2026-07-02 04:40:22.985171 Traceback (most recent call last):
2026-07-02 04:40:23.035322   None
2026-07-02 04:40:23.085480 PYTHONPATH:
2026-07-02 04:40:23.135641   /opt/hostedtoolcache/Python/3.11.15/x64/bin
2026-07-02 04:40:23.185803   /opt/hostedtoolcache/Python/3.11.15/x64/lib/python311.zip
2026-07-02 04:40:23.235965   /opt/hostedtoolcache/Python/3.11.15/x64/lib/python3.11
2026-07-02 04:40:23.286124   /opt/hostedtoolcache/Python/3.11.15/x64/lib/python3.11/lib-dynload
2026-07-02 04:40:23.336278   /opt/hostedtoolcache/Python/3.11.15/x64/lib/python3.11/site-packages
2026-07-02 04:40:23.386432 [ ERROR ] Error in file '/home/runner/work/engg-robot-testing-framework/engg-robot-testing-framework/resources/product_keywords.resource' on line 2: Importing library 'playwright_keyword_library.PlaywrightKeywordLibrary' failed: ModuleNotFoundError: No module named 'playwright_keyword_library'
2026-07-02 04:40:23.436608 Traceback (most recent call last):
2026-07-02 04:40:23.486735   None
2026-07-02 04:40:23.536904 PYTHONPATH:
2026-07-02 04:40:23.587067   /opt/hostedtoolcache/Python/3.11.15/x64/bin
2026-07-02 04:40:23.637227   /opt/hostedtoolcache/Python/3.11.15/x64/lib/python311.zip
2026-07-02 04:40:23.687422   /opt/hostedtoolcache/Python/3.11.15/x64/lib/python3.11
2026-07-02 04:40:23.737589   /opt/hostedtoolcache/Python/3.11.15/x64/lib/python3.11/lib-dynload
2026-07-02 04:40:23.787752   /opt/hostedtoolcache/Python/3.11.15/x64/lib/python3.11/site-packages
2026-07-02 04:40:23.837917 [ ERROR ] Error in file '/home/runner/work/engg-robot-testing-framework/engg-robot-testing-framework/resources/cart_keywords.resource' on line 2: Importing library 'playwright_keyword_library.PlaywrightKeywordLibrary' failed: ModuleNotFoundError: No module named 'playwright_keyword_library'
2026-07-02 04:40:23.888087 Traceback (most recent call last):
2026-07-02 04:40:23.938286   None
2026-07-02 04:40:23.988466 PYTHONPATH:
2026-07-02 04:40:24.038639   /opt/hostedtoolcache/Python/3.11.15/x64/bin
2026-07-02 04:40:24.088837   /opt/hostedtoolcache/Python/3.11.15/x64/lib/python311.zip
2026-07-02 04:40:24.139010   /opt/hostedtoolcache/Python/3.11.15/x64/lib/python3.11
2026-07-02 04:40:24.189217   /opt/hostedtoolcache/Python/3.11.15/x64/lib/python3.11/lib-dynload
2026-07-02 04:40:24.239360   /opt/hostedtoolcache/Python/3.11.15/x64/lib/python3.11/site-packages
2026-07-02 04:40:24.289554 [ ERROR ] Error in file '/home/runner/work/engg-robot-testing-framework/engg-robot-testing-framework/resources/auth_keywords.resource' on line 2: Importing library 'playwright_keyword_library.PlaywrightKeywordLibrary' failed: ModuleNotFoundError: No module named 'playwright_keyword_library'
2026-07-02 04:40:24.339732 Traceback (most recent call last):
2026-07-02 04:40:24.389917   None
2026-07-02 04:40:24.440082 PYTHONPATH:
2026-07-02 04:40:24.490269   /opt/hostedtoolcache/Python/3.11.15/x64/bin
2026-07-02 04:40:24.540437   /opt/hostedtoolcache/Python/3.11.15/x64/lib/python311.zip
2026-07-02 04:40:24.590625   /opt/hostedtoolcache/Python/3.11.15/x64/lib/python3.11
2026-07-02 04:40:24.640802   /opt/hostedtoolcache/Python/3.11.15/x64/lib/python3.11/lib-dynload
2026-07-02 04:40:24.690986   /opt/hostedtoolcache/Python/3.11.15/x64/lib/python3.11/site-packages
2026-07-02 04:40:32.563383 TC20 Search Products And Verify Cart After Login                      | FAIL |
2026-07-02 04:40:32.596536 Setup failed:
2026-07-02 04:40:32.596549 No keyword with name 'Open Browser' found.
2026-07-02 04:40:32.596556 
2026-07-02 04:40:32.596563 Also teardown failed:
2026-07-02 04:40:32.596571 Several failures occurred:
2026-07-02 04:40:32.596577 
2026-07-02 04:40:32.596584 1) No keyword with name 'Register Keyword To Run On Failure' found.
2026-07-02 04:40:32.596592 
2026-07-02 04:40:32.596598 2) No keyword with name 'Close Browser' found. Did you mean:
2026-07-02 04:40:32.596605     common.Close Test Browser
2026-07-02 04:40:32.596611 ------------------------------------------------------------------------------
2026-07-02 04:40:32.596619 Suites.Cart.TC20 search and verify cart after login :: TC20 - Sear... | FAIL |
2026-07-02 04:40:32.597490 1 test, 0 passed, 1 failed
2026-07-02 04:40:32.597503 ==============================================================================
2026-07-02 04:40:32.597512 Suites.Cart                                                           | FAIL |
2026-07-02 04:40:32.597950 1 test, 0 passed, 1 failed
2026-07-02 04:40:32.598010 ==============================================================================
2026-07-02 04:40:32.598018 Suites                                                                | FAIL |
2026-07-02 04:40:32.598417 1 test, 0 passed, 1 failed
2026-07-02 04:40:32.598484 ==============================================================================
2026-07-02 04:40:32.598493 Output:  /home/runner/work/engg-robot-testing-framework/engg-robot-testing-framework/reports/pabot_results/8/output.xml
