2026-06-14 05:17:14.632230 ==============================================================================
2026-06-14 05:17:14.651972 Suites
2026-06-14 05:17:14.651986 ==============================================================================
2026-06-14 05:17:14.651995 Suites.Auth
2026-06-14 05:17:14.652746 ==============================================================================
2026-06-14 05:17:14.753019 Suites.Auth.TC05 register existing email
2026-06-14 05:17:14.777265 ==============================================================================
2026-06-14 05:18:31.110508 TC05 Register User With Existing Email                                | FAIL |
2026-06-14 05:18:31.123148 Element 'xpath=//a[contains(text(),'Logout')]' not visible after 45 seconds.
2026-06-14 05:18:31.123164 ------------------------------------------------------------------------------
2026-06-14 05:18:31.123174 Suites.Auth.TC05 register existing email                              | FAIL |
2026-06-14 05:18:31.123801 1 test, 0 passed, 1 failed
2026-06-14 05:18:31.123851 ==============================================================================
2026-06-14 05:18:31.123860 Suites.Auth                                                           | FAIL |
2026-06-14 05:18:31.124177 1 test, 0 passed, 1 failed
2026-06-14 05:18:31.124211 ==============================================================================
2026-06-14 05:18:31.124222 Suites                                                                | FAIL |
2026-06-14 05:18:31.124545 1 test, 0 passed, 1 failed
2026-06-14 05:18:31.124581 ==============================================================================
2026-06-14 05:18:31.124589 Output:  /home/runner/work/engg-robot-testing-framework/engg-robot-testing-framework/reports/pabot_results/4/output.xml
