2026-09-19 04:53:11.355036 ==============================================================================
2026-09-19 04:53:11.384449 Suites
2026-09-19 04:53:11.384479 ==============================================================================
2026-09-19 04:53:11.384553 Suites.Cart
2026-09-19 04:53:11.385405 ==============================================================================
2026-09-19 04:53:11.385423 Suites.Cart.TC12 add products to cart :: TC12 - Add Products In Cart
2026-09-19 04:53:11.385423 [ ERROR ] Error in file '/home/runner/work/engg-robot-testing-framework/engg-robot-testing-framework/resources/common.resource' on line 4: Importing library 'playwright_keyword_library.PlaywrightKeywordLibrary' failed: ModuleNotFoundError: No module named 'playwright_keyword_library'
2026-09-19 04:53:11.416770 ==============================================================================
2026-09-19 04:53:11.416770 Traceback (most recent call last):
2026-09-19 04:53:11.416794   None
2026-09-19 04:53:11.466917 PYTHONPATH:
2026-09-19 04:53:11.517060   /opt/hostedtoolcache/Python/3.11.16/x64/bin
2026-09-19 04:53:11.567232   /opt/hostedtoolcache/Python/3.11.16/x64/lib/python311.zip
2026-09-19 04:53:11.617381   /opt/hostedtoolcache/Python/3.11.16/x64/lib/python3.11
2026-09-19 04:53:11.667501   /opt/hostedtoolcache/Python/3.11.16/x64/lib/python3.11/lib-dynload
2026-09-19 04:53:11.717637   /opt/hostedtoolcache/Python/3.11.16/x64/lib/python3.11/site-packages
2026-09-19 04:53:11.767750 [ ERROR ] Error in file '/home/runner/work/engg-robot-testing-framework/engg-robot-testing-framework/resources/product_keywords.resource' on line 2: Importing library 'playwright_keyword_library.PlaywrightKeywordLibrary' failed: ModuleNotFoundError: No module named 'playwright_keyword_library'
2026-09-19 04:53:11.817927 Traceback (most recent call last):
2026-09-19 04:53:11.868077   None
2026-09-19 04:53:11.918221 PYTHONPATH:
2026-09-19 04:53:11.968369   /opt/hostedtoolcache/Python/3.11.16/x64/bin
2026-09-19 04:53:12.018497   /opt/hostedtoolcache/Python/3.11.16/x64/lib/python311.zip
2026-09-19 04:53:12.068641   /opt/hostedtoolcache/Python/3.11.16/x64/lib/python3.11
2026-09-19 04:53:12.118768   /opt/hostedtoolcache/Python/3.11.16/x64/lib/python3.11/lib-dynload
2026-09-19 04:53:12.168908   /opt/hostedtoolcache/Python/3.11.16/x64/lib/python3.11/site-packages
2026-09-19 04:53:12.219074 [ ERROR ] Error in file '/home/runner/work/engg-robot-testing-framework/engg-robot-testing-framework/resources/cart_keywords.resource' on line 2: Importing library 'playwright_keyword_library.PlaywrightKeywordLibrary' failed: ModuleNotFoundError: No module named 'playwright_keyword_library'
2026-09-19 04:53:12.269226 Traceback (most recent call last):
2026-09-19 04:53:12.319391   None
2026-09-19 04:53:12.369678 PYTHONPATH:
2026-09-19 04:53:12.419845   /opt/hostedtoolcache/Python/3.11.16/x64/bin
2026-09-19 04:53:12.470054   /opt/hostedtoolcache/Python/3.11.16/x64/lib/python311.zip
2026-09-19 04:53:12.520268   /opt/hostedtoolcache/Python/3.11.16/x64/lib/python3.11
2026-09-19 04:53:12.570428   /opt/hostedtoolcache/Python/3.11.16/x64/lib/python3.11/lib-dynload
2026-09-19 04:53:12.620609   /opt/hostedtoolcache/Python/3.11.16/x64/lib/python3.11/site-packages
2026-09-19 04:53:21.394056 TC12 Add Products In Cart                                             | FAIL |
2026-09-19 04:53:21.428322 Setup failed:
2026-09-19 04:53:21.428341 No keyword with name 'Open Browser' found.
2026-09-19 04:53:21.428354 
2026-09-19 04:53:21.428366 Also teardown failed:
2026-09-19 04:53:21.428377 Several failures occurred:
2026-09-19 04:53:21.428389 
2026-09-19 04:53:21.428400 1) No keyword with name 'Register Keyword To Run On Failure' found.
2026-09-19 04:53:21.428412 
2026-09-19 04:53:21.428423 2) No keyword with name 'Close Browser' found. Did you mean:
2026-09-19 04:53:21.428435     common.Close Test Browser
2026-09-19 04:53:21.428446 ------------------------------------------------------------------------------
2026-09-19 04:53:21.428457 Suites.Cart.TC12 add products to cart :: TC12 - Add Products In Cart  | FAIL |
2026-09-19 04:53:21.428940 1 test, 0 passed, 1 failed
2026-09-19 04:53:21.429018 ==============================================================================
2026-09-19 04:53:21.429032 Suites.Cart                                                           | FAIL |
2026-09-19 04:53:21.429383 1 test, 0 passed, 1 failed
2026-09-19 04:53:21.429444 ==============================================================================
2026-09-19 04:53:21.429456 Suites                                                                | FAIL |
2026-09-19 04:53:21.429791 1 test, 0 passed, 1 failed
2026-09-19 04:53:21.429860 ==============================================================================
2026-09-19 04:53:21.429872 Output:  /home/runner/work/engg-robot-testing-framework/engg-robot-testing-framework/reports/pabot_results/5/output.xml
