2026-06-20 13:36:27.848524 ==============================================================================
2026-06-20 13:36:27.893183 Suites
2026-06-20 13:36:27.893200 ==============================================================================
2026-06-20 13:36:27.893212 Suites.Cart
2026-06-20 13:36:27.893929 ==============================================================================
2026-06-20 13:36:27.893944 Suites.Cart.TC22 add from recommended items :: TC22 - Add To Cart From Reco...
2026-06-20 13:36:27.893944 [ ERROR ] Error in file '/home/runner/work/engg-robot-testing-framework/engg-robot-testing-framework/resources/common.resource' on line 4: Importing library 'playwright_keyword_library.PlaywrightKeywordLibrary' failed: ModuleNotFoundError: No module named 'playwright_keyword_library'
2026-06-20 13:36:27.913282 ==============================================================================
2026-06-20 13:36:27.913282 Traceback (most recent call last):
2026-06-20 13:36:27.913301   None
2026-06-20 13:36:27.963571 PYTHONPATH:
2026-06-20 13:36:28.013860   /opt/hostedtoolcache/Python/3.11.15/x64/bin
2026-06-20 13:36:28.064026   /opt/hostedtoolcache/Python/3.11.15/x64/lib/python311.zip
2026-06-20 13:36:28.114162   /opt/hostedtoolcache/Python/3.11.15/x64/lib/python3.11
2026-06-20 13:36:28.164421   /opt/hostedtoolcache/Python/3.11.15/x64/lib/python3.11/lib-dynload
2026-06-20 13:36:28.214567   /opt/hostedtoolcache/Python/3.11.15/x64/lib/python3.11/site-packages
2026-06-20 13:36:28.264757 [ ERROR ] Error in file '/home/runner/work/engg-robot-testing-framework/engg-robot-testing-framework/resources/cart_keywords.resource' on line 2: Importing library 'playwright_keyword_library.PlaywrightKeywordLibrary' failed: ModuleNotFoundError: No module named 'playwright_keyword_library'
2026-06-20 13:36:28.314901 Traceback (most recent call last):
2026-06-20 13:36:28.365015   None
2026-06-20 13:36:28.415150 PYTHONPATH:
2026-06-20 13:36:28.465255   /opt/hostedtoolcache/Python/3.11.15/x64/bin
2026-06-20 13:36:28.515605   /opt/hostedtoolcache/Python/3.11.15/x64/lib/python311.zip
2026-06-20 13:36:28.565731   /opt/hostedtoolcache/Python/3.11.15/x64/lib/python3.11
2026-06-20 13:36:28.615854   /opt/hostedtoolcache/Python/3.11.15/x64/lib/python3.11/lib-dynload
2026-06-20 13:36:28.665968   /opt/hostedtoolcache/Python/3.11.15/x64/lib/python3.11/site-packages
2026-06-20 13:36:37.889980 TC22 Add To Cart From Recommended Items                               | FAIL |
2026-06-20 13:36:37.922817 Setup failed:
2026-06-20 13:36:37.922837 No keyword with name 'Open Browser' found.
2026-06-20 13:36:37.922853 
2026-06-20 13:36:37.922866 Also teardown failed:
2026-06-20 13:36:37.922878 Several failures occurred:
2026-06-20 13:36:37.922891 
2026-06-20 13:36:37.922902 1) No keyword with name 'Register Keyword To Run On Failure' found.
2026-06-20 13:36:37.922914 
2026-06-20 13:36:37.922925 2) No keyword with name 'Close Browser' found. Did you mean:
2026-06-20 13:36:37.922937     common.Close Test Browser
2026-06-20 13:36:37.922948 ------------------------------------------------------------------------------
2026-06-20 13:36:37.922960 Suites.Cart.TC22 add from recommended items :: TC22 - Add To Cart ... | FAIL |
2026-06-20 13:36:37.923535 1 test, 0 passed, 1 failed
2026-06-20 13:36:37.923560 ==============================================================================
2026-06-20 13:36:37.923610 Suites.Cart                                                           | FAIL |
2026-06-20 13:36:37.923969 1 test, 0 passed, 1 failed
2026-06-20 13:36:37.924021 ==============================================================================
2026-06-20 13:36:37.924036 Suites                                                                | FAIL |
2026-06-20 13:36:37.924338 1 test, 0 passed, 1 failed
2026-06-20 13:36:37.924391 ==============================================================================
2026-06-20 13:36:37.924406 Output:  /home/runner/work/engg-robot-testing-framework/engg-robot-testing-framework/reports/pabot_results/9/output.xml
