2026-08-08 02:28:42.071335 ==============================================================================
2026-08-08 02:28:42.088582 Suites
2026-08-08 02:28:42.088602 ==============================================================================
2026-08-08 02:28:42.088616 Suites.Cart
2026-08-08 02:28:42.089455 ==============================================================================
2026-08-08 02:28:42.089470 Suites.Cart.TC22 add from recommended items :: TC22 - Add To Cart From Reco...
2026-08-08 02:28:42.089470 [ ERROR ] Error in file '/home/runner/work/engg-robot-testing-framework/engg-robot-testing-framework/resources/common.resource' on line 4: Importing library 'playwright_keyword_library.PlaywrightKeywordLibrary' failed: ModuleNotFoundError: No module named 'playwright_keyword_library'
2026-08-08 02:28:42.112589 ==============================================================================
2026-08-08 02:28:42.112589 Traceback (most recent call last):
2026-08-08 02:28:42.112615   None
2026-08-08 02:28:42.162732 PYTHONPATH:
2026-08-08 02:28:42.212844   /opt/hostedtoolcache/Python/3.11.15/x64/bin
2026-08-08 02:28:42.262960   /opt/hostedtoolcache/Python/3.11.15/x64/lib/python311.zip
2026-08-08 02:28:42.313075   /opt/hostedtoolcache/Python/3.11.15/x64/lib/python3.11
2026-08-08 02:28:42.363194   /opt/hostedtoolcache/Python/3.11.15/x64/lib/python3.11/lib-dynload
2026-08-08 02:28:42.413348   /opt/hostedtoolcache/Python/3.11.15/x64/lib/python3.11/site-packages
2026-08-08 02:28:42.463481 [ ERROR ] Error in file '/home/runner/work/engg-robot-testing-framework/engg-robot-testing-framework/resources/cart_keywords.resource' on line 2: Importing library 'playwright_keyword_library.PlaywrightKeywordLibrary' failed: ModuleNotFoundError: No module named 'playwright_keyword_library'
2026-08-08 02:28:42.513639 Traceback (most recent call last):
2026-08-08 02:28:42.563795   None
2026-08-08 02:28:42.613951 PYTHONPATH:
2026-08-08 02:28:42.664102   /opt/hostedtoolcache/Python/3.11.15/x64/bin
2026-08-08 02:28:42.714257   /opt/hostedtoolcache/Python/3.11.15/x64/lib/python311.zip
2026-08-08 02:28:42.764408   /opt/hostedtoolcache/Python/3.11.15/x64/lib/python3.11
2026-08-08 02:28:42.814552   /opt/hostedtoolcache/Python/3.11.15/x64/lib/python3.11/lib-dynload
2026-08-08 02:28:42.864699   /opt/hostedtoolcache/Python/3.11.15/x64/lib/python3.11/site-packages
2026-08-08 02:28:52.087790 TC22 Add To Cart From Recommended Items                               | FAIL |
2026-08-08 02:28:52.123074 Setup failed:
2026-08-08 02:28:52.123093 No keyword with name 'Open Browser' found.
2026-08-08 02:28:52.123108 
2026-08-08 02:28:52.123122 Also teardown failed:
2026-08-08 02:28:52.123135 Several failures occurred:
2026-08-08 02:28:52.123147 
2026-08-08 02:28:52.123158 1) No keyword with name 'Register Keyword To Run On Failure' found.
2026-08-08 02:28:52.123170 
2026-08-08 02:28:52.123181 2) No keyword with name 'Close Browser' found. Did you mean:
2026-08-08 02:28:52.123193     common.Close Test Browser
2026-08-08 02:28:52.123204 ------------------------------------------------------------------------------
2026-08-08 02:28:52.123216 Suites.Cart.TC22 add from recommended items :: TC22 - Add To Cart ... | FAIL |
2026-08-08 02:28:52.123733 1 test, 0 passed, 1 failed
2026-08-08 02:28:52.123749 ==============================================================================
2026-08-08 02:28:52.123762 Suites.Cart                                                           | FAIL |
2026-08-08 02:28:52.124171 1 test, 0 passed, 1 failed
2026-08-08 02:28:52.124188 ==============================================================================
2026-08-08 02:28:52.124202 Suites                                                                | FAIL |
2026-08-08 02:28:52.124526 1 test, 0 passed, 1 failed
2026-08-08 02:28:52.124545 ==============================================================================
2026-08-08 02:28:52.124558 Output:  /home/runner/work/engg-robot-testing-framework/engg-robot-testing-framework/reports/pabot_results/9/output.xml
