2026-08-29 07:16:18.660273 ==============================================================================
2026-08-29 07:16:18.660509 Suites
2026-08-29 07:16:18.660530 ==============================================================================
2026-08-29 07:16:18.660541 Suites.Auth
2026-08-29 07:16:18.661252 ==============================================================================
2026-08-29 07:16:18.661274 Suites.Auth.TC01 register user
2026-08-29 07:16:18.661274 [ ERROR ] Error in file '/home/runner/work/engg-robot-testing-framework/engg-robot-testing-framework/tests/auth/TC01_register_user.robot' on line 2: Importing library 'playwright_keyword_library.PlaywrightKeywordLibrary' failed: ModuleNotFoundError: No module named 'playwright_keyword_library'
2026-08-29 07:16:18.677145 ==============================================================================
2026-08-29 07:16:18.677145 Traceback (most recent call last):
2026-08-29 07:16:18.677163   None
2026-08-29 07:16:18.727288 PYTHONPATH:
2026-08-29 07:16:18.777449   /opt/hostedtoolcache/Python/3.11.16/x64/bin
2026-08-29 07:16:18.827593   /opt/hostedtoolcache/Python/3.11.16/x64/lib/python311.zip
2026-08-29 07:16:18.877806   /opt/hostedtoolcache/Python/3.11.16/x64/lib/python3.11
2026-08-29 07:16:18.927936   /opt/hostedtoolcache/Python/3.11.16/x64/lib/python3.11/lib-dynload
2026-08-29 07:16:18.978094   /opt/hostedtoolcache/Python/3.11.16/x64/lib/python3.11/site-packages
2026-08-29 07:16:19.028244 [ ERROR ] Error in file '/home/runner/work/engg-robot-testing-framework/engg-robot-testing-framework/resources/auth_keywords.resource' on line 2: Importing library 'playwright_keyword_library.PlaywrightKeywordLibrary' failed: ModuleNotFoundError: No module named 'playwright_keyword_library'
2026-08-29 07:16:19.078385 Traceback (most recent call last):
2026-08-29 07:16:19.128534   None
2026-08-29 07:16:19.178756 PYTHONPATH:
2026-08-29 07:16:19.228917   /opt/hostedtoolcache/Python/3.11.16/x64/bin
2026-08-29 07:16:19.279131   /opt/hostedtoolcache/Python/3.11.16/x64/lib/python311.zip
2026-08-29 07:16:19.329303   /opt/hostedtoolcache/Python/3.11.16/x64/lib/python3.11
2026-08-29 07:16:19.379478   /opt/hostedtoolcache/Python/3.11.16/x64/lib/python3.11/lib-dynload
2026-08-29 07:16:19.429641   /opt/hostedtoolcache/Python/3.11.16/x64/lib/python3.11/site-packages
2026-08-29 07:16:19.479825 [ ERROR ] Error in file '/home/runner/work/engg-robot-testing-framework/engg-robot-testing-framework/resources/common.resource' on line 4: Importing library 'playwright_keyword_library.PlaywrightKeywordLibrary' failed: ModuleNotFoundError: No module named 'playwright_keyword_library'
2026-08-29 07:16:19.530007 Traceback (most recent call last):
2026-08-29 07:16:19.580278   None
2026-08-29 07:16:19.630448 PYTHONPATH:
2026-08-29 07:16:19.680666   /opt/hostedtoolcache/Python/3.11.16/x64/bin
2026-08-29 07:16:19.730878   /opt/hostedtoolcache/Python/3.11.16/x64/lib/python311.zip
2026-08-29 07:16:19.781123   /opt/hostedtoolcache/Python/3.11.16/x64/lib/python3.11
2026-08-29 07:16:19.831342   /opt/hostedtoolcache/Python/3.11.16/x64/lib/python3.11/lib-dynload
2026-08-29 07:16:19.881558   /opt/hostedtoolcache/Python/3.11.16/x64/lib/python3.11/site-packages
2026-08-29 07:16:28.654150 TC01 Register User                                                    | FAIL |
2026-08-29 07:16:28.685880 Setup failed:
2026-08-29 07:16:28.685894 No keyword with name 'Open Browser' found.
2026-08-29 07:16:28.685903 
2026-08-29 07:16:28.685911 Also teardown failed:
2026-08-29 07:16:28.685919 Several failures occurred:
2026-08-29 07:16:28.685927 
2026-08-29 07:16:28.685935 1) No keyword with name 'Register Keyword To Run On Failure' found.
2026-08-29 07:16:28.685944 
2026-08-29 07:16:28.685951 2) No keyword with name 'Close Browser' found. Did you mean:
2026-08-29 07:16:28.685959     common.Close Test Browser
2026-08-29 07:16:28.685967 ------------------------------------------------------------------------------
2026-08-29 07:16:28.685974 Suites.Auth.TC01 register user                                        | FAIL |
2026-08-29 07:16:28.686430 1 test, 0 passed, 1 failed
2026-08-29 07:16:28.686443 ==============================================================================
2026-08-29 07:16:28.686452 Suites.Auth                                                           | FAIL |
2026-08-29 07:16:28.686785 1 test, 0 passed, 1 failed
2026-08-29 07:16:28.686808 ==============================================================================
2026-08-29 07:16:28.686817 Suites                                                                | FAIL |
2026-08-29 07:16:28.687068 1 test, 0 passed, 1 failed
2026-08-29 07:16:28.687128 ==============================================================================
2026-08-29 07:16:28.687138 Output:  /home/runner/work/engg-robot-testing-framework/engg-robot-testing-framework/reports/pabot_results/0/output.xml
