2026-06-20 04:51:41.326435 ==============================================================================
2026-06-20 04:51:41.339213 Suites
2026-06-20 04:51:41.339233 ==============================================================================
2026-06-20 04:51:41.339247 Suites.Auth
2026-06-20 04:51:41.340033 ==============================================================================
2026-06-20 04:51:41.440306 Suites.Auth.TC02 login valid
2026-06-20 04:51:41.469310 ==============================================================================
2026-06-20 04:52:02.378884 TC02 Login User With Correct Email And Password                       | FAIL |
2026-06-20 04:52:02.382559 Setup failed:
2026-06-20 04:52:02.382574 Title should have been 'Automation Exercise' but was 'One moment, please...'.
2026-06-20 04:52:02.382583 ------------------------------------------------------------------------------
2026-06-20 04:52:02.382590 Suites.Auth.TC02 login valid                                          | FAIL |
2026-06-20 04:52:02.383272 1 test, 0 passed, 1 failed
2026-06-20 04:52:02.383286 ==============================================================================
2026-06-20 04:52:02.383297 Suites.Auth                                                           | FAIL |
2026-06-20 04:52:02.383685 1 test, 0 passed, 1 failed
2026-06-20 04:52:02.383738 ==============================================================================
2026-06-20 04:52:02.383751 Suites                                                                | FAIL |
2026-06-20 04:52:02.384419 1 test, 0 passed, 1 failed
2026-06-20 04:52:02.384430 ==============================================================================
2026-06-20 04:52:02.384440 Output:  /home/runner/work/engg-robot-testing-framework/engg-robot-testing-framework/reports/pabot_results/1/output.xml
