2026-07-14 03:44:44.661932 ==============================================================================
2026-07-14 03:44:44.668353 Suites
2026-07-14 03:44:44.668369 ==============================================================================
2026-07-14 03:44:44.668380 Suites.Cart
2026-07-14 03:44:44.669213 ==============================================================================
2026-07-14 03:44:44.669229 Suites.Cart.TC17 remove products from cart :: TC17 - Remove Products From Cart
2026-07-14 03:44:44.669229 [ ERROR ] Error in file '/home/runner/work/engg-robot-testing-framework/engg-robot-testing-framework/resources/common.resource' on line 4: Importing library 'playwright_keyword_library.PlaywrightKeywordLibrary' failed: ModuleNotFoundError: No module named 'playwright_keyword_library'
2026-07-14 03:44:44.696540 ==============================================================================
2026-07-14 03:44:44.696540 Traceback (most recent call last):
2026-07-14 03:44:44.696578   None
2026-07-14 03:44:44.746675 PYTHONPATH:
2026-07-14 03:44:44.796789   /opt/hostedtoolcache/Python/3.11.15/x64/bin
2026-07-14 03:44:44.846893   /opt/hostedtoolcache/Python/3.11.15/x64/lib/python311.zip
2026-07-14 03:44:44.897015   /opt/hostedtoolcache/Python/3.11.15/x64/lib/python3.11
2026-07-14 03:44:44.947114   /opt/hostedtoolcache/Python/3.11.15/x64/lib/python3.11/lib-dynload
2026-07-14 03:44:44.997226   /opt/hostedtoolcache/Python/3.11.15/x64/lib/python3.11/site-packages
2026-07-14 03:44:45.047383 [ ERROR ] Error in file '/home/runner/work/engg-robot-testing-framework/engg-robot-testing-framework/resources/product_keywords.resource' on line 2: Importing library 'playwright_keyword_library.PlaywrightKeywordLibrary' failed: ModuleNotFoundError: No module named 'playwright_keyword_library'
2026-07-14 03:44:45.097623 Traceback (most recent call last):
2026-07-14 03:44:45.147838   None
2026-07-14 03:44:45.197969 PYTHONPATH:
2026-07-14 03:44:45.248085   /opt/hostedtoolcache/Python/3.11.15/x64/bin
2026-07-14 03:44:45.298191   /opt/hostedtoolcache/Python/3.11.15/x64/lib/python311.zip
2026-07-14 03:44:45.348294   /opt/hostedtoolcache/Python/3.11.15/x64/lib/python3.11
2026-07-14 03:44:45.398420   /opt/hostedtoolcache/Python/3.11.15/x64/lib/python3.11/lib-dynload
2026-07-14 03:44:45.448572   /opt/hostedtoolcache/Python/3.11.15/x64/lib/python3.11/site-packages
2026-07-14 03:44:45.498744 [ ERROR ] Error in file '/home/runner/work/engg-robot-testing-framework/engg-robot-testing-framework/resources/cart_keywords.resource' on line 2: Importing library 'playwright_keyword_library.PlaywrightKeywordLibrary' failed: ModuleNotFoundError: No module named 'playwright_keyword_library'
2026-07-14 03:44:45.548851 Traceback (most recent call last):
2026-07-14 03:44:45.598966   None
2026-07-14 03:44:45.649071 PYTHONPATH:
2026-07-14 03:44:45.699174   /opt/hostedtoolcache/Python/3.11.15/x64/bin
2026-07-14 03:44:45.749333   /opt/hostedtoolcache/Python/3.11.15/x64/lib/python311.zip
2026-07-14 03:44:45.799450   /opt/hostedtoolcache/Python/3.11.15/x64/lib/python3.11
2026-07-14 03:44:45.849619   /opt/hostedtoolcache/Python/3.11.15/x64/lib/python3.11/lib-dynload
2026-07-14 03:44:45.899719   /opt/hostedtoolcache/Python/3.11.15/x64/lib/python3.11/site-packages
2026-07-14 03:44:54.669017 TC17 Remove Products From Cart                                        | FAIL |
2026-07-14 03:44:54.706962 Setup failed:
2026-07-14 03:44:54.706983 No keyword with name 'Open Browser' found.
2026-07-14 03:44:54.706998 
2026-07-14 03:44:54.707012 Also teardown failed:
2026-07-14 03:44:54.707025 Several failures occurred:
2026-07-14 03:44:54.707037 
2026-07-14 03:44:54.707049 1) No keyword with name 'Register Keyword To Run On Failure' found.
2026-07-14 03:44:54.707062 
2026-07-14 03:44:54.707074 2) No keyword with name 'Close Browser' found. Did you mean:
2026-07-14 03:44:54.707085     common.Close Test Browser
2026-07-14 03:44:54.707097 ------------------------------------------------------------------------------
2026-07-14 03:44:54.707108 Suites.Cart.TC17 remove products from cart :: TC17 - Remove Produc... | FAIL |
2026-07-14 03:44:54.707708 1 test, 0 passed, 1 failed
2026-07-14 03:44:54.707728 ==============================================================================
2026-07-14 03:44:54.707742 Suites.Cart                                                           | FAIL |
2026-07-14 03:44:54.708106 1 test, 0 passed, 1 failed
2026-07-14 03:44:54.708168 ==============================================================================
2026-07-14 03:44:54.708183 Suites                                                                | FAIL |
2026-07-14 03:44:54.708503 1 test, 0 passed, 1 failed
2026-07-14 03:44:54.708520 ==============================================================================
2026-07-14 03:44:54.708534 Output:  /home/runner/work/engg-robot-testing-framework/engg-robot-testing-framework/reports/pabot_results/7/output.xml
