2026-08-30 05:40:30.239675 ==============================================================================
2026-08-30 05:40:30.267611 Suites
2026-08-30 05:40:30.267640 ==============================================================================
2026-08-30 05:40:30.267657 Suites.Cart
2026-08-30 05:40:30.268498 ==============================================================================
2026-08-30 05:40:30.268538 Suites.Cart.TC13 verify product quantity :: TC13 - Verify Product Quantity ...
2026-08-30 05:40:30.268538 [ ERROR ] Error in file '/home/runner/work/engg-robot-testing-framework/engg-robot-testing-framework/resources/common.resource' on line 4: Importing library 'playwright_keyword_library.PlaywrightKeywordLibrary' failed: ModuleNotFoundError: No module named 'playwright_keyword_library'
2026-08-30 05:40:30.300098 ==============================================================================
2026-08-30 05:40:30.300098 Traceback (most recent call last):
2026-08-30 05:40:30.300126   None
2026-08-30 05:40:30.350295 PYTHONPATH:
2026-08-30 05:40:30.400415   /opt/hostedtoolcache/Python/3.11.16/x64/bin
2026-08-30 05:40:30.450559   /opt/hostedtoolcache/Python/3.11.16/x64/lib/python311.zip
2026-08-30 05:40:30.500696   /opt/hostedtoolcache/Python/3.11.16/x64/lib/python3.11
2026-08-30 05:40:30.550878   /opt/hostedtoolcache/Python/3.11.16/x64/lib/python3.11/lib-dynload
2026-08-30 05:40:30.601063   /opt/hostedtoolcache/Python/3.11.16/x64/lib/python3.11/site-packages
2026-08-30 05:40:30.651216 [ ERROR ] Error in file '/home/runner/work/engg-robot-testing-framework/engg-robot-testing-framework/resources/product_keywords.resource' on line 2: Importing library 'playwright_keyword_library.PlaywrightKeywordLibrary' failed: ModuleNotFoundError: No module named 'playwright_keyword_library'
2026-08-30 05:40:30.701380 Traceback (most recent call last):
2026-08-30 05:40:30.751567   None
2026-08-30 05:40:30.801718 PYTHONPATH:
2026-08-30 05:40:30.851867   /opt/hostedtoolcache/Python/3.11.16/x64/bin
2026-08-30 05:40:30.902075   /opt/hostedtoolcache/Python/3.11.16/x64/lib/python311.zip
2026-08-30 05:40:30.952282   /opt/hostedtoolcache/Python/3.11.16/x64/lib/python3.11
2026-08-30 05:40:31.002387   /opt/hostedtoolcache/Python/3.11.16/x64/lib/python3.11/lib-dynload
2026-08-30 05:40:31.052494   /opt/hostedtoolcache/Python/3.11.16/x64/lib/python3.11/site-packages
2026-08-30 05:40:31.102627 [ ERROR ] Error in file '/home/runner/work/engg-robot-testing-framework/engg-robot-testing-framework/resources/cart_keywords.resource' on line 2: Importing library 'playwright_keyword_library.PlaywrightKeywordLibrary' failed: ModuleNotFoundError: No module named 'playwright_keyword_library'
2026-08-30 05:40:31.152767 Traceback (most recent call last):
2026-08-30 05:40:31.202906   None
2026-08-30 05:40:31.253102 PYTHONPATH:
2026-08-30 05:40:31.303270   /opt/hostedtoolcache/Python/3.11.16/x64/bin
2026-08-30 05:40:31.353418   /opt/hostedtoolcache/Python/3.11.16/x64/lib/python311.zip
2026-08-30 05:40:31.403586   /opt/hostedtoolcache/Python/3.11.16/x64/lib/python3.11
2026-08-30 05:40:31.453741   /opt/hostedtoolcache/Python/3.11.16/x64/lib/python3.11/lib-dynload
2026-08-30 05:40:31.503899   /opt/hostedtoolcache/Python/3.11.16/x64/lib/python3.11/site-packages
2026-08-30 05:40:40.277554 TC13 Verify Product Quantity In Cart                                  | FAIL |
2026-08-30 05:40:40.312402 Setup failed:
2026-08-30 05:40:40.312422 No keyword with name 'Open Browser' found.
2026-08-30 05:40:40.312437 
2026-08-30 05:40:40.312451 Also teardown failed:
2026-08-30 05:40:40.312464 Several failures occurred:
2026-08-30 05:40:40.312476 
2026-08-30 05:40:40.312488 1) No keyword with name 'Register Keyword To Run On Failure' found.
2026-08-30 05:40:40.312499 
2026-08-30 05:40:40.312510 2) No keyword with name 'Close Browser' found. Did you mean:
2026-08-30 05:40:40.312547     common.Close Test Browser
2026-08-30 05:40:40.312567 ------------------------------------------------------------------------------
2026-08-30 05:40:40.312580 Suites.Cart.TC13 verify product quantity :: TC13 - Verify Product ... | FAIL |
2026-08-30 05:40:40.313094 1 test, 0 passed, 1 failed
2026-08-30 05:40:40.313169 ==============================================================================
2026-08-30 05:40:40.313186 Suites.Cart                                                           | FAIL |
2026-08-30 05:40:40.313574 1 test, 0 passed, 1 failed
2026-08-30 05:40:40.313600 ==============================================================================
2026-08-30 05:40:40.313671 Suites                                                                | FAIL |
2026-08-30 05:40:40.314011 1 test, 0 passed, 1 failed
2026-08-30 05:40:40.314030 ==============================================================================
2026-08-30 05:40:40.314042 Output:  /home/runner/work/engg-robot-testing-framework/engg-robot-testing-framework/reports/pabot_results/6/output.xml
