2026-08-29 07:17:00.201450 ==============================================================================
2026-08-29 07:17:00.248664 Suites
2026-08-29 07:17:00.248680 ==============================================================================
2026-08-29 07:17:00.248690 Suites.Cart
2026-08-29 07:17:00.249423 ==============================================================================
2026-08-29 07:17:00.249437 Suites.Cart.TC22 add from recommended items :: TC22 - Add To Cart From Reco...
2026-08-29 07:17:00.249437 [ ERROR ] Error in file '/home/runner/work/engg-robot-testing-framework/engg-robot-testing-framework/resources/common.resource' on line 4: Importing library 'playwright_keyword_library.PlaywrightKeywordLibrary' failed: ModuleNotFoundError: No module named 'playwright_keyword_library'
2026-08-29 07:17:00.268699 ==============================================================================
2026-08-29 07:17:00.268699 Traceback (most recent call last):
2026-08-29 07:17:00.268717   None
2026-08-29 07:17:00.318848 PYTHONPATH:
2026-08-29 07:17:00.369002   /opt/hostedtoolcache/Python/3.11.16/x64/bin
2026-08-29 07:17:00.419123   /opt/hostedtoolcache/Python/3.11.16/x64/lib/python311.zip
2026-08-29 07:17:00.469297   /opt/hostedtoolcache/Python/3.11.16/x64/lib/python3.11
2026-08-29 07:17:00.519426   /opt/hostedtoolcache/Python/3.11.16/x64/lib/python3.11/lib-dynload
2026-08-29 07:17:00.569581   /opt/hostedtoolcache/Python/3.11.16/x64/lib/python3.11/site-packages
2026-08-29 07:17:00.619703 [ ERROR ] Error in file '/home/runner/work/engg-robot-testing-framework/engg-robot-testing-framework/resources/cart_keywords.resource' on line 2: Importing library 'playwright_keyword_library.PlaywrightKeywordLibrary' failed: ModuleNotFoundError: No module named 'playwright_keyword_library'
2026-08-29 07:17:00.669854 Traceback (most recent call last):
2026-08-29 07:17:00.720001   None
2026-08-29 07:17:00.770166 PYTHONPATH:
2026-08-29 07:17:00.820296   /opt/hostedtoolcache/Python/3.11.16/x64/bin
2026-08-29 07:17:00.870469   /opt/hostedtoolcache/Python/3.11.16/x64/lib/python311.zip
2026-08-29 07:17:00.920595   /opt/hostedtoolcache/Python/3.11.16/x64/lib/python3.11
2026-08-29 07:17:00.970804   /opt/hostedtoolcache/Python/3.11.16/x64/lib/python3.11/lib-dynload
2026-08-29 07:17:01.020997   /opt/hostedtoolcache/Python/3.11.16/x64/lib/python3.11/site-packages
2026-08-29 07:17:10.241405 TC22 Add To Cart From Recommended Items                               | FAIL |
2026-08-29 07:17:10.278091 Setup failed:
2026-08-29 07:17:10.278108 No keyword with name 'Open Browser' found.
2026-08-29 07:17:10.278117 
2026-08-29 07:17:10.278126 Also teardown failed:
2026-08-29 07:17:10.278134 Several failures occurred:
2026-08-29 07:17:10.278142 
2026-08-29 07:17:10.278150 1) No keyword with name 'Register Keyword To Run On Failure' found.
2026-08-29 07:17:10.278159 
2026-08-29 07:17:10.278166 2) No keyword with name 'Close Browser' found. Did you mean:
2026-08-29 07:17:10.278174     common.Close Test Browser
2026-08-29 07:17:10.278182 ------------------------------------------------------------------------------
2026-08-29 07:17:10.278190 Suites.Cart.TC22 add from recommended items :: TC22 - Add To Cart ... | FAIL |
2026-08-29 07:17:10.278639 1 test, 0 passed, 1 failed
2026-08-29 07:17:10.278700 ==============================================================================
2026-08-29 07:17:10.278710 Suites.Cart                                                           | FAIL |
2026-08-29 07:17:10.279027 1 test, 0 passed, 1 failed
2026-08-29 07:17:10.279078 ==============================================================================
2026-08-29 07:17:10.279088 Suites                                                                | FAIL |
2026-08-29 07:17:10.279331 1 test, 0 passed, 1 failed
2026-08-29 07:17:10.279391 ==============================================================================
2026-08-29 07:17:10.279401 Output:  /home/runner/work/engg-robot-testing-framework/engg-robot-testing-framework/reports/pabot_results/9/output.xml
