2026-07-20 04:14:13.957674 ==============================================================================
2026-07-20 04:14:13.977469 Suites
2026-07-20 04:14:13.977494 ==============================================================================
2026-07-20 04:14:13.977507 Suites.Cart
2026-07-20 04:14:13.978304 ==============================================================================
2026-07-20 04:14:13.978319 Suites.Cart.TC20 search and verify cart after login :: TC20 - Search Produc...
2026-07-20 04:14:13.978319 [ ERROR ] Error in file '/home/runner/work/engg-robot-testing-framework/engg-robot-testing-framework/tests/cart/TC20_search_and_verify_cart_after_login.robot' on line 3: Importing library 'playwright_keyword_library.PlaywrightKeywordLibrary' failed: ModuleNotFoundError: No module named 'playwright_keyword_library'
2026-07-20 04:14:14.012242 ==============================================================================
2026-07-20 04:14:14.012242 Traceback (most recent call last):
2026-07-20 04:14:14.012265   None
2026-07-20 04:14:14.062371 PYTHONPATH:
2026-07-20 04:14:14.112518   /opt/hostedtoolcache/Python/3.11.15/x64/bin
2026-07-20 04:14:14.162632   /opt/hostedtoolcache/Python/3.11.15/x64/lib/python311.zip
2026-07-20 04:14:14.212788   /opt/hostedtoolcache/Python/3.11.15/x64/lib/python3.11
2026-07-20 04:14:14.262940   /opt/hostedtoolcache/Python/3.11.15/x64/lib/python3.11/lib-dynload
2026-07-20 04:14:14.313095   /opt/hostedtoolcache/Python/3.11.15/x64/lib/python3.11/site-packages
2026-07-20 04:14:14.363250 [ ERROR ] Error in file '/home/runner/work/engg-robot-testing-framework/engg-robot-testing-framework/resources/common.resource' on line 4: Importing library 'playwright_keyword_library.PlaywrightKeywordLibrary' failed: ModuleNotFoundError: No module named 'playwright_keyword_library'
2026-07-20 04:14:14.413420 Traceback (most recent call last):
2026-07-20 04:14:14.463583   None
2026-07-20 04:14:14.513763 PYTHONPATH:
2026-07-20 04:14:14.563933   /opt/hostedtoolcache/Python/3.11.15/x64/bin
2026-07-20 04:14:14.614121   /opt/hostedtoolcache/Python/3.11.15/x64/lib/python311.zip
2026-07-20 04:14:14.664240   /opt/hostedtoolcache/Python/3.11.15/x64/lib/python3.11
2026-07-20 04:14:14.714427   /opt/hostedtoolcache/Python/3.11.15/x64/lib/python3.11/lib-dynload
2026-07-20 04:14:14.764596   /opt/hostedtoolcache/Python/3.11.15/x64/lib/python3.11/site-packages
2026-07-20 04:14:14.814772 [ ERROR ] Error in file '/home/runner/work/engg-robot-testing-framework/engg-robot-testing-framework/resources/product_keywords.resource' on line 2: Importing library 'playwright_keyword_library.PlaywrightKeywordLibrary' failed: ModuleNotFoundError: No module named 'playwright_keyword_library'
2026-07-20 04:14:14.864923 Traceback (most recent call last):
2026-07-20 04:14:14.915098   None
2026-07-20 04:14:14.965229 PYTHONPATH:
2026-07-20 04:14:15.015416   /opt/hostedtoolcache/Python/3.11.15/x64/bin
2026-07-20 04:14:15.065560   /opt/hostedtoolcache/Python/3.11.15/x64/lib/python311.zip
2026-07-20 04:14:15.115749   /opt/hostedtoolcache/Python/3.11.15/x64/lib/python3.11
2026-07-20 04:14:15.165899   /opt/hostedtoolcache/Python/3.11.15/x64/lib/python3.11/lib-dynload
2026-07-20 04:14:15.216094   /opt/hostedtoolcache/Python/3.11.15/x64/lib/python3.11/site-packages
2026-07-20 04:14:15.266236 [ ERROR ] Error in file '/home/runner/work/engg-robot-testing-framework/engg-robot-testing-framework/resources/cart_keywords.resource' on line 2: Importing library 'playwright_keyword_library.PlaywrightKeywordLibrary' failed: ModuleNotFoundError: No module named 'playwright_keyword_library'
2026-07-20 04:14:15.316412 Traceback (most recent call last):
2026-07-20 04:14:15.366549   None
2026-07-20 04:14:15.416726 PYTHONPATH:
2026-07-20 04:14:15.466863   /opt/hostedtoolcache/Python/3.11.15/x64/bin
2026-07-20 04:14:15.517003   /opt/hostedtoolcache/Python/3.11.15/x64/lib/python311.zip
2026-07-20 04:14:15.567131   /opt/hostedtoolcache/Python/3.11.15/x64/lib/python3.11
2026-07-20 04:14:15.617295   /opt/hostedtoolcache/Python/3.11.15/x64/lib/python3.11/lib-dynload
2026-07-20 04:14:15.667432   /opt/hostedtoolcache/Python/3.11.15/x64/lib/python3.11/site-packages
2026-07-20 04:14:15.717615 [ ERROR ] Error in file '/home/runner/work/engg-robot-testing-framework/engg-robot-testing-framework/resources/auth_keywords.resource' on line 2: Importing library 'playwright_keyword_library.PlaywrightKeywordLibrary' failed: ModuleNotFoundError: No module named 'playwright_keyword_library'
2026-07-20 04:14:15.767764 Traceback (most recent call last):
2026-07-20 04:14:15.817941   None
2026-07-20 04:14:15.868103 PYTHONPATH:
2026-07-20 04:14:15.918333   /opt/hostedtoolcache/Python/3.11.15/x64/bin
2026-07-20 04:14:15.968487   /opt/hostedtoolcache/Python/3.11.15/x64/lib/python311.zip
2026-07-20 04:14:16.018663   /opt/hostedtoolcache/Python/3.11.15/x64/lib/python3.11
2026-07-20 04:14:16.068791   /opt/hostedtoolcache/Python/3.11.15/x64/lib/python3.11/lib-dynload
2026-07-20 04:14:16.118974   /opt/hostedtoolcache/Python/3.11.15/x64/lib/python3.11/site-packages
2026-07-20 04:14:23.988759 TC20 Search Products And Verify Cart After Login                      | FAIL |
2026-07-20 04:14:24.023847 Setup failed:
2026-07-20 04:14:24.023869 No keyword with name 'Open Browser' found.
2026-07-20 04:14:24.023884 
2026-07-20 04:14:24.023897 Also teardown failed:
2026-07-20 04:14:24.023912 Several failures occurred:
2026-07-20 04:14:24.023921 
2026-07-20 04:14:24.023932 1) No keyword with name 'Register Keyword To Run On Failure' found.
2026-07-20 04:14:24.023944 
2026-07-20 04:14:24.023954 2) No keyword with name 'Close Browser' found. Did you mean:
2026-07-20 04:14:24.023987     common.Close Test Browser
2026-07-20 04:14:24.023997 ------------------------------------------------------------------------------
2026-07-20 04:14:24.024008 Suites.Cart.TC20 search and verify cart after login :: TC20 - Sear... | FAIL |
2026-07-20 04:14:24.024530 1 test, 0 passed, 1 failed
2026-07-20 04:14:24.024585 ==============================================================================
2026-07-20 04:14:24.024595 Suites.Cart                                                           | FAIL |
2026-07-20 04:14:24.024905 1 test, 0 passed, 1 failed
2026-07-20 04:14:24.024934 ==============================================================================
2026-07-20 04:14:24.024944 Suites                                                                | FAIL |
2026-07-20 04:14:24.025223 1 test, 0 passed, 1 failed
2026-07-20 04:14:24.025268 ==============================================================================
2026-07-20 04:14:24.025278 Output:  /home/runner/work/engg-robot-testing-framework/engg-robot-testing-framework/reports/pabot_results/8/output.xml
