2026-06-27 04:35:11.899824 ==============================================================================
2026-06-27 04:35:11.914941 Suites
2026-06-27 04:35:11.914963 ==============================================================================
2026-06-27 04:35:11.914978 Suites.Cart
2026-06-27 04:35:11.915751 ==============================================================================
2026-06-27 04:35:11.915770 Suites.Cart.TC20 search and verify cart after login :: TC20 - Search Produc...
2026-06-27 04:35:11.915770 [ ERROR ] Error in file '/home/runner/work/engg-robot-testing-framework/engg-robot-testing-framework/tests/cart/TC20_search_and_verify_cart_after_login.robot' on line 3: Importing library 'playwright_keyword_library.PlaywrightKeywordLibrary' failed: ModuleNotFoundError: No module named 'playwright_keyword_library'
2026-06-27 04:35:11.952584 ==============================================================================
2026-06-27 04:35:11.952584 Traceback (most recent call last):
2026-06-27 04:35:11.952607   None
2026-06-27 04:35:12.002716 PYTHONPATH:
2026-06-27 04:35:12.052816   /opt/hostedtoolcache/Python/3.11.15/x64/bin
2026-06-27 04:35:12.102920   /opt/hostedtoolcache/Python/3.11.15/x64/lib/python311.zip
2026-06-27 04:35:12.153026   /opt/hostedtoolcache/Python/3.11.15/x64/lib/python3.11
2026-06-27 04:35:12.203130   /opt/hostedtoolcache/Python/3.11.15/x64/lib/python3.11/lib-dynload
2026-06-27 04:35:12.253232   /opt/hostedtoolcache/Python/3.11.15/x64/lib/python3.11/site-packages
2026-06-27 04:35:12.303364 [ ERROR ] Error in file '/home/runner/work/engg-robot-testing-framework/engg-robot-testing-framework/resources/common.resource' on line 4: Importing library 'playwright_keyword_library.PlaywrightKeywordLibrary' failed: ModuleNotFoundError: No module named 'playwright_keyword_library'
2026-06-27 04:35:12.353467 Traceback (most recent call last):
2026-06-27 04:35:12.403575   None
2026-06-27 04:35:12.453673 PYTHONPATH:
2026-06-27 04:35:12.503774   /opt/hostedtoolcache/Python/3.11.15/x64/bin
2026-06-27 04:35:12.553869   /opt/hostedtoolcache/Python/3.11.15/x64/lib/python311.zip
2026-06-27 04:35:12.604002   /opt/hostedtoolcache/Python/3.11.15/x64/lib/python3.11
2026-06-27 04:35:12.654139   /opt/hostedtoolcache/Python/3.11.15/x64/lib/python3.11/lib-dynload
2026-06-27 04:35:12.704296   /opt/hostedtoolcache/Python/3.11.15/x64/lib/python3.11/site-packages
2026-06-27 04:35:12.754452 [ ERROR ] Error in file '/home/runner/work/engg-robot-testing-framework/engg-robot-testing-framework/resources/product_keywords.resource' on line 2: Importing library 'playwright_keyword_library.PlaywrightKeywordLibrary' failed: ModuleNotFoundError: No module named 'playwright_keyword_library'
2026-06-27 04:35:12.804617 Traceback (most recent call last):
2026-06-27 04:35:12.854741   None
2026-06-27 04:35:12.904892 PYTHONPATH:
2026-06-27 04:35:12.955043   /opt/hostedtoolcache/Python/3.11.15/x64/bin
2026-06-27 04:35:13.005195   /opt/hostedtoolcache/Python/3.11.15/x64/lib/python311.zip
2026-06-27 04:35:13.055336   /opt/hostedtoolcache/Python/3.11.15/x64/lib/python3.11
2026-06-27 04:35:13.105503   /opt/hostedtoolcache/Python/3.11.15/x64/lib/python3.11/lib-dynload
2026-06-27 04:35:13.155649   /opt/hostedtoolcache/Python/3.11.15/x64/lib/python3.11/site-packages
2026-06-27 04:35:13.205798 [ ERROR ] Error in file '/home/runner/work/engg-robot-testing-framework/engg-robot-testing-framework/resources/cart_keywords.resource' on line 2: Importing library 'playwright_keyword_library.PlaywrightKeywordLibrary' failed: ModuleNotFoundError: No module named 'playwright_keyword_library'
2026-06-27 04:35:13.255963 Traceback (most recent call last):
2026-06-27 04:35:13.306121   None
2026-06-27 04:35:13.356235 PYTHONPATH:
2026-06-27 04:35:13.406395   /opt/hostedtoolcache/Python/3.11.15/x64/bin
2026-06-27 04:35:13.456529   /opt/hostedtoolcache/Python/3.11.15/x64/lib/python311.zip
2026-06-27 04:35:13.506681   /opt/hostedtoolcache/Python/3.11.15/x64/lib/python3.11
2026-06-27 04:35:13.556829   /opt/hostedtoolcache/Python/3.11.15/x64/lib/python3.11/lib-dynload
2026-06-27 04:35:13.607019   /opt/hostedtoolcache/Python/3.11.15/x64/lib/python3.11/site-packages
2026-06-27 04:35:13.657175 [ ERROR ] Error in file '/home/runner/work/engg-robot-testing-framework/engg-robot-testing-framework/resources/auth_keywords.resource' on line 2: Importing library 'playwright_keyword_library.PlaywrightKeywordLibrary' failed: ModuleNotFoundError: No module named 'playwright_keyword_library'
2026-06-27 04:35:13.707345 Traceback (most recent call last):
2026-06-27 04:35:13.757495   None
2026-06-27 04:35:13.807654 PYTHONPATH:
2026-06-27 04:35:13.857807   /opt/hostedtoolcache/Python/3.11.15/x64/bin
2026-06-27 04:35:13.907960   /opt/hostedtoolcache/Python/3.11.15/x64/lib/python311.zip
2026-06-27 04:35:13.958110   /opt/hostedtoolcache/Python/3.11.15/x64/lib/python3.11
2026-06-27 04:35:14.008276   /opt/hostedtoolcache/Python/3.11.15/x64/lib/python3.11/lib-dynload
2026-06-27 04:35:14.058423   /opt/hostedtoolcache/Python/3.11.15/x64/lib/python3.11/site-packages
2026-06-27 04:35:21.927882 TC20 Search Products And Verify Cart After Login                      | FAIL |
2026-06-27 04:35:21.964008 Setup failed:
2026-06-27 04:35:21.964025 No keyword with name 'Open Browser' found.
2026-06-27 04:35:21.964037 
2026-06-27 04:35:21.964048 Also teardown failed:
2026-06-27 04:35:21.964059 Several failures occurred:
2026-06-27 04:35:21.964070 
2026-06-27 04:35:21.964080 1) No keyword with name 'Register Keyword To Run On Failure' found.
2026-06-27 04:35:21.964091 
2026-06-27 04:35:21.964101 2) No keyword with name 'Close Browser' found. Did you mean:
2026-06-27 04:35:21.964112     common.Close Test Browser
2026-06-27 04:35:21.964122 ------------------------------------------------------------------------------
2026-06-27 04:35:21.964133 Suites.Cart.TC20 search and verify cart after login :: TC20 - Sear... | FAIL |
2026-06-27 04:35:21.964666 1 test, 0 passed, 1 failed
2026-06-27 04:35:21.964734 ==============================================================================
2026-06-27 04:35:21.964746 Suites.Cart                                                           | FAIL |
2026-06-27 04:35:21.965087 1 test, 0 passed, 1 failed
2026-06-27 04:35:21.965175 ==============================================================================
2026-06-27 04:35:21.965189 Suites                                                                | FAIL |
2026-06-27 04:35:21.965576 1 test, 0 passed, 1 failed
2026-06-27 04:35:21.965653 ==============================================================================
2026-06-27 04:35:21.965665 Output:  /home/runner/work/engg-robot-testing-framework/engg-robot-testing-framework/reports/pabot_results/8/output.xml
