2026-07-31 04:00:19.126526 ==============================================================================
2026-07-31 04:00:19.151063 Suites
2026-07-31 04:00:19.151084 ==============================================================================
2026-07-31 04:00:19.151098 Suites.Cart
2026-07-31 04:00:19.152017 ==============================================================================
2026-07-31 04:00:19.152036 Suites.Cart.TC12 add products to cart :: TC12 - Add Products In Cart
2026-07-31 04:00:19.152036 [ ERROR ] Error in file '/home/runner/work/engg-robot-testing-framework/engg-robot-testing-framework/resources/common.resource' on line 4: Importing library 'playwright_keyword_library.PlaywrightKeywordLibrary' failed: ModuleNotFoundError: No module named 'playwright_keyword_library'
2026-07-31 04:00:19.183825 ==============================================================================
2026-07-31 04:00:19.183825 Traceback (most recent call last):
2026-07-31 04:00:19.183851   None
2026-07-31 04:00:19.234005 PYTHONPATH:
2026-07-31 04:00:19.284120   /opt/hostedtoolcache/Python/3.11.15/x64/bin
2026-07-31 04:00:19.334254   /opt/hostedtoolcache/Python/3.11.15/x64/lib/python311.zip
2026-07-31 04:00:19.384379   /opt/hostedtoolcache/Python/3.11.15/x64/lib/python3.11
2026-07-31 04:00:19.434514   /opt/hostedtoolcache/Python/3.11.15/x64/lib/python3.11/lib-dynload
2026-07-31 04:00:19.484660   /opt/hostedtoolcache/Python/3.11.15/x64/lib/python3.11/site-packages
2026-07-31 04:00:19.534835 [ ERROR ] Error in file '/home/runner/work/engg-robot-testing-framework/engg-robot-testing-framework/resources/product_keywords.resource' on line 2: Importing library 'playwright_keyword_library.PlaywrightKeywordLibrary' failed: ModuleNotFoundError: No module named 'playwright_keyword_library'
2026-07-31 04:00:19.584974 Traceback (most recent call last):
2026-07-31 04:00:19.635125   None
2026-07-31 04:00:19.685267 PYTHONPATH:
2026-07-31 04:00:19.735442   /opt/hostedtoolcache/Python/3.11.15/x64/bin
2026-07-31 04:00:19.785723   /opt/hostedtoolcache/Python/3.11.15/x64/lib/python311.zip
2026-07-31 04:00:19.835887   /opt/hostedtoolcache/Python/3.11.15/x64/lib/python3.11
2026-07-31 04:00:19.886032   /opt/hostedtoolcache/Python/3.11.15/x64/lib/python3.11/lib-dynload
2026-07-31 04:00:19.936195   /opt/hostedtoolcache/Python/3.11.15/x64/lib/python3.11/site-packages
2026-07-31 04:00:19.986351 [ ERROR ] Error in file '/home/runner/work/engg-robot-testing-framework/engg-robot-testing-framework/resources/cart_keywords.resource' on line 2: Importing library 'playwright_keyword_library.PlaywrightKeywordLibrary' failed: ModuleNotFoundError: No module named 'playwright_keyword_library'
2026-07-31 04:00:20.036550 Traceback (most recent call last):
2026-07-31 04:00:20.086747   None
2026-07-31 04:00:20.136945 PYTHONPATH:
2026-07-31 04:00:20.187078   /opt/hostedtoolcache/Python/3.11.15/x64/bin
2026-07-31 04:00:20.237263   /opt/hostedtoolcache/Python/3.11.15/x64/lib/python311.zip
2026-07-31 04:00:20.287416   /opt/hostedtoolcache/Python/3.11.15/x64/lib/python3.11
2026-07-31 04:00:20.337601   /opt/hostedtoolcache/Python/3.11.15/x64/lib/python3.11/lib-dynload
2026-07-31 04:00:20.387771   /opt/hostedtoolcache/Python/3.11.15/x64/lib/python3.11/site-packages
2026-07-31 04:00:29.162897 TC12 Add Products In Cart                                             | FAIL |
2026-07-31 04:00:29.195324 Setup failed:
2026-07-31 04:00:29.195347 No keyword with name 'Open Browser' found.
2026-07-31 04:00:29.195365 
2026-07-31 04:00:29.195381 Also teardown failed:
2026-07-31 04:00:29.195396 Several failures occurred:
2026-07-31 04:00:29.195409 
2026-07-31 04:00:29.195424 1) No keyword with name 'Register Keyword To Run On Failure' found.
2026-07-31 04:00:29.195439 
2026-07-31 04:00:29.195453 2) No keyword with name 'Close Browser' found. Did you mean:
2026-07-31 04:00:29.195468     common.Close Test Browser
2026-07-31 04:00:29.195484 ------------------------------------------------------------------------------
2026-07-31 04:00:29.195498 Suites.Cart.TC12 add products to cart :: TC12 - Add Products In Cart  | FAIL |
2026-07-31 04:00:29.196012 1 test, 0 passed, 1 failed
2026-07-31 04:00:29.196033 ==============================================================================
2026-07-31 04:00:29.196050 Suites.Cart                                                           | FAIL |
2026-07-31 04:00:29.196450 1 test, 0 passed, 1 failed
2026-07-31 04:00:29.196540 ==============================================================================
2026-07-31 04:00:29.196559 Suites                                                                | FAIL |
2026-07-31 04:00:29.196865 1 test, 0 passed, 1 failed
2026-07-31 04:00:29.196898 ==============================================================================
2026-07-31 04:00:29.196974 Output:  /home/runner/work/engg-robot-testing-framework/engg-robot-testing-framework/reports/pabot_results/5/output.xml
