2026-06-13 05:02:31.441442 ==============================================================================
2026-06-13 05:02:31.455466 Suites
2026-06-13 05:02:31.455490 ==============================================================================
2026-06-13 05:02:31.455540 Suites.Auth
2026-06-13 05:02:31.456277 ==============================================================================
2026-06-13 05:02:31.606577 Suites.Auth.TC02 login valid
2026-06-13 05:02:31.626688 ==============================================================================
2026-06-13 05:03:56.838523 TC02 Login User With Correct Email And Password                       | FAIL |
2026-06-13 05:03:56.857783 Element 'xpath=//a[contains(text(),'Logout')]' not visible after 45 seconds.
2026-06-13 05:03:56.857798 ------------------------------------------------------------------------------
2026-06-13 05:03:56.857807 Suites.Auth.TC02 login valid                                          | FAIL |
2026-06-13 05:03:56.858403 1 test, 0 passed, 1 failed
2026-06-13 05:03:56.858413 ==============================================================================
2026-06-13 05:03:56.858421 Suites.Auth                                                           | FAIL |
2026-06-13 05:03:56.858731 1 test, 0 passed, 1 failed
2026-06-13 05:03:56.858740 ==============================================================================
2026-06-13 05:03:56.858748 Suites                                                                | FAIL |
2026-06-13 05:03:56.859030 1 test, 0 passed, 1 failed
2026-06-13 05:03:56.859048 ==============================================================================
2026-06-13 05:03:56.859087 Output:  /home/runner/work/engg-robot-testing-framework/engg-robot-testing-framework/reports/pabot_results/1/output.xml
