2026-08-21 02:08:02.331350 ==============================================================================
2026-08-21 02:08:02.347039 Suites
2026-08-21 02:08:02.347058 ==============================================================================
2026-08-21 02:08:02.347071 Suites.Cart
2026-08-21 02:08:02.347796 ==============================================================================
2026-08-21 02:08:02.347810 Suites.Cart.TC17 remove products from cart :: TC17 - Remove Products From Cart
2026-08-21 02:08:02.347810 [ ERROR ] Error in file '/home/runner/work/engg-robot-testing-framework/engg-robot-testing-framework/resources/common.resource' on line 4: Importing library 'playwright_keyword_library.PlaywrightKeywordLibrary' failed: ModuleNotFoundError: No module named 'playwright_keyword_library'
2026-08-21 02:08:02.374758 ==============================================================================
2026-08-21 02:08:02.374758 Traceback (most recent call last):
2026-08-21 02:08:02.374779   None
2026-08-21 02:08:02.424891 PYTHONPATH:
2026-08-21 02:08:02.474996   /opt/hostedtoolcache/Python/3.11.16/x64/bin
2026-08-21 02:08:02.525131   /opt/hostedtoolcache/Python/3.11.16/x64/lib/python311.zip
2026-08-21 02:08:02.575213   /opt/hostedtoolcache/Python/3.11.16/x64/lib/python3.11
2026-08-21 02:08:02.625345   /opt/hostedtoolcache/Python/3.11.16/x64/lib/python3.11/lib-dynload
2026-08-21 02:08:02.675478   /opt/hostedtoolcache/Python/3.11.16/x64/lib/python3.11/site-packages
2026-08-21 02:08:02.725614 [ ERROR ] Error in file '/home/runner/work/engg-robot-testing-framework/engg-robot-testing-framework/resources/product_keywords.resource' on line 2: Importing library 'playwright_keyword_library.PlaywrightKeywordLibrary' failed: ModuleNotFoundError: No module named 'playwright_keyword_library'
2026-08-21 02:08:02.775750 Traceback (most recent call last):
2026-08-21 02:08:02.825884   None
2026-08-21 02:08:02.876018 PYTHONPATH:
2026-08-21 02:08:02.926175   /opt/hostedtoolcache/Python/3.11.16/x64/bin
2026-08-21 02:08:02.976313   /opt/hostedtoolcache/Python/3.11.16/x64/lib/python311.zip
2026-08-21 02:08:03.026451   /opt/hostedtoolcache/Python/3.11.16/x64/lib/python3.11
2026-08-21 02:08:03.076585   /opt/hostedtoolcache/Python/3.11.16/x64/lib/python3.11/lib-dynload
2026-08-21 02:08:03.126717   /opt/hostedtoolcache/Python/3.11.16/x64/lib/python3.11/site-packages
2026-08-21 02:08:03.176849 [ ERROR ] Error in file '/home/runner/work/engg-robot-testing-framework/engg-robot-testing-framework/resources/cart_keywords.resource' on line 2: Importing library 'playwright_keyword_library.PlaywrightKeywordLibrary' failed: ModuleNotFoundError: No module named 'playwright_keyword_library'
2026-08-21 02:08:03.226983 Traceback (most recent call last):
2026-08-21 02:08:03.277116   None
2026-08-21 02:08:03.327248 PYTHONPATH:
2026-08-21 02:08:03.377380   /opt/hostedtoolcache/Python/3.11.16/x64/bin
2026-08-21 02:08:03.427510   /opt/hostedtoolcache/Python/3.11.16/x64/lib/python311.zip
2026-08-21 02:08:03.477645   /opt/hostedtoolcache/Python/3.11.16/x64/lib/python3.11
2026-08-21 02:08:03.527780   /opt/hostedtoolcache/Python/3.11.16/x64/lib/python3.11/lib-dynload
2026-08-21 02:08:03.577912   /opt/hostedtoolcache/Python/3.11.16/x64/lib/python3.11/site-packages
2026-08-21 02:08:12.350211 TC17 Remove Products From Cart                                        | FAIL |
2026-08-21 02:08:12.385490 Setup failed:
2026-08-21 02:08:12.385510 No keyword with name 'Open Browser' found.
2026-08-21 02:08:12.385525 
2026-08-21 02:08:12.385540 Also teardown failed:
2026-08-21 02:08:12.385557 Several failures occurred:
2026-08-21 02:08:12.385572 
2026-08-21 02:08:12.385673 1) No keyword with name 'Register Keyword To Run On Failure' found.
2026-08-21 02:08:12.385693 
2026-08-21 02:08:12.385770 2) No keyword with name 'Close Browser' found. Did you mean:
2026-08-21 02:08:12.385783     common.Close Test Browser
2026-08-21 02:08:12.385793 ------------------------------------------------------------------------------
2026-08-21 02:08:12.385804 Suites.Cart.TC17 remove products from cart :: TC17 - Remove Produc... | FAIL |
2026-08-21 02:08:12.386217 1 test, 0 passed, 1 failed
2026-08-21 02:08:12.386254 ==============================================================================
2026-08-21 02:08:12.386266 Suites.Cart                                                           | FAIL |
2026-08-21 02:08:12.386640 1 test, 0 passed, 1 failed
2026-08-21 02:08:12.386659 ==============================================================================
2026-08-21 02:08:12.386717 Suites                                                                | FAIL |
2026-08-21 02:08:12.386963 1 test, 0 passed, 1 failed
2026-08-21 02:08:12.386977 ==============================================================================
2026-08-21 02:08:12.386989 Output:  /home/runner/work/engg-robot-testing-framework/engg-robot-testing-framework/reports/pabot_results/7/output.xml
