2026-08-18 01:58:01.558765 ==============================================================================
2026-08-18 01:58:01.569376 Suites
2026-08-18 01:58:01.569397 ==============================================================================
2026-08-18 01:58:01.569411 Suites.Cart
2026-08-18 01:58:01.570127 ==============================================================================
2026-08-18 01:58:01.570141 Suites.Cart.TC22 add from recommended items :: TC22 - Add To Cart From Reco...
2026-08-18 01:58:01.570141 [ ERROR ] Error in file '/home/runner/work/engg-robot-testing-framework/engg-robot-testing-framework/resources/common.resource' on line 4: Importing library 'playwright_keyword_library.PlaywrightKeywordLibrary' failed: ModuleNotFoundError: No module named 'playwright_keyword_library'
2026-08-18 01:58:01.591101 ==============================================================================
2026-08-18 01:58:01.591101 Traceback (most recent call last):
2026-08-18 01:58:01.591125   None
2026-08-18 01:58:01.641262 PYTHONPATH:
2026-08-18 01:58:01.691383   /opt/hostedtoolcache/Python/3.11.15/x64/bin
2026-08-18 01:58:01.741541   /opt/hostedtoolcache/Python/3.11.15/x64/lib/python311.zip
2026-08-18 01:58:01.791664   /opt/hostedtoolcache/Python/3.11.15/x64/lib/python3.11
2026-08-18 01:58:01.841831   /opt/hostedtoolcache/Python/3.11.15/x64/lib/python3.11/lib-dynload
2026-08-18 01:58:01.891954   /opt/hostedtoolcache/Python/3.11.15/x64/lib/python3.11/site-packages
2026-08-18 01:58:01.942114 [ ERROR ] Error in file '/home/runner/work/engg-robot-testing-framework/engg-robot-testing-framework/resources/cart_keywords.resource' on line 2: Importing library 'playwright_keyword_library.PlaywrightKeywordLibrary' failed: ModuleNotFoundError: No module named 'playwright_keyword_library'
2026-08-18 01:58:01.992235 Traceback (most recent call last):
2026-08-18 01:58:02.042397   None
2026-08-18 01:58:02.092516 PYTHONPATH:
2026-08-18 01:58:02.142685   /opt/hostedtoolcache/Python/3.11.15/x64/bin
2026-08-18 01:58:02.192768   /opt/hostedtoolcache/Python/3.11.15/x64/lib/python311.zip
2026-08-18 01:58:02.242935   /opt/hostedtoolcache/Python/3.11.15/x64/lib/python3.11
2026-08-18 01:58:02.293054   /opt/hostedtoolcache/Python/3.11.15/x64/lib/python3.11/lib-dynload
2026-08-18 01:58:02.343225   /opt/hostedtoolcache/Python/3.11.15/x64/lib/python3.11/site-packages
2026-08-18 01:58:11.567419 TC22 Add To Cart From Recommended Items                               | FAIL |
2026-08-18 01:58:11.600761 Setup failed:
2026-08-18 01:58:11.600775 No keyword with name 'Open Browser' found.
2026-08-18 01:58:11.600784 
2026-08-18 01:58:11.600792 Also teardown failed:
2026-08-18 01:58:11.600799 Several failures occurred:
2026-08-18 01:58:11.600805 
2026-08-18 01:58:11.600812 1) No keyword with name 'Register Keyword To Run On Failure' found.
2026-08-18 01:58:11.600819 
2026-08-18 01:58:11.600825 2) No keyword with name 'Close Browser' found. Did you mean:
2026-08-18 01:58:11.600832     common.Close Test Browser
2026-08-18 01:58:11.600839 ------------------------------------------------------------------------------
2026-08-18 01:58:11.600845 Suites.Cart.TC22 add from recommended items :: TC22 - Add To Cart ... | FAIL |
2026-08-18 01:58:11.601344 1 test, 0 passed, 1 failed
2026-08-18 01:58:11.601379 ==============================================================================
2026-08-18 01:58:11.601389 Suites.Cart                                                           | FAIL |
2026-08-18 01:58:11.601716 1 test, 0 passed, 1 failed
2026-08-18 01:58:11.601770 ==============================================================================
2026-08-18 01:58:11.601778 Suites                                                                | FAIL |
2026-08-18 01:58:11.602045 1 test, 0 passed, 1 failed
2026-08-18 01:58:11.602082 ==============================================================================
2026-08-18 01:58:11.602089 Output:  /home/runner/work/engg-robot-testing-framework/engg-robot-testing-framework/reports/pabot_results/9/output.xml
