2026-09-16 05:04:55.843060 ==============================================================================
2026-09-16 05:04:55.870597 Suites
2026-09-16 05:04:55.870618 ==============================================================================
2026-09-16 05:04:55.870635 Suites.Auth
2026-09-16 05:04:55.871611 ==============================================================================
2026-09-16 05:04:55.871629 Suites.Auth.TC03 login invalid
2026-09-16 05:04:55.871629 [ ERROR ] Error in file '/home/runner/work/engg-robot-testing-framework/engg-robot-testing-framework/tests/auth/TC03_login_invalid.robot' on line 2: Importing library 'playwright_keyword_library.PlaywrightKeywordLibrary' failed: ModuleNotFoundError: No module named 'playwright_keyword_library'
2026-09-16 05:04:55.893304 ==============================================================================
2026-09-16 05:04:55.893304 Traceback (most recent call last):
2026-09-16 05:04:55.893330   None
2026-09-16 05:04:55.943460 PYTHONPATH:
2026-09-16 05:04:55.993571   /opt/hostedtoolcache/Python/3.11.16/x64/bin
2026-09-16 05:04:56.043689   /opt/hostedtoolcache/Python/3.11.16/x64/lib/python311.zip
2026-09-16 05:04:56.093794   /opt/hostedtoolcache/Python/3.11.16/x64/lib/python3.11
2026-09-16 05:04:56.143904   /opt/hostedtoolcache/Python/3.11.16/x64/lib/python3.11/lib-dynload
2026-09-16 05:04:56.194039   /opt/hostedtoolcache/Python/3.11.16/x64/lib/python3.11/site-packages
2026-09-16 05:04:56.244195 [ ERROR ] Error in file '/home/runner/work/engg-robot-testing-framework/engg-robot-testing-framework/resources/auth_keywords.resource' on line 2: Importing library 'playwright_keyword_library.PlaywrightKeywordLibrary' failed: ModuleNotFoundError: No module named 'playwright_keyword_library'
2026-09-16 05:04:56.294332 Traceback (most recent call last):
2026-09-16 05:04:56.344491   None
2026-09-16 05:04:56.394625 PYTHONPATH:
2026-09-16 05:04:56.444781   /opt/hostedtoolcache/Python/3.11.16/x64/bin
2026-09-16 05:04:56.494916   /opt/hostedtoolcache/Python/3.11.16/x64/lib/python311.zip
2026-09-16 05:04:56.545074   /opt/hostedtoolcache/Python/3.11.16/x64/lib/python3.11
2026-09-16 05:04:56.595190   /opt/hostedtoolcache/Python/3.11.16/x64/lib/python3.11/lib-dynload
2026-09-16 05:04:56.645339   /opt/hostedtoolcache/Python/3.11.16/x64/lib/python3.11/site-packages
2026-09-16 05:04:56.695495 [ ERROR ] Error in file '/home/runner/work/engg-robot-testing-framework/engg-robot-testing-framework/resources/common.resource' on line 4: Importing library 'playwright_keyword_library.PlaywrightKeywordLibrary' failed: ModuleNotFoundError: No module named 'playwright_keyword_library'
2026-09-16 05:04:56.745655 Traceback (most recent call last):
2026-09-16 05:04:56.795791   None
2026-09-16 05:04:56.845946 PYTHONPATH:
2026-09-16 05:04:56.896082   /opt/hostedtoolcache/Python/3.11.16/x64/bin
2026-09-16 05:04:56.946237   /opt/hostedtoolcache/Python/3.11.16/x64/lib/python311.zip
2026-09-16 05:04:56.996369   /opt/hostedtoolcache/Python/3.11.16/x64/lib/python3.11
2026-09-16 05:04:57.046535   /opt/hostedtoolcache/Python/3.11.16/x64/lib/python3.11/lib-dynload
2026-09-16 05:04:57.096706   /opt/hostedtoolcache/Python/3.11.16/x64/lib/python3.11/site-packages
2026-09-16 05:05:05.874363 TC03 Login User With Incorrect Email And Password                     | FAIL |
2026-09-16 05:05:05.903383 Setup failed:
2026-09-16 05:05:05.904138 No keyword with name 'Open Browser' found.
2026-09-16 05:05:05.904157 
2026-09-16 05:05:05.904175 Also teardown failed:
2026-09-16 05:05:05.904234 Several failures occurred:
2026-09-16 05:05:05.904251 
2026-09-16 05:05:05.904300 1) No keyword with name 'Register Keyword To Run On Failure' found.
2026-09-16 05:05:05.904335 
2026-09-16 05:05:05.904351 2) No keyword with name 'Close Browser' found. Did you mean:
2026-09-16 05:05:05.904365     common.Close Test Browser
2026-09-16 05:05:05.904378 ------------------------------------------------------------------------------
2026-09-16 05:05:05.904391 Suites.Auth.TC03 login invalid                                        | FAIL |
2026-09-16 05:05:05.904404 1 test, 0 passed, 1 failed
2026-09-16 05:05:05.904415 ==============================================================================
2026-09-16 05:05:05.904425 Suites.Auth                                                           | FAIL |
2026-09-16 05:05:05.904836 1 test, 0 passed, 1 failed
2026-09-16 05:05:05.904915 ==============================================================================
2026-09-16 05:05:05.904931 Suites                                                                | FAIL |
2026-09-16 05:05:05.905342 1 test, 0 passed, 1 failed
2026-09-16 05:05:05.905416 ==============================================================================
2026-09-16 05:05:05.905431 Output:  /home/runner/work/engg-robot-testing-framework/engg-robot-testing-framework/reports/pabot_results/2/output.xml
