2026-06-26 04:50:09.758300 ==============================================================================
2026-06-26 04:50:09.758909 Suites
2026-06-26 04:50:09.758972 ==============================================================================
2026-06-26 04:50:09.758987 Suites.Cart
2026-06-26 04:50:09.759888 ==============================================================================
2026-06-26 04:50:09.759909 Suites.Cart.TC20 search and verify cart after login :: TC20 - Search Produc...
2026-06-26 04:50:09.759909 [ ERROR ] Error in file '/home/runner/work/engg-robot-testing-framework/engg-robot-testing-framework/tests/cart/TC20_search_and_verify_cart_after_login.robot' on line 3: Importing library 'playwright_keyword_library.PlaywrightKeywordLibrary' failed: ModuleNotFoundError: No module named 'playwright_keyword_library'
2026-06-26 04:50:09.802576 ==============================================================================
2026-06-26 04:50:09.802576 Traceback (most recent call last):
2026-06-26 04:50:09.802604   None
2026-06-26 04:50:09.852803 PYTHONPATH:
2026-06-26 04:50:09.902993   /opt/hostedtoolcache/Python/3.11.15/x64/bin
2026-06-26 04:50:09.953171   /opt/hostedtoolcache/Python/3.11.15/x64/lib/python311.zip
2026-06-26 04:50:10.003361   /opt/hostedtoolcache/Python/3.11.15/x64/lib/python3.11
2026-06-26 04:50:10.053547   /opt/hostedtoolcache/Python/3.11.15/x64/lib/python3.11/lib-dynload
2026-06-26 04:50:10.104109   /opt/hostedtoolcache/Python/3.11.15/x64/lib/python3.11/site-packages
2026-06-26 04:50:10.154391 [ ERROR ] Error in file '/home/runner/work/engg-robot-testing-framework/engg-robot-testing-framework/resources/common.resource' on line 4: Importing library 'playwright_keyword_library.PlaywrightKeywordLibrary' failed: ModuleNotFoundError: No module named 'playwright_keyword_library'
2026-06-26 04:50:10.204650 Traceback (most recent call last):
2026-06-26 04:50:10.254938   None
2026-06-26 04:50:10.305195 PYTHONPATH:
2026-06-26 04:50:10.355391   /opt/hostedtoolcache/Python/3.11.15/x64/bin
2026-06-26 04:50:10.405666   /opt/hostedtoolcache/Python/3.11.15/x64/lib/python311.zip
2026-06-26 04:50:10.455978   /opt/hostedtoolcache/Python/3.11.15/x64/lib/python3.11
2026-06-26 04:50:10.506223   /opt/hostedtoolcache/Python/3.11.15/x64/lib/python3.11/lib-dynload
2026-06-26 04:50:10.556437   /opt/hostedtoolcache/Python/3.11.15/x64/lib/python3.11/site-packages
2026-06-26 04:50:10.606633 [ ERROR ] Error in file '/home/runner/work/engg-robot-testing-framework/engg-robot-testing-framework/resources/product_keywords.resource' on line 2: Importing library 'playwright_keyword_library.PlaywrightKeywordLibrary' failed: ModuleNotFoundError: No module named 'playwright_keyword_library'
2026-06-26 04:50:10.656908 Traceback (most recent call last):
2026-06-26 04:50:10.707131   None
2026-06-26 04:50:10.757296 PYTHONPATH:
2026-06-26 04:50:10.807555   /opt/hostedtoolcache/Python/3.11.15/x64/bin
2026-06-26 04:50:10.857776   /opt/hostedtoolcache/Python/3.11.15/x64/lib/python311.zip
2026-06-26 04:50:10.908101   /opt/hostedtoolcache/Python/3.11.15/x64/lib/python3.11
2026-06-26 04:50:10.958333   /opt/hostedtoolcache/Python/3.11.15/x64/lib/python3.11/lib-dynload
2026-06-26 04:50:11.008577   /opt/hostedtoolcache/Python/3.11.15/x64/lib/python3.11/site-packages
2026-06-26 04:50:11.058783 [ ERROR ] Error in file '/home/runner/work/engg-robot-testing-framework/engg-robot-testing-framework/resources/cart_keywords.resource' on line 2: Importing library 'playwright_keyword_library.PlaywrightKeywordLibrary' failed: ModuleNotFoundError: No module named 'playwright_keyword_library'
2026-06-26 04:50:11.108982 Traceback (most recent call last):
2026-06-26 04:50:11.159213   None
2026-06-26 04:50:11.209578 PYTHONPATH:
2026-06-26 04:50:11.259775   /opt/hostedtoolcache/Python/3.11.15/x64/bin
2026-06-26 04:50:11.310018   /opt/hostedtoolcache/Python/3.11.15/x64/lib/python311.zip
2026-06-26 04:50:11.360381   /opt/hostedtoolcache/Python/3.11.15/x64/lib/python3.11
2026-06-26 04:50:11.410649   /opt/hostedtoolcache/Python/3.11.15/x64/lib/python3.11/lib-dynload
2026-06-26 04:50:11.460945   /opt/hostedtoolcache/Python/3.11.15/x64/lib/python3.11/site-packages
2026-06-26 04:50:11.511152 [ ERROR ] Error in file '/home/runner/work/engg-robot-testing-framework/engg-robot-testing-framework/resources/auth_keywords.resource' on line 2: Importing library 'playwright_keyword_library.PlaywrightKeywordLibrary' failed: ModuleNotFoundError: No module named 'playwright_keyword_library'
2026-06-26 04:50:11.561316 Traceback (most recent call last):
2026-06-26 04:50:11.611708   None
2026-06-26 04:50:11.662197 PYTHONPATH:
2026-06-26 04:50:11.712483   /opt/hostedtoolcache/Python/3.11.15/x64/bin
2026-06-26 04:50:11.762711   /opt/hostedtoolcache/Python/3.11.15/x64/lib/python311.zip
2026-06-26 04:50:11.812938   /opt/hostedtoolcache/Python/3.11.15/x64/lib/python3.11
2026-06-26 04:50:11.863334   /opt/hostedtoolcache/Python/3.11.15/x64/lib/python3.11/lib-dynload
2026-06-26 04:50:11.913556   /opt/hostedtoolcache/Python/3.11.15/x64/lib/python3.11/site-packages
2026-06-26 04:50:19.795191 TC20 Search Products And Verify Cart After Login                      | FAIL |
2026-06-26 04:50:19.816719 Setup failed:
2026-06-26 04:50:19.816740 No keyword with name 'Open Browser' found.
2026-06-26 04:50:19.816754 
2026-06-26 04:50:19.816766 Also teardown failed:
2026-06-26 04:50:19.816777 Several failures occurred:
2026-06-26 04:50:19.816788 
2026-06-26 04:50:19.816801 1) No keyword with name 'Register Keyword To Run On Failure' found.
2026-06-26 04:50:19.816835 
2026-06-26 04:50:19.816853 2) No keyword with name 'Close Browser' found. Did you mean:
2026-06-26 04:50:19.816866     common.Close Test Browser
2026-06-26 04:50:19.816878 ------------------------------------------------------------------------------
2026-06-26 04:50:19.816890 Suites.Cart.TC20 search and verify cart after login :: TC20 - Sear... | FAIL |
2026-06-26 04:50:19.817411 1 test, 0 passed, 1 failed
2026-06-26 04:50:19.817435 ==============================================================================
2026-06-26 04:50:19.817492 Suites.Cart                                                           | FAIL |
2026-06-26 04:50:19.817843 1 test, 0 passed, 1 failed
2026-06-26 04:50:19.817924 ==============================================================================
2026-06-26 04:50:19.817941 Suites                                                                | FAIL |
2026-06-26 04:50:19.818248 1 test, 0 passed, 1 failed
2026-06-26 04:50:19.818264 ==============================================================================
2026-06-26 04:50:19.818277 Output:  /home/runner/work/engg-robot-testing-framework/engg-robot-testing-framework/reports/pabot_results/8/output.xml
