2026-08-31 05:55:38.294262 ==============================================================================
2026-08-31 05:55:38.308372 Suites
2026-08-31 05:55:38.308391 ==============================================================================
2026-08-31 05:55:38.308404 Suites.Auth
2026-08-31 05:55:38.309121 ==============================================================================
2026-08-31 05:55:38.309136 Suites.Auth.TC05 register existing email
2026-08-31 05:55:38.309136 [ ERROR ] Error in file '/home/runner/work/engg-robot-testing-framework/engg-robot-testing-framework/tests/auth/TC05_register_existing_email.robot' on line 2: Importing library 'playwright_keyword_library.PlaywrightKeywordLibrary' failed: ModuleNotFoundError: No module named 'playwright_keyword_library'
2026-08-31 05:55:38.325590 ==============================================================================
2026-08-31 05:55:38.325590 Traceback (most recent call last):
2026-08-31 05:55:38.325614   None
2026-08-31 05:55:38.375758 PYTHONPATH:
2026-08-31 05:55:38.425923   /opt/hostedtoolcache/Python/3.11.16/x64/bin
2026-08-31 05:55:38.476052   /opt/hostedtoolcache/Python/3.11.16/x64/lib/python311.zip
2026-08-31 05:55:38.526208   /opt/hostedtoolcache/Python/3.11.16/x64/lib/python3.11
2026-08-31 05:55:38.576361   /opt/hostedtoolcache/Python/3.11.16/x64/lib/python3.11/lib-dynload
2026-08-31 05:55:38.626524   /opt/hostedtoolcache/Python/3.11.16/x64/lib/python3.11/site-packages
2026-08-31 05:55:38.676674 [ ERROR ] Error in file '/home/runner/work/engg-robot-testing-framework/engg-robot-testing-framework/resources/auth_keywords.resource' on line 2: Importing library 'playwright_keyword_library.PlaywrightKeywordLibrary' failed: ModuleNotFoundError: No module named 'playwright_keyword_library'
2026-08-31 05:55:38.726839 Traceback (most recent call last):
2026-08-31 05:55:38.776968   None
2026-08-31 05:55:38.827134 PYTHONPATH:
2026-08-31 05:55:38.877292   /opt/hostedtoolcache/Python/3.11.16/x64/bin
2026-08-31 05:55:38.927449   /opt/hostedtoolcache/Python/3.11.16/x64/lib/python311.zip
2026-08-31 05:55:38.977584   /opt/hostedtoolcache/Python/3.11.16/x64/lib/python3.11
2026-08-31 05:55:39.027760   /opt/hostedtoolcache/Python/3.11.16/x64/lib/python3.11/lib-dynload
2026-08-31 05:55:39.077889   /opt/hostedtoolcache/Python/3.11.16/x64/lib/python3.11/site-packages
2026-08-31 05:55:39.128049 [ ERROR ] Error in file '/home/runner/work/engg-robot-testing-framework/engg-robot-testing-framework/resources/common.resource' on line 4: Importing library 'playwright_keyword_library.PlaywrightKeywordLibrary' failed: ModuleNotFoundError: No module named 'playwright_keyword_library'
2026-08-31 05:55:39.178174 Traceback (most recent call last):
2026-08-31 05:55:39.228336   None
2026-08-31 05:55:39.278455 PYTHONPATH:
2026-08-31 05:55:39.328616   /opt/hostedtoolcache/Python/3.11.16/x64/bin
2026-08-31 05:55:39.378743   /opt/hostedtoolcache/Python/3.11.16/x64/lib/python311.zip
2026-08-31 05:55:39.428900   /opt/hostedtoolcache/Python/3.11.16/x64/lib/python3.11
2026-08-31 05:55:39.479022   /opt/hostedtoolcache/Python/3.11.16/x64/lib/python3.11/lib-dynload
2026-08-31 05:55:39.529192   /opt/hostedtoolcache/Python/3.11.16/x64/lib/python3.11/site-packages
2026-08-31 05:55:48.301598 TC05 Register User With Existing Email                                | FAIL |
2026-08-31 05:55:48.334706 Setup failed:
2026-08-31 05:55:48.334718 No keyword with name 'Open Browser' found.
2026-08-31 05:55:48.334727 
2026-08-31 05:55:48.334762 Also teardown failed:
2026-08-31 05:55:48.334769 Several failures occurred:
2026-08-31 05:55:48.334777 
2026-08-31 05:55:48.334784 1) No keyword with name 'Register Keyword To Run On Failure' found.
2026-08-31 05:55:48.334792 
2026-08-31 05:55:48.334798 2) No keyword with name 'Close Browser' found. Did you mean:
2026-08-31 05:55:48.334805     common.Close Test Browser
2026-08-31 05:55:48.334811 ------------------------------------------------------------------------------
2026-08-31 05:55:48.334818 Suites.Auth.TC05 register existing email                              | FAIL |
2026-08-31 05:55:48.335275 1 test, 0 passed, 1 failed
2026-08-31 05:55:48.335306 ==============================================================================
2026-08-31 05:55:48.335313 Suites.Auth                                                           | FAIL |
2026-08-31 05:55:48.335762 1 test, 0 passed, 1 failed
2026-08-31 05:55:48.335772 ==============================================================================
2026-08-31 05:55:48.335791 Suites                                                                | FAIL |
2026-08-31 05:55:48.336077 1 test, 0 passed, 1 failed
2026-08-31 05:55:48.336117 ==============================================================================
2026-08-31 05:55:48.336123 Output:  /home/runner/work/engg-robot-testing-framework/engg-robot-testing-framework/reports/pabot_results/4/output.xml
