2026-07-15 03:45:22.062510 ==============================================================================
2026-07-15 03:45:22.087567 Suites
2026-07-15 03:45:22.087589 ==============================================================================
2026-07-15 03:45:22.087603 Suites.Cart
2026-07-15 03:45:22.088221 ==============================================================================
2026-07-15 03:45:22.088234 Suites.Cart.TC22 add from recommended items :: TC22 - Add To Cart From Reco...
2026-07-15 03:45:22.088234 [ ERROR ] Error in file '/home/runner/work/engg-robot-testing-framework/engg-robot-testing-framework/resources/common.resource' on line 4: Importing library 'playwright_keyword_library.PlaywrightKeywordLibrary' failed: ModuleNotFoundError: No module named 'playwright_keyword_library'
2026-07-15 03:45:22.104520 ==============================================================================
2026-07-15 03:45:22.104520 Traceback (most recent call last):
2026-07-15 03:45:22.104537   None
2026-07-15 03:45:22.154674 PYTHONPATH:
2026-07-15 03:45:22.204797   /opt/hostedtoolcache/Python/3.11.15/x64/bin
2026-07-15 03:45:22.254967   /opt/hostedtoolcache/Python/3.11.15/x64/lib/python311.zip
2026-07-15 03:45:22.305081   /opt/hostedtoolcache/Python/3.11.15/x64/lib/python3.11
2026-07-15 03:45:22.355237   /opt/hostedtoolcache/Python/3.11.15/x64/lib/python3.11/lib-dynload
2026-07-15 03:45:22.405370   /opt/hostedtoolcache/Python/3.11.15/x64/lib/python3.11/site-packages
2026-07-15 03:45:22.455521 [ ERROR ] Error in file '/home/runner/work/engg-robot-testing-framework/engg-robot-testing-framework/resources/cart_keywords.resource' on line 2: Importing library 'playwright_keyword_library.PlaywrightKeywordLibrary' failed: ModuleNotFoundError: No module named 'playwright_keyword_library'
2026-07-15 03:45:22.505695 Traceback (most recent call last):
2026-07-15 03:45:22.555855   None
2026-07-15 03:45:22.606015 PYTHONPATH:
2026-07-15 03:45:22.656175   /opt/hostedtoolcache/Python/3.11.15/x64/bin
2026-07-15 03:45:22.706324   /opt/hostedtoolcache/Python/3.11.15/x64/lib/python311.zip
2026-07-15 03:45:22.756491   /opt/hostedtoolcache/Python/3.11.15/x64/lib/python3.11
2026-07-15 03:45:22.806652   /opt/hostedtoolcache/Python/3.11.15/x64/lib/python3.11/lib-dynload
2026-07-15 03:45:22.856831   /opt/hostedtoolcache/Python/3.11.15/x64/lib/python3.11/site-packages
2026-07-15 03:45:32.078642 TC22 Add To Cart From Recommended Items                               | FAIL |
2026-07-15 03:45:32.112283 Setup failed:
2026-07-15 03:45:32.112293 No keyword with name 'Open Browser' found.
2026-07-15 03:45:32.112300 
2026-07-15 03:45:32.112305 Also teardown failed:
2026-07-15 03:45:32.112311 Several failures occurred:
2026-07-15 03:45:32.112317 
2026-07-15 03:45:32.112322 1) No keyword with name 'Register Keyword To Run On Failure' found.
2026-07-15 03:45:32.112328 
2026-07-15 03:45:32.112333 2) No keyword with name 'Close Browser' found. Did you mean:
2026-07-15 03:45:32.112339     common.Close Test Browser
2026-07-15 03:45:32.112344 ------------------------------------------------------------------------------
2026-07-15 03:45:32.112350 Suites.Cart.TC22 add from recommended items :: TC22 - Add To Cart ... | FAIL |
2026-07-15 03:45:32.112744 1 test, 0 passed, 1 failed
2026-07-15 03:45:32.112749 ==============================================================================
2026-07-15 03:45:32.112755 Suites.Cart                                                           | FAIL |
2026-07-15 03:45:32.113007 1 test, 0 passed, 1 failed
2026-07-15 03:45:32.113014 ==============================================================================
2026-07-15 03:45:32.113020 Suites                                                                | FAIL |
2026-07-15 03:45:32.113201 1 test, 0 passed, 1 failed
2026-07-15 03:45:32.113231 ==============================================================================
2026-07-15 03:45:32.113236 Output:  /home/runner/work/engg-robot-testing-framework/engg-robot-testing-framework/reports/pabot_results/9/output.xml
