2026-10-06 06:42:55.672450 ==============================================================================
2026-10-06 06:42:55.697752 Suites
2026-10-06 06:42:55.697765 ==============================================================================
2026-10-06 06:42:55.697775 Suites.Cart
2026-10-06 06:42:55.698328 ==============================================================================
2026-10-06 06:42:55.698338 Suites.Cart.TC17 remove products from cart :: TC17 - Remove Products From Cart
2026-10-06 06:42:55.698338 [ ERROR ] Error in file '/home/runner/work/engg-robot-testing-framework/engg-robot-testing-framework/resources/common.resource' on line 4: Importing library 'playwright_keyword_library.PlaywrightKeywordLibrary' failed: ModuleNotFoundError: No module named 'playwright_keyword_library'
2026-10-06 06:42:55.718982 ==============================================================================
2026-10-06 06:42:55.718982 Traceback (most recent call last):
2026-10-06 06:42:55.718995   None
2026-10-06 06:42:55.769141 PYTHONPATH:
2026-10-06 06:42:55.819281   /opt/hostedtoolcache/Python/3.11.16/x64/bin
2026-10-06 06:42:55.869439   /opt/hostedtoolcache/Python/3.11.16/x64/lib/python311.zip
2026-10-06 06:42:55.919586   /opt/hostedtoolcache/Python/3.11.16/x64/lib/python3.11
2026-10-06 06:42:55.969743   /opt/hostedtoolcache/Python/3.11.16/x64/lib/python3.11/lib-dynload
2026-10-06 06:42:56.019886   /opt/hostedtoolcache/Python/3.11.16/x64/lib/python3.11/site-packages
2026-10-06 06:42:56.070021 [ ERROR ] Error in file '/home/runner/work/engg-robot-testing-framework/engg-robot-testing-framework/resources/product_keywords.resource' on line 2: Importing library 'playwright_keyword_library.PlaywrightKeywordLibrary' failed: ModuleNotFoundError: No module named 'playwright_keyword_library'
2026-10-06 06:42:56.120163 Traceback (most recent call last):
2026-10-06 06:42:56.170293   None
2026-10-06 06:42:56.220446 PYTHONPATH:
2026-10-06 06:42:56.270577   /opt/hostedtoolcache/Python/3.11.16/x64/bin
2026-10-06 06:42:56.320676   /opt/hostedtoolcache/Python/3.11.16/x64/lib/python311.zip
2026-10-06 06:42:56.370800   /opt/hostedtoolcache/Python/3.11.16/x64/lib/python3.11
2026-10-06 06:42:56.420949   /opt/hostedtoolcache/Python/3.11.16/x64/lib/python3.11/lib-dynload
2026-10-06 06:42:56.471073   /opt/hostedtoolcache/Python/3.11.16/x64/lib/python3.11/site-packages
2026-10-06 06:42:56.521218 [ ERROR ] Error in file '/home/runner/work/engg-robot-testing-framework/engg-robot-testing-framework/resources/cart_keywords.resource' on line 2: Importing library 'playwright_keyword_library.PlaywrightKeywordLibrary' failed: ModuleNotFoundError: No module named 'playwright_keyword_library'
2026-10-06 06:42:56.571341 Traceback (most recent call last):
2026-10-06 06:42:56.621483   None
2026-10-06 06:42:56.671612 PYTHONPATH:
2026-10-06 06:42:56.721748   /opt/hostedtoolcache/Python/3.11.16/x64/bin
2026-10-06 06:42:56.771863   /opt/hostedtoolcache/Python/3.11.16/x64/lib/python311.zip
2026-10-06 06:42:56.822000   /opt/hostedtoolcache/Python/3.11.16/x64/lib/python3.11
2026-10-06 06:42:56.872134   /opt/hostedtoolcache/Python/3.11.16/x64/lib/python3.11/lib-dynload
2026-10-06 06:42:56.922283   /opt/hostedtoolcache/Python/3.11.16/x64/lib/python3.11/site-packages
2026-10-06 06:43:05.690526 TC17 Remove Products From Cart                                        | FAIL |
2026-10-06 06:43:05.727245 Setup failed:
2026-10-06 06:43:05.727257 No keyword with name 'Open Browser' found.
2026-10-06 06:43:05.727266 
2026-10-06 06:43:05.727274 Also teardown failed:
2026-10-06 06:43:05.727282 Several failures occurred:
2026-10-06 06:43:05.727289 
2026-10-06 06:43:05.727297 1) No keyword with name 'Register Keyword To Run On Failure' found.
2026-10-06 06:43:05.727305 
2026-10-06 06:43:05.727312 2) No keyword with name 'Close Browser' found. Did you mean:
2026-10-06 06:43:05.727319     common.Close Test Browser
2026-10-06 06:43:05.727326 ------------------------------------------------------------------------------
2026-10-06 06:43:05.727333 Suites.Cart.TC17 remove products from cart :: TC17 - Remove Produc... | FAIL |
2026-10-06 06:43:05.727746 1 test, 0 passed, 1 failed
2026-10-06 06:43:05.727786 ==============================================================================
2026-10-06 06:43:05.727794 Suites.Cart                                                           | FAIL |
2026-10-06 06:43:05.728036 1 test, 0 passed, 1 failed
2026-10-06 06:43:05.728060 ==============================================================================
2026-10-06 06:43:05.728067 Suites                                                                | FAIL |
2026-10-06 06:43:05.728276 1 test, 0 passed, 1 failed
2026-10-06 06:43:05.728296 ==============================================================================
2026-10-06 06:43:05.728303 Output:  /home/runner/work/engg-robot-testing-framework/engg-robot-testing-framework/reports/pabot_results/7/output.xml
