2026-09-13 05:11:42.615870 ==============================================================================
2026-09-13 05:11:42.633169 Suites
2026-09-13 05:11:42.633190 ==============================================================================
2026-09-13 05:11:42.633206 Suites.Cart
2026-09-13 05:11:42.634081 ==============================================================================
2026-09-13 05:11:42.634107 Suites.Cart.TC22 add from recommended items :: TC22 - Add To Cart From Reco...
2026-09-13 05:11:42.634107 [ ERROR ] Error in file '/home/runner/work/engg-robot-testing-framework/engg-robot-testing-framework/resources/common.resource' on line 4: Importing library 'playwright_keyword_library.PlaywrightKeywordLibrary' failed: ModuleNotFoundError: No module named 'playwright_keyword_library'
2026-09-13 05:11:42.657347 ==============================================================================
2026-09-13 05:11:42.657347 Traceback (most recent call last):
2026-09-13 05:11:42.657371   None
2026-09-13 05:11:42.707473 PYTHONPATH:
2026-09-13 05:11:42.757584   /opt/hostedtoolcache/Python/3.11.16/x64/bin
2026-09-13 05:11:42.807704   /opt/hostedtoolcache/Python/3.11.16/x64/lib/python311.zip
2026-09-13 05:11:42.857819   /opt/hostedtoolcache/Python/3.11.16/x64/lib/python3.11
2026-09-13 05:11:42.907961   /opt/hostedtoolcache/Python/3.11.16/x64/lib/python3.11/lib-dynload
2026-09-13 05:11:42.958121   /opt/hostedtoolcache/Python/3.11.16/x64/lib/python3.11/site-packages
2026-09-13 05:11:43.008266 [ ERROR ] Error in file '/home/runner/work/engg-robot-testing-framework/engg-robot-testing-framework/resources/cart_keywords.resource' on line 2: Importing library 'playwright_keyword_library.PlaywrightKeywordLibrary' failed: ModuleNotFoundError: No module named 'playwright_keyword_library'
2026-09-13 05:11:43.058443 Traceback (most recent call last):
2026-09-13 05:11:43.108605   None
2026-09-13 05:11:43.158754 PYTHONPATH:
2026-09-13 05:11:43.208911   /opt/hostedtoolcache/Python/3.11.16/x64/bin
2026-09-13 05:11:43.259063   /opt/hostedtoolcache/Python/3.11.16/x64/lib/python311.zip
2026-09-13 05:11:43.309210   /opt/hostedtoolcache/Python/3.11.16/x64/lib/python3.11
2026-09-13 05:11:43.359357   /opt/hostedtoolcache/Python/3.11.16/x64/lib/python3.11/lib-dynload
2026-09-13 05:11:43.409516   /opt/hostedtoolcache/Python/3.11.16/x64/lib/python3.11/site-packages
2026-09-13 05:11:52.633015 TC22 Add To Cart From Recommended Items                               | FAIL |
2026-09-13 05:11:52.667943 Setup failed:
2026-09-13 05:11:52.667955 No keyword with name 'Open Browser' found.
2026-09-13 05:11:52.667963 
2026-09-13 05:11:52.667970 Also teardown failed:
2026-09-13 05:11:52.667977 Several failures occurred:
2026-09-13 05:11:52.667983 
2026-09-13 05:11:52.667989 1) No keyword with name 'Register Keyword To Run On Failure' found.
2026-09-13 05:11:52.667996 
2026-09-13 05:11:52.668002 2) No keyword with name 'Close Browser' found. Did you mean:
2026-09-13 05:11:52.668008     common.Close Test Browser
2026-09-13 05:11:52.668015 ------------------------------------------------------------------------------
2026-09-13 05:11:52.668021 Suites.Cart.TC22 add from recommended items :: TC22 - Add To Cart ... | FAIL |
2026-09-13 05:11:52.668543 1 test, 0 passed, 1 failed
2026-09-13 05:11:52.668612 ==============================================================================
2026-09-13 05:11:52.668620 Suites.Cart                                                           | FAIL |
2026-09-13 05:11:52.668887 1 test, 0 passed, 1 failed
2026-09-13 05:11:52.668951 ==============================================================================
2026-09-13 05:11:52.668959 Suites                                                                | FAIL |
2026-09-13 05:11:52.669211 1 test, 0 passed, 1 failed
2026-09-13 05:11:52.669275 ==============================================================================
2026-09-13 05:11:52.669282 Output:  /home/runner/work/engg-robot-testing-framework/engg-robot-testing-framework/reports/pabot_results/9/output.xml
