2026-07-29 03:49:10.916934 ==============================================================================
2026-07-29 03:49:10.936520 Suites
2026-07-29 03:49:10.936541 ==============================================================================
2026-07-29 03:49:10.936555 Suites.Auth
2026-07-29 03:49:10.937291 ==============================================================================
2026-07-29 03:49:10.937307 Suites.Auth.TC03 login invalid
2026-07-29 03:49:10.937307 [ ERROR ] Error in file '/home/runner/work/engg-robot-testing-framework/engg-robot-testing-framework/tests/auth/TC03_login_invalid.robot' on line 2: Importing library 'playwright_keyword_library.PlaywrightKeywordLibrary' failed: ModuleNotFoundError: No module named 'playwright_keyword_library'
2026-07-29 03:49:10.954419 ==============================================================================
2026-07-29 03:49:10.954419 Traceback (most recent call last):
2026-07-29 03:49:10.954445   None
2026-07-29 03:49:11.004598 PYTHONPATH:
2026-07-29 03:49:11.054809   /opt/hostedtoolcache/Python/3.11.15/x64/bin
2026-07-29 03:49:11.105007   /opt/hostedtoolcache/Python/3.11.15/x64/lib/python311.zip
2026-07-29 03:49:11.155219   /opt/hostedtoolcache/Python/3.11.15/x64/lib/python3.11
2026-07-29 03:49:11.205448   /opt/hostedtoolcache/Python/3.11.15/x64/lib/python3.11/lib-dynload
2026-07-29 03:49:11.255653   /opt/hostedtoolcache/Python/3.11.15/x64/lib/python3.11/site-packages
2026-07-29 03:49:11.305850 [ ERROR ] Error in file '/home/runner/work/engg-robot-testing-framework/engg-robot-testing-framework/resources/auth_keywords.resource' on line 2: Importing library 'playwright_keyword_library.PlaywrightKeywordLibrary' failed: ModuleNotFoundError: No module named 'playwright_keyword_library'
2026-07-29 03:49:11.356055 Traceback (most recent call last):
2026-07-29 03:49:11.406251   None
2026-07-29 03:49:11.456490 PYTHONPATH:
2026-07-29 03:49:11.506685   /opt/hostedtoolcache/Python/3.11.15/x64/bin
2026-07-29 03:49:11.556871   /opt/hostedtoolcache/Python/3.11.15/x64/lib/python311.zip
2026-07-29 03:49:11.607059   /opt/hostedtoolcache/Python/3.11.15/x64/lib/python3.11
2026-07-29 03:49:11.657240   /opt/hostedtoolcache/Python/3.11.15/x64/lib/python3.11/lib-dynload
2026-07-29 03:49:11.707441   /opt/hostedtoolcache/Python/3.11.15/x64/lib/python3.11/site-packages
2026-07-29 03:49:11.757652 [ ERROR ] Error in file '/home/runner/work/engg-robot-testing-framework/engg-robot-testing-framework/resources/common.resource' on line 4: Importing library 'playwright_keyword_library.PlaywrightKeywordLibrary' failed: ModuleNotFoundError: No module named 'playwright_keyword_library'
2026-07-29 03:49:11.807831 Traceback (most recent call last):
2026-07-29 03:49:11.858036   None
2026-07-29 03:49:11.908246 PYTHONPATH:
2026-07-29 03:49:11.958483   /opt/hostedtoolcache/Python/3.11.15/x64/bin
2026-07-29 03:49:12.008678   /opt/hostedtoolcache/Python/3.11.15/x64/lib/python311.zip
2026-07-29 03:49:12.058859   /opt/hostedtoolcache/Python/3.11.15/x64/lib/python3.11
2026-07-29 03:49:12.109018   /opt/hostedtoolcache/Python/3.11.15/x64/lib/python3.11/lib-dynload
2026-07-29 03:49:12.159237   /opt/hostedtoolcache/Python/3.11.15/x64/lib/python3.11/site-packages
2026-07-29 03:49:20.936357 TC03 Login User With Incorrect Email And Password                     | FAIL |
2026-07-29 03:49:20.964009 Setup failed:
2026-07-29 03:49:20.964030 No keyword with name 'Open Browser' found.
2026-07-29 03:49:20.964044 
2026-07-29 03:49:20.964057 Also teardown failed:
2026-07-29 03:49:20.964068 Several failures occurred:
2026-07-29 03:49:20.964080 
2026-07-29 03:49:20.964097 1) No keyword with name 'Register Keyword To Run On Failure' found.
2026-07-29 03:49:20.964110 
2026-07-29 03:49:20.964122 2) No keyword with name 'Close Browser' found. Did you mean:
2026-07-29 03:49:20.964134     common.Close Test Browser
2026-07-29 03:49:20.964147 ------------------------------------------------------------------------------
2026-07-29 03:49:20.964159 Suites.Auth.TC03 login invalid                                        | FAIL |
2026-07-29 03:49:20.964657 1 test, 0 passed, 1 failed
2026-07-29 03:49:20.964671 ==============================================================================
2026-07-29 03:49:20.964681 Suites.Auth                                                           | FAIL |
2026-07-29 03:49:20.965049 1 test, 0 passed, 1 failed
2026-07-29 03:49:20.965098 ==============================================================================
2026-07-29 03:49:20.965106 Suites                                                                | FAIL |
2026-07-29 03:49:20.965448 1 test, 0 passed, 1 failed
2026-07-29 03:49:20.965495 ==============================================================================
2026-07-29 03:49:20.965503 Output:  /home/runner/work/engg-robot-testing-framework/engg-robot-testing-framework/reports/pabot_results/2/output.xml
