2026-09-11 05:00:23.246016 ==============================================================================
2026-09-11 05:00:23.275045 Suites
2026-09-11 05:00:23.275061 ==============================================================================
2026-09-11 05:00:23.275070 Suites.Cart
2026-09-11 05:00:23.275597 ==============================================================================
2026-09-11 05:00:23.275609 Suites.Cart.TC12 add products to cart :: TC12 - Add Products In Cart
2026-09-11 05:00:23.275609 [ ERROR ] Error in file '/home/runner/work/engg-robot-testing-framework/engg-robot-testing-framework/resources/common.resource' on line 4: Importing library 'playwright_keyword_library.PlaywrightKeywordLibrary' failed: ModuleNotFoundError: No module named 'playwright_keyword_library'
2026-09-11 05:00:23.296768 ==============================================================================
2026-09-11 05:00:23.296768 Traceback (most recent call last):
2026-09-11 05:00:23.296786   None
2026-09-11 05:00:23.346885 PYTHONPATH:
2026-09-11 05:00:23.397019   /opt/hostedtoolcache/Python/3.11.16/x64/bin
2026-09-11 05:00:23.447140   /opt/hostedtoolcache/Python/3.11.16/x64/lib/python311.zip
2026-09-11 05:00:23.497243   /opt/hostedtoolcache/Python/3.11.16/x64/lib/python3.11
2026-09-11 05:00:23.547365   /opt/hostedtoolcache/Python/3.11.16/x64/lib/python3.11/lib-dynload
2026-09-11 05:00:23.597485   /opt/hostedtoolcache/Python/3.11.16/x64/lib/python3.11/site-packages
2026-09-11 05:00:23.647617 [ ERROR ] Error in file '/home/runner/work/engg-robot-testing-framework/engg-robot-testing-framework/resources/product_keywords.resource' on line 2: Importing library 'playwright_keyword_library.PlaywrightKeywordLibrary' failed: ModuleNotFoundError: No module named 'playwright_keyword_library'
2026-09-11 05:00:23.697739 Traceback (most recent call last):
2026-09-11 05:00:23.747857   None
2026-09-11 05:00:23.797984 PYTHONPATH:
2026-09-11 05:00:23.848103   /opt/hostedtoolcache/Python/3.11.16/x64/bin
2026-09-11 05:00:23.898233   /opt/hostedtoolcache/Python/3.11.16/x64/lib/python311.zip
2026-09-11 05:00:23.948357   /opt/hostedtoolcache/Python/3.11.16/x64/lib/python3.11
2026-09-11 05:00:23.998485   /opt/hostedtoolcache/Python/3.11.16/x64/lib/python3.11/lib-dynload
2026-09-11 05:00:24.048604   /opt/hostedtoolcache/Python/3.11.16/x64/lib/python3.11/site-packages
2026-09-11 05:00:24.098754 [ ERROR ] Error in file '/home/runner/work/engg-robot-testing-framework/engg-robot-testing-framework/resources/cart_keywords.resource' on line 2: Importing library 'playwright_keyword_library.PlaywrightKeywordLibrary' failed: ModuleNotFoundError: No module named 'playwright_keyword_library'
2026-09-11 05:00:24.148878 Traceback (most recent call last):
2026-09-11 05:00:24.199007   None
2026-09-11 05:00:24.249127 PYTHONPATH:
2026-09-11 05:00:24.299250   /opt/hostedtoolcache/Python/3.11.16/x64/bin
2026-09-11 05:00:24.349375   /opt/hostedtoolcache/Python/3.11.16/x64/lib/python311.zip
2026-09-11 05:00:24.399504   /opt/hostedtoolcache/Python/3.11.16/x64/lib/python3.11
2026-09-11 05:00:24.449628   /opt/hostedtoolcache/Python/3.11.16/x64/lib/python3.11/lib-dynload
2026-09-11 05:00:24.499758   /opt/hostedtoolcache/Python/3.11.16/x64/lib/python3.11/site-packages
2026-09-11 05:00:33.267101 TC12 Add Products In Cart                                             | FAIL |
2026-09-11 05:00:33.304919 Setup failed:
2026-09-11 05:00:33.304933 No keyword with name 'Open Browser' found.
2026-09-11 05:00:33.304943 
2026-09-11 05:00:33.304952 Also teardown failed:
2026-09-11 05:00:33.304960 Several failures occurred:
2026-09-11 05:00:33.304969 
2026-09-11 05:00:33.304977 1) No keyword with name 'Register Keyword To Run On Failure' found.
2026-09-11 05:00:33.304986 
2026-09-11 05:00:33.304994 2) No keyword with name 'Close Browser' found. Did you mean:
2026-09-11 05:00:33.305002     common.Close Test Browser
2026-09-11 05:00:33.305009 ------------------------------------------------------------------------------
2026-09-11 05:00:33.305016 Suites.Cart.TC12 add products to cart :: TC12 - Add Products In Cart  | FAIL |
2026-09-11 05:00:33.305430 1 test, 0 passed, 1 failed
2026-09-11 05:00:33.305442 ==============================================================================
2026-09-11 05:00:33.305451 Suites.Cart                                                           | FAIL |
2026-09-11 05:00:33.305730 1 test, 0 passed, 1 failed
2026-09-11 05:00:33.305742 ==============================================================================
2026-09-11 05:00:33.305751 Suites                                                                | FAIL |
2026-09-11 05:00:33.305982 1 test, 0 passed, 1 failed
2026-09-11 05:00:33.305993 ==============================================================================
2026-09-11 05:00:33.306002 Output:  /home/runner/work/engg-robot-testing-framework/engg-robot-testing-framework/reports/pabot_results/5/output.xml
