2026-07-05 04:40:10.506839 ==============================================================================
2026-07-05 04:40:10.529806 Suites
2026-07-05 04:40:10.529861 ==============================================================================
2026-07-05 04:40:10.529877 Suites.Cart
2026-07-05 04:40:10.530678 ==============================================================================
2026-07-05 04:40:10.530696 Suites.Cart.TC13 verify product quantity :: TC13 - Verify Product Quantity ...
2026-07-05 04:40:10.530696 [ ERROR ] Error in file '/home/runner/work/engg-robot-testing-framework/engg-robot-testing-framework/resources/common.resource' on line 4: Importing library 'playwright_keyword_library.PlaywrightKeywordLibrary' failed: ModuleNotFoundError: No module named 'playwright_keyword_library'
2026-07-05 04:40:10.561503 ==============================================================================
2026-07-05 04:40:10.561503 Traceback (most recent call last):
2026-07-05 04:40:10.561534   None
2026-07-05 04:40:10.611727 PYTHONPATH:
2026-07-05 04:40:10.661864   /opt/hostedtoolcache/Python/3.11.15/x64/bin
2026-07-05 04:40:10.711999   /opt/hostedtoolcache/Python/3.11.15/x64/lib/python311.zip
2026-07-05 04:40:10.762123   /opt/hostedtoolcache/Python/3.11.15/x64/lib/python3.11
2026-07-05 04:40:10.812288   /opt/hostedtoolcache/Python/3.11.15/x64/lib/python3.11/lib-dynload
2026-07-05 04:40:10.862501   /opt/hostedtoolcache/Python/3.11.15/x64/lib/python3.11/site-packages
2026-07-05 04:40:10.912715 [ ERROR ] Error in file '/home/runner/work/engg-robot-testing-framework/engg-robot-testing-framework/resources/product_keywords.resource' on line 2: Importing library 'playwright_keyword_library.PlaywrightKeywordLibrary' failed: ModuleNotFoundError: No module named 'playwright_keyword_library'
2026-07-05 04:40:10.962901 Traceback (most recent call last):
2026-07-05 04:40:11.013118   None
2026-07-05 04:40:11.063307 PYTHONPATH:
2026-07-05 04:40:11.113530   /opt/hostedtoolcache/Python/3.11.15/x64/bin
2026-07-05 04:40:11.163723   /opt/hostedtoolcache/Python/3.11.15/x64/lib/python311.zip
2026-07-05 04:40:11.213935   /opt/hostedtoolcache/Python/3.11.15/x64/lib/python3.11
2026-07-05 04:40:11.264108   /opt/hostedtoolcache/Python/3.11.15/x64/lib/python3.11/lib-dynload
2026-07-05 04:40:11.314316   /opt/hostedtoolcache/Python/3.11.15/x64/lib/python3.11/site-packages
2026-07-05 04:40:11.364502 [ ERROR ] Error in file '/home/runner/work/engg-robot-testing-framework/engg-robot-testing-framework/resources/cart_keywords.resource' on line 2: Importing library 'playwright_keyword_library.PlaywrightKeywordLibrary' failed: ModuleNotFoundError: No module named 'playwright_keyword_library'
2026-07-05 04:40:11.414721 Traceback (most recent call last):
2026-07-05 04:40:11.464895   None
2026-07-05 04:40:11.515119 PYTHONPATH:
2026-07-05 04:40:11.565290   /opt/hostedtoolcache/Python/3.11.15/x64/bin
2026-07-05 04:40:11.615511   /opt/hostedtoolcache/Python/3.11.15/x64/lib/python311.zip
2026-07-05 04:40:11.665684   /opt/hostedtoolcache/Python/3.11.15/x64/lib/python3.11
2026-07-05 04:40:11.715845   /opt/hostedtoolcache/Python/3.11.15/x64/lib/python3.11/lib-dynload
2026-07-05 04:40:11.766033   /opt/hostedtoolcache/Python/3.11.15/x64/lib/python3.11/site-packages
2026-07-05 04:40:20.541687 TC13 Verify Product Quantity In Cart                                  | FAIL |
2026-07-05 04:40:20.573063 Setup failed:
2026-07-05 04:40:20.573076 No keyword with name 'Open Browser' found.
2026-07-05 04:40:20.573084 
2026-07-05 04:40:20.573090 Also teardown failed:
2026-07-05 04:40:20.573097 Several failures occurred:
2026-07-05 04:40:20.573104 
2026-07-05 04:40:20.573110 1) No keyword with name 'Register Keyword To Run On Failure' found.
2026-07-05 04:40:20.573117 
2026-07-05 04:40:20.573123 2) No keyword with name 'Close Browser' found. Did you mean:
2026-07-05 04:40:20.573130     common.Close Test Browser
2026-07-05 04:40:20.573136 ------------------------------------------------------------------------------
2026-07-05 04:40:20.573143 Suites.Cart.TC13 verify product quantity :: TC13 - Verify Product ... | FAIL |
2026-07-05 04:40:20.573746 1 test, 0 passed, 1 failed
2026-07-05 04:40:20.573760 ==============================================================================
2026-07-05 04:40:20.573768 Suites.Cart                                                           | FAIL |
2026-07-05 04:40:20.574189 1 test, 0 passed, 1 failed
2026-07-05 04:40:20.574256 ==============================================================================
2026-07-05 04:40:20.574265 Suites                                                                | FAIL |
2026-07-05 04:40:20.574618 1 test, 0 passed, 1 failed
2026-07-05 04:40:20.574740 ==============================================================================
2026-07-05 04:40:20.574750 Output:  /home/runner/work/engg-robot-testing-framework/engg-robot-testing-framework/reports/pabot_results/6/output.xml
