[INFO]    Initialized logging in reports/pabot_results
[INFO]    Robot Framework remote server at 127.0.0.1:8270 started.
[DEBUG]   2026-05-15 04:34:57.412013 [PID:2160] [0] [ID:0] EXECUTING Suites.Auth.TC01 register user
[DEBUG]   2026-05-15 04:34:57.413591 [PID:2161] [1] [ID:1] EXECUTING Suites.Auth.TC02 login valid
[DEBUG]   2026-05-15 04:35:02.418777 [PID:2160] [0] [ID:0] still running Suites.Auth.TC01 register user after 5.0s
[DEBUG]   2026-05-15 04:35:02.418853 [PID:2161] [1] [ID:1] still running Suites.Auth.TC02 login valid after 5.0s
[DEBUG]   2026-05-15 04:35:12.438732 [PID:2161] [1] [ID:1] still running Suites.Auth.TC02 login valid after 15.0s
[DEBUG]   2026-05-15 04:35:12.440526 [PID:2160] [0] [ID:0] still running Suites.Auth.TC01 register user after 15.0s
[DEBUG]   2026-05-15 04:35:27.462180 [PID:2160] [0] [ID:0] still running Suites.Auth.TC01 register user after 30.0s
[DEBUG]   2026-05-15 04:35:27.462262 [PID:2161] [1] [ID:1] still running Suites.Auth.TC02 login valid after 30.0s
[INFO]    2026-05-15 04:35:35.874468 [PID:2160] [0] [ID:0] PASSED Suites.Auth.TC01 register user in 38.5 seconds
[DEBUG]   2026-05-15 04:35:35.878487 [PID:2705] [0] [ID:2] EXECUTING Suites.Auth.TC03 login invalid
[DEBUG]   2026-05-15 04:35:40.883020 [PID:2705] [0] [ID:2] still running Suites.Auth.TC03 login invalid after 5.0s
[INFO]    2026-05-15 04:35:42.182177 [PID:2161] [1] [ID:1] PASSED Suites.Auth.TC02 login valid in 44.8 seconds
[DEBUG]   2026-05-15 04:35:42.186056 [PID:2871] [1] [ID:3] EXECUTING Suites.Auth.TC04 logout user
[DEBUG]   2026-05-15 04:35:47.192637 [PID:2871] [1] [ID:3] still running Suites.Auth.TC04 logout user after 5.0s
[INFO]    2026-05-15 04:35:50.432713 [PID:2705] [0] [ID:2] PASSED Suites.Auth.TC03 login invalid in 14.5 seconds
[DEBUG]   2026-05-15 04:35:50.436114 [PID:3138] [0] [ID:4] EXECUTING Suites.Auth.TC05 register existing email
[DEBUG]   2026-05-15 04:35:55.444230 [PID:3138] [0] [ID:4] still running Suites.Auth.TC05 register existing email after 5.0s
[DEBUG]   2026-05-15 04:35:57.204942 [PID:2871] [1] [ID:3] still running Suites.Auth.TC04 logout user after 15.0s
[DEBUG]   2026-05-15 04:36:05.459974 [PID:3138] [0] [ID:4] still running Suites.Auth.TC05 register existing email after 15.0s
[DEBUG]   2026-05-15 04:36:12.221423 [PID:2871] [1] [ID:3] still running Suites.Auth.TC04 logout user after 30.0s
[INFO]    2026-05-15 04:36:13.725073 [PID:2871] [1] [ID:3] PASSED Suites.Auth.TC04 logout user in 31.5 seconds
[DEBUG]   2026-05-15 04:36:13.728471 [PID:3449] [1] [ID:5] EXECUTING Suites.Cart.TC12 add products to cart
[DEBUG]   2026-05-15 04:36:18.733397 [PID:3449] [1] [ID:5] still running Suites.Cart.TC12 add products to cart after 5.0s
[DEBUG]   2026-05-15 04:36:20.476891 [PID:3138] [0] [ID:4] still running Suites.Auth.TC05 register existing email after 30.0s
[INFO]    2026-05-15 04:36:25.885215 [PID:3138] [0] [ID:4] PASSED Suites.Auth.TC05 register existing email in 35.4 seconds
[DEBUG]   2026-05-15 04:36:25.888691 [PID:3615] [0] [ID:6] EXECUTING Suites.Cart.TC13 verify product quantity
[DEBUG]   2026-05-15 04:36:28.744427 [PID:3449] [1] [ID:5] still running Suites.Cart.TC12 add products to cart after 15.0s
[DEBUG]   2026-05-15 04:36:30.895153 [PID:3615] [0] [ID:6] still running Suites.Cart.TC13 verify product quantity after 5.0s
[INFO]    2026-05-15 04:36:32.250176 [PID:3449] [1] [ID:5] PASSED Suites.Cart.TC12 add products to cart in 18.5 seconds
[DEBUG]   2026-05-15 04:36:32.253728 [PID:3889] [1] [ID:7] EXECUTING Suites.Cart.TC17 remove products from cart
[DEBUG]   2026-05-15 04:36:37.258524 [PID:3889] [1] [ID:7] still running Suites.Cart.TC17 remove products from cart after 5.0s
[INFO]    2026-05-15 04:36:39.505455 [PID:3615] [0] [ID:6] PASSED Suites.Cart.TC13 verify product quantity in 13.4 seconds
[DEBUG]   2026-05-15 04:36:39.508761 [PID:4073] [0] [ID:8] EXECUTING Suites.Cart.TC20 search and verify cart after login
[DEBUG]   2026-05-15 04:36:44.516110 [PID:4073] [0] [ID:8] still running Suites.Cart.TC20 search and verify cart after login after 5.0s
[DEBUG]   2026-05-15 04:36:47.269139 [PID:3889] [1] [ID:7] still running Suites.Cart.TC17 remove products from cart after 15.0s
[INFO]    2026-05-15 04:36:49.978842 [PID:3889] [1] [ID:7] PASSED Suites.Cart.TC17 remove products from cart in 17.7 seconds
[DEBUG]   2026-05-15 04:36:49.982147 [PID:4336] [1] [ID:9] EXECUTING Suites.Cart.TC22 add from recommended items
[DEBUG]   2026-05-15 04:36:54.528542 [PID:4073] [0] [ID:8] still running Suites.Cart.TC20 search and verify cart after login after 15.0s
[DEBUG]   2026-05-15 04:36:54.990629 [PID:4336] [1] [ID:9] still running Suites.Cart.TC22 add from recommended items after 5.0s
[DEBUG]   2026-05-15 04:37:05.000934 [PID:4336] [1] [ID:9] still running Suites.Cart.TC22 add from recommended items after 15.0s
[INFO]    2026-05-15 04:37:06.027898 [PID:4336] [1] [ID:9] PASSED Suites.Cart.TC22 add from recommended items in 16.0 seconds
[DEBUG]   2026-05-15 04:37:09.544791 [PID:4073] [0] [ID:8] still running Suites.Cart.TC20 search and verify cart after login after 30.0s
[INFO]    2026-05-15 04:37:15.498489 [PID:4073] [0] [ID:8] PASSED Suites.Cart.TC20 search and verify cart after login in 35.9 seconds
[INFO]    10 tests, 10 passed, 0 failed, 0 skipped.
[INFO]    ===================================================
[INFO]    Output:  /home/runner/work/engg-robot-testing-framework/engg-robot-testing-framework/reports/output.xml
[INFO]    Log:     /home/runner/work/engg-robot-testing-framework/engg-robot-testing-framework/reports/log.html
[INFO]    Report:  /home/runner/work/engg-robot-testing-framework/engg-robot-testing-framework/reports/report.html
[DEBUG]   Finalizing Pabot execution...
[DEBUG]   Stopping PabotLib process
[INFO]    Robot Framework remote server at 127.0.0.1:8270 stopped.
[DEBUG]   PabotLib process stopped
[INFO]    Total testing: 4 minutes 26.20 seconds
[INFO]    Elapsed time:  2 minutes 18.72 seconds
[DEBUG]   Logs flushed successfully.
