2026-07-17 03:46:30.323470 ==============================================================================
2026-07-17 03:46:30.343963 Suites
2026-07-17 03:46:30.343997 ==============================================================================
2026-07-17 03:46:30.344021 Suites.Auth
2026-07-17 03:46:30.345292 ==============================================================================
2026-07-17 03:46:30.345310 Suites.Auth.TC01 register user
2026-07-17 03:46:30.345310 [ ERROR ] Error in file '/home/runner/work/engg-robot-testing-framework/engg-robot-testing-framework/tests/auth/TC01_register_user.robot' on line 2: Importing library 'playwright_keyword_library.PlaywrightKeywordLibrary' failed: ModuleNotFoundError: No module named 'playwright_keyword_library'
2026-07-17 03:46:30.364462 ==============================================================================
2026-07-17 03:46:30.364462 Traceback (most recent call last):
2026-07-17 03:46:30.364486   None
2026-07-17 03:46:30.414595 PYTHONPATH:
2026-07-17 03:46:30.464736   /opt/hostedtoolcache/Python/3.11.15/x64/bin
2026-07-17 03:46:30.514834   /opt/hostedtoolcache/Python/3.11.15/x64/lib/python311.zip
2026-07-17 03:46:30.564944   /opt/hostedtoolcache/Python/3.11.15/x64/lib/python3.11
2026-07-17 03:46:30.615042   /opt/hostedtoolcache/Python/3.11.15/x64/lib/python3.11/lib-dynload
2026-07-17 03:46:30.665184   /opt/hostedtoolcache/Python/3.11.15/x64/lib/python3.11/site-packages
2026-07-17 03:46:30.715452 [ ERROR ] Error in file '/home/runner/work/engg-robot-testing-framework/engg-robot-testing-framework/resources/auth_keywords.resource' on line 2: Importing library 'playwright_keyword_library.PlaywrightKeywordLibrary' failed: ModuleNotFoundError: No module named 'playwright_keyword_library'
2026-07-17 03:46:30.765579 Traceback (most recent call last):
2026-07-17 03:46:30.815675   None
2026-07-17 03:46:30.865776 PYTHONPATH:
2026-07-17 03:46:30.915914   /opt/hostedtoolcache/Python/3.11.15/x64/bin
2026-07-17 03:46:30.966071   /opt/hostedtoolcache/Python/3.11.15/x64/lib/python311.zip
2026-07-17 03:46:31.016225   /opt/hostedtoolcache/Python/3.11.15/x64/lib/python3.11
2026-07-17 03:46:31.066372   /opt/hostedtoolcache/Python/3.11.15/x64/lib/python3.11/lib-dynload
2026-07-17 03:46:31.116518   /opt/hostedtoolcache/Python/3.11.15/x64/lib/python3.11/site-packages
2026-07-17 03:46:31.166681 [ ERROR ] Error in file '/home/runner/work/engg-robot-testing-framework/engg-robot-testing-framework/resources/common.resource' on line 4: Importing library 'playwright_keyword_library.PlaywrightKeywordLibrary' failed: ModuleNotFoundError: No module named 'playwright_keyword_library'
2026-07-17 03:46:31.216839 Traceback (most recent call last):
2026-07-17 03:46:31.266990   None
2026-07-17 03:46:31.317135 PYTHONPATH:
2026-07-17 03:46:31.367349   /opt/hostedtoolcache/Python/3.11.15/x64/bin
2026-07-17 03:46:31.417641   /opt/hostedtoolcache/Python/3.11.15/x64/lib/python311.zip
2026-07-17 03:46:31.467801   /opt/hostedtoolcache/Python/3.11.15/x64/lib/python3.11
2026-07-17 03:46:31.517955   /opt/hostedtoolcache/Python/3.11.15/x64/lib/python3.11/lib-dynload
2026-07-17 03:46:31.568165   /opt/hostedtoolcache/Python/3.11.15/x64/lib/python3.11/site-packages
2026-07-17 03:46:40.340640 TC01 Register User                                                    | FAIL |
2026-07-17 03:46:40.375519 Setup failed:
2026-07-17 03:46:40.375531 No keyword with name 'Open Browser' found.
2026-07-17 03:46:40.375538 
2026-07-17 03:46:40.375545 Also teardown failed:
2026-07-17 03:46:40.375552 Several failures occurred:
2026-07-17 03:46:40.375559 
2026-07-17 03:46:40.375566 1) No keyword with name 'Register Keyword To Run On Failure' found.
2026-07-17 03:46:40.375573 
2026-07-17 03:46:40.375579 2) No keyword with name 'Close Browser' found. Did you mean:
2026-07-17 03:46:40.375586     common.Close Test Browser
2026-07-17 03:46:40.375592 ------------------------------------------------------------------------------
2026-07-17 03:46:40.375598 Suites.Auth.TC01 register user                                        | FAIL |
2026-07-17 03:46:40.376388 1 test, 0 passed, 1 failed
2026-07-17 03:46:40.376430 ==============================================================================
2026-07-17 03:46:40.376438 Suites.Auth                                                           | FAIL |
2026-07-17 03:46:40.376993 1 test, 0 passed, 1 failed
2026-07-17 03:46:40.377033 ==============================================================================
2026-07-17 03:46:40.377051 Suites                                                                | FAIL |
2026-07-17 03:46:40.377567 1 test, 0 passed, 1 failed
2026-07-17 03:46:40.377630 ==============================================================================
2026-07-17 03:46:40.377639 Output:  /home/runner/work/engg-robot-testing-framework/engg-robot-testing-framework/reports/pabot_results/0/output.xml
