2026-09-12 04:52:32.439779 ==============================================================================
2026-09-12 04:52:32.466285 Suites
2026-09-12 04:52:32.466305 ==============================================================================
2026-09-12 04:52:32.466320 Suites.Auth
2026-09-12 04:52:32.467145 ==============================================================================
2026-09-12 04:52:32.467164 Suites.Auth.TC04 logout user
2026-09-12 04:52:32.467164 [ ERROR ] Error in file '/home/runner/work/engg-robot-testing-framework/engg-robot-testing-framework/tests/auth/TC04_logout_user.robot' on line 2: Importing library 'playwright_keyword_library.PlaywrightKeywordLibrary' failed: ModuleNotFoundError: No module named 'playwright_keyword_library'
2026-09-12 04:52:32.485658 ==============================================================================
2026-09-12 04:52:32.485658 Traceback (most recent call last):
2026-09-12 04:52:32.485683   None
2026-09-12 04:52:32.535810 PYTHONPATH:
2026-09-12 04:52:32.585930   /opt/hostedtoolcache/Python/3.11.16/x64/bin
2026-09-12 04:52:32.636030   /opt/hostedtoolcache/Python/3.11.16/x64/lib/python311.zip
2026-09-12 04:52:32.686134   /opt/hostedtoolcache/Python/3.11.16/x64/lib/python3.11
2026-09-12 04:52:32.736232   /opt/hostedtoolcache/Python/3.11.16/x64/lib/python3.11/lib-dynload
2026-09-12 04:52:32.786370   /opt/hostedtoolcache/Python/3.11.16/x64/lib/python3.11/site-packages
2026-09-12 04:52:32.836513 [ ERROR ] Error in file '/home/runner/work/engg-robot-testing-framework/engg-robot-testing-framework/resources/auth_keywords.resource' on line 2: Importing library 'playwright_keyword_library.PlaywrightKeywordLibrary' failed: ModuleNotFoundError: No module named 'playwright_keyword_library'
2026-09-12 04:52:32.886661 Traceback (most recent call last):
2026-09-12 04:52:32.936810   None
2026-09-12 04:52:32.986957 PYTHONPATH:
2026-09-12 04:52:33.037112   /opt/hostedtoolcache/Python/3.11.16/x64/bin
2026-09-12 04:52:33.087267   /opt/hostedtoolcache/Python/3.11.16/x64/lib/python311.zip
2026-09-12 04:52:33.137415   /opt/hostedtoolcache/Python/3.11.16/x64/lib/python3.11
2026-09-12 04:52:33.187563   /opt/hostedtoolcache/Python/3.11.16/x64/lib/python3.11/lib-dynload
2026-09-12 04:52:33.237717   /opt/hostedtoolcache/Python/3.11.16/x64/lib/python3.11/site-packages
2026-09-12 04:52:33.287872 [ ERROR ] Error in file '/home/runner/work/engg-robot-testing-framework/engg-robot-testing-framework/resources/common.resource' on line 4: Importing library 'playwright_keyword_library.PlaywrightKeywordLibrary' failed: ModuleNotFoundError: No module named 'playwright_keyword_library'
2026-09-12 04:52:33.337990 Traceback (most recent call last):
2026-09-12 04:52:33.388107   None
2026-09-12 04:52:33.438255 PYTHONPATH:
2026-09-12 04:52:33.488373   /opt/hostedtoolcache/Python/3.11.16/x64/bin
2026-09-12 04:52:33.538522   /opt/hostedtoolcache/Python/3.11.16/x64/lib/python311.zip
2026-09-12 04:52:33.588627   /opt/hostedtoolcache/Python/3.11.16/x64/lib/python3.11
2026-09-12 04:52:33.638765   /opt/hostedtoolcache/Python/3.11.16/x64/lib/python3.11/lib-dynload
2026-09-12 04:52:33.688870   /opt/hostedtoolcache/Python/3.11.16/x64/lib/python3.11/site-packages
2026-09-12 04:52:42.459881 TC04 Logout User                                                      | FAIL |
2026-09-12 04:52:42.495529 Setup failed:
2026-09-12 04:52:42.495548 No keyword with name 'Open Browser' found.
2026-09-12 04:52:42.495563 
2026-09-12 04:52:42.495577 Also teardown failed:
2026-09-12 04:52:42.495590 Several failures occurred:
2026-09-12 04:52:42.495602 
2026-09-12 04:52:42.495615 1) No keyword with name 'Register Keyword To Run On Failure' found.
2026-09-12 04:52:42.495627 
2026-09-12 04:52:42.495638 2) No keyword with name 'Close Browser' found. Did you mean:
2026-09-12 04:52:42.495651     common.Close Test Browser
2026-09-12 04:52:42.495666 ------------------------------------------------------------------------------
2026-09-12 04:52:42.495678 Suites.Auth.TC04 logout user                                          | FAIL |
2026-09-12 04:52:42.496294 1 test, 0 passed, 1 failed
2026-09-12 04:52:42.496380 ==============================================================================
2026-09-12 04:52:42.496392 Suites.Auth                                                           | FAIL |
2026-09-12 04:52:42.496824 1 test, 0 passed, 1 failed
2026-09-12 04:52:42.496900 ==============================================================================
2026-09-12 04:52:42.496911 Suites                                                                | FAIL |
2026-09-12 04:52:42.497298 1 test, 0 passed, 1 failed
2026-09-12 04:52:42.497356 ==============================================================================
2026-09-12 04:52:42.497365 Output:  /home/runner/work/engg-robot-testing-framework/engg-robot-testing-framework/reports/pabot_results/3/output.xml
