2026-09-23 05:00:15.947940 ==============================================================================
2026-09-23 05:00:15.975335 Suites
2026-09-23 05:00:15.975593 ==============================================================================
2026-09-23 05:00:15.975612 Suites.Auth
2026-09-23 05:00:15.975969 ==============================================================================
2026-09-23 05:00:15.975986 Suites.Auth.TC05 register existing email
2026-09-23 05:00:15.975986 [ ERROR ] Error in file '/home/runner/work/engg-robot-testing-framework/engg-robot-testing-framework/tests/auth/TC05_register_existing_email.robot' on line 2: Importing library 'playwright_keyword_library.PlaywrightKeywordLibrary' failed: ModuleNotFoundError: No module named 'playwright_keyword_library'
2026-09-23 05:00:15.994953 ==============================================================================
2026-09-23 05:00:15.994953 Traceback (most recent call last):
2026-09-23 05:00:15.994979   None
2026-09-23 05:00:16.045132 PYTHONPATH:
2026-09-23 05:00:16.095294   /opt/hostedtoolcache/Python/3.11.16/x64/bin
2026-09-23 05:00:16.145429   /opt/hostedtoolcache/Python/3.11.16/x64/lib/python311.zip
2026-09-23 05:00:16.195545   /opt/hostedtoolcache/Python/3.11.16/x64/lib/python3.11
2026-09-23 05:00:16.245690   /opt/hostedtoolcache/Python/3.11.16/x64/lib/python3.11/lib-dynload
2026-09-23 05:00:16.295823   /opt/hostedtoolcache/Python/3.11.16/x64/lib/python3.11/site-packages
2026-09-23 05:00:16.345983 [ ERROR ] Error in file '/home/runner/work/engg-robot-testing-framework/engg-robot-testing-framework/resources/auth_keywords.resource' on line 2: Importing library 'playwright_keyword_library.PlaywrightKeywordLibrary' failed: ModuleNotFoundError: No module named 'playwright_keyword_library'
2026-09-23 05:00:16.396129 Traceback (most recent call last):
2026-09-23 05:00:16.446288   None
2026-09-23 05:00:16.496450 PYTHONPATH:
2026-09-23 05:00:16.546659   /opt/hostedtoolcache/Python/3.11.16/x64/bin
2026-09-23 05:00:16.596836   /opt/hostedtoolcache/Python/3.11.16/x64/lib/python311.zip
2026-09-23 05:00:16.647006   /opt/hostedtoolcache/Python/3.11.16/x64/lib/python3.11
2026-09-23 05:00:16.697186   /opt/hostedtoolcache/Python/3.11.16/x64/lib/python3.11/lib-dynload
2026-09-23 05:00:16.747370   /opt/hostedtoolcache/Python/3.11.16/x64/lib/python3.11/site-packages
2026-09-23 05:00:16.797543 [ ERROR ] Error in file '/home/runner/work/engg-robot-testing-framework/engg-robot-testing-framework/resources/common.resource' on line 4: Importing library 'playwright_keyword_library.PlaywrightKeywordLibrary' failed: ModuleNotFoundError: No module named 'playwright_keyword_library'
2026-09-23 05:00:16.847684 Traceback (most recent call last):
2026-09-23 05:00:16.897803   None
2026-09-23 05:00:16.947960 PYTHONPATH:
2026-09-23 05:00:16.998107   /opt/hostedtoolcache/Python/3.11.16/x64/bin
2026-09-23 05:00:17.048263   /opt/hostedtoolcache/Python/3.11.16/x64/lib/python311.zip
2026-09-23 05:00:17.098377   /opt/hostedtoolcache/Python/3.11.16/x64/lib/python3.11
2026-09-23 05:00:17.148522   /opt/hostedtoolcache/Python/3.11.16/x64/lib/python3.11/lib-dynload
2026-09-23 05:00:17.198674   /opt/hostedtoolcache/Python/3.11.16/x64/lib/python3.11/site-packages
2026-09-23 05:00:25.971139 TC05 Register User With Existing Email                                | FAIL |
2026-09-23 05:00:26.004991 Setup failed:
2026-09-23 05:00:26.005004 No keyword with name 'Open Browser' found.
2026-09-23 05:00:26.005012 
2026-09-23 05:00:26.005019 Also teardown failed:
2026-09-23 05:00:26.005026 Several failures occurred:
2026-09-23 05:00:26.005033 
2026-09-23 05:00:26.005039 1) No keyword with name 'Register Keyword To Run On Failure' found.
2026-09-23 05:00:26.005046 
2026-09-23 05:00:26.005052 2) No keyword with name 'Close Browser' found. Did you mean:
2026-09-23 05:00:26.005059     common.Close Test Browser
2026-09-23 05:00:26.005065 ------------------------------------------------------------------------------
2026-09-23 05:00:26.005071 Suites.Auth.TC05 register existing email                              | FAIL |
2026-09-23 05:00:26.005533 1 test, 0 passed, 1 failed
2026-09-23 05:00:26.005575 ==============================================================================
2026-09-23 05:00:26.005583 Suites.Auth                                                           | FAIL |
2026-09-23 05:00:26.005898 1 test, 0 passed, 1 failed
2026-09-23 05:00:26.005964 ==============================================================================
2026-09-23 05:00:26.005973 Suites                                                                | FAIL |
2026-09-23 05:00:26.006200 1 test, 0 passed, 1 failed
2026-09-23 05:00:26.006263 ==============================================================================
2026-09-23 05:00:26.006271 Output:  /home/runner/work/engg-robot-testing-framework/engg-robot-testing-framework/reports/pabot_results/4/output.xml
