2026-06-26 04:49:48.857910 ==============================================================================
2026-06-26 04:49:48.873335 Suites
2026-06-26 04:49:48.873354 ==============================================================================
2026-06-26 04:49:48.873369 Suites.Auth
2026-06-26 04:49:48.874090 ==============================================================================
2026-06-26 04:49:48.874108 Suites.Auth.TC05 register existing email
2026-06-26 04:49:48.874108 [ ERROR ] Error in file '/home/runner/work/engg-robot-testing-framework/engg-robot-testing-framework/tests/auth/TC05_register_existing_email.robot' on line 2: Importing library 'playwright_keyword_library.PlaywrightKeywordLibrary' failed: ModuleNotFoundError: No module named 'playwright_keyword_library'
2026-06-26 04:49:48.892287 ==============================================================================
2026-06-26 04:49:48.892287 Traceback (most recent call last):
2026-06-26 04:49:48.892312   None
2026-06-26 04:49:48.942419 PYTHONPATH:
2026-06-26 04:49:48.992522   /opt/hostedtoolcache/Python/3.11.15/x64/bin
2026-06-26 04:49:49.042625   /opt/hostedtoolcache/Python/3.11.15/x64/lib/python311.zip
2026-06-26 04:49:49.092725   /opt/hostedtoolcache/Python/3.11.15/x64/lib/python3.11
2026-06-26 04:49:49.142823   /opt/hostedtoolcache/Python/3.11.15/x64/lib/python3.11/lib-dynload
2026-06-26 04:49:49.192923   /opt/hostedtoolcache/Python/3.11.15/x64/lib/python3.11/site-packages
2026-06-26 04:49:49.243069 [ ERROR ] Error in file '/home/runner/work/engg-robot-testing-framework/engg-robot-testing-framework/resources/auth_keywords.resource' on line 2: Importing library 'playwright_keyword_library.PlaywrightKeywordLibrary' failed: ModuleNotFoundError: No module named 'playwright_keyword_library'
2026-06-26 04:49:49.293216 Traceback (most recent call last):
2026-06-26 04:49:49.343365   None
2026-06-26 04:49:49.393509 PYTHONPATH:
2026-06-26 04:49:49.443655   /opt/hostedtoolcache/Python/3.11.15/x64/bin
2026-06-26 04:49:49.493799   /opt/hostedtoolcache/Python/3.11.15/x64/lib/python311.zip
2026-06-26 04:49:49.543944   /opt/hostedtoolcache/Python/3.11.15/x64/lib/python3.11
2026-06-26 04:49:49.594100   /opt/hostedtoolcache/Python/3.11.15/x64/lib/python3.11/lib-dynload
2026-06-26 04:49:49.644252   /opt/hostedtoolcache/Python/3.11.15/x64/lib/python3.11/site-packages
2026-06-26 04:49:49.694396 [ ERROR ] Error in file '/home/runner/work/engg-robot-testing-framework/engg-robot-testing-framework/resources/common.resource' on line 4: Importing library 'playwright_keyword_library.PlaywrightKeywordLibrary' failed: ModuleNotFoundError: No module named 'playwright_keyword_library'
2026-06-26 04:49:49.744545 Traceback (most recent call last):
2026-06-26 04:49:49.794694   None
2026-06-26 04:49:49.844844 PYTHONPATH:
2026-06-26 04:49:49.894988   /opt/hostedtoolcache/Python/3.11.15/x64/bin
2026-06-26 04:49:49.945135   /opt/hostedtoolcache/Python/3.11.15/x64/lib/python311.zip
2026-06-26 04:49:49.995250   /opt/hostedtoolcache/Python/3.11.15/x64/lib/python3.11
2026-06-26 04:49:50.045397   /opt/hostedtoolcache/Python/3.11.15/x64/lib/python3.11/lib-dynload
2026-06-26 04:49:50.095548   /opt/hostedtoolcache/Python/3.11.15/x64/lib/python3.11/site-packages
2026-06-26 04:49:58.871222 TC05 Register User With Existing Email                                | FAIL |
2026-06-26 04:49:58.902235 Setup failed:
2026-06-26 04:49:58.902253 No keyword with name 'Open Browser' found.
2026-06-26 04:49:58.902263 
2026-06-26 04:49:58.902272 Also teardown failed:
2026-06-26 04:49:58.902281 Several failures occurred:
2026-06-26 04:49:58.902289 
2026-06-26 04:49:58.902298 1) No keyword with name 'Register Keyword To Run On Failure' found.
2026-06-26 04:49:58.902307 
2026-06-26 04:49:58.902314 2) No keyword with name 'Close Browser' found. Did you mean:
2026-06-26 04:49:58.902322     common.Close Test Browser
2026-06-26 04:49:58.902330 ------------------------------------------------------------------------------
2026-06-26 04:49:58.902337 Suites.Auth.TC05 register existing email                              | FAIL |
2026-06-26 04:49:58.902859 1 test, 0 passed, 1 failed
2026-06-26 04:49:58.902882 ==============================================================================
2026-06-26 04:49:58.902972 Suites.Auth                                                           | FAIL |
2026-06-26 04:49:58.903310 1 test, 0 passed, 1 failed
2026-06-26 04:49:58.903366 ==============================================================================
2026-06-26 04:49:58.903375 Suites                                                                | FAIL |
2026-06-26 04:49:58.903682 1 test, 0 passed, 1 failed
2026-06-26 04:49:58.903740 ==============================================================================
2026-06-26 04:49:58.903749 Output:  /home/runner/work/engg-robot-testing-framework/engg-robot-testing-framework/reports/pabot_results/4/output.xml
