2026-07-11 03:51:57.757472 ==============================================================================
2026-07-11 03:51:57.777053 Suites
2026-07-11 03:51:57.777068 ==============================================================================
2026-07-11 03:51:57.777079 Suites.Auth
2026-07-11 03:51:57.777809 ==============================================================================
2026-07-11 03:51:57.777848 Suites.Auth.TC05 register existing email
2026-07-11 03:51:57.777848 [ ERROR ] Error in file '/home/runner/work/engg-robot-testing-framework/engg-robot-testing-framework/tests/auth/TC05_register_existing_email.robot' on line 2: Importing library 'playwright_keyword_library.PlaywrightKeywordLibrary' failed: ModuleNotFoundError: No module named 'playwright_keyword_library'
2026-07-11 03:51:57.794532 ==============================================================================
2026-07-11 03:51:57.794532 Traceback (most recent call last):
2026-07-11 03:51:57.794554   None
2026-07-11 03:51:57.844686 PYTHONPATH:
2026-07-11 03:51:57.894880   /opt/hostedtoolcache/Python/3.11.15/x64/bin
2026-07-11 03:51:57.945025   /opt/hostedtoolcache/Python/3.11.15/x64/lib/python311.zip
2026-07-11 03:51:57.995169   /opt/hostedtoolcache/Python/3.11.15/x64/lib/python3.11
2026-07-11 03:51:58.045300   /opt/hostedtoolcache/Python/3.11.15/x64/lib/python3.11/lib-dynload
2026-07-11 03:51:58.095472   /opt/hostedtoolcache/Python/3.11.15/x64/lib/python3.11/site-packages
2026-07-11 03:51:58.145636 [ ERROR ] Error in file '/home/runner/work/engg-robot-testing-framework/engg-robot-testing-framework/resources/auth_keywords.resource' on line 2: Importing library 'playwright_keyword_library.PlaywrightKeywordLibrary' failed: ModuleNotFoundError: No module named 'playwright_keyword_library'
2026-07-11 03:51:58.195806 Traceback (most recent call last):
2026-07-11 03:51:58.245983   None
2026-07-11 03:51:58.296153 PYTHONPATH:
2026-07-11 03:51:58.346325   /opt/hostedtoolcache/Python/3.11.15/x64/bin
2026-07-11 03:51:58.396508   /opt/hostedtoolcache/Python/3.11.15/x64/lib/python311.zip
2026-07-11 03:51:58.446681   /opt/hostedtoolcache/Python/3.11.15/x64/lib/python3.11
2026-07-11 03:51:58.496881   /opt/hostedtoolcache/Python/3.11.15/x64/lib/python3.11/lib-dynload
2026-07-11 03:51:58.547041   /opt/hostedtoolcache/Python/3.11.15/x64/lib/python3.11/site-packages
2026-07-11 03:51:58.597215 [ ERROR ] Error in file '/home/runner/work/engg-robot-testing-framework/engg-robot-testing-framework/resources/common.resource' on line 4: Importing library 'playwright_keyword_library.PlaywrightKeywordLibrary' failed: ModuleNotFoundError: No module named 'playwright_keyword_library'
2026-07-11 03:51:58.647384 Traceback (most recent call last):
2026-07-11 03:51:58.697551   None
2026-07-11 03:51:58.747722 PYTHONPATH:
2026-07-11 03:51:58.797924   /opt/hostedtoolcache/Python/3.11.15/x64/bin
2026-07-11 03:51:58.848107   /opt/hostedtoolcache/Python/3.11.15/x64/lib/python311.zip
2026-07-11 03:51:58.898278   /opt/hostedtoolcache/Python/3.11.15/x64/lib/python3.11
2026-07-11 03:51:58.948448   /opt/hostedtoolcache/Python/3.11.15/x64/lib/python3.11/lib-dynload
2026-07-11 03:51:58.998616   /opt/hostedtoolcache/Python/3.11.15/x64/lib/python3.11/site-packages
2026-07-11 03:52:07.771881 TC05 Register User With Existing Email                                | FAIL |
2026-07-11 03:52:07.803934 Setup failed:
2026-07-11 03:52:07.803948 No keyword with name 'Open Browser' found.
2026-07-11 03:52:07.803956 
2026-07-11 03:52:07.803964 Also teardown failed:
2026-07-11 03:52:07.803971 Several failures occurred:
2026-07-11 03:52:07.803978 
2026-07-11 03:52:07.803985 1) No keyword with name 'Register Keyword To Run On Failure' found.
2026-07-11 03:52:07.803994 
2026-07-11 03:52:07.804000 2) No keyword with name 'Close Browser' found. Did you mean:
2026-07-11 03:52:07.804007     common.Close Test Browser
2026-07-11 03:52:07.804014 ------------------------------------------------------------------------------
2026-07-11 03:52:07.804020 Suites.Auth.TC05 register existing email                              | FAIL |
2026-07-11 03:52:07.804463 1 test, 0 passed, 1 failed
2026-07-11 03:52:07.804487 ==============================================================================
2026-07-11 03:52:07.804535 Suites.Auth                                                           | FAIL |
2026-07-11 03:52:07.804743 1 test, 0 passed, 1 failed
2026-07-11 03:52:07.804789 ==============================================================================
2026-07-11 03:52:07.804797 Suites                                                                | FAIL |
2026-07-11 03:52:07.805025 1 test, 0 passed, 1 failed
2026-07-11 03:52:07.805044 ==============================================================================
2026-07-11 03:52:07.805085 Output:  /home/runner/work/engg-robot-testing-framework/engg-robot-testing-framework/reports/pabot_results/4/output.xml
