[INFO]    Initialized logging in reports/pabot_results
[INFO]    Robot Framework remote server at 127.0.0.1:8270 started.
[DEBUG]   2026-06-15 05:36:37.501682 [PID:2387] [0] [ID:0] EXECUTING Suites.Auth.TC01 register user
[DEBUG]   2026-06-15 05:36:37.503512 [PID:2388] [1] [ID:1] EXECUTING Suites.Auth.TC02 login valid
[DEBUG]   2026-06-15 05:36:42.508966 [PID:2387] [0] [ID:0] still running Suites.Auth.TC01 register user after 5.0s
[DEBUG]   2026-06-15 05:36:42.509082 [PID:2388] [1] [ID:1] still running Suites.Auth.TC02 login valid after 5.0s
[INFO]    2026-06-15 05:36:50.819198 [PID:2388] [1] [ID:1] Execution failed in Suites.Auth.TC02 login valid with 1 failing test(s)
==============================================================================
Suites
==============================================================================
Suites.Auth
==============================================================================
Suites.Auth.TC02 login valid
==============================================================================
TC02 Login User With Correct Email And Password                       | FAIL |
Setup failed:
Title should have been 'Automation Exercise' but was 'One moment, please...'.
------------------------------------------------------------------------------
Suites.Auth.TC02 login valid                                          | FAIL |
1 test, 0 passed, 1 failed
==============================================================================
Suites.Auth                                                           | FAIL |
1 test, 0 passed, 1 failed
==============================================================================
Suites                                                                | FAIL |
1 test, 0 passed, 1 failed
==============================================================================
Output:  /home/runner/work/engg-robot-testing-framework/engg-robot-testing-framework/reports/pabot_results/1/output.xml
[DEBUG]   2026-06-15 05:36:50.824241 [PID:2664] [0] [ID:2] EXECUTING Suites.Auth.TC03 login invalid
[INFO]    2026-06-15 05:36:50.918612 [PID:2387] [0] [ID:0] Execution failed in Suites.Auth.TC01 register user with 1 failing test(s)
==============================================================================
Suites
==============================================================================
Suites.Auth
==============================================================================
Suites.Auth.TC01 register user
==============================================================================
TC01 Register User                                                    | FAIL |
Setup failed:
Title should have been 'Automation Exercise' but was 'One moment, please...'.
------------------------------------------------------------------------------
Suites.Auth.TC01 register user                                        | FAIL |
1 test, 0 passed, 1 failed
==============================================================================
Suites.Auth                                                           | FAIL |
1 test, 0 passed, 1 failed
==============================================================================
Suites                                                                | FAIL |
1 test, 0 passed, 1 failed
==============================================================================
Output:  /home/runner/work/engg-robot-testing-framework/engg-robot-testing-framework/reports/pabot_results/0/output.xml
[DEBUG]   2026-06-15 05:36:50.922768 [PID:2668] [1] [ID:3] EXECUTING Suites.Auth.TC04 logout user
[DEBUG]   2026-06-15 05:36:55.829547 [PID:2664] [0] [ID:2] still running Suites.Auth.TC03 login invalid after 5.0s
[DEBUG]   2026-06-15 05:36:55.929221 [PID:2668] [1] [ID:3] still running Suites.Auth.TC04 logout user after 5.0s
[INFO]    2026-06-15 05:37:02.139158 [PID:2664] [0] [ID:2] Execution failed in Suites.Auth.TC03 login invalid with 1 failing test(s)
==============================================================================
Suites
==============================================================================
Suites.Auth
==============================================================================
Suites.Auth.TC03 login invalid
==============================================================================
TC03 Login User With Incorrect Email And Password                     | FAIL |
Setup failed:
Title should have been 'Automation Exercise' but was 'One moment, please...'.
------------------------------------------------------------------------------
Suites.Auth.TC03 login invalid                                        | FAIL |
1 test, 0 passed, 1 failed
==============================================================================
Suites.Auth                                                           | FAIL |
1 test, 0 passed, 1 failed
==============================================================================
Suites                                                                | FAIL |
1 test, 0 passed, 1 failed
==============================================================================
Output:  /home/runner/work/engg-robot-testing-framework/engg-robot-testing-framework/reports/pabot_results/2/output.xml
[DEBUG]   2026-06-15 05:37:02.144942 [PID:2927] [0] [ID:4] EXECUTING Suites.Auth.TC05 register existing email
[INFO]    2026-06-15 05:37:02.238300 [PID:2668] [1] [ID:3] Execution failed in Suites.Auth.TC04 logout user with 1 failing test(s)
==============================================================================
Suites
==============================================================================
Suites.Auth
==============================================================================
Suites.Auth.TC04 logout user
==============================================================================
TC04 Logout User                                                      | FAIL |
Setup failed:
Title should have been 'Automation Exercise' but was 'One moment, please...'.
------------------------------------------------------------------------------
Suites.Auth.TC04 logout user                                          | FAIL |
1 test, 0 passed, 1 failed
==============================================================================
Suites.Auth                                                           | FAIL |
1 test, 0 passed, 1 failed
==============================================================================
Suites                                                                | FAIL |
1 test, 0 passed, 1 failed
==============================================================================
Output:  /home/runner/work/engg-robot-testing-framework/engg-robot-testing-framework/reports/pabot_results/3/output.xml
[DEBUG]   2026-06-15 05:37:02.243224 [PID:2931] [1] [ID:5] EXECUTING Suites.Cart.TC12 add products to cart
[DEBUG]   2026-06-15 05:37:07.150991 [PID:2927] [0] [ID:4] still running Suites.Auth.TC05 register existing email after 5.0s
[DEBUG]   2026-06-15 05:37:07.248264 [PID:2931] [1] [ID:5] still running Suites.Cart.TC12 add products to cart after 5.0s
[INFO]    2026-06-15 05:37:13.558203 [PID:2931] [1] [ID:5] Execution failed in Suites.Cart.TC12 add products to cart with 1 failing test(s)
==============================================================================
Suites
==============================================================================
Suites.Cart
==============================================================================
Suites.Cart.TC12 add products to cart :: TC12 - Add Products In Cart
==============================================================================
TC12 Add Products In Cart                                             | FAIL |
Setup failed:
Title should have been 'Automation Exercise' but was 'One moment, please...'.
------------------------------------------------------------------------------
Suites.Cart.TC12 add products to cart :: TC12 - Add Products In Cart  | FAIL |
1 test, 0 passed, 1 failed
==============================================================================
Suites.Cart                                                           | FAIL |
1 test, 0 passed, 1 failed
==============================================================================
Suites                                                                | FAIL |
1 test, 0 passed, 1 failed
==============================================================================
Output:  /home/runner/work/engg-robot-testing-framework/engg-robot-testing-framework/reports/pabot_results/5/output.xml
[INFO]    2026-06-15 05:37:13.563170 [PID:2927] [0] [ID:4] Execution failed in Suites.Auth.TC05 register existing email with 1 failing test(s)
==============================================================================
Suites
==============================================================================
Suites.Auth
==============================================================================
Suites.Auth.TC05 register existing email
==============================================================================
TC05 Register User With Existing Email                                | FAIL |
Setup failed:
Title should have been 'Automation Exercise' but was 'One moment, please...'.
------------------------------------------------------------------------------
Suites.Auth.TC05 register existing email                              | FAIL |
1 test, 0 passed, 1 failed
==============================================================================
Suites.Auth                                                           | FAIL |
1 test, 0 passed, 1 failed
==============================================================================
Suites                                                                | FAIL |
1 test, 0 passed, 1 failed
==============================================================================
Output:  /home/runner/work/engg-robot-testing-framework/engg-robot-testing-framework/reports/pabot_results/4/output.xml
[DEBUG]   2026-06-15 05:37:13.564234 [PID:3193] [0] [ID:6] EXECUTING Suites.Cart.TC13 verify product quantity
[DEBUG]   2026-06-15 05:37:13.568342 [PID:3197] [1] [ID:7] EXECUTING Suites.Cart.TC17 remove products from cart
[DEBUG]   2026-06-15 05:37:18.570630 [PID:3193] [0] [ID:6] still running Suites.Cart.TC13 verify product quantity after 5.0s
[DEBUG]   2026-06-15 05:37:18.577265 [PID:3197] [1] [ID:7] still running Suites.Cart.TC17 remove products from cart after 5.0s
[INFO]    2026-06-15 05:37:24.787533 [PID:3197] [1] [ID:7] Execution failed in Suites.Cart.TC17 remove products from cart with 1 failing test(s)
==============================================================================
Suites
==============================================================================
Suites.Cart
==============================================================================
Suites.Cart.TC17 remove products from cart :: TC17 - Remove Products From Cart
==============================================================================
TC17 Remove Products From Cart                                        | FAIL |
Setup failed:
Title should have been 'Automation Exercise' but was 'One moment, please...'.
------------------------------------------------------------------------------
Suites.Cart.TC17 remove products from cart :: TC17 - Remove Produc... | FAIL |
1 test, 0 passed, 1 failed
==============================================================================
Suites.Cart                                                           | FAIL |
1 test, 0 passed, 1 failed
==============================================================================
Suites                                                                | FAIL |
1 test, 0 passed, 1 failed
==============================================================================
Output:  /home/runner/work/engg-robot-testing-framework/engg-robot-testing-framework/reports/pabot_results/7/output.xml
[DEBUG]   2026-06-15 05:37:24.795999 [PID:3458] [0] [ID:8] EXECUTING Suites.Cart.TC20 search and verify cart after login
[INFO]    2026-06-15 05:37:25.079445 [PID:3193] [0] [ID:6] Execution failed in Suites.Cart.TC13 verify product quantity with 1 failing test(s)
==============================================================================
Suites
==============================================================================
Suites.Cart
==============================================================================
Suites.Cart.TC13 verify product quantity :: TC13 - Verify Product Quantity ...
==============================================================================
TC13 Verify Product Quantity In Cart                                  | FAIL |
Setup failed:
Title should have been 'Automation Exercise' but was 'One moment, please...'.
------------------------------------------------------------------------------
Suites.Cart.TC13 verify product quantity :: TC13 - Verify Product ... | FAIL |
1 test, 0 passed, 1 failed
==============================================================================
Suites.Cart                                                           | FAIL |
1 test, 0 passed, 1 failed
==============================================================================
Suites                                                                | FAIL |
1 test, 0 passed, 1 failed
==============================================================================
Output:  /home/runner/work/engg-robot-testing-framework/engg-robot-testing-framework/reports/pabot_results/6/output.xml
[DEBUG]   2026-06-15 05:37:25.083785 [PID:3462] [1] [ID:9] EXECUTING Suites.Cart.TC22 add from recommended items
[DEBUG]   2026-06-15 05:37:29.801701 [PID:3458] [0] [ID:8] still running Suites.Cart.TC20 search and verify cart after login after 5.0s
[DEBUG]   2026-06-15 05:37:30.093794 [PID:3462] [1] [ID:9] still running Suites.Cart.TC22 add from recommended items after 5.0s
[INFO]    2026-06-15 05:37:36.011118 [PID:3458] [0] [ID:8] Execution failed in Suites.Cart.TC20 search and verify cart after login with 1 failing test(s)
==============================================================================
Suites
==============================================================================
Suites.Cart
==============================================================================
Suites.Cart.TC20 search and verify cart after login :: TC20 - Search Produc...
==============================================================================
TC20 Search Products And Verify Cart After Login                      | FAIL |
Setup failed:
Title should have been 'Automation Exercise' but was 'One moment, please...'.
------------------------------------------------------------------------------
Suites.Cart.TC20 search and verify cart after login :: TC20 - Sear... | FAIL |
1 test, 0 passed, 1 failed
==============================================================================
Suites.Cart                                                           | FAIL |
1 test, 0 passed, 1 failed
==============================================================================
Suites                                                                | FAIL |
1 test, 0 passed, 1 failed
==============================================================================
Output:  /home/runner/work/engg-robot-testing-framework/engg-robot-testing-framework/reports/pabot_results/8/output.xml
[INFO]    2026-06-15 05:37:36.401654 [PID:3462] [1] [ID:9] Execution failed in Suites.Cart.TC22 add from recommended items with 1 failing test(s)
==============================================================================
Suites
==============================================================================
Suites.Cart
==============================================================================
Suites.Cart.TC22 add from recommended items :: TC22 - Add To Cart From Reco...
==============================================================================
TC22 Add To Cart From Recommended Items                               | FAIL |
Setup failed:
Title should have been 'Automation Exercise' but was 'One moment, please...'.
------------------------------------------------------------------------------
Suites.Cart.TC22 add from recommended items :: TC22 - Add To Cart ... | FAIL |
1 test, 0 passed, 1 failed
==============================================================================
Suites.Cart                                                           | FAIL |
1 test, 0 passed, 1 failed
==============================================================================
Suites                                                                | FAIL |
1 test, 0 passed, 1 failed
==============================================================================
Output:  /home/runner/work/engg-robot-testing-framework/engg-robot-testing-framework/reports/pabot_results/9/output.xml
[INFO]    10 tests, 0 passed, 10 failed, 0 skipped.
[INFO]    ===================================================
[INFO]    Output:  /home/runner/work/engg-robot-testing-framework/engg-robot-testing-framework/reports/output.xml
[INFO]    Log:     /home/runner/work/engg-robot-testing-framework/engg-robot-testing-framework/reports/log.html
[INFO]    Report:  /home/runner/work/engg-robot-testing-framework/engg-robot-testing-framework/reports/report.html
[DEBUG]   Finalizing Pabot execution...
[DEBUG]   Stopping PabotLib process
[INFO]    Robot Framework remote server at 127.0.0.1:8270 stopped.
[DEBUG]   PabotLib process stopped
[INFO]    Total testing: 1 minute 57.20 seconds
[INFO]    Elapsed time:  59.47 seconds
[DEBUG]   Logs flushed successfully.
