2026-07-16 03:47:27.494885 ==============================================================================
2026-07-16 03:47:27.508670 Suites
2026-07-16 03:47:27.508694 ==============================================================================
2026-07-16 03:47:27.508708 Suites.Cart
2026-07-16 03:47:27.509489 ==============================================================================
2026-07-16 03:47:27.509508 Suites.Cart.TC12 add products to cart :: TC12 - Add Products In Cart
2026-07-16 03:47:27.509508 [ ERROR ] Error in file '/home/runner/work/engg-robot-testing-framework/engg-robot-testing-framework/resources/common.resource' on line 4: Importing library 'playwright_keyword_library.PlaywrightKeywordLibrary' failed: ModuleNotFoundError: No module named 'playwright_keyword_library'
2026-07-16 03:47:27.539395 ==============================================================================
2026-07-16 03:47:27.539395 Traceback (most recent call last):
2026-07-16 03:47:27.539411   None
2026-07-16 03:47:27.589510 PYTHONPATH:
2026-07-16 03:47:27.639604   /opt/hostedtoolcache/Python/3.11.15/x64/bin
2026-07-16 03:47:27.689689   /opt/hostedtoolcache/Python/3.11.15/x64/lib/python311.zip
2026-07-16 03:47:27.739789   /opt/hostedtoolcache/Python/3.11.15/x64/lib/python3.11
2026-07-16 03:47:27.789889   /opt/hostedtoolcache/Python/3.11.15/x64/lib/python3.11/lib-dynload
2026-07-16 03:47:27.840041   /opt/hostedtoolcache/Python/3.11.15/x64/lib/python3.11/site-packages
2026-07-16 03:47:27.890240 [ ERROR ] Error in file '/home/runner/work/engg-robot-testing-framework/engg-robot-testing-framework/resources/product_keywords.resource' on line 2: Importing library 'playwright_keyword_library.PlaywrightKeywordLibrary' failed: ModuleNotFoundError: No module named 'playwright_keyword_library'
2026-07-16 03:47:27.940394 Traceback (most recent call last):
2026-07-16 03:47:27.990605   None
2026-07-16 03:47:28.040747 PYTHONPATH:
2026-07-16 03:47:28.090880   /opt/hostedtoolcache/Python/3.11.15/x64/bin
2026-07-16 03:47:28.140991   /opt/hostedtoolcache/Python/3.11.15/x64/lib/python311.zip
2026-07-16 03:47:28.191147   /opt/hostedtoolcache/Python/3.11.15/x64/lib/python3.11
2026-07-16 03:47:28.241302   /opt/hostedtoolcache/Python/3.11.15/x64/lib/python3.11/lib-dynload
2026-07-16 03:47:28.291461   /opt/hostedtoolcache/Python/3.11.15/x64/lib/python3.11/site-packages
2026-07-16 03:47:28.341578 [ ERROR ] Error in file '/home/runner/work/engg-robot-testing-framework/engg-robot-testing-framework/resources/cart_keywords.resource' on line 2: Importing library 'playwright_keyword_library.PlaywrightKeywordLibrary' failed: ModuleNotFoundError: No module named 'playwright_keyword_library'
2026-07-16 03:47:28.391749 Traceback (most recent call last):
2026-07-16 03:47:28.441890   None
2026-07-16 03:47:28.492045 PYTHONPATH:
2026-07-16 03:47:28.542178   /opt/hostedtoolcache/Python/3.11.15/x64/bin
2026-07-16 03:47:28.592333   /opt/hostedtoolcache/Python/3.11.15/x64/lib/python311.zip
2026-07-16 03:47:28.642466   /opt/hostedtoolcache/Python/3.11.15/x64/lib/python3.11
2026-07-16 03:47:28.692621   /opt/hostedtoolcache/Python/3.11.15/x64/lib/python3.11/lib-dynload
2026-07-16 03:47:28.742773   /opt/hostedtoolcache/Python/3.11.15/x64/lib/python3.11/site-packages
2026-07-16 03:47:37.514047 TC12 Add Products In Cart                                             | FAIL |
2026-07-16 03:47:37.550213 Setup failed:
2026-07-16 03:47:37.550228 No keyword with name 'Open Browser' found.
2026-07-16 03:47:37.550240 
2026-07-16 03:47:37.550250 Also teardown failed:
2026-07-16 03:47:37.550260 Several failures occurred:
2026-07-16 03:47:37.550270 
2026-07-16 03:47:37.550281 1) No keyword with name 'Register Keyword To Run On Failure' found.
2026-07-16 03:47:37.550291 
2026-07-16 03:47:37.550301 2) No keyword with name 'Close Browser' found. Did you mean:
2026-07-16 03:47:37.550311     common.Close Test Browser
2026-07-16 03:47:37.550321 ------------------------------------------------------------------------------
2026-07-16 03:47:37.550331 Suites.Cart.TC12 add products to cart :: TC12 - Add Products In Cart  | FAIL |
2026-07-16 03:47:37.550851 1 test, 0 passed, 1 failed
2026-07-16 03:47:37.550927 ==============================================================================
2026-07-16 03:47:37.550941 Suites.Cart                                                           | FAIL |
2026-07-16 03:47:37.551285 1 test, 0 passed, 1 failed
2026-07-16 03:47:37.551355 ==============================================================================
2026-07-16 03:47:37.551369 Suites                                                                | FAIL |
2026-07-16 03:47:37.551679 1 test, 0 passed, 1 failed
2026-07-16 03:47:37.551724 ==============================================================================
2026-07-16 03:47:37.551737 Output:  /home/runner/work/engg-robot-testing-framework/engg-robot-testing-framework/reports/pabot_results/5/output.xml
