2026-07-04 04:10:51.131300 ==============================================================================
2026-07-04 04:10:51.144261 Suites
2026-07-04 04:10:51.144282 ==============================================================================
2026-07-04 04:10:51.144297 Suites.Auth
2026-07-04 04:10:51.144933 ==============================================================================
2026-07-04 04:10:51.144957 Suites.Auth.TC02 login valid
2026-07-04 04:10:51.144957 [ ERROR ] Error in file '/home/runner/work/engg-robot-testing-framework/engg-robot-testing-framework/tests/auth/TC02_login_valid.robot' on line 2: Importing library 'playwright_keyword_library.PlaywrightKeywordLibrary' failed: ModuleNotFoundError: No module named 'playwright_keyword_library'
2026-07-04 04:10:51.163492 ==============================================================================
2026-07-04 04:10:51.163492 Traceback (most recent call last):
2026-07-04 04:10:51.163516   None
2026-07-04 04:10:51.213637 PYTHONPATH:
2026-07-04 04:10:51.263744   /opt/hostedtoolcache/Python/3.11.15/x64/bin
2026-07-04 04:10:51.313857   /opt/hostedtoolcache/Python/3.11.15/x64/lib/python311.zip
2026-07-04 04:10:51.363971   /opt/hostedtoolcache/Python/3.11.15/x64/lib/python3.11
2026-07-04 04:10:51.414090   /opt/hostedtoolcache/Python/3.11.15/x64/lib/python3.11/lib-dynload
2026-07-04 04:10:51.464245   /opt/hostedtoolcache/Python/3.11.15/x64/lib/python3.11/site-packages
2026-07-04 04:10:51.514417 [ ERROR ] Error in file '/home/runner/work/engg-robot-testing-framework/engg-robot-testing-framework/resources/auth_keywords.resource' on line 2: Importing library 'playwright_keyword_library.PlaywrightKeywordLibrary' failed: ModuleNotFoundError: No module named 'playwright_keyword_library'
2026-07-04 04:10:51.564574 Traceback (most recent call last):
2026-07-04 04:10:51.614731   None
2026-07-04 04:10:51.664887 PYTHONPATH:
2026-07-04 04:10:51.715048   /opt/hostedtoolcache/Python/3.11.15/x64/bin
2026-07-04 04:10:51.765176   /opt/hostedtoolcache/Python/3.11.15/x64/lib/python311.zip
2026-07-04 04:10:51.815342   /opt/hostedtoolcache/Python/3.11.15/x64/lib/python3.11
2026-07-04 04:10:51.865450   /opt/hostedtoolcache/Python/3.11.15/x64/lib/python3.11/lib-dynload
2026-07-04 04:10:51.915558   /opt/hostedtoolcache/Python/3.11.15/x64/lib/python3.11/site-packages
2026-07-04 04:10:51.965662 [ ERROR ] Error in file '/home/runner/work/engg-robot-testing-framework/engg-robot-testing-framework/resources/common.resource' on line 4: Importing library 'playwright_keyword_library.PlaywrightKeywordLibrary' failed: ModuleNotFoundError: No module named 'playwright_keyword_library'
2026-07-04 04:10:52.015768 Traceback (most recent call last):
2026-07-04 04:10:52.065869   None
2026-07-04 04:10:52.115971 PYTHONPATH:
2026-07-04 04:10:52.166093   /opt/hostedtoolcache/Python/3.11.15/x64/bin
2026-07-04 04:10:52.216241   /opt/hostedtoolcache/Python/3.11.15/x64/lib/python311.zip
2026-07-04 04:10:52.266350   /opt/hostedtoolcache/Python/3.11.15/x64/lib/python3.11
2026-07-04 04:10:52.316456   /opt/hostedtoolcache/Python/3.11.15/x64/lib/python3.11/lib-dynload
2026-07-04 04:10:52.366580   /opt/hostedtoolcache/Python/3.11.15/x64/lib/python3.11/site-packages
2026-07-04 04:11:01.138213 TC02 Login User With Correct Email And Password                       | FAIL |
2026-07-04 04:11:01.173720 Setup failed:
2026-07-04 04:11:01.173732 No keyword with name 'Open Browser' found.
2026-07-04 04:11:01.173741 
2026-07-04 04:11:01.173747 Also teardown failed:
2026-07-04 04:11:01.173754 Several failures occurred:
2026-07-04 04:11:01.173762 
2026-07-04 04:11:01.173769 1) No keyword with name 'Register Keyword To Run On Failure' found.
2026-07-04 04:11:01.173775 
2026-07-04 04:11:01.173787 2) No keyword with name 'Close Browser' found. Did you mean:
2026-07-04 04:11:01.173801     common.Close Test Browser
2026-07-04 04:11:01.173816 ------------------------------------------------------------------------------
2026-07-04 04:11:01.173873 Suites.Auth.TC02 login valid                                          | FAIL |
2026-07-04 04:11:01.174568 1 test, 0 passed, 1 failed
2026-07-04 04:11:01.174620 ==============================================================================
2026-07-04 04:11:01.174636 Suites.Auth                                                           | FAIL |
2026-07-04 04:11:01.175130 1 test, 0 passed, 1 failed
2026-07-04 04:11:01.175187 ==============================================================================
2026-07-04 04:11:01.175208 Suites                                                                | FAIL |
2026-07-04 04:11:01.175669 1 test, 0 passed, 1 failed
2026-07-04 04:11:01.175723 ==============================================================================
2026-07-04 04:11:01.175736 Output:  /home/runner/work/engg-robot-testing-framework/engg-robot-testing-framework/reports/pabot_results/1/output.xml
