2026-08-19 02:00:50.123314 ==============================================================================
2026-08-19 02:00:50.142022 Suites
2026-08-19 02:00:50.142042 ==============================================================================
2026-08-19 02:00:50.142058 Suites.Cart
2026-08-19 02:00:50.142934 ==============================================================================
2026-08-19 02:00:50.142954 Suites.Cart.TC22 add from recommended items :: TC22 - Add To Cart From Reco...
2026-08-19 02:00:50.142954 [ ERROR ] Error in file '/home/runner/work/engg-robot-testing-framework/engg-robot-testing-framework/resources/common.resource' on line 4: Importing library 'playwright_keyword_library.PlaywrightKeywordLibrary' failed: ModuleNotFoundError: No module named 'playwright_keyword_library'
2026-08-19 02:00:50.166830 ==============================================================================
2026-08-19 02:00:50.166830 Traceback (most recent call last):
2026-08-19 02:00:50.166856   None
2026-08-19 02:00:50.217034 PYTHONPATH:
2026-08-19 02:00:50.267179   /opt/hostedtoolcache/Python/3.11.15/x64/bin
2026-08-19 02:00:50.317337   /opt/hostedtoolcache/Python/3.11.15/x64/lib/python311.zip
2026-08-19 02:00:50.367461   /opt/hostedtoolcache/Python/3.11.15/x64/lib/python3.11
2026-08-19 02:00:50.417586   /opt/hostedtoolcache/Python/3.11.15/x64/lib/python3.11/lib-dynload
2026-08-19 02:00:50.467736   /opt/hostedtoolcache/Python/3.11.15/x64/lib/python3.11/site-packages
2026-08-19 02:00:50.517881 [ ERROR ] Error in file '/home/runner/work/engg-robot-testing-framework/engg-robot-testing-framework/resources/cart_keywords.resource' on line 2: Importing library 'playwright_keyword_library.PlaywrightKeywordLibrary' failed: ModuleNotFoundError: No module named 'playwright_keyword_library'
2026-08-19 02:00:50.568042 Traceback (most recent call last):
2026-08-19 02:00:50.618203   None
2026-08-19 02:00:50.668360 PYTHONPATH:
2026-08-19 02:00:50.718515   /opt/hostedtoolcache/Python/3.11.15/x64/bin
2026-08-19 02:00:50.768643   /opt/hostedtoolcache/Python/3.11.15/x64/lib/python311.zip
2026-08-19 02:00:50.818802   /opt/hostedtoolcache/Python/3.11.15/x64/lib/python3.11
2026-08-19 02:00:50.868937   /opt/hostedtoolcache/Python/3.11.15/x64/lib/python3.11/lib-dynload
2026-08-19 02:00:50.919043   /opt/hostedtoolcache/Python/3.11.15/x64/lib/python3.11/site-packages
2026-08-19 02:01:00.141603 TC22 Add To Cart From Recommended Items                               | FAIL |
2026-08-19 02:01:00.177775 Setup failed:
2026-08-19 02:01:00.177790 No keyword with name 'Open Browser' found.
2026-08-19 02:01:00.177801 
2026-08-19 02:01:00.177810 Also teardown failed:
2026-08-19 02:01:00.177819 Several failures occurred:
2026-08-19 02:01:00.177828 
2026-08-19 02:01:00.177836 1) No keyword with name 'Register Keyword To Run On Failure' found.
2026-08-19 02:01:00.177846 
2026-08-19 02:01:00.177854 2) No keyword with name 'Close Browser' found. Did you mean:
2026-08-19 02:01:00.177862     common.Close Test Browser
2026-08-19 02:01:00.177870 ------------------------------------------------------------------------------
2026-08-19 02:01:00.177879 Suites.Cart.TC22 add from recommended items :: TC22 - Add To Cart ... | FAIL |
2026-08-19 02:01:00.178315 1 test, 0 passed, 1 failed
2026-08-19 02:01:00.178326 ==============================================================================
2026-08-19 02:01:00.178335 Suites.Cart                                                           | FAIL |
2026-08-19 02:01:00.178677 1 test, 0 passed, 1 failed
2026-08-19 02:01:00.178688 ==============================================================================
2026-08-19 02:01:00.178696 Suites                                                                | FAIL |
2026-08-19 02:01:00.178965 1 test, 0 passed, 1 failed
2026-08-19 02:01:00.178973 ==============================================================================
2026-08-19 02:01:00.178981 Output:  /home/runner/work/engg-robot-testing-framework/engg-robot-testing-framework/reports/pabot_results/9/output.xml
