2026-09-02 04:55:10.659399 ==============================================================================
2026-09-02 04:55:10.689027 Suites
2026-09-02 04:55:10.689049 ==============================================================================
2026-09-02 04:55:10.689064 Suites.Auth
2026-09-02 04:55:10.689880 ==============================================================================
2026-09-02 04:55:10.689899 Suites.Auth.TC04 logout user
2026-09-02 04:55:10.689899 [ ERROR ] Error in file '/home/runner/work/engg-robot-testing-framework/engg-robot-testing-framework/tests/auth/TC04_logout_user.robot' on line 2: Importing library 'playwright_keyword_library.PlaywrightKeywordLibrary' failed: ModuleNotFoundError: No module named 'playwright_keyword_library'
2026-09-02 04:55:10.708365 ==============================================================================
2026-09-02 04:55:10.708365 Traceback (most recent call last):
2026-09-02 04:55:10.708390   None
2026-09-02 04:55:10.758498 PYTHONPATH:
2026-09-02 04:55:10.808600   /opt/hostedtoolcache/Python/3.11.16/x64/bin
2026-09-02 04:55:10.858707   /opt/hostedtoolcache/Python/3.11.16/x64/lib/python311.zip
2026-09-02 04:55:10.908815   /opt/hostedtoolcache/Python/3.11.16/x64/lib/python3.11
2026-09-02 04:55:10.958930   /opt/hostedtoolcache/Python/3.11.16/x64/lib/python3.11/lib-dynload
2026-09-02 04:55:11.009078   /opt/hostedtoolcache/Python/3.11.16/x64/lib/python3.11/site-packages
2026-09-02 04:55:11.059230 [ ERROR ] Error in file '/home/runner/work/engg-robot-testing-framework/engg-robot-testing-framework/resources/auth_keywords.resource' on line 2: Importing library 'playwright_keyword_library.PlaywrightKeywordLibrary' failed: ModuleNotFoundError: No module named 'playwright_keyword_library'
2026-09-02 04:55:11.109378 Traceback (most recent call last):
2026-09-02 04:55:11.159527   None
2026-09-02 04:55:11.209639 PYTHONPATH:
2026-09-02 04:55:11.259787   /opt/hostedtoolcache/Python/3.11.16/x64/bin
2026-09-02 04:55:11.309941   /opt/hostedtoolcache/Python/3.11.16/x64/lib/python311.zip
2026-09-02 04:55:11.360089   /opt/hostedtoolcache/Python/3.11.16/x64/lib/python3.11
2026-09-02 04:55:11.410237   /opt/hostedtoolcache/Python/3.11.16/x64/lib/python3.11/lib-dynload
2026-09-02 04:55:11.460403   /opt/hostedtoolcache/Python/3.11.16/x64/lib/python3.11/site-packages
2026-09-02 04:55:11.510527 [ ERROR ] Error in file '/home/runner/work/engg-robot-testing-framework/engg-robot-testing-framework/resources/common.resource' on line 4: Importing library 'playwright_keyword_library.PlaywrightKeywordLibrary' failed: ModuleNotFoundError: No module named 'playwright_keyword_library'
2026-09-02 04:55:11.560686 Traceback (most recent call last):
2026-09-02 04:55:11.610832   None
2026-09-02 04:55:11.660989 PYTHONPATH:
2026-09-02 04:55:11.711140   /opt/hostedtoolcache/Python/3.11.16/x64/bin
2026-09-02 04:55:11.761290   /opt/hostedtoolcache/Python/3.11.16/x64/lib/python311.zip
2026-09-02 04:55:11.811436   /opt/hostedtoolcache/Python/3.11.16/x64/lib/python3.11
2026-09-02 04:55:11.861600   /opt/hostedtoolcache/Python/3.11.16/x64/lib/python3.11/lib-dynload
2026-09-02 04:55:11.911748   /opt/hostedtoolcache/Python/3.11.16/x64/lib/python3.11/site-packages
2026-09-02 04:55:20.682880 TC04 Logout User                                                      | FAIL |
2026-09-02 04:55:20.718384 Setup failed:
2026-09-02 04:55:20.718393 No keyword with name 'Open Browser' found.
2026-09-02 04:55:20.718400 
2026-09-02 04:55:20.718406 Also teardown failed:
2026-09-02 04:55:20.718413 Several failures occurred:
2026-09-02 04:55:20.718419 
2026-09-02 04:55:20.718425 1) No keyword with name 'Register Keyword To Run On Failure' found.
2026-09-02 04:55:20.718432 
2026-09-02 04:55:20.718438 2) No keyword with name 'Close Browser' found. Did you mean:
2026-09-02 04:55:20.718444     common.Close Test Browser
2026-09-02 04:55:20.718450 ------------------------------------------------------------------------------
2026-09-02 04:55:20.718456 Suites.Auth.TC04 logout user                                          | FAIL |
2026-09-02 04:55:20.719165 1 test, 0 passed, 1 failed
2026-09-02 04:55:20.719226 ==============================================================================
2026-09-02 04:55:20.719234 Suites.Auth                                                           | FAIL |
2026-09-02 04:55:20.719652 1 test, 0 passed, 1 failed
2026-09-02 04:55:20.719712 ==============================================================================
2026-09-02 04:55:20.719720 Suites                                                                | FAIL |
2026-09-02 04:55:20.720083 1 test, 0 passed, 1 failed
2026-09-02 04:55:20.720141 ==============================================================================
2026-09-02 04:55:20.720157 Output:  /home/runner/work/engg-robot-testing-framework/engg-robot-testing-framework/reports/pabot_results/3/output.xml
