2026-09-22 05:15:45.467704 ==============================================================================
2026-09-22 05:15:45.497111 Suites
2026-09-22 05:15:45.497133 ==============================================================================
2026-09-22 05:15:45.497149 Suites.Cart
2026-09-22 05:15:45.498072 ==============================================================================
2026-09-22 05:15:45.498091 Suites.Cart.TC12 add products to cart :: TC12 - Add Products In Cart
2026-09-22 05:15:45.498091 [ ERROR ] Error in file '/home/runner/work/engg-robot-testing-framework/engg-robot-testing-framework/resources/common.resource' on line 4: Importing library 'playwright_keyword_library.PlaywrightKeywordLibrary' failed: ModuleNotFoundError: No module named 'playwright_keyword_library'
2026-09-22 05:15:45.529842 ==============================================================================
2026-09-22 05:15:45.529842 Traceback (most recent call last):
2026-09-22 05:15:45.529863   None
2026-09-22 05:15:45.580015 PYTHONPATH:
2026-09-22 05:15:45.630146   /opt/hostedtoolcache/Python/3.11.16/x64/bin
2026-09-22 05:15:45.680290   /opt/hostedtoolcache/Python/3.11.16/x64/lib/python311.zip
2026-09-22 05:15:45.730417   /opt/hostedtoolcache/Python/3.11.16/x64/lib/python3.11
2026-09-22 05:15:45.780573   /opt/hostedtoolcache/Python/3.11.16/x64/lib/python3.11/lib-dynload
2026-09-22 05:15:45.830706   /opt/hostedtoolcache/Python/3.11.16/x64/lib/python3.11/site-packages
2026-09-22 05:15:45.880878 [ ERROR ] Error in file '/home/runner/work/engg-robot-testing-framework/engg-robot-testing-framework/resources/product_keywords.resource' on line 2: Importing library 'playwright_keyword_library.PlaywrightKeywordLibrary' failed: ModuleNotFoundError: No module named 'playwright_keyword_library'
2026-09-22 05:15:45.931057 Traceback (most recent call last):
2026-09-22 05:15:45.981216   None
2026-09-22 05:15:46.031371 PYTHONPATH:
2026-09-22 05:15:46.081533   /opt/hostedtoolcache/Python/3.11.16/x64/bin
2026-09-22 05:15:46.131688   /opt/hostedtoolcache/Python/3.11.16/x64/lib/python311.zip
2026-09-22 05:15:46.181839   /opt/hostedtoolcache/Python/3.11.16/x64/lib/python3.11
2026-09-22 05:15:46.232015   /opt/hostedtoolcache/Python/3.11.16/x64/lib/python3.11/lib-dynload
2026-09-22 05:15:46.282205   /opt/hostedtoolcache/Python/3.11.16/x64/lib/python3.11/site-packages
2026-09-22 05:15:46.332382 [ ERROR ] Error in file '/home/runner/work/engg-robot-testing-framework/engg-robot-testing-framework/resources/cart_keywords.resource' on line 2: Importing library 'playwright_keyword_library.PlaywrightKeywordLibrary' failed: ModuleNotFoundError: No module named 'playwright_keyword_library'
2026-09-22 05:15:46.382537 Traceback (most recent call last):
2026-09-22 05:15:46.432693   None
2026-09-22 05:15:46.482866 PYTHONPATH:
2026-09-22 05:15:46.533025   /opt/hostedtoolcache/Python/3.11.16/x64/bin
2026-09-22 05:15:46.583172   /opt/hostedtoolcache/Python/3.11.16/x64/lib/python311.zip
2026-09-22 05:15:46.633287   /opt/hostedtoolcache/Python/3.11.16/x64/lib/python3.11
2026-09-22 05:15:46.683396   /opt/hostedtoolcache/Python/3.11.16/x64/lib/python3.11/lib-dynload
2026-09-22 05:15:46.733501   /opt/hostedtoolcache/Python/3.11.16/x64/lib/python3.11/site-packages
2026-09-22 05:15:55.508264 TC12 Add Products In Cart                                             | FAIL |
2026-09-22 05:15:55.541796 Setup failed:
2026-09-22 05:15:55.541809 No keyword with name 'Open Browser' found.
2026-09-22 05:15:55.541817 
2026-09-22 05:15:55.541825 Also teardown failed:
2026-09-22 05:15:55.541831 Several failures occurred:
2026-09-22 05:15:55.541838 
2026-09-22 05:15:55.541845 1) No keyword with name 'Register Keyword To Run On Failure' found.
2026-09-22 05:15:55.541852 
2026-09-22 05:15:55.541858 2) No keyword with name 'Close Browser' found. Did you mean:
2026-09-22 05:15:55.541865     common.Close Test Browser
2026-09-22 05:15:55.541871 ------------------------------------------------------------------------------
2026-09-22 05:15:55.541877 Suites.Cart.TC12 add products to cart :: TC12 - Add Products In Cart  | FAIL |
2026-09-22 05:15:55.542654 1 test, 0 passed, 1 failed
2026-09-22 05:15:55.542728 ==============================================================================
2026-09-22 05:15:55.542737 Suites.Cart                                                           | FAIL |
2026-09-22 05:15:55.543180 1 test, 0 passed, 1 failed
2026-09-22 05:15:55.543241 ==============================================================================
2026-09-22 05:15:55.543249 Suites                                                                | FAIL |
2026-09-22 05:15:55.543655 1 test, 0 passed, 1 failed
2026-09-22 05:15:55.543720 ==============================================================================
2026-09-22 05:15:55.543728 Output:  /home/runner/work/engg-robot-testing-framework/engg-robot-testing-framework/reports/pabot_results/5/output.xml
