2026-06-16 06:06:55.909321 ==============================================================================
2026-06-16 06:06:55.926229 Suites
2026-06-16 06:06:55.926244 ==============================================================================
2026-06-16 06:06:55.926252 Suites.Auth
2026-06-16 06:06:55.926936 ==============================================================================
2026-06-16 06:06:56.027134 Suites.Auth.TC05 register existing email
2026-06-16 06:06:56.034404 ==============================================================================
2026-06-16 06:08:23.174039 [ WARN ] Native click failed on Delete Account; trying JS click fallback.
2026-06-16 06:08:23.875977 TC05 Register User With Existing Email                                | FAIL |
2026-06-16 06:08:23.903820 Text 'Account Deleted' did not appear in 1 minute.
2026-06-16 06:08:23.903839 ------------------------------------------------------------------------------
2026-06-16 06:08:23.903855 Suites.Auth.TC05 register existing email                              | FAIL |
2026-06-16 06:08:23.904547 1 test, 0 passed, 1 failed
2026-06-16 06:08:23.904573 ==============================================================================
2026-06-16 06:08:23.904621 Suites.Auth                                                           | FAIL |
2026-06-16 06:08:23.904932 1 test, 0 passed, 1 failed
2026-06-16 06:08:23.904982 ==============================================================================
2026-06-16 06:08:23.904996 Suites                                                                | FAIL |
2026-06-16 06:08:23.905318 1 test, 0 passed, 1 failed
2026-06-16 06:08:23.905342 ==============================================================================
2026-06-16 06:08:23.905389 Output:  /home/runner/work/engg-robot-testing-framework/engg-robot-testing-framework/reports/pabot_results/4/output.xml
