2026-07-24 03:53:31.373085 ==============================================================================
2026-07-24 03:53:31.382862 Suites
2026-07-24 03:53:31.382881 ==============================================================================
2026-07-24 03:53:31.382894 Suites.Auth
2026-07-24 03:53:31.383617 ==============================================================================
2026-07-24 03:53:31.383632 Suites.Auth.TC04 logout user
2026-07-24 03:53:31.383632 [ ERROR ] Error in file '/home/runner/work/engg-robot-testing-framework/engg-robot-testing-framework/tests/auth/TC04_logout_user.robot' on line 2: Importing library 'playwright_keyword_library.PlaywrightKeywordLibrary' failed: ModuleNotFoundError: No module named 'playwright_keyword_library'
2026-07-24 03:53:31.400413 ==============================================================================
2026-07-24 03:53:31.400413 Traceback (most recent call last):
2026-07-24 03:53:31.400439   None
2026-07-24 03:53:31.450596 PYTHONPATH:
2026-07-24 03:53:31.500748   /opt/hostedtoolcache/Python/3.11.15/x64/bin
2026-07-24 03:53:31.550918   /opt/hostedtoolcache/Python/3.11.15/x64/lib/python311.zip
2026-07-24 03:53:31.601094   /opt/hostedtoolcache/Python/3.11.15/x64/lib/python3.11
2026-07-24 03:53:31.651264   /opt/hostedtoolcache/Python/3.11.15/x64/lib/python3.11/lib-dynload
2026-07-24 03:53:31.701421   /opt/hostedtoolcache/Python/3.11.15/x64/lib/python3.11/site-packages
2026-07-24 03:53:31.751619 [ ERROR ] Error in file '/home/runner/work/engg-robot-testing-framework/engg-robot-testing-framework/resources/auth_keywords.resource' on line 2: Importing library 'playwright_keyword_library.PlaywrightKeywordLibrary' failed: ModuleNotFoundError: No module named 'playwright_keyword_library'
2026-07-24 03:53:31.801793 Traceback (most recent call last):
2026-07-24 03:53:31.851955   None
2026-07-24 03:53:31.902137 PYTHONPATH:
2026-07-24 03:53:31.952303   /opt/hostedtoolcache/Python/3.11.15/x64/bin
2026-07-24 03:53:32.002491   /opt/hostedtoolcache/Python/3.11.15/x64/lib/python311.zip
2026-07-24 03:53:32.052666   /opt/hostedtoolcache/Python/3.11.15/x64/lib/python3.11
2026-07-24 03:53:32.102855   /opt/hostedtoolcache/Python/3.11.15/x64/lib/python3.11/lib-dynload
2026-07-24 03:53:32.153036   /opt/hostedtoolcache/Python/3.11.15/x64/lib/python3.11/site-packages
2026-07-24 03:53:32.203299 [ ERROR ] Error in file '/home/runner/work/engg-robot-testing-framework/engg-robot-testing-framework/resources/common.resource' on line 4: Importing library 'playwright_keyword_library.PlaywrightKeywordLibrary' failed: ModuleNotFoundError: No module named 'playwright_keyword_library'
2026-07-24 03:53:32.253485 Traceback (most recent call last):
2026-07-24 03:53:32.303741   None
2026-07-24 03:53:32.353925 PYTHONPATH:
2026-07-24 03:53:32.404188   /opt/hostedtoolcache/Python/3.11.15/x64/bin
2026-07-24 03:53:32.454369   /opt/hostedtoolcache/Python/3.11.15/x64/lib/python311.zip
2026-07-24 03:53:32.504613   /opt/hostedtoolcache/Python/3.11.15/x64/lib/python3.11
2026-07-24 03:53:32.554828   /opt/hostedtoolcache/Python/3.11.15/x64/lib/python3.11/lib-dynload
2026-07-24 03:53:32.605065   /opt/hostedtoolcache/Python/3.11.15/x64/lib/python3.11/site-packages
2026-07-24 03:53:41.381475 TC04 Logout User                                                      | FAIL |
2026-07-24 03:53:41.409486 Setup failed:
2026-07-24 03:53:41.409505 No keyword with name 'Open Browser' found.
2026-07-24 03:53:41.409518 
2026-07-24 03:53:41.409530 Also teardown failed:
2026-07-24 03:53:41.409542 Several failures occurred:
2026-07-24 03:53:41.409575 
2026-07-24 03:53:41.409591 1) No keyword with name 'Register Keyword To Run On Failure' found.
2026-07-24 03:53:41.409602 
2026-07-24 03:53:41.409611 2) No keyword with name 'Close Browser' found. Did you mean:
2026-07-24 03:53:41.409622     common.Close Test Browser
2026-07-24 03:53:41.409631 ------------------------------------------------------------------------------
2026-07-24 03:53:41.409642 Suites.Auth.TC04 logout user                                          | FAIL |
2026-07-24 03:53:41.410120 1 test, 0 passed, 1 failed
2026-07-24 03:53:41.410135 ==============================================================================
2026-07-24 03:53:41.410146 Suites.Auth                                                           | FAIL |
2026-07-24 03:53:41.411876 1 test, 0 passed, 1 failed
2026-07-24 03:53:41.411895 ==============================================================================
2026-07-24 03:53:41.411977 Suites                                                                | FAIL |
2026-07-24 03:53:41.411988 1 test, 0 passed, 1 failed
2026-07-24 03:53:41.411997 ==============================================================================
2026-07-24 03:53:41.412007 Output:  /home/runner/work/engg-robot-testing-framework/engg-robot-testing-framework/reports/pabot_results/3/output.xml
