2026-09-18 05:00:56.616567 ==============================================================================
2026-09-18 05:00:56.634145 Suites
2026-09-18 05:00:56.634166 ==============================================================================
2026-09-18 05:00:56.634181 Suites.Cart
2026-09-18 05:00:56.634973 ==============================================================================
2026-09-18 05:00:56.634991 Suites.Cart.TC13 verify product quantity :: TC13 - Verify Product Quantity ...
2026-09-18 05:00:56.634991 [ ERROR ] Error in file '/home/runner/work/engg-robot-testing-framework/engg-robot-testing-framework/resources/common.resource' on line 4: Importing library 'playwright_keyword_library.PlaywrightKeywordLibrary' failed: ModuleNotFoundError: No module named 'playwright_keyword_library'
2026-09-18 05:00:56.664914 ==============================================================================
2026-09-18 05:00:56.664914 Traceback (most recent call last):
2026-09-18 05:00:56.664939   None
2026-09-18 05:00:56.715063 PYTHONPATH:
2026-09-18 05:00:56.765177   /opt/hostedtoolcache/Python/3.11.16/x64/bin
2026-09-18 05:00:56.815288   /opt/hostedtoolcache/Python/3.11.16/x64/lib/python311.zip
2026-09-18 05:00:56.865402   /opt/hostedtoolcache/Python/3.11.16/x64/lib/python3.11
2026-09-18 05:00:56.915508   /opt/hostedtoolcache/Python/3.11.16/x64/lib/python3.11/lib-dynload
2026-09-18 05:00:56.965662   /opt/hostedtoolcache/Python/3.11.16/x64/lib/python3.11/site-packages
2026-09-18 05:00:57.015809 [ ERROR ] Error in file '/home/runner/work/engg-robot-testing-framework/engg-robot-testing-framework/resources/product_keywords.resource' on line 2: Importing library 'playwright_keyword_library.PlaywrightKeywordLibrary' failed: ModuleNotFoundError: No module named 'playwright_keyword_library'
2026-09-18 05:00:57.065957 Traceback (most recent call last):
2026-09-18 05:00:57.116112   None
2026-09-18 05:00:57.166247 PYTHONPATH:
2026-09-18 05:00:57.216380   /opt/hostedtoolcache/Python/3.11.16/x64/bin
2026-09-18 05:00:57.266525   /opt/hostedtoolcache/Python/3.11.16/x64/lib/python311.zip
2026-09-18 05:00:57.316658   /opt/hostedtoolcache/Python/3.11.16/x64/lib/python3.11
2026-09-18 05:00:57.366802   /opt/hostedtoolcache/Python/3.11.16/x64/lib/python3.11/lib-dynload
2026-09-18 05:00:57.416949   /opt/hostedtoolcache/Python/3.11.16/x64/lib/python3.11/site-packages
2026-09-18 05:00:57.467100 [ ERROR ] Error in file '/home/runner/work/engg-robot-testing-framework/engg-robot-testing-framework/resources/cart_keywords.resource' on line 2: Importing library 'playwright_keyword_library.PlaywrightKeywordLibrary' failed: ModuleNotFoundError: No module named 'playwright_keyword_library'
2026-09-18 05:00:57.517237 Traceback (most recent call last):
2026-09-18 05:00:57.567382   None
2026-09-18 05:00:57.617525 PYTHONPATH:
2026-09-18 05:00:57.667670   /opt/hostedtoolcache/Python/3.11.16/x64/bin
2026-09-18 05:00:57.717813   /opt/hostedtoolcache/Python/3.11.16/x64/lib/python311.zip
2026-09-18 05:00:57.767955   /opt/hostedtoolcache/Python/3.11.16/x64/lib/python3.11
2026-09-18 05:00:57.818098   /opt/hostedtoolcache/Python/3.11.16/x64/lib/python3.11/lib-dynload
2026-09-18 05:00:57.868240   /opt/hostedtoolcache/Python/3.11.16/x64/lib/python3.11/site-packages
2026-09-18 05:01:06.640134 TC13 Verify Product Quantity In Cart                                  | FAIL |
2026-09-18 05:01:06.675851 Setup failed:
2026-09-18 05:01:06.675874 No keyword with name 'Open Browser' found.
2026-09-18 05:01:06.675913 
2026-09-18 05:01:06.675926 Also teardown failed:
2026-09-18 05:01:06.675936 Several failures occurred:
2026-09-18 05:01:06.675947 
2026-09-18 05:01:06.675957 1) No keyword with name 'Register Keyword To Run On Failure' found.
2026-09-18 05:01:06.675968 
2026-09-18 05:01:06.675977 2) No keyword with name 'Close Browser' found. Did you mean:
2026-09-18 05:01:06.675988     common.Close Test Browser
2026-09-18 05:01:06.675997 ------------------------------------------------------------------------------
2026-09-18 05:01:06.676007 Suites.Cart.TC13 verify product quantity :: TC13 - Verify Product ... | FAIL |
2026-09-18 05:01:06.676521 1 test, 0 passed, 1 failed
2026-09-18 05:01:06.676583 ==============================================================================
2026-09-18 05:01:06.676594 Suites.Cart                                                           | FAIL |
2026-09-18 05:01:06.676961 1 test, 0 passed, 1 failed
2026-09-18 05:01:06.677013 ==============================================================================
2026-09-18 05:01:06.677024 Suites                                                                | FAIL |
2026-09-18 05:01:06.677335 1 test, 0 passed, 1 failed
2026-09-18 05:01:06.677375 ==============================================================================
2026-09-18 05:01:06.677386 Output:  /home/runner/work/engg-robot-testing-framework/engg-robot-testing-framework/reports/pabot_results/6/output.xml
