2026-06-17 05:24:32.395843 ==============================================================================
2026-06-17 05:24:32.396644 Suites
2026-06-17 05:24:32.396664 ==============================================================================
2026-06-17 05:24:32.396677 Suites.Auth
2026-06-17 05:24:32.397457 ==============================================================================
2026-06-17 05:24:32.497707 Suites.Auth.TC04 logout user
2026-06-17 05:24:32.510038 ==============================================================================
2026-06-17 05:24:43.194559 TC04 Logout User                                                      | FAIL |
2026-06-17 05:24:43.208072 Setup failed:
2026-06-17 05:24:43.208084 Title should have been 'Automation Exercise' but was 'One moment, please...'.
2026-06-17 05:24:43.208091 ------------------------------------------------------------------------------
2026-06-17 05:24:43.208098 Suites.Auth.TC04 logout user                                          | FAIL |
2026-06-17 05:24:43.208584 1 test, 0 passed, 1 failed
2026-06-17 05:24:43.208626 ==============================================================================
2026-06-17 05:24:43.208632 Suites.Auth                                                           | FAIL |
2026-06-17 05:24:43.208886 1 test, 0 passed, 1 failed
2026-06-17 05:24:43.208933 ==============================================================================
2026-06-17 05:24:43.208944 Suites                                                                | FAIL |
2026-06-17 05:24:43.209166 1 test, 0 passed, 1 failed
2026-06-17 05:24:43.209198 ==============================================================================
2026-06-17 05:24:43.209205 Output:  /home/runner/work/engg-robot-testing-framework/engg-robot-testing-framework/reports/pabot_results/3/output.xml
