2026-09-01 05:29:06.146757 ==============================================================================
2026-09-01 05:29:06.156435 Suites
2026-09-01 05:29:06.156443 ==============================================================================
2026-09-01 05:29:06.156447 Suites.Cart
2026-09-01 05:29:06.156908 ==============================================================================
2026-09-01 05:29:06.156912 Suites.Cart.TC17 remove products from cart :: TC17 - Remove Products From Cart
2026-09-01 05:29:06.156912 [ ERROR ] Error in file '/home/runner/work/engg-robot-testing-framework/engg-robot-testing-framework/resources/common.resource' on line 4: Importing library 'playwright_keyword_library.PlaywrightKeywordLibrary' failed: ModuleNotFoundError: No module named 'playwright_keyword_library'
2026-09-01 05:29:06.175061 ==============================================================================
2026-09-01 05:29:06.175061 Traceback (most recent call last):
2026-09-01 05:29:06.175067   None
2026-09-01 05:29:06.225171 PYTHONPATH:
2026-09-01 05:29:06.275299   /opt/hostedtoolcache/Python/3.11.16/x64/bin
2026-09-01 05:29:06.325421   /opt/hostedtoolcache/Python/3.11.16/x64/lib/python311.zip
2026-09-01 05:29:06.375541   /opt/hostedtoolcache/Python/3.11.16/x64/lib/python3.11
2026-09-01 05:29:06.425678   /opt/hostedtoolcache/Python/3.11.16/x64/lib/python3.11/lib-dynload
2026-09-01 05:29:06.475819   /opt/hostedtoolcache/Python/3.11.16/x64/lib/python3.11/site-packages
2026-09-01 05:29:06.525957 [ ERROR ] Error in file '/home/runner/work/engg-robot-testing-framework/engg-robot-testing-framework/resources/product_keywords.resource' on line 2: Importing library 'playwright_keyword_library.PlaywrightKeywordLibrary' failed: ModuleNotFoundError: No module named 'playwright_keyword_library'
2026-09-01 05:29:06.576083 Traceback (most recent call last):
2026-09-01 05:29:06.626202   None
2026-09-01 05:29:06.676330 PYTHONPATH:
2026-09-01 05:29:06.726459   /opt/hostedtoolcache/Python/3.11.16/x64/bin
2026-09-01 05:29:06.776599   /opt/hostedtoolcache/Python/3.11.16/x64/lib/python311.zip
2026-09-01 05:29:06.826715   /opt/hostedtoolcache/Python/3.11.16/x64/lib/python3.11
2026-09-01 05:29:06.876811   /opt/hostedtoolcache/Python/3.11.16/x64/lib/python3.11/lib-dynload
2026-09-01 05:29:06.926915   /opt/hostedtoolcache/Python/3.11.16/x64/lib/python3.11/site-packages
2026-09-01 05:29:06.977031 [ ERROR ] Error in file '/home/runner/work/engg-robot-testing-framework/engg-robot-testing-framework/resources/cart_keywords.resource' on line 2: Importing library 'playwright_keyword_library.PlaywrightKeywordLibrary' failed: ModuleNotFoundError: No module named 'playwright_keyword_library'
2026-09-01 05:29:07.027134 Traceback (most recent call last):
2026-09-01 05:29:07.077239   None
2026-09-01 05:29:07.127345 PYTHONPATH:
2026-09-01 05:29:07.177478   /opt/hostedtoolcache/Python/3.11.16/x64/bin
2026-09-01 05:29:07.227580   /opt/hostedtoolcache/Python/3.11.16/x64/lib/python311.zip
2026-09-01 05:29:07.277678   /opt/hostedtoolcache/Python/3.11.16/x64/lib/python3.11
2026-09-01 05:29:07.327778   /opt/hostedtoolcache/Python/3.11.16/x64/lib/python3.11/lib-dynload
2026-09-01 05:29:07.377881   /opt/hostedtoolcache/Python/3.11.16/x64/lib/python3.11/site-packages
2026-09-01 05:29:16.146997 TC17 Remove Products From Cart                                        | FAIL |
2026-09-01 05:29:16.182203 Setup failed:
2026-09-01 05:29:16.182213 No keyword with name 'Open Browser' found.
2026-09-01 05:29:16.182219 
2026-09-01 05:29:16.182225 Also teardown failed:
2026-09-01 05:29:16.182230 Several failures occurred:
2026-09-01 05:29:16.182235 
2026-09-01 05:29:16.182240 1) No keyword with name 'Register Keyword To Run On Failure' found.
2026-09-01 05:29:16.182245 
2026-09-01 05:29:16.182249 2) No keyword with name 'Close Browser' found. Did you mean:
2026-09-01 05:29:16.182254     common.Close Test Browser
2026-09-01 05:29:16.182259 ------------------------------------------------------------------------------
2026-09-01 05:29:16.182264 Suites.Cart.TC17 remove products from cart :: TC17 - Remove Produc... | FAIL |
2026-09-01 05:29:16.182678 1 test, 0 passed, 1 failed
2026-09-01 05:29:16.182724 ==============================================================================
2026-09-01 05:29:16.182730 Suites.Cart                                                           | FAIL |
2026-09-01 05:29:16.183016 1 test, 0 passed, 1 failed
2026-09-01 05:29:16.183030 ==============================================================================
2026-09-01 05:29:16.183068 Suites                                                                | FAIL |
2026-09-01 05:29:16.183249 1 test, 0 passed, 1 failed
2026-09-01 05:29:16.183263 ==============================================================================
2026-09-01 05:29:16.183298 Output:  /home/runner/work/engg-robot-testing-framework/engg-robot-testing-framework/reports/pabot_results/7/output.xml
