2026-09-15 05:09:32.714181 ==============================================================================
2026-09-15 05:09:32.763405 Suites
2026-09-15 05:09:32.763422 ==============================================================================
2026-09-15 05:09:32.763432 Suites.Auth
2026-09-15 05:09:32.764143 ==============================================================================
2026-09-15 05:09:32.764157 Suites.Auth.TC05 register existing email
2026-09-15 05:09:32.764157 [ ERROR ] Error in file '/home/runner/work/engg-robot-testing-framework/engg-robot-testing-framework/tests/auth/TC05_register_existing_email.robot' on line 2: Importing library 'playwright_keyword_library.PlaywrightKeywordLibrary' failed: ModuleNotFoundError: No module named 'playwright_keyword_library'
2026-09-15 05:09:32.779864 ==============================================================================
2026-09-15 05:09:32.779864 Traceback (most recent call last):
2026-09-15 05:09:32.779881   None
2026-09-15 05:09:32.830015 PYTHONPATH:
2026-09-15 05:09:32.880163   /opt/hostedtoolcache/Python/3.11.16/x64/bin
2026-09-15 05:09:32.930284   /opt/hostedtoolcache/Python/3.11.16/x64/lib/python311.zip
2026-09-15 05:09:32.980436   /opt/hostedtoolcache/Python/3.11.16/x64/lib/python3.11
2026-09-15 05:09:33.030539   /opt/hostedtoolcache/Python/3.11.16/x64/lib/python3.11/lib-dynload
2026-09-15 05:09:33.080765   /opt/hostedtoolcache/Python/3.11.16/x64/lib/python3.11/site-packages
2026-09-15 05:09:33.130875 [ ERROR ] Error in file '/home/runner/work/engg-robot-testing-framework/engg-robot-testing-framework/resources/auth_keywords.resource' on line 2: Importing library 'playwright_keyword_library.PlaywrightKeywordLibrary' failed: ModuleNotFoundError: No module named 'playwright_keyword_library'
2026-09-15 05:09:33.181052 Traceback (most recent call last):
2026-09-15 05:09:33.231181   None
2026-09-15 05:09:33.281326 PYTHONPATH:
2026-09-15 05:09:33.331496   /opt/hostedtoolcache/Python/3.11.16/x64/bin
2026-09-15 05:09:33.381649   /opt/hostedtoolcache/Python/3.11.16/x64/lib/python311.zip
2026-09-15 05:09:33.431782   /opt/hostedtoolcache/Python/3.11.16/x64/lib/python3.11
2026-09-15 05:09:33.481920   /opt/hostedtoolcache/Python/3.11.16/x64/lib/python3.11/lib-dynload
2026-09-15 05:09:33.532038   /opt/hostedtoolcache/Python/3.11.16/x64/lib/python3.11/site-packages
2026-09-15 05:09:33.582154 [ ERROR ] Error in file '/home/runner/work/engg-robot-testing-framework/engg-robot-testing-framework/resources/common.resource' on line 4: Importing library 'playwright_keyword_library.PlaywrightKeywordLibrary' failed: ModuleNotFoundError: No module named 'playwright_keyword_library'
2026-09-15 05:09:33.632253 Traceback (most recent call last):
2026-09-15 05:09:33.682392   None
2026-09-15 05:09:33.732549 PYTHONPATH:
2026-09-15 05:09:33.782680   /opt/hostedtoolcache/Python/3.11.16/x64/bin
2026-09-15 05:09:33.832778   /opt/hostedtoolcache/Python/3.11.16/x64/lib/python311.zip
2026-09-15 05:09:33.882903   /opt/hostedtoolcache/Python/3.11.16/x64/lib/python3.11
2026-09-15 05:09:33.933011   /opt/hostedtoolcache/Python/3.11.16/x64/lib/python3.11/lib-dynload
2026-09-15 05:09:33.983112   /opt/hostedtoolcache/Python/3.11.16/x64/lib/python3.11/site-packages
2026-09-15 05:09:42.752961 TC05 Register User With Existing Email                                | FAIL |
2026-09-15 05:09:42.788628 Setup failed:
2026-09-15 05:09:42.788642 No keyword with name 'Open Browser' found.
2026-09-15 05:09:42.788651 
2026-09-15 05:09:42.788659 Also teardown failed:
2026-09-15 05:09:42.788667 Several failures occurred:
2026-09-15 05:09:42.788674 
2026-09-15 05:09:42.788681 1) No keyword with name 'Register Keyword To Run On Failure' found.
2026-09-15 05:09:42.788690 
2026-09-15 05:09:42.788696 2) No keyword with name 'Close Browser' found. Did you mean:
2026-09-15 05:09:42.788704     common.Close Test Browser
2026-09-15 05:09:42.788711 ------------------------------------------------------------------------------
2026-09-15 05:09:42.788718 Suites.Auth.TC05 register existing email                              | FAIL |
2026-09-15 05:09:42.789292 1 test, 0 passed, 1 failed
2026-09-15 05:09:42.789354 ==============================================================================
2026-09-15 05:09:42.789363 Suites.Auth                                                           | FAIL |
2026-09-15 05:09:42.789647 1 test, 0 passed, 1 failed
2026-09-15 05:09:42.789706 ==============================================================================
2026-09-15 05:09:42.789717 Suites                                                                | FAIL |
2026-09-15 05:09:42.790013 1 test, 0 passed, 1 failed
2026-09-15 05:09:42.790031 ==============================================================================
2026-09-15 05:09:42.790047 Output:  /home/runner/work/engg-robot-testing-framework/engg-robot-testing-framework/reports/pabot_results/4/output.xml
