2026-08-20 01:59:08.154299 ==============================================================================
2026-08-20 01:59:08.181567 Suites
2026-08-20 01:59:08.181584 ==============================================================================
2026-08-20 01:59:08.181595 Suites.Auth
2026-08-20 01:59:08.182050 ==============================================================================
2026-08-20 01:59:08.182065 Suites.Auth.TC02 login valid
2026-08-20 01:59:08.182065 [ ERROR ] Error in file '/home/runner/work/engg-robot-testing-framework/engg-robot-testing-framework/tests/auth/TC02_login_valid.robot' on line 2: Importing library 'playwright_keyword_library.PlaywrightKeywordLibrary' failed: ModuleNotFoundError: No module named 'playwright_keyword_library'
2026-08-20 01:59:08.195487 ==============================================================================
2026-08-20 01:59:08.195487 Traceback (most recent call last):
2026-08-20 01:59:08.195504   None
2026-08-20 01:59:08.245652 PYTHONPATH:
2026-08-20 01:59:08.295816   /opt/hostedtoolcache/Python/3.11.15/x64/bin
2026-08-20 01:59:08.345986   /opt/hostedtoolcache/Python/3.11.15/x64/lib/python311.zip
2026-08-20 01:59:08.396175   /opt/hostedtoolcache/Python/3.11.15/x64/lib/python3.11
2026-08-20 01:59:08.446395   /opt/hostedtoolcache/Python/3.11.15/x64/lib/python3.11/lib-dynload
2026-08-20 01:59:08.496558   /opt/hostedtoolcache/Python/3.11.15/x64/lib/python3.11/site-packages
2026-08-20 01:59:08.546779 [ ERROR ] Error in file '/home/runner/work/engg-robot-testing-framework/engg-robot-testing-framework/resources/auth_keywords.resource' on line 2: Importing library 'playwright_keyword_library.PlaywrightKeywordLibrary' failed: ModuleNotFoundError: No module named 'playwright_keyword_library'
2026-08-20 01:59:08.596964 Traceback (most recent call last):
2026-08-20 01:59:08.647177   None
2026-08-20 01:59:08.697339 PYTHONPATH:
2026-08-20 01:59:08.747555   /opt/hostedtoolcache/Python/3.11.15/x64/bin
2026-08-20 01:59:08.797724   /opt/hostedtoolcache/Python/3.11.15/x64/lib/python311.zip
2026-08-20 01:59:08.847956   /opt/hostedtoolcache/Python/3.11.15/x64/lib/python3.11
2026-08-20 01:59:08.898129   /opt/hostedtoolcache/Python/3.11.15/x64/lib/python3.11/lib-dynload
2026-08-20 01:59:08.948350   /opt/hostedtoolcache/Python/3.11.15/x64/lib/python3.11/site-packages
2026-08-20 01:59:08.998528 [ ERROR ] Error in file '/home/runner/work/engg-robot-testing-framework/engg-robot-testing-framework/resources/common.resource' on line 4: Importing library 'playwright_keyword_library.PlaywrightKeywordLibrary' failed: ModuleNotFoundError: No module named 'playwright_keyword_library'
2026-08-20 01:59:09.048743 Traceback (most recent call last):
2026-08-20 01:59:09.098876   None
2026-08-20 01:59:09.149092 PYTHONPATH:
2026-08-20 01:59:09.199264   /opt/hostedtoolcache/Python/3.11.15/x64/bin
2026-08-20 01:59:09.249484   /opt/hostedtoolcache/Python/3.11.15/x64/lib/python311.zip
2026-08-20 01:59:09.299654   /opt/hostedtoolcache/Python/3.11.15/x64/lib/python3.11
2026-08-20 01:59:09.349862   /opt/hostedtoolcache/Python/3.11.15/x64/lib/python3.11/lib-dynload
2026-08-20 01:59:09.400038   /opt/hostedtoolcache/Python/3.11.15/x64/lib/python3.11/site-packages
2026-08-20 01:59:18.173773 TC02 Login User With Correct Email And Password                       | FAIL |
2026-08-20 01:59:18.202779 Setup failed:
2026-08-20 01:59:18.202797 No keyword with name 'Open Browser' found.
2026-08-20 01:59:18.202808 
2026-08-20 01:59:18.202820 Also teardown failed:
2026-08-20 01:59:18.202840 Several failures occurred:
2026-08-20 01:59:18.202849 
2026-08-20 01:59:18.202857 1) No keyword with name 'Register Keyword To Run On Failure' found.
2026-08-20 01:59:18.202866 
2026-08-20 01:59:18.202874 2) No keyword with name 'Close Browser' found. Did you mean:
2026-08-20 01:59:18.202883     common.Close Test Browser
2026-08-20 01:59:18.202891 ------------------------------------------------------------------------------
2026-08-20 01:59:18.202899 Suites.Auth.TC02 login valid                                          | FAIL |
2026-08-20 01:59:18.203344 1 test, 0 passed, 1 failed
2026-08-20 01:59:18.203357 ==============================================================================
2026-08-20 01:59:18.203367 Suites.Auth                                                           | FAIL |
2026-08-20 01:59:18.203659 1 test, 0 passed, 1 failed
2026-08-20 01:59:18.203669 ==============================================================================
2026-08-20 01:59:18.203678 Suites                                                                | FAIL |
2026-08-20 01:59:18.204030 1 test, 0 passed, 1 failed
2026-08-20 01:59:18.204041 ==============================================================================
2026-08-20 01:59:18.204050 Output:  /home/runner/work/engg-robot-testing-framework/engg-robot-testing-framework/reports/pabot_results/1/output.xml
