2026-08-30 05:39:58.976617 ==============================================================================
2026-08-30 05:39:58.995349 Suites
2026-08-30 05:39:58.995372 ==============================================================================
2026-08-30 05:39:58.995390 Suites.Auth
2026-08-30 05:39:58.996227 ==============================================================================
2026-08-30 05:39:58.996248 Suites.Auth.TC02 login valid
2026-08-30 05:39:58.996248 [ ERROR ] Error in file '/home/runner/work/engg-robot-testing-framework/engg-robot-testing-framework/tests/auth/TC02_login_valid.robot' on line 2: Importing library 'playwright_keyword_library.PlaywrightKeywordLibrary' failed: ModuleNotFoundError: No module named 'playwright_keyword_library'
2026-08-30 05:39:59.015460 ==============================================================================
2026-08-30 05:39:59.015460 Traceback (most recent call last):
2026-08-30 05:39:59.015485   None
2026-08-30 05:39:59.065658 PYTHONPATH:
2026-08-30 05:39:59.115796   /opt/hostedtoolcache/Python/3.11.16/x64/bin
2026-08-30 05:39:59.165915   /opt/hostedtoolcache/Python/3.11.16/x64/lib/python311.zip
2026-08-30 05:39:59.216080   /opt/hostedtoolcache/Python/3.11.16/x64/lib/python3.11
2026-08-30 05:39:59.266256   /opt/hostedtoolcache/Python/3.11.16/x64/lib/python3.11/lib-dynload
2026-08-30 05:39:59.316468   /opt/hostedtoolcache/Python/3.11.16/x64/lib/python3.11/site-packages
2026-08-30 05:39:59.366685 [ ERROR ] Error in file '/home/runner/work/engg-robot-testing-framework/engg-robot-testing-framework/resources/auth_keywords.resource' on line 2: Importing library 'playwright_keyword_library.PlaywrightKeywordLibrary' failed: ModuleNotFoundError: No module named 'playwright_keyword_library'
2026-08-30 05:39:59.416911 Traceback (most recent call last):
2026-08-30 05:39:59.467112   None
2026-08-30 05:39:59.517279 PYTHONPATH:
2026-08-30 05:39:59.567447   /opt/hostedtoolcache/Python/3.11.16/x64/bin
2026-08-30 05:39:59.617670   /opt/hostedtoolcache/Python/3.11.16/x64/lib/python311.zip
2026-08-30 05:39:59.667857   /opt/hostedtoolcache/Python/3.11.16/x64/lib/python3.11
2026-08-30 05:39:59.718055   /opt/hostedtoolcache/Python/3.11.16/x64/lib/python3.11/lib-dynload
2026-08-30 05:39:59.768213   /opt/hostedtoolcache/Python/3.11.16/x64/lib/python3.11/site-packages
2026-08-30 05:39:59.818371 [ ERROR ] Error in file '/home/runner/work/engg-robot-testing-framework/engg-robot-testing-framework/resources/common.resource' on line 4: Importing library 'playwright_keyword_library.PlaywrightKeywordLibrary' failed: ModuleNotFoundError: No module named 'playwright_keyword_library'
2026-08-30 05:39:59.868542 Traceback (most recent call last):
2026-08-30 05:39:59.918705   None
2026-08-30 05:39:59.968916 PYTHONPATH:
2026-08-30 05:40:00.019138   /opt/hostedtoolcache/Python/3.11.16/x64/bin
2026-08-30 05:40:00.069319   /opt/hostedtoolcache/Python/3.11.16/x64/lib/python311.zip
2026-08-30 05:40:00.119517   /opt/hostedtoolcache/Python/3.11.16/x64/lib/python3.11
2026-08-30 05:40:00.169837   /opt/hostedtoolcache/Python/3.11.16/x64/lib/python3.11/lib-dynload
2026-08-30 05:40:00.220069   /opt/hostedtoolcache/Python/3.11.16/x64/lib/python3.11/site-packages
2026-08-30 05:40:08.994233 TC02 Login User With Correct Email And Password                       | FAIL |
2026-08-30 05:40:09.026419 Setup failed:
2026-08-30 05:40:09.026445 No keyword with name 'Open Browser' found.
2026-08-30 05:40:09.026466 
2026-08-30 05:40:09.026482 Also teardown failed:
2026-08-30 05:40:09.026506 Several failures occurred:
2026-08-30 05:40:09.026579 
2026-08-30 05:40:09.026602 1) No keyword with name 'Register Keyword To Run On Failure' found.
2026-08-30 05:40:09.026731 
2026-08-30 05:40:09.026757 2) No keyword with name 'Close Browser' found. Did you mean:
2026-08-30 05:40:09.026897     common.Close Test Browser
2026-08-30 05:40:09.026916 ------------------------------------------------------------------------------
2026-08-30 05:40:09.026938 Suites.Auth.TC02 login valid                                          | FAIL |
2026-08-30 05:40:09.027148 1 test, 0 passed, 1 failed
2026-08-30 05:40:09.027223 ==============================================================================
2026-08-30 05:40:09.027240 Suites.Auth                                                           | FAIL |
2026-08-30 05:40:09.027622 1 test, 0 passed, 1 failed
2026-08-30 05:40:09.028614 ==============================================================================
2026-08-30 05:40:09.028631 Suites                                                                | FAIL |
2026-08-30 05:40:09.028645 1 test, 0 passed, 1 failed
2026-08-30 05:40:09.028658 ==============================================================================
2026-08-30 05:40:09.028670 Output:  /home/runner/work/engg-robot-testing-framework/engg-robot-testing-framework/reports/pabot_results/1/output.xml
