2026-09-18 05:00:25.345897 ==============================================================================
2026-09-18 05:00:25.364367 Suites
2026-09-18 05:00:25.364389 ==============================================================================
2026-09-18 05:00:25.364410 Suites.Auth
2026-09-18 05:00:25.365189 ==============================================================================
2026-09-18 05:00:25.365212 Suites.Auth.TC02 login valid
2026-09-18 05:00:25.365212 [ ERROR ] Error in file '/home/runner/work/engg-robot-testing-framework/engg-robot-testing-framework/tests/auth/TC02_login_valid.robot' on line 2: Importing library 'playwright_keyword_library.PlaywrightKeywordLibrary' failed: ModuleNotFoundError: No module named 'playwright_keyword_library'
2026-09-18 05:00:25.383995 ==============================================================================
2026-09-18 05:00:25.383995 Traceback (most recent call last):
2026-09-18 05:00:25.384021   None
2026-09-18 05:00:25.434144 PYTHONPATH:
2026-09-18 05:00:25.484257   /opt/hostedtoolcache/Python/3.11.16/x64/bin
2026-09-18 05:00:25.534367   /opt/hostedtoolcache/Python/3.11.16/x64/lib/python311.zip
2026-09-18 05:00:25.584523   /opt/hostedtoolcache/Python/3.11.16/x64/lib/python3.11
2026-09-18 05:00:25.634695   /opt/hostedtoolcache/Python/3.11.16/x64/lib/python3.11/lib-dynload
2026-09-18 05:00:25.684832   /opt/hostedtoolcache/Python/3.11.16/x64/lib/python3.11/site-packages
2026-09-18 05:00:25.734929 [ ERROR ] Error in file '/home/runner/work/engg-robot-testing-framework/engg-robot-testing-framework/resources/auth_keywords.resource' on line 2: Importing library 'playwright_keyword_library.PlaywrightKeywordLibrary' failed: ModuleNotFoundError: No module named 'playwright_keyword_library'
2026-09-18 05:00:25.785088 Traceback (most recent call last):
2026-09-18 05:00:25.835223   None
2026-09-18 05:00:25.885387 PYTHONPATH:
2026-09-18 05:00:25.935536   /opt/hostedtoolcache/Python/3.11.16/x64/bin
2026-09-18 05:00:25.985682   /opt/hostedtoolcache/Python/3.11.16/x64/lib/python311.zip
2026-09-18 05:00:26.035835   /opt/hostedtoolcache/Python/3.11.16/x64/lib/python3.11
2026-09-18 05:00:26.085994   /opt/hostedtoolcache/Python/3.11.16/x64/lib/python3.11/lib-dynload
2026-09-18 05:00:26.136139   /opt/hostedtoolcache/Python/3.11.16/x64/lib/python3.11/site-packages
2026-09-18 05:00:26.186294 [ ERROR ] Error in file '/home/runner/work/engg-robot-testing-framework/engg-robot-testing-framework/resources/common.resource' on line 4: Importing library 'playwright_keyword_library.PlaywrightKeywordLibrary' failed: ModuleNotFoundError: No module named 'playwright_keyword_library'
2026-09-18 05:00:26.236491 Traceback (most recent call last):
2026-09-18 05:00:26.286722   None
2026-09-18 05:00:26.336939 PYTHONPATH:
2026-09-18 05:00:26.387170   /opt/hostedtoolcache/Python/3.11.16/x64/bin
2026-09-18 05:00:26.437381   /opt/hostedtoolcache/Python/3.11.16/x64/lib/python311.zip
2026-09-18 05:00:26.487588   /opt/hostedtoolcache/Python/3.11.16/x64/lib/python3.11
2026-09-18 05:00:26.537769   /opt/hostedtoolcache/Python/3.11.16/x64/lib/python3.11/lib-dynload
2026-09-18 05:00:26.587920   /opt/hostedtoolcache/Python/3.11.16/x64/lib/python3.11/site-packages
2026-09-18 05:00:35.360842 TC02 Login User With Correct Email And Password                       | FAIL |
2026-09-18 05:00:35.393803 Setup failed:
2026-09-18 05:00:35.393830 No keyword with name 'Open Browser' found.
2026-09-18 05:00:35.393846 
2026-09-18 05:00:35.393860 Also teardown failed:
2026-09-18 05:00:35.393874 Several failures occurred:
2026-09-18 05:00:35.393887 
2026-09-18 05:00:35.393894 1) No keyword with name 'Register Keyword To Run On Failure' found.
2026-09-18 05:00:35.393901 
2026-09-18 05:00:35.393907 2) No keyword with name 'Close Browser' found. Did you mean:
2026-09-18 05:00:35.393915     common.Close Test Browser
2026-09-18 05:00:35.393928 ------------------------------------------------------------------------------
2026-09-18 05:00:35.393939 Suites.Auth.TC02 login valid                                          | FAIL |
2026-09-18 05:00:35.394536 1 test, 0 passed, 1 failed
2026-09-18 05:00:35.394574 ==============================================================================
2026-09-18 05:00:35.394582 Suites.Auth                                                           | FAIL |
2026-09-18 05:00:35.395091 1 test, 0 passed, 1 failed
2026-09-18 05:00:35.395145 ==============================================================================
2026-09-18 05:00:35.395152 Suites                                                                | FAIL |
2026-09-18 05:00:35.395527 1 test, 0 passed, 1 failed
2026-09-18 05:00:35.395580 ==============================================================================
2026-09-18 05:00:35.395587 Output:  /home/runner/work/engg-robot-testing-framework/engg-robot-testing-framework/reports/pabot_results/1/output.xml
