2026-09-01 05:28:45.006461 ==============================================================================
2026-09-01 05:28:45.014477 Suites
2026-09-01 05:28:45.014488 ==============================================================================
2026-09-01 05:28:45.014494 Suites.Auth
2026-09-01 05:28:45.015013 ==============================================================================
2026-09-01 05:28:45.015021 Suites.Auth.TC04 logout user
2026-09-01 05:28:45.015021 [ ERROR ] Error in file '/home/runner/work/engg-robot-testing-framework/engg-robot-testing-framework/tests/auth/TC04_logout_user.robot' on line 2: Importing library 'playwright_keyword_library.PlaywrightKeywordLibrary' failed: ModuleNotFoundError: No module named 'playwright_keyword_library'
2026-09-01 05:28:45.026558 ==============================================================================
2026-09-01 05:28:45.026558 Traceback (most recent call last):
2026-09-01 05:28:45.026572   None
2026-09-01 05:28:45.076651 PYTHONPATH:
2026-09-01 05:28:45.126731   /opt/hostedtoolcache/Python/3.11.16/x64/bin
2026-09-01 05:28:45.176813   /opt/hostedtoolcache/Python/3.11.16/x64/lib/python311.zip
2026-09-01 05:28:45.226893   /opt/hostedtoolcache/Python/3.11.16/x64/lib/python3.11
2026-09-01 05:28:45.276983   /opt/hostedtoolcache/Python/3.11.16/x64/lib/python3.11/lib-dynload
2026-09-01 05:28:45.327062   /opt/hostedtoolcache/Python/3.11.16/x64/lib/python3.11/site-packages
2026-09-01 05:28:45.377143 [ ERROR ] Error in file '/home/runner/work/engg-robot-testing-framework/engg-robot-testing-framework/resources/auth_keywords.resource' on line 2: Importing library 'playwright_keyword_library.PlaywrightKeywordLibrary' failed: ModuleNotFoundError: No module named 'playwright_keyword_library'
2026-09-01 05:28:45.427223 Traceback (most recent call last):
2026-09-01 05:28:45.477305   None
2026-09-01 05:28:45.527392 PYTHONPATH:
2026-09-01 05:28:45.577474   /opt/hostedtoolcache/Python/3.11.16/x64/bin
2026-09-01 05:28:45.627553   /opt/hostedtoolcache/Python/3.11.16/x64/lib/python311.zip
2026-09-01 05:28:45.677654   /opt/hostedtoolcache/Python/3.11.16/x64/lib/python3.11
2026-09-01 05:28:45.727736   /opt/hostedtoolcache/Python/3.11.16/x64/lib/python3.11/lib-dynload
2026-09-01 05:28:45.777816   /opt/hostedtoolcache/Python/3.11.16/x64/lib/python3.11/site-packages
2026-09-01 05:28:45.827896 [ ERROR ] Error in file '/home/runner/work/engg-robot-testing-framework/engg-robot-testing-framework/resources/common.resource' on line 4: Importing library 'playwright_keyword_library.PlaywrightKeywordLibrary' failed: ModuleNotFoundError: No module named 'playwright_keyword_library'
2026-09-01 05:28:45.877977 Traceback (most recent call last):
2026-09-01 05:28:45.928057   None
2026-09-01 05:28:45.978140 PYTHONPATH:
2026-09-01 05:28:46.028228   /opt/hostedtoolcache/Python/3.11.16/x64/bin
2026-09-01 05:28:46.078310   /opt/hostedtoolcache/Python/3.11.16/x64/lib/python311.zip
2026-09-01 05:28:46.128389   /opt/hostedtoolcache/Python/3.11.16/x64/lib/python3.11
2026-09-01 05:28:46.178470   /opt/hostedtoolcache/Python/3.11.16/x64/lib/python3.11/lib-dynload
2026-09-01 05:28:46.228553   /opt/hostedtoolcache/Python/3.11.16/x64/lib/python3.11/site-packages
2026-09-01 05:28:54.995822 TC04 Logout User                                                      | FAIL |
2026-09-01 05:28:55.033474 Setup failed:
2026-09-01 05:28:55.033479 No keyword with name 'Open Browser' found.
2026-09-01 05:28:55.033483 
2026-09-01 05:28:55.033487 Also teardown failed:
2026-09-01 05:28:55.033490 Several failures occurred:
2026-09-01 05:28:55.033493 
2026-09-01 05:28:55.033497 1) No keyword with name 'Register Keyword To Run On Failure' found.
2026-09-01 05:28:55.033500 
2026-09-01 05:28:55.033503 2) No keyword with name 'Close Browser' found. Did you mean:
2026-09-01 05:28:55.033507     common.Close Test Browser
2026-09-01 05:28:55.033510 ------------------------------------------------------------------------------
2026-09-01 05:28:55.033513 Suites.Auth.TC04 logout user                                          | FAIL |
2026-09-01 05:28:55.034091 1 test, 0 passed, 1 failed
2026-09-01 05:28:55.034123 ==============================================================================
2026-09-01 05:28:55.034126 Suites.Auth                                                           | FAIL |
2026-09-01 05:28:55.034459 1 test, 0 passed, 1 failed
2026-09-01 05:28:55.034503 ==============================================================================
2026-09-01 05:28:55.034507 Suites                                                                | FAIL |
2026-09-01 05:28:55.034790 1 test, 0 passed, 1 failed
2026-09-01 05:28:55.034831 ==============================================================================
2026-09-01 05:28:55.034836 Output:  /home/runner/work/engg-robot-testing-framework/engg-robot-testing-framework/reports/pabot_results/3/output.xml
