2026-08-25 02:01:37.821676 ==============================================================================
2026-08-25 02:01:37.843489 Suites
2026-08-25 02:01:37.843510 ==============================================================================
2026-08-25 02:01:37.843525 Suites.Cart
2026-08-25 02:01:37.844363 ==============================================================================
2026-08-25 02:01:37.844382 Suites.Cart.TC17 remove products from cart :: TC17 - Remove Products From Cart
2026-08-25 02:01:37.844382 [ ERROR ] Error in file '/home/runner/work/engg-robot-testing-framework/engg-robot-testing-framework/resources/common.resource' on line 4: Importing library 'playwright_keyword_library.PlaywrightKeywordLibrary' failed: ModuleNotFoundError: No module named 'playwright_keyword_library'
2026-08-25 02:01:37.875334 ==============================================================================
2026-08-25 02:01:37.875334 Traceback (most recent call last):
2026-08-25 02:01:37.875360   None
2026-08-25 02:01:37.925500 PYTHONPATH:
2026-08-25 02:01:37.975610   /opt/hostedtoolcache/Python/3.11.16/x64/bin
2026-08-25 02:01:38.025750   /opt/hostedtoolcache/Python/3.11.16/x64/lib/python311.zip
2026-08-25 02:01:38.075871   /opt/hostedtoolcache/Python/3.11.16/x64/lib/python3.11
2026-08-25 02:01:38.126005   /opt/hostedtoolcache/Python/3.11.16/x64/lib/python3.11/lib-dynload
2026-08-25 02:01:38.176145   /opt/hostedtoolcache/Python/3.11.16/x64/lib/python3.11/site-packages
2026-08-25 02:01:38.226297 [ ERROR ] Error in file '/home/runner/work/engg-robot-testing-framework/engg-robot-testing-framework/resources/product_keywords.resource' on line 2: Importing library 'playwright_keyword_library.PlaywrightKeywordLibrary' failed: ModuleNotFoundError: No module named 'playwright_keyword_library'
2026-08-25 02:01:38.276451 Traceback (most recent call last):
2026-08-25 02:01:38.326607   None
2026-08-25 02:01:38.376761 PYTHONPATH:
2026-08-25 02:01:38.426911   /opt/hostedtoolcache/Python/3.11.16/x64/bin
2026-08-25 02:01:38.477036   /opt/hostedtoolcache/Python/3.11.16/x64/lib/python311.zip
2026-08-25 02:01:38.527159   /opt/hostedtoolcache/Python/3.11.16/x64/lib/python3.11
2026-08-25 02:01:38.577298   /opt/hostedtoolcache/Python/3.11.16/x64/lib/python3.11/lib-dynload
2026-08-25 02:01:38.627471   /opt/hostedtoolcache/Python/3.11.16/x64/lib/python3.11/site-packages
2026-08-25 02:01:38.677636 [ ERROR ] Error in file '/home/runner/work/engg-robot-testing-framework/engg-robot-testing-framework/resources/cart_keywords.resource' on line 2: Importing library 'playwright_keyword_library.PlaywrightKeywordLibrary' failed: ModuleNotFoundError: No module named 'playwright_keyword_library'
2026-08-25 02:01:38.727791 Traceback (most recent call last):
2026-08-25 02:01:38.777950   None
2026-08-25 02:01:38.828121 PYTHONPATH:
2026-08-25 02:01:38.878279   /opt/hostedtoolcache/Python/3.11.16/x64/bin
2026-08-25 02:01:38.928439   /opt/hostedtoolcache/Python/3.11.16/x64/lib/python311.zip
2026-08-25 02:01:38.978562   /opt/hostedtoolcache/Python/3.11.16/x64/lib/python3.11
2026-08-25 02:01:39.028724   /opt/hostedtoolcache/Python/3.11.16/x64/lib/python3.11/lib-dynload
2026-08-25 02:01:39.078870   /opt/hostedtoolcache/Python/3.11.16/x64/lib/python3.11/site-packages
2026-08-25 02:01:47.850534 TC17 Remove Products From Cart                                        | FAIL |
2026-08-25 02:01:47.887247 Setup failed:
2026-08-25 02:01:47.887262 No keyword with name 'Open Browser' found.
2026-08-25 02:01:47.887272 
2026-08-25 02:01:47.887280 Also teardown failed:
2026-08-25 02:01:47.887289 Several failures occurred:
2026-08-25 02:01:47.887297 
2026-08-25 02:01:47.887305 1) No keyword with name 'Register Keyword To Run On Failure' found.
2026-08-25 02:01:47.887314 
2026-08-25 02:01:47.887322 2) No keyword with name 'Close Browser' found. Did you mean:
2026-08-25 02:01:47.887329     common.Close Test Browser
2026-08-25 02:01:47.887337 ------------------------------------------------------------------------------
2026-08-25 02:01:47.887345 Suites.Cart.TC17 remove products from cart :: TC17 - Remove Produc... | FAIL |
2026-08-25 02:01:47.888078 1 test, 0 passed, 1 failed
2026-08-25 02:01:47.888158 ==============================================================================
2026-08-25 02:01:47.888167 Suites.Cart                                                           | FAIL |
2026-08-25 02:01:47.888637 1 test, 0 passed, 1 failed
2026-08-25 02:01:47.888678 ==============================================================================
2026-08-25 02:01:47.888686 Suites                                                                | FAIL |
2026-08-25 02:01:47.889079 1 test, 0 passed, 1 failed
2026-08-25 02:01:47.889146 ==============================================================================
2026-08-25 02:01:47.889154 Output:  /home/runner/work/engg-robot-testing-framework/engg-robot-testing-framework/reports/pabot_results/7/output.xml
