2026-09-25 05:13:46.550381 ==============================================================================
2026-09-25 05:13:46.553192 Suites
2026-09-25 05:13:46.553208 ==============================================================================
2026-09-25 05:13:46.553217 Suites.Cart
2026-09-25 05:13:46.553918 ==============================================================================
2026-09-25 05:13:46.553931 Suites.Cart.TC17 remove products from cart :: TC17 - Remove Products From Cart
2026-09-25 05:13:46.553931 [ ERROR ] Error in file '/home/runner/work/engg-robot-testing-framework/engg-robot-testing-framework/resources/common.resource' on line 4: Importing library 'playwright_keyword_library.PlaywrightKeywordLibrary' failed: ModuleNotFoundError: No module named 'playwright_keyword_library'
2026-09-25 05:13:46.579518 ==============================================================================
2026-09-25 05:13:46.579518 Traceback (most recent call last):
2026-09-25 05:13:46.579535   None
2026-09-25 05:13:46.629643 PYTHONPATH:
2026-09-25 05:13:46.679748   /opt/hostedtoolcache/Python/3.11.16/x64/bin
2026-09-25 05:13:46.729850   /opt/hostedtoolcache/Python/3.11.16/x64/lib/python311.zip
2026-09-25 05:13:46.779939   /opt/hostedtoolcache/Python/3.11.16/x64/lib/python3.11
2026-09-25 05:13:46.830026   /opt/hostedtoolcache/Python/3.11.16/x64/lib/python3.11/lib-dynload
2026-09-25 05:13:46.880120   /opt/hostedtoolcache/Python/3.11.16/x64/lib/python3.11/site-packages
2026-09-25 05:13:46.930210 [ ERROR ] Error in file '/home/runner/work/engg-robot-testing-framework/engg-robot-testing-framework/resources/product_keywords.resource' on line 2: Importing library 'playwright_keyword_library.PlaywrightKeywordLibrary' failed: ModuleNotFoundError: No module named 'playwright_keyword_library'
2026-09-25 05:13:46.980304 Traceback (most recent call last):
2026-09-25 05:13:47.030390   None
2026-09-25 05:13:47.080647 PYTHONPATH:
2026-09-25 05:13:47.130757   /opt/hostedtoolcache/Python/3.11.16/x64/bin
2026-09-25 05:13:47.180852   /opt/hostedtoolcache/Python/3.11.16/x64/lib/python311.zip
2026-09-25 05:13:47.230960   /opt/hostedtoolcache/Python/3.11.16/x64/lib/python3.11
2026-09-25 05:13:47.281053   /opt/hostedtoolcache/Python/3.11.16/x64/lib/python3.11/lib-dynload
2026-09-25 05:13:47.331144   /opt/hostedtoolcache/Python/3.11.16/x64/lib/python3.11/site-packages
2026-09-25 05:13:47.381248 [ ERROR ] Error in file '/home/runner/work/engg-robot-testing-framework/engg-robot-testing-framework/resources/cart_keywords.resource' on line 2: Importing library 'playwright_keyword_library.PlaywrightKeywordLibrary' failed: ModuleNotFoundError: No module named 'playwright_keyword_library'
2026-09-25 05:13:47.431346 Traceback (most recent call last):
2026-09-25 05:13:47.481451   None
2026-09-25 05:13:47.531543 PYTHONPATH:
2026-09-25 05:13:47.581657   /opt/hostedtoolcache/Python/3.11.16/x64/bin
2026-09-25 05:13:47.631743   /opt/hostedtoolcache/Python/3.11.16/x64/lib/python311.zip
2026-09-25 05:13:47.681881   /opt/hostedtoolcache/Python/3.11.16/x64/lib/python3.11
2026-09-25 05:13:47.732008   /opt/hostedtoolcache/Python/3.11.16/x64/lib/python3.11/lib-dynload
2026-09-25 05:13:47.782118   /opt/hostedtoolcache/Python/3.11.16/x64/lib/python3.11/site-packages
2026-09-25 05:13:56.552535 TC17 Remove Products From Cart                                        | FAIL |
2026-09-25 05:13:56.589442 Setup failed:
2026-09-25 05:13:56.589455 No keyword with name 'Open Browser' found.
2026-09-25 05:13:56.589463 
2026-09-25 05:13:56.589471 Also teardown failed:
2026-09-25 05:13:56.589478 Several failures occurred:
2026-09-25 05:13:56.589485 
2026-09-25 05:13:56.589492 1) No keyword with name 'Register Keyword To Run On Failure' found.
2026-09-25 05:13:56.589500 
2026-09-25 05:13:56.589506 2) No keyword with name 'Close Browser' found. Did you mean:
2026-09-25 05:13:56.589513     common.Close Test Browser
2026-09-25 05:13:56.589520 ------------------------------------------------------------------------------
2026-09-25 05:13:56.589527 Suites.Cart.TC17 remove products from cart :: TC17 - Remove Produc... | FAIL |
2026-09-25 05:13:56.590057 1 test, 0 passed, 1 failed
2026-09-25 05:13:56.590069 ==============================================================================
2026-09-25 05:13:56.590077 Suites.Cart                                                           | FAIL |
2026-09-25 05:13:56.590416 1 test, 0 passed, 1 failed
2026-09-25 05:13:56.590428 ==============================================================================
2026-09-25 05:13:56.590436 Suites                                                                | FAIL |
2026-09-25 05:13:56.590672 1 test, 0 passed, 1 failed
2026-09-25 05:13:56.590727 ==============================================================================
2026-09-25 05:13:56.590736 Output:  /home/runner/work/engg-robot-testing-framework/engg-robot-testing-framework/reports/pabot_results/7/output.xml
