2026-08-29 07:16:49.828764 ==============================================================================
2026-08-29 07:16:49.830006 Suites
2026-08-29 07:16:49.830020 ==============================================================================
2026-08-29 07:16:49.830029 Suites.Cart
2026-08-29 07:16:49.830754 ==============================================================================
2026-08-29 07:16:49.830771 Suites.Cart.TC13 verify product quantity :: TC13 - Verify Product Quantity ...
2026-08-29 07:16:49.830771 [ ERROR ] Error in file '/home/runner/work/engg-robot-testing-framework/engg-robot-testing-framework/resources/common.resource' on line 4: Importing library 'playwright_keyword_library.PlaywrightKeywordLibrary' failed: ModuleNotFoundError: No module named 'playwright_keyword_library'
2026-08-29 07:16:49.856048 ==============================================================================
2026-08-29 07:16:49.856048 Traceback (most recent call last):
2026-08-29 07:16:49.856065   None
2026-08-29 07:16:49.906176 PYTHONPATH:
2026-08-29 07:16:49.956339   /opt/hostedtoolcache/Python/3.11.16/x64/bin
2026-08-29 07:16:50.006506   /opt/hostedtoolcache/Python/3.11.16/x64/lib/python311.zip
2026-08-29 07:16:50.056662   /opt/hostedtoolcache/Python/3.11.16/x64/lib/python3.11
2026-08-29 07:16:50.106814   /opt/hostedtoolcache/Python/3.11.16/x64/lib/python3.11/lib-dynload
2026-08-29 07:16:50.156950   /opt/hostedtoolcache/Python/3.11.16/x64/lib/python3.11/site-packages
2026-08-29 07:16:50.207083 [ ERROR ] Error in file '/home/runner/work/engg-robot-testing-framework/engg-robot-testing-framework/resources/product_keywords.resource' on line 2: Importing library 'playwright_keyword_library.PlaywrightKeywordLibrary' failed: ModuleNotFoundError: No module named 'playwright_keyword_library'
2026-08-29 07:16:50.257210 Traceback (most recent call last):
2026-08-29 07:16:50.307299   None
2026-08-29 07:16:50.357384 PYTHONPATH:
2026-08-29 07:16:50.407469   /opt/hostedtoolcache/Python/3.11.16/x64/bin
2026-08-29 07:16:50.457549   /opt/hostedtoolcache/Python/3.11.16/x64/lib/python311.zip
2026-08-29 07:16:50.507633   /opt/hostedtoolcache/Python/3.11.16/x64/lib/python3.11
2026-08-29 07:16:50.557714   /opt/hostedtoolcache/Python/3.11.16/x64/lib/python3.11/lib-dynload
2026-08-29 07:16:50.607798   /opt/hostedtoolcache/Python/3.11.16/x64/lib/python3.11/site-packages
2026-08-29 07:16:50.657880 [ ERROR ] Error in file '/home/runner/work/engg-robot-testing-framework/engg-robot-testing-framework/resources/cart_keywords.resource' on line 2: Importing library 'playwright_keyword_library.PlaywrightKeywordLibrary' failed: ModuleNotFoundError: No module named 'playwright_keyword_library'
2026-08-29 07:16:50.707966 Traceback (most recent call last):
2026-08-29 07:16:50.758050   None
2026-08-29 07:16:50.808140 PYTHONPATH:
2026-08-29 07:16:50.858223   /opt/hostedtoolcache/Python/3.11.16/x64/bin
2026-08-29 07:16:50.908356   /opt/hostedtoolcache/Python/3.11.16/x64/lib/python311.zip
2026-08-29 07:16:50.958500   /opt/hostedtoolcache/Python/3.11.16/x64/lib/python3.11
2026-08-29 07:16:51.008676   /opt/hostedtoolcache/Python/3.11.16/x64/lib/python3.11/lib-dynload
2026-08-29 07:16:51.058820   /opt/hostedtoolcache/Python/3.11.16/x64/lib/python3.11/site-packages
2026-08-29 07:16:59.832184 TC13 Verify Product Quantity In Cart                                  | FAIL |
2026-08-29 07:16:59.866453 Setup failed:
2026-08-29 07:16:59.866472 No keyword with name 'Open Browser' found.
2026-08-29 07:16:59.866483 
2026-08-29 07:16:59.866497 Also teardown failed:
2026-08-29 07:16:59.866506 Several failures occurred:
2026-08-29 07:16:59.866555 
2026-08-29 07:16:59.866582 1) No keyword with name 'Register Keyword To Run On Failure' found.
2026-08-29 07:16:59.866600 
2026-08-29 07:16:59.866610 2) No keyword with name 'Close Browser' found. Did you mean:
2026-08-29 07:16:59.866625     common.Close Test Browser
2026-08-29 07:16:59.866640 ------------------------------------------------------------------------------
2026-08-29 07:16:59.866655 Suites.Cart.TC13 verify product quantity :: TC13 - Verify Product ... | FAIL |
2026-08-29 07:16:59.867147 1 test, 0 passed, 1 failed
2026-08-29 07:16:59.867205 ==============================================================================
2026-08-29 07:16:59.867215 Suites.Cart                                                           | FAIL |
2026-08-29 07:16:59.867506 1 test, 0 passed, 1 failed
2026-08-29 07:16:59.867555 ==============================================================================
2026-08-29 07:16:59.867564 Suites                                                                | FAIL |
2026-08-29 07:16:59.867834 1 test, 0 passed, 1 failed
2026-08-29 07:16:59.867878 ==============================================================================
2026-08-29 07:16:59.867888 Output:  /home/runner/work/engg-robot-testing-framework/engg-robot-testing-framework/reports/pabot_results/6/output.xml
