2026-10-08 06:29:10.808447 ==============================================================================
2026-10-08 06:29:10.835936 Suites
2026-10-08 06:29:10.835951 ==============================================================================
2026-10-08 06:29:10.835961 Suites.Cart
2026-10-08 06:29:10.836535 ==============================================================================
2026-10-08 06:29:10.836547 Suites.Cart.TC17 remove products from cart :: TC17 - Remove Products From Cart
2026-10-08 06:29:10.836547 [ ERROR ] Error in file '/home/runner/work/engg-robot-testing-framework/engg-robot-testing-framework/resources/common.resource' on line 4: Importing library 'playwright_keyword_library.PlaywrightKeywordLibrary' failed: ModuleNotFoundError: No module named 'playwright_keyword_library'
2026-10-08 06:29:10.857318 ==============================================================================
2026-10-08 06:29:10.857318 Traceback (most recent call last):
2026-10-08 06:29:10.857335   None
2026-10-08 06:29:10.907450 PYTHONPATH:
2026-10-08 06:29:10.957572   /opt/hostedtoolcache/Python/3.11.16/x64/bin
2026-10-08 06:29:11.007691   /opt/hostedtoolcache/Python/3.11.16/x64/lib/python311.zip
2026-10-08 06:29:11.057813   /opt/hostedtoolcache/Python/3.11.16/x64/lib/python3.11
2026-10-08 06:29:11.107932   /opt/hostedtoolcache/Python/3.11.16/x64/lib/python3.11/lib-dynload
2026-10-08 06:29:11.158053   /opt/hostedtoolcache/Python/3.11.16/x64/lib/python3.11/site-packages
2026-10-08 06:29:11.208150 [ ERROR ] Error in file '/home/runner/work/engg-robot-testing-framework/engg-robot-testing-framework/resources/product_keywords.resource' on line 2: Importing library 'playwright_keyword_library.PlaywrightKeywordLibrary' failed: ModuleNotFoundError: No module named 'playwright_keyword_library'
2026-10-08 06:29:11.258275 Traceback (most recent call last):
2026-10-08 06:29:11.308396   None
2026-10-08 06:29:11.358516 PYTHONPATH:
2026-10-08 06:29:11.408678   /opt/hostedtoolcache/Python/3.11.16/x64/bin
2026-10-08 06:29:11.458798   /opt/hostedtoolcache/Python/3.11.16/x64/lib/python311.zip
2026-10-08 06:29:11.508901   /opt/hostedtoolcache/Python/3.11.16/x64/lib/python3.11
2026-10-08 06:29:11.559018   /opt/hostedtoolcache/Python/3.11.16/x64/lib/python3.11/lib-dynload
2026-10-08 06:29:11.609117   /opt/hostedtoolcache/Python/3.11.16/x64/lib/python3.11/site-packages
2026-10-08 06:29:11.659236 [ ERROR ] Error in file '/home/runner/work/engg-robot-testing-framework/engg-robot-testing-framework/resources/cart_keywords.resource' on line 2: Importing library 'playwright_keyword_library.PlaywrightKeywordLibrary' failed: ModuleNotFoundError: No module named 'playwright_keyword_library'
2026-10-08 06:29:11.709337 Traceback (most recent call last):
2026-10-08 06:29:11.759454   None
2026-10-08 06:29:11.809541 PYTHONPATH:
2026-10-08 06:29:11.859656   /opt/hostedtoolcache/Python/3.11.16/x64/bin
2026-10-08 06:29:11.909736   /opt/hostedtoolcache/Python/3.11.16/x64/lib/python311.zip
2026-10-08 06:29:11.959852   /opt/hostedtoolcache/Python/3.11.16/x64/lib/python3.11
2026-10-08 06:29:12.009931   /opt/hostedtoolcache/Python/3.11.16/x64/lib/python3.11/lib-dynload
2026-10-08 06:29:12.060050   /opt/hostedtoolcache/Python/3.11.16/x64/lib/python3.11/site-packages
2026-10-08 06:29:20.828356 TC17 Remove Products From Cart                                        | FAIL |
2026-10-08 06:29:20.866200 Setup failed:
2026-10-08 06:29:20.866214 No keyword with name 'Open Browser' found.
2026-10-08 06:29:20.866224 
2026-10-08 06:29:20.866232 Also teardown failed:
2026-10-08 06:29:20.866241 Several failures occurred:
2026-10-08 06:29:20.866249 
2026-10-08 06:29:20.866257 1) No keyword with name 'Register Keyword To Run On Failure' found.
2026-10-08 06:29:20.866266 
2026-10-08 06:29:20.866275 2) No keyword with name 'Close Browser' found. Did you mean:
2026-10-08 06:29:20.866283     common.Close Test Browser
2026-10-08 06:29:20.866291 ------------------------------------------------------------------------------
2026-10-08 06:29:20.866300 Suites.Cart.TC17 remove products from cart :: TC17 - Remove Produc... | FAIL |
2026-10-08 06:29:20.866772 1 test, 0 passed, 1 failed
2026-10-08 06:29:20.866802 ==============================================================================
2026-10-08 06:29:20.866812 Suites.Cart                                                           | FAIL |
2026-10-08 06:29:20.867114 1 test, 0 passed, 1 failed
2026-10-08 06:29:20.867161 ==============================================================================
2026-10-08 06:29:20.867199 Suites                                                                | FAIL |
2026-10-08 06:29:20.867397 1 test, 0 passed, 1 failed
2026-10-08 06:29:20.867448 ==============================================================================
2026-10-08 06:29:20.867480 Output:  /home/runner/work/engg-robot-testing-framework/engg-robot-testing-framework/reports/pabot_results/7/output.xml
