2026-05-17 04:39:10.318006 ==============================================================================
2026-05-17 04:39:10.332404 Suites
2026-05-17 04:39:10.332424 ==============================================================================
2026-05-17 04:39:10.332437 Suites.Auth
2026-05-17 04:39:10.333279 ==============================================================================
2026-05-17 04:39:10.483696 Suites.Auth.TC02 login valid
2026-05-17 04:39:10.507688 ==============================================================================
2026-05-17 04:39:30.518905 TC02 Login User With Correct Email And Password                       | FAIL |
2026-05-17 04:39:30.558614 Setup failed:
2026-05-17 04:39:30.558626 Title should have been 'Automation Exercise' but was 'One moment, please...'.
2026-05-17 04:39:30.558637 ------------------------------------------------------------------------------
2026-05-17 04:39:30.558647 Suites.Auth.TC02 login valid                                          | FAIL |
2026-05-17 04:39:30.559438 1 test, 0 passed, 1 failed
2026-05-17 04:39:30.559454 ==============================================================================
2026-05-17 04:39:30.559467 Suites.Auth                                                           | FAIL |
2026-05-17 04:39:30.559810 1 test, 0 passed, 1 failed
2026-05-17 04:39:30.559827 ==============================================================================
2026-05-17 04:39:30.559838 Suites                                                                | FAIL |
2026-05-17 04:39:30.560145 1 test, 0 passed, 1 failed
2026-05-17 04:39:30.560162 ==============================================================================
2026-05-17 04:39:30.560173 Output:  /home/runner/work/engg-robot-testing-framework/engg-robot-testing-framework/reports/pabot_results/1/output.xml
