2026-06-20 13:35:56.595041 ==============================================================================
2026-06-20 13:35:56.641120 Suites
2026-06-20 13:35:56.641137 ==============================================================================
2026-06-20 13:35:56.641150 Suites.Auth
2026-06-20 13:35:56.641932 ==============================================================================
2026-06-20 13:35:56.641947 Suites.Auth.TC04 logout user
2026-06-20 13:35:56.641947 [ ERROR ] Error in file '/home/runner/work/engg-robot-testing-framework/engg-robot-testing-framework/tests/auth/TC04_logout_user.robot' on line 2: Importing library 'playwright_keyword_library.PlaywrightKeywordLibrary' failed: ModuleNotFoundError: No module named 'playwright_keyword_library'
2026-06-20 13:35:56.657367 ==============================================================================
2026-06-20 13:35:56.657367 Traceback (most recent call last):
2026-06-20 13:35:56.657387   None
2026-06-20 13:35:56.707515 PYTHONPATH:
2026-06-20 13:35:56.757659   /opt/hostedtoolcache/Python/3.11.15/x64/bin
2026-06-20 13:35:56.807767   /opt/hostedtoolcache/Python/3.11.15/x64/lib/python311.zip
2026-06-20 13:35:56.857893   /opt/hostedtoolcache/Python/3.11.15/x64/lib/python3.11
2026-06-20 13:35:56.908003   /opt/hostedtoolcache/Python/3.11.15/x64/lib/python3.11/lib-dynload
2026-06-20 13:35:56.958147   /opt/hostedtoolcache/Python/3.11.15/x64/lib/python3.11/site-packages
2026-06-20 13:35:57.008259 [ ERROR ] Error in file '/home/runner/work/engg-robot-testing-framework/engg-robot-testing-framework/resources/auth_keywords.resource' on line 2: Importing library 'playwright_keyword_library.PlaywrightKeywordLibrary' failed: ModuleNotFoundError: No module named 'playwright_keyword_library'
2026-06-20 13:35:57.058406 Traceback (most recent call last):
2026-06-20 13:35:57.108539   None
2026-06-20 13:35:57.158674 PYTHONPATH:
2026-06-20 13:35:57.208790   /opt/hostedtoolcache/Python/3.11.15/x64/bin
2026-06-20 13:35:57.258896   /opt/hostedtoolcache/Python/3.11.15/x64/lib/python311.zip
2026-06-20 13:35:57.309028   /opt/hostedtoolcache/Python/3.11.15/x64/lib/python3.11
2026-06-20 13:35:57.359143   /opt/hostedtoolcache/Python/3.11.15/x64/lib/python3.11/lib-dynload
2026-06-20 13:35:57.409261   /opt/hostedtoolcache/Python/3.11.15/x64/lib/python3.11/site-packages
2026-06-20 13:35:57.459375 [ ERROR ] Error in file '/home/runner/work/engg-robot-testing-framework/engg-robot-testing-framework/resources/common.resource' on line 4: Importing library 'playwright_keyword_library.PlaywrightKeywordLibrary' failed: ModuleNotFoundError: No module named 'playwright_keyword_library'
2026-06-20 13:35:57.509512 Traceback (most recent call last):
2026-06-20 13:35:57.559647   None
2026-06-20 13:35:57.609764 PYTHONPATH:
2026-06-20 13:35:57.659889   /opt/hostedtoolcache/Python/3.11.15/x64/bin
2026-06-20 13:35:57.710003   /opt/hostedtoolcache/Python/3.11.15/x64/lib/python311.zip
2026-06-20 13:35:57.760115   /opt/hostedtoolcache/Python/3.11.15/x64/lib/python3.11
2026-06-20 13:35:57.810230   /opt/hostedtoolcache/Python/3.11.15/x64/lib/python3.11/lib-dynload
2026-06-20 13:35:57.860353   /opt/hostedtoolcache/Python/3.11.15/x64/lib/python3.11/site-packages
2026-06-20 13:36:06.629807 TC04 Logout User                                                      | FAIL |
2026-06-20 13:36:06.667190 Setup failed:
2026-06-20 13:36:06.667199 No keyword with name 'Open Browser' found.
2026-06-20 13:36:06.667206 
2026-06-20 13:36:06.667212 Also teardown failed:
2026-06-20 13:36:06.667219 Several failures occurred:
2026-06-20 13:36:06.667225 
2026-06-20 13:36:06.667232 1) No keyword with name 'Register Keyword To Run On Failure' found.
2026-06-20 13:36:06.667238 
2026-06-20 13:36:06.667245 2) No keyword with name 'Close Browser' found. Did you mean:
2026-06-20 13:36:06.667251     common.Close Test Browser
2026-06-20 13:36:06.667258 ------------------------------------------------------------------------------
2026-06-20 13:36:06.667264 Suites.Auth.TC04 logout user                                          | FAIL |
2026-06-20 13:36:06.668194 1 test, 0 passed, 1 failed
2026-06-20 13:36:06.668244 ==============================================================================
2026-06-20 13:36:06.668252 Suites.Auth                                                           | FAIL |
2026-06-20 13:36:06.668872 1 test, 0 passed, 1 failed
2026-06-20 13:36:06.668935 ==============================================================================
2026-06-20 13:36:06.668942 Suites                                                                | FAIL |
2026-06-20 13:36:06.669428 1 test, 0 passed, 1 failed
2026-06-20 13:36:06.669468 ==============================================================================
2026-06-20 13:36:06.669475 Output:  /home/runner/work/engg-robot-testing-framework/engg-robot-testing-framework/reports/pabot_results/3/output.xml
