2026-06-12 05:14:04.967816 ==============================================================================
2026-06-12 05:14:04.983239 Suites
2026-06-12 05:14:04.984488 ==============================================================================
2026-06-12 05:14:04.984504 Suites.Auth
2026-06-12 05:14:04.984513 ==============================================================================
2026-06-12 05:14:05.084714 Suites.Auth.TC04 logout user
2026-06-12 05:14:05.093162 ==============================================================================
2026-06-12 05:14:15.822526 TC04 Logout User                                                      | FAIL |
2026-06-12 05:14:15.852673 Setup failed:
2026-06-12 05:14:15.852695 Title should have been 'Automation Exercise' but was 'One moment, please...'.
2026-06-12 05:14:15.852708 ------------------------------------------------------------------------------
2026-06-12 05:14:15.852719 Suites.Auth.TC04 logout user                                          | FAIL |
2026-06-12 05:14:15.853553 1 test, 0 passed, 1 failed
2026-06-12 05:14:15.853570 ==============================================================================
2026-06-12 05:14:15.853606 Suites.Auth                                                           | FAIL |
2026-06-12 05:14:15.854225 1 test, 0 passed, 1 failed
2026-06-12 05:14:15.854267 ==============================================================================
2026-06-12 05:14:15.854301 Suites                                                                | FAIL |
2026-06-12 05:14:15.854964 1 test, 0 passed, 1 failed
2026-06-12 05:14:15.855466 ==============================================================================
2026-06-12 05:14:15.855482 Output:  /home/runner/work/engg-robot-testing-framework/engg-robot-testing-framework/reports/pabot_results/3/output.xml
