2026-09-01 05:29:05.890085 ==============================================================================
2026-09-01 05:29:05.890085 [ ERROR ] Error in file '/home/runner/work/engg-robot-testing-framework/engg-robot-testing-framework/resources/common.resource' on line 4: Importing library 'playwright_keyword_library.PlaywrightKeywordLibrary' failed: ModuleNotFoundError: No module named 'playwright_keyword_library'
2026-09-01 05:29:06.038807 Suites
2026-09-01 05:29:06.038807 Traceback (most recent call last):
2026-09-01 05:29:06.038820 ==============================================================================
2026-09-01 05:29:06.038820   None
2026-09-01 05:29:06.038825 Suites.Cart
2026-09-01 05:29:06.038825 PYTHONPATH:
2026-09-01 05:29:06.038830 ==============================================================================
2026-09-01 05:29:06.038830   /opt/hostedtoolcache/Python/3.11.16/x64/bin
2026-09-01 05:29:06.038836 Suites.Cart.TC13 verify product quantity :: TC13 - Verify Product Quantity ...
2026-09-01 05:29:06.038836   /opt/hostedtoolcache/Python/3.11.16/x64/lib/python311.zip
2026-09-01 05:29:06.038841 ==============================================================================
2026-09-01 05:29:06.038841   /opt/hostedtoolcache/Python/3.11.16/x64/lib/python3.11
2026-09-01 05:29:06.038846   /opt/hostedtoolcache/Python/3.11.16/x64/lib/python3.11/lib-dynload
2026-09-01 05:29:06.089006   /opt/hostedtoolcache/Python/3.11.16/x64/lib/python3.11/site-packages
2026-09-01 05:29:06.139143 [ ERROR ] Error in file '/home/runner/work/engg-robot-testing-framework/engg-robot-testing-framework/resources/product_keywords.resource' on line 2: Importing library 'playwright_keyword_library.PlaywrightKeywordLibrary' failed: ModuleNotFoundError: No module named 'playwright_keyword_library'
2026-09-01 05:29:06.189262 Traceback (most recent call last):
2026-09-01 05:29:06.239378   None
2026-09-01 05:29:06.289498 PYTHONPATH:
2026-09-01 05:29:06.339624   /opt/hostedtoolcache/Python/3.11.16/x64/bin
2026-09-01 05:29:06.389754   /opt/hostedtoolcache/Python/3.11.16/x64/lib/python311.zip
2026-09-01 05:29:06.439892   /opt/hostedtoolcache/Python/3.11.16/x64/lib/python3.11
2026-09-01 05:29:06.490039   /opt/hostedtoolcache/Python/3.11.16/x64/lib/python3.11/lib-dynload
2026-09-01 05:29:06.540187   /opt/hostedtoolcache/Python/3.11.16/x64/lib/python3.11/site-packages
2026-09-01 05:29:06.590342 [ ERROR ] Error in file '/home/runner/work/engg-robot-testing-framework/engg-robot-testing-framework/resources/cart_keywords.resource' on line 2: Importing library 'playwright_keyword_library.PlaywrightKeywordLibrary' failed: ModuleNotFoundError: No module named 'playwright_keyword_library'
2026-09-01 05:29:06.640474 Traceback (most recent call last):
2026-09-01 05:29:06.690592   None
2026-09-01 05:29:06.740707 PYTHONPATH:
2026-09-01 05:29:06.790807   /opt/hostedtoolcache/Python/3.11.16/x64/bin
2026-09-01 05:29:06.840944   /opt/hostedtoolcache/Python/3.11.16/x64/lib/python311.zip
2026-09-01 05:29:06.891104   /opt/hostedtoolcache/Python/3.11.16/x64/lib/python3.11
2026-09-01 05:29:06.941231   /opt/hostedtoolcache/Python/3.11.16/x64/lib/python3.11/lib-dynload
2026-09-01 05:29:06.991323   /opt/hostedtoolcache/Python/3.11.16/x64/lib/python3.11/site-packages
2026-09-01 05:29:15.908777 TC13 Verify Product Quantity In Cart                                  | FAIL |
2026-09-01 05:29:15.925852 Setup failed:
2026-09-01 05:29:15.925861 No keyword with name 'Open Browser' found.
2026-09-01 05:29:15.925865 
2026-09-01 05:29:15.925868 Also teardown failed:
2026-09-01 05:29:15.925872 Several failures occurred:
2026-09-01 05:29:15.925876 
2026-09-01 05:29:15.925879 1) No keyword with name 'Register Keyword To Run On Failure' found.
2026-09-01 05:29:15.925884 
2026-09-01 05:29:15.925887 2) No keyword with name 'Close Browser' found. Did you mean:
2026-09-01 05:29:15.925890     common.Close Test Browser
2026-09-01 05:29:15.925893 ------------------------------------------------------------------------------
2026-09-01 05:29:15.925897 Suites.Cart.TC13 verify product quantity :: TC13 - Verify Product ... | FAIL |
2026-09-01 05:29:15.926328 1 test, 0 passed, 1 failed
2026-09-01 05:29:15.926334 ==============================================================================
2026-09-01 05:29:15.926337 Suites.Cart                                                           | FAIL |
2026-09-01 05:29:15.926560 1 test, 0 passed, 1 failed
2026-09-01 05:29:15.926604 ==============================================================================
2026-09-01 05:29:15.926608 Suites                                                                | FAIL |
2026-09-01 05:29:15.926803 1 test, 0 passed, 1 failed
2026-09-01 05:29:15.926806 ==============================================================================
2026-09-01 05:29:15.926810 Output:  /home/runner/work/engg-robot-testing-framework/engg-robot-testing-framework/reports/pabot_results/6/output.xml
