2026-09-22 05:15:45.466836 ==============================================================================
2026-09-22 05:15:45.495178 Suites
2026-09-22 05:15:45.495202 ==============================================================================
2026-09-22 05:15:45.495217 Suites.Auth
2026-09-22 05:15:45.496063 ==============================================================================
2026-09-22 05:15:45.496082 Suites.Auth.TC05 register existing email
2026-09-22 05:15:45.496082 [ ERROR ] Error in file '/home/runner/work/engg-robot-testing-framework/engg-robot-testing-framework/tests/auth/TC05_register_existing_email.robot' on line 2: Importing library 'playwright_keyword_library.PlaywrightKeywordLibrary' failed: ModuleNotFoundError: No module named 'playwright_keyword_library'
2026-09-22 05:15:45.515515 ==============================================================================
2026-09-22 05:15:45.515515 Traceback (most recent call last):
2026-09-22 05:15:45.515542   None
2026-09-22 05:15:45.565729 PYTHONPATH:
2026-09-22 05:15:45.615865   /opt/hostedtoolcache/Python/3.11.16/x64/bin
2026-09-22 05:15:45.666027   /opt/hostedtoolcache/Python/3.11.16/x64/lib/python311.zip
2026-09-22 05:15:45.716161   /opt/hostedtoolcache/Python/3.11.16/x64/lib/python3.11
2026-09-22 05:15:45.766330   /opt/hostedtoolcache/Python/3.11.16/x64/lib/python3.11/lib-dynload
2026-09-22 05:15:45.816470   /opt/hostedtoolcache/Python/3.11.16/x64/lib/python3.11/site-packages
2026-09-22 05:15:45.866677 [ ERROR ] Error in file '/home/runner/work/engg-robot-testing-framework/engg-robot-testing-framework/resources/auth_keywords.resource' on line 2: Importing library 'playwright_keyword_library.PlaywrightKeywordLibrary' failed: ModuleNotFoundError: No module named 'playwright_keyword_library'
2026-09-22 05:15:45.916833 Traceback (most recent call last):
2026-09-22 05:15:45.967002   None
2026-09-22 05:15:46.017170 PYTHONPATH:
2026-09-22 05:15:46.067338   /opt/hostedtoolcache/Python/3.11.16/x64/bin
2026-09-22 05:15:46.117504   /opt/hostedtoolcache/Python/3.11.16/x64/lib/python311.zip
2026-09-22 05:15:46.167690   /opt/hostedtoolcache/Python/3.11.16/x64/lib/python3.11
2026-09-22 05:15:46.217883   /opt/hostedtoolcache/Python/3.11.16/x64/lib/python3.11/lib-dynload
2026-09-22 05:15:46.268100   /opt/hostedtoolcache/Python/3.11.16/x64/lib/python3.11/site-packages
2026-09-22 05:15:46.318302 [ ERROR ] Error in file '/home/runner/work/engg-robot-testing-framework/engg-robot-testing-framework/resources/common.resource' on line 4: Importing library 'playwright_keyword_library.PlaywrightKeywordLibrary' failed: ModuleNotFoundError: No module named 'playwright_keyword_library'
2026-09-22 05:15:46.368477 Traceback (most recent call last):
2026-09-22 05:15:46.418642   None
2026-09-22 05:15:46.468816 PYTHONPATH:
2026-09-22 05:15:46.518984   /opt/hostedtoolcache/Python/3.11.16/x64/bin
2026-09-22 05:15:46.569162   /opt/hostedtoolcache/Python/3.11.16/x64/lib/python311.zip
2026-09-22 05:15:46.619301   /opt/hostedtoolcache/Python/3.11.16/x64/lib/python3.11
2026-09-22 05:15:46.669432   /opt/hostedtoolcache/Python/3.11.16/x64/lib/python3.11/lib-dynload
2026-09-22 05:15:46.719535   /opt/hostedtoolcache/Python/3.11.16/x64/lib/python3.11/site-packages
2026-09-22 05:15:55.494021 TC05 Register User With Existing Email                                | FAIL |
2026-09-22 05:15:55.525720 Setup failed:
2026-09-22 05:15:55.525739 No keyword with name 'Open Browser' found.
2026-09-22 05:15:55.525754 
2026-09-22 05:15:55.525767 Also teardown failed:
2026-09-22 05:15:55.525780 Several failures occurred:
2026-09-22 05:15:55.525792 
2026-09-22 05:15:55.525804 1) No keyword with name 'Register Keyword To Run On Failure' found.
2026-09-22 05:15:55.525817 
2026-09-22 05:15:55.525828 2) No keyword with name 'Close Browser' found. Did you mean:
2026-09-22 05:15:55.525840     common.Close Test Browser
2026-09-22 05:15:55.525851 ------------------------------------------------------------------------------
2026-09-22 05:15:55.525863 Suites.Auth.TC05 register existing email                              | FAIL |
2026-09-22 05:15:55.526372 1 test, 0 passed, 1 failed
2026-09-22 05:15:55.526390 ==============================================================================
2026-09-22 05:15:55.526404 Suites.Auth                                                           | FAIL |
2026-09-22 05:15:55.526777 1 test, 0 passed, 1 failed
2026-09-22 05:15:55.526794 ==============================================================================
2026-09-22 05:15:55.526808 Suites                                                                | FAIL |
2026-09-22 05:15:55.527139 1 test, 0 passed, 1 failed
2026-09-22 05:15:55.527156 ==============================================================================
2026-09-22 05:15:55.527170 Output:  /home/runner/work/engg-robot-testing-framework/engg-robot-testing-framework/reports/pabot_results/4/output.xml
