2026-07-01 05:05:39.005061 ==============================================================================
2026-07-01 05:05:39.018290 Suites
2026-07-01 05:05:39.018309 ==============================================================================
2026-07-01 05:05:39.018322 Suites.Auth
2026-07-01 05:05:39.018987 ==============================================================================
2026-07-01 05:05:39.019002 Suites.Auth.TC05 register existing email
2026-07-01 05:05:39.019002 [ ERROR ] Error in file '/home/runner/work/engg-robot-testing-framework/engg-robot-testing-framework/tests/auth/TC05_register_existing_email.robot' on line 2: Importing library 'playwright_keyword_library.PlaywrightKeywordLibrary' failed: ModuleNotFoundError: No module named 'playwright_keyword_library'
2026-07-01 05:05:39.035635 ==============================================================================
2026-07-01 05:05:39.035635 Traceback (most recent call last):
2026-07-01 05:05:39.035662   None
2026-07-01 05:05:39.085849 PYTHONPATH:
2026-07-01 05:05:39.136004   /opt/hostedtoolcache/Python/3.11.15/x64/bin
2026-07-01 05:05:39.186168   /opt/hostedtoolcache/Python/3.11.15/x64/lib/python311.zip
2026-07-01 05:05:39.236348   /opt/hostedtoolcache/Python/3.11.15/x64/lib/python3.11
2026-07-01 05:05:39.286500   /opt/hostedtoolcache/Python/3.11.15/x64/lib/python3.11/lib-dynload
2026-07-01 05:05:39.336686   /opt/hostedtoolcache/Python/3.11.15/x64/lib/python3.11/site-packages
2026-07-01 05:05:39.386857 [ ERROR ] Error in file '/home/runner/work/engg-robot-testing-framework/engg-robot-testing-framework/resources/auth_keywords.resource' on line 2: Importing library 'playwright_keyword_library.PlaywrightKeywordLibrary' failed: ModuleNotFoundError: No module named 'playwright_keyword_library'
2026-07-01 05:05:39.437062 Traceback (most recent call last):
2026-07-01 05:05:39.487202   None
2026-07-01 05:05:39.537424 PYTHONPATH:
2026-07-01 05:05:39.587617   /opt/hostedtoolcache/Python/3.11.15/x64/bin
2026-07-01 05:05:39.637789   /opt/hostedtoolcache/Python/3.11.15/x64/lib/python311.zip
2026-07-01 05:05:39.687929   /opt/hostedtoolcache/Python/3.11.15/x64/lib/python3.11
2026-07-01 05:05:39.738086   /opt/hostedtoolcache/Python/3.11.15/x64/lib/python3.11/lib-dynload
2026-07-01 05:05:39.788268   /opt/hostedtoolcache/Python/3.11.15/x64/lib/python3.11/site-packages
2026-07-01 05:05:39.838446 [ ERROR ] Error in file '/home/runner/work/engg-robot-testing-framework/engg-robot-testing-framework/resources/common.resource' on line 4: Importing library 'playwright_keyword_library.PlaywrightKeywordLibrary' failed: ModuleNotFoundError: No module named 'playwright_keyword_library'
2026-07-01 05:05:39.888618 Traceback (most recent call last):
2026-07-01 05:05:39.938817   None
2026-07-01 05:05:39.988985 PYTHONPATH:
2026-07-01 05:05:40.039185   /opt/hostedtoolcache/Python/3.11.15/x64/bin
2026-07-01 05:05:40.089336   /opt/hostedtoolcache/Python/3.11.15/x64/lib/python311.zip
2026-07-01 05:05:40.139519   /opt/hostedtoolcache/Python/3.11.15/x64/lib/python3.11
2026-07-01 05:05:40.189686   /opt/hostedtoolcache/Python/3.11.15/x64/lib/python3.11/lib-dynload
2026-07-01 05:05:40.239914   /opt/hostedtoolcache/Python/3.11.15/x64/lib/python3.11/site-packages
2026-07-01 05:05:49.015184 TC05 Register User With Existing Email                                | FAIL |
2026-07-01 05:05:49.045077 Setup failed:
2026-07-01 05:05:49.045095 No keyword with name 'Open Browser' found.
2026-07-01 05:05:49.045108 
2026-07-01 05:05:49.045119 Also teardown failed:
2026-07-01 05:05:49.045129 Several failures occurred:
2026-07-01 05:05:49.045139 
2026-07-01 05:05:49.045149 1) No keyword with name 'Register Keyword To Run On Failure' found.
2026-07-01 05:05:49.045160 
2026-07-01 05:05:49.045169 2) No keyword with name 'Close Browser' found. Did you mean:
2026-07-01 05:05:49.045180     common.Close Test Browser
2026-07-01 05:05:49.045190 ------------------------------------------------------------------------------
2026-07-01 05:05:49.045200 Suites.Auth.TC05 register existing email                              | FAIL |
2026-07-01 05:05:49.045644 1 test, 0 passed, 1 failed
2026-07-01 05:05:49.045701 ==============================================================================
2026-07-01 05:05:49.045713 Suites.Auth                                                           | FAIL |
2026-07-01 05:05:49.046054 1 test, 0 passed, 1 failed
2026-07-01 05:05:49.046075 ==============================================================================
2026-07-01 05:05:49.046118 Suites                                                                | FAIL |
2026-07-01 05:05:49.046382 1 test, 0 passed, 1 failed
2026-07-01 05:05:49.046401 ==============================================================================
2026-07-01 05:05:49.046452 Output:  /home/runner/work/engg-robot-testing-framework/engg-robot-testing-framework/reports/pabot_results/4/output.xml
