2026-07-23 03:54:14.626214 ==============================================================================
2026-07-23 03:54:14.653584 Suites
2026-07-23 03:54:14.653605 ==============================================================================
2026-07-23 03:54:14.653618 Suites.Auth
2026-07-23 03:54:14.654187 ==============================================================================
2026-07-23 03:54:14.654199 Suites.Auth.TC01 register user
2026-07-23 03:54:14.654199 [ ERROR ] Error in file '/home/runner/work/engg-robot-testing-framework/engg-robot-testing-framework/tests/auth/TC01_register_user.robot' on line 2: Importing library 'playwright_keyword_library.PlaywrightKeywordLibrary' failed: ModuleNotFoundError: No module named 'playwright_keyword_library'
2026-07-23 03:54:14.667728 ==============================================================================
2026-07-23 03:54:14.667728 Traceback (most recent call last):
2026-07-23 03:54:14.667742   None
2026-07-23 03:54:14.717857 PYTHONPATH:
2026-07-23 03:54:14.768007   /opt/hostedtoolcache/Python/3.11.15/x64/bin
2026-07-23 03:54:14.818195   /opt/hostedtoolcache/Python/3.11.15/x64/lib/python311.zip
2026-07-23 03:54:14.868327   /opt/hostedtoolcache/Python/3.11.15/x64/lib/python3.11
2026-07-23 03:54:14.918443   /opt/hostedtoolcache/Python/3.11.15/x64/lib/python3.11/lib-dynload
2026-07-23 03:54:14.968583   /opt/hostedtoolcache/Python/3.11.15/x64/lib/python3.11/site-packages
2026-07-23 03:54:15.018729 [ ERROR ] Error in file '/home/runner/work/engg-robot-testing-framework/engg-robot-testing-framework/resources/auth_keywords.resource' on line 2: Importing library 'playwright_keyword_library.PlaywrightKeywordLibrary' failed: ModuleNotFoundError: No module named 'playwright_keyword_library'
2026-07-23 03:54:15.068852 Traceback (most recent call last):
2026-07-23 03:54:15.118979   None
2026-07-23 03:54:15.169126 PYTHONPATH:
2026-07-23 03:54:15.219267   /opt/hostedtoolcache/Python/3.11.15/x64/bin
2026-07-23 03:54:15.269407   /opt/hostedtoolcache/Python/3.11.15/x64/lib/python311.zip
2026-07-23 03:54:15.319528   /opt/hostedtoolcache/Python/3.11.15/x64/lib/python3.11
2026-07-23 03:54:15.369729   /opt/hostedtoolcache/Python/3.11.15/x64/lib/python3.11/lib-dynload
2026-07-23 03:54:15.419842   /opt/hostedtoolcache/Python/3.11.15/x64/lib/python3.11/site-packages
2026-07-23 03:54:15.469977 [ ERROR ] Error in file '/home/runner/work/engg-robot-testing-framework/engg-robot-testing-framework/resources/common.resource' on line 4: Importing library 'playwright_keyword_library.PlaywrightKeywordLibrary' failed: ModuleNotFoundError: No module named 'playwright_keyword_library'
2026-07-23 03:54:15.520115 Traceback (most recent call last):
2026-07-23 03:54:15.570255   None
2026-07-23 03:54:15.620390 PYTHONPATH:
2026-07-23 03:54:15.670513   /opt/hostedtoolcache/Python/3.11.15/x64/bin
2026-07-23 03:54:15.720632   /opt/hostedtoolcache/Python/3.11.15/x64/lib/python311.zip
2026-07-23 03:54:15.770767   /opt/hostedtoolcache/Python/3.11.15/x64/lib/python3.11
2026-07-23 03:54:15.820888   /opt/hostedtoolcache/Python/3.11.15/x64/lib/python3.11/lib-dynload
2026-07-23 03:54:15.871027   /opt/hostedtoolcache/Python/3.11.15/x64/lib/python3.11/site-packages
2026-07-23 03:54:24.638878 TC01 Register User                                                    | FAIL |
2026-07-23 03:54:24.675293 Setup failed:
2026-07-23 03:54:24.675304 No keyword with name 'Open Browser' found.
2026-07-23 03:54:24.675312 
2026-07-23 03:54:24.675319 Also teardown failed:
2026-07-23 03:54:24.675326 Several failures occurred:
2026-07-23 03:54:24.675334 
2026-07-23 03:54:24.675341 1) No keyword with name 'Register Keyword To Run On Failure' found.
2026-07-23 03:54:24.675348 
2026-07-23 03:54:24.675354 2) No keyword with name 'Close Browser' found. Did you mean:
2026-07-23 03:54:24.675361     common.Close Test Browser
2026-07-23 03:54:24.675367 ------------------------------------------------------------------------------
2026-07-23 03:54:24.675374 Suites.Auth.TC01 register user                                        | FAIL |
2026-07-23 03:54:24.675803 1 test, 0 passed, 1 failed
2026-07-23 03:54:24.675861 ==============================================================================
2026-07-23 03:54:24.675870 Suites.Auth                                                           | FAIL |
2026-07-23 03:54:24.676150 1 test, 0 passed, 1 failed
2026-07-23 03:54:24.676200 ==============================================================================
2026-07-23 03:54:24.676208 Suites                                                                | FAIL |
2026-07-23 03:54:24.676419 1 test, 0 passed, 1 failed
2026-07-23 03:54:24.676451 ==============================================================================
2026-07-23 03:54:24.676460 Output:  /home/runner/work/engg-robot-testing-framework/engg-robot-testing-framework/reports/pabot_results/0/output.xml
