2026-08-11 02:35:19.379262 ==============================================================================
2026-08-11 02:35:19.399406 Suites
2026-08-11 02:35:19.399422 ==============================================================================
2026-08-11 02:35:19.399434 Suites.Cart
2026-08-11 02:35:19.400254 ==============================================================================
2026-08-11 02:35:19.400270 Suites.Cart.TC12 add products to cart :: TC12 - Add Products In Cart
2026-08-11 02:35:19.400270 [ ERROR ] Error in file '/home/runner/work/engg-robot-testing-framework/engg-robot-testing-framework/resources/common.resource' on line 4: Importing library 'playwright_keyword_library.PlaywrightKeywordLibrary' failed: ModuleNotFoundError: No module named 'playwright_keyword_library'
2026-08-11 02:35:19.427369 ==============================================================================
2026-08-11 02:35:19.427369 Traceback (most recent call last):
2026-08-11 02:35:19.427392   None
2026-08-11 02:35:19.477487 PYTHONPATH:
2026-08-11 02:35:19.527639   /opt/hostedtoolcache/Python/3.11.15/x64/bin
2026-08-11 02:35:19.577784   /opt/hostedtoolcache/Python/3.11.15/x64/lib/python311.zip
2026-08-11 02:35:19.627924   /opt/hostedtoolcache/Python/3.11.15/x64/lib/python3.11
2026-08-11 02:35:19.678077   /opt/hostedtoolcache/Python/3.11.15/x64/lib/python3.11/lib-dynload
2026-08-11 02:35:19.728222   /opt/hostedtoolcache/Python/3.11.15/x64/lib/python3.11/site-packages
2026-08-11 02:35:19.778371 [ ERROR ] Error in file '/home/runner/work/engg-robot-testing-framework/engg-robot-testing-framework/resources/product_keywords.resource' on line 2: Importing library 'playwright_keyword_library.PlaywrightKeywordLibrary' failed: ModuleNotFoundError: No module named 'playwright_keyword_library'
2026-08-11 02:35:19.828535 Traceback (most recent call last):
2026-08-11 02:35:19.878676   None
2026-08-11 02:35:19.928822 PYTHONPATH:
2026-08-11 02:35:19.978966   /opt/hostedtoolcache/Python/3.11.15/x64/bin
2026-08-11 02:35:20.029111   /opt/hostedtoolcache/Python/3.11.15/x64/lib/python311.zip
2026-08-11 02:35:20.079255   /opt/hostedtoolcache/Python/3.11.15/x64/lib/python3.11
2026-08-11 02:35:20.129397   /opt/hostedtoolcache/Python/3.11.15/x64/lib/python3.11/lib-dynload
2026-08-11 02:35:20.179560   /opt/hostedtoolcache/Python/3.11.15/x64/lib/python3.11/site-packages
2026-08-11 02:35:20.229706 [ ERROR ] Error in file '/home/runner/work/engg-robot-testing-framework/engg-robot-testing-framework/resources/cart_keywords.resource' on line 2: Importing library 'playwright_keyword_library.PlaywrightKeywordLibrary' failed: ModuleNotFoundError: No module named 'playwright_keyword_library'
2026-08-11 02:35:20.279855 Traceback (most recent call last):
2026-08-11 02:35:20.329994   None
2026-08-11 02:35:20.380134 PYTHONPATH:
2026-08-11 02:35:20.430293   /opt/hostedtoolcache/Python/3.11.15/x64/bin
2026-08-11 02:35:20.480435   /opt/hostedtoolcache/Python/3.11.15/x64/lib/python311.zip
2026-08-11 02:35:20.530577   /opt/hostedtoolcache/Python/3.11.15/x64/lib/python3.11
2026-08-11 02:35:20.580718   /opt/hostedtoolcache/Python/3.11.15/x64/lib/python3.11/lib-dynload
2026-08-11 02:35:20.630874   /opt/hostedtoolcache/Python/3.11.15/x64/lib/python3.11/site-packages
2026-08-11 02:35:29.401614 TC12 Add Products In Cart                                             | FAIL |
2026-08-11 02:35:29.438476 Setup failed:
2026-08-11 02:35:29.438493 No keyword with name 'Open Browser' found.
2026-08-11 02:35:29.438506 
2026-08-11 02:35:29.438542 Also teardown failed:
2026-08-11 02:35:29.438559 Several failures occurred:
2026-08-11 02:35:29.438571 
2026-08-11 02:35:29.438587 1) No keyword with name 'Register Keyword To Run On Failure' found.
2026-08-11 02:35:29.438604 
2026-08-11 02:35:29.438616 2) No keyword with name 'Close Browser' found. Did you mean:
2026-08-11 02:35:29.438631     common.Close Test Browser
2026-08-11 02:35:29.438647 ------------------------------------------------------------------------------
2026-08-11 02:35:29.438663 Suites.Cart.TC12 add products to cart :: TC12 - Add Products In Cart  | FAIL |
2026-08-11 02:35:29.439270 1 test, 0 passed, 1 failed
2026-08-11 02:35:29.439278 ==============================================================================
2026-08-11 02:35:29.439285 Suites.Cart                                                           | FAIL |
2026-08-11 02:35:29.439724 1 test, 0 passed, 1 failed
2026-08-11 02:35:29.439758 ==============================================================================
2026-08-11 02:35:29.439766 Suites                                                                | FAIL |
2026-08-11 02:35:29.440110 1 test, 0 passed, 1 failed
2026-08-11 02:35:29.440143 ==============================================================================
2026-08-11 02:35:29.440150 Output:  /home/runner/work/engg-robot-testing-framework/engg-robot-testing-framework/reports/pabot_results/5/output.xml
