2026-08-11 02:34:58.526550 ==============================================================================
2026-08-11 02:34:58.552389 Suites
2026-08-11 02:34:58.552413 ==============================================================================
2026-08-11 02:34:58.552427 Suites.Auth
2026-08-11 02:34:58.553365 ==============================================================================
2026-08-11 02:34:58.553384 Suites.Auth.TC01 register user
2026-08-11 02:34:58.553384 [ ERROR ] Error in file '/home/runner/work/engg-robot-testing-framework/engg-robot-testing-framework/tests/auth/TC01_register_user.robot' on line 2: Importing library 'playwright_keyword_library.PlaywrightKeywordLibrary' failed: ModuleNotFoundError: No module named 'playwright_keyword_library'
2026-08-11 02:34:58.573208 ==============================================================================
2026-08-11 02:34:58.573208 Traceback (most recent call last):
2026-08-11 02:34:58.573229   None
2026-08-11 02:34:58.623347 PYTHONPATH:
2026-08-11 02:34:58.673453   /opt/hostedtoolcache/Python/3.11.15/x64/bin
2026-08-11 02:34:58.723546   /opt/hostedtoolcache/Python/3.11.15/x64/lib/python311.zip
2026-08-11 02:34:58.773761   /opt/hostedtoolcache/Python/3.11.15/x64/lib/python3.11
2026-08-11 02:34:58.823989   /opt/hostedtoolcache/Python/3.11.15/x64/lib/python3.11/lib-dynload
2026-08-11 02:34:58.874213   /opt/hostedtoolcache/Python/3.11.15/x64/lib/python3.11/site-packages
2026-08-11 02:34:58.924453 [ ERROR ] Error in file '/home/runner/work/engg-robot-testing-framework/engg-robot-testing-framework/resources/auth_keywords.resource' on line 2: Importing library 'playwright_keyword_library.PlaywrightKeywordLibrary' failed: ModuleNotFoundError: No module named 'playwright_keyword_library'
2026-08-11 02:34:58.974780 Traceback (most recent call last):
2026-08-11 02:34:59.025033   None
2026-08-11 02:34:59.075316 PYTHONPATH:
2026-08-11 02:34:59.125603   /opt/hostedtoolcache/Python/3.11.15/x64/bin
2026-08-11 02:34:59.175861   /opt/hostedtoolcache/Python/3.11.15/x64/lib/python311.zip
2026-08-11 02:34:59.226114   /opt/hostedtoolcache/Python/3.11.15/x64/lib/python3.11
2026-08-11 02:34:59.276356   /opt/hostedtoolcache/Python/3.11.15/x64/lib/python3.11/lib-dynload
2026-08-11 02:34:59.326686   /opt/hostedtoolcache/Python/3.11.15/x64/lib/python3.11/site-packages
2026-08-11 02:34:59.376891 [ ERROR ] Error in file '/home/runner/work/engg-robot-testing-framework/engg-robot-testing-framework/resources/common.resource' on line 4: Importing library 'playwright_keyword_library.PlaywrightKeywordLibrary' failed: ModuleNotFoundError: No module named 'playwright_keyword_library'
2026-08-11 02:34:59.427200 Traceback (most recent call last):
2026-08-11 02:34:59.477411   None
2026-08-11 02:34:59.527685 PYTHONPATH:
2026-08-11 02:34:59.577858   /opt/hostedtoolcache/Python/3.11.15/x64/bin
2026-08-11 02:34:59.628133   /opt/hostedtoolcache/Python/3.11.15/x64/lib/python311.zip
2026-08-11 02:34:59.678312   /opt/hostedtoolcache/Python/3.11.15/x64/lib/python3.11
2026-08-11 02:34:59.728483   /opt/hostedtoolcache/Python/3.11.15/x64/lib/python3.11/lib-dynload
2026-08-11 02:34:59.778738   /opt/hostedtoolcache/Python/3.11.15/x64/lib/python3.11/site-packages
2026-08-11 02:35:08.556746 TC01 Register User                                                    | FAIL |
2026-08-11 02:35:08.583036 Setup failed:
2026-08-11 02:35:08.583050 No keyword with name 'Open Browser' found.
2026-08-11 02:35:08.583062 
2026-08-11 02:35:08.583073 Also teardown failed:
2026-08-11 02:35:08.583084 Several failures occurred:
2026-08-11 02:35:08.583095 
2026-08-11 02:35:08.583106 1) No keyword with name 'Register Keyword To Run On Failure' found.
2026-08-11 02:35:08.583117 
2026-08-11 02:35:08.583134 2) No keyword with name 'Close Browser' found. Did you mean:
2026-08-11 02:35:08.583253     common.Close Test Browser
2026-08-11 02:35:08.583267 ------------------------------------------------------------------------------
2026-08-11 02:35:08.583278 Suites.Auth.TC01 register user                                        | FAIL |
2026-08-11 02:35:08.584697 1 test, 0 passed, 1 failed
2026-08-11 02:35:08.584712 ==============================================================================
2026-08-11 02:35:08.584722 Suites.Auth                                                           | FAIL |
2026-08-11 02:35:08.584731 1 test, 0 passed, 1 failed
2026-08-11 02:35:08.584740 ==============================================================================
2026-08-11 02:35:08.584749 Suites                                                                | FAIL |
2026-08-11 02:35:08.584758 1 test, 0 passed, 1 failed
2026-08-11 02:35:08.584767 ==============================================================================
2026-08-11 02:35:08.584776 Output:  /home/runner/work/engg-robot-testing-framework/engg-robot-testing-framework/reports/pabot_results/0/output.xml
