2026-07-10 04:33:52.133316 ==============================================================================
2026-07-10 04:33:52.165724 Suites
2026-07-10 04:33:52.165746 ==============================================================================
2026-07-10 04:33:52.165761 Suites.Cart
2026-07-10 04:33:52.166679 ==============================================================================
2026-07-10 04:33:52.166698 Suites.Cart.TC12 add products to cart :: TC12 - Add Products In Cart
2026-07-10 04:33:52.166698 [ ERROR ] Error in file '/home/runner/work/engg-robot-testing-framework/engg-robot-testing-framework/resources/common.resource' on line 4: Importing library 'playwright_keyword_library.PlaywrightKeywordLibrary' failed: ModuleNotFoundError: No module named 'playwright_keyword_library'
2026-07-10 04:33:52.198616 ==============================================================================
2026-07-10 04:33:52.198616 Traceback (most recent call last):
2026-07-10 04:33:52.198642   None
2026-07-10 04:33:52.248827 PYTHONPATH:
2026-07-10 04:33:52.298996   /opt/hostedtoolcache/Python/3.11.15/x64/bin
2026-07-10 04:33:52.349212   /opt/hostedtoolcache/Python/3.11.15/x64/lib/python311.zip
2026-07-10 04:33:52.399368   /opt/hostedtoolcache/Python/3.11.15/x64/lib/python3.11
2026-07-10 04:33:52.449553   /opt/hostedtoolcache/Python/3.11.15/x64/lib/python3.11/lib-dynload
2026-07-10 04:33:52.499757   /opt/hostedtoolcache/Python/3.11.15/x64/lib/python3.11/site-packages
2026-07-10 04:33:52.550001 [ ERROR ] Error in file '/home/runner/work/engg-robot-testing-framework/engg-robot-testing-framework/resources/product_keywords.resource' on line 2: Importing library 'playwright_keyword_library.PlaywrightKeywordLibrary' failed: ModuleNotFoundError: No module named 'playwright_keyword_library'
2026-07-10 04:33:52.600256 Traceback (most recent call last):
2026-07-10 04:33:52.650498   None
2026-07-10 04:33:52.700736 PYTHONPATH:
2026-07-10 04:33:52.750999   /opt/hostedtoolcache/Python/3.11.15/x64/bin
2026-07-10 04:33:52.801293   /opt/hostedtoolcache/Python/3.11.15/x64/lib/python311.zip
2026-07-10 04:33:52.851554   /opt/hostedtoolcache/Python/3.11.15/x64/lib/python3.11
2026-07-10 04:33:52.901802   /opt/hostedtoolcache/Python/3.11.15/x64/lib/python3.11/lib-dynload
2026-07-10 04:33:52.952014   /opt/hostedtoolcache/Python/3.11.15/x64/lib/python3.11/site-packages
2026-07-10 04:33:53.002240 [ ERROR ] Error in file '/home/runner/work/engg-robot-testing-framework/engg-robot-testing-framework/resources/cart_keywords.resource' on line 2: Importing library 'playwright_keyword_library.PlaywrightKeywordLibrary' failed: ModuleNotFoundError: No module named 'playwright_keyword_library'
2026-07-10 04:33:53.052489 Traceback (most recent call last):
2026-07-10 04:33:53.102716   None
2026-07-10 04:33:53.152943 PYTHONPATH:
2026-07-10 04:33:53.203157   /opt/hostedtoolcache/Python/3.11.15/x64/bin
2026-07-10 04:33:53.253408   /opt/hostedtoolcache/Python/3.11.15/x64/lib/python311.zip
2026-07-10 04:33:53.303613   /opt/hostedtoolcache/Python/3.11.15/x64/lib/python3.11
2026-07-10 04:33:53.353824   /opt/hostedtoolcache/Python/3.11.15/x64/lib/python3.11/lib-dynload
2026-07-10 04:33:53.403990   /opt/hostedtoolcache/Python/3.11.15/x64/lib/python3.11/site-packages
2026-07-10 04:34:02.181233 TC12 Add Products In Cart                                             | FAIL |
2026-07-10 04:34:02.210725 Setup failed:
2026-07-10 04:34:02.210740 No keyword with name 'Open Browser' found.
2026-07-10 04:34:02.210750 
2026-07-10 04:34:02.210759 Also teardown failed:
2026-07-10 04:34:02.210767 Several failures occurred:
2026-07-10 04:34:02.210775 
2026-07-10 04:34:02.210784 1) No keyword with name 'Register Keyword To Run On Failure' found.
2026-07-10 04:34:02.210793 
2026-07-10 04:34:02.210801 2) No keyword with name 'Close Browser' found. Did you mean:
2026-07-10 04:34:02.210809     common.Close Test Browser
2026-07-10 04:34:02.210817 ------------------------------------------------------------------------------
2026-07-10 04:34:02.210825 Suites.Cart.TC12 add products to cart :: TC12 - Add Products In Cart  | FAIL |
2026-07-10 04:34:02.211532 1 test, 0 passed, 1 failed
2026-07-10 04:34:02.211605 ==============================================================================
2026-07-10 04:34:02.211614 Suites.Cart                                                           | FAIL |
2026-07-10 04:34:02.212042 1 test, 0 passed, 1 failed
2026-07-10 04:34:02.212105 ==============================================================================
2026-07-10 04:34:02.212114 Suites                                                                | FAIL |
2026-07-10 04:34:02.212529 1 test, 0 passed, 1 failed
2026-07-10 04:34:02.212589 ==============================================================================
2026-07-10 04:34:02.212598 Output:  /home/runner/work/engg-robot-testing-framework/engg-robot-testing-framework/reports/pabot_results/5/output.xml
