2026-10-09 06:30:29.080416 ==============================================================================
2026-10-09 06:30:29.101372 Suites
2026-10-09 06:30:29.101394 ==============================================================================
2026-10-09 06:30:29.101411 Suites.Cart
2026-10-09 06:30:29.102216 ==============================================================================
2026-10-09 06:30:29.102235 Suites.Cart.TC20 search and verify cart after login :: TC20 - Search Produc...
2026-10-09 06:30:29.102235 [ ERROR ] Error in file '/home/runner/work/engg-robot-testing-framework/engg-robot-testing-framework/tests/cart/TC20_search_and_verify_cart_after_login.robot' on line 3: Importing library 'playwright_keyword_library.PlaywrightKeywordLibrary' failed: ModuleNotFoundError: No module named 'playwright_keyword_library'
2026-10-09 06:30:29.138682 ==============================================================================
2026-10-09 06:30:29.138682 Traceback (most recent call last):
2026-10-09 06:30:29.138706   None
2026-10-09 06:30:29.188819 PYTHONPATH:
2026-10-09 06:30:29.238917   /opt/hostedtoolcache/Python/3.11.17/x64/bin
2026-10-09 06:30:29.289024   /opt/hostedtoolcache/Python/3.11.17/x64/lib/python311.zip
2026-10-09 06:30:29.339132   /opt/hostedtoolcache/Python/3.11.17/x64/lib/python3.11
2026-10-09 06:30:29.389248   /opt/hostedtoolcache/Python/3.11.17/x64/lib/python3.11/lib-dynload
2026-10-09 06:30:29.439355   /opt/hostedtoolcache/Python/3.11.17/x64/lib/python3.11/site-packages
2026-10-09 06:30:29.489489 [ ERROR ] Error in file '/home/runner/work/engg-robot-testing-framework/engg-robot-testing-framework/resources/common.resource' on line 4: Importing library 'playwright_keyword_library.PlaywrightKeywordLibrary' failed: ModuleNotFoundError: No module named 'playwright_keyword_library'
2026-10-09 06:30:29.539640 Traceback (most recent call last):
2026-10-09 06:30:29.589801   None
2026-10-09 06:30:29.639953 PYTHONPATH:
2026-10-09 06:30:29.690103   /opt/hostedtoolcache/Python/3.11.17/x64/bin
2026-10-09 06:30:29.740255   /opt/hostedtoolcache/Python/3.11.17/x64/lib/python311.zip
2026-10-09 06:30:29.790414   /opt/hostedtoolcache/Python/3.11.17/x64/lib/python3.11
2026-10-09 06:30:29.840531   /opt/hostedtoolcache/Python/3.11.17/x64/lib/python3.11/lib-dynload
2026-10-09 06:30:29.890688   /opt/hostedtoolcache/Python/3.11.17/x64/lib/python3.11/site-packages
2026-10-09 06:30:29.940793 [ ERROR ] Error in file '/home/runner/work/engg-robot-testing-framework/engg-robot-testing-framework/resources/product_keywords.resource' on line 2: Importing library 'playwright_keyword_library.PlaywrightKeywordLibrary' failed: ModuleNotFoundError: No module named 'playwright_keyword_library'
2026-10-09 06:30:29.990953 Traceback (most recent call last):
2026-10-09 06:30:30.041069   None
2026-10-09 06:30:30.091239 PYTHONPATH:
2026-10-09 06:30:30.141391   /opt/hostedtoolcache/Python/3.11.17/x64/bin
2026-10-09 06:30:30.191507   /opt/hostedtoolcache/Python/3.11.17/x64/lib/python311.zip
2026-10-09 06:30:30.241644   /opt/hostedtoolcache/Python/3.11.17/x64/lib/python3.11
2026-10-09 06:30:30.291803   /opt/hostedtoolcache/Python/3.11.17/x64/lib/python3.11/lib-dynload
2026-10-09 06:30:30.341914   /opt/hostedtoolcache/Python/3.11.17/x64/lib/python3.11/site-packages
2026-10-09 06:30:30.392065 [ ERROR ] Error in file '/home/runner/work/engg-robot-testing-framework/engg-robot-testing-framework/resources/cart_keywords.resource' on line 2: Importing library 'playwright_keyword_library.PlaywrightKeywordLibrary' failed: ModuleNotFoundError: No module named 'playwright_keyword_library'
2026-10-09 06:30:30.442179 Traceback (most recent call last):
2026-10-09 06:30:30.492343   None
2026-10-09 06:30:30.542467 PYTHONPATH:
2026-10-09 06:30:30.592648   /opt/hostedtoolcache/Python/3.11.17/x64/bin
2026-10-09 06:30:30.642774   /opt/hostedtoolcache/Python/3.11.17/x64/lib/python311.zip
2026-10-09 06:30:30.692950   /opt/hostedtoolcache/Python/3.11.17/x64/lib/python3.11
2026-10-09 06:30:30.743040   /opt/hostedtoolcache/Python/3.11.17/x64/lib/python3.11/lib-dynload
2026-10-09 06:30:30.793174   /opt/hostedtoolcache/Python/3.11.17/x64/lib/python3.11/site-packages
2026-10-09 06:30:30.843332 [ ERROR ] Error in file '/home/runner/work/engg-robot-testing-framework/engg-robot-testing-framework/resources/auth_keywords.resource' on line 2: Importing library 'playwright_keyword_library.PlaywrightKeywordLibrary' failed: ModuleNotFoundError: No module named 'playwright_keyword_library'
2026-10-09 06:30:30.893500 Traceback (most recent call last):
2026-10-09 06:30:30.943636   None
2026-10-09 06:30:30.993800 PYTHONPATH:
2026-10-09 06:30:31.043934   /opt/hostedtoolcache/Python/3.11.17/x64/bin
2026-10-09 06:30:31.094076   /opt/hostedtoolcache/Python/3.11.17/x64/lib/python311.zip
2026-10-09 06:30:31.144194   /opt/hostedtoolcache/Python/3.11.17/x64/lib/python3.11
2026-10-09 06:30:31.194356   /opt/hostedtoolcache/Python/3.11.17/x64/lib/python3.11/lib-dynload
2026-10-09 06:30:31.244493   /opt/hostedtoolcache/Python/3.11.17/x64/lib/python3.11/site-packages
2026-10-09 06:30:39.114329 TC20 Search Products And Verify Cart After Login                      | FAIL |
2026-10-09 06:30:39.150441 Setup failed:
2026-10-09 06:30:39.150461 No keyword with name 'Open Browser' found.
2026-10-09 06:30:39.150476 
2026-10-09 06:30:39.150490 Also teardown failed:
2026-10-09 06:30:39.150504 Several failures occurred:
2026-10-09 06:30:39.150517 
2026-10-09 06:30:39.150529 1) No keyword with name 'Register Keyword To Run On Failure' found.
2026-10-09 06:30:39.150541 
2026-10-09 06:30:39.150552 2) No keyword with name 'Close Browser' found. Did you mean:
2026-10-09 06:30:39.150564     common.Close Test Browser
2026-10-09 06:30:39.150575 ------------------------------------------------------------------------------
2026-10-09 06:30:39.150587 Suites.Cart.TC20 search and verify cart after login :: TC20 - Sear... | FAIL |
2026-10-09 06:30:39.151197 1 test, 0 passed, 1 failed
2026-10-09 06:30:39.151278 ==============================================================================
2026-10-09 06:30:39.151295 Suites.Cart                                                           | FAIL |
2026-10-09 06:30:39.151662 1 test, 0 passed, 1 failed
2026-10-09 06:30:39.151678 ==============================================================================
2026-10-09 06:30:39.151691 Suites                                                                | FAIL |
2026-10-09 06:30:39.152049 1 test, 0 passed, 1 failed
2026-10-09 06:30:39.152068 ==============================================================================
2026-10-09 06:30:39.152082 Output:  /home/runner/work/engg-robot-testing-framework/engg-robot-testing-framework/reports/pabot_results/8/output.xml
