2026-07-22 03:57:38.934038 ==============================================================================
2026-07-22 03:57:38.969862 Suites
2026-07-22 03:57:38.969877 ==============================================================================
2026-07-22 03:57:38.969886 Suites.Auth
2026-07-22 03:57:38.970528 ==============================================================================
2026-07-22 03:57:38.970539 Suites.Auth.TC05 register existing email
2026-07-22 03:57:38.970539 [ ERROR ] Error in file '/home/runner/work/engg-robot-testing-framework/engg-robot-testing-framework/tests/auth/TC05_register_existing_email.robot' on line 2: Importing library 'playwright_keyword_library.PlaywrightKeywordLibrary' failed: ModuleNotFoundError: No module named 'playwright_keyword_library'
2026-07-22 03:57:38.984283 ==============================================================================
2026-07-22 03:57:38.984283 Traceback (most recent call last):
2026-07-22 03:57:38.984302   None
2026-07-22 03:57:39.034425 PYTHONPATH:
2026-07-22 03:57:39.084563   /opt/hostedtoolcache/Python/3.11.15/x64/bin
2026-07-22 03:57:39.134716   /opt/hostedtoolcache/Python/3.11.15/x64/lib/python311.zip
2026-07-22 03:57:39.184902   /opt/hostedtoolcache/Python/3.11.15/x64/lib/python3.11
2026-07-22 03:57:39.235023   /opt/hostedtoolcache/Python/3.11.15/x64/lib/python3.11/lib-dynload
2026-07-22 03:57:39.285225   /opt/hostedtoolcache/Python/3.11.15/x64/lib/python3.11/site-packages
2026-07-22 03:57:39.335345 [ ERROR ] Error in file '/home/runner/work/engg-robot-testing-framework/engg-robot-testing-framework/resources/auth_keywords.resource' on line 2: Importing library 'playwright_keyword_library.PlaywrightKeywordLibrary' failed: ModuleNotFoundError: No module named 'playwright_keyword_library'
2026-07-22 03:57:39.385544 Traceback (most recent call last):
2026-07-22 03:57:39.435670   None
2026-07-22 03:57:39.485872 PYTHONPATH:
2026-07-22 03:57:39.535996   /opt/hostedtoolcache/Python/3.11.15/x64/bin
2026-07-22 03:57:39.586257   /opt/hostedtoolcache/Python/3.11.15/x64/lib/python311.zip
2026-07-22 03:57:39.636380   /opt/hostedtoolcache/Python/3.11.15/x64/lib/python3.11
2026-07-22 03:57:39.686581   /opt/hostedtoolcache/Python/3.11.15/x64/lib/python3.11/lib-dynload
2026-07-22 03:57:39.736702   /opt/hostedtoolcache/Python/3.11.15/x64/lib/python3.11/site-packages
2026-07-22 03:57:39.786910 [ ERROR ] Error in file '/home/runner/work/engg-robot-testing-framework/engg-robot-testing-framework/resources/common.resource' on line 4: Importing library 'playwright_keyword_library.PlaywrightKeywordLibrary' failed: ModuleNotFoundError: No module named 'playwright_keyword_library'
2026-07-22 03:57:39.837034 Traceback (most recent call last):
2026-07-22 03:57:39.887282   None
2026-07-22 03:57:39.937409 PYTHONPATH:
2026-07-22 03:57:39.987619   /opt/hostedtoolcache/Python/3.11.15/x64/bin
2026-07-22 03:57:40.037746   /opt/hostedtoolcache/Python/3.11.15/x64/lib/python311.zip
2026-07-22 03:57:40.087954   /opt/hostedtoolcache/Python/3.11.15/x64/lib/python3.11
2026-07-22 03:57:40.138078   /opt/hostedtoolcache/Python/3.11.15/x64/lib/python3.11/lib-dynload
2026-07-22 03:57:40.188250   /opt/hostedtoolcache/Python/3.11.15/x64/lib/python3.11/site-packages
2026-07-22 03:57:48.960836 TC05 Register User With Existing Email                                | FAIL |
2026-07-22 03:57:48.992023 Setup failed:
2026-07-22 03:57:48.992035 No keyword with name 'Open Browser' found.
2026-07-22 03:57:48.992042 
2026-07-22 03:57:48.992048 Also teardown failed:
2026-07-22 03:57:48.992053 Several failures occurred:
2026-07-22 03:57:48.992059 
2026-07-22 03:57:48.992064 1) No keyword with name 'Register Keyword To Run On Failure' found.
2026-07-22 03:57:48.992070 
2026-07-22 03:57:48.992075 2) No keyword with name 'Close Browser' found. Did you mean:
2026-07-22 03:57:48.992081     common.Close Test Browser
2026-07-22 03:57:48.992087 ------------------------------------------------------------------------------
2026-07-22 03:57:48.992092 Suites.Auth.TC05 register existing email                              | FAIL |
2026-07-22 03:57:48.992426 1 test, 0 passed, 1 failed
2026-07-22 03:57:48.992437 ==============================================================================
2026-07-22 03:57:48.992443 Suites.Auth                                                           | FAIL |
2026-07-22 03:57:48.992665 1 test, 0 passed, 1 failed
2026-07-22 03:57:48.992671 ==============================================================================
2026-07-22 03:57:48.992676 Suites                                                                | FAIL |
2026-07-22 03:57:48.992849 1 test, 0 passed, 1 failed
2026-07-22 03:57:48.992881 ==============================================================================
2026-07-22 03:57:48.992887 Output:  /home/runner/work/engg-robot-testing-framework/engg-robot-testing-framework/reports/pabot_results/4/output.xml
