2026-07-31 04:00:08.700779 ==============================================================================
2026-07-31 04:00:08.721752 Suites
2026-07-31 04:00:08.721775 ==============================================================================
2026-07-31 04:00:08.721790 Suites.Auth
2026-07-31 04:00:08.722599 ==============================================================================
2026-07-31 04:00:08.722617 Suites.Auth.TC03 login invalid
2026-07-31 04:00:08.722617 [ ERROR ] Error in file '/home/runner/work/engg-robot-testing-framework/engg-robot-testing-framework/tests/auth/TC03_login_invalid.robot' on line 2: Importing library 'playwright_keyword_library.PlaywrightKeywordLibrary' failed: ModuleNotFoundError: No module named 'playwright_keyword_library'
2026-07-31 04:00:08.741723 ==============================================================================
2026-07-31 04:00:08.741723 Traceback (most recent call last):
2026-07-31 04:00:08.741753   None
2026-07-31 04:00:08.791973 PYTHONPATH:
2026-07-31 04:00:08.842144   /opt/hostedtoolcache/Python/3.11.15/x64/bin
2026-07-31 04:00:08.892298   /opt/hostedtoolcache/Python/3.11.15/x64/lib/python311.zip
2026-07-31 04:00:08.942436   /opt/hostedtoolcache/Python/3.11.15/x64/lib/python3.11
2026-07-31 04:00:08.992609   /opt/hostedtoolcache/Python/3.11.15/x64/lib/python3.11/lib-dynload
2026-07-31 04:00:09.042817   /opt/hostedtoolcache/Python/3.11.15/x64/lib/python3.11/site-packages
2026-07-31 04:00:09.093047 [ ERROR ] Error in file '/home/runner/work/engg-robot-testing-framework/engg-robot-testing-framework/resources/auth_keywords.resource' on line 2: Importing library 'playwright_keyword_library.PlaywrightKeywordLibrary' failed: ModuleNotFoundError: No module named 'playwright_keyword_library'
2026-07-31 04:00:09.143256 Traceback (most recent call last):
2026-07-31 04:00:09.193470   None
2026-07-31 04:00:09.243665 PYTHONPATH:
2026-07-31 04:00:09.293853   /opt/hostedtoolcache/Python/3.11.15/x64/bin
2026-07-31 04:00:09.344031   /opt/hostedtoolcache/Python/3.11.15/x64/lib/python311.zip
2026-07-31 04:00:09.394178   /opt/hostedtoolcache/Python/3.11.15/x64/lib/python3.11
2026-07-31 04:00:09.444370   /opt/hostedtoolcache/Python/3.11.15/x64/lib/python3.11/lib-dynload
2026-07-31 04:00:09.494563   /opt/hostedtoolcache/Python/3.11.15/x64/lib/python3.11/site-packages
2026-07-31 04:00:09.544757 [ ERROR ] Error in file '/home/runner/work/engg-robot-testing-framework/engg-robot-testing-framework/resources/common.resource' on line 4: Importing library 'playwright_keyword_library.PlaywrightKeywordLibrary' failed: ModuleNotFoundError: No module named 'playwright_keyword_library'
2026-07-31 04:00:09.594932 Traceback (most recent call last):
2026-07-31 04:00:09.645124   None
2026-07-31 04:00:09.695321 PYTHONPATH:
2026-07-31 04:00:09.745521   /opt/hostedtoolcache/Python/3.11.15/x64/bin
2026-07-31 04:00:09.795731   /opt/hostedtoolcache/Python/3.11.15/x64/lib/python311.zip
2026-07-31 04:00:09.845913   /opt/hostedtoolcache/Python/3.11.15/x64/lib/python3.11
2026-07-31 04:00:09.896146   /opt/hostedtoolcache/Python/3.11.15/x64/lib/python3.11/lib-dynload
2026-07-31 04:00:09.946363   /opt/hostedtoolcache/Python/3.11.15/x64/lib/python3.11/site-packages
2026-07-31 04:00:18.721887 TC03 Login User With Incorrect Email And Password                     | FAIL |
2026-07-31 04:00:18.752071 Setup failed:
2026-07-31 04:00:18.752090 No keyword with name 'Open Browser' found.
2026-07-31 04:00:18.752105 
2026-07-31 04:00:18.752120 Also teardown failed:
2026-07-31 04:00:18.752134 Several failures occurred:
2026-07-31 04:00:18.752147 
2026-07-31 04:00:18.752166 1) No keyword with name 'Register Keyword To Run On Failure' found.
2026-07-31 04:00:18.752181 
2026-07-31 04:00:18.752192 2) No keyword with name 'Close Browser' found. Did you mean:
2026-07-31 04:00:18.752204     common.Close Test Browser
2026-07-31 04:00:18.752216 ------------------------------------------------------------------------------
2026-07-31 04:00:18.752227 Suites.Auth.TC03 login invalid                                        | FAIL |
2026-07-31 04:00:18.752745 1 test, 0 passed, 1 failed
2026-07-31 04:00:18.752843 ==============================================================================
2026-07-31 04:00:18.752859 Suites.Auth                                                           | FAIL |
2026-07-31 04:00:18.753212 1 test, 0 passed, 1 failed
2026-07-31 04:00:18.753276 ==============================================================================
2026-07-31 04:00:18.753291 Suites                                                                | FAIL |
2026-07-31 04:00:18.753586 1 test, 0 passed, 1 failed
2026-07-31 04:00:18.753648 ==============================================================================
2026-07-31 04:00:18.753661 Output:  /home/runner/work/engg-robot-testing-framework/engg-robot-testing-framework/reports/pabot_results/2/output.xml
