2026-06-20 04:51:41.325774 ==============================================================================
2026-06-20 04:51:41.339460 Suites
2026-06-20 04:51:41.339501 ==============================================================================
2026-06-20 04:51:41.339515 Suites.Auth
2026-06-20 04:51:41.340316 ==============================================================================
2026-06-20 04:51:41.440551 Suites.Auth.TC01 register user
2026-06-20 04:51:41.468760 ==============================================================================
2026-06-20 04:52:02.378690 TC01 Register User                                                    | FAIL |
2026-06-20 04:52:02.383167 Setup failed:
2026-06-20 04:52:02.383185 Title should have been 'Automation Exercise' but was 'One moment, please...'.
2026-06-20 04:52:02.383199 ------------------------------------------------------------------------------
2026-06-20 04:52:02.383216 Suites.Auth.TC01 register user                                        | FAIL |
2026-06-20 04:52:02.383923 1 test, 0 passed, 1 failed
2026-06-20 04:52:02.383976 ==============================================================================
2026-06-20 04:52:02.383988 Suites.Auth                                                           | FAIL |
2026-06-20 04:52:02.384313 1 test, 0 passed, 1 failed
2026-06-20 04:52:02.384364 ==============================================================================
2026-06-20 04:52:02.384381 Suites                                                                | FAIL |
2026-06-20 04:52:02.384961 1 test, 0 passed, 1 failed
2026-06-20 04:52:02.384977 ==============================================================================
2026-06-20 04:52:02.384989 Output:  /home/runner/work/engg-robot-testing-framework/engg-robot-testing-framework/reports/pabot_results/0/output.xml
