2026-06-22 05:41:49.709622 ==============================================================================
2026-06-22 05:41:49.739867 Suites
2026-06-22 05:41:49.739887 ==============================================================================
2026-06-22 05:41:49.739903 Suites.Cart
2026-06-22 05:41:49.740775 ==============================================================================
2026-06-22 05:41:49.740792 Suites.Cart.TC13 verify product quantity :: TC13 - Verify Product Quantity ...
2026-06-22 05:41:49.740792 [ ERROR ] Error in file '/home/runner/work/engg-robot-testing-framework/engg-robot-testing-framework/resources/common.resource' on line 4: Importing library 'playwright_keyword_library.PlaywrightKeywordLibrary' failed: ModuleNotFoundError: No module named 'playwright_keyword_library'
2026-06-22 05:41:49.771609 ==============================================================================
2026-06-22 05:41:49.771609 Traceback (most recent call last):
2026-06-22 05:41:49.771632   None
2026-06-22 05:41:49.821753 PYTHONPATH:
2026-06-22 05:41:49.871876   /opt/hostedtoolcache/Python/3.11.15/x64/bin
2026-06-22 05:41:49.921986   /opt/hostedtoolcache/Python/3.11.15/x64/lib/python311.zip
2026-06-22 05:41:49.972099   /opt/hostedtoolcache/Python/3.11.15/x64/lib/python3.11
2026-06-22 05:41:50.022215   /opt/hostedtoolcache/Python/3.11.15/x64/lib/python3.11/lib-dynload
2026-06-22 05:41:50.072331   /opt/hostedtoolcache/Python/3.11.15/x64/lib/python3.11/site-packages
2026-06-22 05:41:50.122482 [ ERROR ] Error in file '/home/runner/work/engg-robot-testing-framework/engg-robot-testing-framework/resources/product_keywords.resource' on line 2: Importing library 'playwright_keyword_library.PlaywrightKeywordLibrary' failed: ModuleNotFoundError: No module named 'playwright_keyword_library'
2026-06-22 05:41:50.172649 Traceback (most recent call last):
2026-06-22 05:41:50.222815   None
2026-06-22 05:41:50.272967 PYTHONPATH:
2026-06-22 05:41:50.323126   /opt/hostedtoolcache/Python/3.11.15/x64/bin
2026-06-22 05:41:50.373274   /opt/hostedtoolcache/Python/3.11.15/x64/lib/python311.zip
2026-06-22 05:41:50.423429   /opt/hostedtoolcache/Python/3.11.15/x64/lib/python3.11
2026-06-22 05:41:50.473544   /opt/hostedtoolcache/Python/3.11.15/x64/lib/python3.11/lib-dynload
2026-06-22 05:41:50.523698   /opt/hostedtoolcache/Python/3.11.15/x64/lib/python3.11/site-packages
2026-06-22 05:41:50.573819 [ ERROR ] Error in file '/home/runner/work/engg-robot-testing-framework/engg-robot-testing-framework/resources/cart_keywords.resource' on line 2: Importing library 'playwright_keyword_library.PlaywrightKeywordLibrary' failed: ModuleNotFoundError: No module named 'playwright_keyword_library'
2026-06-22 05:41:50.623972 Traceback (most recent call last):
2026-06-22 05:41:50.674096   None
2026-06-22 05:41:50.724267 PYTHONPATH:
2026-06-22 05:41:50.774430   /opt/hostedtoolcache/Python/3.11.15/x64/bin
2026-06-22 05:41:50.824565   /opt/hostedtoolcache/Python/3.11.15/x64/lib/python311.zip
2026-06-22 05:41:50.874683   /opt/hostedtoolcache/Python/3.11.15/x64/lib/python3.11
2026-06-22 05:41:50.924842   /opt/hostedtoolcache/Python/3.11.15/x64/lib/python3.11/lib-dynload
2026-06-22 05:41:50.974974   /opt/hostedtoolcache/Python/3.11.15/x64/lib/python3.11/site-packages
2026-06-22 05:41:59.746662 TC13 Verify Product Quantity In Cart                                  | FAIL |
2026-06-22 05:41:59.783285 Setup failed:
2026-06-22 05:41:59.783294 No keyword with name 'Open Browser' found.
2026-06-22 05:41:59.783301 
2026-06-22 05:41:59.783307 Also teardown failed:
2026-06-22 05:41:59.783313 Several failures occurred:
2026-06-22 05:41:59.783319 
2026-06-22 05:41:59.783325 1) No keyword with name 'Register Keyword To Run On Failure' found.
2026-06-22 05:41:59.783332 
2026-06-22 05:41:59.783338 2) No keyword with name 'Close Browser' found. Did you mean:
2026-06-22 05:41:59.783344     common.Close Test Browser
2026-06-22 05:41:59.783350 ------------------------------------------------------------------------------
2026-06-22 05:41:59.783356 Suites.Cart.TC13 verify product quantity :: TC13 - Verify Product ... | FAIL |
2026-06-22 05:41:59.784088 1 test, 0 passed, 1 failed
2026-06-22 05:41:59.784153 ==============================================================================
2026-06-22 05:41:59.784161 Suites.Cart                                                           | FAIL |
2026-06-22 05:41:59.784619 1 test, 0 passed, 1 failed
2026-06-22 05:41:59.784690 ==============================================================================
2026-06-22 05:41:59.784698 Suites                                                                | FAIL |
2026-06-22 05:41:59.785035 1 test, 0 passed, 1 failed
2026-06-22 05:41:59.785092 ==============================================================================
2026-06-22 05:41:59.785099 Output:  /home/runner/work/engg-robot-testing-framework/engg-robot-testing-framework/reports/pabot_results/6/output.xml
