2026-09-26 05:18:18.463417 ==============================================================================
2026-09-26 05:18:18.500236 Suites
2026-09-26 05:18:18.500252 ==============================================================================
2026-09-26 05:18:18.500261 Suites.Auth
2026-09-26 05:18:18.500892 ==============================================================================
2026-09-26 05:18:18.500904 Suites.Auth.TC05 register existing email
2026-09-26 05:18:18.500904 [ ERROR ] Error in file '/home/runner/work/engg-robot-testing-framework/engg-robot-testing-framework/tests/auth/TC05_register_existing_email.robot' on line 2: Importing library 'playwright_keyword_library.PlaywrightKeywordLibrary' failed: ModuleNotFoundError: No module named 'playwright_keyword_library'
2026-09-26 05:18:18.514232 ==============================================================================
2026-09-26 05:18:18.514232 Traceback (most recent call last):
2026-09-26 05:18:18.514248   None
2026-09-26 05:18:18.564365 PYTHONPATH:
2026-09-26 05:18:18.614567   /opt/hostedtoolcache/Python/3.11.16/x64/bin
2026-09-26 05:18:18.664689   /opt/hostedtoolcache/Python/3.11.16/x64/lib/python311.zip
2026-09-26 05:18:18.714878   /opt/hostedtoolcache/Python/3.11.16/x64/lib/python3.11
2026-09-26 05:18:18.765003   /opt/hostedtoolcache/Python/3.11.16/x64/lib/python3.11/lib-dynload
2026-09-26 05:18:18.815204   /opt/hostedtoolcache/Python/3.11.16/x64/lib/python3.11/site-packages
2026-09-26 05:18:18.865327 [ ERROR ] Error in file '/home/runner/work/engg-robot-testing-framework/engg-robot-testing-framework/resources/auth_keywords.resource' on line 2: Importing library 'playwright_keyword_library.PlaywrightKeywordLibrary' failed: ModuleNotFoundError: No module named 'playwright_keyword_library'
2026-09-26 05:18:18.915547 Traceback (most recent call last):
2026-09-26 05:18:18.965673   None
2026-09-26 05:18:19.015874 PYTHONPATH:
2026-09-26 05:18:19.066004   /opt/hostedtoolcache/Python/3.11.16/x64/bin
2026-09-26 05:18:19.116211   /opt/hostedtoolcache/Python/3.11.16/x64/lib/python311.zip
2026-09-26 05:18:19.166578   /opt/hostedtoolcache/Python/3.11.16/x64/lib/python3.11
2026-09-26 05:18:19.216793   /opt/hostedtoolcache/Python/3.11.16/x64/lib/python3.11/lib-dynload
2026-09-26 05:18:19.266958   /opt/hostedtoolcache/Python/3.11.16/x64/lib/python3.11/site-packages
2026-09-26 05:18:19.317175 [ ERROR ] Error in file '/home/runner/work/engg-robot-testing-framework/engg-robot-testing-framework/resources/common.resource' on line 4: Importing library 'playwright_keyword_library.PlaywrightKeywordLibrary' failed: ModuleNotFoundError: No module named 'playwright_keyword_library'
2026-09-26 05:18:19.367368 Traceback (most recent call last):
2026-09-26 05:18:19.417573   None
2026-09-26 05:18:19.467724 PYTHONPATH:
2026-09-26 05:18:19.517912   /opt/hostedtoolcache/Python/3.11.16/x64/bin
2026-09-26 05:18:19.568069   /opt/hostedtoolcache/Python/3.11.16/x64/lib/python311.zip
2026-09-26 05:18:19.618253   /opt/hostedtoolcache/Python/3.11.16/x64/lib/python3.11
2026-09-26 05:18:19.668406   /opt/hostedtoolcache/Python/3.11.16/x64/lib/python3.11/lib-dynload
2026-09-26 05:18:19.718578   /opt/hostedtoolcache/Python/3.11.16/x64/lib/python3.11/site-packages
2026-09-26 05:18:28.490977 TC05 Register User With Existing Email                                | FAIL |
2026-09-26 05:18:28.522022 Setup failed:
2026-09-26 05:18:28.522034 No keyword with name 'Open Browser' found.
2026-09-26 05:18:28.522039 
2026-09-26 05:18:28.522045 Also teardown failed:
2026-09-26 05:18:28.522050 Several failures occurred:
2026-09-26 05:18:28.522055 
2026-09-26 05:18:28.522060 1) No keyword with name 'Register Keyword To Run On Failure' found.
2026-09-26 05:18:28.522065 
2026-09-26 05:18:28.522070 2) No keyword with name 'Close Browser' found. Did you mean:
2026-09-26 05:18:28.522076     common.Close Test Browser
2026-09-26 05:18:28.522080 ------------------------------------------------------------------------------
2026-09-26 05:18:28.522085 Suites.Auth.TC05 register existing email                              | FAIL |
2026-09-26 05:18:28.522377 1 test, 0 passed, 1 failed
2026-09-26 05:18:28.522437 ==============================================================================
2026-09-26 05:18:28.522442 Suites.Auth                                                           | FAIL |
2026-09-26 05:18:28.522642 1 test, 0 passed, 1 failed
2026-09-26 05:18:28.522715 ==============================================================================
2026-09-26 05:18:28.522720 Suites                                                                | FAIL |
2026-09-26 05:18:28.522871 1 test, 0 passed, 1 failed
2026-09-26 05:18:28.522921 ==============================================================================
2026-09-26 05:18:28.522926 Output:  /home/runner/work/engg-robot-testing-framework/engg-robot-testing-framework/reports/pabot_results/4/output.xml
