2026-09-13 05:11:11.349463 ==============================================================================
2026-09-13 05:11:11.369798 Suites
2026-09-13 05:11:11.369821 ==============================================================================
2026-09-13 05:11:11.369837 Suites.Auth
2026-09-13 05:11:11.371174 ==============================================================================
2026-09-13 05:11:11.371193 Suites.Auth.TC03 login invalid
2026-09-13 05:11:11.371193 [ ERROR ] Error in file '/home/runner/work/engg-robot-testing-framework/engg-robot-testing-framework/tests/auth/TC03_login_invalid.robot' on line 2: Importing library 'playwright_keyword_library.PlaywrightKeywordLibrary' failed: ModuleNotFoundError: No module named 'playwright_keyword_library'
2026-09-13 05:11:11.389596 ==============================================================================
2026-09-13 05:11:11.389596 Traceback (most recent call last):
2026-09-13 05:11:11.389621   None
2026-09-13 05:11:11.439726 PYTHONPATH:
2026-09-13 05:11:11.489826   /opt/hostedtoolcache/Python/3.11.16/x64/bin
2026-09-13 05:11:11.539925   /opt/hostedtoolcache/Python/3.11.16/x64/lib/python311.zip
2026-09-13 05:11:11.590038   /opt/hostedtoolcache/Python/3.11.16/x64/lib/python3.11
2026-09-13 05:11:11.640153   /opt/hostedtoolcache/Python/3.11.16/x64/lib/python3.11/lib-dynload
2026-09-13 05:11:11.690274   /opt/hostedtoolcache/Python/3.11.16/x64/lib/python3.11/site-packages
2026-09-13 05:11:11.740435 [ ERROR ] Error in file '/home/runner/work/engg-robot-testing-framework/engg-robot-testing-framework/resources/auth_keywords.resource' on line 2: Importing library 'playwright_keyword_library.PlaywrightKeywordLibrary' failed: ModuleNotFoundError: No module named 'playwright_keyword_library'
2026-09-13 05:11:11.790595 Traceback (most recent call last):
2026-09-13 05:11:11.840760   None
2026-09-13 05:11:11.890916 PYTHONPATH:
2026-09-13 05:11:11.941085   /opt/hostedtoolcache/Python/3.11.16/x64/bin
2026-09-13 05:11:11.991187   /opt/hostedtoolcache/Python/3.11.16/x64/lib/python311.zip
2026-09-13 05:11:12.041332   /opt/hostedtoolcache/Python/3.11.16/x64/lib/python3.11
2026-09-13 05:11:12.091486   /opt/hostedtoolcache/Python/3.11.16/x64/lib/python3.11/lib-dynload
2026-09-13 05:11:12.141651   /opt/hostedtoolcache/Python/3.11.16/x64/lib/python3.11/site-packages
2026-09-13 05:11:12.191786 [ ERROR ] Error in file '/home/runner/work/engg-robot-testing-framework/engg-robot-testing-framework/resources/common.resource' on line 4: Importing library 'playwright_keyword_library.PlaywrightKeywordLibrary' failed: ModuleNotFoundError: No module named 'playwright_keyword_library'
2026-09-13 05:11:12.241988 Traceback (most recent call last):
2026-09-13 05:11:12.292097   None
2026-09-13 05:11:12.342225 PYTHONPATH:
2026-09-13 05:11:12.392339   /opt/hostedtoolcache/Python/3.11.16/x64/bin
2026-09-13 05:11:12.442481   /opt/hostedtoolcache/Python/3.11.16/x64/lib/python311.zip
2026-09-13 05:11:12.492604   /opt/hostedtoolcache/Python/3.11.16/x64/lib/python3.11
2026-09-13 05:11:12.542764   /opt/hostedtoolcache/Python/3.11.16/x64/lib/python3.11/lib-dynload
2026-09-13 05:11:12.592873   /opt/hostedtoolcache/Python/3.11.16/x64/lib/python3.11/site-packages
2026-09-13 05:11:21.363909 TC03 Login User With Incorrect Email And Password                     | FAIL |
2026-09-13 05:11:21.400022 Setup failed:
2026-09-13 05:11:21.400036 No keyword with name 'Open Browser' found.
2026-09-13 05:11:21.400045 
2026-09-13 05:11:21.400054 Also teardown failed:
2026-09-13 05:11:21.400063 Several failures occurred:
2026-09-13 05:11:21.400071 
2026-09-13 05:11:21.400079 1) No keyword with name 'Register Keyword To Run On Failure' found.
2026-09-13 05:11:21.400108 
2026-09-13 05:11:21.400116 2) No keyword with name 'Close Browser' found. Did you mean:
2026-09-13 05:11:21.400124     common.Close Test Browser
2026-09-13 05:11:21.400131 ------------------------------------------------------------------------------
2026-09-13 05:11:21.400139 Suites.Auth.TC03 login invalid                                        | FAIL |
2026-09-13 05:11:21.400951 1 test, 0 passed, 1 failed
2026-09-13 05:11:21.401357 ==============================================================================
2026-09-13 05:11:21.401377 Suites.Auth                                                           | FAIL |
2026-09-13 05:11:21.401481 1 test, 0 passed, 1 failed
2026-09-13 05:11:21.401526 ==============================================================================
2026-09-13 05:11:21.401536 Suites                                                                | FAIL |
2026-09-13 05:11:21.402006 1 test, 0 passed, 1 failed
2026-09-13 05:11:21.402052 ==============================================================================
2026-09-13 05:11:21.402061 Output:  /home/runner/work/engg-robot-testing-framework/engg-robot-testing-framework/reports/pabot_results/2/output.xml
