2026-10-04 06:11:08.247120 ==============================================================================
2026-10-04 06:11:08.262200 Suites
2026-10-04 06:11:08.262223 ==============================================================================
2026-10-04 06:11:08.262242 Suites.Auth
2026-10-04 06:11:08.263067 ==============================================================================
2026-10-04 06:11:08.263086 Suites.Auth.TC02 login valid
2026-10-04 06:11:08.263086 [ ERROR ] Error in file '/home/runner/work/engg-robot-testing-framework/engg-robot-testing-framework/tests/auth/TC02_login_valid.robot' on line 2: Importing library 'playwright_keyword_library.PlaywrightKeywordLibrary' failed: ModuleNotFoundError: No module named 'playwright_keyword_library'
2026-10-04 06:11:08.281573 ==============================================================================
2026-10-04 06:11:08.281573 Traceback (most recent call last):
2026-10-04 06:11:08.281598   None
2026-10-04 06:11:08.331716 PYTHONPATH:
2026-10-04 06:11:08.381826   /opt/hostedtoolcache/Python/3.11.16/x64/bin
2026-10-04 06:11:08.431941   /opt/hostedtoolcache/Python/3.11.16/x64/lib/python311.zip
2026-10-04 06:11:08.482040   /opt/hostedtoolcache/Python/3.11.16/x64/lib/python3.11
2026-10-04 06:11:08.532142   /opt/hostedtoolcache/Python/3.11.16/x64/lib/python3.11/lib-dynload
2026-10-04 06:11:08.582292   /opt/hostedtoolcache/Python/3.11.16/x64/lib/python3.11/site-packages
2026-10-04 06:11:08.632451 [ ERROR ] Error in file '/home/runner/work/engg-robot-testing-framework/engg-robot-testing-framework/resources/auth_keywords.resource' on line 2: Importing library 'playwright_keyword_library.PlaywrightKeywordLibrary' failed: ModuleNotFoundError: No module named 'playwright_keyword_library'
2026-10-04 06:11:08.682598 Traceback (most recent call last):
2026-10-04 06:11:08.732760   None
2026-10-04 06:11:08.782914 PYTHONPATH:
2026-10-04 06:11:08.833065   /opt/hostedtoolcache/Python/3.11.16/x64/bin
2026-10-04 06:11:08.883214   /opt/hostedtoolcache/Python/3.11.16/x64/lib/python311.zip
2026-10-04 06:11:08.933361   /opt/hostedtoolcache/Python/3.11.16/x64/lib/python3.11
2026-10-04 06:11:08.983506   /opt/hostedtoolcache/Python/3.11.16/x64/lib/python3.11/lib-dynload
2026-10-04 06:11:09.033652   /opt/hostedtoolcache/Python/3.11.16/x64/lib/python3.11/site-packages
2026-10-04 06:11:09.083806 [ ERROR ] Error in file '/home/runner/work/engg-robot-testing-framework/engg-robot-testing-framework/resources/common.resource' on line 4: Importing library 'playwright_keyword_library.PlaywrightKeywordLibrary' failed: ModuleNotFoundError: No module named 'playwright_keyword_library'
2026-10-04 06:11:09.133952 Traceback (most recent call last):
2026-10-04 06:11:09.184103   None
2026-10-04 06:11:09.234250 PYTHONPATH:
2026-10-04 06:11:09.284401   /opt/hostedtoolcache/Python/3.11.16/x64/bin
2026-10-04 06:11:09.334547   /opt/hostedtoolcache/Python/3.11.16/x64/lib/python311.zip
2026-10-04 06:11:09.384697   /opt/hostedtoolcache/Python/3.11.16/x64/lib/python3.11
2026-10-04 06:11:09.434845   /opt/hostedtoolcache/Python/3.11.16/x64/lib/python3.11/lib-dynload
2026-10-04 06:11:09.484994   /opt/hostedtoolcache/Python/3.11.16/x64/lib/python3.11/site-packages
2026-10-04 06:11:18.255657 TC02 Login User With Correct Email And Password                       | FAIL |
2026-10-04 06:11:18.291321 Setup failed:
2026-10-04 06:11:18.291340 No keyword with name 'Open Browser' found.
2026-10-04 06:11:18.291356 
2026-10-04 06:11:18.291370 Also teardown failed:
2026-10-04 06:11:18.291384 Several failures occurred:
2026-10-04 06:11:18.291398 
2026-10-04 06:11:18.291415 1) No keyword with name 'Register Keyword To Run On Failure' found.
2026-10-04 06:11:18.291428 
2026-10-04 06:11:18.291439 2) No keyword with name 'Close Browser' found. Did you mean:
2026-10-04 06:11:18.291449     common.Close Test Browser
2026-10-04 06:11:18.291460 ------------------------------------------------------------------------------
2026-10-04 06:11:18.291472 Suites.Auth.TC02 login valid                                          | FAIL |
2026-10-04 06:11:18.291976 1 test, 0 passed, 1 failed
2026-10-04 06:11:18.292057 ==============================================================================
2026-10-04 06:11:18.292073 Suites.Auth                                                           | FAIL |
2026-10-04 06:11:18.292393 1 test, 0 passed, 1 failed
2026-10-04 06:11:18.292457 ==============================================================================
2026-10-04 06:11:18.292472 Suites                                                                | FAIL |
2026-10-04 06:11:18.292801 1 test, 0 passed, 1 failed
2026-10-04 06:11:18.292874 ==============================================================================
2026-10-04 06:11:18.292889 Output:  /home/runner/work/engg-robot-testing-framework/engg-robot-testing-framework/reports/pabot_results/1/output.xml
