2026-09-09 05:01:03.469519 ==============================================================================
2026-09-09 05:01:03.517740 Suites
2026-09-09 05:01:03.517758 ==============================================================================
2026-09-09 05:01:03.517770 Suites.Cart
2026-09-09 05:01:03.518513 ==============================================================================
2026-09-09 05:01:03.518528 Suites.Cart.TC22 add from recommended items :: TC22 - Add To Cart From Reco...
2026-09-09 05:01:03.518528 [ ERROR ] Error in file '/home/runner/work/engg-robot-testing-framework/engg-robot-testing-framework/resources/common.resource' on line 4: Importing library 'playwright_keyword_library.PlaywrightKeywordLibrary' failed: ModuleNotFoundError: No module named 'playwright_keyword_library'
2026-09-09 05:01:03.538649 ==============================================================================
2026-09-09 05:01:03.538649 Traceback (most recent call last):
2026-09-09 05:01:03.538670   None
2026-09-09 05:01:03.588804 PYTHONPATH:
2026-09-09 05:01:03.639077   /opt/hostedtoolcache/Python/3.11.16/x64/bin
2026-09-09 05:01:03.689211   /opt/hostedtoolcache/Python/3.11.16/x64/lib/python311.zip
2026-09-09 05:01:03.739393   /opt/hostedtoolcache/Python/3.11.16/x64/lib/python3.11
2026-09-09 05:01:03.789537   /opt/hostedtoolcache/Python/3.11.16/x64/lib/python3.11/lib-dynload
2026-09-09 05:01:03.839707   /opt/hostedtoolcache/Python/3.11.16/x64/lib/python3.11/site-packages
2026-09-09 05:01:03.890060 [ ERROR ] Error in file '/home/runner/work/engg-robot-testing-framework/engg-robot-testing-framework/resources/cart_keywords.resource' on line 2: Importing library 'playwright_keyword_library.PlaywrightKeywordLibrary' failed: ModuleNotFoundError: No module named 'playwright_keyword_library'
2026-09-09 05:01:03.940231 Traceback (most recent call last):
2026-09-09 05:01:03.990389   None
2026-09-09 05:01:04.040578 PYTHONPATH:
2026-09-09 05:01:04.090738   /opt/hostedtoolcache/Python/3.11.16/x64/bin
2026-09-09 05:01:04.140918   /opt/hostedtoolcache/Python/3.11.16/x64/lib/python311.zip
2026-09-09 05:01:04.191061   /opt/hostedtoolcache/Python/3.11.16/x64/lib/python3.11
2026-09-09 05:01:04.241252   /opt/hostedtoolcache/Python/3.11.16/x64/lib/python3.11/lib-dynload
2026-09-09 05:01:04.291432   /opt/hostedtoolcache/Python/3.11.16/x64/lib/python3.11/site-packages
2026-09-09 05:01:13.518264 TC22 Add To Cart From Recommended Items                               | FAIL |
2026-09-09 05:01:13.548458 Setup failed:
2026-09-09 05:01:13.548473 No keyword with name 'Open Browser' found.
2026-09-09 05:01:13.548482 
2026-09-09 05:01:13.548491 Also teardown failed:
2026-09-09 05:01:13.548499 Several failures occurred:
2026-09-09 05:01:13.548506 
2026-09-09 05:01:13.548512 1) No keyword with name 'Register Keyword To Run On Failure' found.
2026-09-09 05:01:13.548521 
2026-09-09 05:01:13.548527 2) No keyword with name 'Close Browser' found. Did you mean:
2026-09-09 05:01:13.548534     common.Close Test Browser
2026-09-09 05:01:13.548541 ------------------------------------------------------------------------------
2026-09-09 05:01:13.548548 Suites.Cart.TC22 add from recommended items :: TC22 - Add To Cart ... | FAIL |
2026-09-09 05:01:13.549066 1 test, 0 passed, 1 failed
2026-09-09 05:01:13.549108 ==============================================================================
2026-09-09 05:01:13.549115 Suites.Cart                                                           | FAIL |
2026-09-09 05:01:13.549492 1 test, 0 passed, 1 failed
2026-09-09 05:01:13.549529 ==============================================================================
2026-09-09 05:01:13.549537 Suites                                                                | FAIL |
2026-09-09 05:01:13.549858 1 test, 0 passed, 1 failed
2026-09-09 05:01:13.549906 ==============================================================================
2026-09-09 05:01:13.549913 Output:  /home/runner/work/engg-robot-testing-framework/engg-robot-testing-framework/reports/pabot_results/9/output.xml
