2026-10-09 06:29:57.818680 ==============================================================================
2026-10-09 06:29:57.845581 Suites
2026-10-09 06:29:57.845602 ==============================================================================
2026-10-09 06:29:57.845617 Suites.Auth
2026-10-09 06:29:57.846393 ==============================================================================
2026-10-09 06:29:57.846411 Suites.Auth.TC03 login invalid
2026-10-09 06:29:57.846411 [ ERROR ] Error in file '/home/runner/work/engg-robot-testing-framework/engg-robot-testing-framework/tests/auth/TC03_login_invalid.robot' on line 2: Importing library 'playwright_keyword_library.PlaywrightKeywordLibrary' failed: ModuleNotFoundError: No module named 'playwright_keyword_library'
2026-10-09 06:29:57.865363 ==============================================================================
2026-10-09 06:29:57.865363 Traceback (most recent call last):
2026-10-09 06:29:57.865389   None
2026-10-09 06:29:57.915513 PYTHONPATH:
2026-10-09 06:29:57.965619   /opt/hostedtoolcache/Python/3.11.17/x64/bin
2026-10-09 06:29:58.015731   /opt/hostedtoolcache/Python/3.11.17/x64/lib/python311.zip
2026-10-09 06:29:58.065845   /opt/hostedtoolcache/Python/3.11.17/x64/lib/python3.11
2026-10-09 06:29:58.115958   /opt/hostedtoolcache/Python/3.11.17/x64/lib/python3.11/lib-dynload
2026-10-09 06:29:58.166078   /opt/hostedtoolcache/Python/3.11.17/x64/lib/python3.11/site-packages
2026-10-09 06:29:58.216238 [ ERROR ] Error in file '/home/runner/work/engg-robot-testing-framework/engg-robot-testing-framework/resources/auth_keywords.resource' on line 2: Importing library 'playwright_keyword_library.PlaywrightKeywordLibrary' failed: ModuleNotFoundError: No module named 'playwright_keyword_library'
2026-10-09 06:29:58.266348 Traceback (most recent call last):
2026-10-09 06:29:58.316458   None
2026-10-09 06:29:58.366598 PYTHONPATH:
2026-10-09 06:29:58.416750   /opt/hostedtoolcache/Python/3.11.17/x64/bin
2026-10-09 06:29:58.466894   /opt/hostedtoolcache/Python/3.11.17/x64/lib/python311.zip
2026-10-09 06:29:58.517038   /opt/hostedtoolcache/Python/3.11.17/x64/lib/python3.11
2026-10-09 06:29:58.567191   /opt/hostedtoolcache/Python/3.11.17/x64/lib/python3.11/lib-dynload
2026-10-09 06:29:58.617328   /opt/hostedtoolcache/Python/3.11.17/x64/lib/python3.11/site-packages
2026-10-09 06:29:58.667458 [ ERROR ] Error in file '/home/runner/work/engg-robot-testing-framework/engg-robot-testing-framework/resources/common.resource' on line 4: Importing library 'playwright_keyword_library.PlaywrightKeywordLibrary' failed: ModuleNotFoundError: No module named 'playwright_keyword_library'
2026-10-09 06:29:58.717594 Traceback (most recent call last):
2026-10-09 06:29:58.767702   None
2026-10-09 06:29:58.817853 PYTHONPATH:
2026-10-09 06:29:58.867986   /opt/hostedtoolcache/Python/3.11.17/x64/bin
2026-10-09 06:29:58.918141   /opt/hostedtoolcache/Python/3.11.17/x64/lib/python311.zip
2026-10-09 06:29:58.968271   /opt/hostedtoolcache/Python/3.11.17/x64/lib/python3.11
2026-10-09 06:29:59.018424   /opt/hostedtoolcache/Python/3.11.17/x64/lib/python3.11/lib-dynload
2026-10-09 06:29:59.068693   /opt/hostedtoolcache/Python/3.11.17/x64/lib/python3.11/site-packages
2026-10-09 06:30:07.840829 TC03 Login User With Incorrect Email And Password                     | FAIL |
2026-10-09 06:30:07.875252 Setup failed:
2026-10-09 06:30:07.875266 No keyword with name 'Open Browser' found.
2026-10-09 06:30:07.875274 
2026-10-09 06:30:07.875282 Also teardown failed:
2026-10-09 06:30:07.875288 Several failures occurred:
2026-10-09 06:30:07.875295 
2026-10-09 06:30:07.875303 1) No keyword with name 'Register Keyword To Run On Failure' found.
2026-10-09 06:30:07.875310 
2026-10-09 06:30:07.875316 2) No keyword with name 'Close Browser' found. Did you mean:
2026-10-09 06:30:07.875323     common.Close Test Browser
2026-10-09 06:30:07.875330 ------------------------------------------------------------------------------
2026-10-09 06:30:07.875336 Suites.Auth.TC03 login invalid                                        | FAIL |
2026-10-09 06:30:07.875873 1 test, 0 passed, 1 failed
2026-10-09 06:30:07.875933 ==============================================================================
2026-10-09 06:30:07.875943 Suites.Auth                                                           | FAIL |
2026-10-09 06:30:07.876312 1 test, 0 passed, 1 failed
2026-10-09 06:30:07.876358 ==============================================================================
2026-10-09 06:30:07.876366 Suites                                                                | FAIL |
2026-10-09 06:30:07.876692 1 test, 0 passed, 1 failed
2026-10-09 06:30:07.876740 ==============================================================================
2026-10-09 06:30:07.876747 Output:  /home/runner/work/engg-robot-testing-framework/engg-robot-testing-framework/reports/pabot_results/2/output.xml
