2026-10-04 06:11:49.933770 ==============================================================================
2026-10-04 06:11:49.950200 Suites
2026-10-04 06:11:49.950220 ==============================================================================
2026-10-04 06:11:49.950237 Suites.Cart
2026-10-04 06:11:49.951073 ==============================================================================
2026-10-04 06:11:49.951093 Suites.Cart.TC22 add from recommended items :: TC22 - Add To Cart From Reco...
2026-10-04 06:11:49.951093 [ ERROR ] Error in file '/home/runner/work/engg-robot-testing-framework/engg-robot-testing-framework/resources/common.resource' on line 4: Importing library 'playwright_keyword_library.PlaywrightKeywordLibrary' failed: ModuleNotFoundError: No module named 'playwright_keyword_library'
2026-10-04 06:11:49.974166 ==============================================================================
2026-10-04 06:11:49.974166 Traceback (most recent call last):
2026-10-04 06:11:49.974192   None
2026-10-04 06:11:50.024299 PYTHONPATH:
2026-10-04 06:11:50.074399   /opt/hostedtoolcache/Python/3.11.16/x64/bin
2026-10-04 06:11:50.124504   /opt/hostedtoolcache/Python/3.11.16/x64/lib/python311.zip
2026-10-04 06:11:50.174685   /opt/hostedtoolcache/Python/3.11.16/x64/lib/python3.11
2026-10-04 06:11:50.224804   /opt/hostedtoolcache/Python/3.11.16/x64/lib/python3.11/lib-dynload
2026-10-04 06:11:50.274972   /opt/hostedtoolcache/Python/3.11.16/x64/lib/python3.11/site-packages
2026-10-04 06:11:50.325124 [ ERROR ] Error in file '/home/runner/work/engg-robot-testing-framework/engg-robot-testing-framework/resources/cart_keywords.resource' on line 2: Importing library 'playwright_keyword_library.PlaywrightKeywordLibrary' failed: ModuleNotFoundError: No module named 'playwright_keyword_library'
2026-10-04 06:11:50.375250 Traceback (most recent call last):
2026-10-04 06:11:50.425401   None
2026-10-04 06:11:50.475557 PYTHONPATH:
2026-10-04 06:11:50.525701   /opt/hostedtoolcache/Python/3.11.16/x64/bin
2026-10-04 06:11:50.575858   /opt/hostedtoolcache/Python/3.11.16/x64/lib/python311.zip
2026-10-04 06:11:50.626007   /opt/hostedtoolcache/Python/3.11.16/x64/lib/python3.11
2026-10-04 06:11:50.676152   /opt/hostedtoolcache/Python/3.11.16/x64/lib/python3.11/lib-dynload
2026-10-04 06:11:50.726300   /opt/hostedtoolcache/Python/3.11.16/x64/lib/python3.11/site-packages
2026-10-04 06:11:59.948933 TC22 Add To Cart From Recommended Items                               | FAIL |
2026-10-04 06:11:59.984504 Setup failed:
2026-10-04 06:11:59.984518 No keyword with name 'Open Browser' found.
2026-10-04 06:11:59.984527 
2026-10-04 06:11:59.984534 Also teardown failed:
2026-10-04 06:11:59.984541 Several failures occurred:
2026-10-04 06:11:59.984548 
2026-10-04 06:11:59.984555 1) No keyword with name 'Register Keyword To Run On Failure' found.
2026-10-04 06:11:59.984579 
2026-10-04 06:11:59.984587 2) No keyword with name 'Close Browser' found. Did you mean:
2026-10-04 06:11:59.984594     common.Close Test Browser
2026-10-04 06:11:59.984600 ------------------------------------------------------------------------------
2026-10-04 06:11:59.984607 Suites.Cart.TC22 add from recommended items :: TC22 - Add To Cart ... | FAIL |
2026-10-04 06:11:59.985082 1 test, 0 passed, 1 failed
2026-10-04 06:11:59.985094 ==============================================================================
2026-10-04 06:11:59.985101 Suites.Cart                                                           | FAIL |
2026-10-04 06:11:59.985422 1 test, 0 passed, 1 failed
2026-10-04 06:11:59.985434 ==============================================================================
2026-10-04 06:11:59.985442 Suites                                                                | FAIL |
2026-10-04 06:11:59.985743 1 test, 0 passed, 1 failed
2026-10-04 06:11:59.985756 ==============================================================================
2026-10-04 06:11:59.985763 Output:  /home/runner/work/engg-robot-testing-framework/engg-robot-testing-framework/reports/pabot_results/9/output.xml
