2026-08-04 03:48:54.159717 ==============================================================================
2026-08-04 03:48:54.168757 Suites
2026-08-04 03:48:54.168768 ==============================================================================
2026-08-04 03:48:54.168774 Suites.Auth
2026-08-04 03:48:54.169278 ==============================================================================
2026-08-04 03:48:54.169287 Suites.Auth.TC04 logout user
2026-08-04 03:48:54.169287 [ ERROR ] Error in file '/home/runner/work/engg-robot-testing-framework/engg-robot-testing-framework/tests/auth/TC04_logout_user.robot' on line 2: Importing library 'playwright_keyword_library.PlaywrightKeywordLibrary' failed: ModuleNotFoundError: No module named 'playwright_keyword_library'
2026-08-04 03:48:54.180491 ==============================================================================
2026-08-04 03:48:54.180491 Traceback (most recent call last):
2026-08-04 03:48:54.180505   None
2026-08-04 03:48:54.230605 PYTHONPATH:
2026-08-04 03:48:54.280688   /opt/hostedtoolcache/Python/3.11.15/x64/bin
2026-08-04 03:48:54.330775   /opt/hostedtoolcache/Python/3.11.15/x64/lib/python311.zip
2026-08-04 03:48:54.380858   /opt/hostedtoolcache/Python/3.11.15/x64/lib/python3.11
2026-08-04 03:48:54.430942   /opt/hostedtoolcache/Python/3.11.15/x64/lib/python3.11/lib-dynload
2026-08-04 03:48:54.481040   /opt/hostedtoolcache/Python/3.11.15/x64/lib/python3.11/site-packages
2026-08-04 03:48:54.531136 [ ERROR ] Error in file '/home/runner/work/engg-robot-testing-framework/engg-robot-testing-framework/resources/auth_keywords.resource' on line 2: Importing library 'playwright_keyword_library.PlaywrightKeywordLibrary' failed: ModuleNotFoundError: No module named 'playwright_keyword_library'
2026-08-04 03:48:54.581225 Traceback (most recent call last):
2026-08-04 03:48:54.631311   None
2026-08-04 03:48:54.681393 PYTHONPATH:
2026-08-04 03:48:54.731482   /opt/hostedtoolcache/Python/3.11.15/x64/bin
2026-08-04 03:48:54.781579   /opt/hostedtoolcache/Python/3.11.15/x64/lib/python311.zip
2026-08-04 03:48:54.831664   /opt/hostedtoolcache/Python/3.11.15/x64/lib/python3.11
2026-08-04 03:48:54.881746   /opt/hostedtoolcache/Python/3.11.15/x64/lib/python3.11/lib-dynload
2026-08-04 03:48:54.931834   /opt/hostedtoolcache/Python/3.11.15/x64/lib/python3.11/site-packages
2026-08-04 03:48:54.981914 [ ERROR ] Error in file '/home/runner/work/engg-robot-testing-framework/engg-robot-testing-framework/resources/common.resource' on line 4: Importing library 'playwright_keyword_library.PlaywrightKeywordLibrary' failed: ModuleNotFoundError: No module named 'playwright_keyword_library'
2026-08-04 03:48:55.032000 Traceback (most recent call last):
2026-08-04 03:48:55.082082   None
2026-08-04 03:48:55.132164 PYTHONPATH:
2026-08-04 03:48:55.182244   /opt/hostedtoolcache/Python/3.11.15/x64/bin
2026-08-04 03:48:55.232327   /opt/hostedtoolcache/Python/3.11.15/x64/lib/python311.zip
2026-08-04 03:48:55.282413   /opt/hostedtoolcache/Python/3.11.15/x64/lib/python3.11
2026-08-04 03:48:55.332503   /opt/hostedtoolcache/Python/3.11.15/x64/lib/python3.11/lib-dynload
2026-08-04 03:48:55.382597   /opt/hostedtoolcache/Python/3.11.15/x64/lib/python3.11/site-packages
2026-08-04 03:49:04.146975 TC04 Logout User                                                      | FAIL |
2026-08-04 03:49:04.186894 Setup failed:
2026-08-04 03:49:04.186905 No keyword with name 'Open Browser' found.
2026-08-04 03:49:04.186911 
2026-08-04 03:49:04.186917 Also teardown failed:
2026-08-04 03:49:04.186922 Several failures occurred:
2026-08-04 03:49:04.186928 
2026-08-04 03:49:04.186933 1) No keyword with name 'Register Keyword To Run On Failure' found.
2026-08-04 03:49:04.186938 
2026-08-04 03:49:04.186943 2) No keyword with name 'Close Browser' found. Did you mean:
2026-08-04 03:49:04.186947     common.Close Test Browser
2026-08-04 03:49:04.186952 ------------------------------------------------------------------------------
2026-08-04 03:49:04.186957 Suites.Auth.TC04 logout user                                          | FAIL |
2026-08-04 03:49:04.187387 1 test, 0 passed, 1 failed
2026-08-04 03:49:04.187403 ==============================================================================
2026-08-04 03:49:04.187446 Suites.Auth                                                           | FAIL |
2026-08-04 03:49:04.187681 1 test, 0 passed, 1 failed
2026-08-04 03:49:04.187696 ==============================================================================
2026-08-04 03:49:04.187747 Suites                                                                | FAIL |
2026-08-04 03:49:04.187934 1 test, 0 passed, 1 failed
2026-08-04 03:49:04.187949 ==============================================================================
2026-08-04 03:49:04.187996 Output:  /home/runner/work/engg-robot-testing-framework/engg-robot-testing-framework/reports/pabot_results/3/output.xml
