2026-09-16 05:05:16.690860 ==============================================================================
2026-09-16 05:05:16.715847 Suites
2026-09-16 05:05:16.716808 ==============================================================================
2026-09-16 05:05:16.716823 Suites.Cart
2026-09-16 05:05:16.716837 ==============================================================================
2026-09-16 05:05:16.716851 Suites.Cart.TC13 verify product quantity :: TC13 - Verify Product Quantity ...
2026-09-16 05:05:16.716851 [ ERROR ] Error in file '/home/runner/work/engg-robot-testing-framework/engg-robot-testing-framework/resources/common.resource' on line 4: Importing library 'playwright_keyword_library.PlaywrightKeywordLibrary' failed: ModuleNotFoundError: No module named 'playwright_keyword_library'
2026-09-16 05:05:16.747741 ==============================================================================
2026-09-16 05:05:16.747741 Traceback (most recent call last):
2026-09-16 05:05:16.747767   None
2026-09-16 05:05:16.797878 PYTHONPATH:
2026-09-16 05:05:16.847988   /opt/hostedtoolcache/Python/3.11.16/x64/bin
2026-09-16 05:05:16.898086   /opt/hostedtoolcache/Python/3.11.16/x64/lib/python311.zip
2026-09-16 05:05:16.948201   /opt/hostedtoolcache/Python/3.11.16/x64/lib/python3.11
2026-09-16 05:05:16.998307   /opt/hostedtoolcache/Python/3.11.16/x64/lib/python3.11/lib-dynload
2026-09-16 05:05:17.048426   /opt/hostedtoolcache/Python/3.11.16/x64/lib/python3.11/site-packages
2026-09-16 05:05:17.098586 [ ERROR ] Error in file '/home/runner/work/engg-robot-testing-framework/engg-robot-testing-framework/resources/product_keywords.resource' on line 2: Importing library 'playwright_keyword_library.PlaywrightKeywordLibrary' failed: ModuleNotFoundError: No module named 'playwright_keyword_library'
2026-09-16 05:05:17.148728 Traceback (most recent call last):
2026-09-16 05:05:17.198886   None
2026-09-16 05:05:17.249059 PYTHONPATH:
2026-09-16 05:05:17.299227   /opt/hostedtoolcache/Python/3.11.16/x64/bin
2026-09-16 05:05:17.349389   /opt/hostedtoolcache/Python/3.11.16/x64/lib/python311.zip
2026-09-16 05:05:17.399539   /opt/hostedtoolcache/Python/3.11.16/x64/lib/python3.11
2026-09-16 05:05:17.449652   /opt/hostedtoolcache/Python/3.11.16/x64/lib/python3.11/lib-dynload
2026-09-16 05:05:17.499839   /opt/hostedtoolcache/Python/3.11.16/x64/lib/python3.11/site-packages
2026-09-16 05:05:17.549984 [ ERROR ] Error in file '/home/runner/work/engg-robot-testing-framework/engg-robot-testing-framework/resources/cart_keywords.resource' on line 2: Importing library 'playwright_keyword_library.PlaywrightKeywordLibrary' failed: ModuleNotFoundError: No module named 'playwright_keyword_library'
2026-09-16 05:05:17.600132 Traceback (most recent call last):
2026-09-16 05:05:17.650277   None
2026-09-16 05:05:17.700467 PYTHONPATH:
2026-09-16 05:05:17.750629   /opt/hostedtoolcache/Python/3.11.16/x64/bin
2026-09-16 05:05:17.800792   /opt/hostedtoolcache/Python/3.11.16/x64/lib/python311.zip
2026-09-16 05:05:17.850902   /opt/hostedtoolcache/Python/3.11.16/x64/lib/python3.11
2026-09-16 05:05:17.901053   /opt/hostedtoolcache/Python/3.11.16/x64/lib/python3.11/lib-dynload
2026-09-16 05:05:17.951199   /opt/hostedtoolcache/Python/3.11.16/x64/lib/python3.11/site-packages
2026-09-16 05:05:26.725065 TC13 Verify Product Quantity In Cart                                  | FAIL |
2026-09-16 05:05:26.759069 Setup failed:
2026-09-16 05:05:26.759084 No keyword with name 'Open Browser' found.
2026-09-16 05:05:26.759094 
2026-09-16 05:05:26.759102 Also teardown failed:
2026-09-16 05:05:26.759110 Several failures occurred:
2026-09-16 05:05:26.759118 
2026-09-16 05:05:26.759127 1) No keyword with name 'Register Keyword To Run On Failure' found.
2026-09-16 05:05:26.759135 
2026-09-16 05:05:26.759143 2) No keyword with name 'Close Browser' found. Did you mean:
2026-09-16 05:05:26.759151     common.Close Test Browser
2026-09-16 05:05:26.759159 ------------------------------------------------------------------------------
2026-09-16 05:05:26.759167 Suites.Cart.TC13 verify product quantity :: TC13 - Verify Product ... | FAIL |
2026-09-16 05:05:26.759929 1 test, 0 passed, 1 failed
2026-09-16 05:05:26.759943 ==============================================================================
2026-09-16 05:05:26.759951 Suites.Cart                                                           | FAIL |
2026-09-16 05:05:26.760494 1 test, 0 passed, 1 failed
2026-09-16 05:05:26.760563 ==============================================================================
2026-09-16 05:05:26.760573 Suites                                                                | FAIL |
2026-09-16 05:05:26.760932 1 test, 0 passed, 1 failed
2026-09-16 05:05:26.760989 ==============================================================================
2026-09-16 05:05:26.760997 Output:  /home/runner/work/engg-robot-testing-framework/engg-robot-testing-framework/reports/pabot_results/6/output.xml
