2026-07-04 04:11:01.555808 ==============================================================================
2026-07-04 04:11:01.569541 Suites
2026-07-04 04:11:01.569560 ==============================================================================
2026-07-04 04:11:01.569573 Suites.Auth
2026-07-04 04:11:01.570463 ==============================================================================
2026-07-04 04:11:01.570481 Suites.Auth.TC03 login invalid
2026-07-04 04:11:01.570481 [ ERROR ] Error in file '/home/runner/work/engg-robot-testing-framework/engg-robot-testing-framework/tests/auth/TC03_login_invalid.robot' on line 2: Importing library 'playwright_keyword_library.PlaywrightKeywordLibrary' failed: ModuleNotFoundError: No module named 'playwright_keyword_library'
2026-07-04 04:11:01.589268 ==============================================================================
2026-07-04 04:11:01.589268 Traceback (most recent call last):
2026-07-04 04:11:01.589297   None
2026-07-04 04:11:01.639461 PYTHONPATH:
2026-07-04 04:11:01.689600   /opt/hostedtoolcache/Python/3.11.15/x64/bin
2026-07-04 04:11:01.739758   /opt/hostedtoolcache/Python/3.11.15/x64/lib/python311.zip
2026-07-04 04:11:01.789881   /opt/hostedtoolcache/Python/3.11.15/x64/lib/python3.11
2026-07-04 04:11:01.839998   /opt/hostedtoolcache/Python/3.11.15/x64/lib/python3.11/lib-dynload
2026-07-04 04:11:01.890188   /opt/hostedtoolcache/Python/3.11.15/x64/lib/python3.11/site-packages
2026-07-04 04:11:01.940346 [ ERROR ] Error in file '/home/runner/work/engg-robot-testing-framework/engg-robot-testing-framework/resources/auth_keywords.resource' on line 2: Importing library 'playwright_keyword_library.PlaywrightKeywordLibrary' failed: ModuleNotFoundError: No module named 'playwright_keyword_library'
2026-07-04 04:11:01.990512 Traceback (most recent call last):
2026-07-04 04:11:02.040691   None
2026-07-04 04:11:02.090849 PYTHONPATH:
2026-07-04 04:11:02.141008   /opt/hostedtoolcache/Python/3.11.15/x64/bin
2026-07-04 04:11:02.191162   /opt/hostedtoolcache/Python/3.11.15/x64/lib/python311.zip
2026-07-04 04:11:02.241319   /opt/hostedtoolcache/Python/3.11.15/x64/lib/python3.11
2026-07-04 04:11:02.291474   /opt/hostedtoolcache/Python/3.11.15/x64/lib/python3.11/lib-dynload
2026-07-04 04:11:02.341622   /opt/hostedtoolcache/Python/3.11.15/x64/lib/python3.11/site-packages
2026-07-04 04:11:02.391777 [ ERROR ] Error in file '/home/runner/work/engg-robot-testing-framework/engg-robot-testing-framework/resources/common.resource' on line 4: Importing library 'playwright_keyword_library.PlaywrightKeywordLibrary' failed: ModuleNotFoundError: No module named 'playwright_keyword_library'
2026-07-04 04:11:02.441933 Traceback (most recent call last):
2026-07-04 04:11:02.492089   None
2026-07-04 04:11:02.542237 PYTHONPATH:
2026-07-04 04:11:02.592390   /opt/hostedtoolcache/Python/3.11.15/x64/bin
2026-07-04 04:11:02.642539   /opt/hostedtoolcache/Python/3.11.15/x64/lib/python311.zip
2026-07-04 04:11:02.692684   /opt/hostedtoolcache/Python/3.11.15/x64/lib/python3.11
2026-07-04 04:11:02.742833   /opt/hostedtoolcache/Python/3.11.15/x64/lib/python3.11/lib-dynload
2026-07-04 04:11:02.792987   /opt/hostedtoolcache/Python/3.11.15/x64/lib/python3.11/site-packages
2026-07-04 04:11:11.564650 TC03 Login User With Incorrect Email And Password                     | FAIL |
2026-07-04 04:11:11.598990 Setup failed:
2026-07-04 04:11:11.599010 No keyword with name 'Open Browser' found.
2026-07-04 04:11:11.599025 
2026-07-04 04:11:11.599039 Also teardown failed:
2026-07-04 04:11:11.599053 Several failures occurred:
2026-07-04 04:11:11.599066 
2026-07-04 04:11:11.599078 1) No keyword with name 'Register Keyword To Run On Failure' found.
2026-07-04 04:11:11.599090 
2026-07-04 04:11:11.599102 2) No keyword with name 'Close Browser' found. Did you mean:
2026-07-04 04:11:11.599113     common.Close Test Browser
2026-07-04 04:11:11.599125 ------------------------------------------------------------------------------
2026-07-04 04:11:11.599139 Suites.Auth.TC03 login invalid                                        | FAIL |
2026-07-04 04:11:11.599628 1 test, 0 passed, 1 failed
2026-07-04 04:11:11.599702 ==============================================================================
2026-07-04 04:11:11.599719 Suites.Auth                                                           | FAIL |
2026-07-04 04:11:11.600047 1 test, 0 passed, 1 failed
2026-07-04 04:11:11.600072 ==============================================================================
2026-07-04 04:11:11.600130 Suites                                                                | FAIL |
2026-07-04 04:11:11.600470 1 test, 0 passed, 1 failed
2026-07-04 04:11:11.600488 ==============================================================================
2026-07-04 04:11:11.600501 Output:  /home/runner/work/engg-robot-testing-framework/engg-robot-testing-framework/reports/pabot_results/2/output.xml
