2026-06-15 01:24:10.158348 ==============================================================================
2026-06-15 01:24:10.160913 Suites
2026-06-15 01:24:10.160932 ==============================================================================
2026-06-15 01:24:10.160943 Suites.Cart
2026-06-15 01:24:10.161729 ==============================================================================
2026-06-15 01:24:10.262085 Suites.Cart.TC22 add from recommended items :: TC22 - Add To Cart From Reco...
2026-06-15 01:24:10.270934 ==============================================================================
2026-06-15 01:24:20.904289 TC22 Add To Cart From Recommended Items                               | FAIL |
2026-06-15 01:24:20.910139 Setup failed:
2026-06-15 01:24:20.910151 Title should have been 'Automation Exercise' but was 'One moment, please...'.
2026-06-15 01:24:20.910157 ------------------------------------------------------------------------------
2026-06-15 01:24:20.910163 Suites.Cart.TC22 add from recommended items :: TC22 - Add To Cart ... | FAIL |
2026-06-15 01:24:20.910676 1 test, 0 passed, 1 failed
2026-06-15 01:24:20.910713 ==============================================================================
2026-06-15 01:24:20.910719 Suites.Cart                                                           | FAIL |
2026-06-15 01:24:20.911010 1 test, 0 passed, 1 failed
2026-06-15 01:24:20.911057 ==============================================================================
2026-06-15 01:24:20.911063 Suites                                                                | FAIL |
2026-06-15 01:24:20.911261 1 test, 0 passed, 1 failed
2026-06-15 01:24:20.911297 ==============================================================================
2026-06-15 01:24:20.911302 Output:  /home/runner/work/engg-robot-testing-framework/engg-robot-testing-framework/reports/pabot_results/9/output.xml
