2026-06-30 04:45:25.626779 ==============================================================================
2026-06-30 04:45:25.650532 Suites
2026-06-30 04:45:25.650548 ==============================================================================
2026-06-30 04:45:25.650557 Suites.Cart
2026-06-30 04:45:25.651338 ==============================================================================
2026-06-30 04:45:25.651346 Suites.Cart.TC17 remove products from cart :: TC17 - Remove Products From Cart
2026-06-30 04:45:25.651346 [ ERROR ] Error in file '/home/runner/work/engg-robot-testing-framework/engg-robot-testing-framework/resources/common.resource' on line 4: Importing library 'playwright_keyword_library.PlaywrightKeywordLibrary' failed: ModuleNotFoundError: No module named 'playwright_keyword_library'
2026-06-30 04:45:25.679296 ==============================================================================
2026-06-30 04:45:25.679296 Traceback (most recent call last):
2026-06-30 04:45:25.679312   None
2026-06-30 04:45:25.729516 PYTHONPATH:
2026-06-30 04:45:25.779645   /opt/hostedtoolcache/Python/3.11.15/x64/bin
2026-06-30 04:45:25.829842   /opt/hostedtoolcache/Python/3.11.15/x64/lib/python311.zip
2026-06-30 04:45:25.880021   /opt/hostedtoolcache/Python/3.11.15/x64/lib/python3.11
2026-06-30 04:45:25.930226   /opt/hostedtoolcache/Python/3.11.15/x64/lib/python3.11/lib-dynload
2026-06-30 04:45:25.980404   /opt/hostedtoolcache/Python/3.11.15/x64/lib/python3.11/site-packages
2026-06-30 04:45:26.030605 [ ERROR ] Error in file '/home/runner/work/engg-robot-testing-framework/engg-robot-testing-framework/resources/product_keywords.resource' on line 2: Importing library 'playwright_keyword_library.PlaywrightKeywordLibrary' failed: ModuleNotFoundError: No module named 'playwright_keyword_library'
2026-06-30 04:45:26.080751 Traceback (most recent call last):
2026-06-30 04:45:26.131169   None
2026-06-30 04:45:26.181393 PYTHONPATH:
2026-06-30 04:45:26.231579   /opt/hostedtoolcache/Python/3.11.15/x64/bin
2026-06-30 04:45:26.281746   /opt/hostedtoolcache/Python/3.11.15/x64/lib/python311.zip
2026-06-30 04:45:26.331973   /opt/hostedtoolcache/Python/3.11.15/x64/lib/python3.11
2026-06-30 04:45:26.382148   /opt/hostedtoolcache/Python/3.11.15/x64/lib/python3.11/lib-dynload
2026-06-30 04:45:26.432294   /opt/hostedtoolcache/Python/3.11.15/x64/lib/python3.11/site-packages
2026-06-30 04:45:26.482484 [ ERROR ] Error in file '/home/runner/work/engg-robot-testing-framework/engg-robot-testing-framework/resources/cart_keywords.resource' on line 2: Importing library 'playwright_keyword_library.PlaywrightKeywordLibrary' failed: ModuleNotFoundError: No module named 'playwright_keyword_library'
2026-06-30 04:45:26.532743 Traceback (most recent call last):
2026-06-30 04:45:26.582938   None
2026-06-30 04:45:26.633136 PYTHONPATH:
2026-06-30 04:45:26.683357   /opt/hostedtoolcache/Python/3.11.15/x64/bin
2026-06-30 04:45:26.733545   /opt/hostedtoolcache/Python/3.11.15/x64/lib/python311.zip
2026-06-30 04:45:26.783772   /opt/hostedtoolcache/Python/3.11.15/x64/lib/python3.11
2026-06-30 04:45:26.833985   /opt/hostedtoolcache/Python/3.11.15/x64/lib/python3.11/lib-dynload
2026-06-30 04:45:26.884180   /opt/hostedtoolcache/Python/3.11.15/x64/lib/python3.11/site-packages
2026-06-30 04:45:35.657750 TC17 Remove Products From Cart                                        | FAIL |
2026-06-30 04:45:35.690834 Setup failed:
2026-06-30 04:45:35.690847 No keyword with name 'Open Browser' found.
2026-06-30 04:45:35.690876 
2026-06-30 04:45:35.690886 Also teardown failed:
2026-06-30 04:45:35.690893 Several failures occurred:
2026-06-30 04:45:35.690899 
2026-06-30 04:45:35.690906 1) No keyword with name 'Register Keyword To Run On Failure' found.
2026-06-30 04:45:35.690913 
2026-06-30 04:45:35.690919 2) No keyword with name 'Close Browser' found. Did you mean:
2026-06-30 04:45:35.690926     common.Close Test Browser
2026-06-30 04:45:35.690933 ------------------------------------------------------------------------------
2026-06-30 04:45:35.690939 Suites.Cart.TC17 remove products from cart :: TC17 - Remove Produc... | FAIL |
2026-06-30 04:45:35.691483 1 test, 0 passed, 1 failed
2026-06-30 04:45:35.691496 ==============================================================================
2026-06-30 04:45:35.691504 Suites.Cart                                                           | FAIL |
2026-06-30 04:45:35.691787 1 test, 0 passed, 1 failed
2026-06-30 04:45:35.691821 ==============================================================================
2026-06-30 04:45:35.691827 Suites                                                                | FAIL |
2026-06-30 04:45:35.692119 1 test, 0 passed, 1 failed
2026-06-30 04:45:35.692147 ==============================================================================
2026-06-30 04:45:35.692154 Output:  /home/runner/work/engg-robot-testing-framework/engg-robot-testing-framework/reports/pabot_results/7/output.xml
