2026-08-03 04:06:23.522764 ==============================================================================
2026-08-03 04:06:23.548197 Suites
2026-08-03 04:06:23.548251 ==============================================================================
2026-08-03 04:06:23.548267 Suites.Cart
2026-08-03 04:06:23.549021 ==============================================================================
2026-08-03 04:06:23.549040 Suites.Cart.TC12 add products to cart :: TC12 - Add Products In Cart
2026-08-03 04:06:23.549040 [ ERROR ] Error in file '/home/runner/work/engg-robot-testing-framework/engg-robot-testing-framework/resources/common.resource' on line 4: Importing library 'playwright_keyword_library.PlaywrightKeywordLibrary' failed: ModuleNotFoundError: No module named 'playwright_keyword_library'
2026-08-03 04:06:23.579544 ==============================================================================
2026-08-03 04:06:23.579544 Traceback (most recent call last):
2026-08-03 04:06:23.579568   None
2026-08-03 04:06:23.629674 PYTHONPATH:
2026-08-03 04:06:23.679798   /opt/hostedtoolcache/Python/3.11.15/x64/bin
2026-08-03 04:06:23.729951   /opt/hostedtoolcache/Python/3.11.15/x64/lib/python311.zip
2026-08-03 04:06:23.780063   /opt/hostedtoolcache/Python/3.11.15/x64/lib/python3.11
2026-08-03 04:06:23.830176   /opt/hostedtoolcache/Python/3.11.15/x64/lib/python3.11/lib-dynload
2026-08-03 04:06:23.880291   /opt/hostedtoolcache/Python/3.11.15/x64/lib/python3.11/site-packages
2026-08-03 04:06:23.930426 [ ERROR ] Error in file '/home/runner/work/engg-robot-testing-framework/engg-robot-testing-framework/resources/product_keywords.resource' on line 2: Importing library 'playwright_keyword_library.PlaywrightKeywordLibrary' failed: ModuleNotFoundError: No module named 'playwright_keyword_library'
2026-08-03 04:06:23.980559 Traceback (most recent call last):
2026-08-03 04:06:24.030697   None
2026-08-03 04:06:24.080877 PYTHONPATH:
2026-08-03 04:06:24.131057   /opt/hostedtoolcache/Python/3.11.15/x64/bin
2026-08-03 04:06:24.181170   /opt/hostedtoolcache/Python/3.11.15/x64/lib/python311.zip
2026-08-03 04:06:24.231315   /opt/hostedtoolcache/Python/3.11.15/x64/lib/python3.11
2026-08-03 04:06:24.281474   /opt/hostedtoolcache/Python/3.11.15/x64/lib/python3.11/lib-dynload
2026-08-03 04:06:24.331627   /opt/hostedtoolcache/Python/3.11.15/x64/lib/python3.11/site-packages
2026-08-03 04:06:24.381784 [ ERROR ] Error in file '/home/runner/work/engg-robot-testing-framework/engg-robot-testing-framework/resources/cart_keywords.resource' on line 2: Importing library 'playwright_keyword_library.PlaywrightKeywordLibrary' failed: ModuleNotFoundError: No module named 'playwright_keyword_library'
2026-08-03 04:06:24.431954 Traceback (most recent call last):
2026-08-03 04:06:24.482104   None
2026-08-03 04:06:24.532259 PYTHONPATH:
2026-08-03 04:06:24.582410   /opt/hostedtoolcache/Python/3.11.15/x64/bin
2026-08-03 04:06:24.632560   /opt/hostedtoolcache/Python/3.11.15/x64/lib/python311.zip
2026-08-03 04:06:24.682708   /opt/hostedtoolcache/Python/3.11.15/x64/lib/python3.11
2026-08-03 04:06:24.732855   /opt/hostedtoolcache/Python/3.11.15/x64/lib/python3.11/lib-dynload
2026-08-03 04:06:24.783008   /opt/hostedtoolcache/Python/3.11.15/x64/lib/python3.11/site-packages
2026-08-03 04:06:33.554436 TC12 Add Products In Cart                                             | FAIL |
2026-08-03 04:06:33.590452 Setup failed:
2026-08-03 04:06:33.590472 No keyword with name 'Open Browser' found.
2026-08-03 04:06:33.590487 
2026-08-03 04:06:33.590502 Also teardown failed:
2026-08-03 04:06:33.590516 Several failures occurred:
2026-08-03 04:06:33.590529 
2026-08-03 04:06:33.590541 1) No keyword with name 'Register Keyword To Run On Failure' found.
2026-08-03 04:06:33.590553 
2026-08-03 04:06:33.590565 2) No keyword with name 'Close Browser' found. Did you mean:
2026-08-03 04:06:33.590577     common.Close Test Browser
2026-08-03 04:06:33.590590 ------------------------------------------------------------------------------
2026-08-03 04:06:33.590601 Suites.Cart.TC12 add products to cart :: TC12 - Add Products In Cart  | FAIL |
2026-08-03 04:06:33.591100 1 test, 0 passed, 1 failed
2026-08-03 04:06:33.591126 ==============================================================================
2026-08-03 04:06:33.591198 Suites.Cart                                                           | FAIL |
2026-08-03 04:06:33.591572 1 test, 0 passed, 1 failed
2026-08-03 04:06:33.591589 ==============================================================================
2026-08-03 04:06:33.591603 Suites                                                                | FAIL |
2026-08-03 04:06:33.591936 1 test, 0 passed, 1 failed
2026-08-03 04:06:33.591952 ==============================================================================
2026-08-03 04:06:33.591966 Output:  /home/runner/work/engg-robot-testing-framework/engg-robot-testing-framework/reports/pabot_results/5/output.xml
