2026-09-27 05:35:29.301153 ==============================================================================
2026-09-27 05:35:29.321024 Suites
2026-09-27 05:35:29.321045 ==============================================================================
2026-09-27 05:35:29.321061 Suites.Auth
2026-09-27 05:35:29.321829 ==============================================================================
2026-09-27 05:35:29.321847 Suites.Auth.TC05 register existing email
2026-09-27 05:35:29.321847 [ ERROR ] Error in file '/home/runner/work/engg-robot-testing-framework/engg-robot-testing-framework/tests/auth/TC05_register_existing_email.robot' on line 2: Importing library 'playwright_keyword_library.PlaywrightKeywordLibrary' failed: ModuleNotFoundError: No module named 'playwright_keyword_library'
2026-09-27 05:35:29.340037 ==============================================================================
2026-09-27 05:35:29.340037 Traceback (most recent call last):
2026-09-27 05:35:29.340062   None
2026-09-27 05:35:29.390181 PYTHONPATH:
2026-09-27 05:35:29.440293   /opt/hostedtoolcache/Python/3.11.16/x64/bin
2026-09-27 05:35:29.490376   /opt/hostedtoolcache/Python/3.11.16/x64/lib/python311.zip
2026-09-27 05:35:29.540475   /opt/hostedtoolcache/Python/3.11.16/x64/lib/python3.11
2026-09-27 05:35:29.590578   /opt/hostedtoolcache/Python/3.11.16/x64/lib/python3.11/lib-dynload
2026-09-27 05:35:29.640736   /opt/hostedtoolcache/Python/3.11.16/x64/lib/python3.11/site-packages
2026-09-27 05:35:29.690897 [ ERROR ] Error in file '/home/runner/work/engg-robot-testing-framework/engg-robot-testing-framework/resources/auth_keywords.resource' on line 2: Importing library 'playwright_keyword_library.PlaywrightKeywordLibrary' failed: ModuleNotFoundError: No module named 'playwright_keyword_library'
2026-09-27 05:35:29.741063 Traceback (most recent call last):
2026-09-27 05:35:29.791226   None
2026-09-27 05:35:29.841385 PYTHONPATH:
2026-09-27 05:35:29.891544   /opt/hostedtoolcache/Python/3.11.16/x64/bin
2026-09-27 05:35:29.941674   /opt/hostedtoolcache/Python/3.11.16/x64/lib/python311.zip
2026-09-27 05:35:29.991832   /opt/hostedtoolcache/Python/3.11.16/x64/lib/python3.11
2026-09-27 05:35:30.041994   /opt/hostedtoolcache/Python/3.11.16/x64/lib/python3.11/lib-dynload
2026-09-27 05:35:30.092131   /opt/hostedtoolcache/Python/3.11.16/x64/lib/python3.11/site-packages
2026-09-27 05:35:30.142293 [ ERROR ] Error in file '/home/runner/work/engg-robot-testing-framework/engg-robot-testing-framework/resources/common.resource' on line 4: Importing library 'playwright_keyword_library.PlaywrightKeywordLibrary' failed: ModuleNotFoundError: No module named 'playwright_keyword_library'
2026-09-27 05:35:30.192455 Traceback (most recent call last):
2026-09-27 05:35:30.242614   None
2026-09-27 05:35:30.292776 PYTHONPATH:
2026-09-27 05:35:30.342926   /opt/hostedtoolcache/Python/3.11.16/x64/bin
2026-09-27 05:35:30.393077   /opt/hostedtoolcache/Python/3.11.16/x64/lib/python311.zip
2026-09-27 05:35:30.443233   /opt/hostedtoolcache/Python/3.11.16/x64/lib/python3.11
2026-09-27 05:35:30.493390   /opt/hostedtoolcache/Python/3.11.16/x64/lib/python3.11/lib-dynload
2026-09-27 05:35:30.543550   /opt/hostedtoolcache/Python/3.11.16/x64/lib/python3.11/site-packages
2026-09-27 05:35:39.315515 TC05 Register User With Existing Email                                | FAIL |
2026-09-27 05:35:39.349572 Setup failed:
2026-09-27 05:35:39.349587 No keyword with name 'Open Browser' found.
2026-09-27 05:35:39.349597 
2026-09-27 05:35:39.349606 Also teardown failed:
2026-09-27 05:35:39.349614 Several failures occurred:
2026-09-27 05:35:39.349622 
2026-09-27 05:35:39.349631 1) No keyword with name 'Register Keyword To Run On Failure' found.
2026-09-27 05:35:39.349640 
2026-09-27 05:35:39.349647 2) No keyword with name 'Close Browser' found. Did you mean:
2026-09-27 05:35:39.349655     common.Close Test Browser
2026-09-27 05:35:39.349663 ------------------------------------------------------------------------------
2026-09-27 05:35:39.349670 Suites.Auth.TC05 register existing email                              | FAIL |
2026-09-27 05:35:39.350201 1 test, 0 passed, 1 failed
2026-09-27 05:35:39.350216 ==============================================================================
2026-09-27 05:35:39.350225 Suites.Auth                                                           | FAIL |
2026-09-27 05:35:39.350628 1 test, 0 passed, 1 failed
2026-09-27 05:35:39.350691 ==============================================================================
2026-09-27 05:35:39.350700 Suites                                                                | FAIL |
2026-09-27 05:35:39.351022 1 test, 0 passed, 1 failed
2026-09-27 05:35:39.351078 ==============================================================================
2026-09-27 05:35:39.351087 Output:  /home/runner/work/engg-robot-testing-framework/engg-robot-testing-framework/reports/pabot_results/4/output.xml
