2026-07-20 04:13:53.108903 ==============================================================================
2026-07-20 04:13:53.127942 Suites
2026-07-20 04:13:53.127962 ==============================================================================
2026-07-20 04:13:53.127977 Suites.Cart
2026-07-20 04:13:53.128794 ==============================================================================
2026-07-20 04:13:53.128810 Suites.Cart.TC12 add products to cart :: TC12 - Add Products In Cart
2026-07-20 04:13:53.128810 [ ERROR ] Error in file '/home/runner/work/engg-robot-testing-framework/engg-robot-testing-framework/resources/common.resource' on line 4: Importing library 'playwright_keyword_library.PlaywrightKeywordLibrary' failed: ModuleNotFoundError: No module named 'playwright_keyword_library'
2026-07-20 04:13:53.156134 ==============================================================================
2026-07-20 04:13:53.156134 Traceback (most recent call last):
2026-07-20 04:13:53.156159   None
2026-07-20 04:13:53.206279 PYTHONPATH:
2026-07-20 04:13:53.256402   /opt/hostedtoolcache/Python/3.11.15/x64/bin
2026-07-20 04:13:53.306504   /opt/hostedtoolcache/Python/3.11.15/x64/lib/python311.zip
2026-07-20 04:13:53.356629   /opt/hostedtoolcache/Python/3.11.15/x64/lib/python3.11
2026-07-20 04:13:53.406824   /opt/hostedtoolcache/Python/3.11.15/x64/lib/python3.11/lib-dynload
2026-07-20 04:13:53.456992   /opt/hostedtoolcache/Python/3.11.15/x64/lib/python3.11/site-packages
2026-07-20 04:13:53.507151 [ ERROR ] Error in file '/home/runner/work/engg-robot-testing-framework/engg-robot-testing-framework/resources/product_keywords.resource' on line 2: Importing library 'playwright_keyword_library.PlaywrightKeywordLibrary' failed: ModuleNotFoundError: No module named 'playwright_keyword_library'
2026-07-20 04:13:53.557310 Traceback (most recent call last):
2026-07-20 04:13:53.607510   None
2026-07-20 04:13:53.657704 PYTHONPATH:
2026-07-20 04:13:53.707863   /opt/hostedtoolcache/Python/3.11.15/x64/bin
2026-07-20 04:13:53.757998   /opt/hostedtoolcache/Python/3.11.15/x64/lib/python311.zip
2026-07-20 04:13:53.808184   /opt/hostedtoolcache/Python/3.11.15/x64/lib/python3.11
2026-07-20 04:13:53.858350   /opt/hostedtoolcache/Python/3.11.15/x64/lib/python3.11/lib-dynload
2026-07-20 04:13:53.908519   /opt/hostedtoolcache/Python/3.11.15/x64/lib/python3.11/site-packages
2026-07-20 04:13:53.958690 [ ERROR ] Error in file '/home/runner/work/engg-robot-testing-framework/engg-robot-testing-framework/resources/cart_keywords.resource' on line 2: Importing library 'playwright_keyword_library.PlaywrightKeywordLibrary' failed: ModuleNotFoundError: No module named 'playwright_keyword_library'
2026-07-20 04:13:54.008857 Traceback (most recent call last):
2026-07-20 04:13:54.059017   None
2026-07-20 04:13:54.109177 PYTHONPATH:
2026-07-20 04:13:54.159332   /opt/hostedtoolcache/Python/3.11.15/x64/bin
2026-07-20 04:13:54.209468   /opt/hostedtoolcache/Python/3.11.15/x64/lib/python311.zip
2026-07-20 04:13:54.259610   /opt/hostedtoolcache/Python/3.11.15/x64/lib/python3.11
2026-07-20 04:13:54.309761   /opt/hostedtoolcache/Python/3.11.15/x64/lib/python3.11/lib-dynload
2026-07-20 04:13:54.359893   /opt/hostedtoolcache/Python/3.11.15/x64/lib/python3.11/site-packages
2026-07-20 04:14:03.130311 TC12 Add Products In Cart                                             | FAIL |
2026-07-20 04:14:03.167506 Setup failed:
2026-07-20 04:14:03.167521 No keyword with name 'Open Browser' found.
2026-07-20 04:14:03.167530 
2026-07-20 04:14:03.167537 Also teardown failed:
2026-07-20 04:14:03.167544 Several failures occurred:
2026-07-20 04:14:03.167551 
2026-07-20 04:14:03.167558 1) No keyword with name 'Register Keyword To Run On Failure' found.
2026-07-20 04:14:03.167565 
2026-07-20 04:14:03.167572 2) No keyword with name 'Close Browser' found. Did you mean:
2026-07-20 04:14:03.167578     common.Close Test Browser
2026-07-20 04:14:03.167585 ------------------------------------------------------------------------------
2026-07-20 04:14:03.167591 Suites.Cart.TC12 add products to cart :: TC12 - Add Products In Cart  | FAIL |
2026-07-20 04:14:03.168270 1 test, 0 passed, 1 failed
2026-07-20 04:14:03.168283 ==============================================================================
2026-07-20 04:14:03.168291 Suites.Cart                                                           | FAIL |
2026-07-20 04:14:03.168709 1 test, 0 passed, 1 failed
2026-07-20 04:14:03.168755 ==============================================================================
2026-07-20 04:14:03.168762 Suites                                                                | FAIL |
2026-07-20 04:14:03.169069 1 test, 0 passed, 1 failed
2026-07-20 04:14:03.169115 ==============================================================================
2026-07-20 04:14:03.169123 Output:  /home/runner/work/engg-robot-testing-framework/engg-robot-testing-framework/reports/pabot_results/5/output.xml
