2026-08-15 01:56:21.933456 ==============================================================================
2026-08-15 01:56:21.957869 Suites
2026-08-15 01:56:21.957884 ==============================================================================
2026-08-15 01:56:21.957896 Suites.Auth
2026-08-15 01:56:21.958487 ==============================================================================
2026-08-15 01:56:21.958499 Suites.Auth.TC01 register user
2026-08-15 01:56:21.958499 [ ERROR ] Error in file '/home/runner/work/engg-robot-testing-framework/engg-robot-testing-framework/tests/auth/TC01_register_user.robot' on line 2: Importing library 'playwright_keyword_library.PlaywrightKeywordLibrary' failed: ModuleNotFoundError: No module named 'playwright_keyword_library'
2026-08-15 01:56:21.971370 ==============================================================================
2026-08-15 01:56:21.971370 Traceback (most recent call last):
2026-08-15 01:56:21.971390   None
2026-08-15 01:56:22.021492 PYTHONPATH:
2026-08-15 01:56:22.071645   /opt/hostedtoolcache/Python/3.11.15/x64/bin
2026-08-15 01:56:22.121840   /opt/hostedtoolcache/Python/3.11.15/x64/lib/python311.zip
2026-08-15 01:56:22.171993   /opt/hostedtoolcache/Python/3.11.15/x64/lib/python3.11
2026-08-15 01:56:22.222192   /opt/hostedtoolcache/Python/3.11.15/x64/lib/python3.11/lib-dynload
2026-08-15 01:56:22.272346   /opt/hostedtoolcache/Python/3.11.15/x64/lib/python3.11/site-packages
2026-08-15 01:56:22.322545 [ ERROR ] Error in file '/home/runner/work/engg-robot-testing-framework/engg-robot-testing-framework/resources/auth_keywords.resource' on line 2: Importing library 'playwright_keyword_library.PlaywrightKeywordLibrary' failed: ModuleNotFoundError: No module named 'playwright_keyword_library'
2026-08-15 01:56:22.372725 Traceback (most recent call last):
2026-08-15 01:56:22.422893   None
2026-08-15 01:56:22.473023 PYTHONPATH:
2026-08-15 01:56:22.523184   /opt/hostedtoolcache/Python/3.11.15/x64/bin
2026-08-15 01:56:22.573323   /opt/hostedtoolcache/Python/3.11.15/x64/lib/python311.zip
2026-08-15 01:56:22.623452   /opt/hostedtoolcache/Python/3.11.15/x64/lib/python3.11
2026-08-15 01:56:22.673663   /opt/hostedtoolcache/Python/3.11.15/x64/lib/python3.11/lib-dynload
2026-08-15 01:56:22.723807   /opt/hostedtoolcache/Python/3.11.15/x64/lib/python3.11/site-packages
2026-08-15 01:56:22.773999 [ ERROR ] Error in file '/home/runner/work/engg-robot-testing-framework/engg-robot-testing-framework/resources/common.resource' on line 4: Importing library 'playwright_keyword_library.PlaywrightKeywordLibrary' failed: ModuleNotFoundError: No module named 'playwright_keyword_library'
2026-08-15 01:56:22.824148 Traceback (most recent call last):
2026-08-15 01:56:22.874294   None
2026-08-15 01:56:22.924491 PYTHONPATH:
2026-08-15 01:56:22.974649   /opt/hostedtoolcache/Python/3.11.15/x64/bin
2026-08-15 01:56:23.024789   /opt/hostedtoolcache/Python/3.11.15/x64/lib/python311.zip
2026-08-15 01:56:23.074935   /opt/hostedtoolcache/Python/3.11.15/x64/lib/python3.11
2026-08-15 01:56:23.125065   /opt/hostedtoolcache/Python/3.11.15/x64/lib/python3.11/lib-dynload
2026-08-15 01:56:23.175254   /opt/hostedtoolcache/Python/3.11.15/x64/lib/python3.11/site-packages
2026-08-15 01:56:31.945046 TC01 Register User                                                    | FAIL |
2026-08-15 01:56:31.978618 Setup failed:
2026-08-15 01:56:31.978652 No keyword with name 'Open Browser' found.
2026-08-15 01:56:31.978665 
2026-08-15 01:56:31.978677 Also teardown failed:
2026-08-15 01:56:31.978688 Several failures occurred:
2026-08-15 01:56:31.978699 
2026-08-15 01:56:31.978711 1) No keyword with name 'Register Keyword To Run On Failure' found.
2026-08-15 01:56:31.978723 
2026-08-15 01:56:31.978735 2) No keyword with name 'Close Browser' found. Did you mean:
2026-08-15 01:56:31.978748     common.Close Test Browser
2026-08-15 01:56:31.978762 ------------------------------------------------------------------------------
2026-08-15 01:56:31.978776 Suites.Auth.TC01 register user                                        | FAIL |
2026-08-15 01:56:31.979384 1 test, 0 passed, 1 failed
2026-08-15 01:56:31.979402 ==============================================================================
2026-08-15 01:56:31.979417 Suites.Auth                                                           | FAIL |
2026-08-15 01:56:31.979430 1 test, 0 passed, 1 failed
2026-08-15 01:56:31.979723 ==============================================================================
2026-08-15 01:56:31.979736 Suites                                                                | FAIL |
2026-08-15 01:56:31.979747 1 test, 0 passed, 1 failed
2026-08-15 01:56:31.979760 ==============================================================================
2026-08-15 01:56:31.979854 Output:  /home/runner/work/engg-robot-testing-framework/engg-robot-testing-framework/reports/pabot_results/0/output.xml
