2026-08-20 01:59:28.789533 ==============================================================================
2026-08-20 01:59:28.821260 Suites
2026-08-20 01:59:28.821277 ==============================================================================
2026-08-20 01:59:28.821287 Suites.Auth
2026-08-20 01:59:28.821832 ==============================================================================
2026-08-20 01:59:28.821844 Suites.Auth.TC05 register existing email
2026-08-20 01:59:28.821844 [ ERROR ] Error in file '/home/runner/work/engg-robot-testing-framework/engg-robot-testing-framework/tests/auth/TC05_register_existing_email.robot' on line 2: Importing library 'playwright_keyword_library.PlaywrightKeywordLibrary' failed: ModuleNotFoundError: No module named 'playwright_keyword_library'
2026-08-20 01:59:28.835087 ==============================================================================
2026-08-20 01:59:28.835087 Traceback (most recent call last):
2026-08-20 01:59:28.835105   None
2026-08-20 01:59:28.885240 PYTHONPATH:
2026-08-20 01:59:28.935385   /opt/hostedtoolcache/Python/3.11.15/x64/bin
2026-08-20 01:59:28.985532   /opt/hostedtoolcache/Python/3.11.15/x64/lib/python311.zip
2026-08-20 01:59:29.035678   /opt/hostedtoolcache/Python/3.11.15/x64/lib/python3.11
2026-08-20 01:59:29.085829   /opt/hostedtoolcache/Python/3.11.15/x64/lib/python3.11/lib-dynload
2026-08-20 01:59:29.135974   /opt/hostedtoolcache/Python/3.11.15/x64/lib/python3.11/site-packages
2026-08-20 01:59:29.186116 [ ERROR ] Error in file '/home/runner/work/engg-robot-testing-framework/engg-robot-testing-framework/resources/auth_keywords.resource' on line 2: Importing library 'playwright_keyword_library.PlaywrightKeywordLibrary' failed: ModuleNotFoundError: No module named 'playwright_keyword_library'
2026-08-20 01:59:29.236259 Traceback (most recent call last):
2026-08-20 01:59:29.286401   None
2026-08-20 01:59:29.336543 PYTHONPATH:
2026-08-20 01:59:29.386687   /opt/hostedtoolcache/Python/3.11.15/x64/bin
2026-08-20 01:59:29.436832   /opt/hostedtoolcache/Python/3.11.15/x64/lib/python311.zip
2026-08-20 01:59:29.486980   /opt/hostedtoolcache/Python/3.11.15/x64/lib/python3.11
2026-08-20 01:59:29.537129   /opt/hostedtoolcache/Python/3.11.15/x64/lib/python3.11/lib-dynload
2026-08-20 01:59:29.587276   /opt/hostedtoolcache/Python/3.11.15/x64/lib/python3.11/site-packages
2026-08-20 01:59:29.637432 [ ERROR ] Error in file '/home/runner/work/engg-robot-testing-framework/engg-robot-testing-framework/resources/common.resource' on line 4: Importing library 'playwright_keyword_library.PlaywrightKeywordLibrary' failed: ModuleNotFoundError: No module named 'playwright_keyword_library'
2026-08-20 01:59:29.687571 Traceback (most recent call last):
2026-08-20 01:59:29.737724   None
2026-08-20 01:59:29.787872 PYTHONPATH:
2026-08-20 01:59:29.838010   /opt/hostedtoolcache/Python/3.11.15/x64/bin
2026-08-20 01:59:29.888148   /opt/hostedtoolcache/Python/3.11.15/x64/lib/python311.zip
2026-08-20 01:59:29.938300   /opt/hostedtoolcache/Python/3.11.15/x64/lib/python3.11
2026-08-20 01:59:29.988441   /opt/hostedtoolcache/Python/3.11.15/x64/lib/python3.11/lib-dynload
2026-08-20 01:59:30.038564   /opt/hostedtoolcache/Python/3.11.15/x64/lib/python3.11/site-packages
2026-08-20 01:59:38.808175 TC05 Register User With Existing Email                                | FAIL |
2026-08-20 01:59:38.842548 Setup failed:
2026-08-20 01:59:38.842562 No keyword with name 'Open Browser' found.
2026-08-20 01:59:38.842572 
2026-08-20 01:59:38.842581 Also teardown failed:
2026-08-20 01:59:38.842591 Several failures occurred:
2026-08-20 01:59:38.842598 
2026-08-20 01:59:38.842606 1) No keyword with name 'Register Keyword To Run On Failure' found.
2026-08-20 01:59:38.842615 
2026-08-20 01:59:38.842622 2) No keyword with name 'Close Browser' found. Did you mean:
2026-08-20 01:59:38.842631     common.Close Test Browser
2026-08-20 01:59:38.842638 ------------------------------------------------------------------------------
2026-08-20 01:59:38.842646 Suites.Auth.TC05 register existing email                              | FAIL |
2026-08-20 01:59:38.843052 1 test, 0 passed, 1 failed
2026-08-20 01:59:38.843090 ==============================================================================
2026-08-20 01:59:38.843100 Suites.Auth                                                           | FAIL |
2026-08-20 01:59:38.843340 1 test, 0 passed, 1 failed
2026-08-20 01:59:38.843351 ==============================================================================
2026-08-20 01:59:38.843360 Suites                                                                | FAIL |
2026-08-20 01:59:38.843573 1 test, 0 passed, 1 failed
2026-08-20 01:59:38.843588 ==============================================================================
2026-08-20 01:59:38.843616 Output:  /home/runner/work/engg-robot-testing-framework/engg-robot-testing-framework/reports/pabot_results/4/output.xml
