2026-06-15 01:23:46.564151 ==============================================================================
2026-06-15 01:23:46.613568 Suites
2026-06-15 01:23:46.613585 ==============================================================================
2026-06-15 01:23:46.613596 Suites.Cart
2026-06-15 01:23:46.614358 ==============================================================================
2026-06-15 01:23:46.714582 Suites.Cart.TC12 add products to cart :: TC12 - Add Products In Cart
2026-06-15 01:23:46.728103 ==============================================================================
2026-06-15 01:23:57.458653 TC12 Add Products In Cart                                             | FAIL |
2026-06-15 01:23:57.483910 Setup failed:
2026-06-15 01:23:57.483929 Title should have been 'Automation Exercise' but was 'One moment, please...'.
2026-06-15 01:23:57.483941 ------------------------------------------------------------------------------
2026-06-15 01:23:57.483952 Suites.Cart.TC12 add products to cart :: TC12 - Add Products In Cart  | FAIL |
2026-06-15 01:23:57.484534 1 test, 0 passed, 1 failed
2026-06-15 01:23:57.484582 ==============================================================================
2026-06-15 01:23:57.484593 Suites.Cart                                                           | FAIL |
2026-06-15 01:23:57.484918 1 test, 0 passed, 1 failed
2026-06-15 01:23:57.484933 ==============================================================================
2026-06-15 01:23:57.484944 Suites                                                                | FAIL |
2026-06-15 01:23:57.485198 1 test, 0 passed, 1 failed
2026-06-15 01:23:57.485242 ==============================================================================
2026-06-15 01:23:57.485254 Output:  /home/runner/work/engg-robot-testing-framework/engg-robot-testing-framework/reports/pabot_results/5/output.xml
