2026-06-30 04:45:15.159854 ==============================================================================
2026-06-30 04:45:15.168807 Suites
2026-06-30 04:45:15.168824 ==============================================================================
2026-06-30 04:45:15.168836 Suites.Cart
2026-06-30 04:45:15.169637 ==============================================================================
2026-06-30 04:45:15.169653 Suites.Cart.TC12 add products to cart :: TC12 - Add Products In Cart
2026-06-30 04:45:15.169653 [ ERROR ] Error in file '/home/runner/work/engg-robot-testing-framework/engg-robot-testing-framework/resources/common.resource' on line 4: Importing library 'playwright_keyword_library.PlaywrightKeywordLibrary' failed: ModuleNotFoundError: No module named 'playwright_keyword_library'
2026-06-30 04:45:15.197672 ==============================================================================
2026-06-30 04:45:15.197672 Traceback (most recent call last):
2026-06-30 04:45:15.197696   None
2026-06-30 04:45:15.247838 PYTHONPATH:
2026-06-30 04:45:15.297963   /opt/hostedtoolcache/Python/3.11.15/x64/bin
2026-06-30 04:45:15.348117   /opt/hostedtoolcache/Python/3.11.15/x64/lib/python311.zip
2026-06-30 04:45:15.398250   /opt/hostedtoolcache/Python/3.11.15/x64/lib/python3.11
2026-06-30 04:45:15.448388   /opt/hostedtoolcache/Python/3.11.15/x64/lib/python3.11/lib-dynload
2026-06-30 04:45:15.498497   /opt/hostedtoolcache/Python/3.11.15/x64/lib/python3.11/site-packages
2026-06-30 04:45:15.548654 [ ERROR ] Error in file '/home/runner/work/engg-robot-testing-framework/engg-robot-testing-framework/resources/product_keywords.resource' on line 2: Importing library 'playwright_keyword_library.PlaywrightKeywordLibrary' failed: ModuleNotFoundError: No module named 'playwright_keyword_library'
2026-06-30 04:45:15.598801 Traceback (most recent call last):
2026-06-30 04:45:15.648924   None
2026-06-30 04:45:15.699056 PYTHONPATH:
2026-06-30 04:45:15.749201   /opt/hostedtoolcache/Python/3.11.15/x64/bin
2026-06-30 04:45:15.799367   /opt/hostedtoolcache/Python/3.11.15/x64/lib/python311.zip
2026-06-30 04:45:15.849516   /opt/hostedtoolcache/Python/3.11.15/x64/lib/python3.11
2026-06-30 04:45:15.899669   /opt/hostedtoolcache/Python/3.11.15/x64/lib/python3.11/lib-dynload
2026-06-30 04:45:15.949827   /opt/hostedtoolcache/Python/3.11.15/x64/lib/python3.11/site-packages
2026-06-30 04:45:15.999976 [ ERROR ] Error in file '/home/runner/work/engg-robot-testing-framework/engg-robot-testing-framework/resources/cart_keywords.resource' on line 2: Importing library 'playwright_keyword_library.PlaywrightKeywordLibrary' failed: ModuleNotFoundError: No module named 'playwright_keyword_library'
2026-06-30 04:45:16.050122 Traceback (most recent call last):
2026-06-30 04:45:16.100277   None
2026-06-30 04:45:16.150458 PYTHONPATH:
2026-06-30 04:45:16.200609   /opt/hostedtoolcache/Python/3.11.15/x64/bin
2026-06-30 04:45:16.250795   /opt/hostedtoolcache/Python/3.11.15/x64/lib/python311.zip
2026-06-30 04:45:16.300987   /opt/hostedtoolcache/Python/3.11.15/x64/lib/python3.11
2026-06-30 04:45:16.351161   /opt/hostedtoolcache/Python/3.11.15/x64/lib/python3.11/lib-dynload
2026-06-30 04:45:16.401347   /opt/hostedtoolcache/Python/3.11.15/x64/lib/python3.11/site-packages
2026-06-30 04:45:25.171766 TC12 Add Products In Cart                                             | FAIL |
2026-06-30 04:45:25.208518 Setup failed:
2026-06-30 04:45:25.208531 No keyword with name 'Open Browser' found.
2026-06-30 04:45:25.208540 
2026-06-30 04:45:25.208547 Also teardown failed:
2026-06-30 04:45:25.208554 Several failures occurred:
2026-06-30 04:45:25.208561 
2026-06-30 04:45:25.208568 1) No keyword with name 'Register Keyword To Run On Failure' found.
2026-06-30 04:45:25.208576 
2026-06-30 04:45:25.208582 2) No keyword with name 'Close Browser' found. Did you mean:
2026-06-30 04:45:25.208588     common.Close Test Browser
2026-06-30 04:45:25.208594 ------------------------------------------------------------------------------
2026-06-30 04:45:25.208601 Suites.Cart.TC12 add products to cart :: TC12 - Add Products In Cart  | FAIL |
2026-06-30 04:45:25.209059 1 test, 0 passed, 1 failed
2026-06-30 04:45:25.209067 ==============================================================================
2026-06-30 04:45:25.209074 Suites.Cart                                                           | FAIL |
2026-06-30 04:45:25.209374 1 test, 0 passed, 1 failed
2026-06-30 04:45:25.209381 ==============================================================================
2026-06-30 04:45:25.209387 Suites                                                                | FAIL |
2026-06-30 04:45:25.209605 1 test, 0 passed, 1 failed
2026-06-30 04:45:25.209652 ==============================================================================
2026-06-30 04:45:25.209658 Output:  /home/runner/work/engg-robot-testing-framework/engg-robot-testing-framework/reports/pabot_results/5/output.xml
