[INFO]    Initialized logging in reports/pabot_results
[INFO]    Robot Framework remote server at 127.0.0.1:8270 started.
[DEBUG]   2026-06-14 05:15:55.663494 [PID:2369] [1] [ID:1] EXECUTING Suites.Auth.TC02 login valid
[DEBUG]   2026-06-14 05:15:55.665427 [PID:2370] [0] [ID:0] EXECUTING Suites.Auth.TC01 register user
[DEBUG]   2026-06-14 05:16:00.678005 [PID:2370] [0] [ID:0] still running Suites.Auth.TC01 register user after 5.0s
[DEBUG]   2026-06-14 05:16:00.683029 [PID:2369] [1] [ID:1] still running Suites.Auth.TC02 login valid after 5.0s
[DEBUG]   2026-06-14 05:16:10.696497 [PID:2370] [0] [ID:0] still running Suites.Auth.TC01 register user after 15.0s
[DEBUG]   2026-06-14 05:16:10.700510 [PID:2369] [1] [ID:1] still running Suites.Auth.TC02 login valid after 15.0s
[INFO]    2026-06-14 05:16:24.914729 [PID:2370] [0] [ID:0] PASSED Suites.Auth.TC01 register user in 29.3 seconds
[DEBUG]   2026-06-14 05:16:24.920361 [PID:2871] [0] [ID:2] EXECUTING Suites.Auth.TC03 login invalid
[DEBUG]   2026-06-14 05:16:25.714637 [PID:2369] [1] [ID:1] still running Suites.Auth.TC02 login valid after 30.0s
[DEBUG]   2026-06-14 05:16:29.926412 [PID:2871] [0] [ID:2] still running Suites.Auth.TC03 login invalid after 5.0s
[INFO]    2026-06-14 05:16:39.638481 [PID:2871] [0] [ID:2] PASSED Suites.Auth.TC03 login invalid in 14.7 seconds
[DEBUG]   2026-06-14 05:16:39.643603 [PID:3111] [1] [ID:3] EXECUTING Suites.Auth.TC04 logout user
[DEBUG]   2026-06-14 05:16:44.652498 [PID:3111] [1] [ID:3] still running Suites.Auth.TC04 logout user after 5.0s
[DEBUG]   2026-06-14 05:16:45.740093 [PID:2369] [1] [ID:1] still running Suites.Auth.TC02 login valid after 50.0s
[DEBUG]   2026-06-14 05:16:54.661400 [PID:3111] [1] [ID:3] still running Suites.Auth.TC04 logout user after 15.0s
[DEBUG]   2026-06-14 05:17:09.678066 [PID:3111] [1] [ID:3] still running Suites.Auth.TC04 logout user after 30.0s
[DEBUG]   2026-06-14 05:17:10.767520 [PID:2369] [1] [ID:1] still running Suites.Auth.TC02 login valid after 75.0s
[INFO]    2026-06-14 05:17:14.476509 [PID:2369] [1] [ID:1] Execution failed in Suites.Auth.TC02 login valid with 1 failing test(s)
==============================================================================
Suites
==============================================================================
Suites.Auth
==============================================================================
Suites.Auth.TC02 login valid
==============================================================================
TC02 Login User With Correct Email And Password                       | FAIL |
Element 'xpath=//a[contains(text(),'Logout')]' not visible after 45 seconds.
------------------------------------------------------------------------------
Suites.Auth.TC02 login valid                                          | FAIL |
1 test, 0 passed, 1 failed
==============================================================================
Suites.Auth                                                           | FAIL |
1 test, 0 passed, 1 failed
==============================================================================
Suites                                                                | FAIL |
1 test, 0 passed, 1 failed
==============================================================================
Output:  /home/runner/work/engg-robot-testing-framework/engg-robot-testing-framework/reports/pabot_results/1/output.xml
[DEBUG]   2026-06-14 05:17:14.481160 [PID:3547] [0] [ID:4] EXECUTING Suites.Auth.TC05 register existing email
[DEBUG]   2026-06-14 05:17:19.496780 [PID:3547] [0] [ID:4] still running Suites.Auth.TC05 register existing email after 5.0s
[DEBUG]   2026-06-14 05:17:29.509337 [PID:3547] [0] [ID:4] still running Suites.Auth.TC05 register existing email after 15.0s
[DEBUG]   2026-06-14 05:17:29.706352 [PID:3111] [1] [ID:3] still running Suites.Auth.TC04 logout user after 50.0s
[DEBUG]   2026-06-14 05:17:44.524087 [PID:3547] [0] [ID:4] still running Suites.Auth.TC05 register existing email after 30.0s
[DEBUG]   2026-06-14 05:17:54.735428 [PID:3111] [1] [ID:3] still running Suites.Auth.TC04 logout user after 75.0s
[DEBUG]   2026-06-14 05:18:04.545325 [PID:3547] [0] [ID:4] still running Suites.Auth.TC05 register existing email after 50.0s
[INFO]    2026-06-14 05:18:05.950674 [PID:3111] [1] [ID:3] Execution failed in Suites.Auth.TC04 logout user with 1 failing test(s)
==============================================================================
Suites
==============================================================================
Suites.Auth
==============================================================================
Suites.Auth.TC04 logout user
==============================================================================
TC04 Logout User                                                      | FAIL |
Text 'Account Deleted' did not appear in 1 minute.
------------------------------------------------------------------------------
Suites.Auth.TC04 logout user                                          | FAIL |
1 test, 0 passed, 1 failed
==============================================================================
Suites.Auth                                                           | FAIL |
1 test, 0 passed, 1 failed
==============================================================================
Suites                                                                | FAIL |
1 test, 0 passed, 1 failed
==============================================================================
Output:  /home/runner/work/engg-robot-testing-framework/engg-robot-testing-framework/reports/pabot_results/3/output.xml

[ WARN ] Native click failed on Delete Account; trying JS click fallback.
[DEBUG]   2026-06-14 05:18:05.955661 [PID:3984] [1] [ID:5] EXECUTING Suites.Cart.TC12 add products to cart
[DEBUG]   2026-06-14 05:18:10.963467 [PID:3984] [1] [ID:5] still running Suites.Cart.TC12 add products to cart after 5.0s
[DEBUG]   2026-06-14 05:18:20.974784 [PID:3984] [1] [ID:5] still running Suites.Cart.TC12 add products to cart after 15.0s
[INFO]    2026-06-14 05:18:23.880191 [PID:3984] [1] [ID:5] PASSED Suites.Cart.TC12 add products to cart in 17.9 seconds
[DEBUG]   2026-06-14 05:18:23.885797 [PID:4416] [0] [ID:6] EXECUTING Suites.Cart.TC13 verify product quantity
[DEBUG]   2026-06-14 05:18:28.892441 [PID:4416] [0] [ID:6] still running Suites.Cart.TC13 verify product quantity after 5.0s
[DEBUG]   2026-06-14 05:18:29.572522 [PID:3547] [0] [ID:4] still running Suites.Auth.TC05 register existing email after 75.0s
[INFO]    2026-06-14 05:18:31.278549 [PID:3547] [0] [ID:4] Execution failed in Suites.Auth.TC05 register existing email with 1 failing test(s)
==============================================================================
Suites
==============================================================================
Suites.Auth
==============================================================================
Suites.Auth.TC05 register existing email
==============================================================================
TC05 Register User With Existing Email                                | FAIL |
Element 'xpath=//a[contains(text(),'Logout')]' not visible after 45 seconds.
------------------------------------------------------------------------------
Suites.Auth.TC05 register existing email                              | FAIL |
1 test, 0 passed, 1 failed
==============================================================================
Suites.Auth                                                           | FAIL |
1 test, 0 passed, 1 failed
==============================================================================
Suites                                                                | FAIL |
1 test, 0 passed, 1 failed
==============================================================================
Output:  /home/runner/work/engg-robot-testing-framework/engg-robot-testing-framework/reports/pabot_results/4/output.xml
[DEBUG]   2026-06-14 05:18:31.283959 [PID:4597] [1] [ID:7] EXECUTING Suites.Cart.TC17 remove products from cart
[DEBUG]   2026-06-14 05:18:36.292607 [PID:4597] [1] [ID:7] still running Suites.Cart.TC17 remove products from cart after 5.0s
[INFO]    2026-06-14 05:18:37.104360 [PID:4416] [0] [ID:6] PASSED Suites.Cart.TC13 verify product quantity in 13.2 seconds
[DEBUG]   2026-06-14 05:18:37.109258 [PID:4850] [0] [ID:8] EXECUTING Suites.Cart.TC20 search and verify cart after login
[DEBUG]   2026-06-14 05:18:42.116592 [PID:4850] [0] [ID:8] still running Suites.Cart.TC20 search and verify cart after login after 5.0s
[DEBUG]   2026-06-14 05:18:46.308075 [PID:4597] [1] [ID:7] still running Suites.Cart.TC17 remove products from cart after 15.0s
[INFO]    2026-06-14 05:18:49.615063 [PID:4597] [1] [ID:7] Execution failed in Suites.Cart.TC17 remove products from cart with 1 failing test(s)
==============================================================================
Suites
==============================================================================
Suites.Cart
==============================================================================
Suites.Cart.TC17 remove products from cart :: TC17 - Remove Products From Cart
==============================================================================
TC17 Remove Products From Cart                                        | FAIL |
ElementClickInterceptedException: Message: element click intercepted: Element <a href="/view_cart">...</a> is not clickable at point (1011, 40). Other element would receive the click: <iframe id="aswift_2" name="aswift_2" style="min-height: auto !important; max-height: none !important; min-width: auto !important; max-width: none !important; width: 100vw !important; height: 100vh !important; inset: 0px auto auto 0px !important; position: absolute !important; clear: none !important; display: inline !important; float: none !important; margin: 0px !important; opacity: 1 !important; overflow: visible !important; padding: 0px !important; vertical-align: baseline !important; visibility: visible !important; z-index: auto !important;" sandbox="allow-forms allow-popups allow-popups-to-escape-sandbox allow-same-origin allow-scripts allow-top-navigation-by-user-activation" width="" height="" frameborder="0" marginwidth="0" marginheight="0" vspace="0" hspace="0" allowtransparency="true" scrolling="no" allow="attribution-reporting; run-ad-auction" src="https://googleads.g.doubleclick.net/pagead/html/r20260611/r20190131/zrt_lookup.html#RS-0-&amp;adk=1812271808&amp;client=ca-pub-1677597403311019&amp;fa=8&amp;ifi=3&amp;uci=a!3" data-google-container-id="a!3" tabindex="0" title="Advertisement" aria-label="Advertisement" data-google-query-id="CLvHqrr9hZUDFa0vaAgdB0ghOg" data-load-complete="true"></iframe>
  (Session info: chrome=149.0.7827.53)
    [ Message content over the limit has been removed. ]
#1 0x55fe51342289 <unknown>
#2 0x55fe5139d445 <unknown>
#3 0x55fe5139b522 <unknown>
#4 0x55fe51398f0c <unknown>
#5 0x55fe51398007 <unknown>
#6 0x55fe5138be92 <unknown>
#7 0x55fe5138b7d7 <unknown>
#8 0x55fe513dea4c <unknown>
#9 0x55fe51389f7f <unknown>
#10 0x55fe5138ad61 <unknown>
#11 0x55fe519260f7 <unknown>
#12 0x55fe519248bd <unknown>
#13 0x55fe5190f5a6 <unknown>
#14 0x55fe5192549a <unknown>
#15 0x55fe518f7560 <unknown>
#16 0x55fe5194c288 <unknown>
#17 0x55fe5194c425 <unknown>
#18 0x55fe5195e38e <unknown>
#19 0x7ff4cec9caa4 <unknown>
#20 0x7ff4ced29c6c <unknown>
------------------------------------------------------------------------------
Suites.Cart.TC17 remove products from cart :: TC17 - Remove Produc... | FAIL |
1 test, 0 passed, 1 failed
==============================================================================
Suites.Cart                                                           | FAIL |
1 test, 0 passed, 1 failed
==============================================================================
Suites                                                                | FAIL |
1 test, 0 passed, 1 failed
==============================================================================
Output:  /home/runner/work/engg-robot-testing-framework/engg-robot-testing-framework/reports/pabot_results/7/output.xml
[DEBUG]   2026-06-14 05:18:49.620560 [PID:5098] [1] [ID:9] EXECUTING Suites.Cart.TC22 add from recommended items
[DEBUG]   2026-06-14 05:18:52.132876 [PID:4850] [0] [ID:8] still running Suites.Cart.TC20 search and verify cart after login after 15.0s
[DEBUG]   2026-06-14 05:18:54.629821 [PID:5098] [1] [ID:9] still running Suites.Cart.TC22 add from recommended items after 5.0s
[DEBUG]   2026-06-14 05:19:04.643992 [PID:5098] [1] [ID:9] still running Suites.Cart.TC22 add from recommended items after 15.0s
[DEBUG]   2026-06-14 05:19:07.157878 [PID:4850] [0] [ID:8] still running Suites.Cart.TC20 search and verify cart after login after 30.0s
[INFO]    2026-06-14 05:19:07.249244 [PID:5098] [1] [ID:9] PASSED Suites.Cart.TC22 add from recommended items in 17.6 seconds
[INFO]    2026-06-14 05:19:15.768171 [PID:4850] [0] [ID:8] PASSED Suites.Cart.TC20 search and verify cart after login in 38.7 seconds
[INFO]    10 tests, 6 passed, 4 failed, 0 skipped.
[INFO]    ===================================================
[INFO]    Output:  /home/runner/work/engg-robot-testing-framework/engg-robot-testing-framework/reports/output.xml
[INFO]    Log:     /home/runner/work/engg-robot-testing-framework/engg-robot-testing-framework/reports/log.html
[INFO]    Report:  /home/runner/work/engg-robot-testing-framework/engg-robot-testing-framework/reports/report.html
[DEBUG]   Finalizing Pabot execution...
[DEBUG]   Stopping PabotLib process
[INFO]    Robot Framework remote server at 127.0.0.1:8270 stopped.
[DEBUG]   PabotLib process stopped
[INFO]    Total testing: 6 minutes 31.60 seconds
[INFO]    Elapsed time:  3 minutes 20.71 seconds
[DEBUG]   Logs flushed successfully.
