2026-06-15 01:23:35.394277 ==============================================================================
2026-06-15 01:23:35.394555 Suites
2026-06-15 01:23:35.394572 ==============================================================================
2026-06-15 01:23:35.394583 Suites.Auth
2026-06-15 01:23:35.395403 ==============================================================================
2026-06-15 01:23:35.495664 Suites.Auth.TC04 logout user
2026-06-15 01:23:35.501554 ==============================================================================
2026-06-15 01:23:46.227636 TC04 Logout User                                                      | FAIL |
2026-06-15 01:23:46.231530 Setup failed:
2026-06-15 01:23:46.231548 Title should have been 'Automation Exercise' but was 'One moment, please...'.
2026-06-15 01:23:46.231560 ------------------------------------------------------------------------------
2026-06-15 01:23:46.231572 Suites.Auth.TC04 logout user                                          | FAIL |
2026-06-15 01:23:46.232193 1 test, 0 passed, 1 failed
2026-06-15 01:23:46.232244 ==============================================================================
2026-06-15 01:23:46.232256 Suites.Auth                                                           | FAIL |
2026-06-15 01:23:46.232544 1 test, 0 passed, 1 failed
2026-06-15 01:23:46.232587 ==============================================================================
2026-06-15 01:23:46.232599 Suites                                                                | FAIL |
2026-06-15 01:23:46.232846 1 test, 0 passed, 1 failed
2026-06-15 01:23:46.232906 ==============================================================================
2026-06-15 01:23:46.232919 Output:  /home/runner/work/engg-robot-testing-framework/engg-robot-testing-framework/reports/pabot_results/3/output.xml
