2026-09-26 05:18:08.146223 ==============================================================================
2026-09-26 05:18:08.181601 Suites
2026-09-26 05:18:08.181618 ==============================================================================
2026-09-26 05:18:08.181628 Suites.Auth
2026-09-26 05:18:08.182299 ==============================================================================
2026-09-26 05:18:08.182314 Suites.Auth.TC04 logout user
2026-09-26 05:18:08.182314 [ ERROR ] Error in file '/home/runner/work/engg-robot-testing-framework/engg-robot-testing-framework/tests/auth/TC04_logout_user.robot' on line 2: Importing library 'playwright_keyword_library.PlaywrightKeywordLibrary' failed: ModuleNotFoundError: No module named 'playwright_keyword_library'
2026-09-26 05:18:08.198239 ==============================================================================
2026-09-26 05:18:08.198239 Traceback (most recent call last):
2026-09-26 05:18:08.198259   None
2026-09-26 05:18:08.248380 PYTHONPATH:
2026-09-26 05:18:08.298537   /opt/hostedtoolcache/Python/3.11.16/x64/bin
2026-09-26 05:18:08.348657   /opt/hostedtoolcache/Python/3.11.16/x64/lib/python311.zip
2026-09-26 05:18:08.398848   /opt/hostedtoolcache/Python/3.11.16/x64/lib/python3.11
2026-09-26 05:18:08.448967   /opt/hostedtoolcache/Python/3.11.16/x64/lib/python3.11/lib-dynload
2026-09-26 05:18:08.499117   /opt/hostedtoolcache/Python/3.11.16/x64/lib/python3.11/site-packages
2026-09-26 05:18:08.549238 [ ERROR ] Error in file '/home/runner/work/engg-robot-testing-framework/engg-robot-testing-framework/resources/auth_keywords.resource' on line 2: Importing library 'playwright_keyword_library.PlaywrightKeywordLibrary' failed: ModuleNotFoundError: No module named 'playwright_keyword_library'
2026-09-26 05:18:08.599396 Traceback (most recent call last):
2026-09-26 05:18:08.649520   None
2026-09-26 05:18:08.699753 PYTHONPATH:
2026-09-26 05:18:08.749902   /opt/hostedtoolcache/Python/3.11.16/x64/bin
2026-09-26 05:18:08.800051   /opt/hostedtoolcache/Python/3.11.16/x64/lib/python311.zip
2026-09-26 05:18:08.850243   /opt/hostedtoolcache/Python/3.11.16/x64/lib/python3.11
2026-09-26 05:18:08.900424   /opt/hostedtoolcache/Python/3.11.16/x64/lib/python3.11/lib-dynload
2026-09-26 05:18:08.950823   /opt/hostedtoolcache/Python/3.11.16/x64/lib/python3.11/site-packages
2026-09-26 05:18:09.000990 [ ERROR ] Error in file '/home/runner/work/engg-robot-testing-framework/engg-robot-testing-framework/resources/common.resource' on line 4: Importing library 'playwright_keyword_library.PlaywrightKeywordLibrary' failed: ModuleNotFoundError: No module named 'playwright_keyword_library'
2026-09-26 05:18:09.051146 Traceback (most recent call last):
2026-09-26 05:18:09.101323   None
2026-09-26 05:18:09.151467 PYTHONPATH:
2026-09-26 05:18:09.201642   /opt/hostedtoolcache/Python/3.11.16/x64/bin
2026-09-26 05:18:09.251803   /opt/hostedtoolcache/Python/3.11.16/x64/lib/python311.zip
2026-09-26 05:18:09.301945   /opt/hostedtoolcache/Python/3.11.16/x64/lib/python3.11
2026-09-26 05:18:09.352094   /opt/hostedtoolcache/Python/3.11.16/x64/lib/python3.11/lib-dynload
2026-09-26 05:18:09.402269   /opt/hostedtoolcache/Python/3.11.16/x64/lib/python3.11/site-packages
2026-09-26 05:18:18.170885 TC04 Logout User                                                      | FAIL |
2026-09-26 05:18:18.206913 Setup failed:
2026-09-26 05:18:18.206930 No keyword with name 'Open Browser' found.
2026-09-26 05:18:18.206939 
2026-09-26 05:18:18.206948 Also teardown failed:
2026-09-26 05:18:18.206957 Several failures occurred:
2026-09-26 05:18:18.206965 
2026-09-26 05:18:18.206974 1) No keyword with name 'Register Keyword To Run On Failure' found.
2026-09-26 05:18:18.206983 
2026-09-26 05:18:18.206991 2) No keyword with name 'Close Browser' found. Did you mean:
2026-09-26 05:18:18.207000     common.Close Test Browser
2026-09-26 05:18:18.207008 ------------------------------------------------------------------------------
2026-09-26 05:18:18.207017 Suites.Auth.TC04 logout user                                          | FAIL |
2026-09-26 05:18:18.207478 1 test, 0 passed, 1 failed
2026-09-26 05:18:18.207536 ==============================================================================
2026-09-26 05:18:18.207544 Suites.Auth                                                           | FAIL |
2026-09-26 05:18:18.207857 1 test, 0 passed, 1 failed
2026-09-26 05:18:18.207914 ==============================================================================
2026-09-26 05:18:18.207923 Suites                                                                | FAIL |
2026-09-26 05:18:18.208193 1 test, 0 passed, 1 failed
2026-09-26 05:18:18.208255 ==============================================================================
2026-09-26 05:18:18.208267 Output:  /home/runner/work/engg-robot-testing-framework/engg-robot-testing-framework/reports/pabot_results/3/output.xml
