[INFO]    Initialized logging in reports/pabot_results
[INFO]    Robot Framework remote server at 127.0.0.1:8270 started.
[DEBUG]   2026-05-21 04:52:45.573462 [PID:2377] [0] [ID:0] EXECUTING Suites.Auth.TC01 register user
[DEBUG]   2026-05-21 04:52:45.575261 [PID:2378] [1] [ID:1] EXECUTING Suites.Auth.TC02 login valid
[DEBUG]   2026-05-21 04:52:50.580987 [PID:2377] [0] [ID:0] still running Suites.Auth.TC01 register user after 5.0s
[DEBUG]   2026-05-21 04:52:50.581635 [PID:2378] [1] [ID:1] still running Suites.Auth.TC02 login valid after 5.0s
[DEBUG]   2026-05-21 04:53:00.597031 [PID:2377] [0] [ID:0] still running Suites.Auth.TC01 register user after 15.0s
[DEBUG]   2026-05-21 04:53:00.603160 [PID:2378] [1] [ID:1] still running Suites.Auth.TC02 login valid after 15.0s
[DEBUG]   2026-05-21 04:53:15.626743 [PID:2377] [0] [ID:0] still running Suites.Auth.TC01 register user after 30.0s
[DEBUG]   2026-05-21 04:53:15.627426 [PID:2378] [1] [ID:1] still running Suites.Auth.TC02 login valid after 30.0s
[INFO]    2026-05-21 04:53:26.441490 [PID:2377] [0] [ID:0] PASSED Suites.Auth.TC01 register user in 40.9 seconds
[DEBUG]   2026-05-21 04:53:26.447341 [PID:2884] [0] [ID:2] EXECUTING Suites.Auth.TC03 login invalid
[INFO]    2026-05-21 04:53:29.352806 [PID:2378] [1] [ID:1] PASSED Suites.Auth.TC02 login valid in 43.8 seconds
[DEBUG]   2026-05-21 04:53:29.360498 [PID:3049] [1] [ID:3] EXECUTING Suites.Auth.TC04 logout user
[DEBUG]   2026-05-21 04:53:31.463483 [PID:2884] [0] [ID:2] still running Suites.Auth.TC03 login invalid after 5.0s
[DEBUG]   2026-05-21 04:53:34.368155 [PID:3049] [1] [ID:3] still running Suites.Auth.TC04 logout user after 5.0s
[DEBUG]   2026-05-21 04:53:41.476191 [PID:2884] [0] [ID:2] still running Suites.Auth.TC03 login invalid after 15.0s
[INFO]    2026-05-21 04:53:41.681351 [PID:2884] [0] [ID:2] PASSED Suites.Auth.TC03 login invalid in 15.2 seconds
[DEBUG]   2026-05-21 04:53:41.685780 [PID:3287] [0] [ID:4] EXECUTING Suites.Auth.TC05 register existing email
[DEBUG]   2026-05-21 04:53:44.389080 [PID:3049] [1] [ID:3] still running Suites.Auth.TC04 logout user after 15.0s
[DEBUG]   2026-05-21 04:53:46.694087 [PID:3287] [0] [ID:4] still running Suites.Auth.TC05 register existing email after 5.0s
[DEBUG]   2026-05-21 04:53:56.705534 [PID:3287] [0] [ID:4] still running Suites.Auth.TC05 register existing email after 15.0s
[DEBUG]   2026-05-21 04:53:59.408652 [PID:3049] [1] [ID:3] still running Suites.Auth.TC04 logout user after 30.0s
[INFO]    2026-05-21 04:54:00.513732 [PID:3049] [1] [ID:3] PASSED Suites.Auth.TC04 logout user in 31.2 seconds
[DEBUG]   2026-05-21 04:54:00.522481 [PID:3599] [1] [ID:5] EXECUTING Suites.Cart.TC12 add products to cart
[DEBUG]   2026-05-21 04:54:05.535434 [PID:3599] [1] [ID:5] still running Suites.Cart.TC12 add products to cart after 5.0s
[DEBUG]   2026-05-21 04:54:11.733604 [PID:3287] [0] [ID:4] still running Suites.Auth.TC05 register existing email after 30.0s
[DEBUG]   2026-05-21 04:54:15.548786 [PID:3599] [1] [ID:5] still running Suites.Cart.TC12 add products to cart after 15.0s
[INFO]    2026-05-21 04:54:16.842228 [PID:3287] [0] [ID:4] PASSED Suites.Auth.TC05 register existing email in 35.2 seconds
[DEBUG]   2026-05-21 04:54:16.846591 [PID:3868] [0] [ID:6] EXECUTING Suites.Cart.TC13 verify product quantity
[INFO]    2026-05-21 04:54:19.858324 [PID:3599] [1] [ID:5] PASSED Suites.Cart.TC12 add products to cart in 19.3 seconds
[DEBUG]   2026-05-21 04:54:19.866023 [PID:4032] [1] [ID:7] EXECUTING Suites.Cart.TC17 remove products from cart
[DEBUG]   2026-05-21 04:54:21.855384 [PID:3868] [0] [ID:6] still running Suites.Cart.TC13 verify product quantity after 5.0s
[DEBUG]   2026-05-21 04:54:24.874182 [PID:4032] [1] [ID:7] still running Suites.Cart.TC17 remove products from cart after 5.0s
[INFO]    2026-05-21 04:54:30.367274 [PID:3868] [0] [ID:6] PASSED Suites.Cart.TC13 verify product quantity in 13.5 seconds
[DEBUG]   2026-05-21 04:54:30.371251 [PID:4283] [0] [ID:8] EXECUTING Suites.Cart.TC20 search and verify cart after login
[DEBUG]   2026-05-21 04:54:34.884666 [PID:4032] [1] [ID:7] still running Suites.Cart.TC17 remove products from cart after 15.0s
[DEBUG]   2026-05-21 04:54:35.378679 [PID:4283] [0] [ID:8] still running Suites.Cart.TC20 search and verify cart after login after 5.0s
[INFO]    2026-05-21 04:54:38.291149 [PID:4032] [1] [ID:7] PASSED Suites.Cart.TC17 remove products from cart in 18.4 seconds
[DEBUG]   2026-05-21 04:54:38.296417 [PID:4515] [1] [ID:9] EXECUTING Suites.Cart.TC22 add from recommended items
[DEBUG]   2026-05-21 04:54:43.303810 [PID:4515] [1] [ID:9] still running Suites.Cart.TC22 add from recommended items after 5.0s
[DEBUG]   2026-05-21 04:54:45.392898 [PID:4283] [0] [ID:8] still running Suites.Cart.TC20 search and verify cart after login after 15.0s
[DEBUG]   2026-05-21 04:54:53.315008 [PID:4515] [1] [ID:9] still running Suites.Cart.TC22 add from recommended items after 15.0s
[INFO]    2026-05-21 04:54:54.320309 [PID:4515] [1] [ID:9] PASSED Suites.Cart.TC22 add from recommended items in 16.0 seconds
[DEBUG]   2026-05-21 04:55:00.410740 [PID:4283] [0] [ID:8] still running Suites.Cart.TC20 search and verify cart after login after 30.0s
[INFO]    2026-05-21 04:55:06.920609 [PID:4283] [0] [ID:8] PASSED Suites.Cart.TC20 search and verify cart after login in 36.6 seconds
[INFO]    10 tests, 10 passed, 0 failed, 0 skipped.
[INFO]    ===================================================
[INFO]    Output:  /home/runner/work/engg-robot-testing-framework/engg-robot-testing-framework/reports/output.xml
[INFO]    Log:     /home/runner/work/engg-robot-testing-framework/engg-robot-testing-framework/reports/log.html
[INFO]    Report:  /home/runner/work/engg-robot-testing-framework/engg-robot-testing-framework/reports/report.html
[DEBUG]   Finalizing Pabot execution...
[DEBUG]   Stopping PabotLib process
[INFO]    Robot Framework remote server at 127.0.0.1:8270 stopped.
[DEBUG]   PabotLib process stopped
[INFO]    Total testing: 4 minutes 30.10 seconds
[INFO]    Elapsed time:  2 minutes 22.3 seconds
[DEBUG]   Logs flushed successfully.
