2026-09-15 05:09:22.178287 ==============================================================================
2026-09-15 05:09:22.219799 Suites
2026-09-15 05:09:22.219814 ==============================================================================
2026-09-15 05:09:22.219825 Suites.Auth
2026-09-15 05:09:22.220546 ==============================================================================
2026-09-15 05:09:22.220559 Suites.Auth.TC04 logout user
2026-09-15 05:09:22.220559 [ ERROR ] Error in file '/home/runner/work/engg-robot-testing-framework/engg-robot-testing-framework/tests/auth/TC04_logout_user.robot' on line 2: Importing library 'playwright_keyword_library.PlaywrightKeywordLibrary' failed: ModuleNotFoundError: No module named 'playwright_keyword_library'
2026-09-15 05:09:22.235858 ==============================================================================
2026-09-15 05:09:22.235858 Traceback (most recent call last):
2026-09-15 05:09:22.235874   None
2026-09-15 05:09:22.285962 PYTHONPATH:
2026-09-15 05:09:22.336048   /opt/hostedtoolcache/Python/3.11.16/x64/bin
2026-09-15 05:09:22.386127   /opt/hostedtoolcache/Python/3.11.16/x64/lib/python311.zip
2026-09-15 05:09:22.436264   /opt/hostedtoolcache/Python/3.11.16/x64/lib/python3.11
2026-09-15 05:09:22.486349   /opt/hostedtoolcache/Python/3.11.16/x64/lib/python3.11/lib-dynload
2026-09-15 05:09:22.536434   /opt/hostedtoolcache/Python/3.11.16/x64/lib/python3.11/site-packages
2026-09-15 05:09:22.586516 [ ERROR ] Error in file '/home/runner/work/engg-robot-testing-framework/engg-robot-testing-framework/resources/auth_keywords.resource' on line 2: Importing library 'playwright_keyword_library.PlaywrightKeywordLibrary' failed: ModuleNotFoundError: No module named 'playwright_keyword_library'
2026-09-15 05:09:22.636599 Traceback (most recent call last):
2026-09-15 05:09:22.686680   None
2026-09-15 05:09:22.736763 PYTHONPATH:
2026-09-15 05:09:22.786846   /opt/hostedtoolcache/Python/3.11.16/x64/bin
2026-09-15 05:09:22.836928   /opt/hostedtoolcache/Python/3.11.16/x64/lib/python311.zip
2026-09-15 05:09:22.887012   /opt/hostedtoolcache/Python/3.11.16/x64/lib/python3.11
2026-09-15 05:09:22.937096   /opt/hostedtoolcache/Python/3.11.16/x64/lib/python3.11/lib-dynload
2026-09-15 05:09:22.987177   /opt/hostedtoolcache/Python/3.11.16/x64/lib/python3.11/site-packages
2026-09-15 05:09:23.037263 [ ERROR ] Error in file '/home/runner/work/engg-robot-testing-framework/engg-robot-testing-framework/resources/common.resource' on line 4: Importing library 'playwright_keyword_library.PlaywrightKeywordLibrary' failed: ModuleNotFoundError: No module named 'playwright_keyword_library'
2026-09-15 05:09:23.087343 Traceback (most recent call last):
2026-09-15 05:09:23.137427   None
2026-09-15 05:09:23.187509 PYTHONPATH:
2026-09-15 05:09:23.237590   /opt/hostedtoolcache/Python/3.11.16/x64/bin
2026-09-15 05:09:23.287674   /opt/hostedtoolcache/Python/3.11.16/x64/lib/python311.zip
2026-09-15 05:09:23.337768   /opt/hostedtoolcache/Python/3.11.16/x64/lib/python3.11
2026-09-15 05:09:23.387848   /opt/hostedtoolcache/Python/3.11.16/x64/lib/python3.11/lib-dynload
2026-09-15 05:09:23.437930   /opt/hostedtoolcache/Python/3.11.16/x64/lib/python3.11/site-packages
2026-09-15 05:09:32.207431 TC04 Logout User                                                      | FAIL |
2026-09-15 05:09:32.244757 Setup failed:
2026-09-15 05:09:32.244764 No keyword with name 'Open Browser' found.
2026-09-15 05:09:32.244769 
2026-09-15 05:09:32.244774 Also teardown failed:
2026-09-15 05:09:32.244778 Several failures occurred:
2026-09-15 05:09:32.244783 
2026-09-15 05:09:32.244787 1) No keyword with name 'Register Keyword To Run On Failure' found.
2026-09-15 05:09:32.244792 
2026-09-15 05:09:32.244796 2) No keyword with name 'Close Browser' found. Did you mean:
2026-09-15 05:09:32.244801     common.Close Test Browser
2026-09-15 05:09:32.244806 ------------------------------------------------------------------------------
2026-09-15 05:09:32.244810 Suites.Auth.TC04 logout user                                          | FAIL |
2026-09-15 05:09:32.245582 1 test, 0 passed, 1 failed
2026-09-15 05:09:32.245640 ==============================================================================
2026-09-15 05:09:32.245646 Suites.Auth                                                           | FAIL |
2026-09-15 05:09:32.246092 1 test, 0 passed, 1 failed
2026-09-15 05:09:32.246140 ==============================================================================
2026-09-15 05:09:32.246145 Suites                                                                | FAIL |
2026-09-15 05:09:32.246465 1 test, 0 passed, 1 failed
2026-09-15 05:09:32.246510 ==============================================================================
2026-09-15 05:09:32.246515 Output:  /home/runner/work/engg-robot-testing-framework/engg-robot-testing-framework/reports/pabot_results/3/output.xml
