2026-05-18 04:50:15.489439 ==============================================================================
2026-05-18 04:50:15.508300 Suites
2026-05-18 04:50:15.508323 ==============================================================================
2026-05-18 04:50:15.508340 Suites.Auth
2026-05-18 04:50:15.509255 ==============================================================================
2026-05-18 04:50:15.759820 Suites.Auth.TC02 login valid
2026-05-18 04:50:15.809583 ==============================================================================
2026-05-18 04:51:45.824362 TC02 Login User With Correct Email And Password                       | FAIL |
2026-05-18 04:51:45.837299 Element 'xpath=//a[contains(text(),'Logout')]' not visible after 45 seconds.
2026-05-18 04:51:45.837322 ------------------------------------------------------------------------------
2026-05-18 04:51:45.837339 Suites.Auth.TC02 login valid                                          | FAIL |
2026-05-18 04:51:45.838012 1 test, 0 passed, 1 failed
2026-05-18 04:51:45.838033 ==============================================================================
2026-05-18 04:51:45.838051 Suites.Auth                                                           | FAIL |
2026-05-18 04:51:45.838428 1 test, 0 passed, 1 failed
2026-05-18 04:51:45.838455 ==============================================================================
2026-05-18 04:51:45.838512 Suites                                                                | FAIL |
2026-05-18 04:51:45.838862 1 test, 0 passed, 1 failed
2026-05-18 04:51:45.838889 ==============================================================================
2026-05-18 04:51:45.838955 Output:  /home/runner/work/engg-robot-testing-framework/engg-robot-testing-framework/reports/pabot_results/1/output.xml
