2026-08-16 02:05:41.548375 ==============================================================================
2026-08-16 02:05:41.569641 Suites
2026-08-16 02:05:41.569665 ==============================================================================
2026-08-16 02:05:41.569681 Suites.Auth
2026-08-16 02:05:41.570511 ==============================================================================
2026-08-16 02:05:41.570531 Suites.Auth.TC01 register user
2026-08-16 02:05:41.570531 [ ERROR ] Error in file '/home/runner/work/engg-robot-testing-framework/engg-robot-testing-framework/tests/auth/TC01_register_user.robot' on line 2: Importing library 'playwright_keyword_library.PlaywrightKeywordLibrary' failed: ModuleNotFoundError: No module named 'playwright_keyword_library'
2026-08-16 02:05:41.590004 ==============================================================================
2026-08-16 02:05:41.590004 Traceback (most recent call last):
2026-08-16 02:05:41.590030   None
2026-08-16 02:05:41.640234 PYTHONPATH:
2026-08-16 02:05:41.690409   /opt/hostedtoolcache/Python/3.11.15/x64/bin
2026-08-16 02:05:41.740597   /opt/hostedtoolcache/Python/3.11.15/x64/lib/python311.zip
2026-08-16 02:05:41.790776   /opt/hostedtoolcache/Python/3.11.15/x64/lib/python3.11
2026-08-16 02:05:41.840941   /opt/hostedtoolcache/Python/3.11.15/x64/lib/python3.11/lib-dynload
2026-08-16 02:05:41.891121   /opt/hostedtoolcache/Python/3.11.15/x64/lib/python3.11/site-packages
2026-08-16 02:05:41.941345 [ ERROR ] Error in file '/home/runner/work/engg-robot-testing-framework/engg-robot-testing-framework/resources/auth_keywords.resource' on line 2: Importing library 'playwright_keyword_library.PlaywrightKeywordLibrary' failed: ModuleNotFoundError: No module named 'playwright_keyword_library'
2026-08-16 02:05:41.991524 Traceback (most recent call last):
2026-08-16 02:05:42.041739   None
2026-08-16 02:05:42.091979 PYTHONPATH:
2026-08-16 02:05:42.142174   /opt/hostedtoolcache/Python/3.11.15/x64/bin
2026-08-16 02:05:42.192377   /opt/hostedtoolcache/Python/3.11.15/x64/lib/python311.zip
2026-08-16 02:05:42.242597   /opt/hostedtoolcache/Python/3.11.15/x64/lib/python3.11
2026-08-16 02:05:42.292802   /opt/hostedtoolcache/Python/3.11.15/x64/lib/python3.11/lib-dynload
2026-08-16 02:05:42.343009   /opt/hostedtoolcache/Python/3.11.15/x64/lib/python3.11/site-packages
2026-08-16 02:05:42.393201 [ ERROR ] Error in file '/home/runner/work/engg-robot-testing-framework/engg-robot-testing-framework/resources/common.resource' on line 4: Importing library 'playwright_keyword_library.PlaywrightKeywordLibrary' failed: ModuleNotFoundError: No module named 'playwright_keyword_library'
2026-08-16 02:05:42.443403 Traceback (most recent call last):
2026-08-16 02:05:42.493599   None
2026-08-16 02:05:42.543788 PYTHONPATH:
2026-08-16 02:05:42.593989   /opt/hostedtoolcache/Python/3.11.15/x64/bin
2026-08-16 02:05:42.644159   /opt/hostedtoolcache/Python/3.11.15/x64/lib/python311.zip
2026-08-16 02:05:42.694372   /opt/hostedtoolcache/Python/3.11.15/x64/lib/python3.11
2026-08-16 02:05:42.744579   /opt/hostedtoolcache/Python/3.11.15/x64/lib/python3.11/lib-dynload
2026-08-16 02:05:42.794790   /opt/hostedtoolcache/Python/3.11.15/x64/lib/python3.11/site-packages
2026-08-16 02:05:51.568252 TC01 Register User                                                    | FAIL |
2026-08-16 02:05:51.600511 Setup failed:
2026-08-16 02:05:51.600527 No keyword with name 'Open Browser' found.
2026-08-16 02:05:51.600537 
2026-08-16 02:05:51.600545 Also teardown failed:
2026-08-16 02:05:51.600553 Several failures occurred:
2026-08-16 02:05:51.600562 
2026-08-16 02:05:51.600571 1) No keyword with name 'Register Keyword To Run On Failure' found.
2026-08-16 02:05:51.600580 
2026-08-16 02:05:51.600588 2) No keyword with name 'Close Browser' found. Did you mean:
2026-08-16 02:05:51.600596     common.Close Test Browser
2026-08-16 02:05:51.600604 ------------------------------------------------------------------------------
2026-08-16 02:05:51.600611 Suites.Auth.TC01 register user                                        | FAIL |
2026-08-16 02:05:51.601041 1 test, 0 passed, 1 failed
2026-08-16 02:05:51.601054 ==============================================================================
2026-08-16 02:05:51.601062 Suites.Auth                                                           | FAIL |
2026-08-16 02:05:51.601371 1 test, 0 passed, 1 failed
2026-08-16 02:05:51.601401 ==============================================================================
2026-08-16 02:05:51.601462 Suites                                                                | FAIL |
2026-08-16 02:05:51.601685 1 test, 0 passed, 1 failed
2026-08-16 02:05:51.601697 ==============================================================================
2026-08-16 02:05:51.601705 Output:  /home/runner/work/engg-robot-testing-framework/engg-robot-testing-framework/reports/pabot_results/0/output.xml
