2026-06-20 04:52:02.762785 ==============================================================================
2026-06-20 04:52:02.775107 Suites
2026-06-20 04:52:02.775126 ==============================================================================
2026-06-20 04:52:02.775139 Suites.Auth
2026-06-20 04:52:02.775989 ==============================================================================
2026-06-20 04:52:02.876222 Suites.Auth.TC03 login invalid
2026-06-20 04:52:02.881720 ==============================================================================
2026-06-20 04:52:13.911515 TC03 Login User With Incorrect Email And Password                     | FAIL |
2026-06-20 04:52:13.950974 Setup failed:
2026-06-20 04:52:13.950991 Title should have been 'Automation Exercise' but was 'One moment, please...'.
2026-06-20 04:52:13.951002 ------------------------------------------------------------------------------
2026-06-20 04:52:13.951011 Suites.Auth.TC03 login invalid                                        | FAIL |
2026-06-20 04:52:13.951680 1 test, 0 passed, 1 failed
2026-06-20 04:52:13.951694 ==============================================================================
2026-06-20 04:52:13.951704 Suites.Auth                                                           | FAIL |
2026-06-20 04:52:13.952028 1 test, 0 passed, 1 failed
2026-06-20 04:52:13.952080 ==============================================================================
2026-06-20 04:52:13.952090 Suites                                                                | FAIL |
2026-06-20 04:52:13.952339 1 test, 0 passed, 1 failed
2026-06-20 04:52:13.952379 ==============================================================================
2026-06-20 04:52:13.952389 Output:  /home/runner/work/engg-robot-testing-framework/engg-robot-testing-framework/reports/pabot_results/2/output.xml
