2026-06-29 05:12:33.261009 ==============================================================================
2026-06-29 05:12:33.286724 Suites
2026-06-29 05:12:33.286745 ==============================================================================
2026-06-29 05:12:33.286760 Suites.Cart
2026-06-29 05:12:33.287616 ==============================================================================
2026-06-29 05:12:33.287634 Suites.Cart.TC17 remove products from cart :: TC17 - Remove Products From Cart
2026-06-29 05:12:33.287634 [ ERROR ] Error in file '/home/runner/work/engg-robot-testing-framework/engg-robot-testing-framework/resources/common.resource' on line 4: Importing library 'playwright_keyword_library.PlaywrightKeywordLibrary' failed: ModuleNotFoundError: No module named 'playwright_keyword_library'
2026-06-29 05:12:33.318997 ==============================================================================
2026-06-29 05:12:33.318997 Traceback (most recent call last):
2026-06-29 05:12:33.319020   None
2026-06-29 05:12:33.369147 PYTHONPATH:
2026-06-29 05:12:33.419261   /opt/hostedtoolcache/Python/3.11.15/x64/bin
2026-06-29 05:12:33.469372   /opt/hostedtoolcache/Python/3.11.15/x64/lib/python311.zip
2026-06-29 05:12:33.519479   /opt/hostedtoolcache/Python/3.11.15/x64/lib/python3.11
2026-06-29 05:12:33.569586   /opt/hostedtoolcache/Python/3.11.15/x64/lib/python3.11/lib-dynload
2026-06-29 05:12:33.619694   /opt/hostedtoolcache/Python/3.11.15/x64/lib/python3.11/site-packages
2026-06-29 05:12:33.669855 [ ERROR ] Error in file '/home/runner/work/engg-robot-testing-framework/engg-robot-testing-framework/resources/product_keywords.resource' on line 2: Importing library 'playwright_keyword_library.PlaywrightKeywordLibrary' failed: ModuleNotFoundError: No module named 'playwright_keyword_library'
2026-06-29 05:12:33.719959 Traceback (most recent call last):
2026-06-29 05:12:33.770106   None
2026-06-29 05:12:33.820213 PYTHONPATH:
2026-06-29 05:12:33.870369   /opt/hostedtoolcache/Python/3.11.15/x64/bin
2026-06-29 05:12:33.920525   /opt/hostedtoolcache/Python/3.11.15/x64/lib/python311.zip
2026-06-29 05:12:33.970681   /opt/hostedtoolcache/Python/3.11.15/x64/lib/python3.11
2026-06-29 05:12:34.020774   /opt/hostedtoolcache/Python/3.11.15/x64/lib/python3.11/lib-dynload
2026-06-29 05:12:34.070926   /opt/hostedtoolcache/Python/3.11.15/x64/lib/python3.11/site-packages
2026-06-29 05:12:34.121064 [ ERROR ] Error in file '/home/runner/work/engg-robot-testing-framework/engg-robot-testing-framework/resources/cart_keywords.resource' on line 2: Importing library 'playwright_keyword_library.PlaywrightKeywordLibrary' failed: ModuleNotFoundError: No module named 'playwright_keyword_library'
2026-06-29 05:12:34.171216 Traceback (most recent call last):
2026-06-29 05:12:34.221349   None
2026-06-29 05:12:34.271509 PYTHONPATH:
2026-06-29 05:12:34.321642   /opt/hostedtoolcache/Python/3.11.15/x64/bin
2026-06-29 05:12:34.371780   /opt/hostedtoolcache/Python/3.11.15/x64/lib/python311.zip
2026-06-29 05:12:34.421939   /opt/hostedtoolcache/Python/3.11.15/x64/lib/python3.11
2026-06-29 05:12:34.472082   /opt/hostedtoolcache/Python/3.11.15/x64/lib/python3.11/lib-dynload
2026-06-29 05:12:34.522215   /opt/hostedtoolcache/Python/3.11.15/x64/lib/python3.11/site-packages
2026-06-29 05:12:43.299888 TC17 Remove Products From Cart                                        | FAIL |
2026-06-29 05:12:43.330614 Setup failed:
2026-06-29 05:12:43.330631 No keyword with name 'Open Browser' found.
2026-06-29 05:12:43.330644 
2026-06-29 05:12:43.330656 Also teardown failed:
2026-06-29 05:12:43.330668 Several failures occurred:
2026-06-29 05:12:43.330679 
2026-06-29 05:12:43.330690 1) No keyword with name 'Register Keyword To Run On Failure' found.
2026-06-29 05:12:43.330702 
2026-06-29 05:12:43.330712 2) No keyword with name 'Close Browser' found. Did you mean:
2026-06-29 05:12:43.330724     common.Close Test Browser
2026-06-29 05:12:43.330737 ------------------------------------------------------------------------------
2026-06-29 05:12:43.330749 Suites.Cart.TC17 remove products from cart :: TC17 - Remove Produc... | FAIL |
2026-06-29 05:12:43.331388 1 test, 0 passed, 1 failed
2026-06-29 05:12:43.331406 ==============================================================================
2026-06-29 05:12:43.331419 Suites.Cart                                                           | FAIL |
2026-06-29 05:12:43.331767 1 test, 0 passed, 1 failed
2026-06-29 05:12:43.331841 ==============================================================================
2026-06-29 05:12:43.331866 Suites                                                                | FAIL |
2026-06-29 05:12:43.332292 1 test, 0 passed, 1 failed
2026-06-29 05:12:43.332308 ==============================================================================
2026-06-29 05:12:43.332321 Output:  /home/runner/work/engg-robot-testing-framework/engg-robot-testing-framework/reports/pabot_results/7/output.xml
