2026-09-13 05:11:21.769327 ==============================================================================
2026-09-13 05:11:21.801773 Suites
2026-09-13 05:11:21.801795 ==============================================================================
2026-09-13 05:11:21.801887 Suites.Auth
2026-09-13 05:11:21.802707 ==============================================================================
2026-09-13 05:11:21.802725 Suites.Auth.TC05 register existing email
2026-09-13 05:11:21.802725 [ ERROR ] Error in file '/home/runner/work/engg-robot-testing-framework/engg-robot-testing-framework/tests/auth/TC05_register_existing_email.robot' on line 2: Importing library 'playwright_keyword_library.PlaywrightKeywordLibrary' failed: ModuleNotFoundError: No module named 'playwright_keyword_library'
2026-09-13 05:11:21.821391 ==============================================================================
2026-09-13 05:11:21.821391 Traceback (most recent call last):
2026-09-13 05:11:21.821416   None
2026-09-13 05:11:21.871520 PYTHONPATH:
2026-09-13 05:11:21.921613   /opt/hostedtoolcache/Python/3.11.16/x64/bin
2026-09-13 05:11:21.971732   /opt/hostedtoolcache/Python/3.11.16/x64/lib/python311.zip
2026-09-13 05:11:22.021844   /opt/hostedtoolcache/Python/3.11.16/x64/lib/python3.11
2026-09-13 05:11:22.071953   /opt/hostedtoolcache/Python/3.11.16/x64/lib/python3.11/lib-dynload
2026-09-13 05:11:22.122132   /opt/hostedtoolcache/Python/3.11.16/x64/lib/python3.11/site-packages
2026-09-13 05:11:22.172311 [ ERROR ] Error in file '/home/runner/work/engg-robot-testing-framework/engg-robot-testing-framework/resources/auth_keywords.resource' on line 2: Importing library 'playwright_keyword_library.PlaywrightKeywordLibrary' failed: ModuleNotFoundError: No module named 'playwright_keyword_library'
2026-09-13 05:11:22.222469 Traceback (most recent call last):
2026-09-13 05:11:22.272626   None
2026-09-13 05:11:22.322784 PYTHONPATH:
2026-09-13 05:11:22.372942   /opt/hostedtoolcache/Python/3.11.16/x64/bin
2026-09-13 05:11:22.423105   /opt/hostedtoolcache/Python/3.11.16/x64/lib/python311.zip
2026-09-13 05:11:22.473260   /opt/hostedtoolcache/Python/3.11.16/x64/lib/python3.11
2026-09-13 05:11:22.523418   /opt/hostedtoolcache/Python/3.11.16/x64/lib/python3.11/lib-dynload
2026-09-13 05:11:22.573579   /opt/hostedtoolcache/Python/3.11.16/x64/lib/python3.11/site-packages
2026-09-13 05:11:22.623748 [ ERROR ] Error in file '/home/runner/work/engg-robot-testing-framework/engg-robot-testing-framework/resources/common.resource' on line 4: Importing library 'playwright_keyword_library.PlaywrightKeywordLibrary' failed: ModuleNotFoundError: No module named 'playwright_keyword_library'
2026-09-13 05:11:22.673904 Traceback (most recent call last):
2026-09-13 05:11:22.724078   None
2026-09-13 05:11:22.774244 PYTHONPATH:
2026-09-13 05:11:22.824364   /opt/hostedtoolcache/Python/3.11.16/x64/bin
2026-09-13 05:11:22.874519   /opt/hostedtoolcache/Python/3.11.16/x64/lib/python311.zip
2026-09-13 05:11:22.924670   /opt/hostedtoolcache/Python/3.11.16/x64/lib/python3.11
2026-09-13 05:11:22.974822   /opt/hostedtoolcache/Python/3.11.16/x64/lib/python3.11/lib-dynload
2026-09-13 05:11:23.024969   /opt/hostedtoolcache/Python/3.11.16/x64/lib/python3.11/site-packages
2026-09-13 05:11:31.796357 TC05 Register User With Existing Email                                | FAIL |
2026-09-13 05:11:31.831422 Setup failed:
2026-09-13 05:11:31.831441 No keyword with name 'Open Browser' found.
2026-09-13 05:11:31.831457 
2026-09-13 05:11:31.831471 Also teardown failed:
2026-09-13 05:11:31.831485 Several failures occurred:
2026-09-13 05:11:31.831498 
2026-09-13 05:11:31.831516 1) No keyword with name 'Register Keyword To Run On Failure' found.
2026-09-13 05:11:31.831528 
2026-09-13 05:11:31.831539 2) No keyword with name 'Close Browser' found. Did you mean:
2026-09-13 05:11:31.831551     common.Close Test Browser
2026-09-13 05:11:31.831563 ------------------------------------------------------------------------------
2026-09-13 05:11:31.831574 Suites.Auth.TC05 register existing email                              | FAIL |
2026-09-13 05:11:31.832078 1 test, 0 passed, 1 failed
2026-09-13 05:11:31.832105 ==============================================================================
2026-09-13 05:11:31.832120 Suites.Auth                                                           | FAIL |
2026-09-13 05:11:31.832515 1 test, 0 passed, 1 failed
2026-09-13 05:11:31.832575 ==============================================================================
2026-09-13 05:11:31.832591 Suites                                                                | FAIL |
2026-09-13 05:11:31.832884 1 test, 0 passed, 1 failed
2026-09-13 05:11:31.832944 ==============================================================================
2026-09-13 05:11:31.832958 Output:  /home/runner/work/engg-robot-testing-framework/engg-robot-testing-framework/reports/pabot_results/4/output.xml
