2026-09-27 05:35:08.124493 ==============================================================================
2026-09-27 05:35:08.138717 Suites
2026-09-27 05:35:08.138739 ==============================================================================
2026-09-27 05:35:08.138755 Suites.Auth
2026-09-27 05:35:08.139559 ==============================================================================
2026-09-27 05:35:08.139578 Suites.Auth.TC01 register user
2026-09-27 05:35:08.139578 [ ERROR ] Error in file '/home/runner/work/engg-robot-testing-framework/engg-robot-testing-framework/tests/auth/TC01_register_user.robot' on line 2: Importing library 'playwright_keyword_library.PlaywrightKeywordLibrary' failed: ModuleNotFoundError: No module named 'playwright_keyword_library'
2026-09-27 05:35:08.158349 ==============================================================================
2026-09-27 05:35:08.158349 Traceback (most recent call last):
2026-09-27 05:35:08.158402   None
2026-09-27 05:35:08.208517 PYTHONPATH:
2026-09-27 05:35:08.258621   /opt/hostedtoolcache/Python/3.11.16/x64/bin
2026-09-27 05:35:08.308722   /opt/hostedtoolcache/Python/3.11.16/x64/lib/python311.zip
2026-09-27 05:35:08.358816   /opt/hostedtoolcache/Python/3.11.16/x64/lib/python3.11
2026-09-27 05:35:08.408915   /opt/hostedtoolcache/Python/3.11.16/x64/lib/python3.11/lib-dynload
2026-09-27 05:35:08.459051   /opt/hostedtoolcache/Python/3.11.16/x64/lib/python3.11/site-packages
2026-09-27 05:35:08.509159 [ ERROR ] Error in file '/home/runner/work/engg-robot-testing-framework/engg-robot-testing-framework/resources/auth_keywords.resource' on line 2: Importing library 'playwright_keyword_library.PlaywrightKeywordLibrary' failed: ModuleNotFoundError: No module named 'playwright_keyword_library'
2026-09-27 05:35:08.559319 Traceback (most recent call last):
2026-09-27 05:35:08.609484   None
2026-09-27 05:35:08.659643 PYTHONPATH:
2026-09-27 05:35:08.709805   /opt/hostedtoolcache/Python/3.11.16/x64/bin
2026-09-27 05:35:08.759966   /opt/hostedtoolcache/Python/3.11.16/x64/lib/python311.zip
2026-09-27 05:35:08.810119   /opt/hostedtoolcache/Python/3.11.16/x64/lib/python3.11
2026-09-27 05:35:08.860279   /opt/hostedtoolcache/Python/3.11.16/x64/lib/python3.11/lib-dynload
2026-09-27 05:35:08.910439   /opt/hostedtoolcache/Python/3.11.16/x64/lib/python3.11/site-packages
2026-09-27 05:35:08.960599 [ ERROR ] Error in file '/home/runner/work/engg-robot-testing-framework/engg-robot-testing-framework/resources/common.resource' on line 4: Importing library 'playwright_keyword_library.PlaywrightKeywordLibrary' failed: ModuleNotFoundError: No module named 'playwright_keyword_library'
2026-09-27 05:35:09.010758 Traceback (most recent call last):
2026-09-27 05:35:09.060917   None
2026-09-27 05:35:09.111076 PYTHONPATH:
2026-09-27 05:35:09.161234   /opt/hostedtoolcache/Python/3.11.16/x64/bin
2026-09-27 05:35:09.211393   /opt/hostedtoolcache/Python/3.11.16/x64/lib/python311.zip
2026-09-27 05:35:09.261551   /opt/hostedtoolcache/Python/3.11.16/x64/lib/python3.11
2026-09-27 05:35:09.311709   /opt/hostedtoolcache/Python/3.11.16/x64/lib/python3.11/lib-dynload
2026-09-27 05:35:09.361869   /opt/hostedtoolcache/Python/3.11.16/x64/lib/python3.11/site-packages
2026-09-27 05:35:18.135389 TC01 Register User                                                    | FAIL |
2026-09-27 05:35:18.168030 Setup failed:
2026-09-27 05:35:18.168042 No keyword with name 'Open Browser' found.
2026-09-27 05:35:18.168050 
2026-09-27 05:35:18.168057 Also teardown failed:
2026-09-27 05:35:18.168063 Several failures occurred:
2026-09-27 05:35:18.168070 
2026-09-27 05:35:18.168076 1) No keyword with name 'Register Keyword To Run On Failure' found.
2026-09-27 05:35:18.168083 
2026-09-27 05:35:18.168089 2) No keyword with name 'Close Browser' found. Did you mean:
2026-09-27 05:35:18.168095     common.Close Test Browser
2026-09-27 05:35:18.168101 ------------------------------------------------------------------------------
2026-09-27 05:35:18.168107 Suites.Auth.TC01 register user                                        | FAIL |
2026-09-27 05:35:18.168678 1 test, 0 passed, 1 failed
2026-09-27 05:35:18.168698 ==============================================================================
2026-09-27 05:35:18.168745 Suites.Auth                                                           | FAIL |
2026-09-27 05:35:18.169108 1 test, 0 passed, 1 failed
2026-09-27 05:35:18.169128 ==============================================================================
2026-09-27 05:35:18.169190 Suites                                                                | FAIL |
2026-09-27 05:35:18.169518 1 test, 0 passed, 1 failed
2026-09-27 05:35:18.169573 ==============================================================================
2026-09-27 05:35:18.169582 Output:  /home/runner/work/engg-robot-testing-framework/engg-robot-testing-framework/reports/pabot_results/0/output.xml
