2026-10-02 05:59:56.501465 ==============================================================================
2026-10-02 05:59:56.527021 Suites
2026-10-02 05:59:56.527036 ==============================================================================
2026-10-02 05:59:56.527047 Suites.Auth
2026-10-02 05:59:56.527582 ==============================================================================
2026-10-02 05:59:56.527593 Suites.Auth.TC03 login invalid
2026-10-02 05:59:56.527593 [ ERROR ] Error in file '/home/runner/work/engg-robot-testing-framework/engg-robot-testing-framework/tests/auth/TC03_login_invalid.robot' on line 2: Importing library 'playwright_keyword_library.PlaywrightKeywordLibrary' failed: ModuleNotFoundError: No module named 'playwright_keyword_library'
2026-10-02 05:59:56.540547 ==============================================================================
2026-10-02 05:59:56.540547 Traceback (most recent call last):
2026-10-02 05:59:56.540566   None
2026-10-02 05:59:56.590677 PYTHONPATH:
2026-10-02 05:59:56.640827   /opt/hostedtoolcache/Python/3.11.16/x64/bin
2026-10-02 05:59:56.690948   /opt/hostedtoolcache/Python/3.11.16/x64/lib/python311.zip
2026-10-02 05:59:56.741096   /opt/hostedtoolcache/Python/3.11.16/x64/lib/python3.11
2026-10-02 05:59:56.791185   /opt/hostedtoolcache/Python/3.11.16/x64/lib/python3.11/lib-dynload
2026-10-02 05:59:56.841355   /opt/hostedtoolcache/Python/3.11.16/x64/lib/python3.11/site-packages
2026-10-02 05:59:56.891463 [ ERROR ] Error in file '/home/runner/work/engg-robot-testing-framework/engg-robot-testing-framework/resources/auth_keywords.resource' on line 2: Importing library 'playwright_keyword_library.PlaywrightKeywordLibrary' failed: ModuleNotFoundError: No module named 'playwright_keyword_library'
2026-10-02 05:59:56.941607 Traceback (most recent call last):
2026-10-02 05:59:56.991726   None
2026-10-02 05:59:57.041901 PYTHONPATH:
2026-10-02 05:59:57.092025   /opt/hostedtoolcache/Python/3.11.16/x64/bin
2026-10-02 05:59:57.142185   /opt/hostedtoolcache/Python/3.11.16/x64/lib/python311.zip
2026-10-02 05:59:57.192300   /opt/hostedtoolcache/Python/3.11.16/x64/lib/python3.11
2026-10-02 05:59:57.242469   /opt/hostedtoolcache/Python/3.11.16/x64/lib/python3.11/lib-dynload
2026-10-02 05:59:57.292826   /opt/hostedtoolcache/Python/3.11.16/x64/lib/python3.11/site-packages
2026-10-02 05:59:57.342996 [ ERROR ] Error in file '/home/runner/work/engg-robot-testing-framework/engg-robot-testing-framework/resources/common.resource' on line 4: Importing library 'playwright_keyword_library.PlaywrightKeywordLibrary' failed: ModuleNotFoundError: No module named 'playwright_keyword_library'
2026-10-02 05:59:57.393221 Traceback (most recent call last):
2026-10-02 05:59:57.443397   None
2026-10-02 05:59:57.493578 PYTHONPATH:
2026-10-02 05:59:57.543746   /opt/hostedtoolcache/Python/3.11.16/x64/bin
2026-10-02 05:59:57.593923   /opt/hostedtoolcache/Python/3.11.16/x64/lib/python311.zip
2026-10-02 05:59:57.644120   /opt/hostedtoolcache/Python/3.11.16/x64/lib/python3.11
2026-10-02 05:59:57.694333   /opt/hostedtoolcache/Python/3.11.16/x64/lib/python3.11/lib-dynload
2026-10-02 05:59:57.744499   /opt/hostedtoolcache/Python/3.11.16/x64/lib/python3.11/site-packages
2026-10-02 06:00:06.515997 TC03 Login User With Incorrect Email And Password                     | FAIL |
2026-10-02 06:00:06.547912 Setup failed:
2026-10-02 06:00:06.547930 No keyword with name 'Open Browser' found.
2026-10-02 06:00:06.547941 
2026-10-02 06:00:06.547952 Also teardown failed:
2026-10-02 06:00:06.547963 Several failures occurred:
2026-10-02 06:00:06.547995 
2026-10-02 06:00:06.548009 1) No keyword with name 'Register Keyword To Run On Failure' found.
2026-10-02 06:00:06.548018 
2026-10-02 06:00:06.548026 2) No keyword with name 'Close Browser' found. Did you mean:
2026-10-02 06:00:06.548034     common.Close Test Browser
2026-10-02 06:00:06.548042 ------------------------------------------------------------------------------
2026-10-02 06:00:06.548049 Suites.Auth.TC03 login invalid                                        | FAIL |
2026-10-02 06:00:06.548406 1 test, 0 passed, 1 failed
2026-10-02 06:00:06.548418 ==============================================================================
2026-10-02 06:00:06.548427 Suites.Auth                                                           | FAIL |
2026-10-02 06:00:06.548659 1 test, 0 passed, 1 failed
2026-10-02 06:00:06.548698 ==============================================================================
2026-10-02 06:00:06.548706 Suites                                                                | FAIL |
2026-10-02 06:00:06.548919 1 test, 0 passed, 1 failed
2026-10-02 06:00:06.548974 ==============================================================================
2026-10-02 06:00:06.548983 Output:  /home/runner/work/engg-robot-testing-framework/engg-robot-testing-framework/reports/pabot_results/2/output.xml
