2026-09-14 05:17:37.934465 ==============================================================================
2026-09-14 05:17:37.947606 Suites
2026-09-14 05:17:37.947624 ==============================================================================
2026-09-14 05:17:37.947636 Suites.Auth
2026-09-14 05:17:37.948477 ==============================================================================
2026-09-14 05:17:37.948497 Suites.Auth.TC03 login invalid
2026-09-14 05:17:37.948497 [ ERROR ] Error in file '/home/runner/work/engg-robot-testing-framework/engg-robot-testing-framework/tests/auth/TC03_login_invalid.robot' on line 2: Importing library 'playwright_keyword_library.PlaywrightKeywordLibrary' failed: ModuleNotFoundError: No module named 'playwright_keyword_library'
2026-09-14 05:17:37.965391 ==============================================================================
2026-09-14 05:17:37.965391 Traceback (most recent call last):
2026-09-14 05:17:37.965410   None
2026-09-14 05:17:38.015496 PYTHONPATH:
2026-09-14 05:17:38.065584   /opt/hostedtoolcache/Python/3.11.16/x64/bin
2026-09-14 05:17:38.115673   /opt/hostedtoolcache/Python/3.11.16/x64/lib/python311.zip
2026-09-14 05:17:38.165762   /opt/hostedtoolcache/Python/3.11.16/x64/lib/python3.11
2026-09-14 05:17:38.215849   /opt/hostedtoolcache/Python/3.11.16/x64/lib/python3.11/lib-dynload
2026-09-14 05:17:38.265987   /opt/hostedtoolcache/Python/3.11.16/x64/lib/python3.11/site-packages
2026-09-14 05:17:38.316139 [ ERROR ] Error in file '/home/runner/work/engg-robot-testing-framework/engg-robot-testing-framework/resources/auth_keywords.resource' on line 2: Importing library 'playwright_keyword_library.PlaywrightKeywordLibrary' failed: ModuleNotFoundError: No module named 'playwright_keyword_library'
2026-09-14 05:17:38.366295 Traceback (most recent call last):
2026-09-14 05:17:38.416533   None
2026-09-14 05:17:38.466767 PYTHONPATH:
2026-09-14 05:17:38.517037   /opt/hostedtoolcache/Python/3.11.16/x64/bin
2026-09-14 05:17:38.567295   /opt/hostedtoolcache/Python/3.11.16/x64/lib/python311.zip
2026-09-14 05:17:38.617479   /opt/hostedtoolcache/Python/3.11.16/x64/lib/python3.11
2026-09-14 05:17:38.667707   /opt/hostedtoolcache/Python/3.11.16/x64/lib/python3.11/lib-dynload
2026-09-14 05:17:38.717917   /opt/hostedtoolcache/Python/3.11.16/x64/lib/python3.11/site-packages
2026-09-14 05:17:38.768153 [ ERROR ] Error in file '/home/runner/work/engg-robot-testing-framework/engg-robot-testing-framework/resources/common.resource' on line 4: Importing library 'playwright_keyword_library.PlaywrightKeywordLibrary' failed: ModuleNotFoundError: No module named 'playwright_keyword_library'
2026-09-14 05:17:38.818377 Traceback (most recent call last):
2026-09-14 05:17:38.868649   None
2026-09-14 05:17:38.918861 PYTHONPATH:
2026-09-14 05:17:38.969104   /opt/hostedtoolcache/Python/3.11.16/x64/bin
2026-09-14 05:17:39.019322   /opt/hostedtoolcache/Python/3.11.16/x64/lib/python311.zip
2026-09-14 05:17:39.069548   /opt/hostedtoolcache/Python/3.11.16/x64/lib/python3.11
2026-09-14 05:17:39.119760   /opt/hostedtoolcache/Python/3.11.16/x64/lib/python3.11/lib-dynload
2026-09-14 05:17:39.170005   /opt/hostedtoolcache/Python/3.11.16/x64/lib/python3.11/site-packages
2026-09-14 05:17:47.945880 TC03 Login User With Incorrect Email And Password                     | FAIL |
2026-09-14 05:17:47.975452 Setup failed:
2026-09-14 05:17:47.975460 No keyword with name 'Open Browser' found.
2026-09-14 05:17:47.975467 
2026-09-14 05:17:47.975473 Also teardown failed:
2026-09-14 05:17:47.975480 Several failures occurred:
2026-09-14 05:17:47.975486 
2026-09-14 05:17:47.975492 1) No keyword with name 'Register Keyword To Run On Failure' found.
2026-09-14 05:17:47.975499 
2026-09-14 05:17:47.975505 2) No keyword with name 'Close Browser' found. Did you mean:
2026-09-14 05:17:47.975511     common.Close Test Browser
2026-09-14 05:17:47.975517 ------------------------------------------------------------------------------
2026-09-14 05:17:47.975523 Suites.Auth.TC03 login invalid                                        | FAIL |
2026-09-14 05:17:47.976189 1 test, 0 passed, 1 failed
2026-09-14 05:17:47.976237 ==============================================================================
2026-09-14 05:17:47.976244 Suites.Auth                                                           | FAIL |
2026-09-14 05:17:47.976653 1 test, 0 passed, 1 failed
2026-09-14 05:17:47.976694 ==============================================================================
2026-09-14 05:17:47.976734 Suites                                                                | FAIL |
2026-09-14 05:17:47.977099 1 test, 0 passed, 1 failed
2026-09-14 05:17:47.977848 ==============================================================================
2026-09-14 05:17:47.977855 Output:  /home/runner/work/engg-robot-testing-framework/engg-robot-testing-framework/reports/pabot_results/2/output.xml
