2026-09-13 05:11:11.353735 ==============================================================================
2026-09-13 05:11:11.370661 Suites
2026-09-13 05:11:11.370690 ==============================================================================
2026-09-13 05:11:11.370760 Suites.Auth
2026-09-13 05:11:11.371567 ==============================================================================
2026-09-13 05:11:11.371582 Suites.Auth.TC04 logout user
2026-09-13 05:11:11.371582 [ ERROR ] Error in file '/home/runner/work/engg-robot-testing-framework/engg-robot-testing-framework/tests/auth/TC04_logout_user.robot' on line 2: Importing library 'playwright_keyword_library.PlaywrightKeywordLibrary' failed: ModuleNotFoundError: No module named 'playwright_keyword_library'
2026-09-13 05:11:11.390531 ==============================================================================
2026-09-13 05:11:11.390531 Traceback (most recent call last):
2026-09-13 05:11:11.390555   None
2026-09-13 05:11:11.440663 PYTHONPATH:
2026-09-13 05:11:11.490764   /opt/hostedtoolcache/Python/3.11.16/x64/bin
2026-09-13 05:11:11.540862   /opt/hostedtoolcache/Python/3.11.16/x64/lib/python311.zip
2026-09-13 05:11:11.590955   /opt/hostedtoolcache/Python/3.11.16/x64/lib/python3.11
2026-09-13 05:11:11.641049   /opt/hostedtoolcache/Python/3.11.16/x64/lib/python3.11/lib-dynload
2026-09-13 05:11:11.691141   /opt/hostedtoolcache/Python/3.11.16/x64/lib/python3.11/site-packages
2026-09-13 05:11:11.741285 [ ERROR ] Error in file '/home/runner/work/engg-robot-testing-framework/engg-robot-testing-framework/resources/auth_keywords.resource' on line 2: Importing library 'playwright_keyword_library.PlaywrightKeywordLibrary' failed: ModuleNotFoundError: No module named 'playwright_keyword_library'
2026-09-13 05:11:11.791384 Traceback (most recent call last):
2026-09-13 05:11:11.841557   None
2026-09-13 05:11:11.891718 PYTHONPATH:
2026-09-13 05:11:11.941904   /opt/hostedtoolcache/Python/3.11.16/x64/bin
2026-09-13 05:11:11.992003   /opt/hostedtoolcache/Python/3.11.16/x64/lib/python311.zip
2026-09-13 05:11:12.042151   /opt/hostedtoolcache/Python/3.11.16/x64/lib/python3.11
2026-09-13 05:11:12.092254   /opt/hostedtoolcache/Python/3.11.16/x64/lib/python3.11/lib-dynload
2026-09-13 05:11:12.142393   /opt/hostedtoolcache/Python/3.11.16/x64/lib/python3.11/site-packages
2026-09-13 05:11:12.192489 [ ERROR ] Error in file '/home/runner/work/engg-robot-testing-framework/engg-robot-testing-framework/resources/common.resource' on line 4: Importing library 'playwright_keyword_library.PlaywrightKeywordLibrary' failed: ModuleNotFoundError: No module named 'playwright_keyword_library'
2026-09-13 05:11:12.242642 Traceback (most recent call last):
2026-09-13 05:11:12.292737   None
2026-09-13 05:11:12.342870 PYTHONPATH:
2026-09-13 05:11:12.392965   /opt/hostedtoolcache/Python/3.11.16/x64/bin
2026-09-13 05:11:12.443097   /opt/hostedtoolcache/Python/3.11.16/x64/lib/python311.zip
2026-09-13 05:11:12.493204   /opt/hostedtoolcache/Python/3.11.16/x64/lib/python3.11
2026-09-13 05:11:12.543361   /opt/hostedtoolcache/Python/3.11.16/x64/lib/python3.11/lib-dynload
2026-09-13 05:11:12.593467   /opt/hostedtoolcache/Python/3.11.16/x64/lib/python3.11/site-packages
2026-09-13 05:11:21.364595 TC04 Logout User                                                      | FAIL |
2026-09-13 05:11:21.400985 Setup failed:
2026-09-13 05:11:21.401014 No keyword with name 'Open Browser' found.
2026-09-13 05:11:21.401036 
2026-09-13 05:11:21.401061 Also teardown failed:
2026-09-13 05:11:21.401099 Several failures occurred:
2026-09-13 05:11:21.401134 
2026-09-13 05:11:21.401167 1) No keyword with name 'Register Keyword To Run On Failure' found.
2026-09-13 05:11:21.401196 
2026-09-13 05:11:21.401216 2) No keyword with name 'Close Browser' found. Did you mean:
2026-09-13 05:11:21.401237     common.Close Test Browser
2026-09-13 05:11:21.401264 ------------------------------------------------------------------------------
2026-09-13 05:11:21.401284 Suites.Auth.TC04 logout user                                          | FAIL |
2026-09-13 05:11:21.401784 1 test, 0 passed, 1 failed
2026-09-13 05:11:21.401848 ==============================================================================
2026-09-13 05:11:21.401858 Suites.Auth                                                           | FAIL |
2026-09-13 05:11:21.402436 1 test, 0 passed, 1 failed
2026-09-13 05:11:21.402479 ==============================================================================
2026-09-13 05:11:21.402488 Suites                                                                | FAIL |
2026-09-13 05:11:21.403159 1 test, 0 passed, 1 failed
2026-09-13 05:11:21.403168 ==============================================================================
2026-09-13 05:11:21.403177 Output:  /home/runner/work/engg-robot-testing-framework/engg-robot-testing-framework/reports/pabot_results/3/output.xml
