2026-09-16 05:04:45.418960 ==============================================================================
2026-09-16 05:04:45.444947 Suites
2026-09-16 05:04:45.444971 ==============================================================================
2026-09-16 05:04:45.444988 Suites.Auth
2026-09-16 05:04:45.445804 ==============================================================================
2026-09-16 05:04:45.445823 Suites.Auth.TC02 login valid
2026-09-16 05:04:45.445823 [ ERROR ] Error in file '/home/runner/work/engg-robot-testing-framework/engg-robot-testing-framework/tests/auth/TC02_login_valid.robot' on line 2: Importing library 'playwright_keyword_library.PlaywrightKeywordLibrary' failed: ModuleNotFoundError: No module named 'playwright_keyword_library'
2026-09-16 05:04:45.466152 ==============================================================================
2026-09-16 05:04:45.466152 Traceback (most recent call last):
2026-09-16 05:04:45.466181   None
2026-09-16 05:04:45.516429 PYTHONPATH:
2026-09-16 05:04:45.566564   /opt/hostedtoolcache/Python/3.11.16/x64/bin
2026-09-16 05:04:45.616722   /opt/hostedtoolcache/Python/3.11.16/x64/lib/python311.zip
2026-09-16 05:04:45.666845   /opt/hostedtoolcache/Python/3.11.16/x64/lib/python3.11
2026-09-16 05:04:45.716961   /opt/hostedtoolcache/Python/3.11.16/x64/lib/python3.11/lib-dynload
2026-09-16 05:04:45.767080   /opt/hostedtoolcache/Python/3.11.16/x64/lib/python3.11/site-packages
2026-09-16 05:04:45.817215 [ ERROR ] Error in file '/home/runner/work/engg-robot-testing-framework/engg-robot-testing-framework/resources/auth_keywords.resource' on line 2: Importing library 'playwright_keyword_library.PlaywrightKeywordLibrary' failed: ModuleNotFoundError: No module named 'playwright_keyword_library'
2026-09-16 05:04:45.867374 Traceback (most recent call last):
2026-09-16 05:04:45.917538   None
2026-09-16 05:04:45.967686 PYTHONPATH:
2026-09-16 05:04:46.017850   /opt/hostedtoolcache/Python/3.11.16/x64/bin
2026-09-16 05:04:46.068012   /opt/hostedtoolcache/Python/3.11.16/x64/lib/python311.zip
2026-09-16 05:04:46.118168   /opt/hostedtoolcache/Python/3.11.16/x64/lib/python3.11
2026-09-16 05:04:46.168315   /opt/hostedtoolcache/Python/3.11.16/x64/lib/python3.11/lib-dynload
2026-09-16 05:04:46.218475   /opt/hostedtoolcache/Python/3.11.16/x64/lib/python3.11/site-packages
2026-09-16 05:04:46.268624 [ ERROR ] Error in file '/home/runner/work/engg-robot-testing-framework/engg-robot-testing-framework/resources/common.resource' on line 4: Importing library 'playwright_keyword_library.PlaywrightKeywordLibrary' failed: ModuleNotFoundError: No module named 'playwright_keyword_library'
2026-09-16 05:04:46.318776 Traceback (most recent call last):
2026-09-16 05:04:46.368958   None
2026-09-16 05:04:46.419115 PYTHONPATH:
2026-09-16 05:04:46.469237   /opt/hostedtoolcache/Python/3.11.16/x64/bin
2026-09-16 05:04:46.519422   /opt/hostedtoolcache/Python/3.11.16/x64/lib/python311.zip
2026-09-16 05:04:46.569590   /opt/hostedtoolcache/Python/3.11.16/x64/lib/python3.11
2026-09-16 05:04:46.619747   /opt/hostedtoolcache/Python/3.11.16/x64/lib/python3.11/lib-dynload
2026-09-16 05:04:46.669885   /opt/hostedtoolcache/Python/3.11.16/x64/lib/python3.11/site-packages
2026-09-16 05:04:55.442148 TC02 Login User With Correct Email And Password                       | FAIL |
2026-09-16 05:04:55.476888 Setup failed:
2026-09-16 05:04:55.476902 No keyword with name 'Open Browser' found.
2026-09-16 05:04:55.476910 
2026-09-16 05:04:55.476917 Also teardown failed:
2026-09-16 05:04:55.476924 Several failures occurred:
2026-09-16 05:04:55.476930 
2026-09-16 05:04:55.476937 1) No keyword with name 'Register Keyword To Run On Failure' found.
2026-09-16 05:04:55.476945 
2026-09-16 05:04:55.476951 2) No keyword with name 'Close Browser' found. Did you mean:
2026-09-16 05:04:55.476957     common.Close Test Browser
2026-09-16 05:04:55.476964 ------------------------------------------------------------------------------
2026-09-16 05:04:55.476971 Suites.Auth.TC02 login valid                                          | FAIL |
2026-09-16 05:04:55.477899 1 test, 0 passed, 1 failed
2026-09-16 05:04:55.477966 ==============================================================================
2026-09-16 05:04:55.477973 Suites.Auth                                                           | FAIL |
2026-09-16 05:04:55.478182 1 test, 0 passed, 1 failed
2026-09-16 05:04:55.478277 ==============================================================================
2026-09-16 05:04:55.478285 Suites                                                                | FAIL |
2026-09-16 05:04:55.478728 1 test, 0 passed, 1 failed
2026-09-16 05:04:55.478790 ==============================================================================
2026-09-16 05:04:55.478798 Output:  /home/runner/work/engg-robot-testing-framework/engg-robot-testing-framework/reports/pabot_results/1/output.xml
