2026-09-01 05:28:55.438029 ==============================================================================
2026-09-01 05:28:55.447234 Suites
2026-09-01 05:28:55.447245 ==============================================================================
2026-09-01 05:28:55.447251 Suites.Auth
2026-09-01 05:28:55.447970 ==============================================================================
2026-09-01 05:28:55.447980 Suites.Auth.TC05 register existing email
2026-09-01 05:28:55.447980 [ ERROR ] Error in file '/home/runner/work/engg-robot-testing-framework/engg-robot-testing-framework/tests/auth/TC05_register_existing_email.robot' on line 2: Importing library 'playwright_keyword_library.PlaywrightKeywordLibrary' failed: ModuleNotFoundError: No module named 'playwright_keyword_library'
2026-09-01 05:28:55.459718 ==============================================================================
2026-09-01 05:28:55.459718 Traceback (most recent call last):
2026-09-01 05:28:55.459729   None
2026-09-01 05:28:55.509837 PYTHONPATH:
2026-09-01 05:28:55.559942   /opt/hostedtoolcache/Python/3.11.16/x64/bin
2026-09-01 05:28:55.610043   /opt/hostedtoolcache/Python/3.11.16/x64/lib/python311.zip
2026-09-01 05:28:55.660170   /opt/hostedtoolcache/Python/3.11.16/x64/lib/python3.11
2026-09-01 05:28:55.710304   /opt/hostedtoolcache/Python/3.11.16/x64/lib/python3.11/lib-dynload
2026-09-01 05:28:55.760413   /opt/hostedtoolcache/Python/3.11.16/x64/lib/python3.11/site-packages
2026-09-01 05:28:55.810530 [ ERROR ] Error in file '/home/runner/work/engg-robot-testing-framework/engg-robot-testing-framework/resources/auth_keywords.resource' on line 2: Importing library 'playwright_keyword_library.PlaywrightKeywordLibrary' failed: ModuleNotFoundError: No module named 'playwright_keyword_library'
2026-09-01 05:28:55.860685 Traceback (most recent call last):
2026-09-01 05:28:55.910847   None
2026-09-01 05:28:55.960980 PYTHONPATH:
2026-09-01 05:28:56.011115   /opt/hostedtoolcache/Python/3.11.16/x64/bin
2026-09-01 05:28:56.061270   /opt/hostedtoolcache/Python/3.11.16/x64/lib/python311.zip
2026-09-01 05:28:56.111407   /opt/hostedtoolcache/Python/3.11.16/x64/lib/python3.11
2026-09-01 05:28:56.161539   /opt/hostedtoolcache/Python/3.11.16/x64/lib/python3.11/lib-dynload
2026-09-01 05:28:56.211744   /opt/hostedtoolcache/Python/3.11.16/x64/lib/python3.11/site-packages
2026-09-01 05:28:56.261870 [ ERROR ] Error in file '/home/runner/work/engg-robot-testing-framework/engg-robot-testing-framework/resources/common.resource' on line 4: Importing library 'playwright_keyword_library.PlaywrightKeywordLibrary' failed: ModuleNotFoundError: No module named 'playwright_keyword_library'
2026-09-01 05:28:56.312088 Traceback (most recent call last):
2026-09-01 05:28:56.362214   None
2026-09-01 05:28:56.412343 PYTHONPATH:
2026-09-01 05:28:56.462471   /opt/hostedtoolcache/Python/3.11.16/x64/bin
2026-09-01 05:28:56.512577   /opt/hostedtoolcache/Python/3.11.16/x64/lib/python311.zip
2026-09-01 05:28:56.562694   /opt/hostedtoolcache/Python/3.11.16/x64/lib/python3.11
2026-09-01 05:28:56.612827   /opt/hostedtoolcache/Python/3.11.16/x64/lib/python3.11/lib-dynload
2026-09-01 05:28:56.662949   /opt/hostedtoolcache/Python/3.11.16/x64/lib/python3.11/site-packages
2026-09-01 05:29:05.430845 TC05 Register User With Existing Email                                | FAIL |
2026-09-01 05:29:05.466252 Setup failed:
2026-09-01 05:29:05.466259 No keyword with name 'Open Browser' found.
2026-09-01 05:29:05.466263 
2026-09-01 05:29:05.466266 Also teardown failed:
2026-09-01 05:29:05.466270 Several failures occurred:
2026-09-01 05:29:05.466274 
2026-09-01 05:29:05.466278 1) No keyword with name 'Register Keyword To Run On Failure' found.
2026-09-01 05:29:05.466281 
2026-09-01 05:29:05.466284 2) No keyword with name 'Close Browser' found. Did you mean:
2026-09-01 05:29:05.466288     common.Close Test Browser
2026-09-01 05:29:05.466291 ------------------------------------------------------------------------------
2026-09-01 05:29:05.466295 Suites.Auth.TC05 register existing email                              | FAIL |
2026-09-01 05:29:05.466704 1 test, 0 passed, 1 failed
2026-09-01 05:29:05.466708 ==============================================================================
2026-09-01 05:29:05.466712 Suites.Auth                                                           | FAIL |
2026-09-01 05:29:05.466924 1 test, 0 passed, 1 failed
2026-09-01 05:29:05.466927 ==============================================================================
2026-09-01 05:29:05.466931 Suites                                                                | FAIL |
2026-09-01 05:29:05.467108 1 test, 0 passed, 1 failed
2026-09-01 05:29:05.467112 ==============================================================================
2026-09-01 05:29:05.467116 Output:  /home/runner/work/engg-robot-testing-framework/engg-robot-testing-framework/reports/pabot_results/4/output.xml
