2026-08-23 02:09:36.513281 ==============================================================================
2026-08-23 02:09:36.538899 Suites
2026-08-23 02:09:36.538924 ==============================================================================
2026-08-23 02:09:36.538938 Suites.Auth
2026-08-23 02:09:36.539735 ==============================================================================
2026-08-23 02:09:36.539755 Suites.Auth.TC05 register existing email
2026-08-23 02:09:36.539755 [ ERROR ] Error in file '/home/runner/work/engg-robot-testing-framework/engg-robot-testing-framework/tests/auth/TC05_register_existing_email.robot' on line 2: Importing library 'playwright_keyword_library.PlaywrightKeywordLibrary' failed: ModuleNotFoundError: No module named 'playwright_keyword_library'
2026-08-23 02:09:36.559146 ==============================================================================
2026-08-23 02:09:36.559146 Traceback (most recent call last):
2026-08-23 02:09:36.559172   None
2026-08-23 02:09:36.609323 PYTHONPATH:
2026-08-23 02:09:36.659474   /opt/hostedtoolcache/Python/3.11.16/x64/bin
2026-08-23 02:09:36.709654   /opt/hostedtoolcache/Python/3.11.16/x64/lib/python311.zip
2026-08-23 02:09:36.759805   /opt/hostedtoolcache/Python/3.11.16/x64/lib/python3.11
2026-08-23 02:09:36.809961   /opt/hostedtoolcache/Python/3.11.16/x64/lib/python3.11/lib-dynload
2026-08-23 02:09:36.860108   /opt/hostedtoolcache/Python/3.11.16/x64/lib/python3.11/site-packages
2026-08-23 02:09:36.910443 [ ERROR ] Error in file '/home/runner/work/engg-robot-testing-framework/engg-robot-testing-framework/resources/auth_keywords.resource' on line 2: Importing library 'playwright_keyword_library.PlaywrightKeywordLibrary' failed: ModuleNotFoundError: No module named 'playwright_keyword_library'
2026-08-23 02:09:36.960602 Traceback (most recent call last):
2026-08-23 02:09:37.010759   None
2026-08-23 02:09:37.060905 PYTHONPATH:
2026-08-23 02:09:37.111070   /opt/hostedtoolcache/Python/3.11.16/x64/bin
2026-08-23 02:09:37.161285   /opt/hostedtoolcache/Python/3.11.16/x64/lib/python311.zip
2026-08-23 02:09:37.211473   /opt/hostedtoolcache/Python/3.11.16/x64/lib/python3.11
2026-08-23 02:09:37.261664   /opt/hostedtoolcache/Python/3.11.16/x64/lib/python3.11/lib-dynload
2026-08-23 02:09:37.311864   /opt/hostedtoolcache/Python/3.11.16/x64/lib/python3.11/site-packages
2026-08-23 02:09:37.362045 [ ERROR ] Error in file '/home/runner/work/engg-robot-testing-framework/engg-robot-testing-framework/resources/common.resource' on line 4: Importing library 'playwright_keyword_library.PlaywrightKeywordLibrary' failed: ModuleNotFoundError: No module named 'playwright_keyword_library'
2026-08-23 02:09:37.412255 Traceback (most recent call last):
2026-08-23 02:09:37.462449   None
2026-08-23 02:09:37.512655 PYTHONPATH:
2026-08-23 02:09:37.562858   /opt/hostedtoolcache/Python/3.11.16/x64/bin
2026-08-23 02:09:37.613132   /opt/hostedtoolcache/Python/3.11.16/x64/lib/python311.zip
2026-08-23 02:09:37.663360   /opt/hostedtoolcache/Python/3.11.16/x64/lib/python3.11
2026-08-23 02:09:37.713524   /opt/hostedtoolcache/Python/3.11.16/x64/lib/python3.11/lib-dynload
2026-08-23 02:09:37.763683   /opt/hostedtoolcache/Python/3.11.16/x64/lib/python3.11/site-packages
2026-08-23 02:09:46.538013 TC05 Register User With Existing Email                                | FAIL |
2026-08-23 02:09:46.569404 Setup failed:
2026-08-23 02:09:46.569424 No keyword with name 'Open Browser' found.
2026-08-23 02:09:46.569440 
2026-08-23 02:09:46.569462 Also teardown failed:
2026-08-23 02:09:46.569480 Several failures occurred:
2026-08-23 02:09:46.569491 
2026-08-23 02:09:46.569503 1) No keyword with name 'Register Keyword To Run On Failure' found.
2026-08-23 02:09:46.569515 
2026-08-23 02:09:46.569526 2) No keyword with name 'Close Browser' found. Did you mean:
2026-08-23 02:09:46.569537     common.Close Test Browser
2026-08-23 02:09:46.569550 ------------------------------------------------------------------------------
2026-08-23 02:09:46.569562 Suites.Auth.TC05 register existing email                              | FAIL |
2026-08-23 02:09:46.570050 1 test, 0 passed, 1 failed
2026-08-23 02:09:46.570074 ==============================================================================
2026-08-23 02:09:46.570089 Suites.Auth                                                           | FAIL |
2026-08-23 02:09:46.570482 1 test, 0 passed, 1 failed
2026-08-23 02:09:46.570500 ==============================================================================
2026-08-23 02:09:46.570514 Suites                                                                | FAIL |
2026-08-23 02:09:46.570829 1 test, 0 passed, 1 failed
2026-08-23 02:09:46.570905 ==============================================================================
2026-08-23 02:09:46.570921 Output:  /home/runner/work/engg-robot-testing-framework/engg-robot-testing-framework/reports/pabot_results/4/output.xml
