2026-07-22 03:57:28.612566 ==============================================================================
2026-07-22 03:57:28.642661 Suites
2026-07-22 03:57:28.642706 ==============================================================================
2026-07-22 03:57:28.642715 Suites.Auth
2026-07-22 03:57:28.643292 ==============================================================================
2026-07-22 03:57:28.643304 Suites.Auth.TC04 logout user
2026-07-22 03:57:28.643304 [ ERROR ] Error in file '/home/runner/work/engg-robot-testing-framework/engg-robot-testing-framework/tests/auth/TC04_logout_user.robot' on line 2: Importing library 'playwright_keyword_library.PlaywrightKeywordLibrary' failed: ModuleNotFoundError: No module named 'playwright_keyword_library'
2026-07-22 03:57:28.656697 ==============================================================================
2026-07-22 03:57:28.656697 Traceback (most recent call last):
2026-07-22 03:57:28.656713   None
2026-07-22 03:57:28.706797 PYTHONPATH:
2026-07-22 03:57:28.756917   /opt/hostedtoolcache/Python/3.11.15/x64/bin
2026-07-22 03:57:28.807036   /opt/hostedtoolcache/Python/3.11.15/x64/lib/python311.zip
2026-07-22 03:57:28.857155   /opt/hostedtoolcache/Python/3.11.15/x64/lib/python3.11
2026-07-22 03:57:28.907279   /opt/hostedtoolcache/Python/3.11.15/x64/lib/python3.11/lib-dynload
2026-07-22 03:57:28.957402   /opt/hostedtoolcache/Python/3.11.15/x64/lib/python3.11/site-packages
2026-07-22 03:57:29.007520 [ ERROR ] Error in file '/home/runner/work/engg-robot-testing-framework/engg-robot-testing-framework/resources/auth_keywords.resource' on line 2: Importing library 'playwright_keyword_library.PlaywrightKeywordLibrary' failed: ModuleNotFoundError: No module named 'playwright_keyword_library'
2026-07-22 03:57:29.057605 Traceback (most recent call last):
2026-07-22 03:57:29.107764   None
2026-07-22 03:57:29.158012 PYTHONPATH:
2026-07-22 03:57:29.208231   /opt/hostedtoolcache/Python/3.11.15/x64/bin
2026-07-22 03:57:29.258494   /opt/hostedtoolcache/Python/3.11.15/x64/lib/python311.zip
2026-07-22 03:57:29.308717   /opt/hostedtoolcache/Python/3.11.15/x64/lib/python3.11
2026-07-22 03:57:29.359272   /opt/hostedtoolcache/Python/3.11.15/x64/lib/python3.11/lib-dynload
2026-07-22 03:57:29.409534   /opt/hostedtoolcache/Python/3.11.15/x64/lib/python3.11/site-packages
2026-07-22 03:57:29.459701 [ ERROR ] Error in file '/home/runner/work/engg-robot-testing-framework/engg-robot-testing-framework/resources/common.resource' on line 4: Importing library 'playwright_keyword_library.PlaywrightKeywordLibrary' failed: ModuleNotFoundError: No module named 'playwright_keyword_library'
2026-07-22 03:57:29.509906 Traceback (most recent call last):
2026-07-22 03:57:29.560103   None
2026-07-22 03:57:29.610325 PYTHONPATH:
2026-07-22 03:57:29.660567   /opt/hostedtoolcache/Python/3.11.15/x64/bin
2026-07-22 03:57:29.710805   /opt/hostedtoolcache/Python/3.11.15/x64/lib/python311.zip
2026-07-22 03:57:29.761058   /opt/hostedtoolcache/Python/3.11.15/x64/lib/python3.11
2026-07-22 03:57:29.811270   /opt/hostedtoolcache/Python/3.11.15/x64/lib/python3.11/lib-dynload
2026-07-22 03:57:29.861492   /opt/hostedtoolcache/Python/3.11.15/x64/lib/python3.11/site-packages
2026-07-22 03:57:38.634230 TC04 Logout User                                                      | FAIL |
2026-07-22 03:57:38.664319 Setup failed:
2026-07-22 03:57:38.664333 No keyword with name 'Open Browser' found.
2026-07-22 03:57:38.664359 
2026-07-22 03:57:38.664368 Also teardown failed:
2026-07-22 03:57:38.664377 Several failures occurred:
2026-07-22 03:57:38.664386 
2026-07-22 03:57:38.664394 1) No keyword with name 'Register Keyword To Run On Failure' found.
2026-07-22 03:57:38.664403 
2026-07-22 03:57:38.664414 2) No keyword with name 'Close Browser' found. Did you mean:
2026-07-22 03:57:38.664423     common.Close Test Browser
2026-07-22 03:57:38.664432 ------------------------------------------------------------------------------
2026-07-22 03:57:38.664442 Suites.Auth.TC04 logout user                                          | FAIL |
2026-07-22 03:57:38.664938 1 test, 0 passed, 1 failed
2026-07-22 03:57:38.664982 ==============================================================================
2026-07-22 03:57:38.664990 Suites.Auth                                                           | FAIL |
2026-07-22 03:57:38.665258 1 test, 0 passed, 1 failed
2026-07-22 03:57:38.665270 ==============================================================================
2026-07-22 03:57:38.665278 Suites                                                                | FAIL |
2026-07-22 03:57:38.665522 1 test, 0 passed, 1 failed
2026-07-22 03:57:38.665532 ==============================================================================
2026-07-22 03:57:38.665541 Output:  /home/runner/work/engg-robot-testing-framework/engg-robot-testing-framework/reports/pabot_results/3/output.xml
