2026-06-04 05:22:39.572671 ==============================================================================
2026-06-04 05:22:39.601569 Suites
2026-06-04 05:22:39.601587 ==============================================================================
2026-06-04 05:22:39.601597 Suites.Cart
2026-06-04 05:22:39.602431 ==============================================================================
2026-06-04 05:22:39.702699 Suites.Cart.TC22 add from recommended items :: TC22 - Add To Cart From Reco...
2026-06-04 05:22:39.736857 ==============================================================================
2026-06-04 05:22:50.668438 TC22 Add To Cart From Recommended Items                               | FAIL |
2026-06-04 05:22:50.690071 Setup failed:
2026-06-04 05:22:50.690088 Title should have been 'Automation Exercise' but was 'One moment, please...'.
2026-06-04 05:22:50.690097 ------------------------------------------------------------------------------
2026-06-04 05:22:50.690104 Suites.Cart.TC22 add from recommended items :: TC22 - Add To Cart ... | FAIL |
2026-06-04 05:22:50.690904 1 test, 0 passed, 1 failed
2026-06-04 05:22:50.690961 ==============================================================================
2026-06-04 05:22:50.690970 Suites.Cart                                                           | FAIL |
2026-06-04 05:22:50.691363 1 test, 0 passed, 1 failed
2026-06-04 05:22:50.691416 ==============================================================================
2026-06-04 05:22:50.691423 Suites                                                                | FAIL |
2026-06-04 05:22:50.691780 1 test, 0 passed, 1 failed
2026-06-04 05:22:50.691823 ==============================================================================
2026-06-04 05:22:50.691831 Output:  /home/runner/work/engg-robot-testing-framework/engg-robot-testing-framework/reports/pabot_results/9/output.xml
