2026-07-05 04:40:20.929294 ==============================================================================
2026-07-05 04:40:20.949369 Suites
2026-07-05 04:40:20.949391 ==============================================================================
2026-07-05 04:40:20.949407 Suites.Cart
2026-07-05 04:40:20.950237 ==============================================================================
2026-07-05 04:40:20.950256 Suites.Cart.TC20 search and verify cart after login :: TC20 - Search Produc...
2026-07-05 04:40:20.950256 [ ERROR ] Error in file '/home/runner/work/engg-robot-testing-framework/engg-robot-testing-framework/tests/cart/TC20_search_and_verify_cart_after_login.robot' on line 3: Importing library 'playwright_keyword_library.PlaywrightKeywordLibrary' failed: ModuleNotFoundError: No module named 'playwright_keyword_library'
2026-07-05 04:40:20.986929 ==============================================================================
2026-07-05 04:40:20.986929 Traceback (most recent call last):
2026-07-05 04:40:20.986953   None
2026-07-05 04:40:21.037110 PYTHONPATH:
2026-07-05 04:40:21.087221   /opt/hostedtoolcache/Python/3.11.15/x64/bin
2026-07-05 04:40:21.137336   /opt/hostedtoolcache/Python/3.11.15/x64/lib/python311.zip
2026-07-05 04:40:21.187446   /opt/hostedtoolcache/Python/3.11.15/x64/lib/python3.11
2026-07-05 04:40:21.237574   /opt/hostedtoolcache/Python/3.11.15/x64/lib/python3.11/lib-dynload
2026-07-05 04:40:21.287727   /opt/hostedtoolcache/Python/3.11.15/x64/lib/python3.11/site-packages
2026-07-05 04:40:21.337861 [ ERROR ] Error in file '/home/runner/work/engg-robot-testing-framework/engg-robot-testing-framework/resources/common.resource' on line 4: Importing library 'playwright_keyword_library.PlaywrightKeywordLibrary' failed: ModuleNotFoundError: No module named 'playwright_keyword_library'
2026-07-05 04:40:21.388008 Traceback (most recent call last):
2026-07-05 04:40:21.438123   None
2026-07-05 04:40:21.488269 PYTHONPATH:
2026-07-05 04:40:21.538420   /opt/hostedtoolcache/Python/3.11.15/x64/bin
2026-07-05 04:40:21.588569   /opt/hostedtoolcache/Python/3.11.15/x64/lib/python311.zip
2026-07-05 04:40:21.638718   /opt/hostedtoolcache/Python/3.11.15/x64/lib/python3.11
2026-07-05 04:40:21.688883   /opt/hostedtoolcache/Python/3.11.15/x64/lib/python3.11/lib-dynload
2026-07-05 04:40:21.738994   /opt/hostedtoolcache/Python/3.11.15/x64/lib/python3.11/site-packages
2026-07-05 04:40:21.789142 [ ERROR ] Error in file '/home/runner/work/engg-robot-testing-framework/engg-robot-testing-framework/resources/product_keywords.resource' on line 2: Importing library 'playwright_keyword_library.PlaywrightKeywordLibrary' failed: ModuleNotFoundError: No module named 'playwright_keyword_library'
2026-07-05 04:40:21.839292 Traceback (most recent call last):
2026-07-05 04:40:21.889447   None
2026-07-05 04:40:21.939629 PYTHONPATH:
2026-07-05 04:40:21.989808   /opt/hostedtoolcache/Python/3.11.15/x64/bin
2026-07-05 04:40:22.039996   /opt/hostedtoolcache/Python/3.11.15/x64/lib/python311.zip
2026-07-05 04:40:22.090158   /opt/hostedtoolcache/Python/3.11.15/x64/lib/python3.11
2026-07-05 04:40:22.140342   /opt/hostedtoolcache/Python/3.11.15/x64/lib/python3.11/lib-dynload
2026-07-05 04:40:22.190505   /opt/hostedtoolcache/Python/3.11.15/x64/lib/python3.11/site-packages
2026-07-05 04:40:22.240656 [ ERROR ] Error in file '/home/runner/work/engg-robot-testing-framework/engg-robot-testing-framework/resources/cart_keywords.resource' on line 2: Importing library 'playwright_keyword_library.PlaywrightKeywordLibrary' failed: ModuleNotFoundError: No module named 'playwright_keyword_library'
2026-07-05 04:40:22.290815 Traceback (most recent call last):
2026-07-05 04:40:22.340950   None
2026-07-05 04:40:22.391085 PYTHONPATH:
2026-07-05 04:40:22.441210   /opt/hostedtoolcache/Python/3.11.15/x64/bin
2026-07-05 04:40:22.491347   /opt/hostedtoolcache/Python/3.11.15/x64/lib/python311.zip
2026-07-05 04:40:22.541546   /opt/hostedtoolcache/Python/3.11.15/x64/lib/python3.11
2026-07-05 04:40:22.591738   /opt/hostedtoolcache/Python/3.11.15/x64/lib/python3.11/lib-dynload
2026-07-05 04:40:22.641938   /opt/hostedtoolcache/Python/3.11.15/x64/lib/python3.11/site-packages
2026-07-05 04:40:22.692121 [ ERROR ] Error in file '/home/runner/work/engg-robot-testing-framework/engg-robot-testing-framework/resources/auth_keywords.resource' on line 2: Importing library 'playwright_keyword_library.PlaywrightKeywordLibrary' failed: ModuleNotFoundError: No module named 'playwright_keyword_library'
2026-07-05 04:40:22.742325 Traceback (most recent call last):
2026-07-05 04:40:22.792512   None
2026-07-05 04:40:22.842719 PYTHONPATH:
2026-07-05 04:40:22.892898   /opt/hostedtoolcache/Python/3.11.15/x64/bin
2026-07-05 04:40:22.943063   /opt/hostedtoolcache/Python/3.11.15/x64/lib/python311.zip
2026-07-05 04:40:22.993198   /opt/hostedtoolcache/Python/3.11.15/x64/lib/python3.11
2026-07-05 04:40:23.043369   /opt/hostedtoolcache/Python/3.11.15/x64/lib/python3.11/lib-dynload
2026-07-05 04:40:23.093545   /opt/hostedtoolcache/Python/3.11.15/x64/lib/python3.11/site-packages
2026-07-05 04:40:30.963602 TC20 Search Products And Verify Cart After Login                      | FAIL |
2026-07-05 04:40:30.999601 Setup failed:
2026-07-05 04:40:30.999616 No keyword with name 'Open Browser' found.
2026-07-05 04:40:30.999626 
2026-07-05 04:40:30.999635 Also teardown failed:
2026-07-05 04:40:30.999643 Several failures occurred:
2026-07-05 04:40:30.999651 
2026-07-05 04:40:30.999658 1) No keyword with name 'Register Keyword To Run On Failure' found.
2026-07-05 04:40:30.999667 
2026-07-05 04:40:30.999675 2) No keyword with name 'Close Browser' found. Did you mean:
2026-07-05 04:40:30.999684     common.Close Test Browser
2026-07-05 04:40:30.999691 ------------------------------------------------------------------------------
2026-07-05 04:40:30.999699 Suites.Cart.TC20 search and verify cart after login :: TC20 - Sear... | FAIL |
2026-07-05 04:40:31.000481 1 test, 0 passed, 1 failed
2026-07-05 04:40:31.000549 ==============================================================================
2026-07-05 04:40:31.000558 Suites.Cart                                                           | FAIL |
2026-07-05 04:40:31.001040 1 test, 0 passed, 1 failed
2026-07-05 04:40:31.001100 ==============================================================================
2026-07-05 04:40:31.001109 Suites                                                                | FAIL |
2026-07-05 04:40:31.001481 1 test, 0 passed, 1 failed
2026-07-05 04:40:31.001542 ==============================================================================
2026-07-05 04:40:31.001550 Output:  /home/runner/work/engg-robot-testing-framework/engg-robot-testing-framework/reports/pabot_results/8/output.xml
