2026-08-16 02:05:41.549172 ==============================================================================
2026-08-16 02:05:41.575680 Suites
2026-08-16 02:05:41.575702 ==============================================================================
2026-08-16 02:05:41.575720 Suites.Auth
2026-08-16 02:05:41.576637 ==============================================================================
2026-08-16 02:05:41.576655 Suites.Auth.TC02 login valid
2026-08-16 02:05:41.576655 [ ERROR ] Error in file '/home/runner/work/engg-robot-testing-framework/engg-robot-testing-framework/tests/auth/TC02_login_valid.robot' on line 2: Importing library 'playwright_keyword_library.PlaywrightKeywordLibrary' failed: ModuleNotFoundError: No module named 'playwright_keyword_library'
2026-08-16 02:05:41.596263 ==============================================================================
2026-08-16 02:05:41.596263 Traceback (most recent call last):
2026-08-16 02:05:41.596289   None
2026-08-16 02:05:41.646452 PYTHONPATH:
2026-08-16 02:05:41.696571   /opt/hostedtoolcache/Python/3.11.15/x64/bin
2026-08-16 02:05:41.746689   /opt/hostedtoolcache/Python/3.11.15/x64/lib/python311.zip
2026-08-16 02:05:41.796998   /opt/hostedtoolcache/Python/3.11.15/x64/lib/python3.11
2026-08-16 02:05:41.847114   /opt/hostedtoolcache/Python/3.11.15/x64/lib/python3.11/lib-dynload
2026-08-16 02:05:41.897485   /opt/hostedtoolcache/Python/3.11.15/x64/lib/python3.11/site-packages
2026-08-16 02:05:41.947651 [ ERROR ] Error in file '/home/runner/work/engg-robot-testing-framework/engg-robot-testing-framework/resources/auth_keywords.resource' on line 2: Importing library 'playwright_keyword_library.PlaywrightKeywordLibrary' failed: ModuleNotFoundError: No module named 'playwright_keyword_library'
2026-08-16 02:05:41.997774 Traceback (most recent call last):
2026-08-16 02:05:42.047995   None
2026-08-16 02:05:42.098152 PYTHONPATH:
2026-08-16 02:05:42.148316   /opt/hostedtoolcache/Python/3.11.15/x64/bin
2026-08-16 02:05:42.198455   /opt/hostedtoolcache/Python/3.11.15/x64/lib/python311.zip
2026-08-16 02:05:42.248622   /opt/hostedtoolcache/Python/3.11.15/x64/lib/python3.11
2026-08-16 02:05:42.298778   /opt/hostedtoolcache/Python/3.11.15/x64/lib/python3.11/lib-dynload
2026-08-16 02:05:42.348931   /opt/hostedtoolcache/Python/3.11.15/x64/lib/python3.11/site-packages
2026-08-16 02:05:42.399085 [ ERROR ] Error in file '/home/runner/work/engg-robot-testing-framework/engg-robot-testing-framework/resources/common.resource' on line 4: Importing library 'playwright_keyword_library.PlaywrightKeywordLibrary' failed: ModuleNotFoundError: No module named 'playwright_keyword_library'
2026-08-16 02:05:42.449237 Traceback (most recent call last):
2026-08-16 02:05:42.499390   None
2026-08-16 02:05:42.549540 PYTHONPATH:
2026-08-16 02:05:42.599694   /opt/hostedtoolcache/Python/3.11.15/x64/bin
2026-08-16 02:05:42.649851   /opt/hostedtoolcache/Python/3.11.15/x64/lib/python311.zip
2026-08-16 02:05:42.699998   /opt/hostedtoolcache/Python/3.11.15/x64/lib/python3.11
2026-08-16 02:05:42.750156   /opt/hostedtoolcache/Python/3.11.15/x64/lib/python3.11/lib-dynload
2026-08-16 02:05:42.800313   /opt/hostedtoolcache/Python/3.11.15/x64/lib/python3.11/site-packages
2026-08-16 02:05:51.571836 TC02 Login User With Correct Email And Password                       | FAIL |
2026-08-16 02:05:51.606232 Setup failed:
2026-08-16 02:05:51.606249 No keyword with name 'Open Browser' found.
2026-08-16 02:05:51.606261 
2026-08-16 02:05:51.606273 Also teardown failed:
2026-08-16 02:05:51.606283 Several failures occurred:
2026-08-16 02:05:51.606294 
2026-08-16 02:05:51.606305 1) No keyword with name 'Register Keyword To Run On Failure' found.
2026-08-16 02:05:51.606316 
2026-08-16 02:05:51.606326 2) No keyword with name 'Close Browser' found. Did you mean:
2026-08-16 02:05:51.606337     common.Close Test Browser
2026-08-16 02:05:51.606347 ------------------------------------------------------------------------------
2026-08-16 02:05:51.606357 Suites.Auth.TC02 login valid                                          | FAIL |
2026-08-16 02:05:51.606823 1 test, 0 passed, 1 failed
2026-08-16 02:05:51.606894 ==============================================================================
2026-08-16 02:05:51.606913 Suites.Auth                                                           | FAIL |
2026-08-16 02:05:51.607268 1 test, 0 passed, 1 failed
2026-08-16 02:05:51.607338 ==============================================================================
2026-08-16 02:05:51.607351 Suites                                                                | FAIL |
2026-08-16 02:05:51.607651 1 test, 0 passed, 1 failed
2026-08-16 02:05:51.607696 ==============================================================================
2026-08-16 02:05:51.607709 Output:  /home/runner/work/engg-robot-testing-framework/engg-robot-testing-framework/reports/pabot_results/1/output.xml
