2026-09-24 05:11:04.845777 ==============================================================================
2026-09-24 05:11:04.867042 Suites
2026-09-24 05:11:04.867067 ==============================================================================
2026-09-24 05:11:04.867082 Suites.Auth
2026-09-24 05:11:04.868615 ==============================================================================
2026-09-24 05:11:04.868636 Suites.Auth.TC01 register user
2026-09-24 05:11:04.868636 [ ERROR ] Error in file '/home/runner/work/engg-robot-testing-framework/engg-robot-testing-framework/tests/auth/TC01_register_user.robot' on line 2: Importing library 'playwright_keyword_library.PlaywrightKeywordLibrary' failed: ModuleNotFoundError: No module named 'playwright_keyword_library'
2026-09-24 05:11:04.890987 ==============================================================================
2026-09-24 05:11:04.890987 Traceback (most recent call last):
2026-09-24 05:11:04.891013   None
2026-09-24 05:11:04.941188 PYTHONPATH:
2026-09-24 05:11:04.991332   /opt/hostedtoolcache/Python/3.11.16/x64/bin
2026-09-24 05:11:05.041475   /opt/hostedtoolcache/Python/3.11.16/x64/lib/python311.zip
2026-09-24 05:11:05.091649   /opt/hostedtoolcache/Python/3.11.16/x64/lib/python3.11
2026-09-24 05:11:05.141780   /opt/hostedtoolcache/Python/3.11.16/x64/lib/python3.11/lib-dynload
2026-09-24 05:11:05.191930   /opt/hostedtoolcache/Python/3.11.16/x64/lib/python3.11/site-packages
2026-09-24 05:11:05.242058 [ ERROR ] Error in file '/home/runner/work/engg-robot-testing-framework/engg-robot-testing-framework/resources/auth_keywords.resource' on line 2: Importing library 'playwright_keyword_library.PlaywrightKeywordLibrary' failed: ModuleNotFoundError: No module named 'playwright_keyword_library'
2026-09-24 05:11:05.292210 Traceback (most recent call last):
2026-09-24 05:11:05.342391   None
2026-09-24 05:11:05.392592 PYTHONPATH:
2026-09-24 05:11:05.442757   /opt/hostedtoolcache/Python/3.11.16/x64/bin
2026-09-24 05:11:05.492924   /opt/hostedtoolcache/Python/3.11.16/x64/lib/python311.zip
2026-09-24 05:11:05.543141   /opt/hostedtoolcache/Python/3.11.16/x64/lib/python3.11
2026-09-24 05:11:05.593323   /opt/hostedtoolcache/Python/3.11.16/x64/lib/python3.11/lib-dynload
2026-09-24 05:11:05.643488   /opt/hostedtoolcache/Python/3.11.16/x64/lib/python3.11/site-packages
2026-09-24 05:11:05.693687 [ ERROR ] Error in file '/home/runner/work/engg-robot-testing-framework/engg-robot-testing-framework/resources/common.resource' on line 4: Importing library 'playwright_keyword_library.PlaywrightKeywordLibrary' failed: ModuleNotFoundError: No module named 'playwright_keyword_library'
2026-09-24 05:11:05.743844 Traceback (most recent call last):
2026-09-24 05:11:05.794017   None
2026-09-24 05:11:05.844149 PYTHONPATH:
2026-09-24 05:11:05.894347   /opt/hostedtoolcache/Python/3.11.16/x64/bin
2026-09-24 05:11:05.944518   /opt/hostedtoolcache/Python/3.11.16/x64/lib/python311.zip
2026-09-24 05:11:05.994684   /opt/hostedtoolcache/Python/3.11.16/x64/lib/python3.11
2026-09-24 05:11:06.044856   /opt/hostedtoolcache/Python/3.11.16/x64/lib/python3.11/lib-dynload
2026-09-24 05:11:06.095071   /opt/hostedtoolcache/Python/3.11.16/x64/lib/python3.11/site-packages
2026-09-24 05:11:14.867857 TC01 Register User                                                    | FAIL |
2026-09-24 05:11:14.902148 Setup failed:
2026-09-24 05:11:14.902168 No keyword with name 'Open Browser' found.
2026-09-24 05:11:14.902184 
2026-09-24 05:11:14.902197 Also teardown failed:
2026-09-24 05:11:14.902210 Several failures occurred:
2026-09-24 05:11:14.902222 
2026-09-24 05:11:14.902234 1) No keyword with name 'Register Keyword To Run On Failure' found.
2026-09-24 05:11:14.902251 
2026-09-24 05:11:14.902262 2) No keyword with name 'Close Browser' found. Did you mean:
2026-09-24 05:11:14.902274     common.Close Test Browser
2026-09-24 05:11:14.902285 ------------------------------------------------------------------------------
2026-09-24 05:11:14.902296 Suites.Auth.TC01 register user                                        | FAIL |
2026-09-24 05:11:14.902803 1 test, 0 passed, 1 failed
2026-09-24 05:11:14.902877 ==============================================================================
2026-09-24 05:11:14.902893 Suites.Auth                                                           | FAIL |
2026-09-24 05:11:14.903202 1 test, 0 passed, 1 failed
2026-09-24 05:11:14.903268 ==============================================================================
2026-09-24 05:11:14.903283 Suites                                                                | FAIL |
2026-09-24 05:11:14.903669 1 test, 0 passed, 1 failed
2026-09-24 05:11:14.903688 ==============================================================================
2026-09-24 05:11:14.903701 Output:  /home/runner/work/engg-robot-testing-framework/engg-robot-testing-framework/reports/pabot_results/0/output.xml
