2026-08-29 07:16:29.034536 ==============================================================================
2026-08-29 07:16:29.080529 Suites
2026-08-29 07:16:29.080547 ==============================================================================
2026-08-29 07:16:29.080557 Suites.Auth
2026-08-29 07:16:29.081200 ==============================================================================
2026-08-29 07:16:29.081213 Suites.Auth.TC03 login invalid
2026-08-29 07:16:29.081213 [ ERROR ] Error in file '/home/runner/work/engg-robot-testing-framework/engg-robot-testing-framework/tests/auth/TC03_login_invalid.robot' on line 2: Importing library 'playwright_keyword_library.PlaywrightKeywordLibrary' failed: ModuleNotFoundError: No module named 'playwright_keyword_library'
2026-08-29 07:16:29.096525 ==============================================================================
2026-08-29 07:16:29.096525 Traceback (most recent call last):
2026-08-29 07:16:29.096543   None
2026-08-29 07:16:29.146678 PYTHONPATH:
2026-08-29 07:16:29.196869   /opt/hostedtoolcache/Python/3.11.16/x64/bin
2026-08-29 07:16:29.246999   /opt/hostedtoolcache/Python/3.11.16/x64/lib/python311.zip
2026-08-29 07:16:29.297163   /opt/hostedtoolcache/Python/3.11.16/x64/lib/python3.11
2026-08-29 07:16:29.347301   /opt/hostedtoolcache/Python/3.11.16/x64/lib/python3.11/lib-dynload
2026-08-29 07:16:29.397454   /opt/hostedtoolcache/Python/3.11.16/x64/lib/python3.11/site-packages
2026-08-29 07:16:29.447585 [ ERROR ] Error in file '/home/runner/work/engg-robot-testing-framework/engg-robot-testing-framework/resources/auth_keywords.resource' on line 2: Importing library 'playwright_keyword_library.PlaywrightKeywordLibrary' failed: ModuleNotFoundError: No module named 'playwright_keyword_library'
2026-08-29 07:16:29.497784 Traceback (most recent call last):
2026-08-29 07:16:29.547916   None
2026-08-29 07:16:29.598109 PYTHONPATH:
2026-08-29 07:16:29.648236   /opt/hostedtoolcache/Python/3.11.16/x64/bin
2026-08-29 07:16:29.698383   /opt/hostedtoolcache/Python/3.11.16/x64/lib/python311.zip
2026-08-29 07:16:29.748497   /opt/hostedtoolcache/Python/3.11.16/x64/lib/python3.11
2026-08-29 07:16:29.798717   /opt/hostedtoolcache/Python/3.11.16/x64/lib/python3.11/lib-dynload
2026-08-29 07:16:29.848885   /opt/hostedtoolcache/Python/3.11.16/x64/lib/python3.11/site-packages
2026-08-29 07:16:29.899066 [ ERROR ] Error in file '/home/runner/work/engg-robot-testing-framework/engg-robot-testing-framework/resources/common.resource' on line 4: Importing library 'playwright_keyword_library.PlaywrightKeywordLibrary' failed: ModuleNotFoundError: No module named 'playwright_keyword_library'
2026-08-29 07:16:29.949208 Traceback (most recent call last):
2026-08-29 07:16:29.999434   None
2026-08-29 07:16:30.049580 PYTHONPATH:
2026-08-29 07:16:30.099846   /opt/hostedtoolcache/Python/3.11.16/x64/bin
2026-08-29 07:16:30.149989   /opt/hostedtoolcache/Python/3.11.16/x64/lib/python311.zip
2026-08-29 07:16:30.200206   /opt/hostedtoolcache/Python/3.11.16/x64/lib/python3.11
2026-08-29 07:16:30.250355   /opt/hostedtoolcache/Python/3.11.16/x64/lib/python3.11/lib-dynload
2026-08-29 07:16:30.300541   /opt/hostedtoolcache/Python/3.11.16/x64/lib/python3.11/site-packages
2026-08-29 07:16:39.073391 TC03 Login User With Incorrect Email And Password                     | FAIL |
2026-08-29 07:16:39.105332 Setup failed:
2026-08-29 07:16:39.105343 No keyword with name 'Open Browser' found.
2026-08-29 07:16:39.105348 
2026-08-29 07:16:39.105354 Also teardown failed:
2026-08-29 07:16:39.105358 Several failures occurred:
2026-08-29 07:16:39.105363 
2026-08-29 07:16:39.105369 1) No keyword with name 'Register Keyword To Run On Failure' found.
2026-08-29 07:16:39.105374 
2026-08-29 07:16:39.105379 2) No keyword with name 'Close Browser' found. Did you mean:
2026-08-29 07:16:39.105384     common.Close Test Browser
2026-08-29 07:16:39.105389 ------------------------------------------------------------------------------
2026-08-29 07:16:39.105393 Suites.Auth.TC03 login invalid                                        | FAIL |
2026-08-29 07:16:39.105776 1 test, 0 passed, 1 failed
2026-08-29 07:16:39.105859 ==============================================================================
2026-08-29 07:16:39.105865 Suites.Auth                                                           | FAIL |
2026-08-29 07:16:39.106145 1 test, 0 passed, 1 failed
2026-08-29 07:16:39.106160 ==============================================================================
2026-08-29 07:16:39.106169 Suites                                                                | FAIL |
2026-08-29 07:16:39.106407 1 test, 0 passed, 1 failed
2026-08-29 07:16:39.106467 ==============================================================================
2026-08-29 07:16:39.106477 Output:  /home/runner/work/engg-robot-testing-framework/engg-robot-testing-framework/reports/pabot_results/2/output.xml
