2026-08-17 13:10:40.915824 ==============================================================================
2026-08-17 13:10:40.933177 Suites
2026-08-17 13:10:40.933195 ==============================================================================
2026-08-17 13:10:40.933234 Suites.Cart
2026-08-17 13:10:40.934020 ==============================================================================
2026-08-17 13:10:40.934037 Suites.Cart.TC12 add products to cart :: TC12 - Add Products In Cart
2026-08-17 13:10:40.934037 [ ERROR ] Error in file '/home/runner/work/engg-robot-testing-framework/engg-robot-testing-framework/resources/common.resource' on line 4: Importing library 'playwright_keyword_library.PlaywrightKeywordLibrary' failed: ModuleNotFoundError: No module named 'playwright_keyword_library'
2026-08-17 13:10:40.961417 ==============================================================================
2026-08-17 13:10:40.961417 Traceback (most recent call last):
2026-08-17 13:10:40.961435   None
2026-08-17 13:10:41.011587 PYTHONPATH:
2026-08-17 13:10:41.061734   /opt/hostedtoolcache/Python/3.11.15/x64/bin
2026-08-17 13:10:41.111889   /opt/hostedtoolcache/Python/3.11.15/x64/lib/python311.zip
2026-08-17 13:10:41.162037   /opt/hostedtoolcache/Python/3.11.15/x64/lib/python3.11
2026-08-17 13:10:41.212193   /opt/hostedtoolcache/Python/3.11.15/x64/lib/python3.11/lib-dynload
2026-08-17 13:10:41.262337   /opt/hostedtoolcache/Python/3.11.15/x64/lib/python3.11/site-packages
2026-08-17 13:10:41.312494 [ ERROR ] Error in file '/home/runner/work/engg-robot-testing-framework/engg-robot-testing-framework/resources/product_keywords.resource' on line 2: Importing library 'playwright_keyword_library.PlaywrightKeywordLibrary' failed: ModuleNotFoundError: No module named 'playwright_keyword_library'
2026-08-17 13:10:41.362653 Traceback (most recent call last):
2026-08-17 13:10:41.412811   None
2026-08-17 13:10:41.462965 PYTHONPATH:
2026-08-17 13:10:41.513124   /opt/hostedtoolcache/Python/3.11.15/x64/bin
2026-08-17 13:10:41.563279   /opt/hostedtoolcache/Python/3.11.15/x64/lib/python311.zip
2026-08-17 13:10:41.613470   /opt/hostedtoolcache/Python/3.11.15/x64/lib/python3.11
2026-08-17 13:10:41.663662   /opt/hostedtoolcache/Python/3.11.15/x64/lib/python3.11/lib-dynload
2026-08-17 13:10:41.713819   /opt/hostedtoolcache/Python/3.11.15/x64/lib/python3.11/site-packages
2026-08-17 13:10:41.763969 [ ERROR ] Error in file '/home/runner/work/engg-robot-testing-framework/engg-robot-testing-framework/resources/cart_keywords.resource' on line 2: Importing library 'playwright_keyword_library.PlaywrightKeywordLibrary' failed: ModuleNotFoundError: No module named 'playwright_keyword_library'
2026-08-17 13:10:41.814119 Traceback (most recent call last):
2026-08-17 13:10:41.864288   None
2026-08-17 13:10:41.914436 PYTHONPATH:
2026-08-17 13:10:41.964590   /opt/hostedtoolcache/Python/3.11.15/x64/bin
2026-08-17 13:10:42.014703   /opt/hostedtoolcache/Python/3.11.15/x64/lib/python311.zip
2026-08-17 13:10:42.064850   /opt/hostedtoolcache/Python/3.11.15/x64/lib/python3.11
2026-08-17 13:10:42.114963   /opt/hostedtoolcache/Python/3.11.15/x64/lib/python3.11/lib-dynload
2026-08-17 13:10:42.165064   /opt/hostedtoolcache/Python/3.11.15/x64/lib/python3.11/site-packages
2026-08-17 13:10:50.936540 TC12 Add Products In Cart                                             | FAIL |
2026-08-17 13:10:50.972219 Setup failed:
2026-08-17 13:10:50.972235 No keyword with name 'Open Browser' found.
2026-08-17 13:10:50.972247 
2026-08-17 13:10:50.972257 Also teardown failed:
2026-08-17 13:10:50.972267 Several failures occurred:
2026-08-17 13:10:50.972276 
2026-08-17 13:10:50.972287 1) No keyword with name 'Register Keyword To Run On Failure' found.
2026-08-17 13:10:50.972297 
2026-08-17 13:10:50.972307 2) No keyword with name 'Close Browser' found. Did you mean:
2026-08-17 13:10:50.972317     common.Close Test Browser
2026-08-17 13:10:50.972327 ------------------------------------------------------------------------------
2026-08-17 13:10:50.972337 Suites.Cart.TC12 add products to cart :: TC12 - Add Products In Cart  | FAIL |
2026-08-17 13:10:50.972819 1 test, 0 passed, 1 failed
2026-08-17 13:10:50.972876 ==============================================================================
2026-08-17 13:10:50.972887 Suites.Cart                                                           | FAIL |
2026-08-17 13:10:50.973191 1 test, 0 passed, 1 failed
2026-08-17 13:10:50.973237 ==============================================================================
2026-08-17 13:10:50.973248 Suites                                                                | FAIL |
2026-08-17 13:10:50.973533 1 test, 0 passed, 1 failed
2026-08-17 13:10:50.973585 ==============================================================================
2026-08-17 13:10:50.973596 Output:  /home/runner/work/engg-robot-testing-framework/engg-robot-testing-framework/reports/pabot_results/5/output.xml
