2026-07-29 03:49:31.766089 ==============================================================================
2026-07-29 03:49:31.782555 Suites
2026-07-29 03:49:31.782584 ==============================================================================
2026-07-29 03:49:31.782599 Suites.Cart
2026-07-29 03:49:31.783413 ==============================================================================
2026-07-29 03:49:31.783430 Suites.Cart.TC17 remove products from cart :: TC17 - Remove Products From Cart
2026-07-29 03:49:31.783430 [ ERROR ] Error in file '/home/runner/work/engg-robot-testing-framework/engg-robot-testing-framework/resources/common.resource' on line 4: Importing library 'playwright_keyword_library.PlaywrightKeywordLibrary' failed: ModuleNotFoundError: No module named 'playwright_keyword_library'
2026-07-29 03:49:31.811165 ==============================================================================
2026-07-29 03:49:31.811165 Traceback (most recent call last):
2026-07-29 03:49:31.811188   None
2026-07-29 03:49:31.861383 PYTHONPATH:
2026-07-29 03:49:31.911548   /opt/hostedtoolcache/Python/3.11.15/x64/bin
2026-07-29 03:49:31.961761   /opt/hostedtoolcache/Python/3.11.15/x64/lib/python311.zip
2026-07-29 03:49:32.011964   /opt/hostedtoolcache/Python/3.11.15/x64/lib/python3.11
2026-07-29 03:49:32.062184   /opt/hostedtoolcache/Python/3.11.15/x64/lib/python3.11/lib-dynload
2026-07-29 03:49:32.112395   /opt/hostedtoolcache/Python/3.11.15/x64/lib/python3.11/site-packages
2026-07-29 03:49:32.162660 [ ERROR ] Error in file '/home/runner/work/engg-robot-testing-framework/engg-robot-testing-framework/resources/product_keywords.resource' on line 2: Importing library 'playwright_keyword_library.PlaywrightKeywordLibrary' failed: ModuleNotFoundError: No module named 'playwright_keyword_library'
2026-07-29 03:49:32.212909 Traceback (most recent call last):
2026-07-29 03:49:32.263125   None
2026-07-29 03:49:32.313459 PYTHONPATH:
2026-07-29 03:49:32.363658   /opt/hostedtoolcache/Python/3.11.15/x64/bin
2026-07-29 03:49:32.413862   /opt/hostedtoolcache/Python/3.11.15/x64/lib/python311.zip
2026-07-29 03:49:32.464155   /opt/hostedtoolcache/Python/3.11.15/x64/lib/python3.11
2026-07-29 03:49:32.514457   /opt/hostedtoolcache/Python/3.11.15/x64/lib/python3.11/lib-dynload
2026-07-29 03:49:32.564658   /opt/hostedtoolcache/Python/3.11.15/x64/lib/python3.11/site-packages
2026-07-29 03:49:32.614867 [ ERROR ] Error in file '/home/runner/work/engg-robot-testing-framework/engg-robot-testing-framework/resources/cart_keywords.resource' on line 2: Importing library 'playwright_keyword_library.PlaywrightKeywordLibrary' failed: ModuleNotFoundError: No module named 'playwright_keyword_library'
2026-07-29 03:49:32.665151 Traceback (most recent call last):
2026-07-29 03:49:32.715350   None
2026-07-29 03:49:32.765648 PYTHONPATH:
2026-07-29 03:49:32.815857   /opt/hostedtoolcache/Python/3.11.15/x64/bin
2026-07-29 03:49:32.866129   /opt/hostedtoolcache/Python/3.11.15/x64/lib/python311.zip
2026-07-29 03:49:32.916400   /opt/hostedtoolcache/Python/3.11.15/x64/lib/python3.11
2026-07-29 03:49:32.966606   /opt/hostedtoolcache/Python/3.11.15/x64/lib/python3.11/lib-dynload
2026-07-29 03:49:33.016895   /opt/hostedtoolcache/Python/3.11.15/x64/lib/python3.11/site-packages
2026-07-29 03:49:41.795082 TC17 Remove Products From Cart                                        | FAIL |
2026-07-29 03:49:41.822294 Setup failed:
2026-07-29 03:49:41.822314 No keyword with name 'Open Browser' found.
2026-07-29 03:49:41.822327 
2026-07-29 03:49:41.822337 Also teardown failed:
2026-07-29 03:49:41.822348 Several failures occurred:
2026-07-29 03:49:41.822376 
2026-07-29 03:49:41.822391 1) No keyword with name 'Register Keyword To Run On Failure' found.
2026-07-29 03:49:41.822402 
2026-07-29 03:49:41.822412 2) No keyword with name 'Close Browser' found. Did you mean:
2026-07-29 03:49:41.822422     common.Close Test Browser
2026-07-29 03:49:41.822432 ------------------------------------------------------------------------------
2026-07-29 03:49:41.822443 Suites.Cart.TC17 remove products from cart :: TC17 - Remove Produc... | FAIL |
2026-07-29 03:49:41.822996 1 test, 0 passed, 1 failed
2026-07-29 03:49:41.823009 ==============================================================================
2026-07-29 03:49:41.823021 Suites.Cart                                                           | FAIL |
2026-07-29 03:49:41.823380 1 test, 0 passed, 1 failed
2026-07-29 03:49:41.823404 ==============================================================================
2026-07-29 03:49:41.823486 Suites                                                                | FAIL |
2026-07-29 03:49:41.823756 1 test, 0 passed, 1 failed
2026-07-29 03:49:41.823814 ==============================================================================
2026-07-29 03:49:41.823830 Output:  /home/runner/work/engg-robot-testing-framework/engg-robot-testing-framework/reports/pabot_results/7/output.xml
