2026-09-08 05:00:23.108239 ==============================================================================
2026-09-08 05:00:23.129392 Suites
2026-09-08 05:00:23.129413 ==============================================================================
2026-09-08 05:00:23.129434 Suites.Auth
2026-09-08 05:00:23.130253 ==============================================================================
2026-09-08 05:00:23.130272 Suites.Auth.TC01 register user
2026-09-08 05:00:23.130272 [ ERROR ] Error in file '/home/runner/work/engg-robot-testing-framework/engg-robot-testing-framework/tests/auth/TC01_register_user.robot' on line 2: Importing library 'playwright_keyword_library.PlaywrightKeywordLibrary' failed: ModuleNotFoundError: No module named 'playwright_keyword_library'
2026-09-08 05:00:23.148791 ==============================================================================
2026-09-08 05:00:23.148791 Traceback (most recent call last):
2026-09-08 05:00:23.148816   None
2026-09-08 05:00:23.198919 PYTHONPATH:
2026-09-08 05:00:23.249035   /opt/hostedtoolcache/Python/3.11.16/x64/bin
2026-09-08 05:00:23.299144   /opt/hostedtoolcache/Python/3.11.16/x64/lib/python311.zip
2026-09-08 05:00:23.349250   /opt/hostedtoolcache/Python/3.11.16/x64/lib/python3.11
2026-09-08 05:00:23.399355   /opt/hostedtoolcache/Python/3.11.16/x64/lib/python3.11/lib-dynload
2026-09-08 05:00:23.449505   /opt/hostedtoolcache/Python/3.11.16/x64/lib/python3.11/site-packages
2026-09-08 05:00:23.499666 [ ERROR ] Error in file '/home/runner/work/engg-robot-testing-framework/engg-robot-testing-framework/resources/auth_keywords.resource' on line 2: Importing library 'playwright_keyword_library.PlaywrightKeywordLibrary' failed: ModuleNotFoundError: No module named 'playwright_keyword_library'
2026-09-08 05:00:23.549805 Traceback (most recent call last):
2026-09-08 05:00:23.599937   None
2026-09-08 05:00:23.650088 PYTHONPATH:
2026-09-08 05:00:23.700243   /opt/hostedtoolcache/Python/3.11.16/x64/bin
2026-09-08 05:00:23.750387   /opt/hostedtoolcache/Python/3.11.16/x64/lib/python311.zip
2026-09-08 05:00:23.800537   /opt/hostedtoolcache/Python/3.11.16/x64/lib/python3.11
2026-09-08 05:00:23.850689   /opt/hostedtoolcache/Python/3.11.16/x64/lib/python3.11/lib-dynload
2026-09-08 05:00:23.900841   /opt/hostedtoolcache/Python/3.11.16/x64/lib/python3.11/site-packages
2026-09-08 05:00:23.951000 [ ERROR ] Error in file '/home/runner/work/engg-robot-testing-framework/engg-robot-testing-framework/resources/common.resource' on line 4: Importing library 'playwright_keyword_library.PlaywrightKeywordLibrary' failed: ModuleNotFoundError: No module named 'playwright_keyword_library'
2026-09-08 05:00:24.001162 Traceback (most recent call last):
2026-09-08 05:00:24.051326   None
2026-09-08 05:00:24.101477 PYTHONPATH:
2026-09-08 05:00:24.151627   /opt/hostedtoolcache/Python/3.11.16/x64/bin
2026-09-08 05:00:24.201777   /opt/hostedtoolcache/Python/3.11.16/x64/lib/python311.zip
2026-09-08 05:00:24.251932   /opt/hostedtoolcache/Python/3.11.16/x64/lib/python3.11
2026-09-08 05:00:24.302085   /opt/hostedtoolcache/Python/3.11.16/x64/lib/python3.11/lib-dynload
2026-09-08 05:00:24.352235   /opt/hostedtoolcache/Python/3.11.16/x64/lib/python3.11/site-packages
2026-09-08 05:00:33.123197 TC01 Register User                                                    | FAIL |
2026-09-08 05:00:33.159403 Setup failed:
2026-09-08 05:00:33.159421 No keyword with name 'Open Browser' found.
2026-09-08 05:00:33.159436 
2026-09-08 05:00:33.159450 Also teardown failed:
2026-09-08 05:00:33.159463 Several failures occurred:
2026-09-08 05:00:33.159477 
2026-09-08 05:00:33.159490 1) No keyword with name 'Register Keyword To Run On Failure' found.
2026-09-08 05:00:33.159504 
2026-09-08 05:00:33.159516 2) No keyword with name 'Close Browser' found. Did you mean:
2026-09-08 05:00:33.159527     common.Close Test Browser
2026-09-08 05:00:33.159539 ------------------------------------------------------------------------------
2026-09-08 05:00:33.159551 Suites.Auth.TC01 register user                                        | FAIL |
2026-09-08 05:00:33.160032 1 test, 0 passed, 1 failed
2026-09-08 05:00:33.160120 ==============================================================================
2026-09-08 05:00:33.160137 Suites.Auth                                                           | FAIL |
2026-09-08 05:00:33.160478 1 test, 0 passed, 1 failed
2026-09-08 05:00:33.160540 ==============================================================================
2026-09-08 05:00:33.160556 Suites                                                                | FAIL |
2026-09-08 05:00:33.160853 1 test, 0 passed, 1 failed
2026-09-08 05:00:33.160915 ==============================================================================
2026-09-08 05:00:33.160930 Output:  /home/runner/work/engg-robot-testing-framework/engg-robot-testing-framework/reports/pabot_results/0/output.xml
