2026-08-23 02:09:46.942130 ==============================================================================
2026-08-23 02:09:46.969023 Suites
2026-08-23 02:09:46.969068 ==============================================================================
2026-08-23 02:09:46.969123 Suites.Cart
2026-08-23 02:09:46.969993 ==============================================================================
2026-08-23 02:09:46.970012 Suites.Cart.TC17 remove products from cart :: TC17 - Remove Products From Cart
2026-08-23 02:09:46.970012 [ ERROR ] Error in file '/home/runner/work/engg-robot-testing-framework/engg-robot-testing-framework/resources/common.resource' on line 4: Importing library 'playwright_keyword_library.PlaywrightKeywordLibrary' failed: ModuleNotFoundError: No module named 'playwright_keyword_library'
2026-08-23 02:09:47.002093 ==============================================================================
2026-08-23 02:09:47.002093 Traceback (most recent call last):
2026-08-23 02:09:47.002124   None
2026-08-23 02:09:47.052305 PYTHONPATH:
2026-08-23 02:09:47.102424   /opt/hostedtoolcache/Python/3.11.16/x64/bin
2026-08-23 02:09:47.152558   /opt/hostedtoolcache/Python/3.11.16/x64/lib/python311.zip
2026-08-23 02:09:47.202673   /opt/hostedtoolcache/Python/3.11.16/x64/lib/python3.11
2026-08-23 02:09:47.252829   /opt/hostedtoolcache/Python/3.11.16/x64/lib/python3.11/lib-dynload
2026-08-23 02:09:47.302949   /opt/hostedtoolcache/Python/3.11.16/x64/lib/python3.11/site-packages
2026-08-23 02:09:47.353131 [ ERROR ] Error in file '/home/runner/work/engg-robot-testing-framework/engg-robot-testing-framework/resources/product_keywords.resource' on line 2: Importing library 'playwright_keyword_library.PlaywrightKeywordLibrary' failed: ModuleNotFoundError: No module named 'playwright_keyword_library'
2026-08-23 02:09:47.403307 Traceback (most recent call last):
2026-08-23 02:09:47.453510   None
2026-08-23 02:09:47.503724 PYTHONPATH:
2026-08-23 02:09:47.553913   /opt/hostedtoolcache/Python/3.11.16/x64/bin
2026-08-23 02:09:47.604078   /opt/hostedtoolcache/Python/3.11.16/x64/lib/python311.zip
2026-08-23 02:09:47.654265   /opt/hostedtoolcache/Python/3.11.16/x64/lib/python3.11
2026-08-23 02:09:47.704437   /opt/hostedtoolcache/Python/3.11.16/x64/lib/python3.11/lib-dynload
2026-08-23 02:09:47.754654   /opt/hostedtoolcache/Python/3.11.16/x64/lib/python3.11/site-packages
2026-08-23 02:09:47.804831 [ ERROR ] Error in file '/home/runner/work/engg-robot-testing-framework/engg-robot-testing-framework/resources/cart_keywords.resource' on line 2: Importing library 'playwright_keyword_library.PlaywrightKeywordLibrary' failed: ModuleNotFoundError: No module named 'playwright_keyword_library'
2026-08-23 02:09:47.854992 Traceback (most recent call last):
2026-08-23 02:09:47.905131   None
2026-08-23 02:09:47.955318 PYTHONPATH:
2026-08-23 02:09:48.005505   /opt/hostedtoolcache/Python/3.11.16/x64/bin
2026-08-23 02:09:48.055703   /opt/hostedtoolcache/Python/3.11.16/x64/lib/python311.zip
2026-08-23 02:09:48.105903   /opt/hostedtoolcache/Python/3.11.16/x64/lib/python3.11
2026-08-23 02:09:48.156116   /opt/hostedtoolcache/Python/3.11.16/x64/lib/python3.11/lib-dynload
2026-08-23 02:09:48.206361   /opt/hostedtoolcache/Python/3.11.16/x64/lib/python3.11/site-packages
2026-08-23 02:09:56.984502 TC17 Remove Products From Cart                                        | FAIL |
2026-08-23 02:09:57.013545 Setup failed:
2026-08-23 02:09:57.013558 No keyword with name 'Open Browser' found.
2026-08-23 02:09:57.013566 
2026-08-23 02:09:57.013573 Also teardown failed:
2026-08-23 02:09:57.013580 Several failures occurred:
2026-08-23 02:09:57.013586 
2026-08-23 02:09:57.013593 1) No keyword with name 'Register Keyword To Run On Failure' found.
2026-08-23 02:09:57.013600 
2026-08-23 02:09:57.013606 2) No keyword with name 'Close Browser' found. Did you mean:
2026-08-23 02:09:57.013613     common.Close Test Browser
2026-08-23 02:09:57.013619 ------------------------------------------------------------------------------
2026-08-23 02:09:57.013626 Suites.Cart.TC17 remove products from cart :: TC17 - Remove Produc... | FAIL |
2026-08-23 02:09:57.014065 1 test, 0 passed, 1 failed
2026-08-23 02:09:57.014074 ==============================================================================
2026-08-23 02:09:57.014081 Suites.Cart                                                           | FAIL |
2026-08-23 02:09:57.014438 1 test, 0 passed, 1 failed
2026-08-23 02:09:57.014492 ==============================================================================
2026-08-23 02:09:57.014500 Suites                                                                | FAIL |
2026-08-23 02:09:57.014739 1 test, 0 passed, 1 failed
2026-08-23 02:09:57.014790 ==============================================================================
2026-08-23 02:09:57.014798 Output:  /home/runner/work/engg-robot-testing-framework/engg-robot-testing-framework/reports/pabot_results/7/output.xml
