2026-06-22 05:41:18.438753 ==============================================================================
2026-06-22 05:41:18.467668 Suites
2026-06-22 05:41:18.467687 ==============================================================================
2026-06-22 05:41:18.467702 Suites.Auth
2026-06-22 05:41:18.468588 ==============================================================================
2026-06-22 05:41:18.468605 Suites.Auth.TC02 login valid
2026-06-22 05:41:18.468605 [ ERROR ] Error in file '/home/runner/work/engg-robot-testing-framework/engg-robot-testing-framework/tests/auth/TC02_login_valid.robot' on line 2: Importing library 'playwright_keyword_library.PlaywrightKeywordLibrary' failed: ModuleNotFoundError: No module named 'playwright_keyword_library'
2026-06-22 05:41:18.488606 ==============================================================================
2026-06-22 05:41:18.488606 Traceback (most recent call last):
2026-06-22 05:41:18.488632   None
2026-06-22 05:41:18.538772 PYTHONPATH:
2026-06-22 05:41:18.588904   /opt/hostedtoolcache/Python/3.11.15/x64/bin
2026-06-22 05:41:18.639023   /opt/hostedtoolcache/Python/3.11.15/x64/lib/python311.zip
2026-06-22 05:41:18.689130   /opt/hostedtoolcache/Python/3.11.15/x64/lib/python3.11
2026-06-22 05:41:18.739281   /opt/hostedtoolcache/Python/3.11.15/x64/lib/python3.11/lib-dynload
2026-06-22 05:41:18.789418   /opt/hostedtoolcache/Python/3.11.15/x64/lib/python3.11/site-packages
2026-06-22 05:41:18.839564 [ ERROR ] Error in file '/home/runner/work/engg-robot-testing-framework/engg-robot-testing-framework/resources/auth_keywords.resource' on line 2: Importing library 'playwright_keyword_library.PlaywrightKeywordLibrary' failed: ModuleNotFoundError: No module named 'playwright_keyword_library'
2026-06-22 05:41:18.889700 Traceback (most recent call last):
2026-06-22 05:41:18.939845   None
2026-06-22 05:41:18.989984 PYTHONPATH:
2026-06-22 05:41:19.040140   /opt/hostedtoolcache/Python/3.11.15/x64/bin
2026-06-22 05:41:19.090274   /opt/hostedtoolcache/Python/3.11.15/x64/lib/python311.zip
2026-06-22 05:41:19.140422   /opt/hostedtoolcache/Python/3.11.15/x64/lib/python3.11
2026-06-22 05:41:19.190574   /opt/hostedtoolcache/Python/3.11.15/x64/lib/python3.11/lib-dynload
2026-06-22 05:41:19.240783   /opt/hostedtoolcache/Python/3.11.15/x64/lib/python3.11/site-packages
2026-06-22 05:41:19.290923 [ ERROR ] Error in file '/home/runner/work/engg-robot-testing-framework/engg-robot-testing-framework/resources/common.resource' on line 4: Importing library 'playwright_keyword_library.PlaywrightKeywordLibrary' failed: ModuleNotFoundError: No module named 'playwright_keyword_library'
2026-06-22 05:41:19.341106 Traceback (most recent call last):
2026-06-22 05:41:19.391261   None
2026-06-22 05:41:19.441409 PYTHONPATH:
2026-06-22 05:41:19.491545   /opt/hostedtoolcache/Python/3.11.15/x64/bin
2026-06-22 05:41:19.541697   /opt/hostedtoolcache/Python/3.11.15/x64/lib/python311.zip
2026-06-22 05:41:19.591839   /opt/hostedtoolcache/Python/3.11.15/x64/lib/python3.11
2026-06-22 05:41:19.642007   /opt/hostedtoolcache/Python/3.11.15/x64/lib/python3.11/lib-dynload
2026-06-22 05:41:19.692168   /opt/hostedtoolcache/Python/3.11.15/x64/lib/python3.11/site-packages
2026-06-22 05:41:28.468479 TC02 Login User With Correct Email And Password                       | FAIL |
2026-06-22 05:41:28.499981 Setup failed:
2026-06-22 05:41:28.500122 No keyword with name 'Open Browser' found.
2026-06-22 05:41:28.500149 
2026-06-22 05:41:28.500196 Also teardown failed:
2026-06-22 05:41:28.500229 Several failures occurred:
2026-06-22 05:41:28.500250 
2026-06-22 05:41:28.500273 1) No keyword with name 'Register Keyword To Run On Failure' found.
2026-06-22 05:41:28.500298 
2026-06-22 05:41:28.500347 2) No keyword with name 'Close Browser' found. Did you mean:
2026-06-22 05:41:28.500369     common.Close Test Browser
2026-06-22 05:41:28.500394 ------------------------------------------------------------------------------
2026-06-22 05:41:28.500418 Suites.Auth.TC02 login valid                                          | FAIL |
2026-06-22 05:41:28.500599 1 test, 0 passed, 1 failed
2026-06-22 05:41:28.500622 ==============================================================================
2026-06-22 05:41:28.500646 Suites.Auth                                                           | FAIL |
2026-06-22 05:41:28.501036 1 test, 0 passed, 1 failed
2026-06-22 05:41:28.501248 ==============================================================================
2026-06-22 05:41:28.501257 Suites                                                                | FAIL |
2026-06-22 05:41:28.501579 1 test, 0 passed, 1 failed
2026-06-22 05:41:28.501641 ==============================================================================
2026-06-22 05:41:28.501649 Output:  /home/runner/work/engg-robot-testing-framework/engg-robot-testing-framework/reports/pabot_results/1/output.xml
