2026-08-07 03:28:42.377579 ==============================================================================
2026-08-07 03:28:42.403883 Suites
2026-08-07 03:28:42.403900 ==============================================================================
2026-08-07 03:28:42.403911 Suites.Cart
2026-08-07 03:28:42.404466 ==============================================================================
2026-08-07 03:28:42.404479 Suites.Cart.TC13 verify product quantity :: TC13 - Verify Product Quantity ...
2026-08-07 03:28:42.404479 [ ERROR ] Error in file '/home/runner/work/engg-robot-testing-framework/engg-robot-testing-framework/resources/common.resource' on line 4: Importing library 'playwright_keyword_library.PlaywrightKeywordLibrary' failed: ModuleNotFoundError: No module named 'playwright_keyword_library'
2026-08-07 03:28:42.425577 ==============================================================================
2026-08-07 03:28:42.425577 Traceback (most recent call last):
2026-08-07 03:28:42.425597   None
2026-08-07 03:28:42.475707 PYTHONPATH:
2026-08-07 03:28:42.525859   /opt/hostedtoolcache/Python/3.11.15/x64/bin
2026-08-07 03:28:42.575974   /opt/hostedtoolcache/Python/3.11.15/x64/lib/python311.zip
2026-08-07 03:28:42.626154   /opt/hostedtoolcache/Python/3.11.15/x64/lib/python3.11
2026-08-07 03:28:42.676263   /opt/hostedtoolcache/Python/3.11.15/x64/lib/python3.11/lib-dynload
2026-08-07 03:28:42.726421   /opt/hostedtoolcache/Python/3.11.15/x64/lib/python3.11/site-packages
2026-08-07 03:28:42.776534 [ ERROR ] Error in file '/home/runner/work/engg-robot-testing-framework/engg-robot-testing-framework/resources/product_keywords.resource' on line 2: Importing library 'playwright_keyword_library.PlaywrightKeywordLibrary' failed: ModuleNotFoundError: No module named 'playwright_keyword_library'
2026-08-07 03:28:42.826700 Traceback (most recent call last):
2026-08-07 03:28:42.876814   None
2026-08-07 03:28:42.926966 PYTHONPATH:
2026-08-07 03:28:42.977082   /opt/hostedtoolcache/Python/3.11.15/x64/bin
2026-08-07 03:28:43.027243   /opt/hostedtoolcache/Python/3.11.15/x64/lib/python311.zip
2026-08-07 03:28:43.077359   /opt/hostedtoolcache/Python/3.11.15/x64/lib/python3.11
2026-08-07 03:28:43.127520   /opt/hostedtoolcache/Python/3.11.15/x64/lib/python3.11/lib-dynload
2026-08-07 03:28:43.177627   /opt/hostedtoolcache/Python/3.11.15/x64/lib/python3.11/site-packages
2026-08-07 03:28:43.227808 [ ERROR ] Error in file '/home/runner/work/engg-robot-testing-framework/engg-robot-testing-framework/resources/cart_keywords.resource' on line 2: Importing library 'playwright_keyword_library.PlaywrightKeywordLibrary' failed: ModuleNotFoundError: No module named 'playwright_keyword_library'
2026-08-07 03:28:43.277915 Traceback (most recent call last):
2026-08-07 03:28:43.328075   None
2026-08-07 03:28:43.378204 PYTHONPATH:
2026-08-07 03:28:43.428373   /opt/hostedtoolcache/Python/3.11.15/x64/bin
2026-08-07 03:28:43.478529   /opt/hostedtoolcache/Python/3.11.15/x64/lib/python311.zip
2026-08-07 03:28:43.528659   /opt/hostedtoolcache/Python/3.11.15/x64/lib/python3.11
2026-08-07 03:28:43.578805   /opt/hostedtoolcache/Python/3.11.15/x64/lib/python3.11/lib-dynload
2026-08-07 03:28:43.628974   /opt/hostedtoolcache/Python/3.11.15/x64/lib/python3.11/site-packages
2026-08-07 03:28:52.399649 TC13 Verify Product Quantity In Cart                                  | FAIL |
2026-08-07 03:28:52.433970 Setup failed:
2026-08-07 03:28:52.433986 No keyword with name 'Open Browser' found.
2026-08-07 03:28:52.433997 
2026-08-07 03:28:52.434006 Also teardown failed:
2026-08-07 03:28:52.434015 Several failures occurred:
2026-08-07 03:28:52.434024 
2026-08-07 03:28:52.434034 1) No keyword with name 'Register Keyword To Run On Failure' found.
2026-08-07 03:28:52.434044 
2026-08-07 03:28:52.434052 2) No keyword with name 'Close Browser' found. Did you mean:
2026-08-07 03:28:52.434062     common.Close Test Browser
2026-08-07 03:28:52.434071 ------------------------------------------------------------------------------
2026-08-07 03:28:52.434081 Suites.Cart.TC13 verify product quantity :: TC13 - Verify Product ... | FAIL |
2026-08-07 03:28:52.434479 1 test, 0 passed, 1 failed
2026-08-07 03:28:52.434494 ==============================================================================
2026-08-07 03:28:52.434504 Suites.Cart                                                           | FAIL |
2026-08-07 03:28:52.434756 1 test, 0 passed, 1 failed
2026-08-07 03:28:52.434769 ==============================================================================
2026-08-07 03:28:52.434780 Suites                                                                | FAIL |
2026-08-07 03:28:52.435005 1 test, 0 passed, 1 failed
2026-08-07 03:28:52.435050 ==============================================================================
2026-08-07 03:28:52.435061 Output:  /home/runner/work/engg-robot-testing-framework/engg-robot-testing-framework/reports/pabot_results/6/output.xml
