2026-08-12 03:05:03.576433 ==============================================================================
2026-08-12 03:05:03.605708 Suites
2026-08-12 03:05:03.605727 ==============================================================================
2026-08-12 03:05:03.605742 Suites.Cart
2026-08-12 03:05:03.606650 ==============================================================================
2026-08-12 03:05:03.606669 Suites.Cart.TC13 verify product quantity :: TC13 - Verify Product Quantity ...
2026-08-12 03:05:03.606669 [ ERROR ] Error in file '/home/runner/work/engg-robot-testing-framework/engg-robot-testing-framework/resources/common.resource' on line 4: Importing library 'playwright_keyword_library.PlaywrightKeywordLibrary' failed: ModuleNotFoundError: No module named 'playwright_keyword_library'
2026-08-12 03:05:03.638785 ==============================================================================
2026-08-12 03:05:03.638785 Traceback (most recent call last):
2026-08-12 03:05:03.638807   None
2026-08-12 03:05:03.688919 PYTHONPATH:
2026-08-12 03:05:03.739034   /opt/hostedtoolcache/Python/3.11.15/x64/bin
2026-08-12 03:05:03.789138   /opt/hostedtoolcache/Python/3.11.15/x64/lib/python311.zip
2026-08-12 03:05:03.839238   /opt/hostedtoolcache/Python/3.11.15/x64/lib/python3.11
2026-08-12 03:05:03.889345   /opt/hostedtoolcache/Python/3.11.15/x64/lib/python3.11/lib-dynload
2026-08-12 03:05:03.939457   /opt/hostedtoolcache/Python/3.11.15/x64/lib/python3.11/site-packages
2026-08-12 03:05:03.989600 [ ERROR ] Error in file '/home/runner/work/engg-robot-testing-framework/engg-robot-testing-framework/resources/product_keywords.resource' on line 2: Importing library 'playwright_keyword_library.PlaywrightKeywordLibrary' failed: ModuleNotFoundError: No module named 'playwright_keyword_library'
2026-08-12 03:05:04.039763 Traceback (most recent call last):
2026-08-12 03:05:04.089890   None
2026-08-12 03:05:04.140044 PYTHONPATH:
2026-08-12 03:05:04.190212   /opt/hostedtoolcache/Python/3.11.15/x64/bin
2026-08-12 03:05:04.240421   /opt/hostedtoolcache/Python/3.11.15/x64/lib/python311.zip
2026-08-12 03:05:04.290623   /opt/hostedtoolcache/Python/3.11.15/x64/lib/python3.11
2026-08-12 03:05:04.340827   /opt/hostedtoolcache/Python/3.11.15/x64/lib/python3.11/lib-dynload
2026-08-12 03:05:04.391153   /opt/hostedtoolcache/Python/3.11.15/x64/lib/python3.11/site-packages
2026-08-12 03:05:04.441430 [ ERROR ] Error in file '/home/runner/work/engg-robot-testing-framework/engg-robot-testing-framework/resources/cart_keywords.resource' on line 2: Importing library 'playwright_keyword_library.PlaywrightKeywordLibrary' failed: ModuleNotFoundError: No module named 'playwright_keyword_library'
2026-08-12 03:05:04.491776 Traceback (most recent call last):
2026-08-12 03:05:04.542029   None
2026-08-12 03:05:04.592378 PYTHONPATH:
2026-08-12 03:05:04.642637   /opt/hostedtoolcache/Python/3.11.15/x64/bin
2026-08-12 03:05:04.692973   /opt/hostedtoolcache/Python/3.11.15/x64/lib/python311.zip
2026-08-12 03:05:04.743216   /opt/hostedtoolcache/Python/3.11.15/x64/lib/python3.11
2026-08-12 03:05:04.793504   /opt/hostedtoolcache/Python/3.11.15/x64/lib/python3.11/lib-dynload
2026-08-12 03:05:04.843771   /opt/hostedtoolcache/Python/3.11.15/x64/lib/python3.11/site-packages
2026-08-12 03:05:13.624720 TC13 Verify Product Quantity In Cart                                  | FAIL |
2026-08-12 03:05:13.651078 Setup failed:
2026-08-12 03:05:13.651133 No keyword with name 'Open Browser' found.
2026-08-12 03:05:13.651148 
2026-08-12 03:05:13.651159 Also teardown failed:
2026-08-12 03:05:13.651170 Several failures occurred:
2026-08-12 03:05:13.651244 
2026-08-12 03:05:13.651257 1) No keyword with name 'Register Keyword To Run On Failure' found.
2026-08-12 03:05:13.651344 
2026-08-12 03:05:13.651356 2) No keyword with name 'Close Browser' found. Did you mean:
2026-08-12 03:05:13.651367     common.Close Test Browser
2026-08-12 03:05:13.651378 ------------------------------------------------------------------------------
2026-08-12 03:05:13.651389 Suites.Cart.TC13 verify product quantity :: TC13 - Verify Product ... | FAIL |
2026-08-12 03:05:13.652202 1 test, 0 passed, 1 failed
2026-08-12 03:05:13.652275 ==============================================================================
2026-08-12 03:05:13.652289 Suites.Cart                                                           | FAIL |
2026-08-12 03:05:13.654132 1 test, 0 passed, 1 failed
2026-08-12 03:05:13.654147 ==============================================================================
2026-08-12 03:05:13.654159 Suites                                                                | FAIL |
2026-08-12 03:05:13.654171 1 test, 0 passed, 1 failed
2026-08-12 03:05:13.654181 ==============================================================================
2026-08-12 03:05:13.654191 Output:  /home/runner/work/engg-robot-testing-framework/engg-robot-testing-framework/reports/pabot_results/6/output.xml
