2026-09-10 05:03:18.027733 ==============================================================================
2026-09-10 05:03:18.048430 Suites
2026-09-10 05:03:18.048453 ==============================================================================
2026-09-10 05:03:18.048470 Suites.Auth
2026-09-10 05:03:18.049285 ==============================================================================
2026-09-10 05:03:18.049304 Suites.Auth.TC01 register user
2026-09-10 05:03:18.049304 [ ERROR ] Error in file '/home/runner/work/engg-robot-testing-framework/engg-robot-testing-framework/tests/auth/TC01_register_user.robot' on line 2: Importing library 'playwright_keyword_library.PlaywrightKeywordLibrary' failed: ModuleNotFoundError: No module named 'playwright_keyword_library'
2026-09-10 05:03:18.069153 ==============================================================================
2026-09-10 05:03:18.069153 Traceback (most recent call last):
2026-09-10 05:03:18.069183   None
2026-09-10 05:03:18.119359 PYTHONPATH:
2026-09-10 05:03:18.169520   /opt/hostedtoolcache/Python/3.11.16/x64/bin
2026-09-10 05:03:18.219666   /opt/hostedtoolcache/Python/3.11.16/x64/lib/python311.zip
2026-09-10 05:03:18.269796   /opt/hostedtoolcache/Python/3.11.16/x64/lib/python3.11
2026-09-10 05:03:18.319935   /opt/hostedtoolcache/Python/3.11.16/x64/lib/python3.11/lib-dynload
2026-09-10 05:03:18.370104   /opt/hostedtoolcache/Python/3.11.16/x64/lib/python3.11/site-packages
2026-09-10 05:03:18.420260 [ ERROR ] Error in file '/home/runner/work/engg-robot-testing-framework/engg-robot-testing-framework/resources/auth_keywords.resource' on line 2: Importing library 'playwright_keyword_library.PlaywrightKeywordLibrary' failed: ModuleNotFoundError: No module named 'playwright_keyword_library'
2026-09-10 05:03:18.470418 Traceback (most recent call last):
2026-09-10 05:03:18.520575   None
2026-09-10 05:03:18.570717 PYTHONPATH:
2026-09-10 05:03:18.620870   /opt/hostedtoolcache/Python/3.11.16/x64/bin
2026-09-10 05:03:18.671024   /opt/hostedtoolcache/Python/3.11.16/x64/lib/python311.zip
2026-09-10 05:03:18.721215   /opt/hostedtoolcache/Python/3.11.16/x64/lib/python3.11
2026-09-10 05:03:18.771418   /opt/hostedtoolcache/Python/3.11.16/x64/lib/python3.11/lib-dynload
2026-09-10 05:03:18.821617   /opt/hostedtoolcache/Python/3.11.16/x64/lib/python3.11/site-packages
2026-09-10 05:03:18.871838 [ ERROR ] Error in file '/home/runner/work/engg-robot-testing-framework/engg-robot-testing-framework/resources/common.resource' on line 4: Importing library 'playwright_keyword_library.PlaywrightKeywordLibrary' failed: ModuleNotFoundError: No module named 'playwright_keyword_library'
2026-09-10 05:03:18.922003 Traceback (most recent call last):
2026-09-10 05:03:18.972163   None
2026-09-10 05:03:19.022315 PYTHONPATH:
2026-09-10 05:03:19.072471   /opt/hostedtoolcache/Python/3.11.16/x64/bin
2026-09-10 05:03:19.122595   /opt/hostedtoolcache/Python/3.11.16/x64/lib/python311.zip
2026-09-10 05:03:19.172751   /opt/hostedtoolcache/Python/3.11.16/x64/lib/python3.11
2026-09-10 05:03:19.222903   /opt/hostedtoolcache/Python/3.11.16/x64/lib/python3.11/lib-dynload
2026-09-10 05:03:19.273038   /opt/hostedtoolcache/Python/3.11.16/x64/lib/python3.11/site-packages
2026-09-10 05:03:28.046255 TC01 Register User                                                    | FAIL |
2026-09-10 05:03:28.080081 Setup failed:
2026-09-10 05:03:28.080102 No keyword with name 'Open Browser' found.
2026-09-10 05:03:28.080116 
2026-09-10 05:03:28.080129 Also teardown failed:
2026-09-10 05:03:28.080141 Several failures occurred:
2026-09-10 05:03:28.080152 
2026-09-10 05:03:28.080163 1) No keyword with name 'Register Keyword To Run On Failure' found.
2026-09-10 05:03:28.080175 
2026-09-10 05:03:28.080187 2) No keyword with name 'Close Browser' found. Did you mean:
2026-09-10 05:03:28.080198     common.Close Test Browser
2026-09-10 05:03:28.080221 ------------------------------------------------------------------------------
2026-09-10 05:03:28.080240 Suites.Auth.TC01 register user                                        | FAIL |
2026-09-10 05:03:28.080745 1 test, 0 passed, 1 failed
2026-09-10 05:03:28.080814 ==============================================================================
2026-09-10 05:03:28.080824 Suites.Auth                                                           | FAIL |
2026-09-10 05:03:28.081451 1 test, 0 passed, 1 failed
2026-09-10 05:03:28.081467 ==============================================================================
2026-09-10 05:03:28.081480 Suites                                                                | FAIL |
2026-09-10 05:03:28.081686 1 test, 0 passed, 1 failed
2026-09-10 05:03:28.081749 ==============================================================================
2026-09-10 05:03:28.081763 Output:  /home/runner/work/engg-robot-testing-framework/engg-robot-testing-framework/reports/pabot_results/0/output.xml
