2026-07-28 03:47:02.496373 ==============================================================================
2026-07-28 03:47:02.511220 Suites
2026-07-28 03:47:02.511241 ==============================================================================
2026-07-28 03:47:02.511257 Suites.Cart
2026-07-28 03:47:02.512067 ==============================================================================
2026-07-28 03:47:02.512087 Suites.Cart.TC20 search and verify cart after login :: TC20 - Search Produc...
2026-07-28 03:47:02.512087 [ ERROR ] Error in file '/home/runner/work/engg-robot-testing-framework/engg-robot-testing-framework/tests/cart/TC20_search_and_verify_cart_after_login.robot' on line 3: Importing library 'playwright_keyword_library.PlaywrightKeywordLibrary' failed: ModuleNotFoundError: No module named 'playwright_keyword_library'
2026-07-28 03:47:02.548328 ==============================================================================
2026-07-28 03:47:02.548328 Traceback (most recent call last):
2026-07-28 03:47:02.548354   None
2026-07-28 03:47:02.598474 PYTHONPATH:
2026-07-28 03:47:02.648593   /opt/hostedtoolcache/Python/3.11.15/x64/bin
2026-07-28 03:47:02.698751   /opt/hostedtoolcache/Python/3.11.15/x64/lib/python311.zip
2026-07-28 03:47:02.748879   /opt/hostedtoolcache/Python/3.11.15/x64/lib/python3.11
2026-07-28 03:47:02.798998   /opt/hostedtoolcache/Python/3.11.15/x64/lib/python3.11/lib-dynload
2026-07-28 03:47:02.849116   /opt/hostedtoolcache/Python/3.11.15/x64/lib/python3.11/site-packages
2026-07-28 03:47:02.899264 [ ERROR ] Error in file '/home/runner/work/engg-robot-testing-framework/engg-robot-testing-framework/resources/common.resource' on line 4: Importing library 'playwright_keyword_library.PlaywrightKeywordLibrary' failed: ModuleNotFoundError: No module named 'playwright_keyword_library'
2026-07-28 03:47:02.949385 Traceback (most recent call last):
2026-07-28 03:47:02.999541   None
2026-07-28 03:47:03.049661 PYTHONPATH:
2026-07-28 03:47:03.099817   /opt/hostedtoolcache/Python/3.11.15/x64/bin
2026-07-28 03:47:03.149931   /opt/hostedtoolcache/Python/3.11.15/x64/lib/python311.zip
2026-07-28 03:47:03.200085   /opt/hostedtoolcache/Python/3.11.15/x64/lib/python3.11
2026-07-28 03:47:03.250193   /opt/hostedtoolcache/Python/3.11.15/x64/lib/python3.11/lib-dynload
2026-07-28 03:47:03.300338   /opt/hostedtoolcache/Python/3.11.15/x64/lib/python3.11/site-packages
2026-07-28 03:47:03.350442 [ ERROR ] Error in file '/home/runner/work/engg-robot-testing-framework/engg-robot-testing-framework/resources/product_keywords.resource' on line 2: Importing library 'playwright_keyword_library.PlaywrightKeywordLibrary' failed: ModuleNotFoundError: No module named 'playwright_keyword_library'
2026-07-28 03:47:03.400562 Traceback (most recent call last):
2026-07-28 03:47:03.450666   None
2026-07-28 03:47:03.500820 PYTHONPATH:
2026-07-28 03:47:03.550925   /opt/hostedtoolcache/Python/3.11.15/x64/bin
2026-07-28 03:47:03.601079   /opt/hostedtoolcache/Python/3.11.15/x64/lib/python311.zip
2026-07-28 03:47:03.651225   /opt/hostedtoolcache/Python/3.11.15/x64/lib/python3.11
2026-07-28 03:47:03.701372   /opt/hostedtoolcache/Python/3.11.15/x64/lib/python3.11/lib-dynload
2026-07-28 03:47:03.751478   /opt/hostedtoolcache/Python/3.11.15/x64/lib/python3.11/site-packages
2026-07-28 03:47:03.801632 [ ERROR ] Error in file '/home/runner/work/engg-robot-testing-framework/engg-robot-testing-framework/resources/cart_keywords.resource' on line 2: Importing library 'playwright_keyword_library.PlaywrightKeywordLibrary' failed: ModuleNotFoundError: No module named 'playwright_keyword_library'
2026-07-28 03:47:03.851747 Traceback (most recent call last):
2026-07-28 03:47:03.901879   None
2026-07-28 03:47:03.951992 PYTHONPATH:
2026-07-28 03:47:04.002141   /opt/hostedtoolcache/Python/3.11.15/x64/bin
2026-07-28 03:47:04.052253   /opt/hostedtoolcache/Python/3.11.15/x64/lib/python311.zip
2026-07-28 03:47:04.102406   /opt/hostedtoolcache/Python/3.11.15/x64/lib/python3.11
2026-07-28 03:47:04.152545   /opt/hostedtoolcache/Python/3.11.15/x64/lib/python3.11/lib-dynload
2026-07-28 03:47:04.202689   /opt/hostedtoolcache/Python/3.11.15/x64/lib/python3.11/site-packages
2026-07-28 03:47:04.252823 [ ERROR ] Error in file '/home/runner/work/engg-robot-testing-framework/engg-robot-testing-framework/resources/auth_keywords.resource' on line 2: Importing library 'playwright_keyword_library.PlaywrightKeywordLibrary' failed: ModuleNotFoundError: No module named 'playwright_keyword_library'
2026-07-28 03:47:04.302980 Traceback (most recent call last):
2026-07-28 03:47:04.353111   None
2026-07-28 03:47:04.403233 PYTHONPATH:
2026-07-28 03:47:04.453365   /opt/hostedtoolcache/Python/3.11.15/x64/bin
2026-07-28 03:47:04.503522   /opt/hostedtoolcache/Python/3.11.15/x64/lib/python311.zip
2026-07-28 03:47:04.553668   /opt/hostedtoolcache/Python/3.11.15/x64/lib/python3.11
2026-07-28 03:47:04.603822   /opt/hostedtoolcache/Python/3.11.15/x64/lib/python3.11/lib-dynload
2026-07-28 03:47:04.653933   /opt/hostedtoolcache/Python/3.11.15/x64/lib/python3.11/site-packages
2026-07-28 03:47:12.523009 TC20 Search Products And Verify Cart After Login                      | FAIL |
2026-07-28 03:47:12.559609 Setup failed:
2026-07-28 03:47:12.559633 No keyword with name 'Open Browser' found.
2026-07-28 03:47:12.559649 
2026-07-28 03:47:12.559689 Also teardown failed:
2026-07-28 03:47:12.559707 Several failures occurred:
2026-07-28 03:47:12.559721 
2026-07-28 03:47:12.559734 1) No keyword with name 'Register Keyword To Run On Failure' found.
2026-07-28 03:47:12.559747 
2026-07-28 03:47:12.559758 2) No keyword with name 'Close Browser' found. Did you mean:
2026-07-28 03:47:12.559769     common.Close Test Browser
2026-07-28 03:47:12.559781 ------------------------------------------------------------------------------
2026-07-28 03:47:12.559794 Suites.Cart.TC20 search and verify cart after login :: TC20 - Sear... | FAIL |
2026-07-28 03:47:12.560322 1 test, 0 passed, 1 failed
2026-07-28 03:47:12.560347 ==============================================================================
2026-07-28 03:47:12.560420 Suites.Cart                                                           | FAIL |
2026-07-28 03:47:12.560784 1 test, 0 passed, 1 failed
2026-07-28 03:47:12.560861 ==============================================================================
2026-07-28 03:47:12.560877 Suites                                                                | FAIL |
2026-07-28 03:47:12.561194 1 test, 0 passed, 1 failed
2026-07-28 03:47:12.561259 ==============================================================================
2026-07-28 03:47:12.561272 Output:  /home/runner/work/engg-robot-testing-framework/engg-robot-testing-framework/reports/pabot_results/8/output.xml
