2026-10-01 06:24:02.954324 ==============================================================================
2026-10-01 06:24:02.968063 Suites
2026-10-01 06:24:02.968084 ==============================================================================
2026-10-01 06:24:02.968099 Suites.Cart
2026-10-01 06:24:02.968935 ==============================================================================
2026-10-01 06:24:02.968979 Suites.Cart.TC22 add from recommended items :: TC22 - Add To Cart From Reco...
2026-10-01 06:24:02.968979 [ ERROR ] Error in file '/home/runner/work/engg-robot-testing-framework/engg-robot-testing-framework/resources/common.resource' on line 4: Importing library 'playwright_keyword_library.PlaywrightKeywordLibrary' failed: ModuleNotFoundError: No module named 'playwright_keyword_library'
2026-10-01 06:24:02.992220 ==============================================================================
2026-10-01 06:24:02.992220 Traceback (most recent call last):
2026-10-01 06:24:02.992333   None
2026-10-01 06:24:03.042445 PYTHONPATH:
2026-10-01 06:24:03.092547   /opt/hostedtoolcache/Python/3.11.16/x64/bin
2026-10-01 06:24:03.142646   /opt/hostedtoolcache/Python/3.11.16/x64/lib/python311.zip
2026-10-01 06:24:03.192765   /opt/hostedtoolcache/Python/3.11.16/x64/lib/python3.11
2026-10-01 06:24:03.242870   /opt/hostedtoolcache/Python/3.11.16/x64/lib/python3.11/lib-dynload
2026-10-01 06:24:03.293025   /opt/hostedtoolcache/Python/3.11.16/x64/lib/python3.11/site-packages
2026-10-01 06:24:03.343174 [ ERROR ] Error in file '/home/runner/work/engg-robot-testing-framework/engg-robot-testing-framework/resources/cart_keywords.resource' on line 2: Importing library 'playwright_keyword_library.PlaywrightKeywordLibrary' failed: ModuleNotFoundError: No module named 'playwright_keyword_library'
2026-10-01 06:24:03.393336 Traceback (most recent call last):
2026-10-01 06:24:03.443471   None
2026-10-01 06:24:03.493627 PYTHONPATH:
2026-10-01 06:24:03.543777   /opt/hostedtoolcache/Python/3.11.16/x64/bin
2026-10-01 06:24:03.593984   /opt/hostedtoolcache/Python/3.11.16/x64/lib/python311.zip
2026-10-01 06:24:03.644139   /opt/hostedtoolcache/Python/3.11.16/x64/lib/python3.11
2026-10-01 06:24:03.694286   /opt/hostedtoolcache/Python/3.11.16/x64/lib/python3.11/lib-dynload
2026-10-01 06:24:03.744434   /opt/hostedtoolcache/Python/3.11.16/x64/lib/python3.11/site-packages
2026-10-01 06:24:12.967504 TC22 Add To Cart From Recommended Items                               | FAIL |
2026-10-01 06:24:13.002383 Setup failed:
2026-10-01 06:24:13.002396 No keyword with name 'Open Browser' found.
2026-10-01 06:24:13.002404 
2026-10-01 06:24:13.002412 Also teardown failed:
2026-10-01 06:24:13.002420 Several failures occurred:
2026-10-01 06:24:13.002426 
2026-10-01 06:24:13.002433 1) No keyword with name 'Register Keyword To Run On Failure' found.
2026-10-01 06:24:13.002440 
2026-10-01 06:24:13.002447 2) No keyword with name 'Close Browser' found. Did you mean:
2026-10-01 06:24:13.002453     common.Close Test Browser
2026-10-01 06:24:13.002460 ------------------------------------------------------------------------------
2026-10-01 06:24:13.002466 Suites.Cart.TC22 add from recommended items :: TC22 - Add To Cart ... | FAIL |
2026-10-01 06:24:13.002930 1 test, 0 passed, 1 failed
2026-10-01 06:24:13.002972 ==============================================================================
2026-10-01 06:24:13.002981 Suites.Cart                                                           | FAIL |
2026-10-01 06:24:13.003295 1 test, 0 passed, 1 failed
2026-10-01 06:24:13.003361 ==============================================================================
2026-10-01 06:24:13.003370 Suites                                                                | FAIL |
2026-10-01 06:24:13.003596 1 test, 0 passed, 1 failed
2026-10-01 06:24:13.003605 ==============================================================================
2026-10-01 06:24:13.003612 Output:  /home/runner/work/engg-robot-testing-framework/engg-robot-testing-framework/reports/pabot_results/9/output.xml
