2026-07-10 04:34:02.554600 ==============================================================================
2026-07-10 04:34:02.578398 Suites
2026-07-10 04:34:02.578419 ==============================================================================
2026-07-10 04:34:02.578458 Suites.Cart
2026-07-10 04:34:02.579328 ==============================================================================
2026-07-10 04:34:02.579356 Suites.Cart.TC17 remove products from cart :: TC17 - Remove Products From Cart
2026-07-10 04:34:02.579356 [ ERROR ] Error in file '/home/runner/work/engg-robot-testing-framework/engg-robot-testing-framework/resources/common.resource' on line 4: Importing library 'playwright_keyword_library.PlaywrightKeywordLibrary' failed: ModuleNotFoundError: No module named 'playwright_keyword_library'
2026-07-10 04:34:02.611857 ==============================================================================
2026-07-10 04:34:02.611857 Traceback (most recent call last):
2026-07-10 04:34:02.611882   None
2026-07-10 04:34:02.662018 PYTHONPATH:
2026-07-10 04:34:02.712138   /opt/hostedtoolcache/Python/3.11.15/x64/bin
2026-07-10 04:34:02.762279   /opt/hostedtoolcache/Python/3.11.15/x64/lib/python311.zip
2026-07-10 04:34:02.812388   /opt/hostedtoolcache/Python/3.11.15/x64/lib/python3.11
2026-07-10 04:34:02.862497   /opt/hostedtoolcache/Python/3.11.15/x64/lib/python3.11/lib-dynload
2026-07-10 04:34:02.912607   /opt/hostedtoolcache/Python/3.11.15/x64/lib/python3.11/site-packages
2026-07-10 04:34:02.962745 [ ERROR ] Error in file '/home/runner/work/engg-robot-testing-framework/engg-robot-testing-framework/resources/product_keywords.resource' on line 2: Importing library 'playwright_keyword_library.PlaywrightKeywordLibrary' failed: ModuleNotFoundError: No module named 'playwright_keyword_library'
2026-07-10 04:34:03.012882 Traceback (most recent call last):
2026-07-10 04:34:03.063052   None
2026-07-10 04:34:03.113203 PYTHONPATH:
2026-07-10 04:34:03.163359   /opt/hostedtoolcache/Python/3.11.15/x64/bin
2026-07-10 04:34:03.213510   /opt/hostedtoolcache/Python/3.11.15/x64/lib/python311.zip
2026-07-10 04:34:03.263658   /opt/hostedtoolcache/Python/3.11.15/x64/lib/python3.11
2026-07-10 04:34:03.313806   /opt/hostedtoolcache/Python/3.11.15/x64/lib/python3.11/lib-dynload
2026-07-10 04:34:03.363963   /opt/hostedtoolcache/Python/3.11.15/x64/lib/python3.11/site-packages
2026-07-10 04:34:03.414078 [ ERROR ] Error in file '/home/runner/work/engg-robot-testing-framework/engg-robot-testing-framework/resources/cart_keywords.resource' on line 2: Importing library 'playwright_keyword_library.PlaywrightKeywordLibrary' failed: ModuleNotFoundError: No module named 'playwright_keyword_library'
2026-07-10 04:34:03.464227 Traceback (most recent call last):
2026-07-10 04:34:03.514332   None
2026-07-10 04:34:03.564483 PYTHONPATH:
2026-07-10 04:34:03.614594   /opt/hostedtoolcache/Python/3.11.15/x64/bin
2026-07-10 04:34:03.664741   /opt/hostedtoolcache/Python/3.11.15/x64/lib/python311.zip
2026-07-10 04:34:03.714861   /opt/hostedtoolcache/Python/3.11.15/x64/lib/python3.11
2026-07-10 04:34:03.765002   /opt/hostedtoolcache/Python/3.11.15/x64/lib/python3.11/lib-dynload
2026-07-10 04:34:03.815136   /opt/hostedtoolcache/Python/3.11.15/x64/lib/python3.11/site-packages
2026-07-10 04:34:12.586789 TC17 Remove Products From Cart                                        | FAIL |
2026-07-10 04:34:12.624610 Setup failed:
2026-07-10 04:34:12.624628 No keyword with name 'Open Browser' found.
2026-07-10 04:34:12.624643 
2026-07-10 04:34:12.624657 Also teardown failed:
2026-07-10 04:34:12.624671 Several failures occurred:
2026-07-10 04:34:12.624687 
2026-07-10 04:34:12.624700 1) No keyword with name 'Register Keyword To Run On Failure' found.
2026-07-10 04:34:12.624715 
2026-07-10 04:34:12.624728 2) No keyword with name 'Close Browser' found. Did you mean:
2026-07-10 04:34:12.624741     common.Close Test Browser
2026-07-10 04:34:12.624752 ------------------------------------------------------------------------------
2026-07-10 04:34:12.624763 Suites.Cart.TC17 remove products from cart :: TC17 - Remove Produc... | FAIL |
2026-07-10 04:34:12.625315 1 test, 0 passed, 1 failed
2026-07-10 04:34:12.625333 ==============================================================================
2026-07-10 04:34:12.625355 Suites.Cart                                                           | FAIL |
2026-07-10 04:34:12.625756 1 test, 0 passed, 1 failed
2026-07-10 04:34:12.625781 ==============================================================================
2026-07-10 04:34:12.625855 Suites                                                                | FAIL |
2026-07-10 04:34:12.626162 1 test, 0 passed, 1 failed
2026-07-10 04:34:12.626187 ==============================================================================
2026-07-10 04:34:12.626261 Output:  /home/runner/work/engg-robot-testing-framework/engg-robot-testing-framework/reports/pabot_results/7/output.xml
