2026-10-06 06:42:35.005757 ==============================================================================
2026-10-06 06:42:35.036468 Suites
2026-10-06 06:42:35.036488 ==============================================================================
2026-10-06 06:42:35.036499 Suites.Auth
2026-10-06 06:42:35.037035 ==============================================================================
2026-10-06 06:42:35.037045 Suites.Auth.TC03 login invalid
2026-10-06 06:42:35.037045 [ ERROR ] Error in file '/home/runner/work/engg-robot-testing-framework/engg-robot-testing-framework/tests/auth/TC03_login_invalid.robot' on line 2: Importing library 'playwright_keyword_library.PlaywrightKeywordLibrary' failed: ModuleNotFoundError: No module named 'playwright_keyword_library'
2026-10-06 06:42:35.049924 ==============================================================================
2026-10-06 06:42:35.049924 Traceback (most recent call last):
2026-10-06 06:42:35.049944   None
2026-10-06 06:42:35.100064 PYTHONPATH:
2026-10-06 06:42:35.150216   /opt/hostedtoolcache/Python/3.11.16/x64/bin
2026-10-06 06:42:35.200342   /opt/hostedtoolcache/Python/3.11.16/x64/lib/python311.zip
2026-10-06 06:42:35.250500   /opt/hostedtoolcache/Python/3.11.16/x64/lib/python3.11
2026-10-06 06:42:35.300621   /opt/hostedtoolcache/Python/3.11.16/x64/lib/python3.11/lib-dynload
2026-10-06 06:42:35.350786   /opt/hostedtoolcache/Python/3.11.16/x64/lib/python3.11/site-packages
2026-10-06 06:42:35.400908 [ ERROR ] Error in file '/home/runner/work/engg-robot-testing-framework/engg-robot-testing-framework/resources/auth_keywords.resource' on line 2: Importing library 'playwright_keyword_library.PlaywrightKeywordLibrary' failed: ModuleNotFoundError: No module named 'playwright_keyword_library'
2026-10-06 06:42:35.451117 Traceback (most recent call last):
2026-10-06 06:42:35.501286   None
2026-10-06 06:42:35.551465 PYTHONPATH:
2026-10-06 06:42:35.601618   /opt/hostedtoolcache/Python/3.11.16/x64/bin
2026-10-06 06:42:35.651823   /opt/hostedtoolcache/Python/3.11.16/x64/lib/python311.zip
2026-10-06 06:42:35.701974   /opt/hostedtoolcache/Python/3.11.16/x64/lib/python3.11
2026-10-06 06:42:35.752149   /opt/hostedtoolcache/Python/3.11.16/x64/lib/python3.11/lib-dynload
2026-10-06 06:42:35.802312   /opt/hostedtoolcache/Python/3.11.16/x64/lib/python3.11/site-packages
2026-10-06 06:42:35.852499 [ ERROR ] Error in file '/home/runner/work/engg-robot-testing-framework/engg-robot-testing-framework/resources/common.resource' on line 4: Importing library 'playwright_keyword_library.PlaywrightKeywordLibrary' failed: ModuleNotFoundError: No module named 'playwright_keyword_library'
2026-10-06 06:42:35.902618 Traceback (most recent call last):
2026-10-06 06:42:35.952843   None
2026-10-06 06:42:36.002970 PYTHONPATH:
2026-10-06 06:42:36.053185   /opt/hostedtoolcache/Python/3.11.16/x64/bin
2026-10-06 06:42:36.103326   /opt/hostedtoolcache/Python/3.11.16/x64/lib/python311.zip
2026-10-06 06:42:36.153543   /opt/hostedtoolcache/Python/3.11.16/x64/lib/python3.11
2026-10-06 06:42:36.203671   /opt/hostedtoolcache/Python/3.11.16/x64/lib/python3.11/lib-dynload
2026-10-06 06:42:36.253891   /opt/hostedtoolcache/Python/3.11.16/x64/lib/python3.11/site-packages
2026-10-06 06:42:45.025240 TC03 Login User With Incorrect Email And Password                     | FAIL |
2026-10-06 06:42:45.057842 Setup failed:
2026-10-06 06:42:45.057860 No keyword with name 'Open Browser' found.
2026-10-06 06:42:45.057871 
2026-10-06 06:42:45.057881 Also teardown failed:
2026-10-06 06:42:45.057891 Several failures occurred:
2026-10-06 06:42:45.057901 
2026-10-06 06:42:45.057917 1) No keyword with name 'Register Keyword To Run On Failure' found.
2026-10-06 06:42:45.057928 
2026-10-06 06:42:45.057937 2) No keyword with name 'Close Browser' found. Did you mean:
2026-10-06 06:42:45.057946     common.Close Test Browser
2026-10-06 06:42:45.057957 ------------------------------------------------------------------------------
2026-10-06 06:42:45.057966 Suites.Auth.TC03 login invalid                                        | FAIL |
2026-10-06 06:42:45.058462 1 test, 0 passed, 1 failed
2026-10-06 06:42:45.058477 ==============================================================================
2026-10-06 06:42:45.058488 Suites.Auth                                                           | FAIL |
2026-10-06 06:42:45.058880 1 test, 0 passed, 1 failed
2026-10-06 06:42:45.058950 ==============================================================================
2026-10-06 06:42:45.058981 Suites                                                                | FAIL |
2026-10-06 06:42:45.059204 1 test, 0 passed, 1 failed
2026-10-06 06:42:45.059217 ==============================================================================
2026-10-06 06:42:45.059291 Output:  /home/runner/work/engg-robot-testing-framework/engg-robot-testing-framework/reports/pabot_results/2/output.xml
