2026-08-16 02:05:51.975561 ==============================================================================
2026-08-16 02:05:51.993217 Suites
2026-08-16 02:05:51.993239 ==============================================================================
2026-08-16 02:05:51.993253 Suites.Auth
2026-08-16 02:05:51.994095 ==============================================================================
2026-08-16 02:05:51.994114 Suites.Auth.TC04 logout user
2026-08-16 02:05:51.994114 [ ERROR ] Error in file '/home/runner/work/engg-robot-testing-framework/engg-robot-testing-framework/tests/auth/TC04_logout_user.robot' on line 2: Importing library 'playwright_keyword_library.PlaywrightKeywordLibrary' failed: ModuleNotFoundError: No module named 'playwright_keyword_library'
2026-08-16 02:05:52.013236 ==============================================================================
2026-08-16 02:05:52.013236 Traceback (most recent call last):
2026-08-16 02:05:52.013259   None
2026-08-16 02:05:52.063367 PYTHONPATH:
2026-08-16 02:05:52.113476   /opt/hostedtoolcache/Python/3.11.15/x64/bin
2026-08-16 02:05:52.163581   /opt/hostedtoolcache/Python/3.11.15/x64/lib/python311.zip
2026-08-16 02:05:52.213684   /opt/hostedtoolcache/Python/3.11.15/x64/lib/python3.11
2026-08-16 02:05:52.263792   /opt/hostedtoolcache/Python/3.11.15/x64/lib/python3.11/lib-dynload
2026-08-16 02:05:52.313943   /opt/hostedtoolcache/Python/3.11.15/x64/lib/python3.11/site-packages
2026-08-16 02:05:52.364109 [ ERROR ] Error in file '/home/runner/work/engg-robot-testing-framework/engg-robot-testing-framework/resources/auth_keywords.resource' on line 2: Importing library 'playwright_keyword_library.PlaywrightKeywordLibrary' failed: ModuleNotFoundError: No module named 'playwright_keyword_library'
2026-08-16 02:05:52.414253 Traceback (most recent call last):
2026-08-16 02:05:52.464401   None
2026-08-16 02:05:52.514538 PYTHONPATH:
2026-08-16 02:05:52.564670   /opt/hostedtoolcache/Python/3.11.15/x64/bin
2026-08-16 02:05:52.614805   /opt/hostedtoolcache/Python/3.11.15/x64/lib/python311.zip
2026-08-16 02:05:52.664903   /opt/hostedtoolcache/Python/3.11.15/x64/lib/python3.11
2026-08-16 02:05:52.715036   /opt/hostedtoolcache/Python/3.11.15/x64/lib/python3.11/lib-dynload
2026-08-16 02:05:52.765172   /opt/hostedtoolcache/Python/3.11.15/x64/lib/python3.11/site-packages
2026-08-16 02:05:52.815307 [ ERROR ] Error in file '/home/runner/work/engg-robot-testing-framework/engg-robot-testing-framework/resources/common.resource' on line 4: Importing library 'playwright_keyword_library.PlaywrightKeywordLibrary' failed: ModuleNotFoundError: No module named 'playwright_keyword_library'
2026-08-16 02:05:52.865451 Traceback (most recent call last):
2026-08-16 02:05:52.915585   None
2026-08-16 02:05:52.965718 PYTHONPATH:
2026-08-16 02:05:53.015861   /opt/hostedtoolcache/Python/3.11.15/x64/bin
2026-08-16 02:05:53.066011   /opt/hostedtoolcache/Python/3.11.15/x64/lib/python311.zip
2026-08-16 02:05:53.116145   /opt/hostedtoolcache/Python/3.11.15/x64/lib/python3.11
2026-08-16 02:05:53.166278   /opt/hostedtoolcache/Python/3.11.15/x64/lib/python3.11/lib-dynload
2026-08-16 02:05:53.216412   /opt/hostedtoolcache/Python/3.11.15/x64/lib/python3.11/site-packages
2026-08-16 02:06:01.988771 TC04 Logout User                                                      | FAIL |
2026-08-16 02:06:02.023864 Setup failed:
2026-08-16 02:06:02.023889 No keyword with name 'Open Browser' found.
2026-08-16 02:06:02.023939 
2026-08-16 02:06:02.023953 Also teardown failed:
2026-08-16 02:06:02.023964 Several failures occurred:
2026-08-16 02:06:02.023975 
2026-08-16 02:06:02.023987 1) No keyword with name 'Register Keyword To Run On Failure' found.
2026-08-16 02:06:02.023998 
2026-08-16 02:06:02.024008 2) No keyword with name 'Close Browser' found. Did you mean:
2026-08-16 02:06:02.024019     common.Close Test Browser
2026-08-16 02:06:02.024030 ------------------------------------------------------------------------------
2026-08-16 02:06:02.024040 Suites.Auth.TC04 logout user                                          | FAIL |
2026-08-16 02:06:02.024527 1 test, 0 passed, 1 failed
2026-08-16 02:06:02.024579 ==============================================================================
2026-08-16 02:06:02.024590 Suites.Auth                                                           | FAIL |
2026-08-16 02:06:02.024997 1 test, 0 passed, 1 failed
2026-08-16 02:06:02.025040 ==============================================================================
2026-08-16 02:06:02.025052 Suites                                                                | FAIL |
2026-08-16 02:06:02.025377 1 test, 0 passed, 1 failed
2026-08-16 02:06:02.025417 ==============================================================================
2026-08-16 02:06:02.025430 Output:  /home/runner/work/engg-robot-testing-framework/engg-robot-testing-framework/reports/pabot_results/3/output.xml
