2026-06-12 05:14:15.485547 ==============================================================================
2026-06-12 05:14:15.503164 Suites
2026-06-12 05:14:15.503179 ==============================================================================
2026-06-12 05:14:15.503187 Suites.Auth
2026-06-12 05:14:15.503891 ==============================================================================
2026-06-12 05:14:15.604116 Suites.Auth.TC05 register existing email
2026-06-12 05:14:15.616134 ==============================================================================
2026-06-12 05:14:26.493993 TC05 Register User With Existing Email                                | FAIL |
2026-06-12 05:14:26.534739 Setup failed:
2026-06-12 05:14:26.534753 Title should have been 'Automation Exercise' but was 'One moment, please...'.
2026-06-12 05:14:26.534761 ------------------------------------------------------------------------------
2026-06-12 05:14:26.534769 Suites.Auth.TC05 register existing email                              | FAIL |
2026-06-12 05:14:26.535320 1 test, 0 passed, 1 failed
2026-06-12 05:14:26.535354 ==============================================================================
2026-06-12 05:14:26.535360 Suites.Auth                                                           | FAIL |
2026-06-12 05:14:26.535775 1 test, 0 passed, 1 failed
2026-06-12 05:14:26.535790 ==============================================================================
2026-06-12 05:14:26.535801 Suites                                                                | FAIL |
2026-06-12 05:14:26.536076 1 test, 0 passed, 1 failed
2026-06-12 05:14:26.536091 ==============================================================================
2026-06-12 05:14:26.536102 Output:  /home/runner/work/engg-robot-testing-framework/engg-robot-testing-framework/reports/pabot_results/4/output.xml
