2026-07-03 04:25:20.152734 ==============================================================================
2026-07-03 04:25:20.176648 Suites
2026-07-03 04:25:20.176669 ==============================================================================
2026-07-03 04:25:20.176684 Suites.Auth
2026-07-03 04:25:20.177695 ==============================================================================
2026-07-03 04:25:20.177714 Suites.Auth.TC02 login valid
2026-07-03 04:25:20.177714 [ ERROR ] Error in file '/home/runner/work/engg-robot-testing-framework/engg-robot-testing-framework/tests/auth/TC02_login_valid.robot' on line 2: Importing library 'playwright_keyword_library.PlaywrightKeywordLibrary' failed: ModuleNotFoundError: No module named 'playwright_keyword_library'
2026-07-03 04:25:20.197963 ==============================================================================
2026-07-03 04:25:20.197963 Traceback (most recent call last):
2026-07-03 04:25:20.197991   None
2026-07-03 04:25:20.248120 PYTHONPATH:
2026-07-03 04:25:20.298256   /opt/hostedtoolcache/Python/3.11.15/x64/bin
2026-07-03 04:25:20.348412   /opt/hostedtoolcache/Python/3.11.15/x64/lib/python311.zip
2026-07-03 04:25:20.398574   /opt/hostedtoolcache/Python/3.11.15/x64/lib/python3.11
2026-07-03 04:25:20.448725   /opt/hostedtoolcache/Python/3.11.15/x64/lib/python3.11/lib-dynload
2026-07-03 04:25:20.499013   /opt/hostedtoolcache/Python/3.11.15/x64/lib/python3.11/site-packages
2026-07-03 04:25:20.549268 [ ERROR ] Error in file '/home/runner/work/engg-robot-testing-framework/engg-robot-testing-framework/resources/auth_keywords.resource' on line 2: Importing library 'playwright_keyword_library.PlaywrightKeywordLibrary' failed: ModuleNotFoundError: No module named 'playwright_keyword_library'
2026-07-03 04:25:20.599617 Traceback (most recent call last):
2026-07-03 04:25:20.649847   None
2026-07-03 04:25:20.700033 PYTHONPATH:
2026-07-03 04:25:20.750398   /opt/hostedtoolcache/Python/3.11.15/x64/bin
2026-07-03 04:25:20.800632   /opt/hostedtoolcache/Python/3.11.15/x64/lib/python311.zip
2026-07-03 04:25:20.850956   /opt/hostedtoolcache/Python/3.11.15/x64/lib/python3.11
2026-07-03 04:25:20.901191   /opt/hostedtoolcache/Python/3.11.15/x64/lib/python3.11/lib-dynload
2026-07-03 04:25:20.951526   /opt/hostedtoolcache/Python/3.11.15/x64/lib/python3.11/site-packages
2026-07-03 04:25:21.001759 [ ERROR ] Error in file '/home/runner/work/engg-robot-testing-framework/engg-robot-testing-framework/resources/common.resource' on line 4: Importing library 'playwright_keyword_library.PlaywrightKeywordLibrary' failed: ModuleNotFoundError: No module named 'playwright_keyword_library'
2026-07-03 04:25:21.052106 Traceback (most recent call last):
2026-07-03 04:25:21.102337   None
2026-07-03 04:25:21.152686 PYTHONPATH:
2026-07-03 04:25:21.202903   /opt/hostedtoolcache/Python/3.11.15/x64/bin
2026-07-03 04:25:21.253128   /opt/hostedtoolcache/Python/3.11.15/x64/lib/python311.zip
2026-07-03 04:25:21.303307   /opt/hostedtoolcache/Python/3.11.15/x64/lib/python3.11
2026-07-03 04:25:21.353539   /opt/hostedtoolcache/Python/3.11.15/x64/lib/python3.11/lib-dynload
2026-07-03 04:25:21.403905   /opt/hostedtoolcache/Python/3.11.15/x64/lib/python3.11/site-packages
2026-07-03 04:25:30.182052 TC02 Login User With Correct Email And Password                       | FAIL |
2026-07-03 04:25:30.209018 Setup failed:
2026-07-03 04:25:30.209033 No keyword with name 'Open Browser' found.
2026-07-03 04:25:30.209043 
2026-07-03 04:25:30.209051 Also teardown failed:
2026-07-03 04:25:30.209059 Several failures occurred:
2026-07-03 04:25:30.209068 
2026-07-03 04:25:30.209077 1) No keyword with name 'Register Keyword To Run On Failure' found.
2026-07-03 04:25:30.209085 
2026-07-03 04:25:30.209093 2) No keyword with name 'Close Browser' found. Did you mean:
2026-07-03 04:25:30.209101     common.Close Test Browser
2026-07-03 04:25:30.209109 ------------------------------------------------------------------------------
2026-07-03 04:25:30.209117 Suites.Auth.TC02 login valid                                          | FAIL |
2026-07-03 04:25:30.209939 1 test, 0 passed, 1 failed
2026-07-03 04:25:30.209953 ==============================================================================
2026-07-03 04:25:30.209962 Suites.Auth                                                           | FAIL |
2026-07-03 04:25:30.210509 1 test, 0 passed, 1 failed
2026-07-03 04:25:30.210556 ==============================================================================
2026-07-03 04:25:30.210565 Suites                                                                | FAIL |
2026-07-03 04:25:30.211050 1 test, 0 passed, 1 failed
2026-07-03 04:25:30.211123 ==============================================================================
2026-07-03 04:25:30.211133 Output:  /home/runner/work/engg-robot-testing-framework/engg-robot-testing-framework/reports/pabot_results/1/output.xml
