2026-09-19 04:53:21.778457 ==============================================================================
2026-09-19 04:53:21.805717 Suites
2026-09-19 04:53:21.805744 ==============================================================================
2026-09-19 04:53:21.805759 Suites.Cart
2026-09-19 04:53:21.806606 ==============================================================================
2026-09-19 04:53:21.806625 Suites.Cart.TC13 verify product quantity :: TC13 - Verify Product Quantity ...
2026-09-19 04:53:21.806625 [ ERROR ] Error in file '/home/runner/work/engg-robot-testing-framework/engg-robot-testing-framework/resources/common.resource' on line 4: Importing library 'playwright_keyword_library.PlaywrightKeywordLibrary' failed: ModuleNotFoundError: No module named 'playwright_keyword_library'
2026-09-19 04:53:21.839017 ==============================================================================
2026-09-19 04:53:21.839017 Traceback (most recent call last):
2026-09-19 04:53:21.839045   None
2026-09-19 04:53:21.889177 PYTHONPATH:
2026-09-19 04:53:21.939319   /opt/hostedtoolcache/Python/3.11.16/x64/bin
2026-09-19 04:53:21.989457   /opt/hostedtoolcache/Python/3.11.16/x64/lib/python311.zip
2026-09-19 04:53:22.039616   /opt/hostedtoolcache/Python/3.11.16/x64/lib/python3.11
2026-09-19 04:53:22.089707   /opt/hostedtoolcache/Python/3.11.16/x64/lib/python3.11/lib-dynload
2026-09-19 04:53:22.139892   /opt/hostedtoolcache/Python/3.11.16/x64/lib/python3.11/site-packages
2026-09-19 04:53:22.190051 [ ERROR ] Error in file '/home/runner/work/engg-robot-testing-framework/engg-robot-testing-framework/resources/product_keywords.resource' on line 2: Importing library 'playwright_keyword_library.PlaywrightKeywordLibrary' failed: ModuleNotFoundError: No module named 'playwright_keyword_library'
2026-09-19 04:53:22.240363 Traceback (most recent call last):
2026-09-19 04:53:22.290534   None
2026-09-19 04:53:22.340809 PYTHONPATH:
2026-09-19 04:53:22.390956   /opt/hostedtoolcache/Python/3.11.16/x64/bin
2026-09-19 04:53:22.441234   /opt/hostedtoolcache/Python/3.11.16/x64/lib/python311.zip
2026-09-19 04:53:22.491404   /opt/hostedtoolcache/Python/3.11.16/x64/lib/python3.11
2026-09-19 04:53:22.541594   /opt/hostedtoolcache/Python/3.11.16/x64/lib/python3.11/lib-dynload
2026-09-19 04:53:22.591761   /opt/hostedtoolcache/Python/3.11.16/x64/lib/python3.11/site-packages
2026-09-19 04:53:22.641978 [ ERROR ] Error in file '/home/runner/work/engg-robot-testing-framework/engg-robot-testing-framework/resources/cart_keywords.resource' on line 2: Importing library 'playwright_keyword_library.PlaywrightKeywordLibrary' failed: ModuleNotFoundError: No module named 'playwright_keyword_library'
2026-09-19 04:53:22.692175 Traceback (most recent call last):
2026-09-19 04:53:22.742502   None
2026-09-19 04:53:22.792690 PYTHONPATH:
2026-09-19 04:53:22.842878   /opt/hostedtoolcache/Python/3.11.16/x64/bin
2026-09-19 04:53:22.893131   /opt/hostedtoolcache/Python/3.11.16/x64/lib/python311.zip
2026-09-19 04:53:22.943303   /opt/hostedtoolcache/Python/3.11.16/x64/lib/python3.11
2026-09-19 04:53:22.993480   /opt/hostedtoolcache/Python/3.11.16/x64/lib/python3.11/lib-dynload
2026-09-19 04:53:23.043738   /opt/hostedtoolcache/Python/3.11.16/x64/lib/python3.11/site-packages
2026-09-19 04:53:31.823511 TC13 Verify Product Quantity In Cart                                  | FAIL |
2026-09-19 04:53:31.854437 Setup failed:
2026-09-19 04:53:31.854446 No keyword with name 'Open Browser' found.
2026-09-19 04:53:31.854453 
2026-09-19 04:53:31.854460 Also teardown failed:
2026-09-19 04:53:31.854466 Several failures occurred:
2026-09-19 04:53:31.854473 
2026-09-19 04:53:31.854479 1) No keyword with name 'Register Keyword To Run On Failure' found.
2026-09-19 04:53:31.854487 
2026-09-19 04:53:31.854493 2) No keyword with name 'Close Browser' found. Did you mean:
2026-09-19 04:53:31.854499     common.Close Test Browser
2026-09-19 04:53:31.854506 ------------------------------------------------------------------------------
2026-09-19 04:53:31.854512 Suites.Cart.TC13 verify product quantity :: TC13 - Verify Product ... | FAIL |
2026-09-19 04:53:31.855293 1 test, 0 passed, 1 failed
2026-09-19 04:53:31.855347 ==============================================================================
2026-09-19 04:53:31.855355 Suites.Cart                                                           | FAIL |
2026-09-19 04:53:31.855810 1 test, 0 passed, 1 failed
2026-09-19 04:53:31.855850 ==============================================================================
2026-09-19 04:53:31.855857 Suites                                                                | FAIL |
2026-09-19 04:53:31.856236 1 test, 0 passed, 1 failed
2026-09-19 04:53:31.856276 ==============================================================================
2026-09-19 04:53:31.856283 Output:  /home/runner/work/engg-robot-testing-framework/engg-robot-testing-framework/reports/pabot_results/6/output.xml
