2026-08-23 02:09:26.094888 ==============================================================================
2026-08-23 02:09:26.124427 Suites
2026-08-23 02:09:26.124452 ==============================================================================
2026-08-23 02:09:26.124472 Suites.Auth
2026-08-23 02:09:26.125354 ==============================================================================
2026-08-23 02:09:26.125373 Suites.Auth.TC04 logout user
2026-08-23 02:09:26.125373 [ ERROR ] Error in file '/home/runner/work/engg-robot-testing-framework/engg-robot-testing-framework/tests/auth/TC04_logout_user.robot' on line 2: Importing library 'playwright_keyword_library.PlaywrightKeywordLibrary' failed: ModuleNotFoundError: No module named 'playwright_keyword_library'
2026-08-23 02:09:26.145152 ==============================================================================
2026-08-23 02:09:26.145152 Traceback (most recent call last):
2026-08-23 02:09:26.145169   None
2026-08-23 02:09:26.195285 PYTHONPATH:
2026-08-23 02:09:26.245396   /opt/hostedtoolcache/Python/3.11.16/x64/bin
2026-08-23 02:09:26.295509   /opt/hostedtoolcache/Python/3.11.16/x64/lib/python311.zip
2026-08-23 02:09:26.345621   /opt/hostedtoolcache/Python/3.11.16/x64/lib/python3.11
2026-08-23 02:09:26.395751   /opt/hostedtoolcache/Python/3.11.16/x64/lib/python3.11/lib-dynload
2026-08-23 02:09:26.446222   /opt/hostedtoolcache/Python/3.11.16/x64/lib/python3.11/site-packages
2026-08-23 02:09:26.496327 [ ERROR ] Error in file '/home/runner/work/engg-robot-testing-framework/engg-robot-testing-framework/resources/auth_keywords.resource' on line 2: Importing library 'playwright_keyword_library.PlaywrightKeywordLibrary' failed: ModuleNotFoundError: No module named 'playwright_keyword_library'
2026-08-23 02:09:26.546522 Traceback (most recent call last):
2026-08-23 02:09:26.596712   None
2026-08-23 02:09:26.646881 PYTHONPATH:
2026-08-23 02:09:26.697060   /opt/hostedtoolcache/Python/3.11.16/x64/bin
2026-08-23 02:09:26.747236   /opt/hostedtoolcache/Python/3.11.16/x64/lib/python311.zip
2026-08-23 02:09:26.797447   /opt/hostedtoolcache/Python/3.11.16/x64/lib/python3.11
2026-08-23 02:09:26.847626   /opt/hostedtoolcache/Python/3.11.16/x64/lib/python3.11/lib-dynload
2026-08-23 02:09:26.897825   /opt/hostedtoolcache/Python/3.11.16/x64/lib/python3.11/site-packages
2026-08-23 02:09:26.947997 [ ERROR ] Error in file '/home/runner/work/engg-robot-testing-framework/engg-robot-testing-framework/resources/common.resource' on line 4: Importing library 'playwright_keyword_library.PlaywrightKeywordLibrary' failed: ModuleNotFoundError: No module named 'playwright_keyword_library'
2026-08-23 02:09:26.998180 Traceback (most recent call last):
2026-08-23 02:09:27.048362   None
2026-08-23 02:09:27.098555 PYTHONPATH:
2026-08-23 02:09:27.148737   /opt/hostedtoolcache/Python/3.11.16/x64/bin
2026-08-23 02:09:27.198919   /opt/hostedtoolcache/Python/3.11.16/x64/lib/python311.zip
2026-08-23 02:09:27.249090   /opt/hostedtoolcache/Python/3.11.16/x64/lib/python3.11
2026-08-23 02:09:27.299226   /opt/hostedtoolcache/Python/3.11.16/x64/lib/python3.11/lib-dynload
2026-08-23 02:09:27.349385   /opt/hostedtoolcache/Python/3.11.16/x64/lib/python3.11/site-packages
2026-08-23 02:09:36.124442 TC04 Logout User                                                      | FAIL |
2026-08-23 02:09:36.155945 Setup failed:
2026-08-23 02:09:36.155961 No keyword with name 'Open Browser' found.
2026-08-23 02:09:36.155971 
2026-08-23 02:09:36.155979 Also teardown failed:
2026-08-23 02:09:36.155988 Several failures occurred:
2026-08-23 02:09:36.155996 
2026-08-23 02:09:36.156004 1) No keyword with name 'Register Keyword To Run On Failure' found.
2026-08-23 02:09:36.156012 
2026-08-23 02:09:36.156020 2) No keyword with name 'Close Browser' found. Did you mean:
2026-08-23 02:09:36.156028     common.Close Test Browser
2026-08-23 02:09:36.156036 ------------------------------------------------------------------------------
2026-08-23 02:09:36.156076 Suites.Auth.TC04 logout user                                          | FAIL |
2026-08-23 02:09:36.156750 1 test, 0 passed, 1 failed
2026-08-23 02:09:36.156822 ==============================================================================
2026-08-23 02:09:36.156830 Suites.Auth                                                           | FAIL |
2026-08-23 02:09:36.157416 1 test, 0 passed, 1 failed
2026-08-23 02:09:36.157426 ==============================================================================
2026-08-23 02:09:36.157435 Suites                                                                | FAIL |
2026-08-23 02:09:36.157854 1 test, 0 passed, 1 failed
2026-08-23 02:09:36.157915 ==============================================================================
2026-08-23 02:09:36.157925 Output:  /home/runner/work/engg-robot-testing-framework/engg-robot-testing-framework/reports/pabot_results/3/output.xml
