2026-06-23 04:41:26.346120 ==============================================================================
2026-06-23 04:41:26.355246 Suites
2026-06-23 04:41:26.355264 ==============================================================================
2026-06-23 04:41:26.355276 Suites.Cart
2026-06-23 04:41:26.356083 ==============================================================================
2026-06-23 04:41:26.356100 Suites.Cart.TC22 add from recommended items :: TC22 - Add To Cart From Reco...
2026-06-23 04:41:26.356100 [ ERROR ] Error in file '/home/runner/work/engg-robot-testing-framework/engg-robot-testing-framework/resources/common.resource' on line 4: Importing library 'playwright_keyword_library.PlaywrightKeywordLibrary' failed: ModuleNotFoundError: No module named 'playwright_keyword_library'
2026-06-23 04:41:26.376227 ==============================================================================
2026-06-23 04:41:26.376227 Traceback (most recent call last):
2026-06-23 04:41:26.376251   None
2026-06-23 04:41:26.426385 PYTHONPATH:
2026-06-23 04:41:26.476584   /opt/hostedtoolcache/Python/3.11.15/x64/bin
2026-06-23 04:41:26.526739   /opt/hostedtoolcache/Python/3.11.15/x64/lib/python311.zip
2026-06-23 04:41:26.576912   /opt/hostedtoolcache/Python/3.11.15/x64/lib/python3.11
2026-06-23 04:41:26.627069   /opt/hostedtoolcache/Python/3.11.15/x64/lib/python3.11/lib-dynload
2026-06-23 04:41:26.677226   /opt/hostedtoolcache/Python/3.11.15/x64/lib/python3.11/site-packages
2026-06-23 04:41:26.727355 [ ERROR ] Error in file '/home/runner/work/engg-robot-testing-framework/engg-robot-testing-framework/resources/cart_keywords.resource' on line 2: Importing library 'playwright_keyword_library.PlaywrightKeywordLibrary' failed: ModuleNotFoundError: No module named 'playwright_keyword_library'
2026-06-23 04:41:26.777525 Traceback (most recent call last):
2026-06-23 04:41:26.827733   None
2026-06-23 04:41:26.877905 PYTHONPATH:
2026-06-23 04:41:26.928076   /opt/hostedtoolcache/Python/3.11.15/x64/bin
2026-06-23 04:41:26.978250   /opt/hostedtoolcache/Python/3.11.15/x64/lib/python311.zip
2026-06-23 04:41:27.028409   /opt/hostedtoolcache/Python/3.11.15/x64/lib/python3.11
2026-06-23 04:41:27.078623   /opt/hostedtoolcache/Python/3.11.15/x64/lib/python3.11/lib-dynload
2026-06-23 04:41:27.128760   /opt/hostedtoolcache/Python/3.11.15/x64/lib/python3.11/site-packages
2026-06-23 04:41:36.352979 TC22 Add To Cart From Recommended Items                               | FAIL |
2026-06-23 04:41:36.386035 Setup failed:
2026-06-23 04:41:36.386048 No keyword with name 'Open Browser' found.
2026-06-23 04:41:36.386056 
2026-06-23 04:41:36.386063 Also teardown failed:
2026-06-23 04:41:36.386070 Several failures occurred:
2026-06-23 04:41:36.386076 
2026-06-23 04:41:36.386083 1) No keyword with name 'Register Keyword To Run On Failure' found.
2026-06-23 04:41:36.386090 
2026-06-23 04:41:36.386097 2) No keyword with name 'Close Browser' found. Did you mean:
2026-06-23 04:41:36.386104     common.Close Test Browser
2026-06-23 04:41:36.386110 ------------------------------------------------------------------------------
2026-06-23 04:41:36.386116 Suites.Cart.TC22 add from recommended items :: TC22 - Add To Cart ... | FAIL |
2026-06-23 04:41:36.386600 1 test, 0 passed, 1 failed
2026-06-23 04:41:36.386613 ==============================================================================
2026-06-23 04:41:36.386621 Suites.Cart                                                           | FAIL |
2026-06-23 04:41:36.386889 1 test, 0 passed, 1 failed
2026-06-23 04:41:36.386907 ==============================================================================
2026-06-23 04:41:36.386949 Suites                                                                | FAIL |
2026-06-23 04:41:36.387156 1 test, 0 passed, 1 failed
2026-06-23 04:41:36.387163 ==============================================================================
2026-06-23 04:41:36.387170 Output:  /home/runner/work/engg-robot-testing-framework/engg-robot-testing-framework/reports/pabot_results/9/output.xml
