2026-08-10 02:41:32.069605 ==============================================================================
2026-08-10 02:41:32.110104 Suites
2026-08-10 02:41:32.110113 ==============================================================================
2026-08-10 02:41:32.110118 Suites.Cart
2026-08-10 02:41:32.110713 ==============================================================================
2026-08-10 02:41:32.110719 Suites.Cart.TC17 remove products from cart :: TC17 - Remove Products From Cart
2026-08-10 02:41:32.110719 [ ERROR ] Error in file '/home/runner/work/engg-robot-testing-framework/engg-robot-testing-framework/resources/common.resource' on line 4: Importing library 'playwright_keyword_library.PlaywrightKeywordLibrary' failed: ModuleNotFoundError: No module named 'playwright_keyword_library'
2026-08-10 02:41:32.138662 ==============================================================================
2026-08-10 02:41:32.138662 Traceback (most recent call last):
2026-08-10 02:41:32.138674   None
2026-08-10 02:41:32.188788 PYTHONPATH:
2026-08-10 02:41:32.238928   /opt/hostedtoolcache/Python/3.11.15/x64/bin
2026-08-10 02:41:32.289041   /opt/hostedtoolcache/Python/3.11.15/x64/lib/python311.zip
2026-08-10 02:41:32.339167   /opt/hostedtoolcache/Python/3.11.15/x64/lib/python3.11
2026-08-10 02:41:32.389249   /opt/hostedtoolcache/Python/3.11.15/x64/lib/python3.11/lib-dynload
2026-08-10 02:41:32.439359   /opt/hostedtoolcache/Python/3.11.15/x64/lib/python3.11/site-packages
2026-08-10 02:41:32.489463 [ ERROR ] Error in file '/home/runner/work/engg-robot-testing-framework/engg-robot-testing-framework/resources/product_keywords.resource' on line 2: Importing library 'playwright_keyword_library.PlaywrightKeywordLibrary' failed: ModuleNotFoundError: No module named 'playwright_keyword_library'
2026-08-10 02:41:32.539618 Traceback (most recent call last):
2026-08-10 02:41:32.589730   None
2026-08-10 02:41:32.639887 PYTHONPATH:
2026-08-10 02:41:32.690028   /opt/hostedtoolcache/Python/3.11.15/x64/bin
2026-08-10 02:41:32.740126   /opt/hostedtoolcache/Python/3.11.15/x64/lib/python311.zip
2026-08-10 02:41:32.790236   /opt/hostedtoolcache/Python/3.11.15/x64/lib/python3.11
2026-08-10 02:41:32.840364   /opt/hostedtoolcache/Python/3.11.15/x64/lib/python3.11/lib-dynload
2026-08-10 02:41:32.890465   /opt/hostedtoolcache/Python/3.11.15/x64/lib/python3.11/site-packages
2026-08-10 02:41:32.940579 [ ERROR ] Error in file '/home/runner/work/engg-robot-testing-framework/engg-robot-testing-framework/resources/cart_keywords.resource' on line 2: Importing library 'playwright_keyword_library.PlaywrightKeywordLibrary' failed: ModuleNotFoundError: No module named 'playwright_keyword_library'
2026-08-10 02:41:32.990690 Traceback (most recent call last):
2026-08-10 02:41:33.040816   None
2026-08-10 02:41:33.090920 PYTHONPATH:
2026-08-10 02:41:33.141038   /opt/hostedtoolcache/Python/3.11.15/x64/bin
2026-08-10 02:41:33.191121   /opt/hostedtoolcache/Python/3.11.15/x64/lib/python311.zip
2026-08-10 02:41:33.241245   /opt/hostedtoolcache/Python/3.11.15/x64/lib/python3.11
2026-08-10 02:41:33.291363   /opt/hostedtoolcache/Python/3.11.15/x64/lib/python3.11/lib-dynload
2026-08-10 02:41:33.341490   /opt/hostedtoolcache/Python/3.11.15/x64/lib/python3.11/site-packages
2026-08-10 02:41:42.111570 TC17 Remove Products From Cart                                        | FAIL |
2026-08-10 02:41:42.148487 Setup failed:
2026-08-10 02:41:42.148500 No keyword with name 'Open Browser' found.
2026-08-10 02:41:42.148506 
2026-08-10 02:41:42.148512 Also teardown failed:
2026-08-10 02:41:42.148517 Several failures occurred:
2026-08-10 02:41:42.148522 
2026-08-10 02:41:42.148528 1) No keyword with name 'Register Keyword To Run On Failure' found.
2026-08-10 02:41:42.148533 
2026-08-10 02:41:42.148538 2) No keyword with name 'Close Browser' found. Did you mean:
2026-08-10 02:41:42.148543     common.Close Test Browser
2026-08-10 02:41:42.148548 ------------------------------------------------------------------------------
2026-08-10 02:41:42.148553 Suites.Cart.TC17 remove products from cart :: TC17 - Remove Produc... | FAIL |
2026-08-10 02:41:42.148862 1 test, 0 passed, 1 failed
2026-08-10 02:41:42.148901 ==============================================================================
2026-08-10 02:41:42.148907 Suites.Cart                                                           | FAIL |
2026-08-10 02:41:42.149228 1 test, 0 passed, 1 failed
2026-08-10 02:41:42.149267 ==============================================================================
2026-08-10 02:41:42.149272 Suites                                                                | FAIL |
2026-08-10 02:41:42.149518 1 test, 0 passed, 1 failed
2026-08-10 02:41:42.149565 ==============================================================================
2026-08-10 02:41:42.149570 Output:  /home/runner/work/engg-robot-testing-framework/engg-robot-testing-framework/reports/pabot_results/7/output.xml
