2026-07-03 04:25:51.432259 ==============================================================================
2026-07-03 04:25:51.461369 Suites
2026-07-03 04:25:51.461390 ==============================================================================
2026-07-03 04:25:51.461404 Suites.Cart
2026-07-03 04:25:51.462378 ==============================================================================
2026-07-03 04:25:51.462396 Suites.Cart.TC13 verify product quantity :: TC13 - Verify Product Quantity ...
2026-07-03 04:25:51.462396 [ ERROR ] Error in file '/home/runner/work/engg-robot-testing-framework/engg-robot-testing-framework/resources/common.resource' on line 4: Importing library 'playwright_keyword_library.PlaywrightKeywordLibrary' failed: ModuleNotFoundError: No module named 'playwright_keyword_library'
2026-07-03 04:25:51.495845 ==============================================================================
2026-07-03 04:25:51.495845 Traceback (most recent call last):
2026-07-03 04:25:51.495872   None
2026-07-03 04:25:51.545982 PYTHONPATH:
2026-07-03 04:25:51.596099   /opt/hostedtoolcache/Python/3.11.15/x64/bin
2026-07-03 04:25:51.646219   /opt/hostedtoolcache/Python/3.11.15/x64/lib/python311.zip
2026-07-03 04:25:51.696320   /opt/hostedtoolcache/Python/3.11.15/x64/lib/python3.11
2026-07-03 04:25:51.746441   /opt/hostedtoolcache/Python/3.11.15/x64/lib/python3.11/lib-dynload
2026-07-03 04:25:51.796587   /opt/hostedtoolcache/Python/3.11.15/x64/lib/python3.11/site-packages
2026-07-03 04:25:51.846783 [ ERROR ] Error in file '/home/runner/work/engg-robot-testing-framework/engg-robot-testing-framework/resources/product_keywords.resource' on line 2: Importing library 'playwright_keyword_library.PlaywrightKeywordLibrary' failed: ModuleNotFoundError: No module named 'playwright_keyword_library'
2026-07-03 04:25:51.896926 Traceback (most recent call last):
2026-07-03 04:25:51.947115   None
2026-07-03 04:25:51.997243 PYTHONPATH:
2026-07-03 04:25:52.047426   /opt/hostedtoolcache/Python/3.11.15/x64/bin
2026-07-03 04:25:52.097607   /opt/hostedtoolcache/Python/3.11.15/x64/lib/python311.zip
2026-07-03 04:25:52.147779   /opt/hostedtoolcache/Python/3.11.15/x64/lib/python3.11
2026-07-03 04:25:52.197935   /opt/hostedtoolcache/Python/3.11.15/x64/lib/python3.11/lib-dynload
2026-07-03 04:25:52.248097   /opt/hostedtoolcache/Python/3.11.15/x64/lib/python3.11/site-packages
2026-07-03 04:25:52.298262 [ ERROR ] Error in file '/home/runner/work/engg-robot-testing-framework/engg-robot-testing-framework/resources/cart_keywords.resource' on line 2: Importing library 'playwright_keyword_library.PlaywrightKeywordLibrary' failed: ModuleNotFoundError: No module named 'playwright_keyword_library'
2026-07-03 04:25:52.348437 Traceback (most recent call last):
2026-07-03 04:25:52.398599   None
2026-07-03 04:25:52.448758 PYTHONPATH:
2026-07-03 04:25:52.498875   /opt/hostedtoolcache/Python/3.11.15/x64/bin
2026-07-03 04:25:52.549046   /opt/hostedtoolcache/Python/3.11.15/x64/lib/python311.zip
2026-07-03 04:25:52.599227   /opt/hostedtoolcache/Python/3.11.15/x64/lib/python3.11
2026-07-03 04:25:52.649361   /opt/hostedtoolcache/Python/3.11.15/x64/lib/python3.11/lib-dynload
2026-07-03 04:25:52.699518   /opt/hostedtoolcache/Python/3.11.15/x64/lib/python3.11/site-packages
2026-07-03 04:26:01.478726 TC13 Verify Product Quantity In Cart                                  | FAIL |
2026-07-03 04:26:01.507700 Setup failed:
2026-07-03 04:26:01.507745 No keyword with name 'Open Browser' found.
2026-07-03 04:26:01.507813 
2026-07-03 04:26:01.507834 Also teardown failed:
2026-07-03 04:26:01.507859 Several failures occurred:
2026-07-03 04:26:01.507876 
2026-07-03 04:26:01.507895 1) No keyword with name 'Register Keyword To Run On Failure' found.
2026-07-03 04:26:01.507913 
2026-07-03 04:26:01.507976 2) No keyword with name 'Close Browser' found. Did you mean:
2026-07-03 04:26:01.507996     common.Close Test Browser
2026-07-03 04:26:01.508012 ------------------------------------------------------------------------------
2026-07-03 04:26:01.508028 Suites.Cart.TC13 verify product quantity :: TC13 - Verify Product ... | FAIL |
2026-07-03 04:26:01.508497 1 test, 0 passed, 1 failed
2026-07-03 04:26:01.508525 ==============================================================================
2026-07-03 04:26:01.508611 Suites.Cart                                                           | FAIL |
2026-07-03 04:26:01.509075 1 test, 0 passed, 1 failed
2026-07-03 04:26:01.509094 ==============================================================================
2026-07-03 04:26:01.509111 Suites                                                                | FAIL |
2026-07-03 04:26:01.509435 1 test, 0 passed, 1 failed
2026-07-03 04:26:01.509518 ==============================================================================
2026-07-03 04:26:01.509536 Output:  /home/runner/work/engg-robot-testing-framework/engg-robot-testing-framework/reports/pabot_results/6/output.xml
