2026-07-26 04:06:11.384845 ==============================================================================
2026-07-26 04:06:11.415166 Suites
2026-07-26 04:06:11.415182 ==============================================================================
2026-07-26 04:06:11.415192 Suites.Cart
2026-07-26 04:06:11.415682 ==============================================================================
2026-07-26 04:06:11.415695 Suites.Cart.TC13 verify product quantity :: TC13 - Verify Product Quantity ...
2026-07-26 04:06:11.415695 [ ERROR ] Error in file '/home/runner/work/engg-robot-testing-framework/engg-robot-testing-framework/resources/common.resource' on line 4: Importing library 'playwright_keyword_library.PlaywrightKeywordLibrary' failed: ModuleNotFoundError: No module named 'playwright_keyword_library'
2026-07-26 04:06:11.436614 ==============================================================================
2026-07-26 04:06:11.436614 Traceback (most recent call last):
2026-07-26 04:06:11.436633   None
2026-07-26 04:06:11.486739 PYTHONPATH:
2026-07-26 04:06:11.536900   /opt/hostedtoolcache/Python/3.11.15/x64/bin
2026-07-26 04:06:11.587020   /opt/hostedtoolcache/Python/3.11.15/x64/lib/python311.zip
2026-07-26 04:06:11.637181   /opt/hostedtoolcache/Python/3.11.15/x64/lib/python3.11
2026-07-26 04:06:11.687295   /opt/hostedtoolcache/Python/3.11.15/x64/lib/python3.11/lib-dynload
2026-07-26 04:06:11.737447   /opt/hostedtoolcache/Python/3.11.15/x64/lib/python3.11/site-packages
2026-07-26 04:06:11.787586 [ ERROR ] Error in file '/home/runner/work/engg-robot-testing-framework/engg-robot-testing-framework/resources/product_keywords.resource' on line 2: Importing library 'playwright_keyword_library.PlaywrightKeywordLibrary' failed: ModuleNotFoundError: No module named 'playwright_keyword_library'
2026-07-26 04:06:11.837772 Traceback (most recent call last):
2026-07-26 04:06:11.887912   None
2026-07-26 04:06:11.938077 PYTHONPATH:
2026-07-26 04:06:11.988184   /opt/hostedtoolcache/Python/3.11.15/x64/bin
2026-07-26 04:06:12.038359   /opt/hostedtoolcache/Python/3.11.15/x64/lib/python311.zip
2026-07-26 04:06:12.088498   /opt/hostedtoolcache/Python/3.11.15/x64/lib/python3.11
2026-07-26 04:06:12.138666   /opt/hostedtoolcache/Python/3.11.15/x64/lib/python3.11/lib-dynload
2026-07-26 04:06:12.188827   /opt/hostedtoolcache/Python/3.11.15/x64/lib/python3.11/site-packages
2026-07-26 04:06:12.238986 [ ERROR ] Error in file '/home/runner/work/engg-robot-testing-framework/engg-robot-testing-framework/resources/cart_keywords.resource' on line 2: Importing library 'playwright_keyword_library.PlaywrightKeywordLibrary' failed: ModuleNotFoundError: No module named 'playwright_keyword_library'
2026-07-26 04:06:12.289127 Traceback (most recent call last):
2026-07-26 04:06:12.339290   None
2026-07-26 04:06:12.389432 PYTHONPATH:
2026-07-26 04:06:12.439600   /opt/hostedtoolcache/Python/3.11.15/x64/bin
2026-07-26 04:06:12.489739   /opt/hostedtoolcache/Python/3.11.15/x64/lib/python311.zip
2026-07-26 04:06:12.539907   /opt/hostedtoolcache/Python/3.11.15/x64/lib/python3.11
2026-07-26 04:06:12.590018   /opt/hostedtoolcache/Python/3.11.15/x64/lib/python3.11/lib-dynload
2026-07-26 04:06:12.640186   /opt/hostedtoolcache/Python/3.11.15/x64/lib/python3.11/site-packages
2026-07-26 04:06:21.412138 TC13 Verify Product Quantity In Cart                                  | FAIL |
2026-07-26 04:06:21.444868 Setup failed:
2026-07-26 04:06:21.444885 No keyword with name 'Open Browser' found.
2026-07-26 04:06:21.444897 
2026-07-26 04:06:21.444908 Also teardown failed:
2026-07-26 04:06:21.444918 Several failures occurred:
2026-07-26 04:06:21.444929 
2026-07-26 04:06:21.444938 1) No keyword with name 'Register Keyword To Run On Failure' found.
2026-07-26 04:06:21.444949 
2026-07-26 04:06:21.444958 2) No keyword with name 'Close Browser' found. Did you mean:
2026-07-26 04:06:21.444968     common.Close Test Browser
2026-07-26 04:06:21.444976 ------------------------------------------------------------------------------
2026-07-26 04:06:21.444985 Suites.Cart.TC13 verify product quantity :: TC13 - Verify Product ... | FAIL |
2026-07-26 04:06:21.445383 1 test, 0 passed, 1 failed
2026-07-26 04:06:21.445425 ==============================================================================
2026-07-26 04:06:21.445437 Suites.Cart                                                           | FAIL |
2026-07-26 04:06:21.445687 1 test, 0 passed, 1 failed
2026-07-26 04:06:21.445737 ==============================================================================
2026-07-26 04:06:21.445749 Suites                                                                | FAIL |
2026-07-26 04:06:21.445957 1 test, 0 passed, 1 failed
2026-07-26 04:06:21.445974 ==============================================================================
2026-07-26 04:06:21.446012 Output:  /home/runner/work/engg-robot-testing-framework/engg-robot-testing-framework/reports/pabot_results/6/output.xml
