2026-09-26 05:17:57.821144 ==============================================================================
2026-09-26 05:17:57.864861 Suites
2026-09-26 05:17:57.864877 ==============================================================================
2026-09-26 05:17:57.864889 Suites.Auth
2026-09-26 05:17:57.865504 ==============================================================================
2026-09-26 05:17:57.865517 Suites.Auth.TC01 register user
2026-09-26 05:17:57.865517 [ ERROR ] Error in file '/home/runner/work/engg-robot-testing-framework/engg-robot-testing-framework/tests/auth/TC01_register_user.robot' on line 2: Importing library 'playwright_keyword_library.PlaywrightKeywordLibrary' failed: ModuleNotFoundError: No module named 'playwright_keyword_library'
2026-09-26 05:17:57.879454 ==============================================================================
2026-09-26 05:17:57.879454 Traceback (most recent call last):
2026-09-26 05:17:57.879469   None
2026-09-26 05:17:57.929562 PYTHONPATH:
2026-09-26 05:17:57.979647   /opt/hostedtoolcache/Python/3.11.16/x64/bin
2026-09-26 05:17:58.029728   /opt/hostedtoolcache/Python/3.11.16/x64/lib/python311.zip
2026-09-26 05:17:58.079825   /opt/hostedtoolcache/Python/3.11.16/x64/lib/python3.11
2026-09-26 05:17:58.129902   /opt/hostedtoolcache/Python/3.11.16/x64/lib/python3.11/lib-dynload
2026-09-26 05:17:58.179975   /opt/hostedtoolcache/Python/3.11.16/x64/lib/python3.11/site-packages
2026-09-26 05:17:58.230052 [ ERROR ] Error in file '/home/runner/work/engg-robot-testing-framework/engg-robot-testing-framework/resources/auth_keywords.resource' on line 2: Importing library 'playwright_keyword_library.PlaywrightKeywordLibrary' failed: ModuleNotFoundError: No module named 'playwright_keyword_library'
2026-09-26 05:17:58.280129 Traceback (most recent call last):
2026-09-26 05:17:58.330208   None
2026-09-26 05:17:58.380280 PYTHONPATH:
2026-09-26 05:17:58.430359   /opt/hostedtoolcache/Python/3.11.16/x64/bin
2026-09-26 05:17:58.480432   /opt/hostedtoolcache/Python/3.11.16/x64/lib/python311.zip
2026-09-26 05:17:58.530505   /opt/hostedtoolcache/Python/3.11.16/x64/lib/python3.11
2026-09-26 05:17:58.580579   /opt/hostedtoolcache/Python/3.11.16/x64/lib/python3.11/lib-dynload
2026-09-26 05:17:58.630653   /opt/hostedtoolcache/Python/3.11.16/x64/lib/python3.11/site-packages
2026-09-26 05:17:58.680731 [ ERROR ] Error in file '/home/runner/work/engg-robot-testing-framework/engg-robot-testing-framework/resources/common.resource' on line 4: Importing library 'playwright_keyword_library.PlaywrightKeywordLibrary' failed: ModuleNotFoundError: No module named 'playwright_keyword_library'
2026-09-26 05:17:58.730782 Traceback (most recent call last):
2026-09-26 05:17:58.780853   None
2026-09-26 05:17:58.830927 PYTHONPATH:
2026-09-26 05:17:58.880999   /opt/hostedtoolcache/Python/3.11.16/x64/bin
2026-09-26 05:17:58.931071   /opt/hostedtoolcache/Python/3.11.16/x64/lib/python311.zip
2026-09-26 05:17:58.981144   /opt/hostedtoolcache/Python/3.11.16/x64/lib/python3.11
2026-09-26 05:17:59.031216   /opt/hostedtoolcache/Python/3.11.16/x64/lib/python3.11/lib-dynload
2026-09-26 05:17:59.081288   /opt/hostedtoolcache/Python/3.11.16/x64/lib/python3.11/site-packages
2026-09-26 05:18:07.855025 TC01 Register User                                                    | FAIL |
2026-09-26 05:18:07.887680 Setup failed:
2026-09-26 05:18:07.887694 No keyword with name 'Open Browser' found.
2026-09-26 05:18:07.887702 
2026-09-26 05:18:07.887709 Also teardown failed:
2026-09-26 05:18:07.887716 Several failures occurred:
2026-09-26 05:18:07.887723 
2026-09-26 05:18:07.887730 1) No keyword with name 'Register Keyword To Run On Failure' found.
2026-09-26 05:18:07.887738 
2026-09-26 05:18:07.887745 2) No keyword with name 'Close Browser' found. Did you mean:
2026-09-26 05:18:07.887753     common.Close Test Browser
2026-09-26 05:18:07.887779 ------------------------------------------------------------------------------
2026-09-26 05:18:07.887792 Suites.Auth.TC01 register user                                        | FAIL |
2026-09-26 05:18:07.888144 1 test, 0 passed, 1 failed
2026-09-26 05:18:07.888197 ==============================================================================
2026-09-26 05:18:07.888206 Suites.Auth                                                           | FAIL |
2026-09-26 05:18:07.888467 1 test, 0 passed, 1 failed
2026-09-26 05:18:07.888477 ==============================================================================
2026-09-26 05:18:07.888485 Suites                                                                | FAIL |
2026-09-26 05:18:07.888699 1 test, 0 passed, 1 failed
2026-09-26 05:18:07.888738 ==============================================================================
2026-09-26 05:18:07.888748 Output:  /home/runner/work/engg-robot-testing-framework/engg-robot-testing-framework/reports/pabot_results/0/output.xml
