2026-08-03 04:06:13.100872 ==============================================================================
2026-08-03 04:06:13.116535 Suites
2026-08-03 04:06:13.116556 ==============================================================================
2026-08-03 04:06:13.116572 Suites.Auth
2026-08-03 04:06:13.117422 ==============================================================================
2026-08-03 04:06:13.117453 Suites.Auth.TC04 logout user
2026-08-03 04:06:13.117453 [ ERROR ] Error in file '/home/runner/work/engg-robot-testing-framework/engg-robot-testing-framework/tests/auth/TC04_logout_user.robot' on line 2: Importing library 'playwright_keyword_library.PlaywrightKeywordLibrary' failed: ModuleNotFoundError: No module named 'playwright_keyword_library'
2026-08-03 04:06:13.136586 ==============================================================================
2026-08-03 04:06:13.136586 Traceback (most recent call last):
2026-08-03 04:06:13.136611   None
2026-08-03 04:06:13.186719 PYTHONPATH:
2026-08-03 04:06:13.236810   /opt/hostedtoolcache/Python/3.11.15/x64/bin
2026-08-03 04:06:13.286905   /opt/hostedtoolcache/Python/3.11.15/x64/lib/python311.zip
2026-08-03 04:06:13.336994   /opt/hostedtoolcache/Python/3.11.15/x64/lib/python3.11
2026-08-03 04:06:13.387090   /opt/hostedtoolcache/Python/3.11.15/x64/lib/python3.11/lib-dynload
2026-08-03 04:06:13.437273   /opt/hostedtoolcache/Python/3.11.15/x64/lib/python3.11/site-packages
2026-08-03 04:06:13.487425 [ ERROR ] Error in file '/home/runner/work/engg-robot-testing-framework/engg-robot-testing-framework/resources/auth_keywords.resource' on line 2: Importing library 'playwright_keyword_library.PlaywrightKeywordLibrary' failed: ModuleNotFoundError: No module named 'playwright_keyword_library'
2026-08-03 04:06:13.537537 Traceback (most recent call last):
2026-08-03 04:06:13.587709   None
2026-08-03 04:06:13.637840 PYTHONPATH:
2026-08-03 04:06:13.687989   /opt/hostedtoolcache/Python/3.11.15/x64/bin
2026-08-03 04:06:13.738133   /opt/hostedtoolcache/Python/3.11.15/x64/lib/python311.zip
2026-08-03 04:06:13.788284   /opt/hostedtoolcache/Python/3.11.15/x64/lib/python3.11
2026-08-03 04:06:13.838724   /opt/hostedtoolcache/Python/3.11.15/x64/lib/python3.11/lib-dynload
2026-08-03 04:06:13.888861   /opt/hostedtoolcache/Python/3.11.15/x64/lib/python3.11/site-packages
2026-08-03 04:06:13.939013 [ ERROR ] Error in file '/home/runner/work/engg-robot-testing-framework/engg-robot-testing-framework/resources/common.resource' on line 4: Importing library 'playwright_keyword_library.PlaywrightKeywordLibrary' failed: ModuleNotFoundError: No module named 'playwright_keyword_library'
2026-08-03 04:06:13.989157 Traceback (most recent call last):
2026-08-03 04:06:14.039294   None
2026-08-03 04:06:14.089448 PYTHONPATH:
2026-08-03 04:06:14.139597   /opt/hostedtoolcache/Python/3.11.15/x64/bin
2026-08-03 04:06:14.189750   /opt/hostedtoolcache/Python/3.11.15/x64/lib/python311.zip
2026-08-03 04:06:14.239901   /opt/hostedtoolcache/Python/3.11.15/x64/lib/python3.11
2026-08-03 04:06:14.290054   /opt/hostedtoolcache/Python/3.11.15/x64/lib/python3.11/lib-dynload
2026-08-03 04:06:14.340137   /opt/hostedtoolcache/Python/3.11.15/x64/lib/python3.11/site-packages
2026-08-03 04:06:23.113833 TC04 Logout User                                                      | FAIL |
2026-08-03 04:06:23.146406 Setup failed:
2026-08-03 04:06:23.146427 No keyword with name 'Open Browser' found.
2026-08-03 04:06:23.146454 
2026-08-03 04:06:23.146478 Also teardown failed:
2026-08-03 04:06:23.146502 Several failures occurred:
2026-08-03 04:06:23.146524 
2026-08-03 04:06:23.146546 1) No keyword with name 'Register Keyword To Run On Failure' found.
2026-08-03 04:06:23.146566 
2026-08-03 04:06:23.146586 2) No keyword with name 'Close Browser' found. Did you mean:
2026-08-03 04:06:23.146607     common.Close Test Browser
2026-08-03 04:06:23.146629 ------------------------------------------------------------------------------
2026-08-03 04:06:23.146650 Suites.Auth.TC04 logout user                                          | FAIL |
2026-08-03 04:06:23.147208 1 test, 0 passed, 1 failed
2026-08-03 04:06:23.147278 ==============================================================================
2026-08-03 04:06:23.147295 Suites.Auth                                                           | FAIL |
2026-08-03 04:06:23.147740 1 test, 0 passed, 1 failed
2026-08-03 04:06:23.147762 ==============================================================================
2026-08-03 04:06:23.147778 Suites                                                                | FAIL |
2026-08-03 04:06:23.148126 1 test, 0 passed, 1 failed
2026-08-03 04:06:23.148187 ==============================================================================
2026-08-03 04:06:23.148227 Output:  /home/runner/work/engg-robot-testing-framework/engg-robot-testing-framework/reports/pabot_results/3/output.xml
