2026-09-03 04:52:58.437781 ==============================================================================
2026-09-03 04:52:58.450654 Suites
2026-09-03 04:52:58.450699 ==============================================================================
2026-09-03 04:52:58.450713 Suites.Cart
2026-09-03 04:52:58.451494 ==============================================================================
2026-09-03 04:52:58.451510 Suites.Cart.TC22 add from recommended items :: TC22 - Add To Cart From Reco...
2026-09-03 04:52:58.451510 [ ERROR ] Error in file '/home/runner/work/engg-robot-testing-framework/engg-robot-testing-framework/resources/common.resource' on line 4: Importing library 'playwright_keyword_library.PlaywrightKeywordLibrary' failed: ModuleNotFoundError: No module named 'playwright_keyword_library'
2026-09-03 04:52:58.472409 ==============================================================================
2026-09-03 04:52:58.472409 Traceback (most recent call last):
2026-09-03 04:52:58.472432   None
2026-09-03 04:52:58.522567 PYTHONPATH:
2026-09-03 04:52:58.572749   /opt/hostedtoolcache/Python/3.11.16/x64/bin
2026-09-03 04:52:58.622923   /opt/hostedtoolcache/Python/3.11.16/x64/lib/python311.zip
2026-09-03 04:52:58.673097   /opt/hostedtoolcache/Python/3.11.16/x64/lib/python3.11
2026-09-03 04:52:58.723239   /opt/hostedtoolcache/Python/3.11.16/x64/lib/python3.11/lib-dynload
2026-09-03 04:52:58.773411   /opt/hostedtoolcache/Python/3.11.16/x64/lib/python3.11/site-packages
2026-09-03 04:52:58.823585 [ ERROR ] Error in file '/home/runner/work/engg-robot-testing-framework/engg-robot-testing-framework/resources/cart_keywords.resource' on line 2: Importing library 'playwright_keyword_library.PlaywrightKeywordLibrary' failed: ModuleNotFoundError: No module named 'playwright_keyword_library'
2026-09-03 04:52:58.873766 Traceback (most recent call last):
2026-09-03 04:52:58.923934   None
2026-09-03 04:52:58.974115 PYTHONPATH:
2026-09-03 04:52:59.024283   /opt/hostedtoolcache/Python/3.11.16/x64/bin
2026-09-03 04:52:59.074466   /opt/hostedtoolcache/Python/3.11.16/x64/lib/python311.zip
2026-09-03 04:52:59.124638   /opt/hostedtoolcache/Python/3.11.16/x64/lib/python3.11
2026-09-03 04:52:59.174843   /opt/hostedtoolcache/Python/3.11.16/x64/lib/python3.11/lib-dynload
2026-09-03 04:52:59.225021   /opt/hostedtoolcache/Python/3.11.16/x64/lib/python3.11/site-packages
2026-09-03 04:53:08.448787 TC22 Add To Cart From Recommended Items                               | FAIL |
2026-09-03 04:53:08.482350 Setup failed:
2026-09-03 04:53:08.482364 No keyword with name 'Open Browser' found.
2026-09-03 04:53:08.482372 
2026-09-03 04:53:08.482379 Also teardown failed:
2026-09-03 04:53:08.482386 Several failures occurred:
2026-09-03 04:53:08.482393 
2026-09-03 04:53:08.482400 1) No keyword with name 'Register Keyword To Run On Failure' found.
2026-09-03 04:53:08.482407 
2026-09-03 04:53:08.482414 2) No keyword with name 'Close Browser' found. Did you mean:
2026-09-03 04:53:08.482421     common.Close Test Browser
2026-09-03 04:53:08.482428 ------------------------------------------------------------------------------
2026-09-03 04:53:08.482434 Suites.Cart.TC22 add from recommended items :: TC22 - Add To Cart ... | FAIL |
2026-09-03 04:53:08.482913 1 test, 0 passed, 1 failed
2026-09-03 04:53:08.482930 ==============================================================================
2026-09-03 04:53:08.482942 Suites.Cart                                                           | FAIL |
2026-09-03 04:53:08.483257 1 test, 0 passed, 1 failed
2026-09-03 04:53:08.483280 ==============================================================================
2026-09-03 04:53:08.483323 Suites                                                                | FAIL |
2026-09-03 04:53:08.483566 1 test, 0 passed, 1 failed
2026-09-03 04:53:08.483585 ==============================================================================
2026-09-03 04:53:08.483624 Output:  /home/runner/work/engg-robot-testing-framework/engg-robot-testing-framework/reports/pabot_results/9/output.xml
