2026-09-18 05:01:07.039347 ==============================================================================
2026-09-18 05:01:07.051946 Suites
2026-09-18 05:01:07.051966 ==============================================================================
2026-09-18 05:01:07.051981 Suites.Cart
2026-09-18 05:01:07.052851 ==============================================================================
2026-09-18 05:01:07.052870 Suites.Cart.TC20 search and verify cart after login :: TC20 - Search Produc...
2026-09-18 05:01:07.052870 [ ERROR ] Error in file '/home/runner/work/engg-robot-testing-framework/engg-robot-testing-framework/tests/cart/TC20_search_and_verify_cart_after_login.robot' on line 3: Importing library 'playwright_keyword_library.PlaywrightKeywordLibrary' failed: ModuleNotFoundError: No module named 'playwright_keyword_library'
2026-09-18 05:01:07.087922 ==============================================================================
2026-09-18 05:01:07.087922 Traceback (most recent call last):
2026-09-18 05:01:07.087941   None
2026-09-18 05:01:07.138055 PYTHONPATH:
2026-09-18 05:01:07.188165   /opt/hostedtoolcache/Python/3.11.16/x64/bin
2026-09-18 05:01:07.238304   /opt/hostedtoolcache/Python/3.11.16/x64/lib/python311.zip
2026-09-18 05:01:07.288427   /opt/hostedtoolcache/Python/3.11.16/x64/lib/python3.11
2026-09-18 05:01:07.338555   /opt/hostedtoolcache/Python/3.11.16/x64/lib/python3.11/lib-dynload
2026-09-18 05:01:07.388698   /opt/hostedtoolcache/Python/3.11.16/x64/lib/python3.11/site-packages
2026-09-18 05:01:07.438854 [ ERROR ] Error in file '/home/runner/work/engg-robot-testing-framework/engg-robot-testing-framework/resources/common.resource' on line 4: Importing library 'playwright_keyword_library.PlaywrightKeywordLibrary' failed: ModuleNotFoundError: No module named 'playwright_keyword_library'
2026-09-18 05:01:07.488997 Traceback (most recent call last):
2026-09-18 05:01:07.539134   None
2026-09-18 05:01:07.589267 PYTHONPATH:
2026-09-18 05:01:07.639410   /opt/hostedtoolcache/Python/3.11.16/x64/bin
2026-09-18 05:01:07.689574   /opt/hostedtoolcache/Python/3.11.16/x64/lib/python311.zip
2026-09-18 05:01:07.739730   /opt/hostedtoolcache/Python/3.11.16/x64/lib/python3.11
2026-09-18 05:01:07.789872   /opt/hostedtoolcache/Python/3.11.16/x64/lib/python3.11/lib-dynload
2026-09-18 05:01:07.839982   /opt/hostedtoolcache/Python/3.11.16/x64/lib/python3.11/site-packages
2026-09-18 05:01:07.890084 [ ERROR ] Error in file '/home/runner/work/engg-robot-testing-framework/engg-robot-testing-framework/resources/product_keywords.resource' on line 2: Importing library 'playwright_keyword_library.PlaywrightKeywordLibrary' failed: ModuleNotFoundError: No module named 'playwright_keyword_library'
2026-09-18 05:01:07.940193 Traceback (most recent call last):
2026-09-18 05:01:07.990363   None
2026-09-18 05:01:08.040494 PYTHONPATH:
2026-09-18 05:01:08.090651   /opt/hostedtoolcache/Python/3.11.16/x64/bin
2026-09-18 05:01:08.140815   /opt/hostedtoolcache/Python/3.11.16/x64/lib/python311.zip
2026-09-18 05:01:08.191017   /opt/hostedtoolcache/Python/3.11.16/x64/lib/python3.11
2026-09-18 05:01:08.241178   /opt/hostedtoolcache/Python/3.11.16/x64/lib/python3.11/lib-dynload
2026-09-18 05:01:08.291325   /opt/hostedtoolcache/Python/3.11.16/x64/lib/python3.11/site-packages
2026-09-18 05:01:08.341472 [ ERROR ] Error in file '/home/runner/work/engg-robot-testing-framework/engg-robot-testing-framework/resources/cart_keywords.resource' on line 2: Importing library 'playwright_keyword_library.PlaywrightKeywordLibrary' failed: ModuleNotFoundError: No module named 'playwright_keyword_library'
2026-09-18 05:01:08.391619 Traceback (most recent call last):
2026-09-18 05:01:08.441768   None
2026-09-18 05:01:08.491917 PYTHONPATH:
2026-09-18 05:01:08.542054   /opt/hostedtoolcache/Python/3.11.16/x64/bin
2026-09-18 05:01:08.592187   /opt/hostedtoolcache/Python/3.11.16/x64/lib/python311.zip
2026-09-18 05:01:08.642317   /opt/hostedtoolcache/Python/3.11.16/x64/lib/python3.11
2026-09-18 05:01:08.692466   /opt/hostedtoolcache/Python/3.11.16/x64/lib/python3.11/lib-dynload
2026-09-18 05:01:08.742589   /opt/hostedtoolcache/Python/3.11.16/x64/lib/python3.11/site-packages
2026-09-18 05:01:08.792728 [ ERROR ] Error in file '/home/runner/work/engg-robot-testing-framework/engg-robot-testing-framework/resources/auth_keywords.resource' on line 2: Importing library 'playwright_keyword_library.PlaywrightKeywordLibrary' failed: ModuleNotFoundError: No module named 'playwright_keyword_library'
2026-09-18 05:01:08.842860 Traceback (most recent call last):
2026-09-18 05:01:08.892991   None
2026-09-18 05:01:08.943141 PYTHONPATH:
2026-09-18 05:01:08.993286   /opt/hostedtoolcache/Python/3.11.16/x64/bin
2026-09-18 05:01:09.043434   /opt/hostedtoolcache/Python/3.11.16/x64/lib/python311.zip
2026-09-18 05:01:09.093582   /opt/hostedtoolcache/Python/3.11.16/x64/lib/python3.11
2026-09-18 05:01:09.143726   /opt/hostedtoolcache/Python/3.11.16/x64/lib/python3.11/lib-dynload
2026-09-18 05:01:09.193873   /opt/hostedtoolcache/Python/3.11.16/x64/lib/python3.11/site-packages
2026-09-18 05:01:17.062863 TC20 Search Products And Verify Cart After Login                      | FAIL |
2026-09-18 05:01:17.099264 Setup failed:
2026-09-18 05:01:17.099283 No keyword with name 'Open Browser' found.
2026-09-18 05:01:17.099298 
2026-09-18 05:01:17.099312 Also teardown failed:
2026-09-18 05:01:17.099327 Several failures occurred:
2026-09-18 05:01:17.099340 
2026-09-18 05:01:17.099353 1) No keyword with name 'Register Keyword To Run On Failure' found.
2026-09-18 05:01:17.099366 
2026-09-18 05:01:17.099377 2) No keyword with name 'Close Browser' found. Did you mean:
2026-09-18 05:01:17.099388     common.Close Test Browser
2026-09-18 05:01:17.099400 ------------------------------------------------------------------------------
2026-09-18 05:01:17.099412 Suites.Cart.TC20 search and verify cart after login :: TC20 - Sear... | FAIL |
2026-09-18 05:01:17.099995 1 test, 0 passed, 1 failed
2026-09-18 05:01:17.100020 ==============================================================================
2026-09-18 05:01:17.100076 Suites.Cart                                                           | FAIL |
2026-09-18 05:01:17.100415 1 test, 0 passed, 1 failed
2026-09-18 05:01:17.100439 ==============================================================================
2026-09-18 05:01:17.100493 Suites                                                                | FAIL |
2026-09-18 05:01:17.100829 1 test, 0 passed, 1 failed
2026-09-18 05:01:17.100845 ==============================================================================
2026-09-18 05:01:17.100857 Output:  /home/runner/work/engg-robot-testing-framework/engg-robot-testing-framework/reports/pabot_results/8/output.xml
