2026-07-18 03:41:32.210360 ==============================================================================
2026-07-18 03:41:32.225982 Suites
2026-07-18 03:41:32.226000 ==============================================================================
2026-07-18 03:41:32.226013 Suites.Auth
2026-07-18 03:41:32.226741 ==============================================================================
2026-07-18 03:41:32.226757 Suites.Auth.TC05 register existing email
2026-07-18 03:41:32.226757 [ ERROR ] Error in file '/home/runner/work/engg-robot-testing-framework/engg-robot-testing-framework/tests/auth/TC05_register_existing_email.robot' on line 2: Importing library 'playwright_keyword_library.PlaywrightKeywordLibrary' failed: ModuleNotFoundError: No module named 'playwright_keyword_library'
2026-07-18 03:41:32.243400 ==============================================================================
2026-07-18 03:41:32.243400 Traceback (most recent call last):
2026-07-18 03:41:32.243423   None
2026-07-18 03:41:32.293548 PYTHONPATH:
2026-07-18 03:41:32.343718   /opt/hostedtoolcache/Python/3.11.15/x64/bin
2026-07-18 03:41:32.393842   /opt/hostedtoolcache/Python/3.11.15/x64/lib/python311.zip
2026-07-18 03:41:32.444006   /opt/hostedtoolcache/Python/3.11.15/x64/lib/python3.11
2026-07-18 03:41:32.494163   /opt/hostedtoolcache/Python/3.11.15/x64/lib/python3.11/lib-dynload
2026-07-18 03:41:32.544311   /opt/hostedtoolcache/Python/3.11.15/x64/lib/python3.11/site-packages
2026-07-18 03:41:32.594446 [ ERROR ] Error in file '/home/runner/work/engg-robot-testing-framework/engg-robot-testing-framework/resources/auth_keywords.resource' on line 2: Importing library 'playwright_keyword_library.PlaywrightKeywordLibrary' failed: ModuleNotFoundError: No module named 'playwright_keyword_library'
2026-07-18 03:41:32.644638 Traceback (most recent call last):
2026-07-18 03:41:32.694805   None
2026-07-18 03:41:32.744971 PYTHONPATH:
2026-07-18 03:41:32.795117   /opt/hostedtoolcache/Python/3.11.15/x64/bin
2026-07-18 03:41:32.845286   /opt/hostedtoolcache/Python/3.11.15/x64/lib/python311.zip
2026-07-18 03:41:32.895426   /opt/hostedtoolcache/Python/3.11.15/x64/lib/python3.11
2026-07-18 03:41:32.945593   /opt/hostedtoolcache/Python/3.11.15/x64/lib/python3.11/lib-dynload
2026-07-18 03:41:32.995777   /opt/hostedtoolcache/Python/3.11.15/x64/lib/python3.11/site-packages
2026-07-18 03:41:33.045949 [ ERROR ] Error in file '/home/runner/work/engg-robot-testing-framework/engg-robot-testing-framework/resources/common.resource' on line 4: Importing library 'playwright_keyword_library.PlaywrightKeywordLibrary' failed: ModuleNotFoundError: No module named 'playwright_keyword_library'
2026-07-18 03:41:33.096088 Traceback (most recent call last):
2026-07-18 03:41:33.146253   None
2026-07-18 03:41:33.196415 PYTHONPATH:
2026-07-18 03:41:33.246584   /opt/hostedtoolcache/Python/3.11.15/x64/bin
2026-07-18 03:41:33.296746   /opt/hostedtoolcache/Python/3.11.15/x64/lib/python311.zip
2026-07-18 03:41:33.346912   /opt/hostedtoolcache/Python/3.11.15/x64/lib/python3.11
2026-07-18 03:41:33.397044   /opt/hostedtoolcache/Python/3.11.15/x64/lib/python3.11/lib-dynload
2026-07-18 03:41:33.447206   /opt/hostedtoolcache/Python/3.11.15/x64/lib/python3.11/site-packages
2026-07-18 03:41:42.219483 TC05 Register User With Existing Email                                | FAIL |
2026-07-18 03:41:42.252684 Setup failed:
2026-07-18 03:41:42.252702 No keyword with name 'Open Browser' found.
2026-07-18 03:41:42.252715 
2026-07-18 03:41:42.252726 Also teardown failed:
2026-07-18 03:41:42.252737 Several failures occurred:
2026-07-18 03:41:42.252747 
2026-07-18 03:41:42.252757 1) No keyword with name 'Register Keyword To Run On Failure' found.
2026-07-18 03:41:42.252768 
2026-07-18 03:41:42.252777 2) No keyword with name 'Close Browser' found. Did you mean:
2026-07-18 03:41:42.252787     common.Close Test Browser
2026-07-18 03:41:42.252797 ------------------------------------------------------------------------------
2026-07-18 03:41:42.252806 Suites.Auth.TC05 register existing email                              | FAIL |
2026-07-18 03:41:42.253272 1 test, 0 passed, 1 failed
2026-07-18 03:41:42.253325 ==============================================================================
2026-07-18 03:41:42.253337 Suites.Auth                                                           | FAIL |
2026-07-18 03:41:42.253639 1 test, 0 passed, 1 failed
2026-07-18 03:41:42.253692 ==============================================================================
2026-07-18 03:41:42.253704 Suites                                                                | FAIL |
2026-07-18 03:41:42.253985 1 test, 0 passed, 1 failed
2026-07-18 03:41:42.254000 ==============================================================================
2026-07-18 03:41:42.254011 Output:  /home/runner/work/engg-robot-testing-framework/engg-robot-testing-framework/reports/pabot_results/4/output.xml
