2026-07-01 05:05:18.157247 ==============================================================================
2026-07-01 05:05:18.171647 Suites
2026-07-01 05:05:18.171668 ==============================================================================
2026-07-01 05:05:18.171682 Suites.Auth
2026-07-01 05:05:18.172479 ==============================================================================
2026-07-01 05:05:18.172505 Suites.Auth.TC01 register user
2026-07-01 05:05:18.172505 [ ERROR ] Error in file '/home/runner/work/engg-robot-testing-framework/engg-robot-testing-framework/tests/auth/TC01_register_user.robot' on line 2: Importing library 'playwright_keyword_library.PlaywrightKeywordLibrary' failed: ModuleNotFoundError: No module named 'playwright_keyword_library'
2026-07-01 05:05:18.190443 ==============================================================================
2026-07-01 05:05:18.190443 Traceback (most recent call last):
2026-07-01 05:05:18.190468   None
2026-07-01 05:05:18.240615 PYTHONPATH:
2026-07-01 05:05:18.290817   /opt/hostedtoolcache/Python/3.11.15/x64/bin
2026-07-01 05:05:18.341006   /opt/hostedtoolcache/Python/3.11.15/x64/lib/python311.zip
2026-07-01 05:05:18.391217   /opt/hostedtoolcache/Python/3.11.15/x64/lib/python3.11
2026-07-01 05:05:18.441410   /opt/hostedtoolcache/Python/3.11.15/x64/lib/python3.11/lib-dynload
2026-07-01 05:05:18.491631   /opt/hostedtoolcache/Python/3.11.15/x64/lib/python3.11/site-packages
2026-07-01 05:05:18.541797 [ ERROR ] Error in file '/home/runner/work/engg-robot-testing-framework/engg-robot-testing-framework/resources/auth_keywords.resource' on line 2: Importing library 'playwright_keyword_library.PlaywrightKeywordLibrary' failed: ModuleNotFoundError: No module named 'playwright_keyword_library'
2026-07-01 05:05:18.592013 Traceback (most recent call last):
2026-07-01 05:05:18.642230   None
2026-07-01 05:05:18.692526 PYTHONPATH:
2026-07-01 05:05:18.742715   /opt/hostedtoolcache/Python/3.11.15/x64/bin
2026-07-01 05:05:18.793047   /opt/hostedtoolcache/Python/3.11.15/x64/lib/python311.zip
2026-07-01 05:05:18.843250   /opt/hostedtoolcache/Python/3.11.15/x64/lib/python3.11
2026-07-01 05:05:18.893520   /opt/hostedtoolcache/Python/3.11.15/x64/lib/python3.11/lib-dynload
2026-07-01 05:05:18.943782   /opt/hostedtoolcache/Python/3.11.15/x64/lib/python3.11/site-packages
2026-07-01 05:05:18.993990 [ ERROR ] Error in file '/home/runner/work/engg-robot-testing-framework/engg-robot-testing-framework/resources/common.resource' on line 4: Importing library 'playwright_keyword_library.PlaywrightKeywordLibrary' failed: ModuleNotFoundError: No module named 'playwright_keyword_library'
2026-07-01 05:05:19.044256 Traceback (most recent call last):
2026-07-01 05:05:19.094474   None
2026-07-01 05:05:19.144742 PYTHONPATH:
2026-07-01 05:05:19.195007   /opt/hostedtoolcache/Python/3.11.15/x64/bin
2026-07-01 05:05:19.245227   /opt/hostedtoolcache/Python/3.11.15/x64/lib/python311.zip
2026-07-01 05:05:19.295419   /opt/hostedtoolcache/Python/3.11.15/x64/lib/python3.11
2026-07-01 05:05:19.345634   /opt/hostedtoolcache/Python/3.11.15/x64/lib/python3.11/lib-dynload
2026-07-01 05:05:19.395935   /opt/hostedtoolcache/Python/3.11.15/x64/lib/python3.11/site-packages
2026-07-01 05:05:28.173508 TC01 Register User                                                    | FAIL |
2026-07-01 05:05:28.199865 Setup failed:
2026-07-01 05:05:28.199895 No keyword with name 'Open Browser' found.
2026-07-01 05:05:28.199910 
2026-07-01 05:05:28.200011 Also teardown failed:
2026-07-01 05:05:28.200031 Several failures occurred:
2026-07-01 05:05:28.200166 
2026-07-01 05:05:28.200187 1) No keyword with name 'Register Keyword To Run On Failure' found.
2026-07-01 05:05:28.200234 
2026-07-01 05:05:28.200247 2) No keyword with name 'Close Browser' found. Did you mean:
2026-07-01 05:05:28.200259     common.Close Test Browser
2026-07-01 05:05:28.200270 ------------------------------------------------------------------------------
2026-07-01 05:05:28.200285 Suites.Auth.TC01 register user                                        | FAIL |
2026-07-01 05:05:28.200516 1 test, 0 passed, 1 failed
2026-07-01 05:05:28.200610 ==============================================================================
2026-07-01 05:05:28.200706 Suites.Auth                                                           | FAIL |
2026-07-01 05:05:28.201089 1 test, 0 passed, 1 failed
2026-07-01 05:05:28.201146 ==============================================================================
2026-07-01 05:05:28.201158 Suites                                                                | FAIL |
2026-07-01 05:05:28.201468 1 test, 0 passed, 1 failed
2026-07-01 05:05:28.201523 ==============================================================================
2026-07-01 05:05:28.201534 Output:  /home/runner/work/engg-robot-testing-framework/engg-robot-testing-framework/reports/pabot_results/0/output.xml
