2026-08-04 03:48:54.156298 ==============================================================================
2026-08-04 03:48:54.165693 Suites
2026-08-04 03:48:54.165704 ==============================================================================
2026-08-04 03:48:54.165711 Suites.Auth
2026-08-04 03:48:54.166202 ==============================================================================
2026-08-04 03:48:54.166210 Suites.Auth.TC03 login invalid
2026-08-04 03:48:54.166210 [ ERROR ] Error in file '/home/runner/work/engg-robot-testing-framework/engg-robot-testing-framework/tests/auth/TC03_login_invalid.robot' on line 2: Importing library 'playwright_keyword_library.PlaywrightKeywordLibrary' failed: ModuleNotFoundError: No module named 'playwright_keyword_library'
2026-08-04 03:48:54.177405 ==============================================================================
2026-08-04 03:48:54.177405 Traceback (most recent call last):
2026-08-04 03:48:54.177419   None
2026-08-04 03:48:54.227525 PYTHONPATH:
2026-08-04 03:48:54.277631   /opt/hostedtoolcache/Python/3.11.15/x64/bin
2026-08-04 03:48:54.327739   /opt/hostedtoolcache/Python/3.11.15/x64/lib/python311.zip
2026-08-04 03:48:54.377850   /opt/hostedtoolcache/Python/3.11.15/x64/lib/python3.11
2026-08-04 03:48:54.427984   /opt/hostedtoolcache/Python/3.11.15/x64/lib/python3.11/lib-dynload
2026-08-04 03:48:54.478126   /opt/hostedtoolcache/Python/3.11.15/x64/lib/python3.11/site-packages
2026-08-04 03:48:54.528259 [ ERROR ] Error in file '/home/runner/work/engg-robot-testing-framework/engg-robot-testing-framework/resources/auth_keywords.resource' on line 2: Importing library 'playwright_keyword_library.PlaywrightKeywordLibrary' failed: ModuleNotFoundError: No module named 'playwright_keyword_library'
2026-08-04 03:48:54.578420 Traceback (most recent call last):
2026-08-04 03:48:54.628555   None
2026-08-04 03:48:54.678693 PYTHONPATH:
2026-08-04 03:48:54.728853   /opt/hostedtoolcache/Python/3.11.15/x64/bin
2026-08-04 03:48:54.778972   /opt/hostedtoolcache/Python/3.11.15/x64/lib/python311.zip
2026-08-04 03:48:54.829100   /opt/hostedtoolcache/Python/3.11.15/x64/lib/python3.11
2026-08-04 03:48:54.879233   /opt/hostedtoolcache/Python/3.11.15/x64/lib/python3.11/lib-dynload
2026-08-04 03:48:54.929376   /opt/hostedtoolcache/Python/3.11.15/x64/lib/python3.11/site-packages
2026-08-04 03:48:54.979508 [ ERROR ] Error in file '/home/runner/work/engg-robot-testing-framework/engg-robot-testing-framework/resources/common.resource' on line 4: Importing library 'playwright_keyword_library.PlaywrightKeywordLibrary' failed: ModuleNotFoundError: No module named 'playwright_keyword_library'
2026-08-04 03:48:55.029620 Traceback (most recent call last):
2026-08-04 03:48:55.079719   None
2026-08-04 03:48:55.129820 PYTHONPATH:
2026-08-04 03:48:55.179910   /opt/hostedtoolcache/Python/3.11.15/x64/bin
2026-08-04 03:48:55.230007   /opt/hostedtoolcache/Python/3.11.15/x64/lib/python311.zip
2026-08-04 03:48:55.280109   /opt/hostedtoolcache/Python/3.11.15/x64/lib/python3.11
2026-08-04 03:48:55.330232   /opt/hostedtoolcache/Python/3.11.15/x64/lib/python3.11/lib-dynload
2026-08-04 03:48:55.380411   /opt/hostedtoolcache/Python/3.11.15/x64/lib/python3.11/site-packages
2026-08-04 03:49:04.148246 TC03 Login User With Incorrect Email And Password                     | FAIL |
2026-08-04 03:49:04.184202 Setup failed:
2026-08-04 03:49:04.184212 No keyword with name 'Open Browser' found.
2026-08-04 03:49:04.184219 
2026-08-04 03:49:04.184225 Also teardown failed:
2026-08-04 03:49:04.184231 Several failures occurred:
2026-08-04 03:49:04.184238 
2026-08-04 03:49:04.184245 1) No keyword with name 'Register Keyword To Run On Failure' found.
2026-08-04 03:49:04.184252 
2026-08-04 03:49:04.184258 2) No keyword with name 'Close Browser' found. Did you mean:
2026-08-04 03:49:04.184264     common.Close Test Browser
2026-08-04 03:49:04.184270 ------------------------------------------------------------------------------
2026-08-04 03:49:04.184275 Suites.Auth.TC03 login invalid                                        | FAIL |
2026-08-04 03:49:04.184782 1 test, 0 passed, 1 failed
2026-08-04 03:49:04.184794 ==============================================================================
2026-08-04 03:49:04.184801 Suites.Auth                                                           | FAIL |
2026-08-04 03:49:04.185099 1 test, 0 passed, 1 failed
2026-08-04 03:49:04.185107 ==============================================================================
2026-08-04 03:49:04.185114 Suites                                                                | FAIL |
2026-08-04 03:49:04.185371 1 test, 0 passed, 1 failed
2026-08-04 03:49:04.185387 ==============================================================================
2026-08-04 03:49:04.185395 Output:  /home/runner/work/engg-robot-testing-framework/engg-robot-testing-framework/reports/pabot_results/2/output.xml
