[INFO]    Initialized logging in reports/pabot_results
[INFO]    Robot Framework remote server at 127.0.0.1:8270 started.
[DEBUG]   2026-06-05 04:57:01.216754 [PID:2367] [1] [ID:1] EXECUTING Suites.Auth.TC02 login valid
[DEBUG]   2026-06-05 04:57:01.218429 [PID:2368] [0] [ID:0] EXECUTING Suites.Auth.TC01 register user
[DEBUG]   2026-06-05 04:57:06.223603 [PID:2367] [1] [ID:1] still running Suites.Auth.TC02 login valid after 5.0s
[DEBUG]   2026-06-05 04:57:06.224806 [PID:2368] [0] [ID:0] still running Suites.Auth.TC01 register user after 5.0s
[DEBUG]   2026-06-05 04:57:16.240255 [PID:2368] [0] [ID:0] still running Suites.Auth.TC01 register user after 15.0s
[DEBUG]   2026-06-05 04:57:16.242671 [PID:2367] [1] [ID:1] still running Suites.Auth.TC02 login valid after 15.0s
[DEBUG]   2026-06-05 04:57:31.261324 [PID:2368] [0] [ID:0] still running Suites.Auth.TC01 register user after 30.0s
[DEBUG]   2026-06-05 04:57:31.263039 [PID:2367] [1] [ID:1] still running Suites.Auth.TC02 login valid after 30.0s
[INFO]    2026-06-05 04:57:42.079164 [PID:2368] [0] [ID:0] PASSED Suites.Auth.TC01 register user in 40.9 seconds
[DEBUG]   2026-06-05 04:57:42.085508 [PID:2967] [0] [ID:2] EXECUTING Suites.Auth.TC03 login invalid
[INFO]    2026-06-05 04:57:45.285525 [PID:2367] [1] [ID:1] PASSED Suites.Auth.TC02 login valid in 44.1 seconds
[DEBUG]   2026-06-05 04:57:45.290754 [PID:3133] [1] [ID:3] EXECUTING Suites.Auth.TC04 logout user
[DEBUG]   2026-06-05 04:57:47.095428 [PID:2967] [0] [ID:2] still running Suites.Auth.TC03 login invalid after 5.0s
[DEBUG]   2026-06-05 04:57:50.302605 [PID:3133] [1] [ID:3] still running Suites.Auth.TC04 logout user after 5.0s
[DEBUG]   2026-06-05 04:57:57.110640 [PID:2967] [0] [ID:2] still running Suites.Auth.TC03 login invalid after 15.0s
[INFO]    2026-06-05 04:57:58.518550 [PID:2967] [0] [ID:2] PASSED Suites.Auth.TC03 login invalid in 16.4 seconds
[DEBUG]   2026-06-05 04:57:58.525195 [PID:3439] [0] [ID:4] EXECUTING Suites.Auth.TC05 register existing email
[DEBUG]   2026-06-05 04:58:00.321026 [PID:3133] [1] [ID:3] still running Suites.Auth.TC04 logout user after 15.0s
[DEBUG]   2026-06-05 04:58:03.536017 [PID:3439] [0] [ID:4] still running Suites.Auth.TC05 register existing email after 5.0s
[DEBUG]   2026-06-05 04:58:13.550466 [PID:3439] [0] [ID:4] still running Suites.Auth.TC05 register existing email after 15.0s
[DEBUG]   2026-06-05 04:58:15.343756 [PID:3133] [1] [ID:3] still running Suites.Auth.TC04 logout user after 30.0s
[INFO]    2026-06-05 04:58:22.457067 [PID:3133] [1] [ID:3] PASSED Suites.Auth.TC04 logout user in 37.2 seconds
[DEBUG]   2026-06-05 04:58:22.462435 [PID:3707] [1] [ID:5] EXECUTING Suites.Cart.TC12 add products to cart
[DEBUG]   2026-06-05 04:58:27.471328 [PID:3707] [1] [ID:5] still running Suites.Cart.TC12 add products to cart after 5.0s
[DEBUG]   2026-06-05 04:58:28.570561 [PID:3439] [0] [ID:4] still running Suites.Auth.TC05 register existing email after 30.0s
[DEBUG]   2026-06-05 04:58:37.481445 [PID:3707] [1] [ID:5] still running Suites.Cart.TC12 add products to cart after 15.0s
[INFO]    2026-06-05 04:58:39.085391 [PID:3439] [0] [ID:4] PASSED Suites.Auth.TC05 register existing email in 40.6 seconds
[DEBUG]   2026-06-05 04:58:39.090707 [PID:3969] [0] [ID:6] EXECUTING Suites.Cart.TC13 verify product quantity
[INFO]    2026-06-05 04:58:42.891787 [PID:3707] [1] [ID:5] PASSED Suites.Cart.TC12 add products to cart in 20.4 seconds
[DEBUG]   2026-06-05 04:58:42.897818 [PID:4134] [1] [ID:7] EXECUTING Suites.Cart.TC17 remove products from cart
[DEBUG]   2026-06-05 04:58:44.103606 [PID:3969] [0] [ID:6] still running Suites.Cart.TC13 verify product quantity after 5.0s
[DEBUG]   2026-06-05 04:58:47.909109 [PID:4134] [1] [ID:7] still running Suites.Cart.TC17 remove products from cart after 5.0s
[DEBUG]   2026-06-05 04:58:54.120121 [PID:3969] [0] [ID:6] still running Suites.Cart.TC13 verify product quantity after 15.0s
[INFO]    2026-06-05 04:58:55.723928 [PID:3969] [0] [ID:6] PASSED Suites.Cart.TC13 verify product quantity in 16.6 seconds
[DEBUG]   2026-06-05 04:58:55.728782 [PID:4384] [0] [ID:8] EXECUTING Suites.Cart.TC20 search and verify cart after login
[DEBUG]   2026-06-05 04:58:57.922747 [PID:4134] [1] [ID:7] still running Suites.Cart.TC17 remove products from cart after 15.0s
[DEBUG]   2026-06-05 04:59:00.736322 [PID:4384] [0] [ID:8] still running Suites.Cart.TC20 search and verify cart after login after 5.0s
[INFO]    2026-06-05 04:59:02.331296 [PID:4134] [1] [ID:7] PASSED Suites.Cart.TC17 remove products from cart in 19.4 seconds
[DEBUG]   2026-06-05 04:59:02.336464 [PID:4607] [1] [ID:9] EXECUTING Suites.Cart.TC22 add from recommended items
[DEBUG]   2026-06-05 04:59:07.345210 [PID:4607] [1] [ID:9] still running Suites.Cart.TC22 add from recommended items after 5.0s
[DEBUG]   2026-06-05 04:59:10.749996 [PID:4384] [0] [ID:8] still running Suites.Cart.TC20 search and verify cart after login after 15.0s
[DEBUG]   2026-06-05 04:59:17.362361 [PID:4607] [1] [ID:9] still running Suites.Cart.TC22 add from recommended items after 15.0s
[INFO]    2026-06-05 04:59:20.869050 [PID:4607] [1] [ID:9] PASSED Suites.Cart.TC22 add from recommended items in 18.5 seconds
[DEBUG]   2026-06-05 04:59:25.771639 [PID:4384] [0] [ID:8] still running Suites.Cart.TC20 search and verify cart after login after 30.0s
[INFO]    2026-06-05 04:59:40.792170 [PID:4384] [0] [ID:8] PASSED Suites.Cart.TC20 search and verify cart after login in 45.1 seconds
[INFO]    10 tests, 10 passed, 0 failed, 0 skipped.
[INFO]    ===================================================
[INFO]    Output:  /home/runner/work/engg-robot-testing-framework/engg-robot-testing-framework/reports/output.xml
[INFO]    Log:     /home/runner/work/engg-robot-testing-framework/engg-robot-testing-framework/reports/log.html
[INFO]    Report:  /home/runner/work/engg-robot-testing-framework/engg-robot-testing-framework/reports/report.html
[DEBUG]   Finalizing Pabot execution...
[DEBUG]   Stopping PabotLib process
[INFO]    Robot Framework remote server at 127.0.0.1:8270 stopped.
[DEBUG]   PabotLib process stopped
[INFO]    Total testing: 4 minutes 59.20 seconds
[INFO]    Elapsed time:  2 minutes 40.17 seconds
[DEBUG]   Logs flushed successfully.
