2026-08-19 02:00:39.703826 ==============================================================================
2026-08-19 02:00:39.723306 Suites
2026-08-19 02:00:39.723326 ==============================================================================
2026-08-19 02:00:39.723340 Suites.Cart
2026-08-19 02:00:39.724190 ==============================================================================
2026-08-19 02:00:39.724209 Suites.Cart.TC17 remove products from cart :: TC17 - Remove Products From Cart
2026-08-19 02:00:39.724209 [ ERROR ] Error in file '/home/runner/work/engg-robot-testing-framework/engg-robot-testing-framework/resources/common.resource' on line 4: Importing library 'playwright_keyword_library.PlaywrightKeywordLibrary' failed: ModuleNotFoundError: No module named 'playwright_keyword_library'
2026-08-19 02:00:39.756955 ==============================================================================
2026-08-19 02:00:39.756955 Traceback (most recent call last):
2026-08-19 02:00:39.756980   None
2026-08-19 02:00:39.807101 PYTHONPATH:
2026-08-19 02:00:39.857205   /opt/hostedtoolcache/Python/3.11.15/x64/bin
2026-08-19 02:00:39.907313   /opt/hostedtoolcache/Python/3.11.15/x64/lib/python311.zip
2026-08-19 02:00:39.957422   /opt/hostedtoolcache/Python/3.11.15/x64/lib/python3.11
2026-08-19 02:00:40.007534   /opt/hostedtoolcache/Python/3.11.15/x64/lib/python3.11/lib-dynload
2026-08-19 02:00:40.057642   /opt/hostedtoolcache/Python/3.11.15/x64/lib/python3.11/site-packages
2026-08-19 02:00:40.107798 [ ERROR ] Error in file '/home/runner/work/engg-robot-testing-framework/engg-robot-testing-framework/resources/product_keywords.resource' on line 2: Importing library 'playwright_keyword_library.PlaywrightKeywordLibrary' failed: ModuleNotFoundError: No module named 'playwright_keyword_library'
2026-08-19 02:00:40.157906 Traceback (most recent call last):
2026-08-19 02:00:40.208059   None
2026-08-19 02:00:40.258198 PYTHONPATH:
2026-08-19 02:00:40.308346   /opt/hostedtoolcache/Python/3.11.15/x64/bin
2026-08-19 02:00:40.358494   /opt/hostedtoolcache/Python/3.11.15/x64/lib/python311.zip
2026-08-19 02:00:40.408648   /opt/hostedtoolcache/Python/3.11.15/x64/lib/python3.11
2026-08-19 02:00:40.458801   /opt/hostedtoolcache/Python/3.11.15/x64/lib/python3.11/lib-dynload
2026-08-19 02:00:40.508952   /opt/hostedtoolcache/Python/3.11.15/x64/lib/python3.11/site-packages
2026-08-19 02:00:40.559066 [ ERROR ] Error in file '/home/runner/work/engg-robot-testing-framework/engg-robot-testing-framework/resources/cart_keywords.resource' on line 2: Importing library 'playwright_keyword_library.PlaywrightKeywordLibrary' failed: ModuleNotFoundError: No module named 'playwright_keyword_library'
2026-08-19 02:00:40.609205 Traceback (most recent call last):
2026-08-19 02:00:40.659315   None
2026-08-19 02:00:40.709464 PYTHONPATH:
2026-08-19 02:00:40.759577   /opt/hostedtoolcache/Python/3.11.15/x64/bin
2026-08-19 02:00:40.809687   /opt/hostedtoolcache/Python/3.11.15/x64/lib/python311.zip
2026-08-19 02:00:40.859797   /opt/hostedtoolcache/Python/3.11.15/x64/lib/python3.11
2026-08-19 02:00:40.909950   /opt/hostedtoolcache/Python/3.11.15/x64/lib/python3.11/lib-dynload
2026-08-19 02:00:40.960098   /opt/hostedtoolcache/Python/3.11.15/x64/lib/python3.11/site-packages
2026-08-19 02:00:49.732272 TC17 Remove Products From Cart                                        | FAIL |
2026-08-19 02:00:49.768710 Setup failed:
2026-08-19 02:00:49.768721 No keyword with name 'Open Browser' found.
2026-08-19 02:00:49.768729 
2026-08-19 02:00:49.768736 Also teardown failed:
2026-08-19 02:00:49.768743 Several failures occurred:
2026-08-19 02:00:49.768750 
2026-08-19 02:00:49.768756 1) No keyword with name 'Register Keyword To Run On Failure' found.
2026-08-19 02:00:49.768764 
2026-08-19 02:00:49.768770 2) No keyword with name 'Close Browser' found. Did you mean:
2026-08-19 02:00:49.768777     common.Close Test Browser
2026-08-19 02:00:49.768783 ------------------------------------------------------------------------------
2026-08-19 02:00:49.768790 Suites.Cart.TC17 remove products from cart :: TC17 - Remove Produc... | FAIL |
2026-08-19 02:00:49.769502 1 test, 0 passed, 1 failed
2026-08-19 02:00:49.769564 ==============================================================================
2026-08-19 02:00:49.769573 Suites.Cart                                                           | FAIL |
2026-08-19 02:00:49.770032 1 test, 0 passed, 1 failed
2026-08-19 02:00:49.770110 ==============================================================================
2026-08-19 02:00:49.770118 Suites                                                                | FAIL |
2026-08-19 02:00:49.770460 1 test, 0 passed, 1 failed
2026-08-19 02:00:49.770520 ==============================================================================
2026-08-19 02:00:49.770528 Output:  /home/runner/work/engg-robot-testing-framework/engg-robot-testing-framework/reports/pabot_results/7/output.xml
