2026-08-13 03:07:54.978981 ==============================================================================
2026-08-13 03:07:54.981429 Suites
2026-08-13 03:07:54.981447 ==============================================================================
2026-08-13 03:07:54.981460 Suites.Auth
2026-08-13 03:07:54.982129 ==============================================================================
2026-08-13 03:07:54.982144 Suites.Auth.TC03 login invalid
2026-08-13 03:07:54.982144 [ ERROR ] Error in file '/home/runner/work/engg-robot-testing-framework/engg-robot-testing-framework/tests/auth/TC03_login_invalid.robot' on line 2: Importing library 'playwright_keyword_library.PlaywrightKeywordLibrary' failed: ModuleNotFoundError: No module named 'playwright_keyword_library'
2026-08-13 03:07:54.998593 ==============================================================================
2026-08-13 03:07:54.998593 Traceback (most recent call last):
2026-08-13 03:07:54.998618   None
2026-08-13 03:07:55.048761 PYTHONPATH:
2026-08-13 03:07:55.098966   /opt/hostedtoolcache/Python/3.11.15/x64/bin
2026-08-13 03:07:55.149122   /opt/hostedtoolcache/Python/3.11.15/x64/lib/python311.zip
2026-08-13 03:07:55.199301   /opt/hostedtoolcache/Python/3.11.15/x64/lib/python3.11
2026-08-13 03:07:55.249461   /opt/hostedtoolcache/Python/3.11.15/x64/lib/python3.11/lib-dynload
2026-08-13 03:07:55.299690   /opt/hostedtoolcache/Python/3.11.15/x64/lib/python3.11/site-packages
2026-08-13 03:07:55.349888 [ ERROR ] Error in file '/home/runner/work/engg-robot-testing-framework/engg-robot-testing-framework/resources/auth_keywords.resource' on line 2: Importing library 'playwright_keyword_library.PlaywrightKeywordLibrary' failed: ModuleNotFoundError: No module named 'playwright_keyword_library'
2026-08-13 03:07:55.400124 Traceback (most recent call last):
2026-08-13 03:07:55.450300   None
2026-08-13 03:07:55.500493 PYTHONPATH:
2026-08-13 03:07:55.550664   /opt/hostedtoolcache/Python/3.11.15/x64/bin
2026-08-13 03:07:55.600868   /opt/hostedtoolcache/Python/3.11.15/x64/lib/python311.zip
2026-08-13 03:07:55.651041   /opt/hostedtoolcache/Python/3.11.15/x64/lib/python3.11
2026-08-13 03:07:55.701223   /opt/hostedtoolcache/Python/3.11.15/x64/lib/python3.11/lib-dynload
2026-08-13 03:07:55.751388   /opt/hostedtoolcache/Python/3.11.15/x64/lib/python3.11/site-packages
2026-08-13 03:07:55.801592 [ ERROR ] Error in file '/home/runner/work/engg-robot-testing-framework/engg-robot-testing-framework/resources/common.resource' on line 4: Importing library 'playwright_keyword_library.PlaywrightKeywordLibrary' failed: ModuleNotFoundError: No module named 'playwright_keyword_library'
2026-08-13 03:07:55.851762 Traceback (most recent call last):
2026-08-13 03:07:55.901970   None
2026-08-13 03:07:55.952134 PYTHONPATH:
2026-08-13 03:07:56.002580   /opt/hostedtoolcache/Python/3.11.15/x64/bin
2026-08-13 03:07:56.052763   /opt/hostedtoolcache/Python/3.11.15/x64/lib/python311.zip
2026-08-13 03:07:56.102970   /opt/hostedtoolcache/Python/3.11.15/x64/lib/python3.11
2026-08-13 03:07:56.153129   /opt/hostedtoolcache/Python/3.11.15/x64/lib/python3.11/lib-dynload
2026-08-13 03:07:56.203326   /opt/hostedtoolcache/Python/3.11.15/x64/lib/python3.11/site-packages
2026-08-13 03:08:04.980901 TC03 Login User With Incorrect Email And Password                     | FAIL |
2026-08-13 03:08:05.008262 Setup failed:
2026-08-13 03:08:05.008279 No keyword with name 'Open Browser' found.
2026-08-13 03:08:05.008290 
2026-08-13 03:08:05.008299 Also teardown failed:
2026-08-13 03:08:05.008309 Several failures occurred:
2026-08-13 03:08:05.008320 
2026-08-13 03:08:05.008330 1) No keyword with name 'Register Keyword To Run On Failure' found.
2026-08-13 03:08:05.008341 
2026-08-13 03:08:05.008350 2) No keyword with name 'Close Browser' found. Did you mean:
2026-08-13 03:08:05.008361     common.Close Test Browser
2026-08-13 03:08:05.008371 ------------------------------------------------------------------------------
2026-08-13 03:08:05.008380 Suites.Auth.TC03 login invalid                                        | FAIL |
2026-08-13 03:08:05.008688 1 test, 0 passed, 1 failed
2026-08-13 03:08:05.008708 ==============================================================================
2026-08-13 03:08:05.008723 Suites.Auth                                                           | FAIL |
2026-08-13 03:08:05.009129 1 test, 0 passed, 1 failed
2026-08-13 03:08:05.009149 ==============================================================================
2026-08-13 03:08:05.009165 Suites                                                                | FAIL |
2026-08-13 03:08:05.009489 1 test, 0 passed, 1 failed
2026-08-13 03:08:05.009508 ==============================================================================
2026-08-13 03:08:05.009524 Output:  /home/runner/work/engg-robot-testing-framework/engg-robot-testing-framework/reports/pabot_results/2/output.xml
