2026-08-17 09:30:54.134281 ==============================================================================
2026-08-17 09:30:54.157466 Suites
2026-08-17 09:30:54.157487 ==============================================================================
2026-08-17 09:30:54.157502 Suites.Cart
2026-08-17 09:30:54.158300 ==============================================================================
2026-08-17 09:30:54.158319 Suites.Cart.TC13 verify product quantity :: TC13 - Verify Product Quantity ...
2026-08-17 09:30:54.158319 [ ERROR ] Error in file '/home/runner/work/engg-robot-testing-framework/engg-robot-testing-framework/resources/common.resource' on line 4: Importing library 'playwright_keyword_library.PlaywrightKeywordLibrary' failed: ModuleNotFoundError: No module named 'playwright_keyword_library'
2026-08-17 09:30:54.189580 ==============================================================================
2026-08-17 09:30:54.189580 Traceback (most recent call last):
2026-08-17 09:30:54.189627   None
2026-08-17 09:30:54.239785 PYTHONPATH:
2026-08-17 09:30:54.289924   /opt/hostedtoolcache/Python/3.11.15/x64/bin
2026-08-17 09:30:54.340200   /opt/hostedtoolcache/Python/3.11.15/x64/lib/python311.zip
2026-08-17 09:30:54.390350   /opt/hostedtoolcache/Python/3.11.15/x64/lib/python3.11
2026-08-17 09:30:54.440498   /opt/hostedtoolcache/Python/3.11.15/x64/lib/python3.11/lib-dynload
2026-08-17 09:30:54.490625   /opt/hostedtoolcache/Python/3.11.15/x64/lib/python3.11/site-packages
2026-08-17 09:30:54.540759 [ ERROR ] Error in file '/home/runner/work/engg-robot-testing-framework/engg-robot-testing-framework/resources/product_keywords.resource' on line 2: Importing library 'playwright_keyword_library.PlaywrightKeywordLibrary' failed: ModuleNotFoundError: No module named 'playwright_keyword_library'
2026-08-17 09:30:54.590907 Traceback (most recent call last):
2026-08-17 09:30:54.641057   None
2026-08-17 09:30:54.691197 PYTHONPATH:
2026-08-17 09:30:54.741339   /opt/hostedtoolcache/Python/3.11.15/x64/bin
2026-08-17 09:30:54.791452   /opt/hostedtoolcache/Python/3.11.15/x64/lib/python311.zip
2026-08-17 09:30:54.841699   /opt/hostedtoolcache/Python/3.11.15/x64/lib/python3.11
2026-08-17 09:30:54.891873   /opt/hostedtoolcache/Python/3.11.15/x64/lib/python3.11/lib-dynload
2026-08-17 09:30:54.942100   /opt/hostedtoolcache/Python/3.11.15/x64/lib/python3.11/site-packages
2026-08-17 09:30:54.992255 [ ERROR ] Error in file '/home/runner/work/engg-robot-testing-framework/engg-robot-testing-framework/resources/cart_keywords.resource' on line 2: Importing library 'playwright_keyword_library.PlaywrightKeywordLibrary' failed: ModuleNotFoundError: No module named 'playwright_keyword_library'
2026-08-17 09:30:55.042459 Traceback (most recent call last):
2026-08-17 09:30:55.092609   None
2026-08-17 09:30:55.142770 PYTHONPATH:
2026-08-17 09:30:55.192923   /opt/hostedtoolcache/Python/3.11.15/x64/bin
2026-08-17 09:30:55.243133   /opt/hostedtoolcache/Python/3.11.15/x64/lib/python311.zip
2026-08-17 09:30:55.293292   /opt/hostedtoolcache/Python/3.11.15/x64/lib/python3.11
2026-08-17 09:30:55.343448   /opt/hostedtoolcache/Python/3.11.15/x64/lib/python3.11/lib-dynload
2026-08-17 09:30:55.393610   /opt/hostedtoolcache/Python/3.11.15/x64/lib/python3.11/site-packages
2026-08-17 09:31:04.165926 TC13 Verify Product Quantity In Cart                                  | FAIL |
2026-08-17 09:31:04.200820 Setup failed:
2026-08-17 09:31:04.200840 No keyword with name 'Open Browser' found.
2026-08-17 09:31:04.200854 
2026-08-17 09:31:04.200868 Also teardown failed:
2026-08-17 09:31:04.200882 Several failures occurred:
2026-08-17 09:31:04.200925 
2026-08-17 09:31:04.200947 1) No keyword with name 'Register Keyword To Run On Failure' found.
2026-08-17 09:31:04.200965 
2026-08-17 09:31:04.200981 2) No keyword with name 'Close Browser' found. Did you mean:
2026-08-17 09:31:04.200998     common.Close Test Browser
2026-08-17 09:31:04.201015 ------------------------------------------------------------------------------
2026-08-17 09:31:04.201034 Suites.Cart.TC13 verify product quantity :: TC13 - Verify Product ... | FAIL |
2026-08-17 09:31:04.201514 1 test, 0 passed, 1 failed
2026-08-17 09:31:04.201575 ==============================================================================
2026-08-17 09:31:04.201589 Suites.Cart                                                           | FAIL |
2026-08-17 09:31:04.201948 1 test, 0 passed, 1 failed
2026-08-17 09:31:04.201974 ==============================================================================
2026-08-17 09:31:04.202033 Suites                                                                | FAIL |
2026-08-17 09:31:04.202327 1 test, 0 passed, 1 failed
2026-08-17 09:31:04.202352 ==============================================================================
2026-08-17 09:31:04.202408 Output:  /home/runner/work/engg-robot-testing-framework/engg-robot-testing-framework/reports/pabot_results/6/output.xml
