2026-09-21 05:17:16.298799 ==============================================================================
2026-09-21 05:17:16.322232 Suites
2026-09-21 05:17:16.322316 ==============================================================================
2026-09-21 05:17:16.322336 Suites.Auth
2026-09-21 05:17:16.323175 ==============================================================================
2026-09-21 05:17:16.323194 Suites.Auth.TC03 login invalid
2026-09-21 05:17:16.323194 [ ERROR ] Error in file '/home/runner/work/engg-robot-testing-framework/engg-robot-testing-framework/tests/auth/TC03_login_invalid.robot' on line 2: Importing library 'playwright_keyword_library.PlaywrightKeywordLibrary' failed: ModuleNotFoundError: No module named 'playwright_keyword_library'
2026-09-21 05:17:16.341934 ==============================================================================
2026-09-21 05:17:16.341934 Traceback (most recent call last):
2026-09-21 05:17:16.341957   None
2026-09-21 05:17:16.392072 PYTHONPATH:
2026-09-21 05:17:16.442175   /opt/hostedtoolcache/Python/3.11.16/x64/bin
2026-09-21 05:17:16.492272   /opt/hostedtoolcache/Python/3.11.16/x64/lib/python311.zip
2026-09-21 05:17:16.542368   /opt/hostedtoolcache/Python/3.11.16/x64/lib/python3.11
2026-09-21 05:17:16.592467   /opt/hostedtoolcache/Python/3.11.16/x64/lib/python3.11/lib-dynload
2026-09-21 05:17:16.642600   /opt/hostedtoolcache/Python/3.11.16/x64/lib/python3.11/site-packages
2026-09-21 05:17:16.692698 [ ERROR ] Error in file '/home/runner/work/engg-robot-testing-framework/engg-robot-testing-framework/resources/auth_keywords.resource' on line 2: Importing library 'playwright_keyword_library.PlaywrightKeywordLibrary' failed: ModuleNotFoundError: No module named 'playwright_keyword_library'
2026-09-21 05:17:16.742831 Traceback (most recent call last):
2026-09-21 05:17:16.792967   None
2026-09-21 05:17:16.843100 PYTHONPATH:
2026-09-21 05:17:16.893239   /opt/hostedtoolcache/Python/3.11.16/x64/bin
2026-09-21 05:17:16.943375   /opt/hostedtoolcache/Python/3.11.16/x64/lib/python311.zip
2026-09-21 05:17:16.993522   /opt/hostedtoolcache/Python/3.11.16/x64/lib/python3.11
2026-09-21 05:17:17.043663   /opt/hostedtoolcache/Python/3.11.16/x64/lib/python3.11/lib-dynload
2026-09-21 05:17:17.093819   /opt/hostedtoolcache/Python/3.11.16/x64/lib/python3.11/site-packages
2026-09-21 05:17:17.143960 [ ERROR ] Error in file '/home/runner/work/engg-robot-testing-framework/engg-robot-testing-framework/resources/common.resource' on line 4: Importing library 'playwright_keyword_library.PlaywrightKeywordLibrary' failed: ModuleNotFoundError: No module named 'playwright_keyword_library'
2026-09-21 05:17:17.194098 Traceback (most recent call last):
2026-09-21 05:17:17.244230   None
2026-09-21 05:17:17.294370 PYTHONPATH:
2026-09-21 05:17:17.344507   /opt/hostedtoolcache/Python/3.11.16/x64/bin
2026-09-21 05:17:17.394641   /opt/hostedtoolcache/Python/3.11.16/x64/lib/python311.zip
2026-09-21 05:17:17.444770   /opt/hostedtoolcache/Python/3.11.16/x64/lib/python3.11
2026-09-21 05:17:17.494905   /opt/hostedtoolcache/Python/3.11.16/x64/lib/python3.11/lib-dynload
2026-09-21 05:17:17.545038   /opt/hostedtoolcache/Python/3.11.16/x64/lib/python3.11/site-packages
2026-09-21 05:17:26.317971 TC03 Login User With Incorrect Email And Password                     | FAIL |
2026-09-21 05:17:26.352076 Setup failed:
2026-09-21 05:17:26.352100 No keyword with name 'Open Browser' found.
2026-09-21 05:17:26.352145 
2026-09-21 05:17:26.352160 Also teardown failed:
2026-09-21 05:17:26.352172 Several failures occurred:
2026-09-21 05:17:26.352185 
2026-09-21 05:17:26.352198 1) No keyword with name 'Register Keyword To Run On Failure' found.
2026-09-21 05:17:26.352211 
2026-09-21 05:17:26.352225 2) No keyword with name 'Close Browser' found. Did you mean:
2026-09-21 05:17:26.352239     common.Close Test Browser
2026-09-21 05:17:26.352288 ------------------------------------------------------------------------------
2026-09-21 05:17:26.352315 Suites.Auth.TC03 login invalid                                        | FAIL |
2026-09-21 05:17:26.352779 1 test, 0 passed, 1 failed
2026-09-21 05:17:26.352855 ==============================================================================
2026-09-21 05:17:26.352868 Suites.Auth                                                           | FAIL |
2026-09-21 05:17:26.353247 1 test, 0 passed, 1 failed
2026-09-21 05:17:26.353314 ==============================================================================
2026-09-21 05:17:26.353326 Suites                                                                | FAIL |
2026-09-21 05:17:26.353632 1 test, 0 passed, 1 failed
2026-09-21 05:17:26.353676 ==============================================================================
2026-09-21 05:17:26.353690 Output:  /home/runner/work/engg-robot-testing-framework/engg-robot-testing-framework/reports/pabot_results/2/output.xml
