2026-09-05 04:50:09.416919 ==============================================================================
2026-09-05 04:50:09.433458 Suites
2026-09-05 04:50:09.433481 ==============================================================================
2026-09-05 04:50:09.433497 Suites.Cart
2026-09-05 04:50:09.434297 ==============================================================================
2026-09-05 04:50:09.434320 Suites.Cart.TC20 search and verify cart after login :: TC20 - Search Produc...
2026-09-05 04:50:09.434320 [ ERROR ] Error in file '/home/runner/work/engg-robot-testing-framework/engg-robot-testing-framework/tests/cart/TC20_search_and_verify_cart_after_login.robot' on line 3: Importing library 'playwright_keyword_library.PlaywrightKeywordLibrary' failed: ModuleNotFoundError: No module named 'playwright_keyword_library'
2026-09-05 04:50:09.470936 ==============================================================================
2026-09-05 04:50:09.470936 Traceback (most recent call last):
2026-09-05 04:50:09.470956   None
2026-09-05 04:50:09.521076 PYTHONPATH:
2026-09-05 04:50:09.571192   /opt/hostedtoolcache/Python/3.11.16/x64/bin
2026-09-05 04:50:09.621303   /opt/hostedtoolcache/Python/3.11.16/x64/lib/python311.zip
2026-09-05 04:50:09.671418   /opt/hostedtoolcache/Python/3.11.16/x64/lib/python3.11
2026-09-05 04:50:09.721528   /opt/hostedtoolcache/Python/3.11.16/x64/lib/python3.11/lib-dynload
2026-09-05 04:50:09.771661   /opt/hostedtoolcache/Python/3.11.16/x64/lib/python3.11/site-packages
2026-09-05 04:50:09.821817 [ ERROR ] Error in file '/home/runner/work/engg-robot-testing-framework/engg-robot-testing-framework/resources/common.resource' on line 4: Importing library 'playwright_keyword_library.PlaywrightKeywordLibrary' failed: ModuleNotFoundError: No module named 'playwright_keyword_library'
2026-09-05 04:50:09.871951 Traceback (most recent call last):
2026-09-05 04:50:09.922108   None
2026-09-05 04:50:09.972218 PYTHONPATH:
2026-09-05 04:50:10.022333   /opt/hostedtoolcache/Python/3.11.16/x64/bin
2026-09-05 04:50:10.072443   /opt/hostedtoolcache/Python/3.11.16/x64/lib/python311.zip
2026-09-05 04:50:10.122601   /opt/hostedtoolcache/Python/3.11.16/x64/lib/python3.11
2026-09-05 04:50:10.172735   /opt/hostedtoolcache/Python/3.11.16/x64/lib/python3.11/lib-dynload
2026-09-05 04:50:10.222892   /opt/hostedtoolcache/Python/3.11.16/x64/lib/python3.11/site-packages
2026-09-05 04:50:10.273026 [ ERROR ] Error in file '/home/runner/work/engg-robot-testing-framework/engg-robot-testing-framework/resources/product_keywords.resource' on line 2: Importing library 'playwright_keyword_library.PlaywrightKeywordLibrary' failed: ModuleNotFoundError: No module named 'playwright_keyword_library'
2026-09-05 04:50:10.323183 Traceback (most recent call last):
2026-09-05 04:50:10.373318   None
2026-09-05 04:50:10.423475 PYTHONPATH:
2026-09-05 04:50:10.473584   /opt/hostedtoolcache/Python/3.11.16/x64/bin
2026-09-05 04:50:10.523741   /opt/hostedtoolcache/Python/3.11.16/x64/lib/python311.zip
2026-09-05 04:50:10.573875   /opt/hostedtoolcache/Python/3.11.16/x64/lib/python3.11
2026-09-05 04:50:10.624031   /opt/hostedtoolcache/Python/3.11.16/x64/lib/python3.11/lib-dynload
2026-09-05 04:50:10.674166   /opt/hostedtoolcache/Python/3.11.16/x64/lib/python3.11/site-packages
2026-09-05 04:50:10.724298 [ ERROR ] Error in file '/home/runner/work/engg-robot-testing-framework/engg-robot-testing-framework/resources/cart_keywords.resource' on line 2: Importing library 'playwright_keyword_library.PlaywrightKeywordLibrary' failed: ModuleNotFoundError: No module named 'playwright_keyword_library'
2026-09-05 04:50:10.774431 Traceback (most recent call last):
2026-09-05 04:50:10.824588   None
2026-09-05 04:50:10.874723 PYTHONPATH:
2026-09-05 04:50:10.924880   /opt/hostedtoolcache/Python/3.11.16/x64/bin
2026-09-05 04:50:10.975079   /opt/hostedtoolcache/Python/3.11.16/x64/lib/python311.zip
2026-09-05 04:50:11.025221   /opt/hostedtoolcache/Python/3.11.16/x64/lib/python3.11
2026-09-05 04:50:11.075431   /opt/hostedtoolcache/Python/3.11.16/x64/lib/python3.11/lib-dynload
2026-09-05 04:50:11.125567   /opt/hostedtoolcache/Python/3.11.16/x64/lib/python3.11/site-packages
2026-09-05 04:50:11.175728 [ ERROR ] Error in file '/home/runner/work/engg-robot-testing-framework/engg-robot-testing-framework/resources/auth_keywords.resource' on line 2: Importing library 'playwright_keyword_library.PlaywrightKeywordLibrary' failed: ModuleNotFoundError: No module named 'playwright_keyword_library'
2026-09-05 04:50:11.225894 Traceback (most recent call last):
2026-09-05 04:50:11.276014   None
2026-09-05 04:50:11.326152 PYTHONPATH:
2026-09-05 04:50:11.376312   /opt/hostedtoolcache/Python/3.11.16/x64/bin
2026-09-05 04:50:11.426471   /opt/hostedtoolcache/Python/3.11.16/x64/lib/python311.zip
2026-09-05 04:50:11.476631   /opt/hostedtoolcache/Python/3.11.16/x64/lib/python3.11
2026-09-05 04:50:11.526766   /opt/hostedtoolcache/Python/3.11.16/x64/lib/python3.11/lib-dynload
2026-09-05 04:50:11.576923   /opt/hostedtoolcache/Python/3.11.16/x64/lib/python3.11/site-packages
2026-09-05 04:50:19.447368 TC20 Search Products And Verify Cart After Login                      | FAIL |
2026-09-05 04:50:19.482222 Setup failed:
2026-09-05 04:50:19.482240 No keyword with name 'Open Browser' found.
2026-09-05 04:50:19.482253 
2026-09-05 04:50:19.482265 Also teardown failed:
2026-09-05 04:50:19.482277 Several failures occurred:
2026-09-05 04:50:19.482288 
2026-09-05 04:50:19.482299 1) No keyword with name 'Register Keyword To Run On Failure' found.
2026-09-05 04:50:19.482310 
2026-09-05 04:50:19.482321 2) No keyword with name 'Close Browser' found. Did you mean:
2026-09-05 04:50:19.482333     common.Close Test Browser
2026-09-05 04:50:19.482345 ------------------------------------------------------------------------------
2026-09-05 04:50:19.482356 Suites.Cart.TC20 search and verify cart after login :: TC20 - Sear... | FAIL |
2026-09-05 04:50:19.482863 1 test, 0 passed, 1 failed
2026-09-05 04:50:19.482929 ==============================================================================
2026-09-05 04:50:19.482942 Suites.Cart                                                           | FAIL |
2026-09-05 04:50:19.483338 1 test, 0 passed, 1 failed
2026-09-05 04:50:19.483390 ==============================================================================
2026-09-05 04:50:19.483411 Suites                                                                | FAIL |
2026-09-05 04:50:19.483762 1 test, 0 passed, 1 failed
2026-09-05 04:50:19.483828 ==============================================================================
2026-09-05 04:50:19.483839 Output:  /home/runner/work/engg-robot-testing-framework/engg-robot-testing-framework/reports/pabot_results/8/output.xml
