[INFO]    Initialized logging in reports/pabot_results
[INFO]    Robot Framework remote server at 127.0.0.1:8270 started.
[DEBUG]   2026-05-06 04:13:13.339067 [PID:2155] [1] [ID:1] EXECUTING Suites.Auth.TC02 login valid
[DEBUG]   2026-05-06 04:13:13.340584 [PID:2156] [0] [ID:0] EXECUTING Suites.Auth.TC01 register user
[DEBUG]   2026-05-06 04:13:18.349023 [PID:2155] [1] [ID:1] still running Suites.Auth.TC02 login valid after 5.0s
[DEBUG]   2026-05-06 04:13:18.354081 [PID:2156] [0] [ID:0] still running Suites.Auth.TC01 register user after 5.0s
[DEBUG]   2026-05-06 04:13:28.365920 [PID:2155] [1] [ID:1] still running Suites.Auth.TC02 login valid after 15.0s
[DEBUG]   2026-05-06 04:13:28.371071 [PID:2156] [0] [ID:0] still running Suites.Auth.TC01 register user after 15.0s
[DEBUG]   2026-05-06 04:13:43.383176 [PID:2155] [1] [ID:1] still running Suites.Auth.TC02 login valid after 30.0s
[DEBUG]   2026-05-06 04:13:43.384750 [PID:2156] [0] [ID:0] still running Suites.Auth.TC01 register user after 30.0s
[DEBUG]   2026-05-06 04:14:03.405672 [PID:2155] [1] [ID:1] still running Suites.Auth.TC02 login valid after 50.0s
[DEBUG]   2026-05-06 04:14:03.405759 [PID:2156] [0] [ID:0] still running Suites.Auth.TC01 register user after 50.0s
[DEBUG]   2026-05-06 04:14:28.436917 [PID:2155] [1] [ID:1] still running Suites.Auth.TC02 login valid after 75.0s
[DEBUG]   2026-05-06 04:14:28.436990 [PID:2156] [0] [ID:0] still running Suites.Auth.TC01 register user after 75.0s
[INFO]    2026-05-06 04:14:30.346306 [PID:2156] [0] [ID:0] Execution failed in Suites.Auth.TC01 register user with 1 failing test(s)
==============================================================================
Suites
==============================================================================
Suites.Auth
==============================================================================
Suites.Auth.TC01 register user
==============================================================================
TC01 Register User                                                    | FAIL |
Element 'css=li a b' did not appear in 45 seconds.
------------------------------------------------------------------------------
Suites.Auth.TC01 register user                                        | FAIL |
1 test, 0 passed, 1 failed
==============================================================================
Suites.Auth                                                           | FAIL |
1 test, 0 passed, 1 failed
==============================================================================
Suites                                                                | FAIL |
1 test, 0 passed, 1 failed
==============================================================================
Output:  /home/runner/work/engg-robot-testing-framework/engg-robot-testing-framework/reports/pabot_results/0/output.xml
[INFO]    2026-05-06 04:14:30.349329 [PID:2155] [1] [ID:1] Execution failed in Suites.Auth.TC02 login valid with 1 failing test(s)
==============================================================================
Suites
==============================================================================
Suites.Auth
==============================================================================
Suites.Auth.TC02 login valid
==============================================================================
TC02 Login User With Correct Email And Password                       | FAIL |
Element 'xpath=//a[contains(text(),'Logout')]' not visible after 45 seconds.
------------------------------------------------------------------------------
Suites.Auth.TC02 login valid                                          | FAIL |
1 test, 0 passed, 1 failed
==============================================================================
Suites.Auth                                                           | FAIL |
1 test, 0 passed, 1 failed
==============================================================================
Suites                                                                | FAIL |
1 test, 0 passed, 1 failed
==============================================================================
Output:  /home/runner/work/engg-robot-testing-framework/engg-robot-testing-framework/reports/pabot_results/1/output.xml
[DEBUG]   2026-05-06 04:14:30.352685 [PID:2861] [0] [ID:2] EXECUTING Suites.Auth.TC03 login invalid
[DEBUG]   2026-05-06 04:14:30.354250 [PID:2862] [1] [ID:3] EXECUTING Suites.Auth.TC04 logout user
[DEBUG]   2026-05-06 04:14:35.364658 [PID:2861] [0] [ID:2] still running Suites.Auth.TC03 login invalid after 5.0s
[DEBUG]   2026-05-06 04:14:35.365421 [PID:2862] [1] [ID:3] still running Suites.Auth.TC04 logout user after 5.0s
[DEBUG]   2026-05-06 04:14:45.376513 [PID:2861] [0] [ID:2] still running Suites.Auth.TC03 login invalid after 15.0s
[DEBUG]   2026-05-06 04:14:45.376624 [PID:2862] [1] [ID:3] still running Suites.Auth.TC04 logout user after 15.0s
[INFO]    2026-05-06 04:14:46.318169 [PID:2861] [0] [ID:2] PASSED Suites.Auth.TC03 login invalid in 15.9 seconds
[DEBUG]   2026-05-06 04:14:46.321784 [PID:3347] [0] [ID:4] EXECUTING Suites.Auth.TC05 register existing email
[DEBUG]   2026-05-06 04:14:51.330175 [PID:3347] [0] [ID:4] still running Suites.Auth.TC05 register existing email after 5.0s
[DEBUG]   2026-05-06 04:15:00.393597 [PID:2862] [1] [ID:3] still running Suites.Auth.TC04 logout user after 30.0s
[DEBUG]   2026-05-06 04:15:01.341368 [PID:3347] [0] [ID:4] still running Suites.Auth.TC05 register existing email after 15.0s
[DEBUG]   2026-05-06 04:15:16.360119 [PID:3347] [0] [ID:4] still running Suites.Auth.TC05 register existing email after 30.0s
[DEBUG]   2026-05-06 04:15:20.415959 [PID:2862] [1] [ID:3] still running Suites.Auth.TC04 logout user after 50.0s
[DEBUG]   2026-05-06 04:15:36.381935 [PID:3347] [0] [ID:4] still running Suites.Auth.TC05 register existing email after 50.0s
[DEBUG]   2026-05-06 04:15:45.445602 [PID:2862] [1] [ID:3] still running Suites.Auth.TC04 logout user after 75.0s
[INFO]    2026-05-06 04:15:45.853311 [PID:2862] [1] [ID:3] Execution failed in Suites.Auth.TC04 logout user with 1 failing test(s)
==============================================================================
Suites
==============================================================================
Suites.Auth
==============================================================================
Suites.Auth.TC04 logout user
==============================================================================
TC04 Logout User                                                      | FAIL |
Element 'css=li a b' did not appear in 45 seconds.
------------------------------------------------------------------------------
Suites.Auth.TC04 logout user                                          | FAIL |
1 test, 0 passed, 1 failed
==============================================================================
Suites.Auth                                                           | FAIL |
1 test, 0 passed, 1 failed
==============================================================================
Suites                                                                | FAIL |
1 test, 0 passed, 1 failed
==============================================================================
Output:  /home/runner/work/engg-robot-testing-framework/engg-robot-testing-framework/reports/pabot_results/3/output.xml
[DEBUG]   2026-05-06 04:15:45.857167 [PID:3789] [1] [ID:5] EXECUTING Suites.Cart.TC12 add products to cart
[DEBUG]   2026-05-06 04:15:50.864877 [PID:3789] [1] [ID:5] still running Suites.Cart.TC12 add products to cart after 5.0s
[DEBUG]   2026-05-06 04:16:00.877120 [PID:3789] [1] [ID:5] still running Suites.Cart.TC12 add products to cart after 15.0s
[DEBUG]   2026-05-06 04:16:01.411821 [PID:3347] [0] [ID:4] still running Suites.Auth.TC05 register existing email after 75.0s
[INFO]    2026-05-06 04:16:02.719182 [PID:3347] [0] [ID:4] Execution failed in Suites.Auth.TC05 register existing email with 1 failing test(s)
==============================================================================
Suites
==============================================================================
Suites.Auth
==============================================================================
Suites.Auth.TC05 register existing email
==============================================================================
TC05 Register User With Existing Email                                | FAIL |
Element 'xpath=//a[contains(text(),'Logout')]' not visible after 45 seconds.
------------------------------------------------------------------------------
Suites.Auth.TC05 register existing email                              | FAIL |
1 test, 0 passed, 1 failed
==============================================================================
Suites.Auth                                                           | FAIL |
1 test, 0 passed, 1 failed
==============================================================================
Suites                                                                | FAIL |
1 test, 0 passed, 1 failed
==============================================================================
Output:  /home/runner/work/engg-robot-testing-framework/engg-robot-testing-framework/reports/pabot_results/4/output.xml
[DEBUG]   2026-05-06 04:16:02.723067 [PID:4038] [0] [ID:6] EXECUTING Suites.Cart.TC13 verify product quantity
[INFO]    2026-05-06 04:16:04.789519 [PID:3789] [1] [ID:5] PASSED Suites.Cart.TC12 add products to cart in 18.9 seconds
[DEBUG]   2026-05-06 04:16:04.794932 [PID:4227] [1] [ID:7] EXECUTING Suites.Cart.TC17 remove products from cart
[DEBUG]   2026-05-06 04:16:07.732686 [PID:4038] [0] [ID:6] still running Suites.Cart.TC13 verify product quantity after 5.0s
[DEBUG]   2026-05-06 04:16:09.803961 [PID:4227] [1] [ID:7] still running Suites.Cart.TC17 remove products from cart after 5.0s
[INFO]    2026-05-06 04:16:16.347227 [PID:4038] [0] [ID:6] PASSED Suites.Cart.TC13 verify product quantity in 13.6 seconds
[DEBUG]   2026-05-06 04:16:16.350921 [PID:4466] [0] [ID:8] EXECUTING Suites.Cart.TC20 search and verify cart after login
[DEBUG]   2026-05-06 04:16:19.817147 [PID:4227] [1] [ID:7] still running Suites.Cart.TC17 remove products from cart after 15.0s
[DEBUG]   2026-05-06 04:16:21.361064 [PID:4466] [0] [ID:8] still running Suites.Cart.TC20 search and verify cart after login after 5.0s
[INFO]    2026-05-06 04:16:22.622106 [PID:4227] [1] [ID:7] PASSED Suites.Cart.TC17 remove products from cart in 17.8 seconds
[DEBUG]   2026-05-06 04:16:22.625912 [PID:4713] [1] [ID:9] EXECUTING Suites.Cart.TC22 add from recommended items
[DEBUG]   2026-05-06 04:16:27.631821 [PID:4713] [1] [ID:9] still running Suites.Cart.TC22 add from recommended items after 5.0s
[DEBUG]   2026-05-06 04:16:31.371929 [PID:4466] [0] [ID:8] still running Suites.Cart.TC20 search and verify cart after login after 15.0s
[DEBUG]   2026-05-06 04:16:37.642763 [PID:4713] [1] [ID:9] still running Suites.Cart.TC22 add from recommended items after 15.0s
[INFO]    2026-05-06 04:16:38.968422 [PID:4713] [1] [ID:9] PASSED Suites.Cart.TC22 add from recommended items in 16.2 seconds
[INFO]    2026-05-06 04:16:41.987752 [PID:4466] [0] [ID:8] Execution failed in Suites.Cart.TC20 search and verify cart after login with 1 failing test(s)
==============================================================================
Suites
==============================================================================
Suites.Cart
==============================================================================
Suites.Cart.TC20 search and verify cart after login :: TC20 - Search Produc...
==============================================================================
TC20 Search Products And Verify Cart After Login                      | FAIL |
ElementClickInterceptedException: Message: element click intercepted: Element <a href="/products">...</a> is not clickable at point (926, 40). Other element would receive the click: <iframe id="aswift_1" name="aswift_1" style="min-height: auto !important; max-height: none !important; min-width: auto !important; max-width: none !important; width: 100vw !important; height: 100vh !important; inset: 0px auto auto 0px !important; position: absolute !important; clear: none !important; display: inline !important; float: none !important; margin: 0px !important; opacity: 1 !important; overflow: visible !important; padding: 0px !important; vertical-align: baseline !important; visibility: visible !important; z-index: auto !important;" sandbox="allow-forms allow-popups allow-popups-to-escape-sandbox allow-same-origin allow-scripts allow-top-navigation-by-user-activation" width="" height="" frameborder="0" marginwidth="0" marginheight="0" vspace="0" hspace="0" allowtransparency="true" scrolling="no" allow="attribution-reporting; run-ad-auction" src="https://googleads.g.doubleclick.net/pagead/html/r20260504/r20190131/zrt_lookup.html#RS-0-&amp;adk=1812271808&amp;client=ca-pub-1677597403311019&amp;fa=8&amp;ifi=2&amp;uci=a!2" data-google-container-id="a!2" tabindex="0" title="Advertisement" aria-label="Advertisement" data-google-query-id="CPa-murmo5QDFac3RAgdKR4etQ" data-load-complete="true"></iframe>
  (Session info: chrome=147.0.7727.55)
    [ Message content over the limit has been removed. ]
#1 0x562f4dcc1265 <unknown>
#2 0x562f4dd1b22b <unknown>
#3 0x562f4dd18e62 <unknown>
#4 0x562f4dd163a9 <unknown>
#5 0x562f4dd154a7 <unknown>
#6 0x562f4dd094c2 <unknown>
#7 0x562f4dd08e07 <unknown>
#8 0x562f4dd5c969 <unknown>
#9 0x562f4dd075cf <unknown>
#10 0x562f4dd08391 <unknown>
#11 0x562f4e28504b <unknown>
#12 0x562f4e28800d <unknown>
#13 0x562f4e271808 <unknown>
#14 0x562f4e288ba0 <unknown>
#15 0x562f4e258280 <unknown>
#16 0x562f4e2acdb8 <unknown>
#17 0x562f4e2acf88 <unknown>
#18 0x562f4e2be5de <unknown>
#19 0x7ff47649caa4 <unknown>
#20 0x7ff476529c6c <unknown>
------------------------------------------------------------------------------
Suites.Cart.TC20 search and verify cart after login :: TC20 - Sear... | FAIL |
1 test, 0 passed, 1 failed
==============================================================================
Suites.Cart                                                           | FAIL |
1 test, 0 passed, 1 failed
==============================================================================
Suites                                                                | FAIL |
1 test, 0 passed, 1 failed
==============================================================================
Output:  /home/runner/work/engg-robot-testing-framework/engg-robot-testing-framework/reports/pabot_results/8/output.xml
[INFO]    10 tests, 5 passed, 5 failed, 0 skipped.
[INFO]    ===================================================
[INFO]    Output:  /home/runner/work/engg-robot-testing-framework/engg-robot-testing-framework/reports/output.xml
[INFO]    Log:     /home/runner/work/engg-robot-testing-framework/engg-robot-testing-framework/reports/log.html
[INFO]    Report:  /home/runner/work/engg-robot-testing-framework/engg-robot-testing-framework/reports/report.html
[DEBUG]   Finalizing Pabot execution...
[DEBUG]   Stopping PabotLib process
[INFO]    Robot Framework remote server at 127.0.0.1:8270 stopped.
[DEBUG]   PabotLib process stopped
[INFO]    Total testing: 6 minutes 53.90 seconds
[INFO]    Elapsed time:  3 minutes 29.18 seconds
[DEBUG]   Logs flushed successfully.
