2026-09-02 04:55:31.507730 ==============================================================================
2026-09-02 04:55:31.524328 Suites
2026-09-02 04:55:31.524350 ==============================================================================
2026-09-02 04:55:31.524366 Suites.Cart
2026-09-02 04:55:31.525269 ==============================================================================
2026-09-02 04:55:31.525288 Suites.Cart.TC17 remove products from cart :: TC17 - Remove Products From Cart
2026-09-02 04:55:31.525288 [ ERROR ] Error in file '/home/runner/work/engg-robot-testing-framework/engg-robot-testing-framework/resources/common.resource' on line 4: Importing library 'playwright_keyword_library.PlaywrightKeywordLibrary' failed: ModuleNotFoundError: No module named 'playwright_keyword_library'
2026-09-02 04:55:31.555413 ==============================================================================
2026-09-02 04:55:31.555413 Traceback (most recent call last):
2026-09-02 04:55:31.555440   None
2026-09-02 04:55:31.605557 PYTHONPATH:
2026-09-02 04:55:31.655666   /opt/hostedtoolcache/Python/3.11.16/x64/bin
2026-09-02 04:55:31.705778   /opt/hostedtoolcache/Python/3.11.16/x64/lib/python311.zip
2026-09-02 04:55:31.755898   /opt/hostedtoolcache/Python/3.11.16/x64/lib/python3.11
2026-09-02 04:55:31.806015   /opt/hostedtoolcache/Python/3.11.16/x64/lib/python3.11/lib-dynload
2026-09-02 04:55:31.856164   /opt/hostedtoolcache/Python/3.11.16/x64/lib/python3.11/site-packages
2026-09-02 04:55:31.906315 [ ERROR ] Error in file '/home/runner/work/engg-robot-testing-framework/engg-robot-testing-framework/resources/product_keywords.resource' on line 2: Importing library 'playwright_keyword_library.PlaywrightKeywordLibrary' failed: ModuleNotFoundError: No module named 'playwright_keyword_library'
2026-09-02 04:55:31.956476 Traceback (most recent call last):
2026-09-02 04:55:32.006626   None
2026-09-02 04:55:32.056774 PYTHONPATH:
2026-09-02 04:55:32.106921   /opt/hostedtoolcache/Python/3.11.16/x64/bin
2026-09-02 04:55:32.157067   /opt/hostedtoolcache/Python/3.11.16/x64/lib/python311.zip
2026-09-02 04:55:32.207223   /opt/hostedtoolcache/Python/3.11.16/x64/lib/python3.11
2026-09-02 04:55:32.257370   /opt/hostedtoolcache/Python/3.11.16/x64/lib/python3.11/lib-dynload
2026-09-02 04:55:32.307515   /opt/hostedtoolcache/Python/3.11.16/x64/lib/python3.11/site-packages
2026-09-02 04:55:32.357671 [ ERROR ] Error in file '/home/runner/work/engg-robot-testing-framework/engg-robot-testing-framework/resources/cart_keywords.resource' on line 2: Importing library 'playwright_keyword_library.PlaywrightKeywordLibrary' failed: ModuleNotFoundError: No module named 'playwright_keyword_library'
2026-09-02 04:55:32.407821 Traceback (most recent call last):
2026-09-02 04:55:32.457973   None
2026-09-02 04:55:32.508123 PYTHONPATH:
2026-09-02 04:55:32.558271   /opt/hostedtoolcache/Python/3.11.16/x64/bin
2026-09-02 04:55:32.608421   /opt/hostedtoolcache/Python/3.11.16/x64/lib/python311.zip
2026-09-02 04:55:32.658566   /opt/hostedtoolcache/Python/3.11.16/x64/lib/python3.11
2026-09-02 04:55:32.708711   /opt/hostedtoolcache/Python/3.11.16/x64/lib/python3.11/lib-dynload
2026-09-02 04:55:32.758844   /opt/hostedtoolcache/Python/3.11.16/x64/lib/python3.11/site-packages
2026-09-02 04:55:41.529937 TC17 Remove Products From Cart                                        | FAIL |
2026-09-02 04:55:41.566480 Setup failed:
2026-09-02 04:55:41.566499 No keyword with name 'Open Browser' found.
2026-09-02 04:55:41.566511 
2026-09-02 04:55:41.566522 Also teardown failed:
2026-09-02 04:55:41.566534 Several failures occurred:
2026-09-02 04:55:41.566546 
2026-09-02 04:55:41.566562 1) No keyword with name 'Register Keyword To Run On Failure' found.
2026-09-02 04:55:41.566575 
2026-09-02 04:55:41.566587 2) No keyword with name 'Close Browser' found. Did you mean:
2026-09-02 04:55:41.566600     common.Close Test Browser
2026-09-02 04:55:41.566612 ------------------------------------------------------------------------------
2026-09-02 04:55:41.566625 Suites.Cart.TC17 remove products from cart :: TC17 - Remove Produc... | FAIL |
2026-09-02 04:55:41.567178 1 test, 0 passed, 1 failed
2026-09-02 04:55:41.567317 ==============================================================================
2026-09-02 04:55:41.567401 Suites.Cart                                                           | FAIL |
2026-09-02 04:55:41.567720 1 test, 0 passed, 1 failed
2026-09-02 04:55:41.567745 ==============================================================================
2026-09-02 04:55:41.567792 Suites                                                                | FAIL |
2026-09-02 04:55:41.568183 1 test, 0 passed, 1 failed
2026-09-02 04:55:41.568247 ==============================================================================
2026-09-02 04:55:41.568260 Output:  /home/runner/work/engg-robot-testing-framework/engg-robot-testing-framework/reports/pabot_results/7/output.xml
