2026-05-31 05:01:23.339443 ==============================================================================
2026-05-31 05:01:23.357942 Suites
2026-05-31 05:01:23.357965 ==============================================================================
2026-05-31 05:01:23.357978 Suites.Auth
2026-05-31 05:01:23.358731 ==============================================================================
2026-05-31 05:01:23.559161 Suites.Auth.TC02 login valid
2026-05-31 05:01:23.585853 ==============================================================================
2026-05-31 05:03:04.681967 TC02 Login User With Correct Email And Password                       | FAIL |
2026-05-31 05:03:04.704025 Element 'xpath=//a[contains(text(),'Logout')]' not visible after 45 seconds.
2026-05-31 05:03:04.704047 ------------------------------------------------------------------------------
2026-05-31 05:03:04.704065 Suites.Auth.TC02 login valid                                          | FAIL |
2026-05-31 05:03:04.704731 1 test, 0 passed, 1 failed
2026-05-31 05:03:04.704759 ==============================================================================
2026-05-31 05:03:04.704825 Suites.Auth                                                           | FAIL |
2026-05-31 05:03:04.705214 1 test, 0 passed, 1 failed
2026-05-31 05:03:04.705243 ==============================================================================
2026-05-31 05:03:04.705305 Suites                                                                | FAIL |
2026-05-31 05:03:04.705614 1 test, 0 passed, 1 failed
2026-05-31 05:03:04.705679 ==============================================================================
2026-05-31 05:03:04.705698 Output:  /home/runner/work/engg-robot-testing-framework/engg-robot-testing-framework/reports/pabot_results/1/output.xml
