2026-08-13 03:08:26.581235 ==============================================================================
2026-08-13 03:08:26.588444 Suites
2026-08-13 03:08:26.588464 ==============================================================================
2026-08-13 03:08:26.588477 Suites.Cart
2026-08-13 03:08:26.589277 ==============================================================================
2026-08-13 03:08:26.589295 Suites.Cart.TC22 add from recommended items :: TC22 - Add To Cart From Reco...
2026-08-13 03:08:26.589295 [ ERROR ] Error in file '/home/runner/work/engg-robot-testing-framework/engg-robot-testing-framework/resources/common.resource' on line 4: Importing library 'playwright_keyword_library.PlaywrightKeywordLibrary' failed: ModuleNotFoundError: No module named 'playwright_keyword_library'
2026-08-13 03:08:26.610935 ==============================================================================
2026-08-13 03:08:26.610935 Traceback (most recent call last):
2026-08-13 03:08:26.610959   None
2026-08-13 03:08:26.661119 PYTHONPATH:
2026-08-13 03:08:26.711282   /opt/hostedtoolcache/Python/3.11.15/x64/bin
2026-08-13 03:08:26.761413   /opt/hostedtoolcache/Python/3.11.15/x64/lib/python311.zip
2026-08-13 03:08:26.811585   /opt/hostedtoolcache/Python/3.11.15/x64/lib/python3.11
2026-08-13 03:08:26.861779   /opt/hostedtoolcache/Python/3.11.15/x64/lib/python3.11/lib-dynload
2026-08-13 03:08:26.911959   /opt/hostedtoolcache/Python/3.11.15/x64/lib/python3.11/site-packages
2026-08-13 03:08:26.962158 [ ERROR ] Error in file '/home/runner/work/engg-robot-testing-framework/engg-robot-testing-framework/resources/cart_keywords.resource' on line 2: Importing library 'playwright_keyword_library.PlaywrightKeywordLibrary' failed: ModuleNotFoundError: No module named 'playwright_keyword_library'
2026-08-13 03:08:27.012329 Traceback (most recent call last):
2026-08-13 03:08:27.062508   None
2026-08-13 03:08:27.112686 PYTHONPATH:
2026-08-13 03:08:27.163162   /opt/hostedtoolcache/Python/3.11.15/x64/bin
2026-08-13 03:08:27.213322   /opt/hostedtoolcache/Python/3.11.15/x64/lib/python311.zip
2026-08-13 03:08:27.263499   /opt/hostedtoolcache/Python/3.11.15/x64/lib/python3.11
2026-08-13 03:08:27.313675   /opt/hostedtoolcache/Python/3.11.15/x64/lib/python3.11/lib-dynload
2026-08-13 03:08:27.363888   /opt/hostedtoolcache/Python/3.11.15/x64/lib/python3.11/site-packages
2026-08-13 03:08:36.591679 TC22 Add To Cart From Recommended Items                               | FAIL |
2026-08-13 03:08:36.621416 Setup failed:
2026-08-13 03:08:36.621436 No keyword with name 'Open Browser' found.
2026-08-13 03:08:36.621452 
2026-08-13 03:08:36.621467 Also teardown failed:
2026-08-13 03:08:36.621482 Several failures occurred:
2026-08-13 03:08:36.621494 
2026-08-13 03:08:36.621507 1) No keyword with name 'Register Keyword To Run On Failure' found.
2026-08-13 03:08:36.621520 
2026-08-13 03:08:36.621532 2) No keyword with name 'Close Browser' found. Did you mean:
2026-08-13 03:08:36.621543     common.Close Test Browser
2026-08-13 03:08:36.621555 ------------------------------------------------------------------------------
2026-08-13 03:08:36.621567 Suites.Cart.TC22 add from recommended items :: TC22 - Add To Cart ... | FAIL |
2026-08-13 03:08:36.622172 1 test, 0 passed, 1 failed
2026-08-13 03:08:36.622199 ==============================================================================
2026-08-13 03:08:36.622253 Suites.Cart                                                           | FAIL |
2026-08-13 03:08:36.622605 1 test, 0 passed, 1 failed
2026-08-13 03:08:36.622662 ==============================================================================
2026-08-13 03:08:36.622677 Suites                                                                | FAIL |
2026-08-13 03:08:36.623007 1 test, 0 passed, 1 failed
2026-08-13 03:08:36.623682 ==============================================================================
2026-08-13 03:08:36.623697 Output:  /home/runner/work/engg-robot-testing-framework/engg-robot-testing-framework/reports/pabot_results/9/output.xml
