2026-09-03 04:52:27.165940 ==============================================================================
2026-09-03 04:52:27.177852 Suites
2026-09-03 04:52:27.177874 ==============================================================================
2026-09-03 04:52:27.177888 Suites.Auth
2026-09-03 04:52:27.178646 ==============================================================================
2026-09-03 04:52:27.178663 Suites.Auth.TC04 logout user
2026-09-03 04:52:27.178663 [ ERROR ] Error in file '/home/runner/work/engg-robot-testing-framework/engg-robot-testing-framework/tests/auth/TC04_logout_user.robot' on line 2: Importing library 'playwright_keyword_library.PlaywrightKeywordLibrary' failed: ModuleNotFoundError: No module named 'playwright_keyword_library'
2026-09-03 04:52:27.195399 ==============================================================================
2026-09-03 04:52:27.195399 Traceback (most recent call last):
2026-09-03 04:52:27.195424   None
2026-09-03 04:52:27.245562 PYTHONPATH:
2026-09-03 04:52:27.295737   /opt/hostedtoolcache/Python/3.11.16/x64/bin
2026-09-03 04:52:27.345909   /opt/hostedtoolcache/Python/3.11.16/x64/lib/python311.zip
2026-09-03 04:52:27.396088   /opt/hostedtoolcache/Python/3.11.16/x64/lib/python3.11
2026-09-03 04:52:27.446232   /opt/hostedtoolcache/Python/3.11.16/x64/lib/python3.11/lib-dynload
2026-09-03 04:52:27.496397   /opt/hostedtoolcache/Python/3.11.16/x64/lib/python3.11/site-packages
2026-09-03 04:52:27.546545 [ ERROR ] Error in file '/home/runner/work/engg-robot-testing-framework/engg-robot-testing-framework/resources/auth_keywords.resource' on line 2: Importing library 'playwright_keyword_library.PlaywrightKeywordLibrary' failed: ModuleNotFoundError: No module named 'playwright_keyword_library'
2026-09-03 04:52:27.596728 Traceback (most recent call last):
2026-09-03 04:52:27.646876   None
2026-09-03 04:52:27.697050 PYTHONPATH:
2026-09-03 04:52:27.747221   /opt/hostedtoolcache/Python/3.11.16/x64/bin
2026-09-03 04:52:27.797399   /opt/hostedtoolcache/Python/3.11.16/x64/lib/python311.zip
2026-09-03 04:52:27.847576   /opt/hostedtoolcache/Python/3.11.16/x64/lib/python3.11
2026-09-03 04:52:27.897761   /opt/hostedtoolcache/Python/3.11.16/x64/lib/python3.11/lib-dynload
2026-09-03 04:52:27.947927   /opt/hostedtoolcache/Python/3.11.16/x64/lib/python3.11/site-packages
2026-09-03 04:52:27.998115 [ ERROR ] Error in file '/home/runner/work/engg-robot-testing-framework/engg-robot-testing-framework/resources/common.resource' on line 4: Importing library 'playwright_keyword_library.PlaywrightKeywordLibrary' failed: ModuleNotFoundError: No module named 'playwright_keyword_library'
2026-09-03 04:52:28.048288 Traceback (most recent call last):
2026-09-03 04:52:28.098502   None
2026-09-03 04:52:28.148736 PYTHONPATH:
2026-09-03 04:52:28.198934   /opt/hostedtoolcache/Python/3.11.16/x64/bin
2026-09-03 04:52:28.249176   /opt/hostedtoolcache/Python/3.11.16/x64/lib/python311.zip
2026-09-03 04:52:28.299367   /opt/hostedtoolcache/Python/3.11.16/x64/lib/python3.11
2026-09-03 04:52:28.349612   /opt/hostedtoolcache/Python/3.11.16/x64/lib/python3.11/lib-dynload
2026-09-03 04:52:28.399821   /opt/hostedtoolcache/Python/3.11.16/x64/lib/python3.11/site-packages
2026-09-03 04:52:37.174003 TC04 Logout User                                                      | FAIL |
2026-09-03 04:52:37.204551 Setup failed:
2026-09-03 04:52:37.204570 No keyword with name 'Open Browser' found.
2026-09-03 04:52:37.204582 
2026-09-03 04:52:37.204594 Also teardown failed:
2026-09-03 04:52:37.204606 Several failures occurred:
2026-09-03 04:52:37.204616 
2026-09-03 04:52:37.204632 1) No keyword with name 'Register Keyword To Run On Failure' found.
2026-09-03 04:52:37.204644 
2026-09-03 04:52:37.204654 2) No keyword with name 'Close Browser' found. Did you mean:
2026-09-03 04:52:37.204664     common.Close Test Browser
2026-09-03 04:52:37.204674 ------------------------------------------------------------------------------
2026-09-03 04:52:37.204684 Suites.Auth.TC04 logout user                                          | FAIL |
2026-09-03 04:52:37.205320 1 test, 0 passed, 1 failed
2026-09-03 04:52:37.205343 ==============================================================================
2026-09-03 04:52:37.205394 Suites.Auth                                                           | FAIL |
2026-09-03 04:52:37.205666 1 test, 0 passed, 1 failed
2026-09-03 04:52:37.205725 ==============================================================================
2026-09-03 04:52:37.205738 Suites                                                                | FAIL |
2026-09-03 04:52:37.206082 1 test, 0 passed, 1 failed
2026-09-03 04:52:37.206096 ==============================================================================
2026-09-03 04:52:37.206106 Output:  /home/runner/work/engg-robot-testing-framework/engg-robot-testing-framework/reports/pabot_results/3/output.xml
