2026-07-24 03:53:52.211877 ==============================================================================
2026-07-24 03:53:52.228216 Suites
2026-07-24 03:53:52.228236 ==============================================================================
2026-07-24 03:53:52.228250 Suites.Cart
2026-07-24 03:53:52.228915 ==============================================================================
2026-07-24 03:53:52.228931 Suites.Cart.TC13 verify product quantity :: TC13 - Verify Product Quantity ...
2026-07-24 03:53:52.228931 [ ERROR ] Error in file '/home/runner/work/engg-robot-testing-framework/engg-robot-testing-framework/resources/common.resource' on line 4: Importing library 'playwright_keyword_library.PlaywrightKeywordLibrary' failed: ModuleNotFoundError: No module named 'playwright_keyword_library'
2026-07-24 03:53:52.255595 ==============================================================================
2026-07-24 03:53:52.255595 Traceback (most recent call last):
2026-07-24 03:53:52.255620   None
2026-07-24 03:53:52.305756 PYTHONPATH:
2026-07-24 03:53:52.355929   /opt/hostedtoolcache/Python/3.11.15/x64/bin
2026-07-24 03:53:52.406099   /opt/hostedtoolcache/Python/3.11.15/x64/lib/python311.zip
2026-07-24 03:53:52.456265   /opt/hostedtoolcache/Python/3.11.15/x64/lib/python3.11
2026-07-24 03:53:52.506437   /opt/hostedtoolcache/Python/3.11.15/x64/lib/python3.11/lib-dynload
2026-07-24 03:53:52.556640   /opt/hostedtoolcache/Python/3.11.15/x64/lib/python3.11/site-packages
2026-07-24 03:53:52.606816 [ ERROR ] Error in file '/home/runner/work/engg-robot-testing-framework/engg-robot-testing-framework/resources/product_keywords.resource' on line 2: Importing library 'playwright_keyword_library.PlaywrightKeywordLibrary' failed: ModuleNotFoundError: No module named 'playwright_keyword_library'
2026-07-24 03:53:52.657013 Traceback (most recent call last):
2026-07-24 03:53:52.707188   None
2026-07-24 03:53:52.757328 PYTHONPATH:
2026-07-24 03:53:52.807505   /opt/hostedtoolcache/Python/3.11.15/x64/bin
2026-07-24 03:53:52.857680   /opt/hostedtoolcache/Python/3.11.15/x64/lib/python311.zip
2026-07-24 03:53:52.907820   /opt/hostedtoolcache/Python/3.11.15/x64/lib/python3.11
2026-07-24 03:53:52.957996   /opt/hostedtoolcache/Python/3.11.15/x64/lib/python3.11/lib-dynload
2026-07-24 03:53:53.008174   /opt/hostedtoolcache/Python/3.11.15/x64/lib/python3.11/site-packages
2026-07-24 03:53:53.058345 [ ERROR ] Error in file '/home/runner/work/engg-robot-testing-framework/engg-robot-testing-framework/resources/cart_keywords.resource' on line 2: Importing library 'playwright_keyword_library.PlaywrightKeywordLibrary' failed: ModuleNotFoundError: No module named 'playwright_keyword_library'
2026-07-24 03:53:53.108523 Traceback (most recent call last):
2026-07-24 03:53:53.158701   None
2026-07-24 03:53:53.208866 PYTHONPATH:
2026-07-24 03:53:53.259044   /opt/hostedtoolcache/Python/3.11.15/x64/bin
2026-07-24 03:53:53.309217   /opt/hostedtoolcache/Python/3.11.15/x64/lib/python311.zip
2026-07-24 03:53:53.359387   /opt/hostedtoolcache/Python/3.11.15/x64/lib/python3.11
2026-07-24 03:53:53.409588   /opt/hostedtoolcache/Python/3.11.15/x64/lib/python3.11/lib-dynload
2026-07-24 03:53:53.459761   /opt/hostedtoolcache/Python/3.11.15/x64/lib/python3.11/site-packages
2026-07-24 03:54:02.232144 TC13 Verify Product Quantity In Cart                                  | FAIL |
2026-07-24 03:54:02.266066 Setup failed:
2026-07-24 03:54:02.266080 No keyword with name 'Open Browser' found.
2026-07-24 03:54:02.266089 
2026-07-24 03:54:02.266096 Also teardown failed:
2026-07-24 03:54:02.266103 Several failures occurred:
2026-07-24 03:54:02.266110 
2026-07-24 03:54:02.266118 1) No keyword with name 'Register Keyword To Run On Failure' found.
2026-07-24 03:54:02.266125 
2026-07-24 03:54:02.266131 2) No keyword with name 'Close Browser' found. Did you mean:
2026-07-24 03:54:02.266138     common.Close Test Browser
2026-07-24 03:54:02.266144 ------------------------------------------------------------------------------
2026-07-24 03:54:02.266151 Suites.Cart.TC13 verify product quantity :: TC13 - Verify Product ... | FAIL |
2026-07-24 03:54:02.266704 1 test, 0 passed, 1 failed
2026-07-24 03:54:02.266721 ==============================================================================
2026-07-24 03:54:02.266751 Suites.Cart                                                           | FAIL |
2026-07-24 03:54:02.267036 1 test, 0 passed, 1 failed
2026-07-24 03:54:02.267071 ==============================================================================
2026-07-24 03:54:02.267079 Suites                                                                | FAIL |
2026-07-24 03:54:02.267350 1 test, 0 passed, 1 failed
2026-07-24 03:54:02.267383 ==============================================================================
2026-07-24 03:54:02.267390 Output:  /home/runner/work/engg-robot-testing-framework/engg-robot-testing-framework/reports/pabot_results/6/output.xml
