2026-07-14 03:44:23.818239 ==============================================================================
2026-07-14 03:44:23.823517 Suites
2026-07-14 03:44:23.823536 ==============================================================================
2026-07-14 03:44:23.823559 Suites.Auth
2026-07-14 03:44:23.824360 ==============================================================================
2026-07-14 03:44:23.824376 Suites.Auth.TC04 logout user
2026-07-14 03:44:23.824376 [ ERROR ] Error in file '/home/runner/work/engg-robot-testing-framework/engg-robot-testing-framework/tests/auth/TC04_logout_user.robot' on line 2: Importing library 'playwright_keyword_library.PlaywrightKeywordLibrary' failed: ModuleNotFoundError: No module named 'playwright_keyword_library'
2026-07-14 03:44:23.841037 ==============================================================================
2026-07-14 03:44:23.841037 Traceback (most recent call last):
2026-07-14 03:44:23.841059   None
2026-07-14 03:44:23.891210 PYTHONPATH:
2026-07-14 03:44:23.941379   /opt/hostedtoolcache/Python/3.11.15/x64/bin
2026-07-14 03:44:23.991597   /opt/hostedtoolcache/Python/3.11.15/x64/lib/python311.zip
2026-07-14 03:44:24.041735   /opt/hostedtoolcache/Python/3.11.15/x64/lib/python3.11
2026-07-14 03:44:24.091881   /opt/hostedtoolcache/Python/3.11.15/x64/lib/python3.11/lib-dynload
2026-07-14 03:44:24.142053   /opt/hostedtoolcache/Python/3.11.15/x64/lib/python3.11/site-packages
2026-07-14 03:44:24.192196 [ ERROR ] Error in file '/home/runner/work/engg-robot-testing-framework/engg-robot-testing-framework/resources/auth_keywords.resource' on line 2: Importing library 'playwright_keyword_library.PlaywrightKeywordLibrary' failed: ModuleNotFoundError: No module named 'playwright_keyword_library'
2026-07-14 03:44:24.242342 Traceback (most recent call last):
2026-07-14 03:44:24.292528   None
2026-07-14 03:44:24.342707 PYTHONPATH:
2026-07-14 03:44:24.392886   /opt/hostedtoolcache/Python/3.11.15/x64/bin
2026-07-14 03:44:24.443048   /opt/hostedtoolcache/Python/3.11.15/x64/lib/python311.zip
2026-07-14 03:44:24.493206   /opt/hostedtoolcache/Python/3.11.15/x64/lib/python3.11
2026-07-14 03:44:24.543358   /opt/hostedtoolcache/Python/3.11.15/x64/lib/python3.11/lib-dynload
2026-07-14 03:44:24.593510   /opt/hostedtoolcache/Python/3.11.15/x64/lib/python3.11/site-packages
2026-07-14 03:44:24.643661 [ ERROR ] Error in file '/home/runner/work/engg-robot-testing-framework/engg-robot-testing-framework/resources/common.resource' on line 4: Importing library 'playwright_keyword_library.PlaywrightKeywordLibrary' failed: ModuleNotFoundError: No module named 'playwright_keyword_library'
2026-07-14 03:44:24.693836 Traceback (most recent call last):
2026-07-14 03:44:24.744001   None
2026-07-14 03:44:24.794182 PYTHONPATH:
2026-07-14 03:44:24.844364   /opt/hostedtoolcache/Python/3.11.15/x64/bin
2026-07-14 03:44:24.894602   /opt/hostedtoolcache/Python/3.11.15/x64/lib/python311.zip
2026-07-14 03:44:24.944766   /opt/hostedtoolcache/Python/3.11.15/x64/lib/python3.11
2026-07-14 03:44:24.994913   /opt/hostedtoolcache/Python/3.11.15/x64/lib/python3.11/lib-dynload
2026-07-14 03:44:25.045084   /opt/hostedtoolcache/Python/3.11.15/x64/lib/python3.11/site-packages
2026-07-14 03:44:33.819155 TC04 Logout User                                                      | FAIL |
2026-07-14 03:44:33.850517 Setup failed:
2026-07-14 03:44:33.850532 No keyword with name 'Open Browser' found.
2026-07-14 03:44:33.850542 
2026-07-14 03:44:33.850563 Also teardown failed:
2026-07-14 03:44:33.850574 Several failures occurred:
2026-07-14 03:44:33.850582 
2026-07-14 03:44:33.850591 1) No keyword with name 'Register Keyword To Run On Failure' found.
2026-07-14 03:44:33.850600 
2026-07-14 03:44:33.850608 2) No keyword with name 'Close Browser' found. Did you mean:
2026-07-14 03:44:33.850617     common.Close Test Browser
2026-07-14 03:44:33.850625 ------------------------------------------------------------------------------
2026-07-14 03:44:33.850634 Suites.Auth.TC04 logout user                                          | FAIL |
2026-07-14 03:44:33.851179 1 test, 0 passed, 1 failed
2026-07-14 03:44:33.851193 ==============================================================================
2026-07-14 03:44:33.851202 Suites.Auth                                                           | FAIL |
2026-07-14 03:44:33.851590 1 test, 0 passed, 1 failed
2026-07-14 03:44:33.851645 ==============================================================================
2026-07-14 03:44:33.851655 Suites                                                                | FAIL |
2026-07-14 03:44:33.851966 1 test, 0 passed, 1 failed
2026-07-14 03:44:33.852021 ==============================================================================
2026-07-14 03:44:33.852031 Output:  /home/runner/work/engg-robot-testing-framework/engg-robot-testing-framework/reports/pabot_results/3/output.xml
