2026-09-22 05:15:35.041266 ==============================================================================
2026-09-22 05:15:35.066347 Suites
2026-09-22 05:15:35.066377 ==============================================================================
2026-09-22 05:15:35.066393 Suites.Auth
2026-09-22 05:15:35.067222 ==============================================================================
2026-09-22 05:15:35.067242 Suites.Auth.TC03 login invalid
2026-09-22 05:15:35.067242 [ ERROR ] Error in file '/home/runner/work/engg-robot-testing-framework/engg-robot-testing-framework/tests/auth/TC03_login_invalid.robot' on line 2: Importing library 'playwright_keyword_library.PlaywrightKeywordLibrary' failed: ModuleNotFoundError: No module named 'playwright_keyword_library'
2026-09-22 05:15:35.087238 ==============================================================================
2026-09-22 05:15:35.087238 Traceback (most recent call last):
2026-09-22 05:15:35.087300   None
2026-09-22 05:15:35.137473 PYTHONPATH:
2026-09-22 05:15:35.187602   /opt/hostedtoolcache/Python/3.11.16/x64/bin
2026-09-22 05:15:35.237757   /opt/hostedtoolcache/Python/3.11.16/x64/lib/python311.zip
2026-09-22 05:15:35.287909   /opt/hostedtoolcache/Python/3.11.16/x64/lib/python3.11
2026-09-22 05:15:35.338084   /opt/hostedtoolcache/Python/3.11.16/x64/lib/python3.11/lib-dynload
2026-09-22 05:15:35.388336   /opt/hostedtoolcache/Python/3.11.16/x64/lib/python3.11/site-packages
2026-09-22 05:15:35.438575 [ ERROR ] Error in file '/home/runner/work/engg-robot-testing-framework/engg-robot-testing-framework/resources/auth_keywords.resource' on line 2: Importing library 'playwright_keyword_library.PlaywrightKeywordLibrary' failed: ModuleNotFoundError: No module named 'playwright_keyword_library'
2026-09-22 05:15:35.488787 Traceback (most recent call last):
2026-09-22 05:15:35.539017   None
2026-09-22 05:15:35.589234 PYTHONPATH:
2026-09-22 05:15:35.639419   /opt/hostedtoolcache/Python/3.11.16/x64/bin
2026-09-22 05:15:35.689633   /opt/hostedtoolcache/Python/3.11.16/x64/lib/python311.zip
2026-09-22 05:15:35.739839   /opt/hostedtoolcache/Python/3.11.16/x64/lib/python3.11
2026-09-22 05:15:35.790039   /opt/hostedtoolcache/Python/3.11.16/x64/lib/python3.11/lib-dynload
2026-09-22 05:15:35.840248   /opt/hostedtoolcache/Python/3.11.16/x64/lib/python3.11/site-packages
2026-09-22 05:15:35.890484 [ ERROR ] Error in file '/home/runner/work/engg-robot-testing-framework/engg-robot-testing-framework/resources/common.resource' on line 4: Importing library 'playwright_keyword_library.PlaywrightKeywordLibrary' failed: ModuleNotFoundError: No module named 'playwright_keyword_library'
2026-09-22 05:15:35.940683 Traceback (most recent call last):
2026-09-22 05:15:35.990860   None
2026-09-22 05:15:36.041070 PYTHONPATH:
2026-09-22 05:15:36.091277   /opt/hostedtoolcache/Python/3.11.16/x64/bin
2026-09-22 05:15:36.141506   /opt/hostedtoolcache/Python/3.11.16/x64/lib/python311.zip
2026-09-22 05:15:36.191735   /opt/hostedtoolcache/Python/3.11.16/x64/lib/python3.11
2026-09-22 05:15:36.242014   /opt/hostedtoolcache/Python/3.11.16/x64/lib/python3.11/lib-dynload
2026-09-22 05:15:36.292233   /opt/hostedtoolcache/Python/3.11.16/x64/lib/python3.11/site-packages
2026-09-22 05:15:45.067912 TC03 Login User With Incorrect Email And Password                     | FAIL |
2026-09-22 05:15:45.098110 Setup failed:
2026-09-22 05:15:45.098126 No keyword with name 'Open Browser' found.
2026-09-22 05:15:45.098135 
2026-09-22 05:15:45.098144 Also teardown failed:
2026-09-22 05:15:45.098152 Several failures occurred:
2026-09-22 05:15:45.098160 
2026-09-22 05:15:45.098168 1) No keyword with name 'Register Keyword To Run On Failure' found.
2026-09-22 05:15:45.098177 
2026-09-22 05:15:45.098184 2) No keyword with name 'Close Browser' found. Did you mean:
2026-09-22 05:15:45.098193     common.Close Test Browser
2026-09-22 05:15:45.098202 ------------------------------------------------------------------------------
2026-09-22 05:15:45.098209 Suites.Auth.TC03 login invalid                                        | FAIL |
2026-09-22 05:15:45.098910 1 test, 0 passed, 1 failed
2026-09-22 05:15:45.098971 ==============================================================================
2026-09-22 05:15:45.098981 Suites.Auth                                                           | FAIL |
2026-09-22 05:15:45.099717 1 test, 0 passed, 1 failed
2026-09-22 05:15:45.099737 ==============================================================================
2026-09-22 05:15:45.099755 Suites                                                                | FAIL |
2026-09-22 05:15:45.099990 1 test, 0 passed, 1 failed
2026-09-22 05:15:45.100056 ==============================================================================
2026-09-22 05:15:45.100066 Output:  /home/runner/work/engg-robot-testing-framework/engg-robot-testing-framework/reports/pabot_results/2/output.xml
