2026-07-12 04:06:54.536711 ==============================================================================
2026-07-12 04:06:54.555679 Suites
2026-07-12 04:06:54.555695 ==============================================================================
2026-07-12 04:06:54.555707 Suites.Cart
2026-07-12 04:06:54.556392 ==============================================================================
2026-07-12 04:06:54.556406 Suites.Cart.TC17 remove products from cart :: TC17 - Remove Products From Cart
2026-07-12 04:06:54.556406 [ ERROR ] Error in file '/home/runner/work/engg-robot-testing-framework/engg-robot-testing-framework/resources/common.resource' on line 4: Importing library 'playwright_keyword_library.PlaywrightKeywordLibrary' failed: ModuleNotFoundError: No module named 'playwright_keyword_library'
2026-07-12 04:06:54.583675 ==============================================================================
2026-07-12 04:06:54.583675 Traceback (most recent call last):
2026-07-12 04:06:54.583696   None
2026-07-12 04:06:54.633783 PYTHONPATH:
2026-07-12 04:06:54.683871   /opt/hostedtoolcache/Python/3.11.15/x64/bin
2026-07-12 04:06:54.733955   /opt/hostedtoolcache/Python/3.11.15/x64/lib/python311.zip
2026-07-12 04:06:54.784041   /opt/hostedtoolcache/Python/3.11.15/x64/lib/python3.11
2026-07-12 04:06:54.834180   /opt/hostedtoolcache/Python/3.11.15/x64/lib/python3.11/lib-dynload
2026-07-12 04:06:54.884419   /opt/hostedtoolcache/Python/3.11.15/x64/lib/python3.11/site-packages
2026-07-12 04:06:54.934659 [ ERROR ] Error in file '/home/runner/work/engg-robot-testing-framework/engg-robot-testing-framework/resources/product_keywords.resource' on line 2: Importing library 'playwright_keyword_library.PlaywrightKeywordLibrary' failed: ModuleNotFoundError: No module named 'playwright_keyword_library'
2026-07-12 04:06:54.984855 Traceback (most recent call last):
2026-07-12 04:06:55.035076   None
2026-07-12 04:06:55.085265 PYTHONPATH:
2026-07-12 04:06:55.135510   /opt/hostedtoolcache/Python/3.11.15/x64/bin
2026-07-12 04:06:55.185699   /opt/hostedtoolcache/Python/3.11.15/x64/lib/python311.zip
2026-07-12 04:06:55.235922   /opt/hostedtoolcache/Python/3.11.15/x64/lib/python3.11
2026-07-12 04:06:55.286138   /opt/hostedtoolcache/Python/3.11.15/x64/lib/python3.11/lib-dynload
2026-07-12 04:06:55.336370   /opt/hostedtoolcache/Python/3.11.15/x64/lib/python3.11/site-packages
2026-07-12 04:06:55.386597 [ ERROR ] Error in file '/home/runner/work/engg-robot-testing-framework/engg-robot-testing-framework/resources/cart_keywords.resource' on line 2: Importing library 'playwright_keyword_library.PlaywrightKeywordLibrary' failed: ModuleNotFoundError: No module named 'playwright_keyword_library'
2026-07-12 04:06:55.436827 Traceback (most recent call last):
2026-07-12 04:06:55.487011   None
2026-07-12 04:06:55.537267 PYTHONPATH:
2026-07-12 04:06:55.587525   /opt/hostedtoolcache/Python/3.11.15/x64/bin
2026-07-12 04:06:55.637686   /opt/hostedtoolcache/Python/3.11.15/x64/lib/python311.zip
2026-07-12 04:06:55.687864   /opt/hostedtoolcache/Python/3.11.15/x64/lib/python3.11
2026-07-12 04:06:55.738109   /opt/hostedtoolcache/Python/3.11.15/x64/lib/python3.11/lib-dynload
2026-07-12 04:06:55.788280   /opt/hostedtoolcache/Python/3.11.15/x64/lib/python3.11/site-packages
2026-07-12 04:07:04.562795 TC17 Remove Products From Cart                                        | FAIL |
2026-07-12 04:07:04.594226 Setup failed:
2026-07-12 04:07:04.594245 No keyword with name 'Open Browser' found.
2026-07-12 04:07:04.594259 
2026-07-12 04:07:04.594271 Also teardown failed:
2026-07-12 04:07:04.594282 Several failures occurred:
2026-07-12 04:07:04.594294 
2026-07-12 04:07:04.594306 1) No keyword with name 'Register Keyword To Run On Failure' found.
2026-07-12 04:07:04.594318 
2026-07-12 04:07:04.594328 2) No keyword with name 'Close Browser' found. Did you mean:
2026-07-12 04:07:04.594340     common.Close Test Browser
2026-07-12 04:07:04.594351 ------------------------------------------------------------------------------
2026-07-12 04:07:04.594362 Suites.Cart.TC17 remove products from cart :: TC17 - Remove Produc... | FAIL |
2026-07-12 04:07:04.594719 1 test, 0 passed, 1 failed
2026-07-12 04:07:04.594779 ==============================================================================
2026-07-12 04:07:04.594791 Suites.Cart                                                           | FAIL |
2026-07-12 04:07:04.595112 1 test, 0 passed, 1 failed
2026-07-12 04:07:04.595130 ==============================================================================
2026-07-12 04:07:04.595188 Suites                                                                | FAIL |
2026-07-12 04:07:04.595435 1 test, 0 passed, 1 failed
2026-07-12 04:07:04.595510 ==============================================================================
2026-07-12 04:07:04.595532 Output:  /home/runner/work/engg-robot-testing-framework/engg-robot-testing-framework/reports/pabot_results/7/output.xml
