2026-09-16 05:05:16.692154 ==============================================================================
2026-09-16 05:05:16.715896 Suites
2026-09-16 05:05:16.715918 ==============================================================================
2026-09-16 05:05:16.715934 Suites.Cart
2026-09-16 05:05:16.716754 ==============================================================================
2026-09-16 05:05:16.716773 Suites.Cart.TC17 remove products from cart :: TC17 - Remove Products From Cart
2026-09-16 05:05:16.716773 [ ERROR ] Error in file '/home/runner/work/engg-robot-testing-framework/engg-robot-testing-framework/resources/common.resource' on line 4: Importing library 'playwright_keyword_library.PlaywrightKeywordLibrary' failed: ModuleNotFoundError: No module named 'playwright_keyword_library'
2026-09-16 05:05:16.748160 ==============================================================================
2026-09-16 05:05:16.748160 Traceback (most recent call last):
2026-09-16 05:05:16.748186   None
2026-09-16 05:05:16.798282 PYTHONPATH:
2026-09-16 05:05:16.848384   /opt/hostedtoolcache/Python/3.11.16/x64/bin
2026-09-16 05:05:16.898476   /opt/hostedtoolcache/Python/3.11.16/x64/lib/python311.zip
2026-09-16 05:05:16.948575   /opt/hostedtoolcache/Python/3.11.16/x64/lib/python3.11
2026-09-16 05:05:16.998676   /opt/hostedtoolcache/Python/3.11.16/x64/lib/python3.11/lib-dynload
2026-09-16 05:05:17.048777   /opt/hostedtoolcache/Python/3.11.16/x64/lib/python3.11/site-packages
2026-09-16 05:05:17.098924 [ ERROR ] Error in file '/home/runner/work/engg-robot-testing-framework/engg-robot-testing-framework/resources/product_keywords.resource' on line 2: Importing library 'playwright_keyword_library.PlaywrightKeywordLibrary' failed: ModuleNotFoundError: No module named 'playwright_keyword_library'
2026-09-16 05:05:17.149040 Traceback (most recent call last):
2026-09-16 05:05:17.199201   None
2026-09-16 05:05:17.249356 PYTHONPATH:
2026-09-16 05:05:17.299505   /opt/hostedtoolcache/Python/3.11.16/x64/bin
2026-09-16 05:05:17.349657   /opt/hostedtoolcache/Python/3.11.16/x64/lib/python311.zip
2026-09-16 05:05:17.399809   /opt/hostedtoolcache/Python/3.11.16/x64/lib/python3.11
2026-09-16 05:05:17.449912   /opt/hostedtoolcache/Python/3.11.16/x64/lib/python3.11/lib-dynload
2026-09-16 05:05:17.500076   /opt/hostedtoolcache/Python/3.11.16/x64/lib/python3.11/site-packages
2026-09-16 05:05:17.550239 [ ERROR ] Error in file '/home/runner/work/engg-robot-testing-framework/engg-robot-testing-framework/resources/cart_keywords.resource' on line 2: Importing library 'playwright_keyword_library.PlaywrightKeywordLibrary' failed: ModuleNotFoundError: No module named 'playwright_keyword_library'
2026-09-16 05:05:17.600374 Traceback (most recent call last):
2026-09-16 05:05:17.650530   None
2026-09-16 05:05:17.700650 PYTHONPATH:
2026-09-16 05:05:17.750773   /opt/hostedtoolcache/Python/3.11.16/x64/bin
2026-09-16 05:05:17.800884   /opt/hostedtoolcache/Python/3.11.16/x64/lib/python311.zip
2026-09-16 05:05:17.851010   /opt/hostedtoolcache/Python/3.11.16/x64/lib/python3.11
2026-09-16 05:05:17.901151   /opt/hostedtoolcache/Python/3.11.16/x64/lib/python3.11/lib-dynload
2026-09-16 05:05:17.951407   /opt/hostedtoolcache/Python/3.11.16/x64/lib/python3.11/site-packages
2026-09-16 05:05:26.725014 TC17 Remove Products From Cart                                        | FAIL |
2026-09-16 05:05:26.761435 Setup failed:
2026-09-16 05:05:26.761444 No keyword with name 'Open Browser' found.
2026-09-16 05:05:26.761451 
2026-09-16 05:05:26.761457 Also teardown failed:
2026-09-16 05:05:26.761464 Several failures occurred:
2026-09-16 05:05:26.761471 
2026-09-16 05:05:26.761477 1) No keyword with name 'Register Keyword To Run On Failure' found.
2026-09-16 05:05:26.761483 
2026-09-16 05:05:26.761489 2) No keyword with name 'Close Browser' found. Did you mean:
2026-09-16 05:05:26.761496     common.Close Test Browser
2026-09-16 05:05:26.761502 ------------------------------------------------------------------------------
2026-09-16 05:05:26.761508 Suites.Cart.TC17 remove products from cart :: TC17 - Remove Produc... | FAIL |
2026-09-16 05:05:26.762337 1 test, 0 passed, 1 failed
2026-09-16 05:05:26.762395 ==============================================================================
2026-09-16 05:05:26.762403 Suites.Cart                                                           | FAIL |
2026-09-16 05:05:26.762841 1 test, 0 passed, 1 failed
2026-09-16 05:05:26.762879 ==============================================================================
2026-09-16 05:05:26.762886 Suites                                                                | FAIL |
2026-09-16 05:05:26.763302 1 test, 0 passed, 1 failed
2026-09-16 05:05:26.763359 ==============================================================================
2026-09-16 05:05:26.763367 Output:  /home/runner/work/engg-robot-testing-framework/engg-robot-testing-framework/reports/pabot_results/7/output.xml
