2026-08-26 02:08:48.755299 ==============================================================================
2026-08-26 02:08:48.772180 Suites
2026-08-26 02:08:48.772200 ==============================================================================
2026-08-26 02:08:48.772214 Suites.Auth
2026-08-26 02:08:48.772941 ==============================================================================
2026-08-26 02:08:48.772957 Suites.Auth.TC03 login invalid
2026-08-26 02:08:48.772957 [ ERROR ] Error in file '/home/runner/work/engg-robot-testing-framework/engg-robot-testing-framework/tests/auth/TC03_login_invalid.robot' on line 2: Importing library 'playwright_keyword_library.PlaywrightKeywordLibrary' failed: ModuleNotFoundError: No module named 'playwright_keyword_library'
2026-08-26 02:08:48.789621 ==============================================================================
2026-08-26 02:08:48.789621 Traceback (most recent call last):
2026-08-26 02:08:48.789652   None
2026-08-26 02:08:48.839785 PYTHONPATH:
2026-08-26 02:08:48.889942   /opt/hostedtoolcache/Python/3.11.16/x64/bin
2026-08-26 02:08:48.940112   /opt/hostedtoolcache/Python/3.11.16/x64/lib/python311.zip
2026-08-26 02:08:48.990294   /opt/hostedtoolcache/Python/3.11.16/x64/lib/python3.11
2026-08-26 02:08:49.040465   /opt/hostedtoolcache/Python/3.11.16/x64/lib/python3.11/lib-dynload
2026-08-26 02:08:49.090677   /opt/hostedtoolcache/Python/3.11.16/x64/lib/python3.11/site-packages
2026-08-26 02:08:49.140854 [ ERROR ] Error in file '/home/runner/work/engg-robot-testing-framework/engg-robot-testing-framework/resources/auth_keywords.resource' on line 2: Importing library 'playwright_keyword_library.PlaywrightKeywordLibrary' failed: ModuleNotFoundError: No module named 'playwright_keyword_library'
2026-08-26 02:08:49.191029 Traceback (most recent call last):
2026-08-26 02:08:49.241198   None
2026-08-26 02:08:49.291393 PYTHONPATH:
2026-08-26 02:08:49.341575   /opt/hostedtoolcache/Python/3.11.16/x64/bin
2026-08-26 02:08:49.391752   /opt/hostedtoolcache/Python/3.11.16/x64/lib/python311.zip
2026-08-26 02:08:49.441925   /opt/hostedtoolcache/Python/3.11.16/x64/lib/python3.11
2026-08-26 02:08:49.492115   /opt/hostedtoolcache/Python/3.11.16/x64/lib/python3.11/lib-dynload
2026-08-26 02:08:49.542292   /opt/hostedtoolcache/Python/3.11.16/x64/lib/python3.11/site-packages
2026-08-26 02:08:49.592475 [ ERROR ] Error in file '/home/runner/work/engg-robot-testing-framework/engg-robot-testing-framework/resources/common.resource' on line 4: Importing library 'playwright_keyword_library.PlaywrightKeywordLibrary' failed: ModuleNotFoundError: No module named 'playwright_keyword_library'
2026-08-26 02:08:49.642674 Traceback (most recent call last):
2026-08-26 02:08:49.692844   None
2026-08-26 02:08:49.743019 PYTHONPATH:
2026-08-26 02:08:49.793191   /opt/hostedtoolcache/Python/3.11.16/x64/bin
2026-08-26 02:08:49.843364   /opt/hostedtoolcache/Python/3.11.16/x64/lib/python311.zip
2026-08-26 02:08:49.893543   /opt/hostedtoolcache/Python/3.11.16/x64/lib/python3.11
2026-08-26 02:08:49.943718   /opt/hostedtoolcache/Python/3.11.16/x64/lib/python3.11/lib-dynload
2026-08-26 02:08:49.993905   /opt/hostedtoolcache/Python/3.11.16/x64/lib/python3.11/site-packages
2026-08-26 02:08:58.768047 TC03 Login User With Incorrect Email And Password                     | FAIL |
2026-08-26 02:08:58.798846 Setup failed:
2026-08-26 02:08:58.798860 No keyword with name 'Open Browser' found.
2026-08-26 02:08:58.798869 
2026-08-26 02:08:58.798876 Also teardown failed:
2026-08-26 02:08:58.798883 Several failures occurred:
2026-08-26 02:08:58.798890 
2026-08-26 02:08:58.798897 1) No keyword with name 'Register Keyword To Run On Failure' found.
2026-08-26 02:08:58.798904 
2026-08-26 02:08:58.798911 2) No keyword with name 'Close Browser' found. Did you mean:
2026-08-26 02:08:58.798918     common.Close Test Browser
2026-08-26 02:08:58.798924 ------------------------------------------------------------------------------
2026-08-26 02:08:58.798931 Suites.Auth.TC03 login invalid                                        | FAIL |
2026-08-26 02:08:58.799497 1 test, 0 passed, 1 failed
2026-08-26 02:08:58.799510 ==============================================================================
2026-08-26 02:08:58.799518 Suites.Auth                                                           | FAIL |
2026-08-26 02:08:58.799946 1 test, 0 passed, 1 failed
2026-08-26 02:08:58.799989 ==============================================================================
2026-08-26 02:08:58.799996 Suites                                                                | FAIL |
2026-08-26 02:08:58.800336 1 test, 0 passed, 1 failed
2026-08-26 02:08:58.800364 ==============================================================================
2026-08-26 02:08:58.800371 Output:  /home/runner/work/engg-robot-testing-framework/engg-robot-testing-framework/reports/pabot_results/2/output.xml
