2026-10-02 06:00:17.149637 ==============================================================================
2026-10-02 06:00:17.183618 Suites
2026-10-02 06:00:17.183632 ==============================================================================
2026-10-02 06:00:17.183642 Suites.Cart
2026-10-02 06:00:17.184247 ==============================================================================
2026-10-02 06:00:17.184260 Suites.Cart.TC17 remove products from cart :: TC17 - Remove Products From Cart
2026-10-02 06:00:17.184260 [ ERROR ] Error in file '/home/runner/work/engg-robot-testing-framework/engg-robot-testing-framework/resources/common.resource' on line 4: Importing library 'playwright_keyword_library.PlaywrightKeywordLibrary' failed: ModuleNotFoundError: No module named 'playwright_keyword_library'
2026-10-02 06:00:17.210118 ==============================================================================
2026-10-02 06:00:17.210118 Traceback (most recent call last):
2026-10-02 06:00:17.210161   None
2026-10-02 06:00:17.260283 PYTHONPATH:
2026-10-02 06:00:17.310394   /opt/hostedtoolcache/Python/3.11.16/x64/bin
2026-10-02 06:00:17.360528   /opt/hostedtoolcache/Python/3.11.16/x64/lib/python311.zip
2026-10-02 06:00:17.410648   /opt/hostedtoolcache/Python/3.11.16/x64/lib/python3.11
2026-10-02 06:00:17.460779   /opt/hostedtoolcache/Python/3.11.16/x64/lib/python3.11/lib-dynload
2026-10-02 06:00:17.510901   /opt/hostedtoolcache/Python/3.11.16/x64/lib/python3.11/site-packages
2026-10-02 06:00:17.561052 [ ERROR ] Error in file '/home/runner/work/engg-robot-testing-framework/engg-robot-testing-framework/resources/product_keywords.resource' on line 2: Importing library 'playwright_keyword_library.PlaywrightKeywordLibrary' failed: ModuleNotFoundError: No module named 'playwright_keyword_library'
2026-10-02 06:00:17.611180 Traceback (most recent call last):
2026-10-02 06:00:17.661296   None
2026-10-02 06:00:17.711408 PYTHONPATH:
2026-10-02 06:00:17.761548   /opt/hostedtoolcache/Python/3.11.16/x64/bin
2026-10-02 06:00:17.811661   /opt/hostedtoolcache/Python/3.11.16/x64/lib/python311.zip
2026-10-02 06:00:17.861807   /opt/hostedtoolcache/Python/3.11.16/x64/lib/python3.11
2026-10-02 06:00:17.911934   /opt/hostedtoolcache/Python/3.11.16/x64/lib/python3.11/lib-dynload
2026-10-02 06:00:17.962076   /opt/hostedtoolcache/Python/3.11.16/x64/lib/python3.11/site-packages
2026-10-02 06:00:18.012199 [ ERROR ] Error in file '/home/runner/work/engg-robot-testing-framework/engg-robot-testing-framework/resources/cart_keywords.resource' on line 2: Importing library 'playwright_keyword_library.PlaywrightKeywordLibrary' failed: ModuleNotFoundError: No module named 'playwright_keyword_library'
2026-10-02 06:00:18.062336 Traceback (most recent call last):
2026-10-02 06:00:18.112453   None
2026-10-02 06:00:18.162588 PYTHONPATH:
2026-10-02 06:00:18.212702   /opt/hostedtoolcache/Python/3.11.16/x64/bin
2026-10-02 06:00:18.262851   /opt/hostedtoolcache/Python/3.11.16/x64/lib/python311.zip
2026-10-02 06:00:18.312963   /opt/hostedtoolcache/Python/3.11.16/x64/lib/python3.11
2026-10-02 06:00:18.363102   /opt/hostedtoolcache/Python/3.11.16/x64/lib/python3.11/lib-dynload
2026-10-02 06:00:18.413190   /opt/hostedtoolcache/Python/3.11.16/x64/lib/python3.11/site-packages
2026-10-02 06:00:27.182534 TC17 Remove Products From Cart                                        | FAIL |
2026-10-02 06:00:27.219236 Setup failed:
2026-10-02 06:00:27.219250 No keyword with name 'Open Browser' found.
2026-10-02 06:00:27.219260 
2026-10-02 06:00:27.219270 Also teardown failed:
2026-10-02 06:00:27.219279 Several failures occurred:
2026-10-02 06:00:27.219287 
2026-10-02 06:00:27.219296 1) No keyword with name 'Register Keyword To Run On Failure' found.
2026-10-02 06:00:27.219305 
2026-10-02 06:00:27.219314 2) No keyword with name 'Close Browser' found. Did you mean:
2026-10-02 06:00:27.219322     common.Close Test Browser
2026-10-02 06:00:27.219331 ------------------------------------------------------------------------------
2026-10-02 06:00:27.219340 Suites.Cart.TC17 remove products from cart :: TC17 - Remove Produc... | FAIL |
2026-10-02 06:00:27.219348 1 test, 0 passed, 1 failed
2026-10-02 06:00:27.219356 ==============================================================================
2026-10-02 06:00:27.219364 Suites.Cart                                                           | FAIL |
2026-10-02 06:00:27.219372 1 test, 0 passed, 1 failed
2026-10-02 06:00:27.219381 ==============================================================================
2026-10-02 06:00:27.219390 Suites                                                                | FAIL |
2026-10-02 06:00:27.219480 1 test, 0 passed, 1 failed
2026-10-02 06:00:27.219495 ==============================================================================
2026-10-02 06:00:27.219538 Output:  /home/runner/work/engg-robot-testing-framework/engg-robot-testing-framework/reports/pabot_results/7/output.xml
