2026-08-22 01:57:48.474088 ==============================================================================
2026-08-22 01:57:48.490436 Suites
2026-08-22 01:57:48.490454 ==============================================================================
2026-08-22 01:57:48.490469 Suites.Cart
2026-08-22 01:57:48.491375 ==============================================================================
2026-08-22 01:57:48.491394 Suites.Cart.TC17 remove products from cart :: TC17 - Remove Products From Cart
2026-08-22 01:57:48.491394 [ ERROR ] Error in file '/home/runner/work/engg-robot-testing-framework/engg-robot-testing-framework/resources/common.resource' on line 4: Importing library 'playwright_keyword_library.PlaywrightKeywordLibrary' failed: ModuleNotFoundError: No module named 'playwright_keyword_library'
2026-08-22 01:57:48.522416 ==============================================================================
2026-08-22 01:57:48.522416 Traceback (most recent call last):
2026-08-22 01:57:48.522443   None
2026-08-22 01:57:48.572541 PYTHONPATH:
2026-08-22 01:57:48.622653   /opt/hostedtoolcache/Python/3.11.16/x64/bin
2026-08-22 01:57:48.672759   /opt/hostedtoolcache/Python/3.11.16/x64/lib/python311.zip
2026-08-22 01:57:48.722854   /opt/hostedtoolcache/Python/3.11.16/x64/lib/python3.11
2026-08-22 01:57:48.772947   /opt/hostedtoolcache/Python/3.11.16/x64/lib/python3.11/lib-dynload
2026-08-22 01:57:48.823041   /opt/hostedtoolcache/Python/3.11.16/x64/lib/python3.11/site-packages
2026-08-22 01:57:48.873175 [ ERROR ] Error in file '/home/runner/work/engg-robot-testing-framework/engg-robot-testing-framework/resources/product_keywords.resource' on line 2: Importing library 'playwright_keyword_library.PlaywrightKeywordLibrary' failed: ModuleNotFoundError: No module named 'playwright_keyword_library'
2026-08-22 01:57:48.923314 Traceback (most recent call last):
2026-08-22 01:57:48.973450   None
2026-08-22 01:57:49.023586 PYTHONPATH:
2026-08-22 01:57:49.073719   /opt/hostedtoolcache/Python/3.11.16/x64/bin
2026-08-22 01:57:49.123849   /opt/hostedtoolcache/Python/3.11.16/x64/lib/python311.zip
2026-08-22 01:57:49.173983   /opt/hostedtoolcache/Python/3.11.16/x64/lib/python3.11
2026-08-22 01:57:49.224114   /opt/hostedtoolcache/Python/3.11.16/x64/lib/python3.11/lib-dynload
2026-08-22 01:57:49.274248   /opt/hostedtoolcache/Python/3.11.16/x64/lib/python3.11/site-packages
2026-08-22 01:57:49.324392 [ ERROR ] Error in file '/home/runner/work/engg-robot-testing-framework/engg-robot-testing-framework/resources/cart_keywords.resource' on line 2: Importing library 'playwright_keyword_library.PlaywrightKeywordLibrary' failed: ModuleNotFoundError: No module named 'playwright_keyword_library'
2026-08-22 01:57:49.374532 Traceback (most recent call last):
2026-08-22 01:57:49.424664   None
2026-08-22 01:57:49.474796 PYTHONPATH:
2026-08-22 01:57:49.524928   /opt/hostedtoolcache/Python/3.11.16/x64/bin
2026-08-22 01:57:49.575063   /opt/hostedtoolcache/Python/3.11.16/x64/lib/python311.zip
2026-08-22 01:57:49.625194   /opt/hostedtoolcache/Python/3.11.16/x64/lib/python3.11
2026-08-22 01:57:49.675326   /opt/hostedtoolcache/Python/3.11.16/x64/lib/python3.11/lib-dynload
2026-08-22 01:57:49.725421   /opt/hostedtoolcache/Python/3.11.16/x64/lib/python3.11/site-packages
2026-08-22 01:57:58.495813 TC17 Remove Products From Cart                                        | FAIL |
2026-08-22 01:57:58.534743 Setup failed:
2026-08-22 01:57:58.534762 No keyword with name 'Open Browser' found.
2026-08-22 01:57:58.534780 
2026-08-22 01:57:58.534795 Also teardown failed:
2026-08-22 01:57:58.534815 Several failures occurred:
2026-08-22 01:57:58.534829 
2026-08-22 01:57:58.534848 1) No keyword with name 'Register Keyword To Run On Failure' found.
2026-08-22 01:57:58.534867 
2026-08-22 01:57:58.534879 2) No keyword with name 'Close Browser' found. Did you mean:
2026-08-22 01:57:58.534897     common.Close Test Browser
2026-08-22 01:57:58.534915 ------------------------------------------------------------------------------
2026-08-22 01:57:58.534931 Suites.Cart.TC17 remove products from cart :: TC17 - Remove Produc... | FAIL |
2026-08-22 01:57:58.534945 1 test, 0 passed, 1 failed
2026-08-22 01:57:58.534996 ==============================================================================
2026-08-22 01:57:58.535035 Suites.Cart                                                           | FAIL |
2026-08-22 01:57:58.535098 1 test, 0 passed, 1 failed
2026-08-22 01:57:58.535116 ==============================================================================
2026-08-22 01:57:58.535131 Suites                                                                | FAIL |
2026-08-22 01:57:58.535325 1 test, 0 passed, 1 failed
2026-08-22 01:57:58.535402 ==============================================================================
2026-08-22 01:57:58.535417 Output:  /home/runner/work/engg-robot-testing-framework/engg-robot-testing-framework/reports/pabot_results/7/output.xml
