2026-09-13 05:11:32.189277 ==============================================================================
2026-09-13 05:11:32.206656 Suites
2026-09-13 05:11:32.206677 ==============================================================================
2026-09-13 05:11:32.206692 Suites.Cart
2026-09-13 05:11:32.207517 ==============================================================================
2026-09-13 05:11:32.207537 Suites.Cart.TC13 verify product quantity :: TC13 - Verify Product Quantity ...
2026-09-13 05:11:32.207537 [ ERROR ] Error in file '/home/runner/work/engg-robot-testing-framework/engg-robot-testing-framework/resources/common.resource' on line 4: Importing library 'playwright_keyword_library.PlaywrightKeywordLibrary' failed: ModuleNotFoundError: No module named 'playwright_keyword_library'
2026-09-13 05:11:32.237882 ==============================================================================
2026-09-13 05:11:32.237882 Traceback (most recent call last):
2026-09-13 05:11:32.237908   None
2026-09-13 05:11:32.288014 PYTHONPATH:
2026-09-13 05:11:32.338120   /opt/hostedtoolcache/Python/3.11.16/x64/bin
2026-09-13 05:11:32.388232   /opt/hostedtoolcache/Python/3.11.16/x64/lib/python311.zip
2026-09-13 05:11:32.438362   /opt/hostedtoolcache/Python/3.11.16/x64/lib/python3.11
2026-09-13 05:11:32.488464   /opt/hostedtoolcache/Python/3.11.16/x64/lib/python3.11/lib-dynload
2026-09-13 05:11:32.538608   /opt/hostedtoolcache/Python/3.11.16/x64/lib/python3.11/site-packages
2026-09-13 05:11:32.588766 [ ERROR ] Error in file '/home/runner/work/engg-robot-testing-framework/engg-robot-testing-framework/resources/product_keywords.resource' on line 2: Importing library 'playwright_keyword_library.PlaywrightKeywordLibrary' failed: ModuleNotFoundError: No module named 'playwright_keyword_library'
2026-09-13 05:11:32.638945 Traceback (most recent call last):
2026-09-13 05:11:32.689102   None
2026-09-13 05:11:32.739260 PYTHONPATH:
2026-09-13 05:11:32.789418   /opt/hostedtoolcache/Python/3.11.16/x64/bin
2026-09-13 05:11:32.839575   /opt/hostedtoolcache/Python/3.11.16/x64/lib/python311.zip
2026-09-13 05:11:32.889684   /opt/hostedtoolcache/Python/3.11.16/x64/lib/python3.11
2026-09-13 05:11:32.939834   /opt/hostedtoolcache/Python/3.11.16/x64/lib/python3.11/lib-dynload
2026-09-13 05:11:32.989991   /opt/hostedtoolcache/Python/3.11.16/x64/lib/python3.11/site-packages
2026-09-13 05:11:33.040125 [ ERROR ] Error in file '/home/runner/work/engg-robot-testing-framework/engg-robot-testing-framework/resources/cart_keywords.resource' on line 2: Importing library 'playwright_keyword_library.PlaywrightKeywordLibrary' failed: ModuleNotFoundError: No module named 'playwright_keyword_library'
2026-09-13 05:11:33.090282 Traceback (most recent call last):
2026-09-13 05:11:33.140417   None
2026-09-13 05:11:33.190573 PYTHONPATH:
2026-09-13 05:11:33.240713   /opt/hostedtoolcache/Python/3.11.16/x64/bin
2026-09-13 05:11:33.290859   /opt/hostedtoolcache/Python/3.11.16/x64/lib/python311.zip
2026-09-13 05:11:33.340992   /opt/hostedtoolcache/Python/3.11.16/x64/lib/python3.11
2026-09-13 05:11:33.391148   /opt/hostedtoolcache/Python/3.11.16/x64/lib/python3.11/lib-dynload
2026-09-13 05:11:33.441286   /opt/hostedtoolcache/Python/3.11.16/x64/lib/python3.11/site-packages
2026-09-13 05:11:42.213040 TC13 Verify Product Quantity In Cart                                  | FAIL |
2026-09-13 05:11:42.249050 Setup failed:
2026-09-13 05:11:42.249070 No keyword with name 'Open Browser' found.
2026-09-13 05:11:42.249086 
2026-09-13 05:11:42.249131 Also teardown failed:
2026-09-13 05:11:42.249150 Several failures occurred:
2026-09-13 05:11:42.249163 
2026-09-13 05:11:42.249176 1) No keyword with name 'Register Keyword To Run On Failure' found.
2026-09-13 05:11:42.249194 
2026-09-13 05:11:42.249206 2) No keyword with name 'Close Browser' found. Did you mean:
2026-09-13 05:11:42.249217     common.Close Test Browser
2026-09-13 05:11:42.249228 ------------------------------------------------------------------------------
2026-09-13 05:11:42.249240 Suites.Cart.TC13 verify product quantity :: TC13 - Verify Product ... | FAIL |
2026-09-13 05:11:42.249801 1 test, 0 passed, 1 failed
2026-09-13 05:11:42.249862 ==============================================================================
2026-09-13 05:11:42.249877 Suites.Cart                                                           | FAIL |
2026-09-13 05:11:42.250268 1 test, 0 passed, 1 failed
2026-09-13 05:11:42.250329 ==============================================================================
2026-09-13 05:11:42.250345 Suites                                                                | FAIL |
2026-09-13 05:11:42.250641 1 test, 0 passed, 1 failed
2026-09-13 05:11:42.250701 ==============================================================================
2026-09-13 05:11:42.250715 Output:  /home/runner/work/engg-robot-testing-framework/engg-robot-testing-framework/reports/pabot_results/6/output.xml
