2026-09-17 05:08:15.405747 ==============================================================================
2026-09-17 05:08:15.423093 Suites
2026-09-17 05:08:15.423114 ==============================================================================
2026-09-17 05:08:15.423129 Suites.Cart
2026-09-17 05:08:15.423971 ==============================================================================
2026-09-17 05:08:15.423992 Suites.Cart.TC20 search and verify cart after login :: TC20 - Search Produc...
2026-09-17 05:08:15.423992 [ ERROR ] Error in file '/home/runner/work/engg-robot-testing-framework/engg-robot-testing-framework/tests/cart/TC20_search_and_verify_cart_after_login.robot' on line 3: Importing library 'playwright_keyword_library.PlaywrightKeywordLibrary' failed: ModuleNotFoundError: No module named 'playwright_keyword_library'
2026-09-17 05:08:15.459970 ==============================================================================
2026-09-17 05:08:15.459970 Traceback (most recent call last):
2026-09-17 05:08:15.459994   None
2026-09-17 05:08:15.510111 PYTHONPATH:
2026-09-17 05:08:15.560216   /opt/hostedtoolcache/Python/3.11.16/x64/bin
2026-09-17 05:08:15.610323   /opt/hostedtoolcache/Python/3.11.16/x64/lib/python311.zip
2026-09-17 05:08:15.660431   /opt/hostedtoolcache/Python/3.11.16/x64/lib/python3.11
2026-09-17 05:08:15.710534   /opt/hostedtoolcache/Python/3.11.16/x64/lib/python3.11/lib-dynload
2026-09-17 05:08:15.760683   /opt/hostedtoolcache/Python/3.11.16/x64/lib/python3.11/site-packages
2026-09-17 05:08:15.810793 [ ERROR ] Error in file '/home/runner/work/engg-robot-testing-framework/engg-robot-testing-framework/resources/common.resource' on line 4: Importing library 'playwright_keyword_library.PlaywrightKeywordLibrary' failed: ModuleNotFoundError: No module named 'playwright_keyword_library'
2026-09-17 05:08:15.860943 Traceback (most recent call last):
2026-09-17 05:08:15.911079   None
2026-09-17 05:08:15.961231 PYTHONPATH:
2026-09-17 05:08:16.011382   /opt/hostedtoolcache/Python/3.11.16/x64/bin
2026-09-17 05:08:16.061532   /opt/hostedtoolcache/Python/3.11.16/x64/lib/python311.zip
2026-09-17 05:08:16.111680   /opt/hostedtoolcache/Python/3.11.16/x64/lib/python3.11
2026-09-17 05:08:16.161830   /opt/hostedtoolcache/Python/3.11.16/x64/lib/python3.11/lib-dynload
2026-09-17 05:08:16.211934   /opt/hostedtoolcache/Python/3.11.16/x64/lib/python3.11/site-packages
2026-09-17 05:08:16.262092 [ ERROR ] Error in file '/home/runner/work/engg-robot-testing-framework/engg-robot-testing-framework/resources/product_keywords.resource' on line 2: Importing library 'playwright_keyword_library.PlaywrightKeywordLibrary' failed: ModuleNotFoundError: No module named 'playwright_keyword_library'
2026-09-17 05:08:16.312241 Traceback (most recent call last):
2026-09-17 05:08:16.362407   None
2026-09-17 05:08:16.412558 PYTHONPATH:
2026-09-17 05:08:16.462704   /opt/hostedtoolcache/Python/3.11.16/x64/bin
2026-09-17 05:08:16.512819   /opt/hostedtoolcache/Python/3.11.16/x64/lib/python311.zip
2026-09-17 05:08:16.562965   /opt/hostedtoolcache/Python/3.11.16/x64/lib/python3.11
2026-09-17 05:08:16.613119   /opt/hostedtoolcache/Python/3.11.16/x64/lib/python3.11/lib-dynload
2026-09-17 05:08:16.663288   /opt/hostedtoolcache/Python/3.11.16/x64/lib/python3.11/site-packages
2026-09-17 05:08:16.713446 [ ERROR ] Error in file '/home/runner/work/engg-robot-testing-framework/engg-robot-testing-framework/resources/cart_keywords.resource' on line 2: Importing library 'playwright_keyword_library.PlaywrightKeywordLibrary' failed: ModuleNotFoundError: No module named 'playwright_keyword_library'
2026-09-17 05:08:16.763598 Traceback (most recent call last):
2026-09-17 05:08:16.813733   None
2026-09-17 05:08:16.863888 PYTHONPATH:
2026-09-17 05:08:16.914060   /opt/hostedtoolcache/Python/3.11.16/x64/bin
2026-09-17 05:08:16.964221   /opt/hostedtoolcache/Python/3.11.16/x64/lib/python311.zip
2026-09-17 05:08:17.014333   /opt/hostedtoolcache/Python/3.11.16/x64/lib/python3.11
2026-09-17 05:08:17.064493   /opt/hostedtoolcache/Python/3.11.16/x64/lib/python3.11/lib-dynload
2026-09-17 05:08:17.114613   /opt/hostedtoolcache/Python/3.11.16/x64/lib/python3.11/site-packages
2026-09-17 05:08:17.164745 [ ERROR ] Error in file '/home/runner/work/engg-robot-testing-framework/engg-robot-testing-framework/resources/auth_keywords.resource' on line 2: Importing library 'playwright_keyword_library.PlaywrightKeywordLibrary' failed: ModuleNotFoundError: No module named 'playwright_keyword_library'
2026-09-17 05:08:17.214853 Traceback (most recent call last):
2026-09-17 05:08:17.265003   None
2026-09-17 05:08:17.315107 PYTHONPATH:
2026-09-17 05:08:17.365242   /opt/hostedtoolcache/Python/3.11.16/x64/bin
2026-09-17 05:08:17.415338   /opt/hostedtoolcache/Python/3.11.16/x64/lib/python311.zip
2026-09-17 05:08:17.465489   /opt/hostedtoolcache/Python/3.11.16/x64/lib/python3.11
2026-09-17 05:08:17.515610   /opt/hostedtoolcache/Python/3.11.16/x64/lib/python3.11/lib-dynload
2026-09-17 05:08:17.565765   /opt/hostedtoolcache/Python/3.11.16/x64/lib/python3.11/site-packages
2026-09-17 05:08:25.434999 TC20 Search Products And Verify Cart After Login                      | FAIL |
2026-09-17 05:08:25.471738 Setup failed:
2026-09-17 05:08:25.471758 No keyword with name 'Open Browser' found.
2026-09-17 05:08:25.471772 
2026-09-17 05:08:25.471784 Also teardown failed:
2026-09-17 05:08:25.471796 Several failures occurred:
2026-09-17 05:08:25.471808 
2026-09-17 05:08:25.471820 1) No keyword with name 'Register Keyword To Run On Failure' found.
2026-09-17 05:08:25.471831 
2026-09-17 05:08:25.471842 2) No keyword with name 'Close Browser' found. Did you mean:
2026-09-17 05:08:25.471854     common.Close Test Browser
2026-09-17 05:08:25.471867 ------------------------------------------------------------------------------
2026-09-17 05:08:25.471879 Suites.Cart.TC20 search and verify cart after login :: TC20 - Sear... | FAIL |
2026-09-17 05:08:25.472391 1 test, 0 passed, 1 failed
2026-09-17 05:08:25.472458 ==============================================================================
2026-09-17 05:08:25.472472 Suites.Cart                                                           | FAIL |
2026-09-17 05:08:25.472852 1 test, 0 passed, 1 failed
2026-09-17 05:08:25.472918 ==============================================================================
2026-09-17 05:08:25.472931 Suites                                                                | FAIL |
2026-09-17 05:08:25.473237 1 test, 0 passed, 1 failed
2026-09-17 05:08:25.473353 ==============================================================================
2026-09-17 05:08:25.473366 Output:  /home/runner/work/engg-robot-testing-framework/engg-robot-testing-framework/reports/pabot_results/8/output.xml
