2026-07-07 04:32:59.335732 ==============================================================================
2026-07-07 04:32:59.351600 Suites
2026-07-07 04:32:59.351620 ==============================================================================
2026-07-07 04:32:59.351634 Suites.Auth
2026-07-07 04:32:59.352360 ==============================================================================
2026-07-07 04:32:59.352377 Suites.Auth.TC05 register existing email
2026-07-07 04:32:59.352377 [ ERROR ] Error in file '/home/runner/work/engg-robot-testing-framework/engg-robot-testing-framework/tests/auth/TC05_register_existing_email.robot' on line 2: Importing library 'playwright_keyword_library.PlaywrightKeywordLibrary' failed: ModuleNotFoundError: No module named 'playwright_keyword_library'
2026-07-07 04:32:59.369510 ==============================================================================
2026-07-07 04:32:59.369510 Traceback (most recent call last):
2026-07-07 04:32:59.369533   None
2026-07-07 04:32:59.419649 PYTHONPATH:
2026-07-07 04:32:59.469815   /opt/hostedtoolcache/Python/3.11.15/x64/bin
2026-07-07 04:32:59.519976   /opt/hostedtoolcache/Python/3.11.15/x64/lib/python311.zip
2026-07-07 04:32:59.570139   /opt/hostedtoolcache/Python/3.11.15/x64/lib/python3.11
2026-07-07 04:32:59.620307   /opt/hostedtoolcache/Python/3.11.15/x64/lib/python3.11/lib-dynload
2026-07-07 04:32:59.670467   /opt/hostedtoolcache/Python/3.11.15/x64/lib/python3.11/site-packages
2026-07-07 04:32:59.720636 [ ERROR ] Error in file '/home/runner/work/engg-robot-testing-framework/engg-robot-testing-framework/resources/auth_keywords.resource' on line 2: Importing library 'playwright_keyword_library.PlaywrightKeywordLibrary' failed: ModuleNotFoundError: No module named 'playwright_keyword_library'
2026-07-07 04:32:59.770781 Traceback (most recent call last):
2026-07-07 04:32:59.820948   None
2026-07-07 04:32:59.871117 PYTHONPATH:
2026-07-07 04:32:59.921280   /opt/hostedtoolcache/Python/3.11.15/x64/bin
2026-07-07 04:32:59.971483   /opt/hostedtoolcache/Python/3.11.15/x64/lib/python311.zip
2026-07-07 04:33:00.021652   /opt/hostedtoolcache/Python/3.11.15/x64/lib/python3.11
2026-07-07 04:33:00.071820   /opt/hostedtoolcache/Python/3.11.15/x64/lib/python3.11/lib-dynload
2026-07-07 04:33:00.121993   /opt/hostedtoolcache/Python/3.11.15/x64/lib/python3.11/site-packages
2026-07-07 04:33:00.172159 [ ERROR ] Error in file '/home/runner/work/engg-robot-testing-framework/engg-robot-testing-framework/resources/common.resource' on line 4: Importing library 'playwright_keyword_library.PlaywrightKeywordLibrary' failed: ModuleNotFoundError: No module named 'playwright_keyword_library'
2026-07-07 04:33:00.222335 Traceback (most recent call last):
2026-07-07 04:33:00.272505   None
2026-07-07 04:33:00.322650 PYTHONPATH:
2026-07-07 04:33:00.372814   /opt/hostedtoolcache/Python/3.11.15/x64/bin
2026-07-07 04:33:00.422978   /opt/hostedtoolcache/Python/3.11.15/x64/lib/python311.zip
2026-07-07 04:33:00.473148   /opt/hostedtoolcache/Python/3.11.15/x64/lib/python3.11
2026-07-07 04:33:00.523312   /opt/hostedtoolcache/Python/3.11.15/x64/lib/python3.11/lib-dynload
2026-07-07 04:33:00.573476   /opt/hostedtoolcache/Python/3.11.15/x64/lib/python3.11/site-packages
2026-07-07 04:33:09.346357 TC05 Register User With Existing Email                                | FAIL |
2026-07-07 04:33:09.378985 Setup failed:
2026-07-07 04:33:09.378999 No keyword with name 'Open Browser' found.
2026-07-07 04:33:09.379008 
2026-07-07 04:33:09.379015 Also teardown failed:
2026-07-07 04:33:09.379022 Several failures occurred:
2026-07-07 04:33:09.379029 
2026-07-07 04:33:09.379037 1) No keyword with name 'Register Keyword To Run On Failure' found.
2026-07-07 04:33:09.379045 
2026-07-07 04:33:09.379052 2) No keyword with name 'Close Browser' found. Did you mean:
2026-07-07 04:33:09.379059     common.Close Test Browser
2026-07-07 04:33:09.379066 ------------------------------------------------------------------------------
2026-07-07 04:33:09.379073 Suites.Auth.TC05 register existing email                              | FAIL |
2026-07-07 04:33:09.379554 1 test, 0 passed, 1 failed
2026-07-07 04:33:09.379584 ==============================================================================
2026-07-07 04:33:09.379591 Suites.Auth                                                           | FAIL |
2026-07-07 04:33:09.379916 1 test, 0 passed, 1 failed
2026-07-07 04:33:09.379953 ==============================================================================
2026-07-07 04:33:09.379960 Suites                                                                | FAIL |
2026-07-07 04:33:09.380230 1 test, 0 passed, 1 failed
2026-07-07 04:33:09.380266 ==============================================================================
2026-07-07 04:33:09.380272 Output:  /home/runner/work/engg-robot-testing-framework/engg-robot-testing-framework/reports/pabot_results/4/output.xml
