2026-06-27 04:34:30.207182 ==============================================================================
2026-06-27 04:34:30.222164 Suites
2026-06-27 04:34:30.222186 ==============================================================================
2026-06-27 04:34:30.222237 Suites.Auth
2026-06-27 04:34:30.223000 ==============================================================================
2026-06-27 04:34:30.223019 Suites.Auth.TC02 login valid
2026-06-27 04:34:30.223019 [ ERROR ] Error in file '/home/runner/work/engg-robot-testing-framework/engg-robot-testing-framework/tests/auth/TC02_login_valid.robot' on line 2: Importing library 'playwright_keyword_library.PlaywrightKeywordLibrary' failed: ModuleNotFoundError: No module named 'playwright_keyword_library'
2026-06-27 04:34:30.242181 ==============================================================================
2026-06-27 04:34:30.242181 Traceback (most recent call last):
2026-06-27 04:34:30.242236   None
2026-06-27 04:34:30.292346 PYTHONPATH:
2026-06-27 04:34:30.342464   /opt/hostedtoolcache/Python/3.11.15/x64/bin
2026-06-27 04:34:30.392569   /opt/hostedtoolcache/Python/3.11.15/x64/lib/python311.zip
2026-06-27 04:34:30.442680   /opt/hostedtoolcache/Python/3.11.15/x64/lib/python3.11
2026-06-27 04:34:30.492793   /opt/hostedtoolcache/Python/3.11.15/x64/lib/python3.11/lib-dynload
2026-06-27 04:34:30.542940   /opt/hostedtoolcache/Python/3.11.15/x64/lib/python3.11/site-packages
2026-06-27 04:34:30.593098 [ ERROR ] Error in file '/home/runner/work/engg-robot-testing-framework/engg-robot-testing-framework/resources/auth_keywords.resource' on line 2: Importing library 'playwright_keyword_library.PlaywrightKeywordLibrary' failed: ModuleNotFoundError: No module named 'playwright_keyword_library'
2026-06-27 04:34:30.643255 Traceback (most recent call last):
2026-06-27 04:34:30.693403   None
2026-06-27 04:34:30.743552 PYTHONPATH:
2026-06-27 04:34:30.793673   /opt/hostedtoolcache/Python/3.11.15/x64/bin
2026-06-27 04:34:30.843824   /opt/hostedtoolcache/Python/3.11.15/x64/lib/python311.zip
2026-06-27 04:34:30.893971   /opt/hostedtoolcache/Python/3.11.15/x64/lib/python3.11
2026-06-27 04:34:30.944133   /opt/hostedtoolcache/Python/3.11.15/x64/lib/python3.11/lib-dynload
2026-06-27 04:34:30.994318   /opt/hostedtoolcache/Python/3.11.15/x64/lib/python3.11/site-packages
2026-06-27 04:34:31.044467 [ ERROR ] Error in file '/home/runner/work/engg-robot-testing-framework/engg-robot-testing-framework/resources/common.resource' on line 4: Importing library 'playwright_keyword_library.PlaywrightKeywordLibrary' failed: ModuleNotFoundError: No module named 'playwright_keyword_library'
2026-06-27 04:34:31.094635 Traceback (most recent call last):
2026-06-27 04:34:31.144797   None
2026-06-27 04:34:31.194950 PYTHONPATH:
2026-06-27 04:34:31.245101   /opt/hostedtoolcache/Python/3.11.15/x64/bin
2026-06-27 04:34:31.295249   /opt/hostedtoolcache/Python/3.11.15/x64/lib/python311.zip
2026-06-27 04:34:31.345400   /opt/hostedtoolcache/Python/3.11.15/x64/lib/python3.11
2026-06-27 04:34:31.395547   /opt/hostedtoolcache/Python/3.11.15/x64/lib/python3.11/lib-dynload
2026-06-27 04:34:31.445695   /opt/hostedtoolcache/Python/3.11.15/x64/lib/python3.11/site-packages
2026-06-27 04:34:40.218192 TC02 Login User With Correct Email And Password                       | FAIL |
2026-06-27 04:34:40.252305 Setup failed:
2026-06-27 04:34:40.252323 No keyword with name 'Open Browser' found.
2026-06-27 04:34:40.252336 
2026-06-27 04:34:40.252348 Also teardown failed:
2026-06-27 04:34:40.252359 Several failures occurred:
2026-06-27 04:34:40.252372 
2026-06-27 04:34:40.252384 1) No keyword with name 'Register Keyword To Run On Failure' found.
2026-06-27 04:34:40.252397 
2026-06-27 04:34:40.252409 2) No keyword with name 'Close Browser' found. Did you mean:
2026-06-27 04:34:40.252420     common.Close Test Browser
2026-06-27 04:34:40.252432 ------------------------------------------------------------------------------
2026-06-27 04:34:40.252444 Suites.Auth.TC02 login valid                                          | FAIL |
2026-06-27 04:34:40.252952 1 test, 0 passed, 1 failed
2026-06-27 04:34:40.252973 ==============================================================================
2026-06-27 04:34:40.252995 Suites.Auth                                                           | FAIL |
2026-06-27 04:34:40.253386 1 test, 0 passed, 1 failed
2026-06-27 04:34:40.253406 ==============================================================================
2026-06-27 04:34:40.253420 Suites                                                                | FAIL |
2026-06-27 04:34:40.253731 1 test, 0 passed, 1 failed
2026-06-27 04:34:40.253814 ==============================================================================
2026-06-27 04:34:40.253829 Output:  /home/runner/work/engg-robot-testing-framework/engg-robot-testing-framework/reports/pabot_results/1/output.xml
