2026-07-12 04:06:54.530669 ==============================================================================
2026-07-12 04:06:54.555555 Suites
2026-07-12 04:06:54.555582 ==============================================================================
2026-07-12 04:06:54.555598 Suites.Cart
2026-07-12 04:06:54.556316 ==============================================================================
2026-07-12 04:06:54.556333 Suites.Cart.TC13 verify product quantity :: TC13 - Verify Product Quantity ...
2026-07-12 04:06:54.556333 [ ERROR ] Error in file '/home/runner/work/engg-robot-testing-framework/engg-robot-testing-framework/resources/common.resource' on line 4: Importing library 'playwright_keyword_library.PlaywrightKeywordLibrary' failed: ModuleNotFoundError: No module named 'playwright_keyword_library'
2026-07-12 04:06:54.583296 ==============================================================================
2026-07-12 04:06:54.583296 Traceback (most recent call last):
2026-07-12 04:06:54.583321   None
2026-07-12 04:06:54.633463 PYTHONPATH:
2026-07-12 04:06:54.683636   /opt/hostedtoolcache/Python/3.11.15/x64/bin
2026-07-12 04:06:54.733780   /opt/hostedtoolcache/Python/3.11.15/x64/lib/python311.zip
2026-07-12 04:06:54.783946   /opt/hostedtoolcache/Python/3.11.15/x64/lib/python3.11
2026-07-12 04:06:54.834210   /opt/hostedtoolcache/Python/3.11.15/x64/lib/python3.11/lib-dynload
2026-07-12 04:06:54.884390   /opt/hostedtoolcache/Python/3.11.15/x64/lib/python3.11/site-packages
2026-07-12 04:06:54.934632 [ ERROR ] Error in file '/home/runner/work/engg-robot-testing-framework/engg-robot-testing-framework/resources/product_keywords.resource' on line 2: Importing library 'playwright_keyword_library.PlaywrightKeywordLibrary' failed: ModuleNotFoundError: No module named 'playwright_keyword_library'
2026-07-12 04:06:54.984882 Traceback (most recent call last):
2026-07-12 04:06:55.035107   None
2026-07-12 04:06:55.085292 PYTHONPATH:
2026-07-12 04:06:55.135478   /opt/hostedtoolcache/Python/3.11.15/x64/bin
2026-07-12 04:06:55.185730   /opt/hostedtoolcache/Python/3.11.15/x64/lib/python311.zip
2026-07-12 04:06:55.235949   /opt/hostedtoolcache/Python/3.11.15/x64/lib/python3.11
2026-07-12 04:06:55.286169   /opt/hostedtoolcache/Python/3.11.15/x64/lib/python3.11/lib-dynload
2026-07-12 04:06:55.336399   /opt/hostedtoolcache/Python/3.11.15/x64/lib/python3.11/site-packages
2026-07-12 04:06:55.386626 [ ERROR ] Error in file '/home/runner/work/engg-robot-testing-framework/engg-robot-testing-framework/resources/cart_keywords.resource' on line 2: Importing library 'playwright_keyword_library.PlaywrightKeywordLibrary' failed: ModuleNotFoundError: No module named 'playwright_keyword_library'
2026-07-12 04:06:55.436859 Traceback (most recent call last):
2026-07-12 04:06:55.487041   None
2026-07-12 04:06:55.537237 PYTHONPATH:
2026-07-12 04:06:55.587465   /opt/hostedtoolcache/Python/3.11.15/x64/bin
2026-07-12 04:06:55.637652   /opt/hostedtoolcache/Python/3.11.15/x64/lib/python311.zip
2026-07-12 04:06:55.687893   /opt/hostedtoolcache/Python/3.11.15/x64/lib/python3.11
2026-07-12 04:06:55.738082   /opt/hostedtoolcache/Python/3.11.15/x64/lib/python3.11/lib-dynload
2026-07-12 04:06:55.788309   /opt/hostedtoolcache/Python/3.11.15/x64/lib/python3.11/site-packages
2026-07-12 04:07:04.562825 TC13 Verify Product Quantity In Cart                                  | FAIL |
2026-07-12 04:07:04.593874 Setup failed:
2026-07-12 04:07:04.593898 No keyword with name 'Open Browser' found.
2026-07-12 04:07:04.593914 
2026-07-12 04:07:04.593932 Also teardown failed:
2026-07-12 04:07:04.593949 Several failures occurred:
2026-07-12 04:07:04.593961 
2026-07-12 04:07:04.593975 1) No keyword with name 'Register Keyword To Run On Failure' found.
2026-07-12 04:07:04.593988 
2026-07-12 04:07:04.594001 2) No keyword with name 'Close Browser' found. Did you mean:
2026-07-12 04:07:04.594012     common.Close Test Browser
2026-07-12 04:07:04.594028 ------------------------------------------------------------------------------
2026-07-12 04:07:04.594183 Suites.Cart.TC13 verify product quantity :: TC13 - Verify Product ... | FAIL |
2026-07-12 04:07:04.594648 1 test, 0 passed, 1 failed
2026-07-12 04:07:04.595594 ==============================================================================
2026-07-12 04:07:04.595606 Suites.Cart                                                           | FAIL |
2026-07-12 04:07:04.595616 1 test, 0 passed, 1 failed
2026-07-12 04:07:04.595625 ==============================================================================
2026-07-12 04:07:04.595635 Suites                                                                | FAIL |
2026-07-12 04:07:04.595647 1 test, 0 passed, 1 failed
2026-07-12 04:07:04.595657 ==============================================================================
2026-07-12 04:07:04.595667 Output:  /home/runner/work/engg-robot-testing-framework/engg-robot-testing-framework/reports/pabot_results/6/output.xml
