2026-10-06 06:42:35.006768 ==============================================================================
2026-10-06 06:42:35.036406 Suites
2026-10-06 06:42:35.036430 ==============================================================================
2026-10-06 06:42:35.036442 Suites.Auth
2026-10-06 06:42:35.036971 ==============================================================================
2026-10-06 06:42:35.036988 Suites.Auth.TC04 logout user
2026-10-06 06:42:35.036988 [ ERROR ] Error in file '/home/runner/work/engg-robot-testing-framework/engg-robot-testing-framework/tests/auth/TC04_logout_user.robot' on line 2: Importing library 'playwright_keyword_library.PlaywrightKeywordLibrary' failed: ModuleNotFoundError: No module named 'playwright_keyword_library'
2026-10-06 06:42:35.050090 ==============================================================================
2026-10-06 06:42:35.050090 Traceback (most recent call last):
2026-10-06 06:42:35.050106   None
2026-10-06 06:42:35.100206 PYTHONPATH:
2026-10-06 06:42:35.150327   /opt/hostedtoolcache/Python/3.11.16/x64/bin
2026-10-06 06:42:35.200446   /opt/hostedtoolcache/Python/3.11.16/x64/lib/python311.zip
2026-10-06 06:42:35.250579   /opt/hostedtoolcache/Python/3.11.16/x64/lib/python3.11
2026-10-06 06:42:35.300699   /opt/hostedtoolcache/Python/3.11.16/x64/lib/python3.11/lib-dynload
2026-10-06 06:42:35.350829   /opt/hostedtoolcache/Python/3.11.16/x64/lib/python3.11/site-packages
2026-10-06 06:42:35.400945 [ ERROR ] Error in file '/home/runner/work/engg-robot-testing-framework/engg-robot-testing-framework/resources/auth_keywords.resource' on line 2: Importing library 'playwright_keyword_library.PlaywrightKeywordLibrary' failed: ModuleNotFoundError: No module named 'playwright_keyword_library'
2026-10-06 06:42:35.451091 Traceback (most recent call last):
2026-10-06 06:42:35.501264   None
2026-10-06 06:42:35.551489 PYTHONPATH:
2026-10-06 06:42:35.601641   /opt/hostedtoolcache/Python/3.11.16/x64/bin
2026-10-06 06:42:35.651799   /opt/hostedtoolcache/Python/3.11.16/x64/lib/python311.zip
2026-10-06 06:42:35.701951   /opt/hostedtoolcache/Python/3.11.16/x64/lib/python3.11
2026-10-06 06:42:35.752173   /opt/hostedtoolcache/Python/3.11.16/x64/lib/python3.11/lib-dynload
2026-10-06 06:42:35.802290   /opt/hostedtoolcache/Python/3.11.16/x64/lib/python3.11/site-packages
2026-10-06 06:42:35.852523 [ ERROR ] Error in file '/home/runner/work/engg-robot-testing-framework/engg-robot-testing-framework/resources/common.resource' on line 4: Importing library 'playwright_keyword_library.PlaywrightKeywordLibrary' failed: ModuleNotFoundError: No module named 'playwright_keyword_library'
2026-10-06 06:42:35.902663 Traceback (most recent call last):
2026-10-06 06:42:35.952818   None
2026-10-06 06:42:36.002991 PYTHONPATH:
2026-10-06 06:42:36.053160   /opt/hostedtoolcache/Python/3.11.16/x64/bin
2026-10-06 06:42:36.103349   /opt/hostedtoolcache/Python/3.11.16/x64/lib/python311.zip
2026-10-06 06:42:36.153519   /opt/hostedtoolcache/Python/3.11.16/x64/lib/python3.11
2026-10-06 06:42:36.203693   /opt/hostedtoolcache/Python/3.11.16/x64/lib/python3.11/lib-dynload
2026-10-06 06:42:36.253868   /opt/hostedtoolcache/Python/3.11.16/x64/lib/python3.11/site-packages
2026-10-06 06:42:45.025271 TC04 Logout User                                                      | FAIL |
2026-10-06 06:42:45.057984 Setup failed:
2026-10-06 06:42:45.057991 No keyword with name 'Open Browser' found.
2026-10-06 06:42:45.057996 
2026-10-06 06:42:45.058001 Also teardown failed:
2026-10-06 06:42:45.058007 Several failures occurred:
2026-10-06 06:42:45.058012 
2026-10-06 06:42:45.058017 1) No keyword with name 'Register Keyword To Run On Failure' found.
2026-10-06 06:42:45.058022 
2026-10-06 06:42:45.058027 2) No keyword with name 'Close Browser' found. Did you mean:
2026-10-06 06:42:45.058032     common.Close Test Browser
2026-10-06 06:42:45.058037 ------------------------------------------------------------------------------
2026-10-06 06:42:45.058042 Suites.Auth.TC04 logout user                                          | FAIL |
2026-10-06 06:42:45.058411 1 test, 0 passed, 1 failed
2026-10-06 06:42:45.058507 ==============================================================================
2026-10-06 06:42:45.058513 Suites.Auth                                                           | FAIL |
2026-10-06 06:42:45.058911 1 test, 0 passed, 1 failed
2026-10-06 06:42:45.058920 ==============================================================================
2026-10-06 06:42:45.058932 Suites                                                                | FAIL |
2026-10-06 06:42:45.059234 1 test, 0 passed, 1 failed
2026-10-06 06:42:45.059247 ==============================================================================
2026-10-06 06:42:45.059258 Output:  /home/runner/work/engg-robot-testing-framework/engg-robot-testing-framework/reports/pabot_results/3/output.xml
