2026-07-25 03:49:11.820978 ==============================================================================
2026-07-25 03:49:11.823653 Suites
2026-07-25 03:49:11.823672 ==============================================================================
2026-07-25 03:49:11.823683 Suites.Cart
2026-07-25 03:49:11.824468 ==============================================================================
2026-07-25 03:49:11.824484 Suites.Cart.TC13 verify product quantity :: TC13 - Verify Product Quantity ...
2026-07-25 03:49:11.824484 [ ERROR ] Error in file '/home/runner/work/engg-robot-testing-framework/engg-robot-testing-framework/resources/common.resource' on line 4: Importing library 'playwright_keyword_library.PlaywrightKeywordLibrary' failed: ModuleNotFoundError: No module named 'playwright_keyword_library'
2026-07-25 03:49:11.851264 ==============================================================================
2026-07-25 03:49:11.851264 Traceback (most recent call last):
2026-07-25 03:49:11.851285   None
2026-07-25 03:49:11.901454 PYTHONPATH:
2026-07-25 03:49:11.951621   /opt/hostedtoolcache/Python/3.11.15/x64/bin
2026-07-25 03:49:12.001792   /opt/hostedtoolcache/Python/3.11.15/x64/lib/python311.zip
2026-07-25 03:49:12.051945   /opt/hostedtoolcache/Python/3.11.15/x64/lib/python3.11
2026-07-25 03:49:12.102143   /opt/hostedtoolcache/Python/3.11.15/x64/lib/python3.11/lib-dynload
2026-07-25 03:49:12.152314   /opt/hostedtoolcache/Python/3.11.15/x64/lib/python3.11/site-packages
2026-07-25 03:49:12.202493 [ ERROR ] Error in file '/home/runner/work/engg-robot-testing-framework/engg-robot-testing-framework/resources/product_keywords.resource' on line 2: Importing library 'playwright_keyword_library.PlaywrightKeywordLibrary' failed: ModuleNotFoundError: No module named 'playwright_keyword_library'
2026-07-25 03:49:12.252639 Traceback (most recent call last):
2026-07-25 03:49:12.302805   None
2026-07-25 03:49:12.352939 PYTHONPATH:
2026-07-25 03:49:12.403065   /opt/hostedtoolcache/Python/3.11.15/x64/bin
2026-07-25 03:49:12.453208   /opt/hostedtoolcache/Python/3.11.15/x64/lib/python311.zip
2026-07-25 03:49:12.503372   /opt/hostedtoolcache/Python/3.11.15/x64/lib/python3.11
2026-07-25 03:49:12.553541   /opt/hostedtoolcache/Python/3.11.15/x64/lib/python3.11/lib-dynload
2026-07-25 03:49:12.603705   /opt/hostedtoolcache/Python/3.11.15/x64/lib/python3.11/site-packages
2026-07-25 03:49:12.653852 [ ERROR ] Error in file '/home/runner/work/engg-robot-testing-framework/engg-robot-testing-framework/resources/cart_keywords.resource' on line 2: Importing library 'playwright_keyword_library.PlaywrightKeywordLibrary' failed: ModuleNotFoundError: No module named 'playwright_keyword_library'
2026-07-25 03:49:12.704050 Traceback (most recent call last):
2026-07-25 03:49:12.754225   None
2026-07-25 03:49:12.804438 PYTHONPATH:
2026-07-25 03:49:12.864878   /opt/hostedtoolcache/Python/3.11.15/x64/bin
2026-07-25 03:49:12.915019   /opt/hostedtoolcache/Python/3.11.15/x64/lib/python311.zip
2026-07-25 03:49:12.965189   /opt/hostedtoolcache/Python/3.11.15/x64/lib/python3.11
2026-07-25 03:49:13.015357   /opt/hostedtoolcache/Python/3.11.15/x64/lib/python3.11/lib-dynload
2026-07-25 03:49:13.065508   /opt/hostedtoolcache/Python/3.11.15/x64/lib/python3.11/site-packages
2026-07-25 03:49:21.833561 TC13 Verify Product Quantity In Cart                                  | FAIL |
2026-07-25 03:49:21.862647 Setup failed:
2026-07-25 03:49:21.862660 No keyword with name 'Open Browser' found.
2026-07-25 03:49:21.862669 
2026-07-25 03:49:21.862676 Also teardown failed:
2026-07-25 03:49:21.862683 Several failures occurred:
2026-07-25 03:49:21.862690 
2026-07-25 03:49:21.862698 1) No keyword with name 'Register Keyword To Run On Failure' found.
2026-07-25 03:49:21.862706 
2026-07-25 03:49:21.862712 2) No keyword with name 'Close Browser' found. Did you mean:
2026-07-25 03:49:21.862719     common.Close Test Browser
2026-07-25 03:49:21.862726 ------------------------------------------------------------------------------
2026-07-25 03:49:21.862733 Suites.Cart.TC13 verify product quantity :: TC13 - Verify Product ... | FAIL |
2026-07-25 03:49:21.863807 1 test, 0 passed, 1 failed
2026-07-25 03:49:21.863824 ==============================================================================
2026-07-25 03:49:21.863836 Suites.Cart                                                           | FAIL |
2026-07-25 03:49:21.864372 1 test, 0 passed, 1 failed
2026-07-25 03:49:21.864394 ==============================================================================
2026-07-25 03:49:21.864444 Suites                                                                | FAIL |
2026-07-25 03:49:21.864875 1 test, 0 passed, 1 failed
2026-07-25 03:49:21.864932 ==============================================================================
2026-07-25 03:49:21.864940 Output:  /home/runner/work/engg-robot-testing-framework/engg-robot-testing-framework/reports/pabot_results/6/output.xml
