2026-06-20 13:36:27.746443 ==============================================================================
2026-06-20 13:36:27.794241 Suites
2026-06-20 13:36:27.794261 ==============================================================================
2026-06-20 13:36:27.794272 Suites.Cart
2026-06-20 13:36:27.794957 ==============================================================================
2026-06-20 13:36:27.794972 Suites.Cart.TC20 search and verify cart after login :: TC20 - Search Produc...
2026-06-20 13:36:27.794972 [ ERROR ] Error in file '/home/runner/work/engg-robot-testing-framework/engg-robot-testing-framework/tests/cart/TC20_search_and_verify_cart_after_login.robot' on line 3: Importing library 'playwright_keyword_library.PlaywrightKeywordLibrary' failed: ModuleNotFoundError: No module named 'playwright_keyword_library'
2026-06-20 13:36:27.825146 ==============================================================================
2026-06-20 13:36:27.825146 Traceback (most recent call last):
2026-06-20 13:36:27.825166   None
2026-06-20 13:36:27.875271 PYTHONPATH:
2026-06-20 13:36:27.925381   /opt/hostedtoolcache/Python/3.11.15/x64/bin
2026-06-20 13:36:27.975643   /opt/hostedtoolcache/Python/3.11.15/x64/lib/python311.zip
2026-06-20 13:36:28.025769   /opt/hostedtoolcache/Python/3.11.15/x64/lib/python3.11
2026-06-20 13:36:28.075902   /opt/hostedtoolcache/Python/3.11.15/x64/lib/python3.11/lib-dynload
2026-06-20 13:36:28.126016   /opt/hostedtoolcache/Python/3.11.15/x64/lib/python3.11/site-packages
2026-06-20 13:36:28.176110 [ ERROR ] Error in file '/home/runner/work/engg-robot-testing-framework/engg-robot-testing-framework/resources/common.resource' on line 4: Importing library 'playwright_keyword_library.PlaywrightKeywordLibrary' failed: ModuleNotFoundError: No module named 'playwright_keyword_library'
2026-06-20 13:36:28.226204 Traceback (most recent call last):
2026-06-20 13:36:28.276296   None
2026-06-20 13:36:28.326389 PYTHONPATH:
2026-06-20 13:36:28.376573   /opt/hostedtoolcache/Python/3.11.15/x64/bin
2026-06-20 13:36:28.426745   /opt/hostedtoolcache/Python/3.11.15/x64/lib/python311.zip
2026-06-20 13:36:28.476962   /opt/hostedtoolcache/Python/3.11.15/x64/lib/python3.11
2026-06-20 13:36:28.527085   /opt/hostedtoolcache/Python/3.11.15/x64/lib/python3.11/lib-dynload
2026-06-20 13:36:28.577253   /opt/hostedtoolcache/Python/3.11.15/x64/lib/python3.11/site-packages
2026-06-20 13:36:28.627374 [ ERROR ] Error in file '/home/runner/work/engg-robot-testing-framework/engg-robot-testing-framework/resources/product_keywords.resource' on line 2: Importing library 'playwright_keyword_library.PlaywrightKeywordLibrary' failed: ModuleNotFoundError: No module named 'playwright_keyword_library'
2026-06-20 13:36:28.677529 Traceback (most recent call last):
2026-06-20 13:36:28.727639   None
2026-06-20 13:36:28.777743 PYTHONPATH:
2026-06-20 13:36:28.827889   /opt/hostedtoolcache/Python/3.11.15/x64/bin
2026-06-20 13:36:28.878025   /opt/hostedtoolcache/Python/3.11.15/x64/lib/python311.zip
2026-06-20 13:36:28.928137   /opt/hostedtoolcache/Python/3.11.15/x64/lib/python3.11
2026-06-20 13:36:28.978339   /opt/hostedtoolcache/Python/3.11.15/x64/lib/python3.11/lib-dynload
2026-06-20 13:36:29.028465   /opt/hostedtoolcache/Python/3.11.15/x64/lib/python3.11/site-packages
2026-06-20 13:36:29.078692 [ ERROR ] Error in file '/home/runner/work/engg-robot-testing-framework/engg-robot-testing-framework/resources/cart_keywords.resource' on line 2: Importing library 'playwright_keyword_library.PlaywrightKeywordLibrary' failed: ModuleNotFoundError: No module named 'playwright_keyword_library'
2026-06-20 13:36:29.128842 Traceback (most recent call last):
2026-06-20 13:36:29.178952   None
2026-06-20 13:36:29.229061 PYTHONPATH:
2026-06-20 13:36:29.279168   /opt/hostedtoolcache/Python/3.11.15/x64/bin
2026-06-20 13:36:29.329276   /opt/hostedtoolcache/Python/3.11.15/x64/lib/python311.zip
2026-06-20 13:36:29.379559   /opt/hostedtoolcache/Python/3.11.15/x64/lib/python3.11
2026-06-20 13:36:29.429711   /opt/hostedtoolcache/Python/3.11.15/x64/lib/python3.11/lib-dynload
2026-06-20 13:36:29.479846   /opt/hostedtoolcache/Python/3.11.15/x64/lib/python3.11/site-packages
2026-06-20 13:36:29.529964 [ ERROR ] Error in file '/home/runner/work/engg-robot-testing-framework/engg-robot-testing-framework/resources/auth_keywords.resource' on line 2: Importing library 'playwright_keyword_library.PlaywrightKeywordLibrary' failed: ModuleNotFoundError: No module named 'playwright_keyword_library'
2026-06-20 13:36:29.580113 Traceback (most recent call last):
2026-06-20 13:36:29.630257   None
2026-06-20 13:36:29.680398 PYTHONPATH:
2026-06-20 13:36:29.730538   /opt/hostedtoolcache/Python/3.11.15/x64/bin
2026-06-20 13:36:29.780651   /opt/hostedtoolcache/Python/3.11.15/x64/lib/python311.zip
2026-06-20 13:36:29.830797   /opt/hostedtoolcache/Python/3.11.15/x64/lib/python3.11
2026-06-20 13:36:29.880936   /opt/hostedtoolcache/Python/3.11.15/x64/lib/python3.11/lib-dynload
2026-06-20 13:36:29.931077   /opt/hostedtoolcache/Python/3.11.15/x64/lib/python3.11/site-packages
2026-06-20 13:36:37.798181 TC20 Search Products And Verify Cart After Login                      | FAIL |
2026-06-20 13:36:37.835920 Setup failed:
2026-06-20 13:36:37.835942 No keyword with name 'Open Browser' found.
2026-06-20 13:36:37.835955 
2026-06-20 13:36:37.835968 Also teardown failed:
2026-06-20 13:36:37.835981 Several failures occurred:
2026-06-20 13:36:37.835992 
2026-06-20 13:36:37.836005 1) No keyword with name 'Register Keyword To Run On Failure' found.
2026-06-20 13:36:37.836018 
2026-06-20 13:36:37.836029 2) No keyword with name 'Close Browser' found. Did you mean:
2026-06-20 13:36:37.836040     common.Close Test Browser
2026-06-20 13:36:37.836052 ------------------------------------------------------------------------------
2026-06-20 13:36:37.836065 Suites.Cart.TC20 search and verify cart after login :: TC20 - Sear... | FAIL |
2026-06-20 13:36:37.836638 1 test, 0 passed, 1 failed
2026-06-20 13:36:37.836693 ==============================================================================
2026-06-20 13:36:37.836708 Suites.Cart                                                           | FAIL |
2026-06-20 13:36:37.837074 1 test, 0 passed, 1 failed
2026-06-20 13:36:37.837128 ==============================================================================
2026-06-20 13:36:37.837143 Suites                                                                | FAIL |
2026-06-20 13:36:37.837445 1 test, 0 passed, 1 failed
2026-06-20 13:36:37.837522 ==============================================================================
2026-06-20 13:36:37.837537 Output:  /home/runner/work/engg-robot-testing-framework/engg-robot-testing-framework/reports/pabot_results/8/output.xml
