2026-06-15 01:23:57.786822 ==============================================================================
2026-06-15 01:23:57.836416 Suites
2026-06-15 01:23:57.836433 ==============================================================================
2026-06-15 01:23:57.836444 Suites.Cart
2026-06-15 01:23:57.837175 ==============================================================================
2026-06-15 01:23:57.937437 Suites.Cart.TC17 remove products from cart :: TC17 - Remove Products From Cart
2026-06-15 01:23:57.948065 ==============================================================================
2026-06-15 01:24:09.734919 TC17 Remove Products From Cart                                        | FAIL |
2026-06-15 01:24:09.758136 Setup failed:
2026-06-15 01:24:09.758150 Title should have been 'Automation Exercise' but was 'One moment, please...'.
2026-06-15 01:24:09.758156 ------------------------------------------------------------------------------
2026-06-15 01:24:09.758162 Suites.Cart.TC17 remove products from cart :: TC17 - Remove Produc... | FAIL |
2026-06-15 01:24:09.759018 1 test, 0 passed, 1 failed
2026-06-15 01:24:09.759064 ==============================================================================
2026-06-15 01:24:09.759071 Suites.Cart                                                           | FAIL |
2026-06-15 01:24:09.759586 1 test, 0 passed, 1 failed
2026-06-15 01:24:09.759639 ==============================================================================
2026-06-15 01:24:09.759650 Suites                                                                | FAIL |
2026-06-15 01:24:09.760205 1 test, 0 passed, 1 failed
2026-06-15 01:24:09.760213 ==============================================================================
2026-06-15 01:24:09.760220 Output:  /home/runner/work/engg-robot-testing-framework/engg-robot-testing-framework/reports/pabot_results/7/output.xml
