2026-07-10 04:34:02.546974 ==============================================================================
2026-07-10 04:34:02.576227 Suites
2026-07-10 04:34:02.576252 ==============================================================================
2026-07-10 04:34:02.576268 Suites.Cart
2026-07-10 04:34:02.577132 ==============================================================================
2026-07-10 04:34:02.577152 Suites.Cart.TC13 verify product quantity :: TC13 - Verify Product Quantity ...
2026-07-10 04:34:02.577152 [ ERROR ] Error in file '/home/runner/work/engg-robot-testing-framework/engg-robot-testing-framework/resources/common.resource' on line 4: Importing library 'playwright_keyword_library.PlaywrightKeywordLibrary' failed: ModuleNotFoundError: No module named 'playwright_keyword_library'
2026-07-10 04:34:02.609471 ==============================================================================
2026-07-10 04:34:02.609471 Traceback (most recent call last):
2026-07-10 04:34:02.609500   None
2026-07-10 04:34:02.659688 PYTHONPATH:
2026-07-10 04:34:02.709842   /opt/hostedtoolcache/Python/3.11.15/x64/bin
2026-07-10 04:34:02.760015   /opt/hostedtoolcache/Python/3.11.15/x64/lib/python311.zip
2026-07-10 04:34:02.810156   /opt/hostedtoolcache/Python/3.11.15/x64/lib/python3.11
2026-07-10 04:34:02.860296   /opt/hostedtoolcache/Python/3.11.15/x64/lib/python3.11/lib-dynload
2026-07-10 04:34:02.910425   /opt/hostedtoolcache/Python/3.11.15/x64/lib/python3.11/site-packages
2026-07-10 04:34:02.960594 [ ERROR ] Error in file '/home/runner/work/engg-robot-testing-framework/engg-robot-testing-framework/resources/product_keywords.resource' on line 2: Importing library 'playwright_keyword_library.PlaywrightKeywordLibrary' failed: ModuleNotFoundError: No module named 'playwright_keyword_library'
2026-07-10 04:34:03.010767 Traceback (most recent call last):
2026-07-10 04:34:03.060920   None
2026-07-10 04:34:03.111073 PYTHONPATH:
2026-07-10 04:34:03.161226   /opt/hostedtoolcache/Python/3.11.15/x64/bin
2026-07-10 04:34:03.211380   /opt/hostedtoolcache/Python/3.11.15/x64/lib/python311.zip
2026-07-10 04:34:03.261531   /opt/hostedtoolcache/Python/3.11.15/x64/lib/python3.11
2026-07-10 04:34:03.311682   /opt/hostedtoolcache/Python/3.11.15/x64/lib/python3.11/lib-dynload
2026-07-10 04:34:03.361833   /opt/hostedtoolcache/Python/3.11.15/x64/lib/python3.11/site-packages
2026-07-10 04:34:03.411987 [ ERROR ] Error in file '/home/runner/work/engg-robot-testing-framework/engg-robot-testing-framework/resources/cart_keywords.resource' on line 2: Importing library 'playwright_keyword_library.PlaywrightKeywordLibrary' failed: ModuleNotFoundError: No module named 'playwright_keyword_library'
2026-07-10 04:34:03.462139 Traceback (most recent call last):
2026-07-10 04:34:03.512294   None
2026-07-10 04:34:03.562446 PYTHONPATH:
2026-07-10 04:34:03.612549   /opt/hostedtoolcache/Python/3.11.15/x64/bin
2026-07-10 04:34:03.662698   /opt/hostedtoolcache/Python/3.11.15/x64/lib/python311.zip
2026-07-10 04:34:03.712823   /opt/hostedtoolcache/Python/3.11.15/x64/lib/python3.11
2026-07-10 04:34:03.763048   /opt/hostedtoolcache/Python/3.11.15/x64/lib/python3.11/lib-dynload
2026-07-10 04:34:03.813213   /opt/hostedtoolcache/Python/3.11.15/x64/lib/python3.11/site-packages
2026-07-10 04:34:12.586665 TC13 Verify Product Quantity In Cart                                  | FAIL |
2026-07-10 04:34:12.621197 Setup failed:
2026-07-10 04:34:12.621216 No keyword with name 'Open Browser' found.
2026-07-10 04:34:12.621230 
2026-07-10 04:34:12.621244 Also teardown failed:
2026-07-10 04:34:12.621257 Several failures occurred:
2026-07-10 04:34:12.621271 
2026-07-10 04:34:12.621284 1) No keyword with name 'Register Keyword To Run On Failure' found.
2026-07-10 04:34:12.621297 
2026-07-10 04:34:12.621310 2) No keyword with name 'Close Browser' found. Did you mean:
2026-07-10 04:34:12.621322     common.Close Test Browser
2026-07-10 04:34:12.621361 ------------------------------------------------------------------------------
2026-07-10 04:34:12.621382 Suites.Cart.TC13 verify product quantity :: TC13 - Verify Product ... | FAIL |
2026-07-10 04:34:12.621912 1 test, 0 passed, 1 failed
2026-07-10 04:34:12.621976 ==============================================================================
2026-07-10 04:34:12.621991 Suites.Cart                                                           | FAIL |
2026-07-10 04:34:12.622333 1 test, 0 passed, 1 failed
2026-07-10 04:34:12.622416 ==============================================================================
2026-07-10 04:34:12.622432 Suites                                                                | FAIL |
2026-07-10 04:34:12.622739 1 test, 0 passed, 1 failed
2026-07-10 04:34:12.622819 ==============================================================================
2026-07-10 04:34:12.622834 Output:  /home/runner/work/engg-robot-testing-framework/engg-robot-testing-framework/reports/pabot_results/6/output.xml
