2026-09-29 05:59:56.022739 ==============================================================================
2026-09-29 05:59:56.039143 Suites
2026-09-29 05:59:56.039166 ==============================================================================
2026-09-29 05:59:56.039179 Suites.Auth
2026-09-29 05:59:56.039945 ==============================================================================
2026-09-29 05:59:56.039960 Suites.Auth.TC01 register user
2026-09-29 05:59:56.039960 [ ERROR ] Error in file '/home/runner/work/engg-robot-testing-framework/engg-robot-testing-framework/tests/auth/TC01_register_user.robot' on line 2: Importing library 'playwright_keyword_library.PlaywrightKeywordLibrary' failed: ModuleNotFoundError: No module named 'playwright_keyword_library'
2026-09-29 05:59:56.057785 ==============================================================================
2026-09-29 05:59:56.057785 Traceback (most recent call last):
2026-09-29 05:59:56.057810   None
2026-09-29 05:59:56.107968 PYTHONPATH:
2026-09-29 05:59:56.158168   /opt/hostedtoolcache/Python/3.11.16/x64/bin
2026-09-29 05:59:56.208335   /opt/hostedtoolcache/Python/3.11.16/x64/lib/python311.zip
2026-09-29 05:59:56.258481   /opt/hostedtoolcache/Python/3.11.16/x64/lib/python3.11
2026-09-29 05:59:56.308685   /opt/hostedtoolcache/Python/3.11.16/x64/lib/python3.11/lib-dynload
2026-09-29 05:59:56.358883   /opt/hostedtoolcache/Python/3.11.16/x64/lib/python3.11/site-packages
2026-09-29 05:59:56.409067 [ ERROR ] Error in file '/home/runner/work/engg-robot-testing-framework/engg-robot-testing-framework/resources/auth_keywords.resource' on line 2: Importing library 'playwright_keyword_library.PlaywrightKeywordLibrary' failed: ModuleNotFoundError: No module named 'playwright_keyword_library'
2026-09-29 05:59:56.459247 Traceback (most recent call last):
2026-09-29 05:59:56.509408   None
2026-09-29 05:59:56.559538 PYTHONPATH:
2026-09-29 05:59:56.609697   /opt/hostedtoolcache/Python/3.11.16/x64/bin
2026-09-29 05:59:56.659865   /opt/hostedtoolcache/Python/3.11.16/x64/lib/python311.zip
2026-09-29 05:59:56.710058   /opt/hostedtoolcache/Python/3.11.16/x64/lib/python3.11
2026-09-29 05:59:56.760419   /opt/hostedtoolcache/Python/3.11.16/x64/lib/python3.11/lib-dynload
2026-09-29 05:59:56.810626   /opt/hostedtoolcache/Python/3.11.16/x64/lib/python3.11/site-packages
2026-09-29 05:59:56.860831 [ ERROR ] Error in file '/home/runner/work/engg-robot-testing-framework/engg-robot-testing-framework/resources/common.resource' on line 4: Importing library 'playwright_keyword_library.PlaywrightKeywordLibrary' failed: ModuleNotFoundError: No module named 'playwright_keyword_library'
2026-09-29 05:59:56.911073 Traceback (most recent call last):
2026-09-29 05:59:56.961295   None
2026-09-29 05:59:57.011502 PYTHONPATH:
2026-09-29 05:59:57.061674   /opt/hostedtoolcache/Python/3.11.16/x64/bin
2026-09-29 05:59:57.111829   /opt/hostedtoolcache/Python/3.11.16/x64/lib/python311.zip
2026-09-29 05:59:57.162016   /opt/hostedtoolcache/Python/3.11.16/x64/lib/python3.11
2026-09-29 05:59:57.212173   /opt/hostedtoolcache/Python/3.11.16/x64/lib/python3.11/lib-dynload
2026-09-29 05:59:57.262319   /opt/hostedtoolcache/Python/3.11.16/x64/lib/python3.11/site-packages
2026-09-29 06:00:06.035539 TC01 Register User                                                    | FAIL |
2026-09-29 06:00:06.067373 Setup failed:
2026-09-29 06:00:06.067387 No keyword with name 'Open Browser' found.
2026-09-29 06:00:06.067396 
2026-09-29 06:00:06.067403 Also teardown failed:
2026-09-29 06:00:06.067411 Several failures occurred:
2026-09-29 06:00:06.067417 
2026-09-29 06:00:06.067425 1) No keyword with name 'Register Keyword To Run On Failure' found.
2026-09-29 06:00:06.067432 
2026-09-29 06:00:06.067440 2) No keyword with name 'Close Browser' found. Did you mean:
2026-09-29 06:00:06.067447     common.Close Test Browser
2026-09-29 06:00:06.067454 ------------------------------------------------------------------------------
2026-09-29 06:00:06.067460 Suites.Auth.TC01 register user                                        | FAIL |
2026-09-29 06:00:06.067968 1 test, 0 passed, 1 failed
2026-09-29 06:00:06.068012 ==============================================================================
2026-09-29 06:00:06.068022 Suites.Auth                                                           | FAIL |
2026-09-29 06:00:06.068297 1 test, 0 passed, 1 failed
2026-09-29 06:00:06.068337 ==============================================================================
2026-09-29 06:00:06.068346 Suites                                                                | FAIL |
2026-09-29 06:00:06.068608 1 test, 0 passed, 1 failed
2026-09-29 06:00:06.068643 ==============================================================================
2026-09-29 06:00:06.068650 Output:  /home/runner/work/engg-robot-testing-framework/engg-robot-testing-framework/reports/pabot_results/0/output.xml
