2026-10-07 06:18:17.296676 ==============================================================================
2026-10-07 06:18:17.314397 Suites
2026-10-07 06:18:17.314419 ==============================================================================
2026-10-07 06:18:17.314437 Suites.Auth
2026-10-07 06:18:17.315366 ==============================================================================
2026-10-07 06:18:17.315387 Suites.Auth.TC01 register user
2026-10-07 06:18:17.315387 [ ERROR ] Error in file '/home/runner/work/engg-robot-testing-framework/engg-robot-testing-framework/tests/auth/TC01_register_user.robot' on line 2: Importing library 'playwright_keyword_library.PlaywrightKeywordLibrary' failed: ModuleNotFoundError: No module named 'playwright_keyword_library'
2026-10-07 06:18:17.334293 ==============================================================================
2026-10-07 06:18:17.334293 Traceback (most recent call last):
2026-10-07 06:18:17.334318   None
2026-10-07 06:18:17.384434 PYTHONPATH:
2026-10-07 06:18:17.434542   /opt/hostedtoolcache/Python/3.11.16/x64/bin
2026-10-07 06:18:17.484647   /opt/hostedtoolcache/Python/3.11.16/x64/lib/python311.zip
2026-10-07 06:18:17.534755   /opt/hostedtoolcache/Python/3.11.16/x64/lib/python3.11
2026-10-07 06:18:17.584865   /opt/hostedtoolcache/Python/3.11.16/x64/lib/python3.11/lib-dynload
2026-10-07 06:18:17.635033   /opt/hostedtoolcache/Python/3.11.16/x64/lib/python3.11/site-packages
2026-10-07 06:18:17.685200 [ ERROR ] Error in file '/home/runner/work/engg-robot-testing-framework/engg-robot-testing-framework/resources/auth_keywords.resource' on line 2: Importing library 'playwright_keyword_library.PlaywrightKeywordLibrary' failed: ModuleNotFoundError: No module named 'playwright_keyword_library'
2026-10-07 06:18:17.735338 Traceback (most recent call last):
2026-10-07 06:18:17.785490   None
2026-10-07 06:18:17.835655 PYTHONPATH:
2026-10-07 06:18:17.885803   /opt/hostedtoolcache/Python/3.11.16/x64/bin
2026-10-07 06:18:17.935980   /opt/hostedtoolcache/Python/3.11.16/x64/lib/python311.zip
2026-10-07 06:18:17.986116   /opt/hostedtoolcache/Python/3.11.16/x64/lib/python3.11
2026-10-07 06:18:18.036277   /opt/hostedtoolcache/Python/3.11.16/x64/lib/python3.11/lib-dynload
2026-10-07 06:18:18.086410   /opt/hostedtoolcache/Python/3.11.16/x64/lib/python3.11/site-packages
2026-10-07 06:18:18.136582 [ ERROR ] Error in file '/home/runner/work/engg-robot-testing-framework/engg-robot-testing-framework/resources/common.resource' on line 4: Importing library 'playwright_keyword_library.PlaywrightKeywordLibrary' failed: ModuleNotFoundError: No module named 'playwright_keyword_library'
2026-10-07 06:18:18.186745 Traceback (most recent call last):
2026-10-07 06:18:18.236902   None
2026-10-07 06:18:18.287056 PYTHONPATH:
2026-10-07 06:18:18.337229   /opt/hostedtoolcache/Python/3.11.16/x64/bin
2026-10-07 06:18:18.387387   /opt/hostedtoolcache/Python/3.11.16/x64/lib/python311.zip
2026-10-07 06:18:18.437574   /opt/hostedtoolcache/Python/3.11.16/x64/lib/python3.11
2026-10-07 06:18:18.487710   /opt/hostedtoolcache/Python/3.11.16/x64/lib/python3.11/lib-dynload
2026-10-07 06:18:18.537888   /opt/hostedtoolcache/Python/3.11.16/x64/lib/python3.11/site-packages
2026-10-07 06:18:27.311545 TC01 Register User                                                    | FAIL |
2026-10-07 06:18:27.345431 Setup failed:
2026-10-07 06:18:27.345442 No keyword with name 'Open Browser' found.
2026-10-07 06:18:27.345451 
2026-10-07 06:18:27.345459 Also teardown failed:
2026-10-07 06:18:27.345468 Several failures occurred:
2026-10-07 06:18:27.345475 
2026-10-07 06:18:27.345488 1) No keyword with name 'Register Keyword To Run On Failure' found.
2026-10-07 06:18:27.345497 
2026-10-07 06:18:27.345505 2) No keyword with name 'Close Browser' found. Did you mean:
2026-10-07 06:18:27.345513     common.Close Test Browser
2026-10-07 06:18:27.345521 ------------------------------------------------------------------------------
2026-10-07 06:18:27.345529 Suites.Auth.TC01 register user                                        | FAIL |
2026-10-07 06:18:27.346125 1 test, 0 passed, 1 failed
2026-10-07 06:18:27.346133 ==============================================================================
2026-10-07 06:18:27.346140 Suites.Auth                                                           | FAIL |
2026-10-07 06:18:27.347141 1 test, 0 passed, 1 failed
2026-10-07 06:18:27.347149 ==============================================================================
2026-10-07 06:18:27.347156 Suites                                                                | FAIL |
2026-10-07 06:18:27.347162 1 test, 0 passed, 1 failed
2026-10-07 06:18:27.347169 ==============================================================================
2026-10-07 06:18:27.347175 Output:  /home/runner/work/engg-robot-testing-framework/engg-robot-testing-framework/reports/pabot_results/0/output.xml
