2026-07-09 04:30:35.216103 ==============================================================================
2026-07-09 04:30:35.234803 Suites
2026-07-09 04:30:35.234825 ==============================================================================
2026-07-09 04:30:35.234838 Suites.Auth
2026-07-09 04:30:35.235557 ==============================================================================
2026-07-09 04:30:35.235576 Suites.Auth.TC05 register existing email
2026-07-09 04:30:35.235576 [ ERROR ] Error in file '/home/runner/work/engg-robot-testing-framework/engg-robot-testing-framework/tests/auth/TC05_register_existing_email.robot' on line 2: Importing library 'playwright_keyword_library.PlaywrightKeywordLibrary' failed: ModuleNotFoundError: No module named 'playwright_keyword_library'
2026-07-09 04:30:35.254756 ==============================================================================
2026-07-09 04:30:35.254756 Traceback (most recent call last):
2026-07-09 04:30:35.254792   None
2026-07-09 04:30:35.304944 PYTHONPATH:
2026-07-09 04:30:35.355069   /opt/hostedtoolcache/Python/3.11.15/x64/bin
2026-07-09 04:30:35.405171   /opt/hostedtoolcache/Python/3.11.15/x64/lib/python311.zip
2026-07-09 04:30:35.455283   /opt/hostedtoolcache/Python/3.11.15/x64/lib/python3.11
2026-07-09 04:30:35.505386   /opt/hostedtoolcache/Python/3.11.15/x64/lib/python3.11/lib-dynload
2026-07-09 04:30:35.555489   /opt/hostedtoolcache/Python/3.11.15/x64/lib/python3.11/site-packages
2026-07-09 04:30:35.605642 [ ERROR ] Error in file '/home/runner/work/engg-robot-testing-framework/engg-robot-testing-framework/resources/auth_keywords.resource' on line 2: Importing library 'playwright_keyword_library.PlaywrightKeywordLibrary' failed: ModuleNotFoundError: No module named 'playwright_keyword_library'
2026-07-09 04:30:35.655787 Traceback (most recent call last):
2026-07-09 04:30:35.705942   None
2026-07-09 04:30:35.756078 PYTHONPATH:
2026-07-09 04:30:35.806208   /opt/hostedtoolcache/Python/3.11.15/x64/bin
2026-07-09 04:30:35.856343   /opt/hostedtoolcache/Python/3.11.15/x64/lib/python311.zip
2026-07-09 04:30:35.906508   /opt/hostedtoolcache/Python/3.11.15/x64/lib/python3.11
2026-07-09 04:30:35.956638   /opt/hostedtoolcache/Python/3.11.15/x64/lib/python3.11/lib-dynload
2026-07-09 04:30:36.006785   /opt/hostedtoolcache/Python/3.11.15/x64/lib/python3.11/site-packages
2026-07-09 04:30:36.056930 [ ERROR ] Error in file '/home/runner/work/engg-robot-testing-framework/engg-robot-testing-framework/resources/common.resource' on line 4: Importing library 'playwright_keyword_library.PlaywrightKeywordLibrary' failed: ModuleNotFoundError: No module named 'playwright_keyword_library'
2026-07-09 04:30:36.107086 Traceback (most recent call last):
2026-07-09 04:30:36.157218   None
2026-07-09 04:30:36.207364 PYTHONPATH:
2026-07-09 04:30:36.257493   /opt/hostedtoolcache/Python/3.11.15/x64/bin
2026-07-09 04:30:36.307643   /opt/hostedtoolcache/Python/3.11.15/x64/lib/python311.zip
2026-07-09 04:30:36.357788   /opt/hostedtoolcache/Python/3.11.15/x64/lib/python3.11
2026-07-09 04:30:36.407938   /opt/hostedtoolcache/Python/3.11.15/x64/lib/python3.11/lib-dynload
2026-07-09 04:30:36.458078   /opt/hostedtoolcache/Python/3.11.15/x64/lib/python3.11/site-packages
2026-07-09 04:30:45.229877 TC05 Register User With Existing Email                                | FAIL |
2026-07-09 04:30:45.264570 Setup failed:
2026-07-09 04:30:45.264586 No keyword with name 'Open Browser' found.
2026-07-09 04:30:45.264597 
2026-07-09 04:30:45.264606 Also teardown failed:
2026-07-09 04:30:45.264614 Several failures occurred:
2026-07-09 04:30:45.264623 
2026-07-09 04:30:45.264632 1) No keyword with name 'Register Keyword To Run On Failure' found.
2026-07-09 04:30:45.264641 
2026-07-09 04:30:45.264649 2) No keyword with name 'Close Browser' found. Did you mean:
2026-07-09 04:30:45.264657     common.Close Test Browser
2026-07-09 04:30:45.264664 ------------------------------------------------------------------------------
2026-07-09 04:30:45.264673 Suites.Auth.TC05 register existing email                              | FAIL |
2026-07-09 04:30:45.265249 1 test, 0 passed, 1 failed
2026-07-09 04:30:45.265265 ==============================================================================
2026-07-09 04:30:45.265275 Suites.Auth                                                           | FAIL |
2026-07-09 04:30:45.265663 1 test, 0 passed, 1 failed
2026-07-09 04:30:45.265678 ==============================================================================
2026-07-09 04:30:45.265688 Suites                                                                | FAIL |
2026-07-09 04:30:45.265994 1 test, 0 passed, 1 failed
2026-07-09 04:30:45.266029 ==============================================================================
2026-07-09 04:30:45.266037 Output:  /home/runner/work/engg-robot-testing-framework/engg-robot-testing-framework/reports/pabot_results/4/output.xml
