[INFO]    Initialized logging in reports/pabot_results
[INFO]    Robot Framework remote server at 127.0.0.1:8270 started.
[DEBUG]   2026-05-20 04:46:39.038994 [PID:2364] [1] [ID:1] EXECUTING Suites.Auth.TC02 login valid
[DEBUG]   2026-05-20 04:46:39.040845 [PID:2365] [0] [ID:0] EXECUTING Suites.Auth.TC01 register user
[DEBUG]   2026-05-20 04:46:44.046027 [PID:2364] [1] [ID:1] still running Suites.Auth.TC02 login valid after 5.0s
[DEBUG]   2026-05-20 04:46:44.046800 [PID:2365] [0] [ID:0] still running Suites.Auth.TC01 register user after 5.0s
[DEBUG]   2026-05-20 04:46:54.071941 [PID:2364] [1] [ID:1] still running Suites.Auth.TC02 login valid after 15.0s
[DEBUG]   2026-05-20 04:46:54.072044 [PID:2365] [0] [ID:0] still running Suites.Auth.TC01 register user after 15.0s
[DEBUG]   2026-05-20 04:47:09.095868 [PID:2365] [0] [ID:0] still running Suites.Auth.TC01 register user after 30.0s
[DEBUG]   2026-05-20 04:47:09.097253 [PID:2364] [1] [ID:1] still running Suites.Auth.TC02 login valid after 30.0s
[INFO]    2026-05-20 04:47:16.107471 [PID:2365] [0] [ID:0] PASSED Suites.Auth.TC01 register user in 37.1 seconds
[DEBUG]   2026-05-20 04:47:16.112524 [PID:2908] [0] [ID:2] EXECUTING Suites.Auth.TC03 login invalid
[DEBUG]   2026-05-20 04:47:21.120614 [PID:2908] [0] [ID:2] still running Suites.Auth.TC03 login invalid after 5.0s
[DEBUG]   2026-05-20 04:47:29.121929 [PID:2364] [1] [ID:1] still running Suites.Auth.TC02 login valid after 50.0s
[DEBUG]   2026-05-20 04:47:31.129649 [PID:2908] [0] [ID:2] still running Suites.Auth.TC03 login invalid after 15.0s
[INFO]    2026-05-20 04:47:31.633064 [PID:2908] [0] [ID:2] PASSED Suites.Auth.TC03 login invalid in 15.5 seconds
[DEBUG]   2026-05-20 04:47:31.638205 [PID:3157] [1] [ID:3] EXECUTING Suites.Auth.TC04 logout user
[DEBUG]   2026-05-20 04:47:36.645415 [PID:3157] [1] [ID:3] still running Suites.Auth.TC04 logout user after 5.0s
[DEBUG]   2026-05-20 04:47:46.656003 [PID:3157] [1] [ID:3] still running Suites.Auth.TC04 logout user after 15.0s
[DEBUG]   2026-05-20 04:47:54.151596 [PID:2364] [1] [ID:1] still running Suites.Auth.TC02 login valid after 75.0s
[DEBUG]   2026-05-20 04:48:01.670420 [PID:3157] [1] [ID:3] still running Suites.Auth.TC04 logout user after 30.0s
[INFO]    2026-05-20 04:48:04.267347 [PID:2364] [1] [ID:1] Execution failed in Suites.Auth.TC02 login valid with 1 failing test(s)
==============================================================================
Suites
==============================================================================
Suites.Auth
==============================================================================
Suites.Auth.TC02 login valid
==============================================================================
TC02 Login User With Correct Email And Password                       | FAIL |
Element 'xpath=//a[contains(text(),'Logout')]' not visible after 45 seconds.
------------------------------------------------------------------------------
Suites.Auth.TC02 login valid                                          | FAIL |
1 test, 0 passed, 1 failed
==============================================================================
Suites.Auth                                                           | FAIL |
1 test, 0 passed, 1 failed
==============================================================================
Suites                                                                | FAIL |
1 test, 0 passed, 1 failed
==============================================================================
Output:  /home/runner/work/engg-robot-testing-framework/engg-robot-testing-framework/reports/pabot_results/1/output.xml
[DEBUG]   2026-05-20 04:48:04.272271 [PID:3586] [0] [ID:4] EXECUTING Suites.Auth.TC05 register existing email
[DEBUG]   2026-05-20 04:48:09.278824 [PID:3586] [0] [ID:4] still running Suites.Auth.TC05 register existing email after 5.0s
[DEBUG]   2026-05-20 04:48:19.290488 [PID:3586] [0] [ID:4] still running Suites.Auth.TC05 register existing email after 15.0s
[DEBUG]   2026-05-20 04:48:21.693227 [PID:3157] [1] [ID:3] still running Suites.Auth.TC04 logout user after 50.0s
[DEBUG]   2026-05-20 04:48:34.307462 [PID:3586] [0] [ID:4] still running Suites.Auth.TC05 register existing email after 30.0s
[DEBUG]   2026-05-20 04:48:46.722356 [PID:3157] [1] [ID:3] still running Suites.Auth.TC04 logout user after 75.0s
[INFO]    2026-05-20 04:48:48.230818 [PID:3157] [1] [ID:3] Execution failed in Suites.Auth.TC04 logout user with 1 failing test(s)
==============================================================================
Suites
==============================================================================
Suites.Auth
==============================================================================
Suites.Auth.TC04 logout user
==============================================================================
TC04 Logout User                                                      | FAIL |
Element 'css=li a b' did not appear in 45 seconds.
------------------------------------------------------------------------------
Suites.Auth.TC04 logout user                                          | FAIL |
1 test, 0 passed, 1 failed
==============================================================================
Suites.Auth                                                           | FAIL |
1 test, 0 passed, 1 failed
==============================================================================
Suites                                                                | FAIL |
1 test, 0 passed, 1 failed
==============================================================================
Output:  /home/runner/work/engg-robot-testing-framework/engg-robot-testing-framework/reports/pabot_results/3/output.xml
[DEBUG]   2026-05-20 04:48:48.235812 [PID:4015] [1] [ID:5] EXECUTING Suites.Cart.TC12 add products to cart
[DEBUG]   2026-05-20 04:48:53.242907 [PID:4015] [1] [ID:5] still running Suites.Cart.TC12 add products to cart after 5.0s
[DEBUG]   2026-05-20 04:48:54.332776 [PID:3586] [0] [ID:4] still running Suites.Auth.TC05 register existing email after 50.0s
[DEBUG]   2026-05-20 04:49:03.256709 [PID:4015] [1] [ID:5] still running Suites.Cart.TC12 add products to cart after 15.0s
[INFO]    2026-05-20 04:49:05.962859 [PID:4015] [1] [ID:5] PASSED Suites.Cart.TC12 add products to cart in 17.7 seconds
[DEBUG]   2026-05-20 04:49:05.967621 [PID:4290] [0] [ID:6] EXECUTING Suites.Cart.TC13 verify product quantity
[DEBUG]   2026-05-20 04:49:10.973416 [PID:4290] [0] [ID:6] still running Suites.Cart.TC13 verify product quantity after 5.0s
[DEBUG]   2026-05-20 04:49:19.376298 [PID:3586] [0] [ID:4] still running Suites.Auth.TC05 register existing email after 75.0s
[INFO]    2026-05-20 04:49:19.384867 [PID:4290] [0] [ID:6] PASSED Suites.Cart.TC13 verify product quantity in 13.4 seconds
[DEBUG]   2026-05-20 04:49:19.391952 [PID:4664] [1] [ID:7] EXECUTING Suites.Cart.TC17 remove products from cart
[INFO]    2026-05-20 04:49:19.880940 [PID:3586] [0] [ID:4] Execution failed in Suites.Auth.TC05 register existing email with 1 failing test(s)
==============================================================================
Suites
==============================================================================
Suites.Auth
==============================================================================
Suites.Auth.TC05 register existing email
==============================================================================
TC05 Register User With Existing Email                                | FAIL |
Element 'xpath=//a[contains(text(),'Logout')]' not visible after 45 seconds.
------------------------------------------------------------------------------
Suites.Auth.TC05 register existing email                              | FAIL |
1 test, 0 passed, 1 failed
==============================================================================
Suites.Auth                                                           | FAIL |
1 test, 0 passed, 1 failed
==============================================================================
Suites                                                                | FAIL |
1 test, 0 passed, 1 failed
==============================================================================
Output:  /home/runner/work/engg-robot-testing-framework/engg-robot-testing-framework/reports/pabot_results/4/output.xml
[DEBUG]   2026-05-20 04:49:19.887870 [PID:4737] [0] [ID:8] EXECUTING Suites.Cart.TC20 search and verify cart after login
[DEBUG]   2026-05-20 04:49:24.406745 [PID:4664] [1] [ID:7] still running Suites.Cart.TC17 remove products from cart after 5.0s
[DEBUG]   2026-05-20 04:49:24.897349 [PID:4737] [0] [ID:8] still running Suites.Cart.TC20 search and verify cart after login after 5.0s
[DEBUG]   2026-05-20 04:49:34.422480 [PID:4664] [1] [ID:7] still running Suites.Cart.TC17 remove products from cart after 15.0s
[DEBUG]   2026-05-20 04:49:34.912378 [PID:4737] [0] [ID:8] still running Suites.Cart.TC20 search and verify cart after login after 15.0s
[INFO]    2026-05-20 04:49:38.330400 [PID:4664] [1] [ID:7] PASSED Suites.Cart.TC17 remove products from cart in 18.9 seconds
[DEBUG]   2026-05-20 04:49:38.336469 [PID:5152] [1] [ID:9] EXECUTING Suites.Cart.TC22 add from recommended items
[DEBUG]   2026-05-20 04:49:43.345360 [PID:5152] [1] [ID:9] still running Suites.Cart.TC22 add from recommended items after 5.0s
[DEBUG]   2026-05-20 04:49:49.934804 [PID:4737] [0] [ID:8] still running Suites.Cart.TC20 search and verify cart after login after 30.0s
[DEBUG]   2026-05-20 04:49:53.360099 [PID:5152] [1] [ID:9] still running Suites.Cart.TC22 add from recommended items after 15.0s
[INFO]    2026-05-20 04:49:55.066045 [PID:5152] [1] [ID:9] PASSED Suites.Cart.TC22 add from recommended items in 16.7 seconds
[INFO]    2026-05-20 04:49:58.351455 [PID:4737] [0] [ID:8] PASSED Suites.Cart.TC20 search and verify cart after login in 38.5 seconds
[INFO]    10 tests, 7 passed, 3 failed, 0 skipped.
[INFO]    ===================================================
[INFO]    Output:  /home/runner/work/engg-robot-testing-framework/engg-robot-testing-framework/reports/output.xml
[INFO]    Log:     /home/runner/work/engg-robot-testing-framework/engg-robot-testing-framework/reports/log.html
[INFO]    Report:  /home/runner/work/engg-robot-testing-framework/engg-robot-testing-framework/reports/report.html
[DEBUG]   Finalizing Pabot execution...
[DEBUG]   Stopping PabotLib process
[INFO]    Robot Framework remote server at 127.0.0.1:8270 stopped.
[DEBUG]   PabotLib process stopped
[INFO]    Total testing: 6 minutes 35.20 seconds
[INFO]    Elapsed time:  3 minutes 19.93 seconds
[DEBUG]   Logs flushed successfully.
