2026-08-27 10:08:07.168677 ==============================================================================
2026-08-27 10:08:07.196897 Suites
2026-08-27 10:08:07.196922 ==============================================================================
2026-08-27 10:08:07.196939 Suites.Cart
2026-08-27 10:08:07.197840 ==============================================================================
2026-08-27 10:08:07.197858 Suites.Cart.TC12 add products to cart :: TC12 - Add Products In Cart
2026-08-27 10:08:07.197858 [ ERROR ] Error in file '/home/runner/work/engg-robot-testing-framework/engg-robot-testing-framework/resources/common.resource' on line 4: Importing library 'playwright_keyword_library.PlaywrightKeywordLibrary' failed: ModuleNotFoundError: No module named 'playwright_keyword_library'
2026-08-27 10:08:07.230303 ==============================================================================
2026-08-27 10:08:07.230303 Traceback (most recent call last):
2026-08-27 10:08:07.230320   None
2026-08-27 10:08:07.280467 PYTHONPATH:
2026-08-27 10:08:07.330591   /opt/hostedtoolcache/Python/3.11.16/x64/bin
2026-08-27 10:08:07.380737   /opt/hostedtoolcache/Python/3.11.16/x64/lib/python311.zip
2026-08-27 10:08:07.431032   /opt/hostedtoolcache/Python/3.11.16/x64/lib/python3.11
2026-08-27 10:08:07.481167   /opt/hostedtoolcache/Python/3.11.16/x64/lib/python3.11/lib-dynload
2026-08-27 10:08:07.531380   /opt/hostedtoolcache/Python/3.11.16/x64/lib/python3.11/site-packages
2026-08-27 10:08:07.581539 [ ERROR ] Error in file '/home/runner/work/engg-robot-testing-framework/engg-robot-testing-framework/resources/product_keywords.resource' on line 2: Importing library 'playwright_keyword_library.PlaywrightKeywordLibrary' failed: ModuleNotFoundError: No module named 'playwright_keyword_library'
2026-08-27 10:08:07.631706 Traceback (most recent call last):
2026-08-27 10:08:07.681847   None
2026-08-27 10:08:07.732101 PYTHONPATH:
2026-08-27 10:08:07.782285   /opt/hostedtoolcache/Python/3.11.16/x64/bin
2026-08-27 10:08:07.832468   /opt/hostedtoolcache/Python/3.11.16/x64/lib/python311.zip
2026-08-27 10:08:07.882655   /opt/hostedtoolcache/Python/3.11.16/x64/lib/python3.11
2026-08-27 10:08:07.932824   /opt/hostedtoolcache/Python/3.11.16/x64/lib/python3.11/lib-dynload
2026-08-27 10:08:07.983004   /opt/hostedtoolcache/Python/3.11.16/x64/lib/python3.11/site-packages
2026-08-27 10:08:08.033185 [ ERROR ] Error in file '/home/runner/work/engg-robot-testing-framework/engg-robot-testing-framework/resources/cart_keywords.resource' on line 2: Importing library 'playwright_keyword_library.PlaywrightKeywordLibrary' failed: ModuleNotFoundError: No module named 'playwright_keyword_library'
2026-08-27 10:08:08.083306 Traceback (most recent call last):
2026-08-27 10:08:08.133473   None
2026-08-27 10:08:08.183654 PYTHONPATH:
2026-08-27 10:08:08.233841   /opt/hostedtoolcache/Python/3.11.16/x64/bin
2026-08-27 10:08:08.284008   /opt/hostedtoolcache/Python/3.11.16/x64/lib/python311.zip
2026-08-27 10:08:08.334172   /opt/hostedtoolcache/Python/3.11.16/x64/lib/python3.11
2026-08-27 10:08:08.384306   /opt/hostedtoolcache/Python/3.11.16/x64/lib/python3.11/lib-dynload
2026-08-27 10:08:08.434444   /opt/hostedtoolcache/Python/3.11.16/x64/lib/python3.11/site-packages
2026-08-27 10:08:17.206228 TC12 Add Products In Cart                                             | FAIL |
2026-08-27 10:08:17.242112 Setup failed:
2026-08-27 10:08:17.242139 No keyword with name 'Open Browser' found.
2026-08-27 10:08:17.242157 
2026-08-27 10:08:17.242169 Also teardown failed:
2026-08-27 10:08:17.242213 Several failures occurred:
2026-08-27 10:08:17.242228 
2026-08-27 10:08:17.242271 1) No keyword with name 'Register Keyword To Run On Failure' found.
2026-08-27 10:08:17.242287 
2026-08-27 10:08:17.242298 2) No keyword with name 'Close Browser' found. Did you mean:
2026-08-27 10:08:17.242309     common.Close Test Browser
2026-08-27 10:08:17.242320 ------------------------------------------------------------------------------
2026-08-27 10:08:17.242330 Suites.Cart.TC12 add products to cart :: TC12 - Add Products In Cart  | FAIL |
2026-08-27 10:08:17.242824 1 test, 0 passed, 1 failed
2026-08-27 10:08:17.242893 ==============================================================================
2026-08-27 10:08:17.242907 Suites.Cart                                                           | FAIL |
2026-08-27 10:08:17.243301 1 test, 0 passed, 1 failed
2026-08-27 10:08:17.243371 ==============================================================================
2026-08-27 10:08:17.243384 Suites                                                                | FAIL |
2026-08-27 10:08:17.243701 1 test, 0 passed, 1 failed
2026-08-27 10:08:17.243748 ==============================================================================
2026-08-27 10:08:17.243760 Output:  /home/runner/work/engg-robot-testing-framework/engg-robot-testing-framework/reports/pabot_results/5/output.xml
