2026-09-11 05:00:12.893278 ==============================================================================
2026-09-11 05:00:12.919657 Suites
2026-09-11 05:00:12.919672 ==============================================================================
2026-09-11 05:00:12.919682 Suites.Auth
2026-09-11 05:00:12.920245 ==============================================================================
2026-09-11 05:00:12.920257 Suites.Auth.TC03 login invalid
2026-09-11 05:00:12.920257 [ ERROR ] Error in file '/home/runner/work/engg-robot-testing-framework/engg-robot-testing-framework/tests/auth/TC03_login_invalid.robot' on line 2: Importing library 'playwright_keyword_library.PlaywrightKeywordLibrary' failed: ModuleNotFoundError: No module named 'playwright_keyword_library'
2026-09-11 05:00:12.933511 ==============================================================================
2026-09-11 05:00:12.933511 Traceback (most recent call last):
2026-09-11 05:00:12.933529   None
2026-09-11 05:00:12.983669 PYTHONPATH:
2026-09-11 05:00:13.033817   /opt/hostedtoolcache/Python/3.11.16/x64/bin
2026-09-11 05:00:13.083968   /opt/hostedtoolcache/Python/3.11.16/x64/lib/python311.zip
2026-09-11 05:00:13.134108   /opt/hostedtoolcache/Python/3.11.16/x64/lib/python3.11
2026-09-11 05:00:13.184278   /opt/hostedtoolcache/Python/3.11.16/x64/lib/python3.11/lib-dynload
2026-09-11 05:00:13.234466   /opt/hostedtoolcache/Python/3.11.16/x64/lib/python3.11/site-packages
2026-09-11 05:00:13.284696 [ ERROR ] Error in file '/home/runner/work/engg-robot-testing-framework/engg-robot-testing-framework/resources/auth_keywords.resource' on line 2: Importing library 'playwright_keyword_library.PlaywrightKeywordLibrary' failed: ModuleNotFoundError: No module named 'playwright_keyword_library'
2026-09-11 05:00:13.334885 Traceback (most recent call last):
2026-09-11 05:00:13.385047   None
2026-09-11 05:00:13.435195 PYTHONPATH:
2026-09-11 05:00:13.485374   /opt/hostedtoolcache/Python/3.11.16/x64/bin
2026-09-11 05:00:13.535535   /opt/hostedtoolcache/Python/3.11.16/x64/lib/python311.zip
2026-09-11 05:00:13.585681   /opt/hostedtoolcache/Python/3.11.16/x64/lib/python3.11
2026-09-11 05:00:13.635834   /opt/hostedtoolcache/Python/3.11.16/x64/lib/python3.11/lib-dynload
2026-09-11 05:00:13.686004   /opt/hostedtoolcache/Python/3.11.16/x64/lib/python3.11/site-packages
2026-09-11 05:00:13.736196 [ ERROR ] Error in file '/home/runner/work/engg-robot-testing-framework/engg-robot-testing-framework/resources/common.resource' on line 4: Importing library 'playwright_keyword_library.PlaywrightKeywordLibrary' failed: ModuleNotFoundError: No module named 'playwright_keyword_library'
2026-09-11 05:00:13.786389 Traceback (most recent call last):
2026-09-11 05:00:13.836542   None
2026-09-11 05:00:13.886727 PYTHONPATH:
2026-09-11 05:00:13.936885   /opt/hostedtoolcache/Python/3.11.16/x64/bin
2026-09-11 05:00:13.987052   /opt/hostedtoolcache/Python/3.11.16/x64/lib/python311.zip
2026-09-11 05:00:14.037176   /opt/hostedtoolcache/Python/3.11.16/x64/lib/python3.11
2026-09-11 05:00:14.087348   /opt/hostedtoolcache/Python/3.11.16/x64/lib/python3.11/lib-dynload
2026-09-11 05:00:14.137497   /opt/hostedtoolcache/Python/3.11.16/x64/lib/python3.11/site-packages
2026-09-11 05:00:22.908609 TC03 Login User With Incorrect Email And Password                     | FAIL |
2026-09-11 05:00:22.940933 Setup failed:
2026-09-11 05:00:22.940944 No keyword with name 'Open Browser' found.
2026-09-11 05:00:22.940950 
2026-09-11 05:00:22.940956 Also teardown failed:
2026-09-11 05:00:22.940962 Several failures occurred:
2026-09-11 05:00:22.940967 
2026-09-11 05:00:22.940972 1) No keyword with name 'Register Keyword To Run On Failure' found.
2026-09-11 05:00:22.940978 
2026-09-11 05:00:22.940983 2) No keyword with name 'Close Browser' found. Did you mean:
2026-09-11 05:00:22.940989     common.Close Test Browser
2026-09-11 05:00:22.940994 ------------------------------------------------------------------------------
2026-09-11 05:00:22.940999 Suites.Auth.TC03 login invalid                                        | FAIL |
2026-09-11 05:00:22.941322 1 test, 0 passed, 1 failed
2026-09-11 05:00:22.941341 ==============================================================================
2026-09-11 05:00:22.941377 Suites.Auth                                                           | FAIL |
2026-09-11 05:00:22.941539 1 test, 0 passed, 1 failed
2026-09-11 05:00:22.941574 ==============================================================================
2026-09-11 05:00:22.941579 Suites                                                                | FAIL |
2026-09-11 05:00:22.941761 1 test, 0 passed, 1 failed
2026-09-11 05:00:22.941766 ==============================================================================
2026-09-11 05:00:22.941772 Output:  /home/runner/work/engg-robot-testing-framework/engg-robot-testing-framework/reports/pabot_results/2/output.xml
