2026-08-31 05:55:27.579805 ==============================================================================
2026-08-31 05:55:27.604290 Suites
2026-08-31 05:55:27.604311 ==============================================================================
2026-08-31 05:55:27.604324 Suites.Auth
2026-08-31 05:55:27.605060 ==============================================================================
2026-08-31 05:55:27.605075 Suites.Auth.TC04 logout user
2026-08-31 05:55:27.605075 [ ERROR ] Error in file '/home/runner/work/engg-robot-testing-framework/engg-robot-testing-framework/tests/auth/TC04_logout_user.robot' on line 2: Importing library 'playwright_keyword_library.PlaywrightKeywordLibrary' failed: ModuleNotFoundError: No module named 'playwright_keyword_library'
2026-08-31 05:55:27.621819 ==============================================================================
2026-08-31 05:55:27.621819 Traceback (most recent call last):
2026-08-31 05:55:27.621841   None
2026-08-31 05:55:27.671972 PYTHONPATH:
2026-08-31 05:55:27.722171   /opt/hostedtoolcache/Python/3.11.16/x64/bin
2026-08-31 05:55:27.772346   /opt/hostedtoolcache/Python/3.11.16/x64/lib/python311.zip
2026-08-31 05:55:27.822530   /opt/hostedtoolcache/Python/3.11.16/x64/lib/python3.11
2026-08-31 05:55:27.872702   /opt/hostedtoolcache/Python/3.11.16/x64/lib/python3.11/lib-dynload
2026-08-31 05:55:27.922876   /opt/hostedtoolcache/Python/3.11.16/x64/lib/python3.11/site-packages
2026-08-31 05:55:27.973015 [ ERROR ] Error in file '/home/runner/work/engg-robot-testing-framework/engg-robot-testing-framework/resources/auth_keywords.resource' on line 2: Importing library 'playwright_keyword_library.PlaywrightKeywordLibrary' failed: ModuleNotFoundError: No module named 'playwright_keyword_library'
2026-08-31 05:55:28.023189 Traceback (most recent call last):
2026-08-31 05:55:28.073381   None
2026-08-31 05:55:28.123560 PYTHONPATH:
2026-08-31 05:55:28.173762   /opt/hostedtoolcache/Python/3.11.16/x64/bin
2026-08-31 05:55:28.223949   /opt/hostedtoolcache/Python/3.11.16/x64/lib/python311.zip
2026-08-31 05:55:28.274122   /opt/hostedtoolcache/Python/3.11.16/x64/lib/python3.11
2026-08-31 05:55:28.324315   /opt/hostedtoolcache/Python/3.11.16/x64/lib/python3.11/lib-dynload
2026-08-31 05:55:28.374496   /opt/hostedtoolcache/Python/3.11.16/x64/lib/python3.11/site-packages
2026-08-31 05:55:28.424797 [ ERROR ] Error in file '/home/runner/work/engg-robot-testing-framework/engg-robot-testing-framework/resources/common.resource' on line 4: Importing library 'playwright_keyword_library.PlaywrightKeywordLibrary' failed: ModuleNotFoundError: No module named 'playwright_keyword_library'
2026-08-31 05:55:28.474987 Traceback (most recent call last):
2026-08-31 05:55:28.525257   None
2026-08-31 05:55:28.575449 PYTHONPATH:
2026-08-31 05:55:28.625633   /opt/hostedtoolcache/Python/3.11.16/x64/bin
2026-08-31 05:55:28.675838   /opt/hostedtoolcache/Python/3.11.16/x64/lib/python311.zip
2026-08-31 05:55:28.726102   /opt/hostedtoolcache/Python/3.11.16/x64/lib/python3.11
2026-08-31 05:55:28.776289   /opt/hostedtoolcache/Python/3.11.16/x64/lib/python3.11/lib-dynload
2026-08-31 05:55:28.826563   /opt/hostedtoolcache/Python/3.11.16/x64/lib/python3.11/site-packages
2026-08-31 05:55:37.601168 TC04 Logout User                                                      | FAIL |
2026-08-31 05:55:37.631166 Setup failed:
2026-08-31 05:55:37.631188 No keyword with name 'Open Browser' found.
2026-08-31 05:55:37.631202 
2026-08-31 05:55:37.631217 Also teardown failed:
2026-08-31 05:55:37.631250 Several failures occurred:
2026-08-31 05:55:37.631261 
2026-08-31 05:55:37.631272 1) No keyword with name 'Register Keyword To Run On Failure' found.
2026-08-31 05:55:37.631283 
2026-08-31 05:55:37.631293 2) No keyword with name 'Close Browser' found. Did you mean:
2026-08-31 05:55:37.631303     common.Close Test Browser
2026-08-31 05:55:37.631313 ------------------------------------------------------------------------------
2026-08-31 05:55:37.631323 Suites.Auth.TC04 logout user                                          | FAIL |
2026-08-31 05:55:37.631777 1 test, 0 passed, 1 failed
2026-08-31 05:55:37.631797 ==============================================================================
2026-08-31 05:55:37.631860 Suites.Auth                                                           | FAIL |
2026-08-31 05:55:37.632241 1 test, 0 passed, 1 failed
2026-08-31 05:55:37.632300 ==============================================================================
2026-08-31 05:55:37.632313 Suites                                                                | FAIL |
2026-08-31 05:55:37.632663 1 test, 0 passed, 1 failed
2026-08-31 05:55:37.632678 ==============================================================================
2026-08-31 05:55:37.632690 Output:  /home/runner/work/engg-robot-testing-framework/engg-robot-testing-framework/reports/pabot_results/3/output.xml
