2026-07-19 04:03:37.633674 ==============================================================================
2026-07-19 04:03:37.663616 Suites
2026-07-19 04:03:37.663639 ==============================================================================
2026-07-19 04:03:37.663653 Suites.Auth
2026-07-19 04:03:37.664568 ==============================================================================
2026-07-19 04:03:37.664587 Suites.Auth.TC04 logout user
2026-07-19 04:03:37.664587 [ ERROR ] Error in file '/home/runner/work/engg-robot-testing-framework/engg-robot-testing-framework/tests/auth/TC04_logout_user.robot' on line 2: Importing library 'playwright_keyword_library.PlaywrightKeywordLibrary' failed: ModuleNotFoundError: No module named 'playwright_keyword_library'
2026-07-19 04:03:37.683902 ==============================================================================
2026-07-19 04:03:37.683902 Traceback (most recent call last):
2026-07-19 04:03:37.683929   None
2026-07-19 04:03:37.734108 PYTHONPATH:
2026-07-19 04:03:37.784246   /opt/hostedtoolcache/Python/3.11.15/x64/bin
2026-07-19 04:03:37.834420   /opt/hostedtoolcache/Python/3.11.15/x64/lib/python311.zip
2026-07-19 04:03:37.884555   /opt/hostedtoolcache/Python/3.11.15/x64/lib/python3.11
2026-07-19 04:03:37.934736   /opt/hostedtoolcache/Python/3.11.15/x64/lib/python3.11/lib-dynload
2026-07-19 04:03:37.985023   /opt/hostedtoolcache/Python/3.11.15/x64/lib/python3.11/site-packages
2026-07-19 04:03:38.035262 [ ERROR ] Error in file '/home/runner/work/engg-robot-testing-framework/engg-robot-testing-framework/resources/auth_keywords.resource' on line 2: Importing library 'playwright_keyword_library.PlaywrightKeywordLibrary' failed: ModuleNotFoundError: No module named 'playwright_keyword_library'
2026-07-19 04:03:38.085565 Traceback (most recent call last):
2026-07-19 04:03:38.135801   None
2026-07-19 04:03:38.186081 PYTHONPATH:
2026-07-19 04:03:38.236301   /opt/hostedtoolcache/Python/3.11.15/x64/bin
2026-07-19 04:03:38.286595   /opt/hostedtoolcache/Python/3.11.15/x64/lib/python311.zip
2026-07-19 04:03:38.336841   /opt/hostedtoolcache/Python/3.11.15/x64/lib/python3.11
2026-07-19 04:03:38.387158   /opt/hostedtoolcache/Python/3.11.15/x64/lib/python3.11/lib-dynload
2026-07-19 04:03:38.437386   /opt/hostedtoolcache/Python/3.11.15/x64/lib/python3.11/site-packages
2026-07-19 04:03:38.487670 [ ERROR ] Error in file '/home/runner/work/engg-robot-testing-framework/engg-robot-testing-framework/resources/common.resource' on line 4: Importing library 'playwright_keyword_library.PlaywrightKeywordLibrary' failed: ModuleNotFoundError: No module named 'playwright_keyword_library'
2026-07-19 04:03:38.537922 Traceback (most recent call last):
2026-07-19 04:03:38.588233   None
2026-07-19 04:03:38.638491 PYTHONPATH:
2026-07-19 04:03:38.688796   /opt/hostedtoolcache/Python/3.11.15/x64/bin
2026-07-19 04:03:38.738999   /opt/hostedtoolcache/Python/3.11.15/x64/lib/python311.zip
2026-07-19 04:03:38.789300   /opt/hostedtoolcache/Python/3.11.15/x64/lib/python3.11
2026-07-19 04:03:38.839543   /opt/hostedtoolcache/Python/3.11.15/x64/lib/python3.11/lib-dynload
2026-07-19 04:03:38.889823   /opt/hostedtoolcache/Python/3.11.15/x64/lib/python3.11/site-packages
2026-07-19 04:03:47.670425 TC04 Logout User                                                      | FAIL |
2026-07-19 04:03:47.695485 Setup failed:
2026-07-19 04:03:47.695498 No keyword with name 'Open Browser' found.
2026-07-19 04:03:47.695506 
2026-07-19 04:03:47.695514 Also teardown failed:
2026-07-19 04:03:47.695521 Several failures occurred:
2026-07-19 04:03:47.695528 
2026-07-19 04:03:47.695536 1) No keyword with name 'Register Keyword To Run On Failure' found.
2026-07-19 04:03:47.695545 
2026-07-19 04:03:47.695552 2) No keyword with name 'Close Browser' found. Did you mean:
2026-07-19 04:03:47.695559     common.Close Test Browser
2026-07-19 04:03:47.695566 ------------------------------------------------------------------------------
2026-07-19 04:03:47.695574 Suites.Auth.TC04 logout user                                          | FAIL |
2026-07-19 04:03:47.696386 1 test, 0 passed, 1 failed
2026-07-19 04:03:47.696431 ==============================================================================
2026-07-19 04:03:47.696440 Suites.Auth                                                           | FAIL |
2026-07-19 04:03:47.697218 1 test, 0 passed, 1 failed
2026-07-19 04:03:47.697226 ==============================================================================
2026-07-19 04:03:47.697233 Suites                                                                | FAIL |
2026-07-19 04:03:47.698100 1 test, 0 passed, 1 failed
2026-07-19 04:03:47.698108 ==============================================================================
2026-07-19 04:03:47.698115 Output:  /home/runner/work/engg-robot-testing-framework/engg-robot-testing-framework/reports/pabot_results/3/output.xml
