2026-06-13 05:04:30.335968 ==============================================================================
2026-06-13 05:04:30.378793 Suites
2026-06-13 05:04:30.378809 ==============================================================================
2026-06-13 05:04:30.378821 Suites.Cart
2026-06-13 05:04:30.379954 ==============================================================================
2026-06-13 05:04:30.480185 Suites.Cart.TC12 add products to cart :: TC12 - Add Products In Cart
2026-06-13 05:04:30.502885 ==============================================================================
2026-06-13 05:04:49.350286 TC12 Add Products In Cart                                             | FAIL |
2026-06-13 05:04:49.389320 ElementClickInterceptedException: Message: element click intercepted: Element <a href="/view_cart">...</a> is not clickable at point (945, 242). Other element would receive the click: <iframe id="aswift_2" name="aswift_2" style="min-height: auto !important; max-height: none !important; min-width: auto !important; max-width: none !important; width: 100vw !important; height: 100vh !important; inset: 0px auto auto 0px !important; position: absolute !important; clear: none !important; display: inline !important; float: none !important; margin: 0px !important; opacity: 1 !important; overflow: visible !important; padding: 0px !important; vertical-align: baseline !important; visibility: visible !important; z-index: auto !important;" sandbox="allow-forms allow-popups allow-popups-to-escape-sandbox allow-same-origin allow-scripts allow-top-navigation-by-user-activation" width="" height="" frameborder="0" marginwidth="0" marginheight="0" vspace="0" hspace="0" allowtransparency="true" scrolling="no" allow="attribution-reporting; run-ad-auction" src="https://googleads.g.doubleclick.net/pagead/html/r20260611/r20190131/zrt_lookup.html#RS-0-&amp;adk=1812271808&amp;client=ca-pub-1677597403311019&amp;fa=8&amp;ifi=3&amp;uci=a!3" data-google-container-id="a!3" tabindex="0" title="Advertisement" aria-label="Advertisement" data-google-query-id="CMyzxrq4g5UDFaqDywEd_eEP7w" data-load-complete="true"></iframe>
2026-06-13 05:04:49.389342   (Session info: chrome=149.0.7827.53)
2026-06-13 05:04:49.389351     [ Message content over the limit has been removed. ]
2026-06-13 05:04:49.389359 #1 0x55ccc7ab9289 <unknown>
2026-06-13 05:04:49.389366 #2 0x55ccc7b14445 <unknown>
2026-06-13 05:04:49.389372 #3 0x55ccc7b12522 <unknown>
2026-06-13 05:04:49.389378 #4 0x55ccc7b0ff0c <unknown>
2026-06-13 05:04:49.389384 #5 0x55ccc7b0f007 <unknown>
2026-06-13 05:04:49.389391 #6 0x55ccc7b02e92 <unknown>
2026-06-13 05:04:49.389398 #7 0x55ccc7b027d7 <unknown>
2026-06-13 05:04:49.389405 #8 0x55ccc7b55a4c <unknown>
2026-06-13 05:04:49.389411 #9 0x55ccc7b00f7f <unknown>
2026-06-13 05:04:49.389417 #10 0x55ccc7b01d61 <unknown>
2026-06-13 05:04:49.389423 #11 0x55ccc809d0f7 <unknown>
2026-06-13 05:04:49.389429 #12 0x55ccc809b8bd <unknown>
2026-06-13 05:04:49.389435 #13 0x55ccc80865a6 <unknown>
2026-06-13 05:04:49.389441 #14 0x55ccc809c49a <unknown>
2026-06-13 05:04:49.389447 #15 0x55ccc806e560 <unknown>
2026-06-13 05:04:49.389453 #16 0x55ccc80c3288 <unknown>
2026-06-13 05:04:49.389459 #17 0x55ccc80c3425 <unknown>
2026-06-13 05:04:49.389465 #18 0x55ccc80d538e <unknown>
2026-06-13 05:04:49.389471 #19 0x7f3be929caa4 <unknown>
2026-06-13 05:04:49.389477 #20 0x7f3be9329c6c <unknown>
2026-06-13 05:04:49.389483 ------------------------------------------------------------------------------
2026-06-13 05:04:49.389489 Suites.Cart.TC12 add products to cart :: TC12 - Add Products In Cart  | FAIL |
2026-06-13 05:04:49.390276 1 test, 0 passed, 1 failed
2026-06-13 05:04:49.390308 ==============================================================================
2026-06-13 05:04:49.390314 Suites.Cart                                                           | FAIL |
2026-06-13 05:04:49.390797 1 test, 0 passed, 1 failed
2026-06-13 05:04:49.390833 ==============================================================================
2026-06-13 05:04:49.390839 Suites                                                                | FAIL |
2026-06-13 05:04:49.391263 1 test, 0 passed, 1 failed
2026-06-13 05:04:49.391298 ==============================================================================
2026-06-13 05:04:49.391306 Output:  /home/runner/work/engg-robot-testing-framework/engg-robot-testing-framework/reports/pabot_results/5/output.xml
