2026-05-20 04:47:31.789436 ==============================================================================
2026-05-20 04:47:31.811118 Suites
2026-05-20 04:47:31.811134 ==============================================================================
2026-05-20 04:47:31.811142 Suites.Auth
2026-05-20 04:47:31.811859 ==============================================================================
2026-05-20 04:47:31.912092 Suites.Auth.TC04 logout user
2026-05-20 04:47:31.922334 ==============================================================================
2026-05-20 04:48:47.933449 TC04 Logout User                                                      | FAIL |
2026-05-20 04:48:47.979606 Element 'css=li a b' did not appear in 45 seconds.
2026-05-20 04:48:47.979623 ------------------------------------------------------------------------------
2026-05-20 04:48:47.979632 Suites.Auth.TC04 logout user                                          | FAIL |
2026-05-20 04:48:47.980353 1 test, 0 passed, 1 failed
2026-05-20 04:48:47.980369 ==============================================================================
2026-05-20 04:48:47.980381 Suites.Auth                                                           | FAIL |
2026-05-20 04:48:47.980843 1 test, 0 passed, 1 failed
2026-05-20 04:48:47.980867 ==============================================================================
2026-05-20 04:48:47.980880 Suites                                                                | FAIL |
2026-05-20 04:48:47.981263 1 test, 0 passed, 1 failed
2026-05-20 04:48:47.981283 ==============================================================================
2026-05-20 04:48:47.981296 Output:  /home/runner/work/engg-robot-testing-framework/engg-robot-testing-framework/reports/pabot_results/3/output.xml
