2026-08-24 02:07:48.910599 ==============================================================================
2026-08-24 02:07:48.953754 Suites
2026-08-24 02:07:48.953765 ==============================================================================
2026-08-24 02:07:48.953771 Suites.Cart
2026-08-24 02:07:48.954413 ==============================================================================
2026-08-24 02:07:48.954419 Suites.Cart.TC17 remove products from cart :: TC17 - Remove Products From Cart
2026-08-24 02:07:48.954419 [ ERROR ] Error in file '/home/runner/work/engg-robot-testing-framework/engg-robot-testing-framework/resources/common.resource' on line 4: Importing library 'playwright_keyword_library.PlaywrightKeywordLibrary' failed: ModuleNotFoundError: No module named 'playwright_keyword_library'
2026-08-24 02:07:48.978180 ==============================================================================
2026-08-24 02:07:48.978180 Traceback (most recent call last):
2026-08-24 02:07:48.978191   None
2026-08-24 02:07:49.028277 PYTHONPATH:
2026-08-24 02:07:49.078354   /opt/hostedtoolcache/Python/3.11.16/x64/bin
2026-08-24 02:07:49.128438   /opt/hostedtoolcache/Python/3.11.16/x64/lib/python311.zip
2026-08-24 02:07:49.178517   /opt/hostedtoolcache/Python/3.11.16/x64/lib/python3.11
2026-08-24 02:07:49.228606   /opt/hostedtoolcache/Python/3.11.16/x64/lib/python3.11/lib-dynload
2026-08-24 02:07:49.278686   /opt/hostedtoolcache/Python/3.11.16/x64/lib/python3.11/site-packages
2026-08-24 02:07:49.328775 [ ERROR ] Error in file '/home/runner/work/engg-robot-testing-framework/engg-robot-testing-framework/resources/product_keywords.resource' on line 2: Importing library 'playwright_keyword_library.PlaywrightKeywordLibrary' failed: ModuleNotFoundError: No module named 'playwright_keyword_library'
2026-08-24 02:07:49.378848 Traceback (most recent call last):
2026-08-24 02:07:49.428931   None
2026-08-24 02:07:49.479006 PYTHONPATH:
2026-08-24 02:07:49.529100   /opt/hostedtoolcache/Python/3.11.16/x64/bin
2026-08-24 02:07:49.579179   /opt/hostedtoolcache/Python/3.11.16/x64/lib/python311.zip
2026-08-24 02:07:49.629339   /opt/hostedtoolcache/Python/3.11.16/x64/lib/python3.11
2026-08-24 02:07:49.679459   /opt/hostedtoolcache/Python/3.11.16/x64/lib/python3.11/lib-dynload
2026-08-24 02:07:49.729600   /opt/hostedtoolcache/Python/3.11.16/x64/lib/python3.11/site-packages
2026-08-24 02:07:49.779706 [ ERROR ] Error in file '/home/runner/work/engg-robot-testing-framework/engg-robot-testing-framework/resources/cart_keywords.resource' on line 2: Importing library 'playwright_keyword_library.PlaywrightKeywordLibrary' failed: ModuleNotFoundError: No module named 'playwright_keyword_library'
2026-08-24 02:07:49.829795 Traceback (most recent call last):
2026-08-24 02:07:49.879884   None
2026-08-24 02:07:49.929967 PYTHONPATH:
2026-08-24 02:07:49.980052   /opt/hostedtoolcache/Python/3.11.16/x64/bin
2026-08-24 02:07:50.030132   /opt/hostedtoolcache/Python/3.11.16/x64/lib/python311.zip
2026-08-24 02:07:50.080211   /opt/hostedtoolcache/Python/3.11.16/x64/lib/python3.11
2026-08-24 02:07:50.130291   /opt/hostedtoolcache/Python/3.11.16/x64/lib/python3.11/lib-dynload
2026-08-24 02:07:50.180366   /opt/hostedtoolcache/Python/3.11.16/x64/lib/python3.11/site-packages
2026-08-24 02:07:58.949475 TC17 Remove Products From Cart                                        | FAIL |
2026-08-24 02:07:58.987374 Setup failed:
2026-08-24 02:07:58.987383 No keyword with name 'Open Browser' found.
2026-08-24 02:07:58.987388 
2026-08-24 02:07:58.987393 Also teardown failed:
2026-08-24 02:07:58.987397 Several failures occurred:
2026-08-24 02:07:58.987401 
2026-08-24 02:07:58.987406 1) No keyword with name 'Register Keyword To Run On Failure' found.
2026-08-24 02:07:58.987410 
2026-08-24 02:07:58.987414 2) No keyword with name 'Close Browser' found. Did you mean:
2026-08-24 02:07:58.987418     common.Close Test Browser
2026-08-24 02:07:58.987423 ------------------------------------------------------------------------------
2026-08-24 02:07:58.987427 Suites.Cart.TC17 remove products from cart :: TC17 - Remove Produc... | FAIL |
2026-08-24 02:07:58.987861 1 test, 0 passed, 1 failed
2026-08-24 02:07:58.987902 ==============================================================================
2026-08-24 02:07:58.987907 Suites.Cart                                                           | FAIL |
2026-08-24 02:07:58.988193 1 test, 0 passed, 1 failed
2026-08-24 02:07:58.988231 ==============================================================================
2026-08-24 02:07:58.988235 Suites                                                                | FAIL |
2026-08-24 02:07:58.988469 1 test, 0 passed, 1 failed
2026-08-24 02:07:58.988506 ==============================================================================
2026-08-24 02:07:58.988511 Output:  /home/runner/work/engg-robot-testing-framework/engg-robot-testing-framework/reports/pabot_results/7/output.xml
