2026-07-05 04:39:49.661224 ==============================================================================
2026-07-05 04:39:49.678064 Suites
2026-07-05 04:39:49.678085 ==============================================================================
2026-07-05 04:39:49.678101 Suites.Auth
2026-07-05 04:39:49.678933 ==============================================================================
2026-07-05 04:39:49.678951 Suites.Auth.TC03 login invalid
2026-07-05 04:39:49.678951 [ ERROR ] Error in file '/home/runner/work/engg-robot-testing-framework/engg-robot-testing-framework/tests/auth/TC03_login_invalid.robot' on line 2: Importing library 'playwright_keyword_library.PlaywrightKeywordLibrary' failed: ModuleNotFoundError: No module named 'playwright_keyword_library'
2026-07-05 04:39:49.698014 ==============================================================================
2026-07-05 04:39:49.698014 Traceback (most recent call last):
2026-07-05 04:39:49.698042   None
2026-07-05 04:39:49.748200 PYTHONPATH:
2026-07-05 04:39:49.798345   /opt/hostedtoolcache/Python/3.11.15/x64/bin
2026-07-05 04:39:49.848504   /opt/hostedtoolcache/Python/3.11.15/x64/lib/python311.zip
2026-07-05 04:39:49.898667   /opt/hostedtoolcache/Python/3.11.15/x64/lib/python3.11
2026-07-05 04:39:49.948805   /opt/hostedtoolcache/Python/3.11.15/x64/lib/python3.11/lib-dynload
2026-07-05 04:39:49.998962   /opt/hostedtoolcache/Python/3.11.15/x64/lib/python3.11/site-packages
2026-07-05 04:39:50.049114 [ ERROR ] Error in file '/home/runner/work/engg-robot-testing-framework/engg-robot-testing-framework/resources/auth_keywords.resource' on line 2: Importing library 'playwright_keyword_library.PlaywrightKeywordLibrary' failed: ModuleNotFoundError: No module named 'playwright_keyword_library'
2026-07-05 04:39:50.099285 Traceback (most recent call last):
2026-07-05 04:39:50.149439   None
2026-07-05 04:39:50.199592 PYTHONPATH:
2026-07-05 04:39:50.249765   /opt/hostedtoolcache/Python/3.11.15/x64/bin
2026-07-05 04:39:50.299933   /opt/hostedtoolcache/Python/3.11.15/x64/lib/python311.zip
2026-07-05 04:39:50.350089   /opt/hostedtoolcache/Python/3.11.15/x64/lib/python3.11
2026-07-05 04:39:50.400264   /opt/hostedtoolcache/Python/3.11.15/x64/lib/python3.11/lib-dynload
2026-07-05 04:39:50.450443   /opt/hostedtoolcache/Python/3.11.15/x64/lib/python3.11/site-packages
2026-07-05 04:39:50.500647 [ ERROR ] Error in file '/home/runner/work/engg-robot-testing-framework/engg-robot-testing-framework/resources/common.resource' on line 4: Importing library 'playwright_keyword_library.PlaywrightKeywordLibrary' failed: ModuleNotFoundError: No module named 'playwright_keyword_library'
2026-07-05 04:39:50.550865 Traceback (most recent call last):
2026-07-05 04:39:50.601018   None
2026-07-05 04:39:50.651188 PYTHONPATH:
2026-07-05 04:39:50.701394   /opt/hostedtoolcache/Python/3.11.15/x64/bin
2026-07-05 04:39:50.751587   /opt/hostedtoolcache/Python/3.11.15/x64/lib/python311.zip
2026-07-05 04:39:50.801773   /opt/hostedtoolcache/Python/3.11.15/x64/lib/python3.11
2026-07-05 04:39:50.851928   /opt/hostedtoolcache/Python/3.11.15/x64/lib/python3.11/lib-dynload
2026-07-05 04:39:50.902096   /opt/hostedtoolcache/Python/3.11.15/x64/lib/python3.11/site-packages
2026-07-05 04:39:59.677573 TC03 Login User With Incorrect Email And Password                     | FAIL |
2026-07-05 04:39:59.708290 Setup failed:
2026-07-05 04:39:59.708310 No keyword with name 'Open Browser' found.
2026-07-05 04:39:59.708326 
2026-07-05 04:39:59.708340 Also teardown failed:
2026-07-05 04:39:59.708358 Several failures occurred:
2026-07-05 04:39:59.708371 
2026-07-05 04:39:59.708387 1) No keyword with name 'Register Keyword To Run On Failure' found.
2026-07-05 04:39:59.708401 
2026-07-05 04:39:59.708413 2) No keyword with name 'Close Browser' found. Did you mean:
2026-07-05 04:39:59.708426     common.Close Test Browser
2026-07-05 04:39:59.708438 ------------------------------------------------------------------------------
2026-07-05 04:39:59.708450 Suites.Auth.TC03 login invalid                                        | FAIL |
2026-07-05 04:39:59.708940 1 test, 0 passed, 1 failed
2026-07-05 04:39:59.708967 ==============================================================================
2026-07-05 04:39:59.709025 Suites.Auth                                                           | FAIL |
2026-07-05 04:39:59.709378 1 test, 0 passed, 1 failed
2026-07-05 04:39:59.709451 ==============================================================================
2026-07-05 04:39:59.709467 Suites                                                                | FAIL |
2026-07-05 04:39:59.709783 1 test, 0 passed, 1 failed
2026-07-05 04:39:59.709854 ==============================================================================
2026-07-05 04:39:59.709869 Output:  /home/runner/work/engg-robot-testing-framework/engg-robot-testing-framework/reports/pabot_results/2/output.xml
