2026-08-21 02:07:41.485379 ==============================================================================
2026-08-21 02:07:41.497801 Suites
2026-08-21 02:07:41.497819 ==============================================================================
2026-08-21 02:07:41.497832 Suites.Auth
2026-08-21 02:07:41.498615 ==============================================================================
2026-08-21 02:07:41.498632 Suites.Auth.TC04 logout user
2026-08-21 02:07:41.498632 [ ERROR ] Error in file '/home/runner/work/engg-robot-testing-framework/engg-robot-testing-framework/tests/auth/TC04_logout_user.robot' on line 2: Importing library 'playwright_keyword_library.PlaywrightKeywordLibrary' failed: ModuleNotFoundError: No module named 'playwright_keyword_library'
2026-08-21 02:07:41.515169 ==============================================================================
2026-08-21 02:07:41.515169 Traceback (most recent call last):
2026-08-21 02:07:41.515196   None
2026-08-21 02:07:41.565291 PYTHONPATH:
2026-08-21 02:07:41.615421   /opt/hostedtoolcache/Python/3.11.16/x64/bin
2026-08-21 02:07:41.665556   /opt/hostedtoolcache/Python/3.11.16/x64/lib/python311.zip
2026-08-21 02:07:41.715696   /opt/hostedtoolcache/Python/3.11.16/x64/lib/python3.11
2026-08-21 02:07:41.765830   /opt/hostedtoolcache/Python/3.11.16/x64/lib/python3.11/lib-dynload
2026-08-21 02:07:41.815966   /opt/hostedtoolcache/Python/3.11.16/x64/lib/python3.11/site-packages
2026-08-21 02:07:41.866098 [ ERROR ] Error in file '/home/runner/work/engg-robot-testing-framework/engg-robot-testing-framework/resources/auth_keywords.resource' on line 2: Importing library 'playwright_keyword_library.PlaywrightKeywordLibrary' failed: ModuleNotFoundError: No module named 'playwright_keyword_library'
2026-08-21 02:07:41.916232 Traceback (most recent call last):
2026-08-21 02:07:41.966373   None
2026-08-21 02:07:42.016505 PYTHONPATH:
2026-08-21 02:07:42.066641   /opt/hostedtoolcache/Python/3.11.16/x64/bin
2026-08-21 02:07:42.116779   /opt/hostedtoolcache/Python/3.11.16/x64/lib/python311.zip
2026-08-21 02:07:42.166915   /opt/hostedtoolcache/Python/3.11.16/x64/lib/python3.11
2026-08-21 02:07:42.217049   /opt/hostedtoolcache/Python/3.11.16/x64/lib/python3.11/lib-dynload
2026-08-21 02:07:42.267201   /opt/hostedtoolcache/Python/3.11.16/x64/lib/python3.11/site-packages
2026-08-21 02:07:42.317340 [ ERROR ] Error in file '/home/runner/work/engg-robot-testing-framework/engg-robot-testing-framework/resources/common.resource' on line 4: Importing library 'playwright_keyword_library.PlaywrightKeywordLibrary' failed: ModuleNotFoundError: No module named 'playwright_keyword_library'
2026-08-21 02:07:42.367479 Traceback (most recent call last):
2026-08-21 02:07:42.417617   None
2026-08-21 02:07:42.467755 PYTHONPATH:
2026-08-21 02:07:42.517892   /opt/hostedtoolcache/Python/3.11.16/x64/bin
2026-08-21 02:07:42.568030   /opt/hostedtoolcache/Python/3.11.16/x64/lib/python311.zip
2026-08-21 02:07:42.618188   /opt/hostedtoolcache/Python/3.11.16/x64/lib/python3.11
2026-08-21 02:07:42.668326   /opt/hostedtoolcache/Python/3.11.16/x64/lib/python3.11/lib-dynload
2026-08-21 02:07:42.718468   /opt/hostedtoolcache/Python/3.11.16/x64/lib/python3.11/site-packages
2026-08-21 02:07:51.489315 TC04 Logout User                                                      | FAIL |
2026-08-21 02:07:51.524265 Setup failed:
2026-08-21 02:07:51.524280 No keyword with name 'Open Browser' found.
2026-08-21 02:07:51.524292 
2026-08-21 02:07:51.524304 Also teardown failed:
2026-08-21 02:07:51.524315 Several failures occurred:
2026-08-21 02:07:51.524327 
2026-08-21 02:07:51.524338 1) No keyword with name 'Register Keyword To Run On Failure' found.
2026-08-21 02:07:51.524349 
2026-08-21 02:07:51.524359 2) No keyword with name 'Close Browser' found. Did you mean:
2026-08-21 02:07:51.524370     common.Close Test Browser
2026-08-21 02:07:51.524380 ------------------------------------------------------------------------------
2026-08-21 02:07:51.524389 Suites.Auth.TC04 logout user                                          | FAIL |
2026-08-21 02:07:51.524879 1 test, 0 passed, 1 failed
2026-08-21 02:07:51.524899 ==============================================================================
2026-08-21 02:07:51.524950 Suites.Auth                                                           | FAIL |
2026-08-21 02:07:51.525277 1 test, 0 passed, 1 failed
2026-08-21 02:07:51.525292 ==============================================================================
2026-08-21 02:07:51.525304 Suites                                                                | FAIL |
2026-08-21 02:07:51.525590 1 test, 0 passed, 1 failed
2026-08-21 02:07:51.525645 ==============================================================================
2026-08-21 02:07:51.525659 Output:  /home/runner/work/engg-robot-testing-framework/engg-robot-testing-framework/reports/pabot_results/3/output.xml
