2026-09-02 04:55:10.658143 ==============================================================================
2026-09-02 04:55:10.685484 Suites
2026-09-02 04:55:10.685507 ==============================================================================
2026-09-02 04:55:10.685524 Suites.Auth
2026-09-02 04:55:10.685911 ==============================================================================
2026-09-02 04:55:10.685930 Suites.Auth.TC03 login invalid
2026-09-02 04:55:10.685930 [ ERROR ] Error in file '/home/runner/work/engg-robot-testing-framework/engg-robot-testing-framework/tests/auth/TC03_login_invalid.robot' on line 2: Importing library 'playwright_keyword_library.PlaywrightKeywordLibrary' failed: ModuleNotFoundError: No module named 'playwright_keyword_library'
2026-09-02 04:55:10.704625 ==============================================================================
2026-09-02 04:55:10.704625 Traceback (most recent call last):
2026-09-02 04:55:10.704650   None
2026-09-02 04:55:10.754766 PYTHONPATH:
2026-09-02 04:55:10.804872   /opt/hostedtoolcache/Python/3.11.16/x64/bin
2026-09-02 04:55:10.854974   /opt/hostedtoolcache/Python/3.11.16/x64/lib/python311.zip
2026-09-02 04:55:10.905076   /opt/hostedtoolcache/Python/3.11.16/x64/lib/python3.11
2026-09-02 04:55:10.955180   /opt/hostedtoolcache/Python/3.11.16/x64/lib/python3.11/lib-dynload
2026-09-02 04:55:11.005325   /opt/hostedtoolcache/Python/3.11.16/x64/lib/python3.11/site-packages
2026-09-02 04:55:11.055471 [ ERROR ] Error in file '/home/runner/work/engg-robot-testing-framework/engg-robot-testing-framework/resources/auth_keywords.resource' on line 2: Importing library 'playwright_keyword_library.PlaywrightKeywordLibrary' failed: ModuleNotFoundError: No module named 'playwright_keyword_library'
2026-09-02 04:55:11.105620 Traceback (most recent call last):
2026-09-02 04:55:11.155767   None
2026-09-02 04:55:11.205889 PYTHONPATH:
2026-09-02 04:55:11.256050   /opt/hostedtoolcache/Python/3.11.16/x64/bin
2026-09-02 04:55:11.306199   /opt/hostedtoolcache/Python/3.11.16/x64/lib/python311.zip
2026-09-02 04:55:11.356352   /opt/hostedtoolcache/Python/3.11.16/x64/lib/python3.11
2026-09-02 04:55:11.406504   /opt/hostedtoolcache/Python/3.11.16/x64/lib/python3.11/lib-dynload
2026-09-02 04:55:11.456665   /opt/hostedtoolcache/Python/3.11.16/x64/lib/python3.11/site-packages
2026-09-02 04:55:11.506813 [ ERROR ] Error in file '/home/runner/work/engg-robot-testing-framework/engg-robot-testing-framework/resources/common.resource' on line 4: Importing library 'playwright_keyword_library.PlaywrightKeywordLibrary' failed: ModuleNotFoundError: No module named 'playwright_keyword_library'
2026-09-02 04:55:11.556948 Traceback (most recent call last):
2026-09-02 04:55:11.607095   None
2026-09-02 04:55:11.657243 PYTHONPATH:
2026-09-02 04:55:11.707383   /opt/hostedtoolcache/Python/3.11.16/x64/bin
2026-09-02 04:55:11.757535   /opt/hostedtoolcache/Python/3.11.16/x64/lib/python311.zip
2026-09-02 04:55:11.807668   /opt/hostedtoolcache/Python/3.11.16/x64/lib/python3.11
2026-09-02 04:55:11.857815   /opt/hostedtoolcache/Python/3.11.16/x64/lib/python3.11/lib-dynload
2026-09-02 04:55:11.907902   /opt/hostedtoolcache/Python/3.11.16/x64/lib/python3.11/site-packages
2026-09-02 04:55:20.678778 TC03 Login User With Incorrect Email And Password                     | FAIL |
2026-09-02 04:55:20.714454 Setup failed:
2026-09-02 04:55:20.714467 No keyword with name 'Open Browser' found.
2026-09-02 04:55:20.714474 
2026-09-02 04:55:20.714481 Also teardown failed:
2026-09-02 04:55:20.714488 Several failures occurred:
2026-09-02 04:55:20.714495 
2026-09-02 04:55:20.714502 1) No keyword with name 'Register Keyword To Run On Failure' found.
2026-09-02 04:55:20.714509 
2026-09-02 04:55:20.714515 2) No keyword with name 'Close Browser' found. Did you mean:
2026-09-02 04:55:20.714522     common.Close Test Browser
2026-09-02 04:55:20.714528 ------------------------------------------------------------------------------
2026-09-02 04:55:20.714534 Suites.Auth.TC03 login invalid                                        | FAIL |
2026-09-02 04:55:20.715014 1 test, 0 passed, 1 failed
2026-09-02 04:55:20.715070 ==============================================================================
2026-09-02 04:55:20.715078 Suites.Auth                                                           | FAIL |
2026-09-02 04:55:20.715438 1 test, 0 passed, 1 failed
2026-09-02 04:55:20.715486 ==============================================================================
2026-09-02 04:55:20.715494 Suites                                                                | FAIL |
2026-09-02 04:55:20.715817 1 test, 0 passed, 1 failed
2026-09-02 04:55:20.715871 ==============================================================================
2026-09-02 04:55:20.715878 Output:  /home/runner/work/engg-robot-testing-framework/engg-robot-testing-framework/reports/pabot_results/2/output.xml
