2026-09-19 04:53:11.354014 ==============================================================================
2026-09-19 04:53:11.381263 Suites
2026-09-19 04:53:11.381287 ==============================================================================
2026-09-19 04:53:11.381303 Suites.Auth
2026-09-19 04:53:11.382487 ==============================================================================
2026-09-19 04:53:11.382506 Suites.Auth.TC05 register existing email
2026-09-19 04:53:11.382506 [ ERROR ] Error in file '/home/runner/work/engg-robot-testing-framework/engg-robot-testing-framework/tests/auth/TC05_register_existing_email.robot' on line 2: Importing library 'playwright_keyword_library.PlaywrightKeywordLibrary' failed: ModuleNotFoundError: No module named 'playwright_keyword_library'
2026-09-19 04:53:11.401392 ==============================================================================
2026-09-19 04:53:11.401392 Traceback (most recent call last):
2026-09-19 04:53:11.401423   None
2026-09-19 04:53:11.451589 PYTHONPATH:
2026-09-19 04:53:11.501759   /opt/hostedtoolcache/Python/3.11.16/x64/bin
2026-09-19 04:53:11.551929   /opt/hostedtoolcache/Python/3.11.16/x64/lib/python311.zip
2026-09-19 04:53:11.602103   /opt/hostedtoolcache/Python/3.11.16/x64/lib/python3.11
2026-09-19 04:53:11.652263   /opt/hostedtoolcache/Python/3.11.16/x64/lib/python3.11/lib-dynload
2026-09-19 04:53:11.702436   /opt/hostedtoolcache/Python/3.11.16/x64/lib/python3.11/site-packages
2026-09-19 04:53:11.752692 [ ERROR ] Error in file '/home/runner/work/engg-robot-testing-framework/engg-robot-testing-framework/resources/auth_keywords.resource' on line 2: Importing library 'playwright_keyword_library.PlaywrightKeywordLibrary' failed: ModuleNotFoundError: No module named 'playwright_keyword_library'
2026-09-19 04:53:11.802851 Traceback (most recent call last):
2026-09-19 04:53:11.853051   None
2026-09-19 04:53:11.903209 PYTHONPATH:
2026-09-19 04:53:11.953415   /opt/hostedtoolcache/Python/3.11.16/x64/bin
2026-09-19 04:53:12.003576   /opt/hostedtoolcache/Python/3.11.16/x64/lib/python311.zip
2026-09-19 04:53:12.053777   /opt/hostedtoolcache/Python/3.11.16/x64/lib/python3.11
2026-09-19 04:53:12.103986   /opt/hostedtoolcache/Python/3.11.16/x64/lib/python3.11/lib-dynload
2026-09-19 04:53:12.154183   /opt/hostedtoolcache/Python/3.11.16/x64/lib/python3.11/site-packages
2026-09-19 04:53:12.204352 [ ERROR ] Error in file '/home/runner/work/engg-robot-testing-framework/engg-robot-testing-framework/resources/common.resource' on line 4: Importing library 'playwright_keyword_library.PlaywrightKeywordLibrary' failed: ModuleNotFoundError: No module named 'playwright_keyword_library'
2026-09-19 04:53:12.254566 Traceback (most recent call last):
2026-09-19 04:53:12.304759   None
2026-09-19 04:53:12.354983 PYTHONPATH:
2026-09-19 04:53:12.405187   /opt/hostedtoolcache/Python/3.11.16/x64/bin
2026-09-19 04:53:12.455398   /opt/hostedtoolcache/Python/3.11.16/x64/lib/python311.zip
2026-09-19 04:53:12.505591   /opt/hostedtoolcache/Python/3.11.16/x64/lib/python3.11
2026-09-19 04:53:12.555797   /opt/hostedtoolcache/Python/3.11.16/x64/lib/python3.11/lib-dynload
2026-09-19 04:53:12.605983   /opt/hostedtoolcache/Python/3.11.16/x64/lib/python3.11/site-packages
2026-09-19 04:53:21.379904 TC05 Register User With Existing Email                                | FAIL |
2026-09-19 04:53:21.411535 Setup failed:
2026-09-19 04:53:21.411556 No keyword with name 'Open Browser' found.
2026-09-19 04:53:21.411570 
2026-09-19 04:53:21.411582 Also teardown failed:
2026-09-19 04:53:21.411595 Several failures occurred:
2026-09-19 04:53:21.411607 
2026-09-19 04:53:21.411619 1) No keyword with name 'Register Keyword To Run On Failure' found.
2026-09-19 04:53:21.411631 
2026-09-19 04:53:21.411673 2) No keyword with name 'Close Browser' found. Did you mean:
2026-09-19 04:53:21.411696     common.Close Test Browser
2026-09-19 04:53:21.411709 ------------------------------------------------------------------------------
2026-09-19 04:53:21.411722 Suites.Auth.TC05 register existing email                              | FAIL |
2026-09-19 04:53:21.412171 1 test, 0 passed, 1 failed
2026-09-19 04:53:21.412225 ==============================================================================
2026-09-19 04:53:21.412242 Suites.Auth                                                           | FAIL |
2026-09-19 04:53:21.412589 1 test, 0 passed, 1 failed
2026-09-19 04:53:21.412608 ==============================================================================
2026-09-19 04:53:21.412622 Suites                                                                | FAIL |
2026-09-19 04:53:21.412967 1 test, 0 passed, 1 failed
2026-09-19 04:53:21.413027 ==============================================================================
2026-09-19 04:53:21.413041 Output:  /home/runner/work/engg-robot-testing-framework/engg-robot-testing-framework/reports/pabot_results/4/output.xml
