2026-07-30 03:41:24.370378 ==============================================================================
2026-07-30 03:41:24.391978 Suites
2026-07-30 03:41:24.392063 ==============================================================================
2026-07-30 03:41:24.392082 Suites.Cart
2026-07-30 03:41:24.392869 ==============================================================================
2026-07-30 03:41:24.392887 Suites.Cart.TC17 remove products from cart :: TC17 - Remove Products From Cart
2026-07-30 03:41:24.392887 [ ERROR ] Error in file '/home/runner/work/engg-robot-testing-framework/engg-robot-testing-framework/resources/common.resource' on line 4: Importing library 'playwright_keyword_library.PlaywrightKeywordLibrary' failed: ModuleNotFoundError: No module named 'playwright_keyword_library'
2026-07-30 03:41:24.423689 ==============================================================================
2026-07-30 03:41:24.423689 Traceback (most recent call last):
2026-07-30 03:41:24.423712   None
2026-07-30 03:41:24.473820 PYTHONPATH:
2026-07-30 03:41:24.523929   /opt/hostedtoolcache/Python/3.11.15/x64/bin
2026-07-30 03:41:24.574033   /opt/hostedtoolcache/Python/3.11.15/x64/lib/python311.zip
2026-07-30 03:41:24.624139   /opt/hostedtoolcache/Python/3.11.15/x64/lib/python3.11
2026-07-30 03:41:24.674254   /opt/hostedtoolcache/Python/3.11.15/x64/lib/python3.11/lib-dynload
2026-07-30 03:41:24.724347   /opt/hostedtoolcache/Python/3.11.15/x64/lib/python3.11/site-packages
2026-07-30 03:41:24.774491 [ ERROR ] Error in file '/home/runner/work/engg-robot-testing-framework/engg-robot-testing-framework/resources/product_keywords.resource' on line 2: Importing library 'playwright_keyword_library.PlaywrightKeywordLibrary' failed: ModuleNotFoundError: No module named 'playwright_keyword_library'
2026-07-30 03:41:24.824627 Traceback (most recent call last):
2026-07-30 03:41:24.874772   None
2026-07-30 03:41:24.924866 PYTHONPATH:
2026-07-30 03:41:24.975006   /opt/hostedtoolcache/Python/3.11.15/x64/bin
2026-07-30 03:41:25.025145   /opt/hostedtoolcache/Python/3.11.15/x64/lib/python311.zip
2026-07-30 03:41:25.075284   /opt/hostedtoolcache/Python/3.11.15/x64/lib/python3.11
2026-07-30 03:41:25.125376   /opt/hostedtoolcache/Python/3.11.15/x64/lib/python3.11/lib-dynload
2026-07-30 03:41:25.175511   /opt/hostedtoolcache/Python/3.11.15/x64/lib/python3.11/site-packages
2026-07-30 03:41:25.225653 [ ERROR ] Error in file '/home/runner/work/engg-robot-testing-framework/engg-robot-testing-framework/resources/cart_keywords.resource' on line 2: Importing library 'playwright_keyword_library.PlaywrightKeywordLibrary' failed: ModuleNotFoundError: No module named 'playwright_keyword_library'
2026-07-30 03:41:25.275813 Traceback (most recent call last):
2026-07-30 03:41:25.325953   None
2026-07-30 03:41:25.376092 PYTHONPATH:
2026-07-30 03:41:25.426214   /opt/hostedtoolcache/Python/3.11.15/x64/bin
2026-07-30 03:41:25.476355   /opt/hostedtoolcache/Python/3.11.15/x64/lib/python311.zip
2026-07-30 03:41:25.526492   /opt/hostedtoolcache/Python/3.11.15/x64/lib/python3.11
2026-07-30 03:41:25.576629   /opt/hostedtoolcache/Python/3.11.15/x64/lib/python3.11/lib-dynload
2026-07-30 03:41:25.626765   /opt/hostedtoolcache/Python/3.11.15/x64/lib/python3.11/site-packages
2026-07-30 03:41:34.401213 TC17 Remove Products From Cart                                        | FAIL |
2026-07-30 03:41:34.435032 Setup failed:
2026-07-30 03:41:34.435048 No keyword with name 'Open Browser' found.
2026-07-30 03:41:34.435062 
2026-07-30 03:41:34.435077 Also teardown failed:
2026-07-30 03:41:34.435121 Several failures occurred:
2026-07-30 03:41:34.435138 
2026-07-30 03:41:34.435153 1) No keyword with name 'Register Keyword To Run On Failure' found.
2026-07-30 03:41:34.435166 
2026-07-30 03:41:34.435179 2) No keyword with name 'Close Browser' found. Did you mean:
2026-07-30 03:41:34.435192     common.Close Test Browser
2026-07-30 03:41:34.435203 ------------------------------------------------------------------------------
2026-07-30 03:41:34.435216 Suites.Cart.TC17 remove products from cart :: TC17 - Remove Produc... | FAIL |
2026-07-30 03:41:34.435799 1 test, 0 passed, 1 failed
2026-07-30 03:41:34.435859 ==============================================================================
2026-07-30 03:41:34.435875 Suites.Cart                                                           | FAIL |
2026-07-30 03:41:34.436264 1 test, 0 passed, 1 failed
2026-07-30 03:41:34.436337 ==============================================================================
2026-07-30 03:41:34.436354 Suites                                                                | FAIL |
2026-07-30 03:41:34.436646 1 test, 0 passed, 1 failed
2026-07-30 03:41:34.436701 ==============================================================================
2026-07-30 03:41:34.436715 Output:  /home/runner/work/engg-robot-testing-framework/engg-robot-testing-framework/reports/pabot_results/7/output.xml
