2026-08-13 03:08:26.575571 ==============================================================================
2026-08-13 03:08:26.583004 Suites
2026-08-13 03:08:26.583023 ==============================================================================
2026-08-13 03:08:26.583033 Suites.Cart
2026-08-13 03:08:26.583849 ==============================================================================
2026-08-13 03:08:26.583870 Suites.Cart.TC20 search and verify cart after login :: TC20 - Search Produc...
2026-08-13 03:08:26.583870 [ ERROR ] Error in file '/home/runner/work/engg-robot-testing-framework/engg-robot-testing-framework/tests/cart/TC20_search_and_verify_cart_after_login.robot' on line 3: Importing library 'playwright_keyword_library.PlaywrightKeywordLibrary' failed: ModuleNotFoundError: No module named 'playwright_keyword_library'
2026-08-13 03:08:26.617107 ==============================================================================
2026-08-13 03:08:26.617107 Traceback (most recent call last):
2026-08-13 03:08:26.617131   None
2026-08-13 03:08:26.667257 PYTHONPATH:
2026-08-13 03:08:26.717364   /opt/hostedtoolcache/Python/3.11.15/x64/bin
2026-08-13 03:08:26.767460   /opt/hostedtoolcache/Python/3.11.15/x64/lib/python311.zip
2026-08-13 03:08:26.817574   /opt/hostedtoolcache/Python/3.11.15/x64/lib/python3.11
2026-08-13 03:08:26.867697   /opt/hostedtoolcache/Python/3.11.15/x64/lib/python3.11/lib-dynload
2026-08-13 03:08:26.917853   /opt/hostedtoolcache/Python/3.11.15/x64/lib/python3.11/site-packages
2026-08-13 03:08:26.967979 [ ERROR ] Error in file '/home/runner/work/engg-robot-testing-framework/engg-robot-testing-framework/resources/common.resource' on line 4: Importing library 'playwright_keyword_library.PlaywrightKeywordLibrary' failed: ModuleNotFoundError: No module named 'playwright_keyword_library'
2026-08-13 03:08:27.018104 Traceback (most recent call last):
2026-08-13 03:08:27.068232   None
2026-08-13 03:08:27.118355 PYTHONPATH:
2026-08-13 03:08:27.168483   /opt/hostedtoolcache/Python/3.11.15/x64/bin
2026-08-13 03:08:27.218606   /opt/hostedtoolcache/Python/3.11.15/x64/lib/python311.zip
2026-08-13 03:08:27.268728   /opt/hostedtoolcache/Python/3.11.15/x64/lib/python3.11
2026-08-13 03:08:27.318881   /opt/hostedtoolcache/Python/3.11.15/x64/lib/python3.11/lib-dynload
2026-08-13 03:08:27.368990   /opt/hostedtoolcache/Python/3.11.15/x64/lib/python3.11/site-packages
2026-08-13 03:08:27.419107 [ ERROR ] Error in file '/home/runner/work/engg-robot-testing-framework/engg-robot-testing-framework/resources/product_keywords.resource' on line 2: Importing library 'playwright_keyword_library.PlaywrightKeywordLibrary' failed: ModuleNotFoundError: No module named 'playwright_keyword_library'
2026-08-13 03:08:27.469255 Traceback (most recent call last):
2026-08-13 03:08:27.519397   None
2026-08-13 03:08:27.569638 PYTHONPATH:
2026-08-13 03:08:27.619777   /opt/hostedtoolcache/Python/3.11.15/x64/bin
2026-08-13 03:08:27.669922   /opt/hostedtoolcache/Python/3.11.15/x64/lib/python311.zip
2026-08-13 03:08:27.720086   /opt/hostedtoolcache/Python/3.11.15/x64/lib/python3.11
2026-08-13 03:08:27.770232   /opt/hostedtoolcache/Python/3.11.15/x64/lib/python3.11/lib-dynload
2026-08-13 03:08:27.820379   /opt/hostedtoolcache/Python/3.11.15/x64/lib/python3.11/site-packages
2026-08-13 03:08:27.870516 [ ERROR ] Error in file '/home/runner/work/engg-robot-testing-framework/engg-robot-testing-framework/resources/cart_keywords.resource' on line 2: Importing library 'playwright_keyword_library.PlaywrightKeywordLibrary' failed: ModuleNotFoundError: No module named 'playwright_keyword_library'
2026-08-13 03:08:27.920659 Traceback (most recent call last):
2026-08-13 03:08:27.970795   None
2026-08-13 03:08:28.020914 PYTHONPATH:
2026-08-13 03:08:28.071044   /opt/hostedtoolcache/Python/3.11.15/x64/bin
2026-08-13 03:08:28.121171   /opt/hostedtoolcache/Python/3.11.15/x64/lib/python311.zip
2026-08-13 03:08:28.171305   /opt/hostedtoolcache/Python/3.11.15/x64/lib/python3.11
2026-08-13 03:08:28.221431   /opt/hostedtoolcache/Python/3.11.15/x64/lib/python3.11/lib-dynload
2026-08-13 03:08:28.271556   /opt/hostedtoolcache/Python/3.11.15/x64/lib/python3.11/site-packages
2026-08-13 03:08:28.321679 [ ERROR ] Error in file '/home/runner/work/engg-robot-testing-framework/engg-robot-testing-framework/resources/auth_keywords.resource' on line 2: Importing library 'playwright_keyword_library.PlaywrightKeywordLibrary' failed: ModuleNotFoundError: No module named 'playwright_keyword_library'
2026-08-13 03:08:28.371853 Traceback (most recent call last):
2026-08-13 03:08:28.421981   None
2026-08-13 03:08:28.472127 PYTHONPATH:
2026-08-13 03:08:28.522262   /opt/hostedtoolcache/Python/3.11.15/x64/bin
2026-08-13 03:08:28.572406   /opt/hostedtoolcache/Python/3.11.15/x64/lib/python311.zip
2026-08-13 03:08:28.622546   /opt/hostedtoolcache/Python/3.11.15/x64/lib/python3.11
2026-08-13 03:08:28.672684   /opt/hostedtoolcache/Python/3.11.15/x64/lib/python3.11/lib-dynload
2026-08-13 03:08:28.722853   /opt/hostedtoolcache/Python/3.11.15/x64/lib/python3.11/site-packages
2026-08-13 03:08:36.594113 TC20 Search Products And Verify Cart After Login                      | FAIL |
2026-08-13 03:08:36.628872 Setup failed:
2026-08-13 03:08:36.628888 No keyword with name 'Open Browser' found.
2026-08-13 03:08:36.628897 
2026-08-13 03:08:36.628905 Also teardown failed:
2026-08-13 03:08:36.628913 Several failures occurred:
2026-08-13 03:08:36.628921 
2026-08-13 03:08:36.628928 1) No keyword with name 'Register Keyword To Run On Failure' found.
2026-08-13 03:08:36.628937 
2026-08-13 03:08:36.628944 2) No keyword with name 'Close Browser' found. Did you mean:
2026-08-13 03:08:36.628952     common.Close Test Browser
2026-08-13 03:08:36.628958 ------------------------------------------------------------------------------
2026-08-13 03:08:36.628965 Suites.Cart.TC20 search and verify cart after login :: TC20 - Sear... | FAIL |
2026-08-13 03:08:36.629709 1 test, 0 passed, 1 failed
2026-08-13 03:08:36.629788 ==============================================================================
2026-08-13 03:08:36.629797 Suites.Cart                                                           | FAIL |
2026-08-13 03:08:36.630193 1 test, 0 passed, 1 failed
2026-08-13 03:08:36.630260 ==============================================================================
2026-08-13 03:08:36.630268 Suites                                                                | FAIL |
2026-08-13 03:08:36.630594 1 test, 0 passed, 1 failed
2026-08-13 03:08:36.630640 ==============================================================================
2026-08-13 03:08:36.630647 Output:  /home/runner/work/engg-robot-testing-framework/engg-robot-testing-framework/reports/pabot_results/8/output.xml
