2026-08-07 03:28:21.630827 ==============================================================================
2026-08-07 03:28:21.658668 Suites
2026-08-07 03:28:21.658683 ==============================================================================
2026-08-07 03:28:21.658693 Suites.Auth
2026-08-07 03:28:21.659419 ==============================================================================
2026-08-07 03:28:21.659432 Suites.Auth.TC04 logout user
2026-08-07 03:28:21.659432 [ ERROR ] Error in file '/home/runner/work/engg-robot-testing-framework/engg-robot-testing-framework/tests/auth/TC04_logout_user.robot' on line 2: Importing library 'playwright_keyword_library.PlaywrightKeywordLibrary' failed: ModuleNotFoundError: No module named 'playwright_keyword_library'
2026-08-07 03:28:21.672775 ==============================================================================
2026-08-07 03:28:21.672775 Traceback (most recent call last):
2026-08-07 03:28:21.672791   None
2026-08-07 03:28:21.722876 PYTHONPATH:
2026-08-07 03:28:21.772957   /opt/hostedtoolcache/Python/3.11.15/x64/bin
2026-08-07 03:28:21.823070   /opt/hostedtoolcache/Python/3.11.15/x64/lib/python311.zip
2026-08-07 03:28:21.873150   /opt/hostedtoolcache/Python/3.11.15/x64/lib/python3.11
2026-08-07 03:28:21.923266   /opt/hostedtoolcache/Python/3.11.15/x64/lib/python3.11/lib-dynload
2026-08-07 03:28:21.973352   /opt/hostedtoolcache/Python/3.11.15/x64/lib/python3.11/site-packages
2026-08-07 03:28:22.023467 [ ERROR ] Error in file '/home/runner/work/engg-robot-testing-framework/engg-robot-testing-framework/resources/auth_keywords.resource' on line 2: Importing library 'playwright_keyword_library.PlaywrightKeywordLibrary' failed: ModuleNotFoundError: No module named 'playwright_keyword_library'
2026-08-07 03:28:22.073547 Traceback (most recent call last):
2026-08-07 03:28:22.123628   None
2026-08-07 03:28:22.173706 PYTHONPATH:
2026-08-07 03:28:22.223802   /opt/hostedtoolcache/Python/3.11.15/x64/bin
2026-08-07 03:28:22.273895   /opt/hostedtoolcache/Python/3.11.15/x64/lib/python311.zip
2026-08-07 03:28:22.323997   /opt/hostedtoolcache/Python/3.11.15/x64/lib/python3.11
2026-08-07 03:28:22.374093   /opt/hostedtoolcache/Python/3.11.15/x64/lib/python3.11/lib-dynload
2026-08-07 03:28:22.424208   /opt/hostedtoolcache/Python/3.11.15/x64/lib/python3.11/site-packages
2026-08-07 03:28:22.474305 [ ERROR ] Error in file '/home/runner/work/engg-robot-testing-framework/engg-robot-testing-framework/resources/common.resource' on line 4: Importing library 'playwright_keyword_library.PlaywrightKeywordLibrary' failed: ModuleNotFoundError: No module named 'playwright_keyword_library'
2026-08-07 03:28:22.524422 Traceback (most recent call last):
2026-08-07 03:28:22.574516   None
2026-08-07 03:28:22.624614 PYTHONPATH:
2026-08-07 03:28:22.674711   /opt/hostedtoolcache/Python/3.11.15/x64/bin
2026-08-07 03:28:22.724836   /opt/hostedtoolcache/Python/3.11.15/x64/lib/python311.zip
2026-08-07 03:28:22.774932   /opt/hostedtoolcache/Python/3.11.15/x64/lib/python3.11
2026-08-07 03:28:22.825052   /opt/hostedtoolcache/Python/3.11.15/x64/lib/python3.11/lib-dynload
2026-08-07 03:28:22.875181   /opt/hostedtoolcache/Python/3.11.15/x64/lib/python3.11/site-packages
2026-08-07 03:28:31.647551 TC04 Logout User                                                      | FAIL |
2026-08-07 03:28:31.680543 Setup failed:
2026-08-07 03:28:31.680549 No keyword with name 'Open Browser' found.
2026-08-07 03:28:31.680555 
2026-08-07 03:28:31.680560 Also teardown failed:
2026-08-07 03:28:31.680565 Several failures occurred:
2026-08-07 03:28:31.680570 
2026-08-07 03:28:31.680575 1) No keyword with name 'Register Keyword To Run On Failure' found.
2026-08-07 03:28:31.680581 
2026-08-07 03:28:31.680585 2) No keyword with name 'Close Browser' found. Did you mean:
2026-08-07 03:28:31.680590     common.Close Test Browser
2026-08-07 03:28:31.680595 ------------------------------------------------------------------------------
2026-08-07 03:28:31.680601 Suites.Auth.TC04 logout user                                          | FAIL |
2026-08-07 03:28:31.681210 1 test, 0 passed, 1 failed
2026-08-07 03:28:31.681245 ==============================================================================
2026-08-07 03:28:31.681250 Suites.Auth                                                           | FAIL |
2026-08-07 03:28:31.681578 1 test, 0 passed, 1 failed
2026-08-07 03:28:31.681600 ==============================================================================
2026-08-07 03:28:31.681605 Suites                                                                | FAIL |
2026-08-07 03:28:31.681859 1 test, 0 passed, 1 failed
2026-08-07 03:28:31.681880 ==============================================================================
2026-08-07 03:28:31.681885 Output:  /home/runner/work/engg-robot-testing-framework/engg-robot-testing-framework/reports/pabot_results/3/output.xml
