2026-07-19 04:03:48.110472 ==============================================================================
2026-07-19 04:03:48.118283 Suites
2026-07-19 04:03:48.118304 ==============================================================================
2026-07-19 04:03:48.118318 Suites.Cart
2026-07-19 04:03:48.119187 ==============================================================================
2026-07-19 04:03:48.119216 Suites.Cart.TC12 add products to cart :: TC12 - Add Products In Cart
2026-07-19 04:03:48.119216 [ ERROR ] Error in file '/home/runner/work/engg-robot-testing-framework/engg-robot-testing-framework/resources/common.resource' on line 4: Importing library 'playwright_keyword_library.PlaywrightKeywordLibrary' failed: ModuleNotFoundError: No module named 'playwright_keyword_library'
2026-07-19 04:03:48.150919 ==============================================================================
2026-07-19 04:03:48.150919 Traceback (most recent call last):
2026-07-19 04:03:48.150946   None
2026-07-19 04:03:48.201090 PYTHONPATH:
2026-07-19 04:03:48.251262   /opt/hostedtoolcache/Python/3.11.15/x64/bin
2026-07-19 04:03:48.301409   /opt/hostedtoolcache/Python/3.11.15/x64/lib/python311.zip
2026-07-19 04:03:48.351555   /opt/hostedtoolcache/Python/3.11.15/x64/lib/python3.11
2026-07-19 04:03:48.401700   /opt/hostedtoolcache/Python/3.11.15/x64/lib/python3.11/lib-dynload
2026-07-19 04:03:48.451905   /opt/hostedtoolcache/Python/3.11.15/x64/lib/python3.11/site-packages
2026-07-19 04:03:48.502120 [ ERROR ] Error in file '/home/runner/work/engg-robot-testing-framework/engg-robot-testing-framework/resources/product_keywords.resource' on line 2: Importing library 'playwright_keyword_library.PlaywrightKeywordLibrary' failed: ModuleNotFoundError: No module named 'playwright_keyword_library'
2026-07-19 04:03:48.552347 Traceback (most recent call last):
2026-07-19 04:03:48.602582   None
2026-07-19 04:03:48.652764 PYTHONPATH:
2026-07-19 04:03:48.702978   /opt/hostedtoolcache/Python/3.11.15/x64/bin
2026-07-19 04:03:48.753131   /opt/hostedtoolcache/Python/3.11.15/x64/lib/python311.zip
2026-07-19 04:03:48.803325   /opt/hostedtoolcache/Python/3.11.15/x64/lib/python3.11
2026-07-19 04:03:48.853521   /opt/hostedtoolcache/Python/3.11.15/x64/lib/python3.11/lib-dynload
2026-07-19 04:03:48.903721   /opt/hostedtoolcache/Python/3.11.15/x64/lib/python3.11/site-packages
2026-07-19 04:03:48.953945 [ ERROR ] Error in file '/home/runner/work/engg-robot-testing-framework/engg-robot-testing-framework/resources/cart_keywords.resource' on line 2: Importing library 'playwright_keyword_library.PlaywrightKeywordLibrary' failed: ModuleNotFoundError: No module named 'playwright_keyword_library'
2026-07-19 04:03:49.004201 Traceback (most recent call last):
2026-07-19 04:03:49.054408   None
2026-07-19 04:03:49.104619 PYTHONPATH:
2026-07-19 04:03:49.154845   /opt/hostedtoolcache/Python/3.11.15/x64/bin
2026-07-19 04:03:49.205064   /opt/hostedtoolcache/Python/3.11.15/x64/lib/python311.zip
2026-07-19 04:03:49.255254   /opt/hostedtoolcache/Python/3.11.15/x64/lib/python3.11
2026-07-19 04:03:49.305463   /opt/hostedtoolcache/Python/3.11.15/x64/lib/python3.11/lib-dynload
2026-07-19 04:03:49.355630   /opt/hostedtoolcache/Python/3.11.15/x64/lib/python3.11/site-packages
2026-07-19 04:03:58.131310 TC12 Add Products In Cart                                             | FAIL |
2026-07-19 04:03:58.162657 Setup failed:
2026-07-19 04:03:58.162679 No keyword with name 'Open Browser' found.
2026-07-19 04:03:58.162694 
2026-07-19 04:03:58.162708 Also teardown failed:
2026-07-19 04:03:58.162721 Several failures occurred:
2026-07-19 04:03:58.162732 
2026-07-19 04:03:58.162744 1) No keyword with name 'Register Keyword To Run On Failure' found.
2026-07-19 04:03:58.162757 
2026-07-19 04:03:58.162768 2) No keyword with name 'Close Browser' found. Did you mean:
2026-07-19 04:03:58.162780     common.Close Test Browser
2026-07-19 04:03:58.162793 ------------------------------------------------------------------------------
2026-07-19 04:03:58.162806 Suites.Cart.TC12 add products to cart :: TC12 - Add Products In Cart  | FAIL |
2026-07-19 04:03:58.163350 1 test, 0 passed, 1 failed
2026-07-19 04:03:58.163368 ==============================================================================
2026-07-19 04:03:58.163383 Suites.Cart                                                           | FAIL |
2026-07-19 04:03:58.163780 1 test, 0 passed, 1 failed
2026-07-19 04:03:58.163797 ==============================================================================
2026-07-19 04:03:58.163810 Suites                                                                | FAIL |
2026-07-19 04:03:58.164140 1 test, 0 passed, 1 failed
2026-07-19 04:03:58.164165 ==============================================================================
2026-07-19 04:03:58.164182 Output:  /home/runner/work/engg-robot-testing-framework/engg-robot-testing-framework/reports/pabot_results/5/output.xml
