2026-07-06 04:51:12.516517 ==============================================================================
2026-07-06 04:51:12.533728 Suites
2026-07-06 04:51:12.533749 ==============================================================================
2026-07-06 04:51:12.533764 Suites.Auth
2026-07-06 04:51:12.534564 ==============================================================================
2026-07-06 04:51:12.534581 Suites.Auth.TC04 logout user
2026-07-06 04:51:12.534581 [ ERROR ] Error in file '/home/runner/work/engg-robot-testing-framework/engg-robot-testing-framework/tests/auth/TC04_logout_user.robot' on line 2: Importing library 'playwright_keyword_library.PlaywrightKeywordLibrary' failed: ModuleNotFoundError: No module named 'playwright_keyword_library'
2026-07-06 04:51:12.553834 ==============================================================================
2026-07-06 04:51:12.553834 Traceback (most recent call last):
2026-07-06 04:51:12.553861   None
2026-07-06 04:51:12.603986 PYTHONPATH:
2026-07-06 04:51:12.654096   /opt/hostedtoolcache/Python/3.11.15/x64/bin
2026-07-06 04:51:12.704211   /opt/hostedtoolcache/Python/3.11.15/x64/lib/python311.zip
2026-07-06 04:51:12.754369   /opt/hostedtoolcache/Python/3.11.15/x64/lib/python3.11
2026-07-06 04:51:12.804476   /opt/hostedtoolcache/Python/3.11.15/x64/lib/python3.11/lib-dynload
2026-07-06 04:51:12.854600   /opt/hostedtoolcache/Python/3.11.15/x64/lib/python3.11/site-packages
2026-07-06 04:51:12.904714 [ ERROR ] Error in file '/home/runner/work/engg-robot-testing-framework/engg-robot-testing-framework/resources/auth_keywords.resource' on line 2: Importing library 'playwright_keyword_library.PlaywrightKeywordLibrary' failed: ModuleNotFoundError: No module named 'playwright_keyword_library'
2026-07-06 04:51:12.954869 Traceback (most recent call last):
2026-07-06 04:51:13.005022   None
2026-07-06 04:51:13.055172 PYTHONPATH:
2026-07-06 04:51:13.105320   /opt/hostedtoolcache/Python/3.11.15/x64/bin
2026-07-06 04:51:13.155468   /opt/hostedtoolcache/Python/3.11.15/x64/lib/python311.zip
2026-07-06 04:51:13.205617   /opt/hostedtoolcache/Python/3.11.15/x64/lib/python3.11
2026-07-06 04:51:13.255773   /opt/hostedtoolcache/Python/3.11.15/x64/lib/python3.11/lib-dynload
2026-07-06 04:51:13.305881   /opt/hostedtoolcache/Python/3.11.15/x64/lib/python3.11/site-packages
2026-07-06 04:51:13.356028 [ ERROR ] Error in file '/home/runner/work/engg-robot-testing-framework/engg-robot-testing-framework/resources/common.resource' on line 4: Importing library 'playwright_keyword_library.PlaywrightKeywordLibrary' failed: ModuleNotFoundError: No module named 'playwright_keyword_library'
2026-07-06 04:51:13.406177 Traceback (most recent call last):
2026-07-06 04:51:13.456325   None
2026-07-06 04:51:13.506478 PYTHONPATH:
2026-07-06 04:51:13.556626   /opt/hostedtoolcache/Python/3.11.15/x64/bin
2026-07-06 04:51:13.606788   /opt/hostedtoolcache/Python/3.11.15/x64/lib/python311.zip
2026-07-06 04:51:13.656954   /opt/hostedtoolcache/Python/3.11.15/x64/lib/python3.11
2026-07-06 04:51:13.707112   /opt/hostedtoolcache/Python/3.11.15/x64/lib/python3.11/lib-dynload
2026-07-06 04:51:13.757267   /opt/hostedtoolcache/Python/3.11.15/x64/lib/python3.11/site-packages
2026-07-06 04:51:22.528370 TC04 Logout User                                                      | FAIL |
2026-07-06 04:51:22.563921 Setup failed:
2026-07-06 04:51:22.563939 No keyword with name 'Open Browser' found.
2026-07-06 04:51:22.563954 
2026-07-06 04:51:22.563968 Also teardown failed:
2026-07-06 04:51:22.563981 Several failures occurred:
2026-07-06 04:51:22.563995 
2026-07-06 04:51:22.564007 1) No keyword with name 'Register Keyword To Run On Failure' found.
2026-07-06 04:51:22.564021 
2026-07-06 04:51:22.564033 2) No keyword with name 'Close Browser' found. Did you mean:
2026-07-06 04:51:22.564045     common.Close Test Browser
2026-07-06 04:51:22.564058 ------------------------------------------------------------------------------
2026-07-06 04:51:22.564069 Suites.Auth.TC04 logout user                                          | FAIL |
2026-07-06 04:51:22.564616 1 test, 0 passed, 1 failed
2026-07-06 04:51:22.564680 ==============================================================================
2026-07-06 04:51:22.564695 Suites.Auth                                                           | FAIL |
2026-07-06 04:51:22.565049 1 test, 0 passed, 1 failed
2026-07-06 04:51:22.565066 ==============================================================================
2026-07-06 04:51:22.565079 Suites                                                                | FAIL |
2026-07-06 04:51:22.565432 1 test, 0 passed, 1 failed
2026-07-06 04:51:22.565449 ==============================================================================
2026-07-06 04:51:22.565462 Output:  /home/runner/work/engg-robot-testing-framework/engg-robot-testing-framework/reports/pabot_results/3/output.xml
