2026-06-23 04:40:44.655119 ==============================================================================
2026-06-23 04:40:44.667117 Suites
2026-06-23 04:40:44.667135 ==============================================================================
2026-06-23 04:40:44.667150 Suites.Auth
2026-06-23 04:40:44.667931 ==============================================================================
2026-06-23 04:40:44.667947 Suites.Auth.TC01 register user
2026-06-23 04:40:44.667947 [ ERROR ] Error in file '/home/runner/work/engg-robot-testing-framework/engg-robot-testing-framework/tests/auth/TC01_register_user.robot' on line 2: Importing library 'playwright_keyword_library.PlaywrightKeywordLibrary' failed: ModuleNotFoundError: No module named 'playwright_keyword_library'
2026-06-23 04:40:44.684136 ==============================================================================
2026-06-23 04:40:44.684136 Traceback (most recent call last):
2026-06-23 04:40:44.684157   None
2026-06-23 04:40:44.734251 PYTHONPATH:
2026-06-23 04:40:44.784382   /opt/hostedtoolcache/Python/3.11.15/x64/bin
2026-06-23 04:40:44.834494   /opt/hostedtoolcache/Python/3.11.15/x64/lib/python311.zip
2026-06-23 04:40:44.884627   /opt/hostedtoolcache/Python/3.11.15/x64/lib/python3.11
2026-06-23 04:40:44.934762   /opt/hostedtoolcache/Python/3.11.15/x64/lib/python3.11/lib-dynload
2026-06-23 04:40:44.984857   /opt/hostedtoolcache/Python/3.11.15/x64/lib/python3.11/site-packages
2026-06-23 04:40:45.034988 [ ERROR ] Error in file '/home/runner/work/engg-robot-testing-framework/engg-robot-testing-framework/resources/auth_keywords.resource' on line 2: Importing library 'playwright_keyword_library.PlaywrightKeywordLibrary' failed: ModuleNotFoundError: No module named 'playwright_keyword_library'
2026-06-23 04:40:45.085103 Traceback (most recent call last):
2026-06-23 04:40:45.135228   None
2026-06-23 04:40:45.185363 PYTHONPATH:
2026-06-23 04:40:45.235498   /opt/hostedtoolcache/Python/3.11.15/x64/bin
2026-06-23 04:40:45.285632   /opt/hostedtoolcache/Python/3.11.15/x64/lib/python311.zip
2026-06-23 04:40:45.335769   /opt/hostedtoolcache/Python/3.11.15/x64/lib/python3.11
2026-06-23 04:40:45.385904   /opt/hostedtoolcache/Python/3.11.15/x64/lib/python3.11/lib-dynload
2026-06-23 04:40:45.435995   /opt/hostedtoolcache/Python/3.11.15/x64/lib/python3.11/site-packages
2026-06-23 04:40:45.486131 [ ERROR ] Error in file '/home/runner/work/engg-robot-testing-framework/engg-robot-testing-framework/resources/common.resource' on line 4: Importing library 'playwright_keyword_library.PlaywrightKeywordLibrary' failed: ModuleNotFoundError: No module named 'playwright_keyword_library'
2026-06-23 04:40:45.536268 Traceback (most recent call last):
2026-06-23 04:40:45.586403   None
2026-06-23 04:40:45.636496 PYTHONPATH:
2026-06-23 04:40:45.686628   /opt/hostedtoolcache/Python/3.11.15/x64/bin
2026-06-23 04:40:45.736766   /opt/hostedtoolcache/Python/3.11.15/x64/lib/python311.zip
2026-06-23 04:40:45.786883   /opt/hostedtoolcache/Python/3.11.15/x64/lib/python3.11
2026-06-23 04:40:45.837018   /opt/hostedtoolcache/Python/3.11.15/x64/lib/python3.11/lib-dynload
2026-06-23 04:40:45.887155   /opt/hostedtoolcache/Python/3.11.15/x64/lib/python3.11/site-packages
2026-06-23 04:40:54.661229 TC01 Register User                                                    | FAIL |
2026-06-23 04:40:54.693220 Setup failed:
2026-06-23 04:40:54.693239 No keyword with name 'Open Browser' found.
2026-06-23 04:40:54.693254 
2026-06-23 04:40:54.693267 Also teardown failed:
2026-06-23 04:40:54.693280 Several failures occurred:
2026-06-23 04:40:54.693295 
2026-06-23 04:40:54.693308 1) No keyword with name 'Register Keyword To Run On Failure' found.
2026-06-23 04:40:54.693321 
2026-06-23 04:40:54.693333 2) No keyword with name 'Close Browser' found. Did you mean:
2026-06-23 04:40:54.693344     common.Close Test Browser
2026-06-23 04:40:54.693356 ------------------------------------------------------------------------------
2026-06-23 04:40:54.693399 Suites.Auth.TC01 register user                                        | FAIL |
2026-06-23 04:40:54.693876 1 test, 0 passed, 1 failed
2026-06-23 04:40:54.693890 ==============================================================================
2026-06-23 04:40:54.693901 Suites.Auth                                                           | FAIL |
2026-06-23 04:40:54.694225 1 test, 0 passed, 1 failed
2026-06-23 04:40:54.694239 ==============================================================================
2026-06-23 04:40:54.694250 Suites                                                                | FAIL |
2026-06-23 04:40:54.694517 1 test, 0 passed, 1 failed
2026-06-23 04:40:54.694580 ==============================================================================
2026-06-23 04:40:54.694591 Output:  /home/runner/work/engg-robot-testing-framework/engg-robot-testing-framework/reports/pabot_results/0/output.xml
