2026-07-19 04:04:08.909516 ==============================================================================
2026-07-19 04:04:08.933785 Suites
2026-07-19 04:04:08.933805 ==============================================================================
2026-07-19 04:04:08.933820 Suites.Cart
2026-07-19 04:04:08.934774 ==============================================================================
2026-07-19 04:04:08.934793 Suites.Cart.TC20 search and verify cart after login :: TC20 - Search Produc...
2026-07-19 04:04:08.934793 [ ERROR ] Error in file '/home/runner/work/engg-robot-testing-framework/engg-robot-testing-framework/tests/cart/TC20_search_and_verify_cart_after_login.robot' on line 3: Importing library 'playwright_keyword_library.PlaywrightKeywordLibrary' failed: ModuleNotFoundError: No module named 'playwright_keyword_library'
2026-07-19 04:04:08.972434 ==============================================================================
2026-07-19 04:04:08.972434 Traceback (most recent call last):
2026-07-19 04:04:08.972460   None
2026-07-19 04:04:09.022602 PYTHONPATH:
2026-07-19 04:04:09.072751   /opt/hostedtoolcache/Python/3.11.15/x64/bin
2026-07-19 04:04:09.122889   /opt/hostedtoolcache/Python/3.11.15/x64/lib/python311.zip
2026-07-19 04:04:09.173024   /opt/hostedtoolcache/Python/3.11.15/x64/lib/python3.11
2026-07-19 04:04:09.223165   /opt/hostedtoolcache/Python/3.11.15/x64/lib/python3.11/lib-dynload
2026-07-19 04:04:09.273331   /opt/hostedtoolcache/Python/3.11.15/x64/lib/python3.11/site-packages
2026-07-19 04:04:09.323515 [ ERROR ] Error in file '/home/runner/work/engg-robot-testing-framework/engg-robot-testing-framework/resources/common.resource' on line 4: Importing library 'playwright_keyword_library.PlaywrightKeywordLibrary' failed: ModuleNotFoundError: No module named 'playwright_keyword_library'
2026-07-19 04:04:09.373723 Traceback (most recent call last):
2026-07-19 04:04:09.423877   None
2026-07-19 04:04:09.474060 PYTHONPATH:
2026-07-19 04:04:09.524268   /opt/hostedtoolcache/Python/3.11.15/x64/bin
2026-07-19 04:04:09.574465   /opt/hostedtoolcache/Python/3.11.15/x64/lib/python311.zip
2026-07-19 04:04:09.624670   /opt/hostedtoolcache/Python/3.11.15/x64/lib/python3.11
2026-07-19 04:04:09.674867   /opt/hostedtoolcache/Python/3.11.15/x64/lib/python3.11/lib-dynload
2026-07-19 04:04:09.725021   /opt/hostedtoolcache/Python/3.11.15/x64/lib/python3.11/site-packages
2026-07-19 04:04:09.775216 [ ERROR ] Error in file '/home/runner/work/engg-robot-testing-framework/engg-robot-testing-framework/resources/product_keywords.resource' on line 2: Importing library 'playwright_keyword_library.PlaywrightKeywordLibrary' failed: ModuleNotFoundError: No module named 'playwright_keyword_library'
2026-07-19 04:04:09.825426 Traceback (most recent call last):
2026-07-19 04:04:09.875622   None
2026-07-19 04:04:09.925828 PYTHONPATH:
2026-07-19 04:04:09.976042   /opt/hostedtoolcache/Python/3.11.15/x64/bin
2026-07-19 04:04:10.026253   /opt/hostedtoolcache/Python/3.11.15/x64/lib/python311.zip
2026-07-19 04:04:10.076453   /opt/hostedtoolcache/Python/3.11.15/x64/lib/python3.11
2026-07-19 04:04:10.126667   /opt/hostedtoolcache/Python/3.11.15/x64/lib/python3.11/lib-dynload
2026-07-19 04:04:10.176858   /opt/hostedtoolcache/Python/3.11.15/x64/lib/python3.11/site-packages
2026-07-19 04:04:10.227058 [ ERROR ] Error in file '/home/runner/work/engg-robot-testing-framework/engg-robot-testing-framework/resources/cart_keywords.resource' on line 2: Importing library 'playwright_keyword_library.PlaywrightKeywordLibrary' failed: ModuleNotFoundError: No module named 'playwright_keyword_library'
2026-07-19 04:04:10.277245 Traceback (most recent call last):
2026-07-19 04:04:10.327429   None
2026-07-19 04:04:10.377615 PYTHONPATH:
2026-07-19 04:04:10.427808   /opt/hostedtoolcache/Python/3.11.15/x64/bin
2026-07-19 04:04:10.478001   /opt/hostedtoolcache/Python/3.11.15/x64/lib/python311.zip
2026-07-19 04:04:10.528204   /opt/hostedtoolcache/Python/3.11.15/x64/lib/python3.11
2026-07-19 04:04:10.578411   /opt/hostedtoolcache/Python/3.11.15/x64/lib/python3.11/lib-dynload
2026-07-19 04:04:10.628600   /opt/hostedtoolcache/Python/3.11.15/x64/lib/python3.11/site-packages
2026-07-19 04:04:10.678798 [ ERROR ] Error in file '/home/runner/work/engg-robot-testing-framework/engg-robot-testing-framework/resources/auth_keywords.resource' on line 2: Importing library 'playwright_keyword_library.PlaywrightKeywordLibrary' failed: ModuleNotFoundError: No module named 'playwright_keyword_library'
2026-07-19 04:04:10.728985 Traceback (most recent call last):
2026-07-19 04:04:10.779230   None
2026-07-19 04:04:10.829443 PYTHONPATH:
2026-07-19 04:04:10.879645   /opt/hostedtoolcache/Python/3.11.15/x64/bin
2026-07-19 04:04:10.929852   /opt/hostedtoolcache/Python/3.11.15/x64/lib/python311.zip
2026-07-19 04:04:10.980056   /opt/hostedtoolcache/Python/3.11.15/x64/lib/python3.11
2026-07-19 04:04:11.030236   /opt/hostedtoolcache/Python/3.11.15/x64/lib/python3.11/lib-dynload
2026-07-19 04:04:11.080444   /opt/hostedtoolcache/Python/3.11.15/x64/lib/python3.11/site-packages
2026-07-19 04:04:18.954836 TC20 Search Products And Verify Cart After Login                      | FAIL |
2026-07-19 04:04:18.984254 Setup failed:
2026-07-19 04:04:18.984276 No keyword with name 'Open Browser' found.
2026-07-19 04:04:18.984292 
2026-07-19 04:04:18.984307 Also teardown failed:
2026-07-19 04:04:18.984321 Several failures occurred:
2026-07-19 04:04:18.984334 
2026-07-19 04:04:18.984347 1) No keyword with name 'Register Keyword To Run On Failure' found.
2026-07-19 04:04:18.984361 
2026-07-19 04:04:18.984373 2) No keyword with name 'Close Browser' found. Did you mean:
2026-07-19 04:04:18.984385     common.Close Test Browser
2026-07-19 04:04:18.984396 ------------------------------------------------------------------------------
2026-07-19 04:04:18.984408 Suites.Cart.TC20 search and verify cart after login :: TC20 - Sear... | FAIL |
2026-07-19 04:04:18.984995 1 test, 0 passed, 1 failed
2026-07-19 04:04:18.985021 ==============================================================================
2026-07-19 04:04:18.985092 Suites.Cart                                                           | FAIL |
2026-07-19 04:04:18.985471 1 test, 0 passed, 1 failed
2026-07-19 04:04:18.985488 ==============================================================================
2026-07-19 04:04:18.985501 Suites                                                                | FAIL |
2026-07-19 04:04:18.985815 1 test, 0 passed, 1 failed
2026-07-19 04:04:18.985892 ==============================================================================
2026-07-19 04:04:18.985907 Output:  /home/runner/work/engg-robot-testing-framework/engg-robot-testing-framework/reports/pabot_results/8/output.xml
