2026-07-22 03:57:18.097384 ==============================================================================
2026-07-22 03:57:18.137728 Suites
2026-07-22 03:57:18.137753 ==============================================================================
2026-07-22 03:57:18.137769 Suites.Auth
2026-07-22 03:57:18.138283 ==============================================================================
2026-07-22 03:57:18.138297 Suites.Auth.TC01 register user
2026-07-22 03:57:18.138297 [ ERROR ] Error in file '/home/runner/work/engg-robot-testing-framework/engg-robot-testing-framework/tests/auth/TC01_register_user.robot' on line 2: Importing library 'playwright_keyword_library.PlaywrightKeywordLibrary' failed: ModuleNotFoundError: No module named 'playwright_keyword_library'
2026-07-22 03:57:18.152115 ==============================================================================
2026-07-22 03:57:18.152115 Traceback (most recent call last):
2026-07-22 03:57:18.152136   None
2026-07-22 03:57:18.202248 PYTHONPATH:
2026-07-22 03:57:18.252449   /opt/hostedtoolcache/Python/3.11.15/x64/bin
2026-07-22 03:57:18.302576   /opt/hostedtoolcache/Python/3.11.15/x64/lib/python311.zip
2026-07-22 03:57:18.352775   /opt/hostedtoolcache/Python/3.11.15/x64/lib/python3.11
2026-07-22 03:57:18.402906   /opt/hostedtoolcache/Python/3.11.15/x64/lib/python3.11/lib-dynload
2026-07-22 03:57:18.453101   /opt/hostedtoolcache/Python/3.11.15/x64/lib/python3.11/site-packages
2026-07-22 03:57:18.503249 [ ERROR ] Error in file '/home/runner/work/engg-robot-testing-framework/engg-robot-testing-framework/resources/auth_keywords.resource' on line 2: Importing library 'playwright_keyword_library.PlaywrightKeywordLibrary' failed: ModuleNotFoundError: No module named 'playwright_keyword_library'
2026-07-22 03:57:18.553455 Traceback (most recent call last):
2026-07-22 03:57:18.603586   None
2026-07-22 03:57:18.653772 PYTHONPATH:
2026-07-22 03:57:18.703896   /opt/hostedtoolcache/Python/3.11.15/x64/bin
2026-07-22 03:57:18.754090   /opt/hostedtoolcache/Python/3.11.15/x64/lib/python311.zip
2026-07-22 03:57:18.804240   /opt/hostedtoolcache/Python/3.11.15/x64/lib/python3.11
2026-07-22 03:57:18.854428   /opt/hostedtoolcache/Python/3.11.15/x64/lib/python3.11/lib-dynload
2026-07-22 03:57:18.904561   /opt/hostedtoolcache/Python/3.11.15/x64/lib/python3.11/site-packages
2026-07-22 03:57:18.954773 [ ERROR ] Error in file '/home/runner/work/engg-robot-testing-framework/engg-robot-testing-framework/resources/common.resource' on line 4: Importing library 'playwright_keyword_library.PlaywrightKeywordLibrary' failed: ModuleNotFoundError: No module named 'playwright_keyword_library'
2026-07-22 03:57:19.004906 Traceback (most recent call last):
2026-07-22 03:57:19.055084   None
2026-07-22 03:57:19.105244 PYTHONPATH:
2026-07-22 03:57:19.155439   /opt/hostedtoolcache/Python/3.11.15/x64/bin
2026-07-22 03:57:19.205632   /opt/hostedtoolcache/Python/3.11.15/x64/lib/python311.zip
2026-07-22 03:57:19.255813   /opt/hostedtoolcache/Python/3.11.15/x64/lib/python3.11
2026-07-22 03:57:19.305968   /opt/hostedtoolcache/Python/3.11.15/x64/lib/python3.11/lib-dynload
2026-07-22 03:57:19.356165   /opt/hostedtoolcache/Python/3.11.15/x64/lib/python3.11/site-packages
2026-07-22 03:57:28.132781 TC01 Register User                                                    | FAIL |
2026-07-22 03:57:28.159920 Setup failed:
2026-07-22 03:57:28.159932 No keyword with name 'Open Browser' found.
2026-07-22 03:57:28.159939 
2026-07-22 03:57:28.159945 Also teardown failed:
2026-07-22 03:57:28.159950 Several failures occurred:
2026-07-22 03:57:28.159955 
2026-07-22 03:57:28.159961 1) No keyword with name 'Register Keyword To Run On Failure' found.
2026-07-22 03:57:28.159968 
2026-07-22 03:57:28.159973 2) No keyword with name 'Close Browser' found. Did you mean:
2026-07-22 03:57:28.159978     common.Close Test Browser
2026-07-22 03:57:28.159984 ------------------------------------------------------------------------------
2026-07-22 03:57:28.159989 Suites.Auth.TC01 register user                                        | FAIL |
2026-07-22 03:57:28.160399 1 test, 0 passed, 1 failed
2026-07-22 03:57:28.160446 ==============================================================================
2026-07-22 03:57:28.160455 Suites.Auth                                                           | FAIL |
2026-07-22 03:57:28.160687 1 test, 0 passed, 1 failed
2026-07-22 03:57:28.160733 ==============================================================================
2026-07-22 03:57:28.160742 Suites                                                                | FAIL |
2026-07-22 03:57:28.160937 1 test, 0 passed, 1 failed
2026-07-22 03:57:28.160979 ==============================================================================
2026-07-22 03:57:28.160988 Output:  /home/runner/work/engg-robot-testing-framework/engg-robot-testing-framework/reports/pabot_results/0/output.xml
