2026-08-24 02:07:38.491720 ==============================================================================
2026-08-24 02:07:38.535135 Suites
2026-08-24 02:07:38.535153 ==============================================================================
2026-08-24 02:07:38.535162 Suites.Auth
2026-08-24 02:07:38.535880 ==============================================================================
2026-08-24 02:07:38.535890 Suites.Auth.TC05 register existing email
2026-08-24 02:07:38.535890 [ ERROR ] Error in file '/home/runner/work/engg-robot-testing-framework/engg-robot-testing-framework/tests/auth/TC05_register_existing_email.robot' on line 2: Importing library 'playwright_keyword_library.PlaywrightKeywordLibrary' failed: ModuleNotFoundError: No module named 'playwright_keyword_library'
2026-08-24 02:07:38.550603 ==============================================================================
2026-08-24 02:07:38.550603 Traceback (most recent call last):
2026-08-24 02:07:38.550621   None
2026-08-24 02:07:38.600733 PYTHONPATH:
2026-08-24 02:07:38.650908   /opt/hostedtoolcache/Python/3.11.16/x64/bin
2026-08-24 02:07:38.701034   /opt/hostedtoolcache/Python/3.11.16/x64/lib/python311.zip
2026-08-24 02:07:38.751173   /opt/hostedtoolcache/Python/3.11.16/x64/lib/python3.11
2026-08-24 02:07:38.801310   /opt/hostedtoolcache/Python/3.11.16/x64/lib/python3.11/lib-dynload
2026-08-24 02:07:38.851512   /opt/hostedtoolcache/Python/3.11.16/x64/lib/python3.11/site-packages
2026-08-24 02:07:38.901626 [ ERROR ] Error in file '/home/runner/work/engg-robot-testing-framework/engg-robot-testing-framework/resources/auth_keywords.resource' on line 2: Importing library 'playwright_keyword_library.PlaywrightKeywordLibrary' failed: ModuleNotFoundError: No module named 'playwright_keyword_library'
2026-08-24 02:07:38.951841 Traceback (most recent call last):
2026-08-24 02:07:39.001977   None
2026-08-24 02:07:39.052123 PYTHONPATH:
2026-08-24 02:07:39.102262   /opt/hostedtoolcache/Python/3.11.16/x64/bin
2026-08-24 02:07:39.152411   /opt/hostedtoolcache/Python/3.11.16/x64/lib/python311.zip
2026-08-24 02:07:39.202546   /opt/hostedtoolcache/Python/3.11.16/x64/lib/python3.11
2026-08-24 02:07:39.252695   /opt/hostedtoolcache/Python/3.11.16/x64/lib/python3.11/lib-dynload
2026-08-24 02:07:39.302813   /opt/hostedtoolcache/Python/3.11.16/x64/lib/python3.11/site-packages
2026-08-24 02:07:39.352917 [ ERROR ] Error in file '/home/runner/work/engg-robot-testing-framework/engg-robot-testing-framework/resources/common.resource' on line 4: Importing library 'playwright_keyword_library.PlaywrightKeywordLibrary' failed: ModuleNotFoundError: No module named 'playwright_keyword_library'
2026-08-24 02:07:39.403029 Traceback (most recent call last):
2026-08-24 02:07:39.453154   None
2026-08-24 02:07:39.503256 PYTHONPATH:
2026-08-24 02:07:39.553396   /opt/hostedtoolcache/Python/3.11.16/x64/bin
2026-08-24 02:07:39.603505   /opt/hostedtoolcache/Python/3.11.16/x64/lib/python311.zip
2026-08-24 02:07:39.653632   /opt/hostedtoolcache/Python/3.11.16/x64/lib/python3.11
2026-08-24 02:07:39.703734   /opt/hostedtoolcache/Python/3.11.16/x64/lib/python3.11/lib-dynload
2026-08-24 02:07:39.753910   /opt/hostedtoolcache/Python/3.11.16/x64/lib/python3.11/site-packages
2026-08-24 02:07:48.522235 TC05 Register User With Existing Email                                | FAIL |
2026-08-24 02:07:48.558993 Setup failed:
2026-08-24 02:07:48.559006 No keyword with name 'Open Browser' found.
2026-08-24 02:07:48.559012 
2026-08-24 02:07:48.559017 Also teardown failed:
2026-08-24 02:07:48.559023 Several failures occurred:
2026-08-24 02:07:48.559028 
2026-08-24 02:07:48.559034 1) No keyword with name 'Register Keyword To Run On Failure' found.
2026-08-24 02:07:48.559039 
2026-08-24 02:07:48.559044 2) No keyword with name 'Close Browser' found. Did you mean:
2026-08-24 02:07:48.559049     common.Close Test Browser
2026-08-24 02:07:48.559054 ------------------------------------------------------------------------------
2026-08-24 02:07:48.559060 Suites.Auth.TC05 register existing email                              | FAIL |
2026-08-24 02:07:48.559450 1 test, 0 passed, 1 failed
2026-08-24 02:07:48.559510 ==============================================================================
2026-08-24 02:07:48.559516 Suites.Auth                                                           | FAIL |
2026-08-24 02:07:48.559762 1 test, 0 passed, 1 failed
2026-08-24 02:07:48.559819 ==============================================================================
2026-08-24 02:07:48.559844 Suites                                                                | FAIL |
2026-08-24 02:07:48.560051 1 test, 0 passed, 1 failed
2026-08-24 02:07:48.560111 ==============================================================================
2026-08-24 02:07:48.560117 Output:  /home/runner/work/engg-robot-testing-framework/engg-robot-testing-framework/reports/pabot_results/4/output.xml
