2026-07-22 03:57:49.270854 ==============================================================================
2026-07-22 03:57:49.307340 Suites
2026-07-22 03:57:49.307356 ==============================================================================
2026-07-22 03:57:49.307367 Suites.Cart
2026-07-22 03:57:49.307977 ==============================================================================
2026-07-22 03:57:49.307988 Suites.Cart.TC17 remove products from cart :: TC17 - Remove Products From Cart
2026-07-22 03:57:49.307988 [ ERROR ] Error in file '/home/runner/work/engg-robot-testing-framework/engg-robot-testing-framework/resources/common.resource' on line 4: Importing library 'playwright_keyword_library.PlaywrightKeywordLibrary' failed: ModuleNotFoundError: No module named 'playwright_keyword_library'
2026-07-22 03:57:49.330149 ==============================================================================
2026-07-22 03:57:49.330149 Traceback (most recent call last):
2026-07-22 03:57:49.330169   None
2026-07-22 03:57:49.380288 PYTHONPATH:
2026-07-22 03:57:49.430473   /opt/hostedtoolcache/Python/3.11.15/x64/bin
2026-07-22 03:57:49.480627   /opt/hostedtoolcache/Python/3.11.15/x64/lib/python311.zip
2026-07-22 03:57:49.530830   /opt/hostedtoolcache/Python/3.11.15/x64/lib/python3.11
2026-07-22 03:57:49.580995   /opt/hostedtoolcache/Python/3.11.15/x64/lib/python3.11/lib-dynload
2026-07-22 03:57:49.631157   /opt/hostedtoolcache/Python/3.11.15/x64/lib/python3.11/site-packages
2026-07-22 03:57:49.681326 [ ERROR ] Error in file '/home/runner/work/engg-robot-testing-framework/engg-robot-testing-framework/resources/product_keywords.resource' on line 2: Importing library 'playwright_keyword_library.PlaywrightKeywordLibrary' failed: ModuleNotFoundError: No module named 'playwright_keyword_library'
2026-07-22 03:57:49.731498 Traceback (most recent call last):
2026-07-22 03:57:49.781644   None
2026-07-22 03:57:49.831806 PYTHONPATH:
2026-07-22 03:57:49.882016   /opt/hostedtoolcache/Python/3.11.15/x64/bin
2026-07-22 03:57:49.932229   /opt/hostedtoolcache/Python/3.11.15/x64/lib/python311.zip
2026-07-22 03:57:49.982427   /opt/hostedtoolcache/Python/3.11.15/x64/lib/python3.11
2026-07-22 03:57:50.032606   /opt/hostedtoolcache/Python/3.11.15/x64/lib/python3.11/lib-dynload
2026-07-22 03:57:50.082792   /opt/hostedtoolcache/Python/3.11.15/x64/lib/python3.11/site-packages
2026-07-22 03:57:50.133023 [ ERROR ] Error in file '/home/runner/work/engg-robot-testing-framework/engg-robot-testing-framework/resources/cart_keywords.resource' on line 2: Importing library 'playwright_keyword_library.PlaywrightKeywordLibrary' failed: ModuleNotFoundError: No module named 'playwright_keyword_library'
2026-07-22 03:57:50.183235 Traceback (most recent call last):
2026-07-22 03:57:50.233414   None
2026-07-22 03:57:50.283569 PYTHONPATH:
2026-07-22 03:57:50.333765   /opt/hostedtoolcache/Python/3.11.15/x64/bin
2026-07-22 03:57:50.383942   /opt/hostedtoolcache/Python/3.11.15/x64/lib/python311.zip
2026-07-22 03:57:50.434126   /opt/hostedtoolcache/Python/3.11.15/x64/lib/python3.11
2026-07-22 03:57:50.484263   /opt/hostedtoolcache/Python/3.11.15/x64/lib/python3.11/lib-dynload
2026-07-22 03:57:50.534409   /opt/hostedtoolcache/Python/3.11.15/x64/lib/python3.11/site-packages
2026-07-22 03:57:59.303162 TC17 Remove Products From Cart                                        | FAIL |
2026-07-22 03:57:59.339032 Setup failed:
2026-07-22 03:57:59.339039 No keyword with name 'Open Browser' found.
2026-07-22 03:57:59.339044 
2026-07-22 03:57:59.339049 Also teardown failed:
2026-07-22 03:57:59.339055 Several failures occurred:
2026-07-22 03:57:59.339060 
2026-07-22 03:57:59.339065 1) No keyword with name 'Register Keyword To Run On Failure' found.
2026-07-22 03:57:59.339070 
2026-07-22 03:57:59.339075 2) No keyword with name 'Close Browser' found. Did you mean:
2026-07-22 03:57:59.339081     common.Close Test Browser
2026-07-22 03:57:59.339085 ------------------------------------------------------------------------------
2026-07-22 03:57:59.339090 Suites.Cart.TC17 remove products from cart :: TC17 - Remove Produc... | FAIL |
2026-07-22 03:57:59.339653 1 test, 0 passed, 1 failed
2026-07-22 03:57:59.339687 ==============================================================================
2026-07-22 03:57:59.339692 Suites.Cart                                                           | FAIL |
2026-07-22 03:57:59.339986 1 test, 0 passed, 1 failed
2026-07-22 03:57:59.340006 ==============================================================================
2026-07-22 03:57:59.340011 Suites                                                                | FAIL |
2026-07-22 03:57:59.340274 1 test, 0 passed, 1 failed
2026-07-22 03:57:59.340306 ==============================================================================
2026-07-22 03:57:59.340311 Output:  /home/runner/work/engg-robot-testing-framework/engg-robot-testing-framework/reports/pabot_results/7/output.xml
