2026-07-22 03:57:28.612593 ==============================================================================
2026-07-22 03:57:28.641339 Suites
2026-07-22 03:57:28.641396 ==============================================================================
2026-07-22 03:57:28.641407 Suites.Auth
2026-07-22 03:57:28.641972 ==============================================================================
2026-07-22 03:57:28.641985 Suites.Auth.TC03 login invalid
2026-07-22 03:57:28.641985 [ ERROR ] Error in file '/home/runner/work/engg-robot-testing-framework/engg-robot-testing-framework/tests/auth/TC03_login_invalid.robot' on line 2: Importing library 'playwright_keyword_library.PlaywrightKeywordLibrary' failed: ModuleNotFoundError: No module named 'playwright_keyword_library'
2026-07-22 03:57:28.655960 ==============================================================================
2026-07-22 03:57:28.655960 Traceback (most recent call last):
2026-07-22 03:57:28.655980   None
2026-07-22 03:57:28.706137 PYTHONPATH:
2026-07-22 03:57:28.756340   /opt/hostedtoolcache/Python/3.11.15/x64/bin
2026-07-22 03:57:28.806542   /opt/hostedtoolcache/Python/3.11.15/x64/lib/python311.zip
2026-07-22 03:57:28.856741   /opt/hostedtoolcache/Python/3.11.15/x64/lib/python3.11
2026-07-22 03:57:28.906938   /opt/hostedtoolcache/Python/3.11.15/x64/lib/python3.11/lib-dynload
2026-07-22 03:57:28.957136   /opt/hostedtoolcache/Python/3.11.15/x64/lib/python3.11/site-packages
2026-07-22 03:57:29.007336 [ ERROR ] Error in file '/home/runner/work/engg-robot-testing-framework/engg-robot-testing-framework/resources/auth_keywords.resource' on line 2: Importing library 'playwright_keyword_library.PlaywrightKeywordLibrary' failed: ModuleNotFoundError: No module named 'playwright_keyword_library'
2026-07-22 03:57:29.057529 Traceback (most recent call last):
2026-07-22 03:57:29.107794   None
2026-07-22 03:57:29.157984 PYTHONPATH:
2026-07-22 03:57:29.208259   /opt/hostedtoolcache/Python/3.11.15/x64/bin
2026-07-22 03:57:29.258464   /opt/hostedtoolcache/Python/3.11.15/x64/lib/python311.zip
2026-07-22 03:57:29.308689   /opt/hostedtoolcache/Python/3.11.15/x64/lib/python3.11
2026-07-22 03:57:29.359611   /opt/hostedtoolcache/Python/3.11.15/x64/lib/python3.11/lib-dynload
2026-07-22 03:57:29.409738   /opt/hostedtoolcache/Python/3.11.15/x64/lib/python3.11/site-packages
2026-07-22 03:57:29.459870 [ ERROR ] Error in file '/home/runner/work/engg-robot-testing-framework/engg-robot-testing-framework/resources/common.resource' on line 4: Importing library 'playwright_keyword_library.PlaywrightKeywordLibrary' failed: ModuleNotFoundError: No module named 'playwright_keyword_library'
2026-07-22 03:57:29.510000 Traceback (most recent call last):
2026-07-22 03:57:29.560166   None
2026-07-22 03:57:29.610357 PYTHONPATH:
2026-07-22 03:57:29.660541   /opt/hostedtoolcache/Python/3.11.15/x64/bin
2026-07-22 03:57:29.710776   /opt/hostedtoolcache/Python/3.11.15/x64/lib/python311.zip
2026-07-22 03:57:29.761000   /opt/hostedtoolcache/Python/3.11.15/x64/lib/python3.11
2026-07-22 03:57:29.811243   /opt/hostedtoolcache/Python/3.11.15/x64/lib/python3.11/lib-dynload
2026-07-22 03:57:29.861523   /opt/hostedtoolcache/Python/3.11.15/x64/lib/python3.11/site-packages
2026-07-22 03:57:38.634207 TC03 Login User With Incorrect Email And Password                     | FAIL |
2026-07-22 03:57:38.663696 Setup failed:
2026-07-22 03:57:38.663712 No keyword with name 'Open Browser' found.
2026-07-22 03:57:38.663722 
2026-07-22 03:57:38.663731 Also teardown failed:
2026-07-22 03:57:38.663739 Several failures occurred:
2026-07-22 03:57:38.663747 
2026-07-22 03:57:38.663759 1) No keyword with name 'Register Keyword To Run On Failure' found.
2026-07-22 03:57:38.663767 
2026-07-22 03:57:38.663775 2) No keyword with name 'Close Browser' found. Did you mean:
2026-07-22 03:57:38.663783     common.Close Test Browser
2026-07-22 03:57:38.663791 ------------------------------------------------------------------------------
2026-07-22 03:57:38.663800 Suites.Auth.TC03 login invalid                                        | FAIL |
2026-07-22 03:57:38.664144 1 test, 0 passed, 1 failed
2026-07-22 03:57:38.664155 ==============================================================================
2026-07-22 03:57:38.664164 Suites.Auth                                                           | FAIL |
2026-07-22 03:57:38.664491 1 test, 0 passed, 1 failed
2026-07-22 03:57:38.664534 ==============================================================================
2026-07-22 03:57:38.664543 Suites                                                                | FAIL |
2026-07-22 03:57:38.664743 1 test, 0 passed, 1 failed
2026-07-22 03:57:38.664788 ==============================================================================
2026-07-22 03:57:38.664798 Output:  /home/runner/work/engg-robot-testing-framework/engg-robot-testing-framework/reports/pabot_results/2/output.xml
