2026-07-15 03:45:11.744371 ==============================================================================
2026-07-15 03:45:11.780327 Suites
2026-07-15 03:45:11.780344 ==============================================================================
2026-07-15 03:45:11.780355 Suites.Cart
2026-07-15 03:45:11.780894 ==============================================================================
2026-07-15 03:45:11.780907 Suites.Cart.TC17 remove products from cart :: TC17 - Remove Products From Cart
2026-07-15 03:45:11.780907 [ ERROR ] Error in file '/home/runner/work/engg-robot-testing-framework/engg-robot-testing-framework/resources/common.resource' on line 4: Importing library 'playwright_keyword_library.PlaywrightKeywordLibrary' failed: ModuleNotFoundError: No module named 'playwright_keyword_library'
2026-07-15 03:45:11.802049 ==============================================================================
2026-07-15 03:45:11.802049 Traceback (most recent call last):
2026-07-15 03:45:11.802068   None
2026-07-15 03:45:11.852184 PYTHONPATH:
2026-07-15 03:45:11.902300   /opt/hostedtoolcache/Python/3.11.15/x64/bin
2026-07-15 03:45:11.952438   /opt/hostedtoolcache/Python/3.11.15/x64/lib/python311.zip
2026-07-15 03:45:12.002552   /opt/hostedtoolcache/Python/3.11.15/x64/lib/python3.11
2026-07-15 03:45:12.052694   /opt/hostedtoolcache/Python/3.11.15/x64/lib/python3.11/lib-dynload
2026-07-15 03:45:12.102816   /opt/hostedtoolcache/Python/3.11.15/x64/lib/python3.11/site-packages
2026-07-15 03:45:12.152958 [ ERROR ] Error in file '/home/runner/work/engg-robot-testing-framework/engg-robot-testing-framework/resources/product_keywords.resource' on line 2: Importing library 'playwright_keyword_library.PlaywrightKeywordLibrary' failed: ModuleNotFoundError: No module named 'playwright_keyword_library'
2026-07-15 03:45:12.203080 Traceback (most recent call last):
2026-07-15 03:45:12.253228   None
2026-07-15 03:45:12.303345 PYTHONPATH:
2026-07-15 03:45:12.353486   /opt/hostedtoolcache/Python/3.11.15/x64/bin
2026-07-15 03:45:12.403604   /opt/hostedtoolcache/Python/3.11.15/x64/lib/python311.zip
2026-07-15 03:45:12.453755   /opt/hostedtoolcache/Python/3.11.15/x64/lib/python3.11
2026-07-15 03:45:12.503921   /opt/hostedtoolcache/Python/3.11.15/x64/lib/python3.11/lib-dynload
2026-07-15 03:45:12.554074   /opt/hostedtoolcache/Python/3.11.15/x64/lib/python3.11/site-packages
2026-07-15 03:45:12.604220 [ ERROR ] Error in file '/home/runner/work/engg-robot-testing-framework/engg-robot-testing-framework/resources/cart_keywords.resource' on line 2: Importing library 'playwright_keyword_library.PlaywrightKeywordLibrary' failed: ModuleNotFoundError: No module named 'playwright_keyword_library'
2026-07-15 03:45:12.654363 Traceback (most recent call last):
2026-07-15 03:45:12.704522   None
2026-07-15 03:45:12.754670 PYTHONPATH:
2026-07-15 03:45:12.804855   /opt/hostedtoolcache/Python/3.11.15/x64/bin
2026-07-15 03:45:12.855007   /opt/hostedtoolcache/Python/3.11.15/x64/lib/python311.zip
2026-07-15 03:45:12.905169   /opt/hostedtoolcache/Python/3.11.15/x64/lib/python3.11
2026-07-15 03:45:12.955321   /opt/hostedtoolcache/Python/3.11.15/x64/lib/python3.11/lib-dynload
2026-07-15 03:45:13.005485   /opt/hostedtoolcache/Python/3.11.15/x64/lib/python3.11/site-packages
2026-07-15 03:45:21.777266 TC17 Remove Products From Cart                                        | FAIL |
2026-07-15 03:45:21.810296 Setup failed:
2026-07-15 03:45:21.810307 No keyword with name 'Open Browser' found.
2026-07-15 03:45:21.810315 
2026-07-15 03:45:21.810321 Also teardown failed:
2026-07-15 03:45:21.810327 Several failures occurred:
2026-07-15 03:45:21.810333 
2026-07-15 03:45:21.810339 1) No keyword with name 'Register Keyword To Run On Failure' found.
2026-07-15 03:45:21.810344 
2026-07-15 03:45:21.810349 2) No keyword with name 'Close Browser' found. Did you mean:
2026-07-15 03:45:21.810354     common.Close Test Browser
2026-07-15 03:45:21.810359 ------------------------------------------------------------------------------
2026-07-15 03:45:21.810364 Suites.Cart.TC17 remove products from cart :: TC17 - Remove Produc... | FAIL |
2026-07-15 03:45:21.810794 1 test, 0 passed, 1 failed
2026-07-15 03:45:21.810847 ==============================================================================
2026-07-15 03:45:21.810856 Suites.Cart                                                           | FAIL |
2026-07-15 03:45:21.811077 1 test, 0 passed, 1 failed
2026-07-15 03:45:21.811118 ==============================================================================
2026-07-15 03:45:21.811127 Suites                                                                | FAIL |
2026-07-15 03:45:21.811324 1 test, 0 passed, 1 failed
2026-07-15 03:45:21.811354 ==============================================================================
2026-07-15 03:45:21.811363 Output:  /home/runner/work/engg-robot-testing-framework/engg-robot-testing-framework/reports/pabot_results/7/output.xml
