2026-09-19 04:53:21.782836 ==============================================================================
2026-09-19 04:53:21.806092 Suites
2026-09-19 04:53:21.806111 ==============================================================================
2026-09-19 04:53:21.806125 Suites.Cart
2026-09-19 04:53:21.807112 ==============================================================================
2026-09-19 04:53:21.807130 Suites.Cart.TC17 remove products from cart :: TC17 - Remove Products From Cart
2026-09-19 04:53:21.807130 [ ERROR ] Error in file '/home/runner/work/engg-robot-testing-framework/engg-robot-testing-framework/resources/common.resource' on line 4: Importing library 'playwright_keyword_library.PlaywrightKeywordLibrary' failed: ModuleNotFoundError: No module named 'playwright_keyword_library'
2026-09-19 04:53:21.839282 ==============================================================================
2026-09-19 04:53:21.839282 Traceback (most recent call last):
2026-09-19 04:53:21.839308   None
2026-09-19 04:53:21.889404 PYTHONPATH:
2026-09-19 04:53:21.939538   /opt/hostedtoolcache/Python/3.11.16/x64/bin
2026-09-19 04:53:21.989637   /opt/hostedtoolcache/Python/3.11.16/x64/lib/python311.zip
2026-09-19 04:53:22.039788   /opt/hostedtoolcache/Python/3.11.16/x64/lib/python3.11
2026-09-19 04:53:22.089880   /opt/hostedtoolcache/Python/3.11.16/x64/lib/python3.11/lib-dynload
2026-09-19 04:53:22.139983   /opt/hostedtoolcache/Python/3.11.16/x64/lib/python3.11/site-packages
2026-09-19 04:53:22.190126 [ ERROR ] Error in file '/home/runner/work/engg-robot-testing-framework/engg-robot-testing-framework/resources/product_keywords.resource' on line 2: Importing library 'playwright_keyword_library.PlaywrightKeywordLibrary' failed: ModuleNotFoundError: No module named 'playwright_keyword_library'
2026-09-19 04:53:22.240323 Traceback (most recent call last):
2026-09-19 04:53:22.290566   None
2026-09-19 04:53:22.340772 PYTHONPATH:
2026-09-19 04:53:22.390982   /opt/hostedtoolcache/Python/3.11.16/x64/bin
2026-09-19 04:53:22.441196   /opt/hostedtoolcache/Python/3.11.16/x64/lib/python311.zip
2026-09-19 04:53:22.491430   /opt/hostedtoolcache/Python/3.11.16/x64/lib/python3.11
2026-09-19 04:53:22.541566   /opt/hostedtoolcache/Python/3.11.16/x64/lib/python3.11/lib-dynload
2026-09-19 04:53:22.591792   /opt/hostedtoolcache/Python/3.11.16/x64/lib/python3.11/site-packages
2026-09-19 04:53:22.641943 [ ERROR ] Error in file '/home/runner/work/engg-robot-testing-framework/engg-robot-testing-framework/resources/cart_keywords.resource' on line 2: Importing library 'playwright_keyword_library.PlaywrightKeywordLibrary' failed: ModuleNotFoundError: No module named 'playwright_keyword_library'
2026-09-19 04:53:22.692209 Traceback (most recent call last):
2026-09-19 04:53:22.742456   None
2026-09-19 04:53:22.792653 PYTHONPATH:
2026-09-19 04:53:22.842915   /opt/hostedtoolcache/Python/3.11.16/x64/bin
2026-09-19 04:53:22.893094   /opt/hostedtoolcache/Python/3.11.16/x64/lib/python311.zip
2026-09-19 04:53:22.943338   /opt/hostedtoolcache/Python/3.11.16/x64/lib/python3.11
2026-09-19 04:53:22.993538   /opt/hostedtoolcache/Python/3.11.16/x64/lib/python3.11/lib-dynload
2026-09-19 04:53:23.043704   /opt/hostedtoolcache/Python/3.11.16/x64/lib/python3.11/site-packages
2026-09-19 04:53:31.823570 TC17 Remove Products From Cart                                        | FAIL |
2026-09-19 04:53:31.850849 Setup failed:
2026-09-19 04:53:31.850871 No keyword with name 'Open Browser' found.
2026-09-19 04:53:31.850885 
2026-09-19 04:53:31.850903 Also teardown failed:
2026-09-19 04:53:31.850915 Several failures occurred:
2026-09-19 04:53:31.850927 
2026-09-19 04:53:31.850940 1) No keyword with name 'Register Keyword To Run On Failure' found.
2026-09-19 04:53:31.850962 
2026-09-19 04:53:31.850973 2) No keyword with name 'Close Browser' found. Did you mean:
2026-09-19 04:53:31.850986     common.Close Test Browser
2026-09-19 04:53:31.850998 ------------------------------------------------------------------------------
2026-09-19 04:53:31.851010 Suites.Cart.TC17 remove products from cart :: TC17 - Remove Produc... | FAIL |
2026-09-19 04:53:31.851529 1 test, 0 passed, 1 failed
2026-09-19 04:53:31.851548 ==============================================================================
2026-09-19 04:53:31.851562 Suites.Cart                                                           | FAIL |
2026-09-19 04:53:31.852022 1 test, 0 passed, 1 failed
2026-09-19 04:53:31.852054 ==============================================================================
2026-09-19 04:53:31.852139 Suites                                                                | FAIL |
2026-09-19 04:53:31.852472 1 test, 0 passed, 1 failed
2026-09-19 04:53:31.852547 ==============================================================================
2026-09-19 04:53:31.852557 Output:  /home/runner/work/engg-robot-testing-framework/engg-robot-testing-framework/reports/pabot_results/7/output.xml
