2026-08-28 11:39:48.318753 ==============================================================================
2026-08-28 11:39:48.346123 Suites
2026-08-28 11:39:48.346137 ==============================================================================
2026-08-28 11:39:48.346148 Suites.Cart
2026-08-28 11:39:48.346706 ==============================================================================
2026-08-28 11:39:48.346717 Suites.Cart.TC22 add from recommended items :: TC22 - Add To Cart From Reco...
2026-08-28 11:39:48.346717 [ ERROR ] Error in file '/home/runner/work/engg-robot-testing-framework/engg-robot-testing-framework/resources/common.resource' on line 4: Importing library 'playwright_keyword_library.PlaywrightKeywordLibrary' failed: ModuleNotFoundError: No module named 'playwright_keyword_library'
2026-08-28 11:39:48.362779 ==============================================================================
2026-08-28 11:39:48.362779 Traceback (most recent call last):
2026-08-28 11:39:48.362792   None
2026-08-28 11:39:48.412922 PYTHONPATH:
2026-08-28 11:39:48.463030   /opt/hostedtoolcache/Python/3.11.16/x64/bin
2026-08-28 11:39:48.513159   /opt/hostedtoolcache/Python/3.11.16/x64/lib/python311.zip
2026-08-28 11:39:48.563267   /opt/hostedtoolcache/Python/3.11.16/x64/lib/python3.11
2026-08-28 11:39:48.613400   /opt/hostedtoolcache/Python/3.11.16/x64/lib/python3.11/lib-dynload
2026-08-28 11:39:48.663516   /opt/hostedtoolcache/Python/3.11.16/x64/lib/python3.11/site-packages
2026-08-28 11:39:48.713651 [ ERROR ] Error in file '/home/runner/work/engg-robot-testing-framework/engg-robot-testing-framework/resources/cart_keywords.resource' on line 2: Importing library 'playwright_keyword_library.PlaywrightKeywordLibrary' failed: ModuleNotFoundError: No module named 'playwright_keyword_library'
2026-08-28 11:39:48.763751 Traceback (most recent call last):
2026-08-28 11:39:48.813885   None
2026-08-28 11:39:48.863989 PYTHONPATH:
2026-08-28 11:39:48.914111   /opt/hostedtoolcache/Python/3.11.16/x64/bin
2026-08-28 11:39:48.964214   /opt/hostedtoolcache/Python/3.11.16/x64/lib/python311.zip
2026-08-28 11:39:49.014345   /opt/hostedtoolcache/Python/3.11.16/x64/lib/python3.11
2026-08-28 11:39:49.064451   /opt/hostedtoolcache/Python/3.11.16/x64/lib/python3.11/lib-dynload
2026-08-28 11:39:49.114582   /opt/hostedtoolcache/Python/3.11.16/x64/lib/python3.11/site-packages
2026-08-28 11:39:58.334049 TC22 Add To Cart From Recommended Items                               | FAIL |
2026-08-28 11:39:58.370374 Setup failed:
2026-08-28 11:39:58.370388 No keyword with name 'Open Browser' found.
2026-08-28 11:39:58.370399 
2026-08-28 11:39:58.370409 Also teardown failed:
2026-08-28 11:39:58.370418 Several failures occurred:
2026-08-28 11:39:58.370426 
2026-08-28 11:39:58.370434 1) No keyword with name 'Register Keyword To Run On Failure' found.
2026-08-28 11:39:58.370443 
2026-08-28 11:39:58.370451 2) No keyword with name 'Close Browser' found. Did you mean:
2026-08-28 11:39:58.370458     common.Close Test Browser
2026-08-28 11:39:58.370465 ------------------------------------------------------------------------------
2026-08-28 11:39:58.370473 Suites.Cart.TC22 add from recommended items :: TC22 - Add To Cart ... | FAIL |
2026-08-28 11:39:58.370918 1 test, 0 passed, 1 failed
2026-08-28 11:39:58.370930 ==============================================================================
2026-08-28 11:39:58.370939 Suites.Cart                                                           | FAIL |
2026-08-28 11:39:58.371200 1 test, 0 passed, 1 failed
2026-08-28 11:39:58.371247 ==============================================================================
2026-08-28 11:39:58.371257 Suites                                                                | FAIL |
2026-08-28 11:39:58.371458 1 test, 0 passed, 1 failed
2026-08-28 11:39:58.371519 ==============================================================================
2026-08-28 11:39:58.371528 Output:  /home/runner/work/engg-robot-testing-framework/engg-robot-testing-framework/reports/pabot_results/9/output.xml
