[INFO]    Initialized logging in reports/pabot_results
[INFO]    Robot Framework remote server at 127.0.0.1:8270 started.
[DEBUG]   2026-06-01 05:25:26.229006 [PID:2363] [0] [ID:0] EXECUTING Suites.Auth.TC01 register user
[DEBUG]   2026-06-01 05:25:26.230937 [PID:2364] [1] [ID:1] EXECUTING Suites.Auth.TC02 login valid
[DEBUG]   2026-06-01 05:25:31.236388 [PID:2363] [0] [ID:0] still running Suites.Auth.TC01 register user after 5.0s
[DEBUG]   2026-06-01 05:25:31.236468 [PID:2364] [1] [ID:1] still running Suites.Auth.TC02 login valid after 5.0s
[DEBUG]   2026-06-01 05:25:41.249269 [PID:2363] [0] [ID:0] still running Suites.Auth.TC01 register user after 15.0s
[DEBUG]   2026-06-01 05:25:41.249519 [PID:2364] [1] [ID:1] still running Suites.Auth.TC02 login valid after 15.0s
[DEBUG]   2026-06-01 05:25:56.270405 [PID:2363] [0] [ID:0] still running Suites.Auth.TC01 register user after 30.0s
[DEBUG]   2026-06-01 05:25:56.282296 [PID:2364] [1] [ID:1] still running Suites.Auth.TC02 login valid after 30.0s
[INFO]    2026-06-01 05:26:09.990105 [PID:2363] [0] [ID:0] PASSED Suites.Auth.TC01 register user in 43.8 seconds
[DEBUG]   2026-06-01 05:26:09.995225 [PID:2889] [0] [ID:2] EXECUTING Suites.Auth.TC03 login invalid
[DEBUG]   2026-06-01 05:26:15.003679 [PID:2889] [0] [ID:2] still running Suites.Auth.TC03 login invalid after 5.0s
[INFO]    2026-06-01 05:26:15.710817 [PID:2364] [1] [ID:1] PASSED Suites.Auth.TC02 login valid in 49.5 seconds
[DEBUG]   2026-06-01 05:26:15.716478 [PID:3052] [1] [ID:3] EXECUTING Suites.Auth.TC04 logout user
[DEBUG]   2026-06-01 05:26:20.728381 [PID:3052] [1] [ID:3] still running Suites.Auth.TC04 logout user after 5.0s
[INFO]    2026-06-01 05:26:24.920607 [PID:2889] [0] [ID:2] PASSED Suites.Auth.TC03 login invalid in 14.9 seconds
[DEBUG]   2026-06-01 05:26:24.926515 [PID:3289] [0] [ID:4] EXECUTING Suites.Auth.TC05 register existing email
[DEBUG]   2026-06-01 05:26:29.936027 [PID:3289] [0] [ID:4] still running Suites.Auth.TC05 register existing email after 5.0s
[DEBUG]   2026-06-01 05:26:30.743408 [PID:3052] [1] [ID:3] still running Suites.Auth.TC04 logout user after 15.0s
[DEBUG]   2026-06-01 05:26:39.949288 [PID:3289] [0] [ID:4] still running Suites.Auth.TC05 register existing email after 15.0s
[DEBUG]   2026-06-01 05:26:45.757602 [PID:3052] [1] [ID:3] still running Suites.Auth.TC04 logout user after 30.0s
[INFO]    2026-06-01 05:26:47.863058 [PID:3052] [1] [ID:3] PASSED Suites.Auth.TC04 logout user in 32.1 seconds
[DEBUG]   2026-06-01 05:26:47.867872 [PID:3601] [1] [ID:5] EXECUTING Suites.Cart.TC12 add products to cart
[DEBUG]   2026-06-01 05:26:52.874211 [PID:3601] [1] [ID:5] still running Suites.Cart.TC12 add products to cart after 5.0s
[DEBUG]   2026-06-01 05:26:54.968533 [PID:3289] [0] [ID:4] still running Suites.Auth.TC05 register existing email after 30.0s
[INFO]    2026-06-01 05:26:59.175602 [PID:3289] [0] [ID:4] PASSED Suites.Auth.TC05 register existing email in 34.3 seconds
[DEBUG]   2026-06-01 05:26:59.180715 [PID:3769] [0] [ID:6] EXECUTING Suites.Cart.TC13 verify product quantity
[DEBUG]   2026-06-01 05:27:02.884883 [PID:3601] [1] [ID:5] still running Suites.Cart.TC12 add products to cart after 15.0s
[DEBUG]   2026-06-01 05:27:04.189882 [PID:3769] [0] [ID:6] still running Suites.Cart.TC13 verify product quantity after 5.0s
[INFO]    2026-06-01 05:27:05.190324 [PID:3601] [1] [ID:5] PASSED Suites.Cart.TC12 add products to cart in 17.3 seconds
[DEBUG]   2026-06-01 05:27:05.195815 [PID:4005] [1] [ID:7] EXECUTING Suites.Cart.TC17 remove products from cart
[DEBUG]   2026-06-01 05:27:10.200896 [PID:4005] [1] [ID:7] still running Suites.Cart.TC17 remove products from cart after 5.0s
[INFO]    2026-06-01 05:27:13.103958 [PID:3769] [0] [ID:6] PASSED Suites.Cart.TC13 verify product quantity in 13.9 seconds
[DEBUG]   2026-06-01 05:27:13.108464 [PID:4243] [0] [ID:8] EXECUTING Suites.Cart.TC20 search and verify cart after login
[DEBUG]   2026-06-01 05:27:18.115815 [PID:4243] [0] [ID:8] still running Suites.Cart.TC20 search and verify cart after login after 5.0s
[DEBUG]   2026-06-01 05:27:20.213782 [PID:4005] [1] [ID:7] still running Suites.Cart.TC17 remove products from cart after 15.0s
[INFO]    2026-06-01 05:27:23.220312 [PID:4005] [1] [ID:7] PASSED Suites.Cart.TC17 remove products from cart in 18.0 seconds
[DEBUG]   2026-06-01 05:27:23.225452 [PID:4478] [1] [ID:9] EXECUTING Suites.Cart.TC22 add from recommended items
[DEBUG]   2026-06-01 05:27:28.131915 [PID:4243] [0] [ID:8] still running Suites.Cart.TC20 search and verify cart after login after 15.0s
[DEBUG]   2026-06-01 05:27:28.234902 [PID:4478] [1] [ID:9] still running Suites.Cart.TC22 add from recommended items after 5.0s
[DEBUG]   2026-06-01 05:27:38.245892 [PID:4478] [1] [ID:9] still running Suites.Cart.TC22 add from recommended items after 15.0s
[INFO]    2026-06-01 05:27:39.250329 [PID:4478] [1] [ID:9] PASSED Suites.Cart.TC22 add from recommended items in 16.0 seconds
[DEBUG]   2026-06-01 05:27:43.148244 [PID:4243] [0] [ID:8] still running Suites.Cart.TC20 search and verify cart after login after 30.0s
[INFO]    2026-06-01 05:27:48.656778 [PID:4243] [0] [ID:8] PASSED Suites.Cart.TC20 search and verify cart after login in 35.5 seconds
[INFO]    10 tests, 10 passed, 0 failed, 0 skipped.
[INFO]    ===================================================
[INFO]    Output:  /home/runner/work/engg-robot-testing-framework/engg-robot-testing-framework/reports/output.xml
[INFO]    Log:     /home/runner/work/engg-robot-testing-framework/engg-robot-testing-framework/reports/log.html
[INFO]    Report:  /home/runner/work/engg-robot-testing-framework/engg-robot-testing-framework/reports/report.html
[DEBUG]   Finalizing Pabot execution...
[DEBUG]   Stopping PabotLib process
[INFO]    Robot Framework remote server at 127.0.0.1:8270 stopped.
[DEBUG]   PabotLib process stopped
[INFO]    Total testing: 4 minutes 35.30 seconds
[INFO]    Elapsed time:  2 minutes 23.7 seconds
[DEBUG]   Logs flushed successfully.
