2026-07-19 04:03:58.486443 ==============================================================================
2026-07-19 04:03:58.508603 Suites
2026-07-19 04:03:58.508626 ==============================================================================
2026-07-19 04:03:58.508642 Suites.Cart
2026-07-19 04:03:58.509468 ==============================================================================
2026-07-19 04:03:58.509488 Suites.Cart.TC17 remove products from cart :: TC17 - Remove Products From Cart
2026-07-19 04:03:58.509488 [ ERROR ] Error in file '/home/runner/work/engg-robot-testing-framework/engg-robot-testing-framework/resources/common.resource' on line 4: Importing library 'playwright_keyword_library.PlaywrightKeywordLibrary' failed: ModuleNotFoundError: No module named 'playwright_keyword_library'
2026-07-19 04:03:58.540776 ==============================================================================
2026-07-19 04:03:58.540776 Traceback (most recent call last):
2026-07-19 04:03:58.540805   None
2026-07-19 04:03:58.590989 PYTHONPATH:
2026-07-19 04:03:58.641138   /opt/hostedtoolcache/Python/3.11.15/x64/bin
2026-07-19 04:03:58.691311   /opt/hostedtoolcache/Python/3.11.15/x64/lib/python311.zip
2026-07-19 04:03:58.741458   /opt/hostedtoolcache/Python/3.11.15/x64/lib/python3.11
2026-07-19 04:03:58.791641   /opt/hostedtoolcache/Python/3.11.15/x64/lib/python3.11/lib-dynload
2026-07-19 04:03:58.841840   /opt/hostedtoolcache/Python/3.11.15/x64/lib/python3.11/site-packages
2026-07-19 04:03:58.892051 [ ERROR ] Error in file '/home/runner/work/engg-robot-testing-framework/engg-robot-testing-framework/resources/product_keywords.resource' on line 2: Importing library 'playwright_keyword_library.PlaywrightKeywordLibrary' failed: ModuleNotFoundError: No module named 'playwright_keyword_library'
2026-07-19 04:03:58.942262 Traceback (most recent call last):
2026-07-19 04:03:58.992483   None
2026-07-19 04:03:59.042681 PYTHONPATH:
2026-07-19 04:03:59.092914   /opt/hostedtoolcache/Python/3.11.15/x64/bin
2026-07-19 04:03:59.143119   /opt/hostedtoolcache/Python/3.11.15/x64/lib/python311.zip
2026-07-19 04:03:59.193347   /opt/hostedtoolcache/Python/3.11.15/x64/lib/python3.11
2026-07-19 04:03:59.243564   /opt/hostedtoolcache/Python/3.11.15/x64/lib/python3.11/lib-dynload
2026-07-19 04:03:59.293799   /opt/hostedtoolcache/Python/3.11.15/x64/lib/python3.11/site-packages
2026-07-19 04:03:59.343959 [ ERROR ] Error in file '/home/runner/work/engg-robot-testing-framework/engg-robot-testing-framework/resources/cart_keywords.resource' on line 2: Importing library 'playwright_keyword_library.PlaywrightKeywordLibrary' failed: ModuleNotFoundError: No module named 'playwright_keyword_library'
2026-07-19 04:03:59.394180 Traceback (most recent call last):
2026-07-19 04:03:59.444382   None
2026-07-19 04:03:59.494595 PYTHONPATH:
2026-07-19 04:03:59.544797   /opt/hostedtoolcache/Python/3.11.15/x64/bin
2026-07-19 04:03:59.595021   /opt/hostedtoolcache/Python/3.11.15/x64/lib/python311.zip
2026-07-19 04:03:59.645254   /opt/hostedtoolcache/Python/3.11.15/x64/lib/python3.11
2026-07-19 04:03:59.695498   /opt/hostedtoolcache/Python/3.11.15/x64/lib/python3.11/lib-dynload
2026-07-19 04:03:59.745712   /opt/hostedtoolcache/Python/3.11.15/x64/lib/python3.11/site-packages
2026-07-19 04:04:08.526124 TC17 Remove Products From Cart                                        | FAIL |
2026-07-19 04:04:08.556478 Setup failed:
2026-07-19 04:04:08.556516 No keyword with name 'Open Browser' found.
2026-07-19 04:04:08.556576 
2026-07-19 04:04:08.556607 Also teardown failed:
2026-07-19 04:04:08.556630 Several failures occurred:
2026-07-19 04:04:08.556650 
2026-07-19 04:04:08.556671 1) No keyword with name 'Register Keyword To Run On Failure' found.
2026-07-19 04:04:08.556790 
2026-07-19 04:04:08.556809 2) No keyword with name 'Close Browser' found. Did you mean:
2026-07-19 04:04:08.556825     common.Close Test Browser
2026-07-19 04:04:08.556839 ------------------------------------------------------------------------------
2026-07-19 04:04:08.556853 Suites.Cart.TC17 remove products from cart :: TC17 - Remove Produc... | FAIL |
2026-07-19 04:04:08.557300 1 test, 0 passed, 1 failed
2026-07-19 04:04:08.557381 ==============================================================================
2026-07-19 04:04:08.557398 Suites.Cart                                                           | FAIL |
2026-07-19 04:04:08.557744 1 test, 0 passed, 1 failed
2026-07-19 04:04:08.557771 ==============================================================================
2026-07-19 04:04:08.557851 Suites                                                                | FAIL |
2026-07-19 04:04:08.558193 1 test, 0 passed, 1 failed
2026-07-19 04:04:08.558210 ==============================================================================
2026-07-19 04:04:08.558223 Output:  /home/runner/work/engg-robot-testing-framework/engg-robot-testing-framework/reports/pabot_results/7/output.xml
