2026-06-17 05:25:06.769474 ==============================================================================
2026-06-17 05:25:06.771097 Suites
2026-06-17 05:25:06.771114 ==============================================================================
2026-06-17 05:25:06.771125 Suites.Cart
2026-06-17 05:25:06.771879 ==============================================================================
2026-06-17 05:25:06.872128 Suites.Cart.TC22 add from recommended items :: TC22 - Add To Cart From Reco...
2026-06-17 05:25:06.881727 ==============================================================================
2026-06-17 05:25:17.461988 TC22 Add To Cart From Recommended Items                               | FAIL |
2026-06-17 05:25:17.504981 Setup failed:
2026-06-17 05:25:17.504994 Title should have been 'Automation Exercise' but was 'One moment, please...'.
2026-06-17 05:25:17.505000 ------------------------------------------------------------------------------
2026-06-17 05:25:17.505006 Suites.Cart.TC22 add from recommended items :: TC22 - Add To Cart ... | FAIL |
2026-06-17 05:25:17.505553 1 test, 0 passed, 1 failed
2026-06-17 05:25:17.505591 ==============================================================================
2026-06-17 05:25:17.505598 Suites.Cart                                                           | FAIL |
2026-06-17 05:25:17.505908 1 test, 0 passed, 1 failed
2026-06-17 05:25:17.505970 ==============================================================================
2026-06-17 05:25:17.505976 Suites                                                                | FAIL |
2026-06-17 05:25:17.506232 1 test, 0 passed, 1 failed
2026-06-17 05:25:17.506275 ==============================================================================
2026-06-17 05:25:17.506280 Output:  /home/runner/work/engg-robot-testing-framework/engg-robot-testing-framework/reports/pabot_results/9/output.xml
