2026-09-23 05:00:26.367561 ==============================================================================
2026-09-23 05:00:26.394933 Suites
2026-09-23 05:00:26.394953 ==============================================================================
2026-09-23 05:00:26.394967 Suites.Cart
2026-09-23 05:00:26.395791 ==============================================================================
2026-09-23 05:00:26.395809 Suites.Cart.TC13 verify product quantity :: TC13 - Verify Product Quantity ...
2026-09-23 05:00:26.395809 [ ERROR ] Error in file '/home/runner/work/engg-robot-testing-framework/engg-robot-testing-framework/resources/common.resource' on line 4: Importing library 'playwright_keyword_library.PlaywrightKeywordLibrary' failed: ModuleNotFoundError: No module named 'playwright_keyword_library'
2026-09-23 05:00:26.427215 ==============================================================================
2026-09-23 05:00:26.427215 Traceback (most recent call last):
2026-09-23 05:00:26.427240   None
2026-09-23 05:00:26.477385 PYTHONPATH:
2026-09-23 05:00:26.527544   /opt/hostedtoolcache/Python/3.11.16/x64/bin
2026-09-23 05:00:26.577665   /opt/hostedtoolcache/Python/3.11.16/x64/lib/python311.zip
2026-09-23 05:00:26.627810   /opt/hostedtoolcache/Python/3.11.16/x64/lib/python3.11
2026-09-23 05:00:26.677948   /opt/hostedtoolcache/Python/3.11.16/x64/lib/python3.11/lib-dynload
2026-09-23 05:00:26.728096   /opt/hostedtoolcache/Python/3.11.16/x64/lib/python3.11/site-packages
2026-09-23 05:00:26.778244 [ ERROR ] Error in file '/home/runner/work/engg-robot-testing-framework/engg-robot-testing-framework/resources/product_keywords.resource' on line 2: Importing library 'playwright_keyword_library.PlaywrightKeywordLibrary' failed: ModuleNotFoundError: No module named 'playwright_keyword_library'
2026-09-23 05:00:26.828444 Traceback (most recent call last):
2026-09-23 05:00:26.878598   None
2026-09-23 05:00:26.928776 PYTHONPATH:
2026-09-23 05:00:26.978934   /opt/hostedtoolcache/Python/3.11.16/x64/bin
2026-09-23 05:00:27.029085   /opt/hostedtoolcache/Python/3.11.16/x64/lib/python311.zip
2026-09-23 05:00:27.079213   /opt/hostedtoolcache/Python/3.11.16/x64/lib/python3.11
2026-09-23 05:00:27.129369   /opt/hostedtoolcache/Python/3.11.16/x64/lib/python3.11/lib-dynload
2026-09-23 05:00:27.179524   /opt/hostedtoolcache/Python/3.11.16/x64/lib/python3.11/site-packages
2026-09-23 05:00:27.229682 [ ERROR ] Error in file '/home/runner/work/engg-robot-testing-framework/engg-robot-testing-framework/resources/cart_keywords.resource' on line 2: Importing library 'playwright_keyword_library.PlaywrightKeywordLibrary' failed: ModuleNotFoundError: No module named 'playwright_keyword_library'
2026-09-23 05:00:27.279818 Traceback (most recent call last):
2026-09-23 05:00:27.329954   None
2026-09-23 05:00:27.380101 PYTHONPATH:
2026-09-23 05:00:27.430254   /opt/hostedtoolcache/Python/3.11.16/x64/bin
2026-09-23 05:00:27.480414   /opt/hostedtoolcache/Python/3.11.16/x64/lib/python311.zip
2026-09-23 05:00:27.530562   /opt/hostedtoolcache/Python/3.11.16/x64/lib/python3.11
2026-09-23 05:00:27.580703   /opt/hostedtoolcache/Python/3.11.16/x64/lib/python3.11/lib-dynload
2026-09-23 05:00:27.630870   /opt/hostedtoolcache/Python/3.11.16/x64/lib/python3.11/site-packages
2026-09-23 05:00:36.402565 TC13 Verify Product Quantity In Cart                                  | FAIL |
2026-09-23 05:00:36.439551 Setup failed:
2026-09-23 05:00:36.439569 No keyword with name 'Open Browser' found.
2026-09-23 05:00:36.439580 
2026-09-23 05:00:36.439590 Also teardown failed:
2026-09-23 05:00:36.439599 Several failures occurred:
2026-09-23 05:00:36.439607 
2026-09-23 05:00:36.439616 1) No keyword with name 'Register Keyword To Run On Failure' found.
2026-09-23 05:00:36.439624 
2026-09-23 05:00:36.439632 2) No keyword with name 'Close Browser' found. Did you mean:
2026-09-23 05:00:36.439640     common.Close Test Browser
2026-09-23 05:00:36.439648 ------------------------------------------------------------------------------
2026-09-23 05:00:36.439656 Suites.Cart.TC13 verify product quantity :: TC13 - Verify Product ... | FAIL |
2026-09-23 05:00:36.440147 1 test, 0 passed, 1 failed
2026-09-23 05:00:36.440160 ==============================================================================
2026-09-23 05:00:36.440168 Suites.Cart                                                           | FAIL |
2026-09-23 05:00:36.440528 1 test, 0 passed, 1 failed
2026-09-23 05:00:36.440606 ==============================================================================
2026-09-23 05:00:36.440616 Suites                                                                | FAIL |
2026-09-23 05:00:36.440850 1 test, 0 passed, 1 failed
2026-09-23 05:00:36.440860 ==============================================================================
2026-09-23 05:00:36.440867 Output:  /home/runner/work/engg-robot-testing-framework/engg-robot-testing-framework/reports/pabot_results/6/output.xml
