2026-08-14 03:06:18.544604 ==============================================================================
2026-08-14 03:06:18.565231 Suites
2026-08-14 03:06:18.565250 ==============================================================================
2026-08-14 03:06:18.565267 Suites.Auth
2026-08-14 03:06:18.566185 ==============================================================================
2026-08-14 03:06:18.566204 Suites.Auth.TC02 login valid
2026-08-14 03:06:18.566204 [ ERROR ] Error in file '/home/runner/work/engg-robot-testing-framework/engg-robot-testing-framework/tests/auth/TC02_login_valid.robot' on line 2: Importing library 'playwright_keyword_library.PlaywrightKeywordLibrary' failed: ModuleNotFoundError: No module named 'playwright_keyword_library'
2026-08-14 03:06:18.585549 ==============================================================================
2026-08-14 03:06:18.585549 Traceback (most recent call last):
2026-08-14 03:06:18.585572   None
2026-08-14 03:06:18.635677 PYTHONPATH:
2026-08-14 03:06:18.685776   /opt/hostedtoolcache/Python/3.11.15/x64/bin
2026-08-14 03:06:18.735876   /opt/hostedtoolcache/Python/3.11.15/x64/lib/python311.zip
2026-08-14 03:06:18.785975   /opt/hostedtoolcache/Python/3.11.15/x64/lib/python3.11
2026-08-14 03:06:18.836115   /opt/hostedtoolcache/Python/3.11.15/x64/lib/python3.11/lib-dynload
2026-08-14 03:06:18.886272   /opt/hostedtoolcache/Python/3.11.15/x64/lib/python3.11/site-packages
2026-08-14 03:06:18.936465 [ ERROR ] Error in file '/home/runner/work/engg-robot-testing-framework/engg-robot-testing-framework/resources/auth_keywords.resource' on line 2: Importing library 'playwright_keyword_library.PlaywrightKeywordLibrary' failed: ModuleNotFoundError: No module named 'playwright_keyword_library'
2026-08-14 03:06:18.986790 Traceback (most recent call last):
2026-08-14 03:06:19.037011   None
2026-08-14 03:06:19.087305 PYTHONPATH:
2026-08-14 03:06:19.137531   /opt/hostedtoolcache/Python/3.11.15/x64/bin
2026-08-14 03:06:19.187853   /opt/hostedtoolcache/Python/3.11.15/x64/lib/python311.zip
2026-08-14 03:06:19.238088   /opt/hostedtoolcache/Python/3.11.15/x64/lib/python3.11
2026-08-14 03:06:19.288395   /opt/hostedtoolcache/Python/3.11.15/x64/lib/python3.11/lib-dynload
2026-08-14 03:06:19.338633   /opt/hostedtoolcache/Python/3.11.15/x64/lib/python3.11/site-packages
2026-08-14 03:06:19.388953 [ ERROR ] Error in file '/home/runner/work/engg-robot-testing-framework/engg-robot-testing-framework/resources/common.resource' on line 4: Importing library 'playwright_keyword_library.PlaywrightKeywordLibrary' failed: ModuleNotFoundError: No module named 'playwright_keyword_library'
2026-08-14 03:06:19.439161 Traceback (most recent call last):
2026-08-14 03:06:19.489477   None
2026-08-14 03:06:19.539706 PYTHONPATH:
2026-08-14 03:06:19.590027   /opt/hostedtoolcache/Python/3.11.15/x64/bin
2026-08-14 03:06:19.640250   /opt/hostedtoolcache/Python/3.11.15/x64/lib/python311.zip
2026-08-14 03:06:19.690595   /opt/hostedtoolcache/Python/3.11.15/x64/lib/python3.11
2026-08-14 03:06:19.740854   /opt/hostedtoolcache/Python/3.11.15/x64/lib/python3.11/lib-dynload
2026-08-14 03:06:19.791078   /opt/hostedtoolcache/Python/3.11.15/x64/lib/python3.11/site-packages
2026-08-14 03:06:28.565896 TC02 Login User With Correct Email And Password                       | FAIL |
2026-08-14 03:06:28.596153 Setup failed:
2026-08-14 03:06:28.596173 No keyword with name 'Open Browser' found.
2026-08-14 03:06:28.596188 
2026-08-14 03:06:28.596201 Also teardown failed:
2026-08-14 03:06:28.596216 Several failures occurred:
2026-08-14 03:06:28.596230 
2026-08-14 03:06:28.596243 1) No keyword with name 'Register Keyword To Run On Failure' found.
2026-08-14 03:06:28.596257 
2026-08-14 03:06:28.596269 2) No keyword with name 'Close Browser' found. Did you mean:
2026-08-14 03:06:28.596282     common.Close Test Browser
2026-08-14 03:06:28.596295 ------------------------------------------------------------------------------
2026-08-14 03:06:28.596308 Suites.Auth.TC02 login valid                                          | FAIL |
2026-08-14 03:06:28.596834 1 test, 0 passed, 1 failed
2026-08-14 03:06:28.596908 ==============================================================================
2026-08-14 03:06:28.596925 Suites.Auth                                                           | FAIL |
2026-08-14 03:06:28.599151 1 test, 0 passed, 1 failed
2026-08-14 03:06:28.599167 ==============================================================================
2026-08-14 03:06:28.599178 Suites                                                                | FAIL |
2026-08-14 03:06:28.599189 1 test, 0 passed, 1 failed
2026-08-14 03:06:28.599201 ==============================================================================
2026-08-14 03:06:28.599213 Output:  /home/runner/work/engg-robot-testing-framework/engg-robot-testing-framework/reports/pabot_results/1/output.xml
