2026-06-28 05:02:16.821215 ==============================================================================
2026-06-28 05:02:16.852273 Suites
2026-06-28 05:02:16.852293 ==============================================================================
2026-06-28 05:02:16.852307 Suites.Auth
2026-06-28 05:02:16.853104 ==============================================================================
2026-06-28 05:02:16.853121 Suites.Auth.TC05 register existing email
2026-06-28 05:02:16.853121 [ ERROR ] Error in file '/home/runner/work/engg-robot-testing-framework/engg-robot-testing-framework/tests/auth/TC05_register_existing_email.robot' on line 2: Importing library 'playwright_keyword_library.PlaywrightKeywordLibrary' failed: ModuleNotFoundError: No module named 'playwright_keyword_library'
2026-06-28 05:02:16.871847 ==============================================================================
2026-06-28 05:02:16.871847 Traceback (most recent call last):
2026-06-28 05:02:16.871874   None
2026-06-28 05:02:16.921996 PYTHONPATH:
2026-06-28 05:02:16.972112   /opt/hostedtoolcache/Python/3.11.15/x64/bin
2026-06-28 05:02:17.022257   /opt/hostedtoolcache/Python/3.11.15/x64/lib/python311.zip
2026-06-28 05:02:17.072408   /opt/hostedtoolcache/Python/3.11.15/x64/lib/python3.11
2026-06-28 05:02:17.122517   /opt/hostedtoolcache/Python/3.11.15/x64/lib/python3.11/lib-dynload
2026-06-28 05:02:17.172624   /opt/hostedtoolcache/Python/3.11.15/x64/lib/python3.11/site-packages
2026-06-28 05:02:17.222755 [ ERROR ] Error in file '/home/runner/work/engg-robot-testing-framework/engg-robot-testing-framework/resources/auth_keywords.resource' on line 2: Importing library 'playwright_keyword_library.PlaywrightKeywordLibrary' failed: ModuleNotFoundError: No module named 'playwright_keyword_library'
2026-06-28 05:02:17.272914 Traceback (most recent call last):
2026-06-28 05:02:17.323083   None
2026-06-28 05:02:17.373230 PYTHONPATH:
2026-06-28 05:02:17.423381   /opt/hostedtoolcache/Python/3.11.15/x64/bin
2026-06-28 05:02:17.473523   /opt/hostedtoolcache/Python/3.11.15/x64/lib/python311.zip
2026-06-28 05:02:17.523704   /opt/hostedtoolcache/Python/3.11.15/x64/lib/python3.11
2026-06-28 05:02:17.573839   /opt/hostedtoolcache/Python/3.11.15/x64/lib/python3.11/lib-dynload
2026-06-28 05:02:17.623988   /opt/hostedtoolcache/Python/3.11.15/x64/lib/python3.11/site-packages
2026-06-28 05:02:17.674119 [ ERROR ] Error in file '/home/runner/work/engg-robot-testing-framework/engg-robot-testing-framework/resources/common.resource' on line 4: Importing library 'playwright_keyword_library.PlaywrightKeywordLibrary' failed: ModuleNotFoundError: No module named 'playwright_keyword_library'
2026-06-28 05:02:17.724275 Traceback (most recent call last):
2026-06-28 05:02:17.774406   None
2026-06-28 05:02:17.824558 PYTHONPATH:
2026-06-28 05:02:17.874688   /opt/hostedtoolcache/Python/3.11.15/x64/bin
2026-06-28 05:02:17.924839   /opt/hostedtoolcache/Python/3.11.15/x64/lib/python311.zip
2026-06-28 05:02:17.974980   /opt/hostedtoolcache/Python/3.11.15/x64/lib/python3.11
2026-06-28 05:02:18.025134   /opt/hostedtoolcache/Python/3.11.15/x64/lib/python3.11/lib-dynload
2026-06-28 05:02:18.075275   /opt/hostedtoolcache/Python/3.11.15/x64/lib/python3.11/site-packages
2026-06-28 05:02:26.847015 TC05 Register User With Existing Email                                | FAIL |
2026-06-28 05:02:26.881420 Setup failed:
2026-06-28 05:02:26.881436 No keyword with name 'Open Browser' found.
2026-06-28 05:02:26.881446 
2026-06-28 05:02:26.881455 Also teardown failed:
2026-06-28 05:02:26.881463 Several failures occurred:
2026-06-28 05:02:26.881472 
2026-06-28 05:02:26.881486 1) No keyword with name 'Register Keyword To Run On Failure' found.
2026-06-28 05:02:26.881495 
2026-06-28 05:02:26.881506 2) No keyword with name 'Close Browser' found. Did you mean:
2026-06-28 05:02:26.881514     common.Close Test Browser
2026-06-28 05:02:26.881524 ------------------------------------------------------------------------------
2026-06-28 05:02:26.881531 Suites.Auth.TC05 register existing email                              | FAIL |
2026-06-28 05:02:26.882097 1 test, 0 passed, 1 failed
2026-06-28 05:02:26.882154 ==============================================================================
2026-06-28 05:02:26.882163 Suites.Auth                                                           | FAIL |
2026-06-28 05:02:26.882516 1 test, 0 passed, 1 failed
2026-06-28 05:02:26.882613 ==============================================================================
2026-06-28 05:02:26.882623 Suites                                                                | FAIL |
2026-06-28 05:02:26.882936 1 test, 0 passed, 1 failed
2026-06-28 05:02:26.882950 ==============================================================================
2026-06-28 05:02:26.882957 Output:  /home/runner/work/engg-robot-testing-framework/engg-robot-testing-framework/reports/pabot_results/4/output.xml
