2026-10-07 06:18:48.570714 ==============================================================================
2026-10-07 06:18:48.589400 Suites
2026-10-07 06:18:48.589419 ==============================================================================
2026-10-07 06:18:48.589434 Suites.Cart
2026-10-07 06:18:48.590180 ==============================================================================
2026-10-07 06:18:48.590198 Suites.Cart.TC13 verify product quantity :: TC13 - Verify Product Quantity ...
2026-10-07 06:18:48.590198 [ ERROR ] Error in file '/home/runner/work/engg-robot-testing-framework/engg-robot-testing-framework/resources/common.resource' on line 4: Importing library 'playwright_keyword_library.PlaywrightKeywordLibrary' failed: ModuleNotFoundError: No module named 'playwright_keyword_library'
2026-10-07 06:18:48.621497 ==============================================================================
2026-10-07 06:18:48.621497 Traceback (most recent call last):
2026-10-07 06:18:48.621523   None
2026-10-07 06:18:48.671667 PYTHONPATH:
2026-10-07 06:18:48.721770   /opt/hostedtoolcache/Python/3.11.16/x64/bin
2026-10-07 06:18:48.771887   /opt/hostedtoolcache/Python/3.11.16/x64/lib/python311.zip
2026-10-07 06:18:48.821992   /opt/hostedtoolcache/Python/3.11.16/x64/lib/python3.11
2026-10-07 06:18:48.872112   /opt/hostedtoolcache/Python/3.11.16/x64/lib/python3.11/lib-dynload
2026-10-07 06:18:48.922218   /opt/hostedtoolcache/Python/3.11.16/x64/lib/python3.11/site-packages
2026-10-07 06:18:48.972367 [ ERROR ] Error in file '/home/runner/work/engg-robot-testing-framework/engg-robot-testing-framework/resources/product_keywords.resource' on line 2: Importing library 'playwright_keyword_library.PlaywrightKeywordLibrary' failed: ModuleNotFoundError: No module named 'playwright_keyword_library'
2026-10-07 06:18:49.022469 Traceback (most recent call last):
2026-10-07 06:18:49.072626   None
2026-10-07 06:18:49.122730 PYTHONPATH:
2026-10-07 06:18:49.172885   /opt/hostedtoolcache/Python/3.11.16/x64/bin
2026-10-07 06:18:49.223021   /opt/hostedtoolcache/Python/3.11.16/x64/lib/python311.zip
2026-10-07 06:18:49.273226   /opt/hostedtoolcache/Python/3.11.16/x64/lib/python3.11
2026-10-07 06:18:49.323351   /opt/hostedtoolcache/Python/3.11.16/x64/lib/python3.11/lib-dynload
2026-10-07 06:18:49.373540   /opt/hostedtoolcache/Python/3.11.16/x64/lib/python3.11/site-packages
2026-10-07 06:18:49.423649 [ ERROR ] Error in file '/home/runner/work/engg-robot-testing-framework/engg-robot-testing-framework/resources/cart_keywords.resource' on line 2: Importing library 'playwright_keyword_library.PlaywrightKeywordLibrary' failed: ModuleNotFoundError: No module named 'playwright_keyword_library'
2026-10-07 06:18:49.473798 Traceback (most recent call last):
2026-10-07 06:18:49.523932   None
2026-10-07 06:18:49.574073 PYTHONPATH:
2026-10-07 06:18:49.624230   /opt/hostedtoolcache/Python/3.11.16/x64/bin
2026-10-07 06:18:49.674382   /opt/hostedtoolcache/Python/3.11.16/x64/lib/python311.zip
2026-10-07 06:18:49.724500   /opt/hostedtoolcache/Python/3.11.16/x64/lib/python3.11
2026-10-07 06:18:49.774649   /opt/hostedtoolcache/Python/3.11.16/x64/lib/python3.11/lib-dynload
2026-10-07 06:18:49.824751   /opt/hostedtoolcache/Python/3.11.16/x64/lib/python3.11/site-packages
2026-10-07 06:18:58.598002 TC13 Verify Product Quantity In Cart                                  | FAIL |
2026-10-07 06:18:58.632908 Setup failed:
2026-10-07 06:18:58.632920 No keyword with name 'Open Browser' found.
2026-10-07 06:18:58.632928 
2026-10-07 06:18:58.632935 Also teardown failed:
2026-10-07 06:18:58.632942 Several failures occurred:
2026-10-07 06:18:58.632949 
2026-10-07 06:18:58.632956 1) No keyword with name 'Register Keyword To Run On Failure' found.
2026-10-07 06:18:58.632963 
2026-10-07 06:18:58.632970 2) No keyword with name 'Close Browser' found. Did you mean:
2026-10-07 06:18:58.632976     common.Close Test Browser
2026-10-07 06:18:58.632983 ------------------------------------------------------------------------------
2026-10-07 06:18:58.632989 Suites.Cart.TC13 verify product quantity :: TC13 - Verify Product ... | FAIL |
2026-10-07 06:18:58.633493 1 test, 0 passed, 1 failed
2026-10-07 06:18:58.633556 ==============================================================================
2026-10-07 06:18:58.633565 Suites.Cart                                                           | FAIL |
2026-10-07 06:18:58.633855 1 test, 0 passed, 1 failed
2026-10-07 06:18:58.633914 ==============================================================================
2026-10-07 06:18:58.633922 Suites                                                                | FAIL |
2026-10-07 06:18:58.634348 1 test, 0 passed, 1 failed
2026-10-07 06:18:58.634390 ==============================================================================
2026-10-07 06:18:58.634397 Output:  /home/runner/work/engg-robot-testing-framework/engg-robot-testing-framework/reports/pabot_results/6/output.xml
