2026-08-17 02:03:50.737676 ==============================================================================
2026-08-17 02:03:50.751167 Suites
2026-08-17 02:03:50.751190 ==============================================================================
2026-08-17 02:03:50.751240 Suites.Auth
2026-08-17 02:03:50.752056 ==============================================================================
2026-08-17 02:03:50.752069 Suites.Auth.TC03 login invalid
2026-08-17 02:03:50.752069 [ ERROR ] Error in file '/home/runner/work/engg-robot-testing-framework/engg-robot-testing-framework/tests/auth/TC03_login_invalid.robot' on line 2: Importing library 'playwright_keyword_library.PlaywrightKeywordLibrary' failed: ModuleNotFoundError: No module named 'playwright_keyword_library'
2026-08-17 02:03:50.769298 ==============================================================================
2026-08-17 02:03:50.769298 Traceback (most recent call last):
2026-08-17 02:03:50.769340   None
2026-08-17 02:03:50.819428 PYTHONPATH:
2026-08-17 02:03:50.869558   /opt/hostedtoolcache/Python/3.11.15/x64/bin
2026-08-17 02:03:50.919692   /opt/hostedtoolcache/Python/3.11.15/x64/lib/python311.zip
2026-08-17 02:03:50.969825   /opt/hostedtoolcache/Python/3.11.15/x64/lib/python3.11
2026-08-17 02:03:51.019916   /opt/hostedtoolcache/Python/3.11.15/x64/lib/python3.11/lib-dynload
2026-08-17 02:03:51.070004   /opt/hostedtoolcache/Python/3.11.15/x64/lib/python3.11/site-packages
2026-08-17 02:03:51.120092 [ ERROR ] Error in file '/home/runner/work/engg-robot-testing-framework/engg-robot-testing-framework/resources/auth_keywords.resource' on line 2: Importing library 'playwright_keyword_library.PlaywrightKeywordLibrary' failed: ModuleNotFoundError: No module named 'playwright_keyword_library'
2026-08-17 02:03:51.170177 Traceback (most recent call last):
2026-08-17 02:03:51.220360   None
2026-08-17 02:03:51.270612 PYTHONPATH:
2026-08-17 02:03:51.320828   /opt/hostedtoolcache/Python/3.11.15/x64/bin
2026-08-17 02:03:51.371087   /opt/hostedtoolcache/Python/3.11.15/x64/lib/python311.zip
2026-08-17 02:03:51.421277   /opt/hostedtoolcache/Python/3.11.15/x64/lib/python3.11
2026-08-17 02:03:51.471519   /opt/hostedtoolcache/Python/3.11.15/x64/lib/python3.11/lib-dynload
2026-08-17 02:03:51.521709   /opt/hostedtoolcache/Python/3.11.15/x64/lib/python3.11/site-packages
2026-08-17 02:03:51.571958 [ ERROR ] Error in file '/home/runner/work/engg-robot-testing-framework/engg-robot-testing-framework/resources/common.resource' on line 4: Importing library 'playwright_keyword_library.PlaywrightKeywordLibrary' failed: ModuleNotFoundError: No module named 'playwright_keyword_library'
2026-08-17 02:03:51.622132 Traceback (most recent call last):
2026-08-17 02:03:51.672435   None
2026-08-17 02:03:51.722622 PYTHONPATH:
2026-08-17 02:03:51.772877   /opt/hostedtoolcache/Python/3.11.15/x64/bin
2026-08-17 02:03:51.823050   /opt/hostedtoolcache/Python/3.11.15/x64/lib/python311.zip
2026-08-17 02:03:51.873321   /opt/hostedtoolcache/Python/3.11.15/x64/lib/python3.11
2026-08-17 02:03:51.923484   /opt/hostedtoolcache/Python/3.11.15/x64/lib/python3.11/lib-dynload
2026-08-17 02:03:51.973742   /opt/hostedtoolcache/Python/3.11.15/x64/lib/python3.11/site-packages
2026-08-17 02:04:00.749613 TC03 Login User With Incorrect Email And Password                     | FAIL |
2026-08-17 02:04:00.778728 Setup failed:
2026-08-17 02:04:00.778741 No keyword with name 'Open Browser' found.
2026-08-17 02:04:00.778753 
2026-08-17 02:04:00.778764 Also teardown failed:
2026-08-17 02:04:00.778776 Several failures occurred:
2026-08-17 02:04:00.778787 
2026-08-17 02:04:00.778798 1) No keyword with name 'Register Keyword To Run On Failure' found.
2026-08-17 02:04:00.778810 
2026-08-17 02:04:00.778820 2) No keyword with name 'Close Browser' found. Did you mean:
2026-08-17 02:04:00.778831     common.Close Test Browser
2026-08-17 02:04:00.778841 ------------------------------------------------------------------------------
2026-08-17 02:04:00.778851 Suites.Auth.TC03 login invalid                                        | FAIL |
2026-08-17 02:04:00.779489 1 test, 0 passed, 1 failed
2026-08-17 02:04:00.779499 ==============================================================================
2026-08-17 02:04:00.779510 Suites.Auth                                                           | FAIL |
2026-08-17 02:04:00.779815 1 test, 0 passed, 1 failed
2026-08-17 02:04:00.779873 ==============================================================================
2026-08-17 02:04:00.779885 Suites                                                                | FAIL |
2026-08-17 02:04:00.780173 1 test, 0 passed, 1 failed
2026-08-17 02:04:00.780189 ==============================================================================
2026-08-17 02:04:00.780200 Output:  /home/runner/work/engg-robot-testing-framework/engg-robot-testing-framework/reports/pabot_results/2/output.xml
