2026-08-13 03:08:16.161232 ==============================================================================
2026-08-13 03:08:16.170872 Suites
2026-08-13 03:08:16.170894 ==============================================================================
2026-08-13 03:08:16.170906 Suites.Cart
2026-08-13 03:08:16.171679 ==============================================================================
2026-08-13 03:08:16.171695 Suites.Cart.TC17 remove products from cart :: TC17 - Remove Products From Cart
2026-08-13 03:08:16.171695 [ ERROR ] Error in file '/home/runner/work/engg-robot-testing-framework/engg-robot-testing-framework/resources/common.resource' on line 4: Importing library 'playwright_keyword_library.PlaywrightKeywordLibrary' failed: ModuleNotFoundError: No module named 'playwright_keyword_library'
2026-08-13 03:08:16.199943 ==============================================================================
2026-08-13 03:08:16.199943 Traceback (most recent call last):
2026-08-13 03:08:16.199966   None
2026-08-13 03:08:16.250084 PYTHONPATH:
2026-08-13 03:08:16.300188   /opt/hostedtoolcache/Python/3.11.15/x64/bin
2026-08-13 03:08:16.350305   /opt/hostedtoolcache/Python/3.11.15/x64/lib/python311.zip
2026-08-13 03:08:16.400400   /opt/hostedtoolcache/Python/3.11.15/x64/lib/python3.11
2026-08-13 03:08:16.450703   /opt/hostedtoolcache/Python/3.11.15/x64/lib/python3.11/lib-dynload
2026-08-13 03:08:16.500850   /opt/hostedtoolcache/Python/3.11.15/x64/lib/python3.11/site-packages
2026-08-13 03:08:16.551034 [ ERROR ] Error in file '/home/runner/work/engg-robot-testing-framework/engg-robot-testing-framework/resources/product_keywords.resource' on line 2: Importing library 'playwright_keyword_library.PlaywrightKeywordLibrary' failed: ModuleNotFoundError: No module named 'playwright_keyword_library'
2026-08-13 03:08:16.601164 Traceback (most recent call last):
2026-08-13 03:08:16.651303   None
2026-08-13 03:08:16.701424 PYTHONPATH:
2026-08-13 03:08:16.751539   /opt/hostedtoolcache/Python/3.11.15/x64/bin
2026-08-13 03:08:16.801658   /opt/hostedtoolcache/Python/3.11.15/x64/lib/python311.zip
2026-08-13 03:08:16.851777   /opt/hostedtoolcache/Python/3.11.15/x64/lib/python3.11
2026-08-13 03:08:16.901900   /opt/hostedtoolcache/Python/3.11.15/x64/lib/python3.11/lib-dynload
2026-08-13 03:08:16.952006   /opt/hostedtoolcache/Python/3.11.15/x64/lib/python3.11/site-packages
2026-08-13 03:08:17.002123 [ ERROR ] Error in file '/home/runner/work/engg-robot-testing-framework/engg-robot-testing-framework/resources/cart_keywords.resource' on line 2: Importing library 'playwright_keyword_library.PlaywrightKeywordLibrary' failed: ModuleNotFoundError: No module named 'playwright_keyword_library'
2026-08-13 03:08:17.052240 Traceback (most recent call last):
2026-08-13 03:08:17.102357   None
2026-08-13 03:08:17.152477 PYTHONPATH:
2026-08-13 03:08:17.202633   /opt/hostedtoolcache/Python/3.11.15/x64/bin
2026-08-13 03:08:17.252807   /opt/hostedtoolcache/Python/3.11.15/x64/lib/python311.zip
2026-08-13 03:08:17.303001   /opt/hostedtoolcache/Python/3.11.15/x64/lib/python3.11
2026-08-13 03:08:17.353181   /opt/hostedtoolcache/Python/3.11.15/x64/lib/python3.11/lib-dynload
2026-08-13 03:08:17.403346   /opt/hostedtoolcache/Python/3.11.15/x64/lib/python3.11/site-packages
2026-08-13 03:08:26.174610 TC17 Remove Products From Cart                                        | FAIL |
2026-08-13 03:08:26.210678 Setup failed:
2026-08-13 03:08:26.210698 No keyword with name 'Open Browser' found.
2026-08-13 03:08:26.210712 
2026-08-13 03:08:26.210726 Also teardown failed:
2026-08-13 03:08:26.210739 Several failures occurred:
2026-08-13 03:08:26.210751 
2026-08-13 03:08:26.210763 1) No keyword with name 'Register Keyword To Run On Failure' found.
2026-08-13 03:08:26.210774 
2026-08-13 03:08:26.210786 2) No keyword with name 'Close Browser' found. Did you mean:
2026-08-13 03:08:26.210797     common.Close Test Browser
2026-08-13 03:08:26.210809 ------------------------------------------------------------------------------
2026-08-13 03:08:26.210841 Suites.Cart.TC17 remove products from cart :: TC17 - Remove Produc... | FAIL |
2026-08-13 03:08:26.211389 1 test, 0 passed, 1 failed
2026-08-13 03:08:26.211412 ==============================================================================
2026-08-13 03:08:26.211475 Suites.Cart                                                           | FAIL |
2026-08-13 03:08:26.211799 1 test, 0 passed, 1 failed
2026-08-13 03:08:26.211861 ==============================================================================
2026-08-13 03:08:26.211876 Suites                                                                | FAIL |
2026-08-13 03:08:26.212193 1 test, 0 passed, 1 failed
2026-08-13 03:08:26.212254 ==============================================================================
2026-08-13 03:08:26.212268 Output:  /home/runner/work/engg-robot-testing-framework/engg-robot-testing-framework/reports/pabot_results/7/output.xml
