2026-10-02 06:00:06.822477 ==============================================================================
2026-10-02 06:00:06.852021 Suites
2026-10-02 06:00:06.852039 ==============================================================================
2026-10-02 06:00:06.852049 Suites.Cart
2026-10-02 06:00:06.852595 ==============================================================================
2026-10-02 06:00:06.852607 Suites.Cart.TC12 add products to cart :: TC12 - Add Products In Cart
2026-10-02 06:00:06.852607 [ ERROR ] Error in file '/home/runner/work/engg-robot-testing-framework/engg-robot-testing-framework/resources/common.resource' on line 4: Importing library 'playwright_keyword_library.PlaywrightKeywordLibrary' failed: ModuleNotFoundError: No module named 'playwright_keyword_library'
2026-10-02 06:00:06.873803 ==============================================================================
2026-10-02 06:00:06.873803 Traceback (most recent call last):
2026-10-02 06:00:06.873821   None
2026-10-02 06:00:06.923926 PYTHONPATH:
2026-10-02 06:00:06.974052   /opt/hostedtoolcache/Python/3.11.16/x64/bin
2026-10-02 06:00:07.024177   /opt/hostedtoolcache/Python/3.11.16/x64/lib/python311.zip
2026-10-02 06:00:07.074270   /opt/hostedtoolcache/Python/3.11.16/x64/lib/python3.11
2026-10-02 06:00:07.124352   /opt/hostedtoolcache/Python/3.11.16/x64/lib/python3.11/lib-dynload
2026-10-02 06:00:07.174477   /opt/hostedtoolcache/Python/3.11.16/x64/lib/python3.11/site-packages
2026-10-02 06:00:07.224563 [ ERROR ] Error in file '/home/runner/work/engg-robot-testing-framework/engg-robot-testing-framework/resources/product_keywords.resource' on line 2: Importing library 'playwright_keyword_library.PlaywrightKeywordLibrary' failed: ModuleNotFoundError: No module named 'playwright_keyword_library'
2026-10-02 06:00:07.274682 Traceback (most recent call last):
2026-10-02 06:00:07.324808   None
2026-10-02 06:00:07.374942 PYTHONPATH:
2026-10-02 06:00:07.425027   /opt/hostedtoolcache/Python/3.11.16/x64/bin
2026-10-02 06:00:07.475156   /opt/hostedtoolcache/Python/3.11.16/x64/lib/python311.zip
2026-10-02 06:00:07.525241   /opt/hostedtoolcache/Python/3.11.16/x64/lib/python3.11
2026-10-02 06:00:07.575362   /opt/hostedtoolcache/Python/3.11.16/x64/lib/python3.11/lib-dynload
2026-10-02 06:00:07.625481   /opt/hostedtoolcache/Python/3.11.16/x64/lib/python3.11/site-packages
2026-10-02 06:00:07.675603 [ ERROR ] Error in file '/home/runner/work/engg-robot-testing-framework/engg-robot-testing-framework/resources/cart_keywords.resource' on line 2: Importing library 'playwright_keyword_library.PlaywrightKeywordLibrary' failed: ModuleNotFoundError: No module named 'playwright_keyword_library'
2026-10-02 06:00:07.725721 Traceback (most recent call last):
2026-10-02 06:00:07.775840   None
2026-10-02 06:00:07.825956 PYTHONPATH:
2026-10-02 06:00:07.876042   /opt/hostedtoolcache/Python/3.11.16/x64/bin
2026-10-02 06:00:07.926122   /opt/hostedtoolcache/Python/3.11.16/x64/lib/python311.zip
2026-10-02 06:00:07.976213   /opt/hostedtoolcache/Python/3.11.16/x64/lib/python3.11
2026-10-02 06:00:08.026296   /opt/hostedtoolcache/Python/3.11.16/x64/lib/python3.11/lib-dynload
2026-10-02 06:00:08.076421   /opt/hostedtoolcache/Python/3.11.16/x64/lib/python3.11/site-packages
2026-10-02 06:00:16.846473 TC12 Add Products In Cart                                             | FAIL |
2026-10-02 06:00:16.882456 Setup failed:
2026-10-02 06:00:16.882466 No keyword with name 'Open Browser' found.
2026-10-02 06:00:16.882472 
2026-10-02 06:00:16.882478 Also teardown failed:
2026-10-02 06:00:16.882483 Several failures occurred:
2026-10-02 06:00:16.882488 
2026-10-02 06:00:16.882494 1) No keyword with name 'Register Keyword To Run On Failure' found.
2026-10-02 06:00:16.882500 
2026-10-02 06:00:16.882506 2) No keyword with name 'Close Browser' found. Did you mean:
2026-10-02 06:00:16.882511     common.Close Test Browser
2026-10-02 06:00:16.882516 ------------------------------------------------------------------------------
2026-10-02 06:00:16.882522 Suites.Cart.TC12 add products to cart :: TC12 - Add Products In Cart  | FAIL |
2026-10-02 06:00:16.883044 1 test, 0 passed, 1 failed
2026-10-02 06:00:16.883079 ==============================================================================
2026-10-02 06:00:16.883085 Suites.Cart                                                           | FAIL |
2026-10-02 06:00:16.883393 1 test, 0 passed, 1 failed
2026-10-02 06:00:16.883424 ==============================================================================
2026-10-02 06:00:16.883430 Suites                                                                | FAIL |
2026-10-02 06:00:16.883663 1 test, 0 passed, 1 failed
2026-10-02 06:00:16.883684 ==============================================================================
2026-10-02 06:00:16.883690 Output:  /home/runner/work/engg-robot-testing-framework/engg-robot-testing-framework/reports/pabot_results/5/output.xml
