2026-07-18 03:41:42.638219 ==============================================================================
2026-07-18 03:41:42.656644 Suites
2026-07-18 03:41:42.656663 ==============================================================================
2026-07-18 03:41:42.656677 Suites.Cart
2026-07-18 03:41:42.657420 ==============================================================================
2026-07-18 03:41:42.657437 Suites.Cart.TC17 remove products from cart :: TC17 - Remove Products From Cart
2026-07-18 03:41:42.657437 [ ERROR ] Error in file '/home/runner/work/engg-robot-testing-framework/engg-robot-testing-framework/resources/common.resource' on line 4: Importing library 'playwright_keyword_library.PlaywrightKeywordLibrary' failed: ModuleNotFoundError: No module named 'playwright_keyword_library'
2026-07-18 03:41:42.684112 ==============================================================================
2026-07-18 03:41:42.684112 Traceback (most recent call last):
2026-07-18 03:41:42.684134   None
2026-07-18 03:41:42.734255 PYTHONPATH:
2026-07-18 03:41:42.784391   /opt/hostedtoolcache/Python/3.11.15/x64/bin
2026-07-18 03:41:42.834537   /opt/hostedtoolcache/Python/3.11.15/x64/lib/python311.zip
2026-07-18 03:41:42.884680   /opt/hostedtoolcache/Python/3.11.15/x64/lib/python3.11
2026-07-18 03:41:42.934827   /opt/hostedtoolcache/Python/3.11.15/x64/lib/python3.11/lib-dynload
2026-07-18 03:41:42.984972   /opt/hostedtoolcache/Python/3.11.15/x64/lib/python3.11/site-packages
2026-07-18 03:41:43.035112 [ ERROR ] Error in file '/home/runner/work/engg-robot-testing-framework/engg-robot-testing-framework/resources/product_keywords.resource' on line 2: Importing library 'playwright_keyword_library.PlaywrightKeywordLibrary' failed: ModuleNotFoundError: No module named 'playwright_keyword_library'
2026-07-18 03:41:43.085263 Traceback (most recent call last):
2026-07-18 03:41:43.135408   None
2026-07-18 03:41:43.185550 PYTHONPATH:
2026-07-18 03:41:43.235698   /opt/hostedtoolcache/Python/3.11.15/x64/bin
2026-07-18 03:41:43.285838   /opt/hostedtoolcache/Python/3.11.15/x64/lib/python311.zip
2026-07-18 03:41:43.335983   /opt/hostedtoolcache/Python/3.11.15/x64/lib/python3.11
2026-07-18 03:41:43.386139   /opt/hostedtoolcache/Python/3.11.15/x64/lib/python3.11/lib-dynload
2026-07-18 03:41:43.436294   /opt/hostedtoolcache/Python/3.11.15/x64/lib/python3.11/site-packages
2026-07-18 03:41:43.486439 [ ERROR ] Error in file '/home/runner/work/engg-robot-testing-framework/engg-robot-testing-framework/resources/cart_keywords.resource' on line 2: Importing library 'playwright_keyword_library.PlaywrightKeywordLibrary' failed: ModuleNotFoundError: No module named 'playwright_keyword_library'
2026-07-18 03:41:43.536581 Traceback (most recent call last):
2026-07-18 03:41:43.586725   None
2026-07-18 03:41:43.636866 PYTHONPATH:
2026-07-18 03:41:43.687013   /opt/hostedtoolcache/Python/3.11.15/x64/bin
2026-07-18 03:41:43.737150   /opt/hostedtoolcache/Python/3.11.15/x64/lib/python311.zip
2026-07-18 03:41:43.787295   /opt/hostedtoolcache/Python/3.11.15/x64/lib/python3.11
2026-07-18 03:41:43.837437   /opt/hostedtoolcache/Python/3.11.15/x64/lib/python3.11/lib-dynload
2026-07-18 03:41:43.887583   /opt/hostedtoolcache/Python/3.11.15/x64/lib/python3.11/site-packages
2026-07-18 03:41:52.656902 TC17 Remove Products From Cart                                        | FAIL |
2026-07-18 03:41:52.695208 Setup failed:
2026-07-18 03:41:52.695228 No keyword with name 'Open Browser' found.
2026-07-18 03:41:52.695241 
2026-07-18 03:41:52.695279 Also teardown failed:
2026-07-18 03:41:52.695289 Several failures occurred:
2026-07-18 03:41:52.695298 
2026-07-18 03:41:52.695308 1) No keyword with name 'Register Keyword To Run On Failure' found.
2026-07-18 03:41:52.695317 
2026-07-18 03:41:52.695325 2) No keyword with name 'Close Browser' found. Did you mean:
2026-07-18 03:41:52.695334     common.Close Test Browser
2026-07-18 03:41:52.695343 ------------------------------------------------------------------------------
2026-07-18 03:41:52.695352 Suites.Cart.TC17 remove products from cart :: TC17 - Remove Produc... | FAIL |
2026-07-18 03:41:52.695869 1 test, 0 passed, 1 failed
2026-07-18 03:41:52.695881 ==============================================================================
2026-07-18 03:41:52.695891 Suites.Cart                                                           | FAIL |
2026-07-18 03:41:52.696205 1 test, 0 passed, 1 failed
2026-07-18 03:41:52.696250 ==============================================================================
2026-07-18 03:41:52.696260 Suites                                                                | FAIL |
2026-07-18 03:41:52.696517 1 test, 0 passed, 1 failed
2026-07-18 03:41:52.696559 ==============================================================================
2026-07-18 03:41:52.696570 Output:  /home/runner/work/engg-robot-testing-framework/engg-robot-testing-framework/reports/pabot_results/7/output.xml
