2026-09-17 05:08:04.983609 ==============================================================================
2026-09-17 05:08:05.007023 Suites
2026-09-17 05:08:05.007051 ==============================================================================
2026-09-17 05:08:05.007215 Suites.Cart
2026-09-17 05:08:05.008087 ==============================================================================
2026-09-17 05:08:05.008122 Suites.Cart.TC17 remove products from cart :: TC17 - Remove Products From Cart
2026-09-17 05:08:05.008122 [ ERROR ] Error in file '/home/runner/work/engg-robot-testing-framework/engg-robot-testing-framework/resources/common.resource' on line 4: Importing library 'playwright_keyword_library.PlaywrightKeywordLibrary' failed: ModuleNotFoundError: No module named 'playwright_keyword_library'
2026-09-17 05:08:05.038882 ==============================================================================
2026-09-17 05:08:05.038882 Traceback (most recent call last):
2026-09-17 05:08:05.038910   None
2026-09-17 05:08:05.089073 PYTHONPATH:
2026-09-17 05:08:05.139202   /opt/hostedtoolcache/Python/3.11.16/x64/bin
2026-09-17 05:08:05.189323   /opt/hostedtoolcache/Python/3.11.16/x64/lib/python311.zip
2026-09-17 05:08:05.239438   /opt/hostedtoolcache/Python/3.11.16/x64/lib/python3.11
2026-09-17 05:08:05.289556   /opt/hostedtoolcache/Python/3.11.16/x64/lib/python3.11/lib-dynload
2026-09-17 05:08:05.339713   /opt/hostedtoolcache/Python/3.11.16/x64/lib/python3.11/site-packages
2026-09-17 05:08:05.389832 [ ERROR ] Error in file '/home/runner/work/engg-robot-testing-framework/engg-robot-testing-framework/resources/product_keywords.resource' on line 2: Importing library 'playwright_keyword_library.PlaywrightKeywordLibrary' failed: ModuleNotFoundError: No module named 'playwright_keyword_library'
2026-09-17 05:08:05.439998 Traceback (most recent call last):
2026-09-17 05:08:05.490178   None
2026-09-17 05:08:05.540332 PYTHONPATH:
2026-09-17 05:08:05.590454   /opt/hostedtoolcache/Python/3.11.16/x64/bin
2026-09-17 05:08:05.640603   /opt/hostedtoolcache/Python/3.11.16/x64/lib/python311.zip
2026-09-17 05:08:05.690751   /opt/hostedtoolcache/Python/3.11.16/x64/lib/python3.11
2026-09-17 05:08:05.740896   /opt/hostedtoolcache/Python/3.11.16/x64/lib/python3.11/lib-dynload
2026-09-17 05:08:05.791013   /opt/hostedtoolcache/Python/3.11.16/x64/lib/python3.11/site-packages
2026-09-17 05:08:05.841155 [ ERROR ] Error in file '/home/runner/work/engg-robot-testing-framework/engg-robot-testing-framework/resources/cart_keywords.resource' on line 2: Importing library 'playwright_keyword_library.PlaywrightKeywordLibrary' failed: ModuleNotFoundError: No module named 'playwright_keyword_library'
2026-09-17 05:08:05.891259 Traceback (most recent call last):
2026-09-17 05:08:05.941389   None
2026-09-17 05:08:05.991506 PYTHONPATH:
2026-09-17 05:08:06.041648   /opt/hostedtoolcache/Python/3.11.16/x64/bin
2026-09-17 05:08:06.091771   /opt/hostedtoolcache/Python/3.11.16/x64/lib/python311.zip
2026-09-17 05:08:06.141935   /opt/hostedtoolcache/Python/3.11.16/x64/lib/python3.11
2026-09-17 05:08:06.192063   /opt/hostedtoolcache/Python/3.11.16/x64/lib/python3.11/lib-dynload
2026-09-17 05:08:06.242208   /opt/hostedtoolcache/Python/3.11.16/x64/lib/python3.11/site-packages
2026-09-17 05:08:15.015153 TC17 Remove Products From Cart                                        | FAIL |
2026-09-17 05:08:15.050351 Setup failed:
2026-09-17 05:08:15.050363 No keyword with name 'Open Browser' found.
2026-09-17 05:08:15.050372 
2026-09-17 05:08:15.050379 Also teardown failed:
2026-09-17 05:08:15.050386 Several failures occurred:
2026-09-17 05:08:15.050393 
2026-09-17 05:08:15.050400 1) No keyword with name 'Register Keyword To Run On Failure' found.
2026-09-17 05:08:15.050408 
2026-09-17 05:08:15.050414 2) No keyword with name 'Close Browser' found. Did you mean:
2026-09-17 05:08:15.050421     common.Close Test Browser
2026-09-17 05:08:15.050428 ------------------------------------------------------------------------------
2026-09-17 05:08:15.050435 Suites.Cart.TC17 remove products from cart :: TC17 - Remove Produc... | FAIL |
2026-09-17 05:08:15.050922 1 test, 0 passed, 1 failed
2026-09-17 05:08:15.050934 ==============================================================================
2026-09-17 05:08:15.050942 Suites.Cart                                                           | FAIL |
2026-09-17 05:08:15.051265 1 test, 0 passed, 1 failed
2026-09-17 05:08:15.051277 ==============================================================================
2026-09-17 05:08:15.051285 Suites                                                                | FAIL |
2026-09-17 05:08:15.051595 1 test, 0 passed, 1 failed
2026-09-17 05:08:15.051682 ==============================================================================
2026-09-17 05:08:15.051698 Output:  /home/runner/work/engg-robot-testing-framework/engg-robot-testing-framework/reports/pabot_results/7/output.xml
