2026-10-05 06:04:12.010014 ==============================================================================
2026-10-05 06:04:12.026526 Suites
2026-10-05 06:04:12.026574 ==============================================================================
2026-10-05 06:04:12.026593 Suites.Cart
2026-10-05 06:04:12.027364 ==============================================================================
2026-10-05 06:04:12.027381 Suites.Cart.TC20 search and verify cart after login :: TC20 - Search Produc...
2026-10-05 06:04:12.027381 [ ERROR ] Error in file '/home/runner/work/engg-robot-testing-framework/engg-robot-testing-framework/tests/cart/TC20_search_and_verify_cart_after_login.robot' on line 3: Importing library 'playwright_keyword_library.PlaywrightKeywordLibrary' failed: ModuleNotFoundError: No module named 'playwright_keyword_library'
2026-10-05 06:04:12.062489 ==============================================================================
2026-10-05 06:04:12.062489 Traceback (most recent call last):
2026-10-05 06:04:12.062520   None
2026-10-05 06:04:12.112648 PYTHONPATH:
2026-10-05 06:04:12.162757   /opt/hostedtoolcache/Python/3.11.16/x64/bin
2026-10-05 06:04:12.212864   /opt/hostedtoolcache/Python/3.11.16/x64/lib/python311.zip
2026-10-05 06:04:12.262998   /opt/hostedtoolcache/Python/3.11.16/x64/lib/python3.11
2026-10-05 06:04:12.313110   /opt/hostedtoolcache/Python/3.11.16/x64/lib/python3.11/lib-dynload
2026-10-05 06:04:12.363217   /opt/hostedtoolcache/Python/3.11.16/x64/lib/python3.11/site-packages
2026-10-05 06:04:12.413374 [ ERROR ] Error in file '/home/runner/work/engg-robot-testing-framework/engg-robot-testing-framework/resources/common.resource' on line 4: Importing library 'playwright_keyword_library.PlaywrightKeywordLibrary' failed: ModuleNotFoundError: No module named 'playwright_keyword_library'
2026-10-05 06:04:12.463537 Traceback (most recent call last):
2026-10-05 06:04:12.513697   None
2026-10-05 06:04:12.563880 PYTHONPATH:
2026-10-05 06:04:12.614042   /opt/hostedtoolcache/Python/3.11.16/x64/bin
2026-10-05 06:04:12.664201   /opt/hostedtoolcache/Python/3.11.16/x64/lib/python311.zip
2026-10-05 06:04:12.714350   /opt/hostedtoolcache/Python/3.11.16/x64/lib/python3.11
2026-10-05 06:04:12.764503   /opt/hostedtoolcache/Python/3.11.16/x64/lib/python3.11/lib-dynload
2026-10-05 06:04:12.814646   /opt/hostedtoolcache/Python/3.11.16/x64/lib/python3.11/site-packages
2026-10-05 06:04:12.864806 [ ERROR ] Error in file '/home/runner/work/engg-robot-testing-framework/engg-robot-testing-framework/resources/product_keywords.resource' on line 2: Importing library 'playwright_keyword_library.PlaywrightKeywordLibrary' failed: ModuleNotFoundError: No module named 'playwright_keyword_library'
2026-10-05 06:04:12.914942 Traceback (most recent call last):
2026-10-05 06:04:12.965099   None
2026-10-05 06:04:13.015258 PYTHONPATH:
2026-10-05 06:04:13.065424   /opt/hostedtoolcache/Python/3.11.16/x64/bin
2026-10-05 06:04:13.115590   /opt/hostedtoolcache/Python/3.11.16/x64/lib/python311.zip
2026-10-05 06:04:13.165750   /opt/hostedtoolcache/Python/3.11.16/x64/lib/python3.11
2026-10-05 06:04:13.215916   /opt/hostedtoolcache/Python/3.11.16/x64/lib/python3.11/lib-dynload
2026-10-05 06:04:13.266074   /opt/hostedtoolcache/Python/3.11.16/x64/lib/python3.11/site-packages
2026-10-05 06:04:13.316227 [ ERROR ] Error in file '/home/runner/work/engg-robot-testing-framework/engg-robot-testing-framework/resources/cart_keywords.resource' on line 2: Importing library 'playwright_keyword_library.PlaywrightKeywordLibrary' failed: ModuleNotFoundError: No module named 'playwright_keyword_library'
2026-10-05 06:04:13.366376 Traceback (most recent call last):
2026-10-05 06:04:13.416536   None
2026-10-05 06:04:13.466694 PYTHONPATH:
2026-10-05 06:04:13.516809   /opt/hostedtoolcache/Python/3.11.16/x64/bin
2026-10-05 06:04:13.566961   /opt/hostedtoolcache/Python/3.11.16/x64/lib/python311.zip
2026-10-05 06:04:13.617122   /opt/hostedtoolcache/Python/3.11.16/x64/lib/python3.11
2026-10-05 06:04:13.667284   /opt/hostedtoolcache/Python/3.11.16/x64/lib/python3.11/lib-dynload
2026-10-05 06:04:13.717386   /opt/hostedtoolcache/Python/3.11.16/x64/lib/python3.11/site-packages
2026-10-05 06:04:13.767541 [ ERROR ] Error in file '/home/runner/work/engg-robot-testing-framework/engg-robot-testing-framework/resources/auth_keywords.resource' on line 2: Importing library 'playwright_keyword_library.PlaywrightKeywordLibrary' failed: ModuleNotFoundError: No module named 'playwright_keyword_library'
2026-10-05 06:04:13.817676 Traceback (most recent call last):
2026-10-05 06:04:13.867831   None
2026-10-05 06:04:13.917991 PYTHONPATH:
2026-10-05 06:04:13.968125   /opt/hostedtoolcache/Python/3.11.16/x64/bin
2026-10-05 06:04:14.018272   /opt/hostedtoolcache/Python/3.11.16/x64/lib/python311.zip
2026-10-05 06:04:14.068405   /opt/hostedtoolcache/Python/3.11.16/x64/lib/python3.11
2026-10-05 06:04:14.118560   /opt/hostedtoolcache/Python/3.11.16/x64/lib/python3.11/lib-dynload
2026-10-05 06:04:14.168715   /opt/hostedtoolcache/Python/3.11.16/x64/lib/python3.11/site-packages
2026-10-05 06:04:22.038381 TC20 Search Products And Verify Cart After Login                      | FAIL |
2026-10-05 06:04:22.074309 Setup failed:
2026-10-05 06:04:22.074329 No keyword with name 'Open Browser' found.
2026-10-05 06:04:22.074343 
2026-10-05 06:04:22.074357 Also teardown failed:
2026-10-05 06:04:22.074371 Several failures occurred:
2026-10-05 06:04:22.074384 
2026-10-05 06:04:22.074396 1) No keyword with name 'Register Keyword To Run On Failure' found.
2026-10-05 06:04:22.074408 
2026-10-05 06:04:22.074420 2) No keyword with name 'Close Browser' found. Did you mean:
2026-10-05 06:04:22.074432     common.Close Test Browser
2026-10-05 06:04:22.074443 ------------------------------------------------------------------------------
2026-10-05 06:04:22.074455 Suites.Cart.TC20 search and verify cart after login :: TC20 - Sear... | FAIL |
2026-10-05 06:04:22.075039 1 test, 0 passed, 1 failed
2026-10-05 06:04:22.075057 ==============================================================================
2026-10-05 06:04:22.075072 Suites.Cart                                                           | FAIL |
2026-10-05 06:04:22.075449 1 test, 0 passed, 1 failed
2026-10-05 06:04:22.075473 ==============================================================================
2026-10-05 06:04:22.075546 Suites                                                                | FAIL |
2026-10-05 06:04:22.075867 1 test, 0 passed, 1 failed
2026-10-05 06:04:22.075883 ==============================================================================
2026-10-05 06:04:22.075896 Output:  /home/runner/work/engg-robot-testing-framework/engg-robot-testing-framework/reports/pabot_results/8/output.xml
