2026-07-12 04:06:23.264650 ==============================================================================
2026-07-12 04:06:23.275811 Suites
2026-07-12 04:06:23.275955 ==============================================================================
2026-07-12 04:06:23.275974 Suites.Auth
2026-07-12 04:06:23.276669 ==============================================================================
2026-07-12 04:06:23.276689 Suites.Auth.TC02 login valid
2026-07-12 04:06:23.276689 [ ERROR ] Error in file '/home/runner/work/engg-robot-testing-framework/engg-robot-testing-framework/tests/auth/TC02_login_valid.robot' on line 2: Importing library 'playwright_keyword_library.PlaywrightKeywordLibrary' failed: ModuleNotFoundError: No module named 'playwright_keyword_library'
2026-07-12 04:06:23.293596 ==============================================================================
2026-07-12 04:06:23.293596 Traceback (most recent call last):
2026-07-12 04:06:23.293620   None
2026-07-12 04:06:23.343766 PYTHONPATH:
2026-07-12 04:06:23.393927   /opt/hostedtoolcache/Python/3.11.15/x64/bin
2026-07-12 04:06:23.444137   /opt/hostedtoolcache/Python/3.11.15/x64/lib/python311.zip
2026-07-12 04:06:23.494392   /opt/hostedtoolcache/Python/3.11.15/x64/lib/python3.11
2026-07-12 04:06:23.544564   /opt/hostedtoolcache/Python/3.11.15/x64/lib/python3.11/lib-dynload
2026-07-12 04:06:23.594821   /opt/hostedtoolcache/Python/3.11.15/x64/lib/python3.11/site-packages
2026-07-12 04:06:23.644999 [ ERROR ] Error in file '/home/runner/work/engg-robot-testing-framework/engg-robot-testing-framework/resources/auth_keywords.resource' on line 2: Importing library 'playwright_keyword_library.PlaywrightKeywordLibrary' failed: ModuleNotFoundError: No module named 'playwright_keyword_library'
2026-07-12 04:06:23.695246 Traceback (most recent call last):
2026-07-12 04:06:23.745422   None
2026-07-12 04:06:23.795606 PYTHONPATH:
2026-07-12 04:06:23.845877   /opt/hostedtoolcache/Python/3.11.15/x64/bin
2026-07-12 04:06:23.896025   /opt/hostedtoolcache/Python/3.11.15/x64/lib/python311.zip
2026-07-12 04:06:23.946265   /opt/hostedtoolcache/Python/3.11.15/x64/lib/python3.11
2026-07-12 04:06:23.996467   /opt/hostedtoolcache/Python/3.11.15/x64/lib/python3.11/lib-dynload
2026-07-12 04:06:24.046687   /opt/hostedtoolcache/Python/3.11.15/x64/lib/python3.11/site-packages
2026-07-12 04:06:24.096883 [ ERROR ] Error in file '/home/runner/work/engg-robot-testing-framework/engg-robot-testing-framework/resources/common.resource' on line 4: Importing library 'playwright_keyword_library.PlaywrightKeywordLibrary' failed: ModuleNotFoundError: No module named 'playwright_keyword_library'
2026-07-12 04:06:24.147117 Traceback (most recent call last):
2026-07-12 04:06:24.197328   None
2026-07-12 04:06:24.247583 PYTHONPATH:
2026-07-12 04:06:24.297779   /opt/hostedtoolcache/Python/3.11.15/x64/bin
2026-07-12 04:06:24.348026   /opt/hostedtoolcache/Python/3.11.15/x64/lib/python311.zip
2026-07-12 04:06:24.398215   /opt/hostedtoolcache/Python/3.11.15/x64/lib/python3.11
2026-07-12 04:06:24.448451   /opt/hostedtoolcache/Python/3.11.15/x64/lib/python3.11/lib-dynload
2026-07-12 04:06:24.498651   /opt/hostedtoolcache/Python/3.11.15/x64/lib/python3.11/site-packages
2026-07-12 04:06:33.275001 TC02 Login User With Correct Email And Password                       | FAIL |
2026-07-12 04:06:33.302706 Setup failed:
2026-07-12 04:06:33.302728 No keyword with name 'Open Browser' found.
2026-07-12 04:06:33.302743 
2026-07-12 04:06:33.302756 Also teardown failed:
2026-07-12 04:06:33.302773 Several failures occurred:
2026-07-12 04:06:33.302786 
2026-07-12 04:06:33.302799 1) No keyword with name 'Register Keyword To Run On Failure' found.
2026-07-12 04:06:33.302813 
2026-07-12 04:06:33.302827 2) No keyword with name 'Close Browser' found. Did you mean:
2026-07-12 04:06:33.302871     common.Close Test Browser
2026-07-12 04:06:33.302883 ------------------------------------------------------------------------------
2026-07-12 04:06:33.302894 Suites.Auth.TC02 login valid                                          | FAIL |
2026-07-12 04:06:33.303333 1 test, 0 passed, 1 failed
2026-07-12 04:06:33.303347 ==============================================================================
2026-07-12 04:06:33.303358 Suites.Auth                                                           | FAIL |
2026-07-12 04:06:33.303821 1 test, 0 passed, 1 failed
2026-07-12 04:06:33.303960 ==============================================================================
2026-07-12 04:06:33.303976 Suites                                                                | FAIL |
2026-07-12 04:06:33.304172 1 test, 0 passed, 1 failed
2026-07-12 04:06:33.304221 ==============================================================================
2026-07-12 04:06:33.304234 Output:  /home/runner/work/engg-robot-testing-framework/engg-robot-testing-framework/reports/pabot_results/1/output.xml
