2026-09-04 04:56:13.162454 ==============================================================================
2026-09-04 04:56:13.179128 Suites
2026-09-04 04:56:13.179149 ==============================================================================
2026-09-04 04:56:13.179165 Suites.Cart
2026-09-04 04:56:13.179969 ==============================================================================
2026-09-04 04:56:13.179993 Suites.Cart.TC20 search and verify cart after login :: TC20 - Search Produc...
2026-09-04 04:56:13.179993 [ ERROR ] Error in file '/home/runner/work/engg-robot-testing-framework/engg-robot-testing-framework/tests/cart/TC20_search_and_verify_cart_after_login.robot' on line 3: Importing library 'playwright_keyword_library.PlaywrightKeywordLibrary' failed: ModuleNotFoundError: No module named 'playwright_keyword_library'
2026-09-04 04:56:13.215970 ==============================================================================
2026-09-04 04:56:13.215970 Traceback (most recent call last):
2026-09-04 04:56:13.216001   None
2026-09-04 04:56:13.266132 PYTHONPATH:
2026-09-04 04:56:13.316233   /opt/hostedtoolcache/Python/3.11.16/x64/bin
2026-09-04 04:56:13.366344   /opt/hostedtoolcache/Python/3.11.16/x64/lib/python311.zip
2026-09-04 04:56:13.416446   /opt/hostedtoolcache/Python/3.11.16/x64/lib/python3.11
2026-09-04 04:56:13.466544   /opt/hostedtoolcache/Python/3.11.16/x64/lib/python3.11/lib-dynload
2026-09-04 04:56:13.516689   /opt/hostedtoolcache/Python/3.11.16/x64/lib/python3.11/site-packages
2026-09-04 04:56:13.566836 [ ERROR ] Error in file '/home/runner/work/engg-robot-testing-framework/engg-robot-testing-framework/resources/common.resource' on line 4: Importing library 'playwright_keyword_library.PlaywrightKeywordLibrary' failed: ModuleNotFoundError: No module named 'playwright_keyword_library'
2026-09-04 04:56:13.616983 Traceback (most recent call last):
2026-09-04 04:56:13.667135   None
2026-09-04 04:56:13.717282 PYTHONPATH:
2026-09-04 04:56:13.767431   /opt/hostedtoolcache/Python/3.11.16/x64/bin
2026-09-04 04:56:13.817578   /opt/hostedtoolcache/Python/3.11.16/x64/lib/python311.zip
2026-09-04 04:56:13.867729   /opt/hostedtoolcache/Python/3.11.16/x64/lib/python3.11
2026-09-04 04:56:13.917875   /opt/hostedtoolcache/Python/3.11.16/x64/lib/python3.11/lib-dynload
2026-09-04 04:56:13.968023   /opt/hostedtoolcache/Python/3.11.16/x64/lib/python3.11/site-packages
2026-09-04 04:56:14.018167 [ ERROR ] Error in file '/home/runner/work/engg-robot-testing-framework/engg-robot-testing-framework/resources/product_keywords.resource' on line 2: Importing library 'playwright_keyword_library.PlaywrightKeywordLibrary' failed: ModuleNotFoundError: No module named 'playwright_keyword_library'
2026-09-04 04:56:14.068316 Traceback (most recent call last):
2026-09-04 04:56:14.118459   None
2026-09-04 04:56:14.168607 PYTHONPATH:
2026-09-04 04:56:14.218786   /opt/hostedtoolcache/Python/3.11.16/x64/bin
2026-09-04 04:56:14.268935   /opt/hostedtoolcache/Python/3.11.16/x64/lib/python311.zip
2026-09-04 04:56:14.319087   /opt/hostedtoolcache/Python/3.11.16/x64/lib/python3.11
2026-09-04 04:56:14.369234   /opt/hostedtoolcache/Python/3.11.16/x64/lib/python3.11/lib-dynload
2026-09-04 04:56:14.419383   /opt/hostedtoolcache/Python/3.11.16/x64/lib/python3.11/site-packages
2026-09-04 04:56:14.469533 [ ERROR ] Error in file '/home/runner/work/engg-robot-testing-framework/engg-robot-testing-framework/resources/cart_keywords.resource' on line 2: Importing library 'playwright_keyword_library.PlaywrightKeywordLibrary' failed: ModuleNotFoundError: No module named 'playwright_keyword_library'
2026-09-04 04:56:14.519648 Traceback (most recent call last):
2026-09-04 04:56:14.569780   None
2026-09-04 04:56:14.619882 PYTHONPATH:
2026-09-04 04:56:14.670036   /opt/hostedtoolcache/Python/3.11.16/x64/bin
2026-09-04 04:56:14.720149   /opt/hostedtoolcache/Python/3.11.16/x64/lib/python311.zip
2026-09-04 04:56:14.770298   /opt/hostedtoolcache/Python/3.11.16/x64/lib/python3.11
2026-09-04 04:56:14.820421   /opt/hostedtoolcache/Python/3.11.16/x64/lib/python3.11/lib-dynload
2026-09-04 04:56:14.870578   /opt/hostedtoolcache/Python/3.11.16/x64/lib/python3.11/site-packages
2026-09-04 04:56:14.920682 [ ERROR ] Error in file '/home/runner/work/engg-robot-testing-framework/engg-robot-testing-framework/resources/auth_keywords.resource' on line 2: Importing library 'playwright_keyword_library.PlaywrightKeywordLibrary' failed: ModuleNotFoundError: No module named 'playwright_keyword_library'
2026-09-04 04:56:14.970859 Traceback (most recent call last):
2026-09-04 04:56:15.020958   None
2026-09-04 04:56:15.071107 PYTHONPATH:
2026-09-04 04:56:15.121211   /opt/hostedtoolcache/Python/3.11.16/x64/bin
2026-09-04 04:56:15.171359   /opt/hostedtoolcache/Python/3.11.16/x64/lib/python311.zip
2026-09-04 04:56:15.221458   /opt/hostedtoolcache/Python/3.11.16/x64/lib/python3.11
2026-09-04 04:56:15.271605   /opt/hostedtoolcache/Python/3.11.16/x64/lib/python3.11/lib-dynload
2026-09-04 04:56:15.321708   /opt/hostedtoolcache/Python/3.11.16/x64/lib/python3.11/site-packages
2026-09-04 04:56:23.191461 TC20 Search Products And Verify Cart After Login                      | FAIL |
2026-09-04 04:56:23.228076 Setup failed:
2026-09-04 04:56:23.228089 No keyword with name 'Open Browser' found.
2026-09-04 04:56:23.228097 
2026-09-04 04:56:23.228104 Also teardown failed:
2026-09-04 04:56:23.228112 Several failures occurred:
2026-09-04 04:56:23.228119 
2026-09-04 04:56:23.228127 1) No keyword with name 'Register Keyword To Run On Failure' found.
2026-09-04 04:56:23.228134 
2026-09-04 04:56:23.228140 2) No keyword with name 'Close Browser' found. Did you mean:
2026-09-04 04:56:23.228147     common.Close Test Browser
2026-09-04 04:56:23.228153 ------------------------------------------------------------------------------
2026-09-04 04:56:23.228160 Suites.Cart.TC20 search and verify cart after login :: TC20 - Sear... | FAIL |
2026-09-04 04:56:23.228971 1 test, 0 passed, 1 failed
2026-09-04 04:56:23.229053 ==============================================================================
2026-09-04 04:56:23.229064 Suites.Cart                                                           | FAIL |
2026-09-04 04:56:23.229529 1 test, 0 passed, 1 failed
2026-09-04 04:56:23.229569 ==============================================================================
2026-09-04 04:56:23.229579 Suites                                                                | FAIL |
2026-09-04 04:56:23.230000 1 test, 0 passed, 1 failed
2026-09-04 04:56:23.230070 ==============================================================================
2026-09-04 04:56:23.230078 Output:  /home/runner/work/engg-robot-testing-framework/engg-robot-testing-framework/reports/pabot_results/8/output.xml
