2026-07-13 04:09:06.176161 ==============================================================================
2026-07-13 04:09:06.199067 Suites
2026-07-13 04:09:06.199087 ==============================================================================
2026-07-13 04:09:06.199102 Suites.Auth
2026-07-13 04:09:06.199963 ==============================================================================
2026-07-13 04:09:06.199983 Suites.Auth.TC04 logout user
2026-07-13 04:09:06.199983 [ ERROR ] Error in file '/home/runner/work/engg-robot-testing-framework/engg-robot-testing-framework/tests/auth/TC04_logout_user.robot' on line 2: Importing library 'playwright_keyword_library.PlaywrightKeywordLibrary' failed: ModuleNotFoundError: No module named 'playwright_keyword_library'
2026-07-13 04:09:06.218708 ==============================================================================
2026-07-13 04:09:06.218708 Traceback (most recent call last):
2026-07-13 04:09:06.218730   None
2026-07-13 04:09:06.268834 PYTHONPATH:
2026-07-13 04:09:06.318940   /opt/hostedtoolcache/Python/3.11.15/x64/bin
2026-07-13 04:09:06.369053   /opt/hostedtoolcache/Python/3.11.15/x64/lib/python311.zip
2026-07-13 04:09:06.419160   /opt/hostedtoolcache/Python/3.11.15/x64/lib/python3.11
2026-07-13 04:09:06.469265   /opt/hostedtoolcache/Python/3.11.15/x64/lib/python3.11/lib-dynload
2026-07-13 04:09:06.519444   /opt/hostedtoolcache/Python/3.11.15/x64/lib/python3.11/site-packages
2026-07-13 04:09:06.569597 [ ERROR ] Error in file '/home/runner/work/engg-robot-testing-framework/engg-robot-testing-framework/resources/auth_keywords.resource' on line 2: Importing library 'playwright_keyword_library.PlaywrightKeywordLibrary' failed: ModuleNotFoundError: No module named 'playwright_keyword_library'
2026-07-13 04:09:06.619717 Traceback (most recent call last):
2026-07-13 04:09:06.669895   None
2026-07-13 04:09:06.720064 PYTHONPATH:
2026-07-13 04:09:06.770223   /opt/hostedtoolcache/Python/3.11.15/x64/bin
2026-07-13 04:09:06.820378   /opt/hostedtoolcache/Python/3.11.15/x64/lib/python311.zip
2026-07-13 04:09:06.870524   /opt/hostedtoolcache/Python/3.11.15/x64/lib/python3.11
2026-07-13 04:09:06.920678   /opt/hostedtoolcache/Python/3.11.15/x64/lib/python3.11/lib-dynload
2026-07-13 04:09:06.970834   /opt/hostedtoolcache/Python/3.11.15/x64/lib/python3.11/site-packages
2026-07-13 04:09:07.020987 [ ERROR ] Error in file '/home/runner/work/engg-robot-testing-framework/engg-robot-testing-framework/resources/common.resource' on line 4: Importing library 'playwright_keyword_library.PlaywrightKeywordLibrary' failed: ModuleNotFoundError: No module named 'playwright_keyword_library'
2026-07-13 04:09:07.071152 Traceback (most recent call last):
2026-07-13 04:09:07.121305   None
2026-07-13 04:09:07.171449 PYTHONPATH:
2026-07-13 04:09:07.221601   /opt/hostedtoolcache/Python/3.11.15/x64/bin
2026-07-13 04:09:07.271755   /opt/hostedtoolcache/Python/3.11.15/x64/lib/python311.zip
2026-07-13 04:09:07.321907   /opt/hostedtoolcache/Python/3.11.15/x64/lib/python3.11
2026-07-13 04:09:07.372061   /opt/hostedtoolcache/Python/3.11.15/x64/lib/python3.11/lib-dynload
2026-07-13 04:09:07.422215   /opt/hostedtoolcache/Python/3.11.15/x64/lib/python3.11/site-packages
2026-07-13 04:09:16.194755 TC04 Logout User                                                      | FAIL |
2026-07-13 04:09:16.229463 Setup failed:
2026-07-13 04:09:16.229475 No keyword with name 'Open Browser' found.
2026-07-13 04:09:16.229483 
2026-07-13 04:09:16.229489 Also teardown failed:
2026-07-13 04:09:16.229496 Several failures occurred:
2026-07-13 04:09:16.229503 
2026-07-13 04:09:16.229510 1) No keyword with name 'Register Keyword To Run On Failure' found.
2026-07-13 04:09:16.229517 
2026-07-13 04:09:16.229523 2) No keyword with name 'Close Browser' found. Did you mean:
2026-07-13 04:09:16.229530     common.Close Test Browser
2026-07-13 04:09:16.229536 ------------------------------------------------------------------------------
2026-07-13 04:09:16.229542 Suites.Auth.TC04 logout user                                          | FAIL |
2026-07-13 04:09:16.230220 1 test, 0 passed, 1 failed
2026-07-13 04:09:16.230234 ==============================================================================
2026-07-13 04:09:16.230242 Suites.Auth                                                           | FAIL |
2026-07-13 04:09:16.230679 1 test, 0 passed, 1 failed
2026-07-13 04:09:16.230747 ==============================================================================
2026-07-13 04:09:16.230755 Suites                                                                | FAIL |
2026-07-13 04:09:16.231125 1 test, 0 passed, 1 failed
2026-07-13 04:09:16.231188 ==============================================================================
2026-07-13 04:09:16.231196 Output:  /home/runner/work/engg-robot-testing-framework/engg-robot-testing-framework/reports/pabot_results/3/output.xml
