2026-07-14 03:44:13.391222 ==============================================================================
2026-07-14 03:44:13.400136 Suites
2026-07-14 03:44:13.400158 ==============================================================================
2026-07-14 03:44:13.400169 Suites.Auth
2026-07-14 03:44:13.400974 ==============================================================================
2026-07-14 03:44:13.400992 Suites.Auth.TC02 login valid
2026-07-14 03:44:13.400992 [ ERROR ] Error in file '/home/runner/work/engg-robot-testing-framework/engg-robot-testing-framework/tests/auth/TC02_login_valid.robot' on line 2: Importing library 'playwright_keyword_library.PlaywrightKeywordLibrary' failed: ModuleNotFoundError: No module named 'playwright_keyword_library'
2026-07-14 03:44:13.420839 ==============================================================================
2026-07-14 03:44:13.420839 Traceback (most recent call last):
2026-07-14 03:44:13.420865   None
2026-07-14 03:44:13.471068 PYTHONPATH:
2026-07-14 03:44:13.521251   /opt/hostedtoolcache/Python/3.11.15/x64/bin
2026-07-14 03:44:13.571450   /opt/hostedtoolcache/Python/3.11.15/x64/lib/python311.zip
2026-07-14 03:44:13.621633   /opt/hostedtoolcache/Python/3.11.15/x64/lib/python3.11
2026-07-14 03:44:13.671871   /opt/hostedtoolcache/Python/3.11.15/x64/lib/python3.11/lib-dynload
2026-07-14 03:44:13.722053   /opt/hostedtoolcache/Python/3.11.15/x64/lib/python3.11/site-packages
2026-07-14 03:44:13.772221 [ ERROR ] Error in file '/home/runner/work/engg-robot-testing-framework/engg-robot-testing-framework/resources/auth_keywords.resource' on line 2: Importing library 'playwright_keyword_library.PlaywrightKeywordLibrary' failed: ModuleNotFoundError: No module named 'playwright_keyword_library'
2026-07-14 03:44:13.822372 Traceback (most recent call last):
2026-07-14 03:44:13.872584   None
2026-07-14 03:44:13.922802 PYTHONPATH:
2026-07-14 03:44:13.973005   /opt/hostedtoolcache/Python/3.11.15/x64/bin
2026-07-14 03:44:14.023193   /opt/hostedtoolcache/Python/3.11.15/x64/lib/python311.zip
2026-07-14 03:44:14.073720   /opt/hostedtoolcache/Python/3.11.15/x64/lib/python3.11
2026-07-14 03:44:14.124001   /opt/hostedtoolcache/Python/3.11.15/x64/lib/python3.11/lib-dynload
2026-07-14 03:44:14.174264   /opt/hostedtoolcache/Python/3.11.15/x64/lib/python3.11/site-packages
2026-07-14 03:44:14.224577 [ ERROR ] Error in file '/home/runner/work/engg-robot-testing-framework/engg-robot-testing-framework/resources/common.resource' on line 4: Importing library 'playwright_keyword_library.PlaywrightKeywordLibrary' failed: ModuleNotFoundError: No module named 'playwright_keyword_library'
2026-07-14 03:44:14.274907 Traceback (most recent call last):
2026-07-14 03:44:14.325188   None
2026-07-14 03:44:14.375461 PYTHONPATH:
2026-07-14 03:44:14.425737   /opt/hostedtoolcache/Python/3.11.15/x64/bin
2026-07-14 03:44:14.475971   /opt/hostedtoolcache/Python/3.11.15/x64/lib/python311.zip
2026-07-14 03:44:14.526241   /opt/hostedtoolcache/Python/3.11.15/x64/lib/python3.11
2026-07-14 03:44:14.576506   /opt/hostedtoolcache/Python/3.11.15/x64/lib/python3.11/lib-dynload
2026-07-14 03:44:14.626748   /opt/hostedtoolcache/Python/3.11.15/x64/lib/python3.11/site-packages
2026-07-14 03:44:23.404289 TC02 Login User With Correct Email And Password                       | FAIL |
2026-07-14 03:44:23.430599 Setup failed:
2026-07-14 03:44:23.430615 No keyword with name 'Open Browser' found.
2026-07-14 03:44:23.430623 
2026-07-14 03:44:23.430630 Also teardown failed:
2026-07-14 03:44:23.430637 Several failures occurred:
2026-07-14 03:44:23.430644 
2026-07-14 03:44:23.430651 1) No keyword with name 'Register Keyword To Run On Failure' found.
2026-07-14 03:44:23.430658 
2026-07-14 03:44:23.430665 2) No keyword with name 'Close Browser' found. Did you mean:
2026-07-14 03:44:23.430671     common.Close Test Browser
2026-07-14 03:44:23.430678 ------------------------------------------------------------------------------
2026-07-14 03:44:23.430684 Suites.Auth.TC02 login valid                                          | FAIL |
2026-07-14 03:44:23.431451 1 test, 0 passed, 1 failed
2026-07-14 03:44:23.431503 ==============================================================================
2026-07-14 03:44:23.431512 Suites.Auth                                                           | FAIL |
2026-07-14 03:44:23.432122 1 test, 0 passed, 1 failed
2026-07-14 03:44:23.432179 ==============================================================================
2026-07-14 03:44:23.432187 Suites                                                                | FAIL |
2026-07-14 03:44:23.432696 1 test, 0 passed, 1 failed
2026-07-14 03:44:23.432738 ==============================================================================
2026-07-14 03:44:23.432746 Output:  /home/runner/work/engg-robot-testing-framework/engg-robot-testing-framework/reports/pabot_results/1/output.xml
