2026-09-09 05:00:42.672966 ==============================================================================
2026-09-09 05:00:42.678050 Suites
2026-09-09 05:00:42.678067 ==============================================================================
2026-09-09 05:00:42.678079 Suites.Auth
2026-09-09 05:00:42.678812 ==============================================================================
2026-09-09 05:00:42.678828 Suites.Auth.TC05 register existing email
2026-09-09 05:00:42.678828 [ ERROR ] Error in file '/home/runner/work/engg-robot-testing-framework/engg-robot-testing-framework/tests/auth/TC05_register_existing_email.robot' on line 2: Importing library 'playwright_keyword_library.PlaywrightKeywordLibrary' failed: ModuleNotFoundError: No module named 'playwright_keyword_library'
2026-09-09 05:00:42.694662 ==============================================================================
2026-09-09 05:00:42.694662 Traceback (most recent call last):
2026-09-09 05:00:42.694681   None
2026-09-09 05:00:42.744816 PYTHONPATH:
2026-09-09 05:00:42.794998   /opt/hostedtoolcache/Python/3.11.16/x64/bin
2026-09-09 05:00:42.845187   /opt/hostedtoolcache/Python/3.11.16/x64/lib/python311.zip
2026-09-09 05:00:42.895352   /opt/hostedtoolcache/Python/3.11.16/x64/lib/python3.11
2026-09-09 05:00:42.945530   /opt/hostedtoolcache/Python/3.11.16/x64/lib/python3.11/lib-dynload
2026-09-09 05:00:42.995704   /opt/hostedtoolcache/Python/3.11.16/x64/lib/python3.11/site-packages
2026-09-09 05:00:43.046119 [ ERROR ] Error in file '/home/runner/work/engg-robot-testing-framework/engg-robot-testing-framework/resources/auth_keywords.resource' on line 2: Importing library 'playwright_keyword_library.PlaywrightKeywordLibrary' failed: ModuleNotFoundError: No module named 'playwright_keyword_library'
2026-09-09 05:00:43.096290 Traceback (most recent call last):
2026-09-09 05:00:43.146439   None
2026-09-09 05:00:43.196601 PYTHONPATH:
2026-09-09 05:00:43.246742   /opt/hostedtoolcache/Python/3.11.16/x64/bin
2026-09-09 05:00:43.297002   /opt/hostedtoolcache/Python/3.11.16/x64/lib/python311.zip
2026-09-09 05:00:43.347166   /opt/hostedtoolcache/Python/3.11.16/x64/lib/python3.11
2026-09-09 05:00:43.397407   /opt/hostedtoolcache/Python/3.11.16/x64/lib/python3.11/lib-dynload
2026-09-09 05:00:43.447562   /opt/hostedtoolcache/Python/3.11.16/x64/lib/python3.11/site-packages
2026-09-09 05:00:43.497761 [ ERROR ] Error in file '/home/runner/work/engg-robot-testing-framework/engg-robot-testing-framework/resources/common.resource' on line 4: Importing library 'playwright_keyword_library.PlaywrightKeywordLibrary' failed: ModuleNotFoundError: No module named 'playwright_keyword_library'
2026-09-09 05:00:43.547919 Traceback (most recent call last):
2026-09-09 05:00:43.598089   None
2026-09-09 05:00:43.648242 PYTHONPATH:
2026-09-09 05:00:43.698409   /opt/hostedtoolcache/Python/3.11.16/x64/bin
2026-09-09 05:00:43.748565   /opt/hostedtoolcache/Python/3.11.16/x64/lib/python311.zip
2026-09-09 05:00:43.798719   /opt/hostedtoolcache/Python/3.11.16/x64/lib/python3.11
2026-09-09 05:00:43.848881   /opt/hostedtoolcache/Python/3.11.16/x64/lib/python3.11/lib-dynload
2026-09-09 05:00:43.899054   /opt/hostedtoolcache/Python/3.11.16/x64/lib/python3.11/site-packages
2026-09-09 05:00:52.676410 TC05 Register User With Existing Email                                | FAIL |
2026-09-09 05:00:52.703876 Setup failed:
2026-09-09 05:00:52.703896 No keyword with name 'Open Browser' found.
2026-09-09 05:00:52.703910 
2026-09-09 05:00:52.703923 Also teardown failed:
2026-09-09 05:00:52.703936 Several failures occurred:
2026-09-09 05:00:52.703949 
2026-09-09 05:00:52.703984 1) No keyword with name 'Register Keyword To Run On Failure' found.
2026-09-09 05:00:52.704000 
2026-09-09 05:00:52.704011 2) No keyword with name 'Close Browser' found. Did you mean:
2026-09-09 05:00:52.704023     common.Close Test Browser
2026-09-09 05:00:52.704035 ------------------------------------------------------------------------------
2026-09-09 05:00:52.704047 Suites.Auth.TC05 register existing email                              | FAIL |
2026-09-09 05:00:52.704549 1 test, 0 passed, 1 failed
2026-09-09 05:00:52.704606 ==============================================================================
2026-09-09 05:00:52.704621 Suites.Auth                                                           | FAIL |
2026-09-09 05:00:52.704975 1 test, 0 passed, 1 failed
2026-09-09 05:00:52.705042 ==============================================================================
2026-09-09 05:00:52.705058 Suites                                                                | FAIL |
2026-09-09 05:00:52.705364 1 test, 0 passed, 1 failed
2026-09-09 05:00:52.705424 ==============================================================================
2026-09-09 05:00:52.705439 Output:  /home/runner/work/engg-robot-testing-framework/engg-robot-testing-framework/reports/pabot_results/4/output.xml
