2026-09-24 05:11:46.543244 ==============================================================================
2026-09-24 05:11:46.556498 Suites
2026-09-24 05:11:46.556521 ==============================================================================
2026-09-24 05:11:46.556543 Suites.Cart
2026-09-24 05:11:46.557335 ==============================================================================
2026-09-24 05:11:46.557353 Suites.Cart.TC22 add from recommended items :: TC22 - Add To Cart From Reco...
2026-09-24 05:11:46.557353 [ ERROR ] Error in file '/home/runner/work/engg-robot-testing-framework/engg-robot-testing-framework/resources/common.resource' on line 4: Importing library 'playwright_keyword_library.PlaywrightKeywordLibrary' failed: ModuleNotFoundError: No module named 'playwright_keyword_library'
2026-09-24 05:11:46.580990 ==============================================================================
2026-09-24 05:11:46.580990 Traceback (most recent call last):
2026-09-24 05:11:46.581017   None
2026-09-24 05:11:46.631138 PYTHONPATH:
2026-09-24 05:11:46.681254   /opt/hostedtoolcache/Python/3.11.16/x64/bin
2026-09-24 05:11:46.731373   /opt/hostedtoolcache/Python/3.11.16/x64/lib/python311.zip
2026-09-24 05:11:46.781497   /opt/hostedtoolcache/Python/3.11.16/x64/lib/python3.11
2026-09-24 05:11:46.831608   /opt/hostedtoolcache/Python/3.11.16/x64/lib/python3.11/lib-dynload
2026-09-24 05:11:46.881733   /opt/hostedtoolcache/Python/3.11.16/x64/lib/python3.11/site-packages
2026-09-24 05:11:46.931882 [ ERROR ] Error in file '/home/runner/work/engg-robot-testing-framework/engg-robot-testing-framework/resources/cart_keywords.resource' on line 2: Importing library 'playwright_keyword_library.PlaywrightKeywordLibrary' failed: ModuleNotFoundError: No module named 'playwright_keyword_library'
2026-09-24 05:11:46.982030 Traceback (most recent call last):
2026-09-24 05:11:47.032184   None
2026-09-24 05:11:47.082341 PYTHONPATH:
2026-09-24 05:11:47.132504   /opt/hostedtoolcache/Python/3.11.16/x64/bin
2026-09-24 05:11:47.182624   /opt/hostedtoolcache/Python/3.11.16/x64/lib/python311.zip
2026-09-24 05:11:47.232772   /opt/hostedtoolcache/Python/3.11.16/x64/lib/python3.11
2026-09-24 05:11:47.282903   /opt/hostedtoolcache/Python/3.11.16/x64/lib/python3.11/lib-dynload
2026-09-24 05:11:47.333065   /opt/hostedtoolcache/Python/3.11.16/x64/lib/python3.11/site-packages
2026-09-24 05:11:56.556856 TC22 Add To Cart From Recommended Items                               | FAIL |
2026-09-24 05:11:56.591511 Setup failed:
2026-09-24 05:11:56.591527 No keyword with name 'Open Browser' found.
2026-09-24 05:11:56.591539 
2026-09-24 05:11:56.591548 Also teardown failed:
2026-09-24 05:11:56.591556 Several failures occurred:
2026-09-24 05:11:56.591564 
2026-09-24 05:11:56.591600 1) No keyword with name 'Register Keyword To Run On Failure' found.
2026-09-24 05:11:56.591610 
2026-09-24 05:11:56.591618 2) No keyword with name 'Close Browser' found. Did you mean:
2026-09-24 05:11:56.591626     common.Close Test Browser
2026-09-24 05:11:56.591634 ------------------------------------------------------------------------------
2026-09-24 05:11:56.591642 Suites.Cart.TC22 add from recommended items :: TC22 - Add To Cart ... | FAIL |
2026-09-24 05:11:56.592091 1 test, 0 passed, 1 failed
2026-09-24 05:11:56.592101 ==============================================================================
2026-09-24 05:11:56.592109 Suites.Cart                                                           | FAIL |
2026-09-24 05:11:56.592434 1 test, 0 passed, 1 failed
2026-09-24 05:11:56.592444 ==============================================================================
2026-09-24 05:11:56.592453 Suites                                                                | FAIL |
2026-09-24 05:11:56.592755 1 test, 0 passed, 1 failed
2026-09-24 05:11:56.592764 ==============================================================================
2026-09-24 05:11:56.592770 Output:  /home/runner/work/engg-robot-testing-framework/engg-robot-testing-framework/reports/pabot_results/9/output.xml
