2026-07-09 04:30:45.635760 ==============================================================================
2026-07-09 04:30:45.654900 Suites
2026-07-09 04:30:45.654921 ==============================================================================
2026-07-09 04:30:45.654937 Suites.Cart
2026-07-09 04:30:45.655705 ==============================================================================
2026-07-09 04:30:45.655723 Suites.Cart.TC13 verify product quantity :: TC13 - Verify Product Quantity ...
2026-07-09 04:30:45.655723 [ ERROR ] Error in file '/home/runner/work/engg-robot-testing-framework/engg-robot-testing-framework/resources/common.resource' on line 4: Importing library 'playwright_keyword_library.PlaywrightKeywordLibrary' failed: ModuleNotFoundError: No module named 'playwright_keyword_library'
2026-07-09 04:30:45.686347 ==============================================================================
2026-07-09 04:30:45.686347 Traceback (most recent call last):
2026-07-09 04:30:45.686372   None
2026-07-09 04:30:45.736493 PYTHONPATH:
2026-07-09 04:30:45.786633   /opt/hostedtoolcache/Python/3.11.15/x64/bin
2026-07-09 04:30:45.836766   /opt/hostedtoolcache/Python/3.11.15/x64/lib/python311.zip
2026-07-09 04:30:45.886885   /opt/hostedtoolcache/Python/3.11.15/x64/lib/python3.11
2026-07-09 04:30:45.936999   /opt/hostedtoolcache/Python/3.11.15/x64/lib/python3.11/lib-dynload
2026-07-09 04:30:45.987101   /opt/hostedtoolcache/Python/3.11.15/x64/lib/python3.11/site-packages
2026-07-09 04:30:46.037216 [ ERROR ] Error in file '/home/runner/work/engg-robot-testing-framework/engg-robot-testing-framework/resources/product_keywords.resource' on line 2: Importing library 'playwright_keyword_library.PlaywrightKeywordLibrary' failed: ModuleNotFoundError: No module named 'playwright_keyword_library'
2026-07-09 04:30:46.087324 Traceback (most recent call last):
2026-07-09 04:30:46.137478   None
2026-07-09 04:30:46.187631 PYTHONPATH:
2026-07-09 04:30:46.237787   /opt/hostedtoolcache/Python/3.11.15/x64/bin
2026-07-09 04:30:46.287929   /opt/hostedtoolcache/Python/3.11.15/x64/lib/python311.zip
2026-07-09 04:30:46.338073   /opt/hostedtoolcache/Python/3.11.15/x64/lib/python3.11
2026-07-09 04:30:46.388234   /opt/hostedtoolcache/Python/3.11.15/x64/lib/python3.11/lib-dynload
2026-07-09 04:30:46.438419   /opt/hostedtoolcache/Python/3.11.15/x64/lib/python3.11/site-packages
2026-07-09 04:30:46.488565 [ ERROR ] Error in file '/home/runner/work/engg-robot-testing-framework/engg-robot-testing-framework/resources/cart_keywords.resource' on line 2: Importing library 'playwright_keyword_library.PlaywrightKeywordLibrary' failed: ModuleNotFoundError: No module named 'playwright_keyword_library'
2026-07-09 04:30:46.538702 Traceback (most recent call last):
2026-07-09 04:30:46.588874   None
2026-07-09 04:30:46.639086 PYTHONPATH:
2026-07-09 04:30:46.689246   /opt/hostedtoolcache/Python/3.11.15/x64/bin
2026-07-09 04:30:46.739395   /opt/hostedtoolcache/Python/3.11.15/x64/lib/python311.zip
2026-07-09 04:30:46.789550   /opt/hostedtoolcache/Python/3.11.15/x64/lib/python3.11
2026-07-09 04:30:46.839701   /opt/hostedtoolcache/Python/3.11.15/x64/lib/python3.11/lib-dynload
2026-07-09 04:30:46.889849   /opt/hostedtoolcache/Python/3.11.15/x64/lib/python3.11/site-packages
2026-07-09 04:30:55.661761 TC13 Verify Product Quantity In Cart                                  | FAIL |
2026-07-09 04:30:55.697352 Setup failed:
2026-07-09 04:30:55.697364 No keyword with name 'Open Browser' found.
2026-07-09 04:30:55.697372 
2026-07-09 04:30:55.697379 Also teardown failed:
2026-07-09 04:30:55.697386 Several failures occurred:
2026-07-09 04:30:55.697393 
2026-07-09 04:30:55.697400 1) No keyword with name 'Register Keyword To Run On Failure' found.
2026-07-09 04:30:55.697407 
2026-07-09 04:30:55.697413 2) No keyword with name 'Close Browser' found. Did you mean:
2026-07-09 04:30:55.697419     common.Close Test Browser
2026-07-09 04:30:55.697425 ------------------------------------------------------------------------------
2026-07-09 04:30:55.697432 Suites.Cart.TC13 verify product quantity :: TC13 - Verify Product ... | FAIL |
2026-07-09 04:30:55.698032 1 test, 0 passed, 1 failed
2026-07-09 04:30:55.698050 ==============================================================================
2026-07-09 04:30:55.698087 Suites.Cart                                                           | FAIL |
2026-07-09 04:30:55.698462 1 test, 0 passed, 1 failed
2026-07-09 04:30:55.698518 ==============================================================================
2026-07-09 04:30:55.698528 Suites                                                                | FAIL |
2026-07-09 04:30:55.698875 1 test, 0 passed, 1 failed
2026-07-09 04:30:55.698938 ==============================================================================
2026-07-09 04:30:55.698947 Output:  /home/runner/work/engg-robot-testing-framework/engg-robot-testing-framework/reports/pabot_results/6/output.xml
