2026-08-21 02:07:51.908959 ==============================================================================
2026-08-21 02:07:51.923114 Suites
2026-08-21 02:07:51.923133 ==============================================================================
2026-08-21 02:07:51.923162 Suites.Cart
2026-08-21 02:07:51.923912 ==============================================================================
2026-08-21 02:07:51.923929 Suites.Cart.TC12 add products to cart :: TC12 - Add Products In Cart
2026-08-21 02:07:51.923929 [ ERROR ] Error in file '/home/runner/work/engg-robot-testing-framework/engg-robot-testing-framework/resources/common.resource' on line 4: Importing library 'playwright_keyword_library.PlaywrightKeywordLibrary' failed: ModuleNotFoundError: No module named 'playwright_keyword_library'
2026-08-21 02:07:51.950377 ==============================================================================
2026-08-21 02:07:51.950377 Traceback (most recent call last):
2026-08-21 02:07:51.950398   None
2026-08-21 02:07:52.000546 PYTHONPATH:
2026-08-21 02:07:52.050693   /opt/hostedtoolcache/Python/3.11.16/x64/bin
2026-08-21 02:07:52.100830   /opt/hostedtoolcache/Python/3.11.16/x64/lib/python311.zip
2026-08-21 02:07:52.150975   /opt/hostedtoolcache/Python/3.11.16/x64/lib/python3.11
2026-08-21 02:07:52.201116   /opt/hostedtoolcache/Python/3.11.16/x64/lib/python3.11/lib-dynload
2026-08-21 02:07:52.251258   /opt/hostedtoolcache/Python/3.11.16/x64/lib/python3.11/site-packages
2026-08-21 02:07:52.301383 [ ERROR ] Error in file '/home/runner/work/engg-robot-testing-framework/engg-robot-testing-framework/resources/product_keywords.resource' on line 2: Importing library 'playwright_keyword_library.PlaywrightKeywordLibrary' failed: ModuleNotFoundError: No module named 'playwright_keyword_library'
2026-08-21 02:07:52.351498 Traceback (most recent call last):
2026-08-21 02:07:52.401626   None
2026-08-21 02:07:52.451773 PYTHONPATH:
2026-08-21 02:07:52.501912   /opt/hostedtoolcache/Python/3.11.16/x64/bin
2026-08-21 02:07:52.552067   /opt/hostedtoolcache/Python/3.11.16/x64/lib/python311.zip
2026-08-21 02:07:52.602208   /opt/hostedtoolcache/Python/3.11.16/x64/lib/python3.11
2026-08-21 02:07:52.652353   /opt/hostedtoolcache/Python/3.11.16/x64/lib/python3.11/lib-dynload
2026-08-21 02:07:52.702502   /opt/hostedtoolcache/Python/3.11.16/x64/lib/python3.11/site-packages
2026-08-21 02:07:52.752644 [ ERROR ] Error in file '/home/runner/work/engg-robot-testing-framework/engg-robot-testing-framework/resources/cart_keywords.resource' on line 2: Importing library 'playwright_keyword_library.PlaywrightKeywordLibrary' failed: ModuleNotFoundError: No module named 'playwright_keyword_library'
2026-08-21 02:07:52.802793 Traceback (most recent call last):
2026-08-21 02:07:52.852933   None
2026-08-21 02:07:52.903077 PYTHONPATH:
2026-08-21 02:07:52.953221   /opt/hostedtoolcache/Python/3.11.16/x64/bin
2026-08-21 02:07:53.003363   /opt/hostedtoolcache/Python/3.11.16/x64/lib/python311.zip
2026-08-21 02:07:53.053510   /opt/hostedtoolcache/Python/3.11.16/x64/lib/python3.11
2026-08-21 02:07:53.103650   /opt/hostedtoolcache/Python/3.11.16/x64/lib/python3.11/lib-dynload
2026-08-21 02:07:53.153803   /opt/hostedtoolcache/Python/3.11.16/x64/lib/python3.11/site-packages
2026-08-21 02:08:01.924411 TC12 Add Products In Cart                                             | FAIL |
2026-08-21 02:08:01.961042 Setup failed:
2026-08-21 02:08:01.961060 No keyword with name 'Open Browser' found.
2026-08-21 02:08:01.961073 
2026-08-21 02:08:01.961085 Also teardown failed:
2026-08-21 02:08:01.961097 Several failures occurred:
2026-08-21 02:08:01.961108 
2026-08-21 02:08:01.961119 1) No keyword with name 'Register Keyword To Run On Failure' found.
2026-08-21 02:08:01.961129 
2026-08-21 02:08:01.961139 2) No keyword with name 'Close Browser' found. Did you mean:
2026-08-21 02:08:01.961168     common.Close Test Browser
2026-08-21 02:08:01.961181 ------------------------------------------------------------------------------
2026-08-21 02:08:01.961191 Suites.Cart.TC12 add products to cart :: TC12 - Add Products In Cart  | FAIL |
2026-08-21 02:08:01.961698 1 test, 0 passed, 1 failed
2026-08-21 02:08:01.961713 ==============================================================================
2026-08-21 02:08:01.961725 Suites.Cart                                                           | FAIL |
2026-08-21 02:08:01.962040 1 test, 0 passed, 1 failed
2026-08-21 02:08:01.962098 ==============================================================================
2026-08-21 02:08:01.962112 Suites                                                                | FAIL |
2026-08-21 02:08:01.962416 1 test, 0 passed, 1 failed
2026-08-21 02:08:01.962430 ==============================================================================
2026-08-21 02:08:01.962442 Output:  /home/runner/work/engg-robot-testing-framework/engg-robot-testing-framework/reports/pabot_results/5/output.xml
