2026-06-09 04:47:19.295147 ==============================================================================
2026-06-09 04:47:19.312147 Suites
2026-06-09 04:47:19.312167 ==============================================================================
2026-06-09 04:47:19.312183 Suites.Auth
2026-06-09 04:47:19.312956 ==============================================================================
2026-06-09 04:47:19.413191 Suites.Auth.TC05 register existing email
2026-06-09 04:47:19.435697 ==============================================================================
2026-06-09 04:48:34.189055 TC05 Register User With Existing Email                                | FAIL |
2026-06-09 04:48:34.205028 Element 'xpath=//a[contains(text(),'Logout')]' not visible after 45 seconds.
2026-06-09 04:48:34.205055 ------------------------------------------------------------------------------
2026-06-09 04:48:34.205068 Suites.Auth.TC05 register existing email                              | FAIL |
2026-06-09 04:48:34.205078 1 test, 0 passed, 1 failed
2026-06-09 04:48:34.205087 ==============================================================================
2026-06-09 04:48:34.205094 Suites.Auth                                                           | FAIL |
2026-06-09 04:48:34.205405 1 test, 0 passed, 1 failed
2026-06-09 04:48:34.205429 ==============================================================================
2026-06-09 04:48:34.205448 Suites                                                                | FAIL |
2026-06-09 04:48:34.206208 1 test, 0 passed, 1 failed
2026-06-09 04:48:34.206229 ==============================================================================
2026-06-09 04:48:34.206240 Output:  /home/runner/work/engg-robot-testing-framework/engg-robot-testing-framework/reports/pabot_results/4/output.xml
