2026-06-23 04:40:55.078072 ==============================================================================
2026-06-23 04:40:55.089457 Suites
2026-06-23 04:40:55.089476 ==============================================================================
2026-06-23 04:40:55.089490 Suites.Auth
2026-06-23 04:40:55.090207 ==============================================================================
2026-06-23 04:40:55.090223 Suites.Auth.TC03 login invalid
2026-06-23 04:40:55.090223 [ ERROR ] Error in file '/home/runner/work/engg-robot-testing-framework/engg-robot-testing-framework/tests/auth/TC03_login_invalid.robot' on line 2: Importing library 'playwright_keyword_library.PlaywrightKeywordLibrary' failed: ModuleNotFoundError: No module named 'playwright_keyword_library'
2026-06-23 04:40:55.106812 ==============================================================================
2026-06-23 04:40:55.106812 Traceback (most recent call last):
2026-06-23 04:40:55.106834   None
2026-06-23 04:40:55.156963 PYTHONPATH:
2026-06-23 04:40:55.207139   /opt/hostedtoolcache/Python/3.11.15/x64/bin
2026-06-23 04:40:55.257306   /opt/hostedtoolcache/Python/3.11.15/x64/lib/python311.zip
2026-06-23 04:40:55.307486   /opt/hostedtoolcache/Python/3.11.15/x64/lib/python3.11
2026-06-23 04:40:55.357653   /opt/hostedtoolcache/Python/3.11.15/x64/lib/python3.11/lib-dynload
2026-06-23 04:40:55.407832   /opt/hostedtoolcache/Python/3.11.15/x64/lib/python3.11/site-packages
2026-06-23 04:40:55.457975 [ ERROR ] Error in file '/home/runner/work/engg-robot-testing-framework/engg-robot-testing-framework/resources/auth_keywords.resource' on line 2: Importing library 'playwright_keyword_library.PlaywrightKeywordLibrary' failed: ModuleNotFoundError: No module named 'playwright_keyword_library'
2026-06-23 04:40:55.508150 Traceback (most recent call last):
2026-06-23 04:40:55.558283   None
2026-06-23 04:40:55.608459 PYTHONPATH:
2026-06-23 04:40:55.658624   /opt/hostedtoolcache/Python/3.11.15/x64/bin
2026-06-23 04:40:55.708800   /opt/hostedtoolcache/Python/3.11.15/x64/lib/python311.zip
2026-06-23 04:40:55.758969   /opt/hostedtoolcache/Python/3.11.15/x64/lib/python3.11
2026-06-23 04:40:55.809156   /opt/hostedtoolcache/Python/3.11.15/x64/lib/python3.11/lib-dynload
2026-06-23 04:40:55.859321   /opt/hostedtoolcache/Python/3.11.15/x64/lib/python3.11/site-packages
2026-06-23 04:40:55.909507 [ ERROR ] Error in file '/home/runner/work/engg-robot-testing-framework/engg-robot-testing-framework/resources/common.resource' on line 4: Importing library 'playwright_keyword_library.PlaywrightKeywordLibrary' failed: ModuleNotFoundError: No module named 'playwright_keyword_library'
2026-06-23 04:40:55.959675 Traceback (most recent call last):
2026-06-23 04:40:56.009862   None
2026-06-23 04:40:56.060028 PYTHONPATH:
2026-06-23 04:40:56.110206   /opt/hostedtoolcache/Python/3.11.15/x64/bin
2026-06-23 04:40:56.160373   /opt/hostedtoolcache/Python/3.11.15/x64/lib/python311.zip
2026-06-23 04:40:56.210590   /opt/hostedtoolcache/Python/3.11.15/x64/lib/python3.11
2026-06-23 04:40:56.260754   /opt/hostedtoolcache/Python/3.11.15/x64/lib/python3.11/lib-dynload
2026-06-23 04:40:56.310934   /opt/hostedtoolcache/Python/3.11.15/x64/lib/python3.11/site-packages
2026-06-23 04:41:05.084523 TC03 Login User With Incorrect Email And Password                     | FAIL |
2026-06-23 04:41:05.115978 Setup failed:
2026-06-23 04:41:05.115997 No keyword with name 'Open Browser' found.
2026-06-23 04:41:05.116010 
2026-06-23 04:41:05.116021 Also teardown failed:
2026-06-23 04:41:05.116033 Several failures occurred:
2026-06-23 04:41:05.116043 
2026-06-23 04:41:05.116066 1) No keyword with name 'Register Keyword To Run On Failure' found.
2026-06-23 04:41:05.116076 
2026-06-23 04:41:05.116086 2) No keyword with name 'Close Browser' found. Did you mean:
2026-06-23 04:41:05.116096     common.Close Test Browser
2026-06-23 04:41:05.116105 ------------------------------------------------------------------------------
2026-06-23 04:41:05.116115 Suites.Auth.TC03 login invalid                                        | FAIL |
2026-06-23 04:41:05.116573 1 test, 0 passed, 1 failed
2026-06-23 04:41:05.116631 ==============================================================================
2026-06-23 04:41:05.116643 Suites.Auth                                                           | FAIL |
2026-06-23 04:41:05.116962 1 test, 0 passed, 1 failed
2026-06-23 04:41:05.116977 ==============================================================================
2026-06-23 04:41:05.116988 Suites                                                                | FAIL |
2026-06-23 04:41:05.117265 1 test, 0 passed, 1 failed
2026-06-23 04:41:05.117285 ==============================================================================
2026-06-23 04:41:05.117324 Output:  /home/runner/work/engg-robot-testing-framework/engg-robot-testing-framework/reports/pabot_results/2/output.xml
