2026-08-02 04:03:46.737414 ==============================================================================
2026-08-02 04:03:46.766428 Suites
2026-08-02 04:03:46.766448 ==============================================================================
2026-08-02 04:03:46.766464 Suites.Auth
2026-08-02 04:03:46.767331 ==============================================================================
2026-08-02 04:03:46.767351 Suites.Auth.TC05 register existing email
2026-08-02 04:03:46.767351 [ ERROR ] Error in file '/home/runner/work/engg-robot-testing-framework/engg-robot-testing-framework/tests/auth/TC05_register_existing_email.robot' on line 2: Importing library 'playwright_keyword_library.PlaywrightKeywordLibrary' failed: ModuleNotFoundError: No module named 'playwright_keyword_library'
2026-08-02 04:03:46.786464 ==============================================================================
2026-08-02 04:03:46.786464 Traceback (most recent call last):
2026-08-02 04:03:46.786492   None
2026-08-02 04:03:46.836622 PYTHONPATH:
2026-08-02 04:03:46.886816   /opt/hostedtoolcache/Python/3.11.15/x64/bin
2026-08-02 04:03:46.937014   /opt/hostedtoolcache/Python/3.11.15/x64/lib/python311.zip
2026-08-02 04:03:46.987169   /opt/hostedtoolcache/Python/3.11.15/x64/lib/python3.11
2026-08-02 04:03:47.037336   /opt/hostedtoolcache/Python/3.11.15/x64/lib/python3.11/lib-dynload
2026-08-02 04:03:47.087593   /opt/hostedtoolcache/Python/3.11.15/x64/lib/python3.11/site-packages
2026-08-02 04:03:47.137857 [ ERROR ] Error in file '/home/runner/work/engg-robot-testing-framework/engg-robot-testing-framework/resources/auth_keywords.resource' on line 2: Importing library 'playwright_keyword_library.PlaywrightKeywordLibrary' failed: ModuleNotFoundError: No module named 'playwright_keyword_library'
2026-08-02 04:03:47.188043 Traceback (most recent call last):
2026-08-02 04:03:47.238239   None
2026-08-02 04:03:47.288407 PYTHONPATH:
2026-08-02 04:03:47.338573   /opt/hostedtoolcache/Python/3.11.15/x64/bin
2026-08-02 04:03:47.388777   /opt/hostedtoolcache/Python/3.11.15/x64/lib/python311.zip
2026-08-02 04:03:47.438935   /opt/hostedtoolcache/Python/3.11.15/x64/lib/python3.11
2026-08-02 04:03:47.489073   /opt/hostedtoolcache/Python/3.11.15/x64/lib/python3.11/lib-dynload
2026-08-02 04:03:47.539272   /opt/hostedtoolcache/Python/3.11.15/x64/lib/python3.11/site-packages
2026-08-02 04:03:47.589412 [ ERROR ] Error in file '/home/runner/work/engg-robot-testing-framework/engg-robot-testing-framework/resources/common.resource' on line 4: Importing library 'playwright_keyword_library.PlaywrightKeywordLibrary' failed: ModuleNotFoundError: No module named 'playwright_keyword_library'
2026-08-02 04:03:47.639565 Traceback (most recent call last):
2026-08-02 04:03:47.689760   None
2026-08-02 04:03:47.739913 PYTHONPATH:
2026-08-02 04:03:47.790037   /opt/hostedtoolcache/Python/3.11.15/x64/bin
2026-08-02 04:03:47.840193   /opt/hostedtoolcache/Python/3.11.15/x64/lib/python311.zip
2026-08-02 04:03:47.890305   /opt/hostedtoolcache/Python/3.11.15/x64/lib/python3.11
2026-08-02 04:03:47.940448   /opt/hostedtoolcache/Python/3.11.15/x64/lib/python3.11/lib-dynload
2026-08-02 04:03:47.990570   /opt/hostedtoolcache/Python/3.11.15/x64/lib/python3.11/site-packages
2026-08-02 04:03:56.762779 TC05 Register User With Existing Email                                | FAIL |
2026-08-02 04:03:56.797390 Setup failed:
2026-08-02 04:03:56.797407 No keyword with name 'Open Browser' found.
2026-08-02 04:03:56.797416 
2026-08-02 04:03:56.797423 Also teardown failed:
2026-08-02 04:03:56.797431 Several failures occurred:
2026-08-02 04:03:56.797438 
2026-08-02 04:03:56.797447 1) No keyword with name 'Register Keyword To Run On Failure' found.
2026-08-02 04:03:56.797454 
2026-08-02 04:03:56.797461 2) No keyword with name 'Close Browser' found. Did you mean:
2026-08-02 04:03:56.797468     common.Close Test Browser
2026-08-02 04:03:56.797475 ------------------------------------------------------------------------------
2026-08-02 04:03:56.797482 Suites.Auth.TC05 register existing email                              | FAIL |
2026-08-02 04:03:56.798031 1 test, 0 passed, 1 failed
2026-08-02 04:03:56.798044 ==============================================================================
2026-08-02 04:03:56.798052 Suites.Auth                                                           | FAIL |
2026-08-02 04:03:56.798491 1 test, 0 passed, 1 failed
2026-08-02 04:03:56.798503 ==============================================================================
2026-08-02 04:03:56.798512 Suites                                                                | FAIL |
2026-08-02 04:03:56.798892 1 test, 0 passed, 1 failed
2026-08-02 04:03:56.798905 ==============================================================================
2026-08-02 04:03:56.798914 Output:  /home/runner/work/engg-robot-testing-framework/engg-robot-testing-framework/reports/pabot_results/4/output.xml
