2026-09-28 05:43:35.806401 ==============================================================================
2026-09-28 05:43:35.831801 Suites
2026-09-28 05:43:35.831815 ==============================================================================
2026-09-28 05:43:35.831823 Suites.Cart
2026-09-28 05:43:35.832427 ==============================================================================
2026-09-28 05:43:35.832438 Suites.Cart.TC20 search and verify cart after login :: TC20 - Search Produc...
2026-09-28 05:43:35.832438 [ ERROR ] Error in file '/home/runner/work/engg-robot-testing-framework/engg-robot-testing-framework/tests/cart/TC20_search_and_verify_cart_after_login.robot' on line 3: Importing library 'playwright_keyword_library.PlaywrightKeywordLibrary' failed: ModuleNotFoundError: No module named 'playwright_keyword_library'
2026-09-28 05:43:35.857837 ==============================================================================
2026-09-28 05:43:35.857837 Traceback (most recent call last):
2026-09-28 05:43:35.857853   None
2026-09-28 05:43:35.907960 PYTHONPATH:
2026-09-28 05:43:35.958116   /opt/hostedtoolcache/Python/3.11.16/x64/bin
2026-09-28 05:43:36.008223   /opt/hostedtoolcache/Python/3.11.16/x64/lib/python311.zip
2026-09-28 05:43:36.058349   /opt/hostedtoolcache/Python/3.11.16/x64/lib/python3.11
2026-09-28 05:43:36.108458   /opt/hostedtoolcache/Python/3.11.16/x64/lib/python3.11/lib-dynload
2026-09-28 05:43:36.158594   /opt/hostedtoolcache/Python/3.11.16/x64/lib/python3.11/site-packages
2026-09-28 05:43:36.208702 [ ERROR ] Error in file '/home/runner/work/engg-robot-testing-framework/engg-robot-testing-framework/resources/common.resource' on line 4: Importing library 'playwright_keyword_library.PlaywrightKeywordLibrary' failed: ModuleNotFoundError: No module named 'playwright_keyword_library'
2026-09-28 05:43:36.258818 Traceback (most recent call last):
2026-09-28 05:43:36.308920   None
2026-09-28 05:43:36.359070 PYTHONPATH:
2026-09-28 05:43:36.409190   /opt/hostedtoolcache/Python/3.11.16/x64/bin
2026-09-28 05:43:36.459276   /opt/hostedtoolcache/Python/3.11.16/x64/lib/python311.zip
2026-09-28 05:43:36.509369   /opt/hostedtoolcache/Python/3.11.16/x64/lib/python3.11
2026-09-28 05:43:36.559460   /opt/hostedtoolcache/Python/3.11.16/x64/lib/python3.11/lib-dynload
2026-09-28 05:43:36.609536   /opt/hostedtoolcache/Python/3.11.16/x64/lib/python3.11/site-packages
2026-09-28 05:43:36.659632 [ ERROR ] Error in file '/home/runner/work/engg-robot-testing-framework/engg-robot-testing-framework/resources/product_keywords.resource' on line 2: Importing library 'playwright_keyword_library.PlaywrightKeywordLibrary' failed: ModuleNotFoundError: No module named 'playwright_keyword_library'
2026-09-28 05:43:36.709742 Traceback (most recent call last):
2026-09-28 05:43:36.759840   None
2026-09-28 05:43:36.809954 PYTHONPATH:
2026-09-28 05:43:36.860105   /opt/hostedtoolcache/Python/3.11.16/x64/bin
2026-09-28 05:43:36.910200   /opt/hostedtoolcache/Python/3.11.16/x64/lib/python311.zip
2026-09-28 05:43:36.960293   /opt/hostedtoolcache/Python/3.11.16/x64/lib/python3.11
2026-09-28 05:43:37.010384   /opt/hostedtoolcache/Python/3.11.16/x64/lib/python3.11/lib-dynload
2026-09-28 05:43:37.060469   /opt/hostedtoolcache/Python/3.11.16/x64/lib/python3.11/site-packages
2026-09-28 05:43:37.110543 [ ERROR ] Error in file '/home/runner/work/engg-robot-testing-framework/engg-robot-testing-framework/resources/cart_keywords.resource' on line 2: Importing library 'playwright_keyword_library.PlaywrightKeywordLibrary' failed: ModuleNotFoundError: No module named 'playwright_keyword_library'
2026-09-28 05:43:37.160616 Traceback (most recent call last):
2026-09-28 05:43:37.210689   None
2026-09-28 05:43:37.260764 PYTHONPATH:
2026-09-28 05:43:37.310838   /opt/hostedtoolcache/Python/3.11.16/x64/bin
2026-09-28 05:43:37.360911   /opt/hostedtoolcache/Python/3.11.16/x64/lib/python311.zip
2026-09-28 05:43:37.410985   /opt/hostedtoolcache/Python/3.11.16/x64/lib/python3.11
2026-09-28 05:43:37.461098   /opt/hostedtoolcache/Python/3.11.16/x64/lib/python3.11/lib-dynload
2026-09-28 05:43:37.511172   /opt/hostedtoolcache/Python/3.11.16/x64/lib/python3.11/site-packages
2026-09-28 05:43:37.561252 [ ERROR ] Error in file '/home/runner/work/engg-robot-testing-framework/engg-robot-testing-framework/resources/auth_keywords.resource' on line 2: Importing library 'playwright_keyword_library.PlaywrightKeywordLibrary' failed: ModuleNotFoundError: No module named 'playwright_keyword_library'
2026-09-28 05:43:37.611347 Traceback (most recent call last):
2026-09-28 05:43:37.661440   None
2026-09-28 05:43:37.711547 PYTHONPATH:
2026-09-28 05:43:37.761651   /opt/hostedtoolcache/Python/3.11.16/x64/bin
2026-09-28 05:43:37.811748   /opt/hostedtoolcache/Python/3.11.16/x64/lib/python311.zip
2026-09-28 05:43:37.861871   /opt/hostedtoolcache/Python/3.11.16/x64/lib/python3.11
2026-09-28 05:43:37.911975   /opt/hostedtoolcache/Python/3.11.16/x64/lib/python3.11/lib-dynload
2026-09-28 05:43:37.962106   /opt/hostedtoolcache/Python/3.11.16/x64/lib/python3.11/site-packages
2026-09-28 05:43:45.824704 TC20 Search Products And Verify Cart After Login                      | FAIL |
2026-09-28 05:43:45.866468 Setup failed:
2026-09-28 05:43:45.866481 No keyword with name 'Open Browser' found.
2026-09-28 05:43:45.866490 
2026-09-28 05:43:45.866498 Also teardown failed:
2026-09-28 05:43:45.866506 Several failures occurred:
2026-09-28 05:43:45.866514 
2026-09-28 05:43:45.866522 1) No keyword with name 'Register Keyword To Run On Failure' found.
2026-09-28 05:43:45.866529 
2026-09-28 05:43:45.866535 2) No keyword with name 'Close Browser' found. Did you mean:
2026-09-28 05:43:45.866542     common.Close Test Browser
2026-09-28 05:43:45.866548 ------------------------------------------------------------------------------
2026-09-28 05:43:45.866556 Suites.Cart.TC20 search and verify cart after login :: TC20 - Sear... | FAIL |
2026-09-28 05:43:45.867000 1 test, 0 passed, 1 failed
2026-09-28 05:43:45.867011 ==============================================================================
2026-09-28 05:43:45.867018 Suites.Cart                                                           | FAIL |
2026-09-28 05:43:45.867306 1 test, 0 passed, 1 failed
2026-09-28 05:43:45.867367 ==============================================================================
2026-09-28 05:43:45.867375 Suites                                                                | FAIL |
2026-09-28 05:43:45.867596 1 test, 0 passed, 1 failed
2026-09-28 05:43:45.867657 ==============================================================================
2026-09-28 05:43:45.867665 Output:  /home/runner/work/engg-robot-testing-framework/engg-robot-testing-framework/reports/pabot_results/8/output.xml
