2026-08-11 02:35:08.955311 ==============================================================================
2026-08-11 02:35:08.972268 Suites
2026-08-11 02:35:08.972287 ==============================================================================
2026-08-11 02:35:08.972300 Suites.Auth
2026-08-11 02:35:08.973051 ==============================================================================
2026-08-11 02:35:08.973068 Suites.Auth.TC03 login invalid
2026-08-11 02:35:08.973068 [ ERROR ] Error in file '/home/runner/work/engg-robot-testing-framework/engg-robot-testing-framework/tests/auth/TC03_login_invalid.robot' on line 2: Importing library 'playwright_keyword_library.PlaywrightKeywordLibrary' failed: ModuleNotFoundError: No module named 'playwright_keyword_library'
2026-08-11 02:35:08.990064 ==============================================================================
2026-08-11 02:35:08.990064 Traceback (most recent call last):
2026-08-11 02:35:08.990087   None
2026-08-11 02:35:09.040260 PYTHONPATH:
2026-08-11 02:35:09.090466   /opt/hostedtoolcache/Python/3.11.15/x64/bin
2026-08-11 02:35:09.140686   /opt/hostedtoolcache/Python/3.11.15/x64/lib/python311.zip
2026-08-11 02:35:09.190871   /opt/hostedtoolcache/Python/3.11.15/x64/lib/python3.11
2026-08-11 02:35:09.241089   /opt/hostedtoolcache/Python/3.11.15/x64/lib/python3.11/lib-dynload
2026-08-11 02:35:09.291310   /opt/hostedtoolcache/Python/3.11.15/x64/lib/python3.11/site-packages
2026-08-11 02:35:09.341475 [ ERROR ] Error in file '/home/runner/work/engg-robot-testing-framework/engg-robot-testing-framework/resources/auth_keywords.resource' on line 2: Importing library 'playwright_keyword_library.PlaywrightKeywordLibrary' failed: ModuleNotFoundError: No module named 'playwright_keyword_library'
2026-08-11 02:35:09.391664 Traceback (most recent call last):
2026-08-11 02:35:09.441883   None
2026-08-11 02:35:09.492113 PYTHONPATH:
2026-08-11 02:35:09.542328   /opt/hostedtoolcache/Python/3.11.15/x64/bin
2026-08-11 02:35:09.592565   /opt/hostedtoolcache/Python/3.11.15/x64/lib/python311.zip
2026-08-11 02:35:09.642791   /opt/hostedtoolcache/Python/3.11.15/x64/lib/python3.11
2026-08-11 02:35:09.693015   /opt/hostedtoolcache/Python/3.11.15/x64/lib/python3.11/lib-dynload
2026-08-11 02:35:09.743224   /opt/hostedtoolcache/Python/3.11.15/x64/lib/python3.11/site-packages
2026-08-11 02:35:09.793432 [ ERROR ] Error in file '/home/runner/work/engg-robot-testing-framework/engg-robot-testing-framework/resources/common.resource' on line 4: Importing library 'playwright_keyword_library.PlaywrightKeywordLibrary' failed: ModuleNotFoundError: No module named 'playwright_keyword_library'
2026-08-11 02:35:09.843624 Traceback (most recent call last):
2026-08-11 02:35:09.893834   None
2026-08-11 02:35:09.944042 PYTHONPATH:
2026-08-11 02:35:09.994249   /opt/hostedtoolcache/Python/3.11.15/x64/bin
2026-08-11 02:35:10.044444   /opt/hostedtoolcache/Python/3.11.15/x64/lib/python311.zip
2026-08-11 02:35:10.094664   /opt/hostedtoolcache/Python/3.11.15/x64/lib/python3.11
2026-08-11 02:35:10.144852   /opt/hostedtoolcache/Python/3.11.15/x64/lib/python3.11/lib-dynload
2026-08-11 02:35:10.195049   /opt/hostedtoolcache/Python/3.11.15/x64/lib/python3.11/site-packages
2026-08-11 02:35:18.969939 TC03 Login User With Incorrect Email And Password                     | FAIL |
2026-08-11 02:35:18.999371 Setup failed:
2026-08-11 02:35:18.999385 No keyword with name 'Open Browser' found.
2026-08-11 02:35:18.999394 
2026-08-11 02:35:18.999401 Also teardown failed:
2026-08-11 02:35:18.999408 Several failures occurred:
2026-08-11 02:35:18.999414 
2026-08-11 02:35:18.999421 1) No keyword with name 'Register Keyword To Run On Failure' found.
2026-08-11 02:35:18.999429 
2026-08-11 02:35:18.999435 2) No keyword with name 'Close Browser' found. Did you mean:
2026-08-11 02:35:18.999447     common.Close Test Browser
2026-08-11 02:35:18.999454 ------------------------------------------------------------------------------
2026-08-11 02:35:18.999460 Suites.Auth.TC03 login invalid                                        | FAIL |
2026-08-11 02:35:18.999929 1 test, 0 passed, 1 failed
2026-08-11 02:35:18.999958 ==============================================================================
2026-08-11 02:35:18.999965 Suites.Auth                                                           | FAIL |
2026-08-11 02:35:19.000283 1 test, 0 passed, 1 failed
2026-08-11 02:35:19.000319 ==============================================================================
2026-08-11 02:35:19.000326 Suites                                                                | FAIL |
2026-08-11 02:35:19.000614 1 test, 0 passed, 1 failed
2026-08-11 02:35:19.000645 ==============================================================================
2026-08-11 02:35:19.000652 Output:  /home/runner/work/engg-robot-testing-framework/engg-robot-testing-framework/reports/pabot_results/2/output.xml
