2026-09-02 04:55:31.502022 ==============================================================================
2026-09-02 04:55:31.523923 Suites
2026-09-02 04:55:31.523944 ==============================================================================
2026-09-02 04:55:31.523986 Suites.Cart
2026-09-02 04:55:31.524804 ==============================================================================
2026-09-02 04:55:31.524823 Suites.Cart.TC13 verify product quantity :: TC13 - Verify Product Quantity ...
2026-09-02 04:55:31.524823 [ ERROR ] Error in file '/home/runner/work/engg-robot-testing-framework/engg-robot-testing-framework/resources/common.resource' on line 4: Importing library 'playwright_keyword_library.PlaywrightKeywordLibrary' failed: ModuleNotFoundError: No module named 'playwright_keyword_library'
2026-09-02 04:55:31.554612 ==============================================================================
2026-09-02 04:55:31.554612 Traceback (most recent call last):
2026-09-02 04:55:31.554637   None
2026-09-02 04:55:31.604756 PYTHONPATH:
2026-09-02 04:55:31.654873   /opt/hostedtoolcache/Python/3.11.16/x64/bin
2026-09-02 04:55:31.704985   /opt/hostedtoolcache/Python/3.11.16/x64/lib/python311.zip
2026-09-02 04:55:31.755094   /opt/hostedtoolcache/Python/3.11.16/x64/lib/python3.11
2026-09-02 04:55:31.805212   /opt/hostedtoolcache/Python/3.11.16/x64/lib/python3.11/lib-dynload
2026-09-02 04:55:31.855366   /opt/hostedtoolcache/Python/3.11.16/x64/lib/python3.11/site-packages
2026-09-02 04:55:31.905514 [ ERROR ] Error in file '/home/runner/work/engg-robot-testing-framework/engg-robot-testing-framework/resources/product_keywords.resource' on line 2: Importing library 'playwright_keyword_library.PlaywrightKeywordLibrary' failed: ModuleNotFoundError: No module named 'playwright_keyword_library'
2026-09-02 04:55:31.955682 Traceback (most recent call last):
2026-09-02 04:55:32.005818   None
2026-09-02 04:55:32.055971 PYTHONPATH:
2026-09-02 04:55:32.106121   /opt/hostedtoolcache/Python/3.11.16/x64/bin
2026-09-02 04:55:32.156278   /opt/hostedtoolcache/Python/3.11.16/x64/lib/python311.zip
2026-09-02 04:55:32.206436   /opt/hostedtoolcache/Python/3.11.16/x64/lib/python3.11
2026-09-02 04:55:32.256585   /opt/hostedtoolcache/Python/3.11.16/x64/lib/python3.11/lib-dynload
2026-09-02 04:55:32.306733   /opt/hostedtoolcache/Python/3.11.16/x64/lib/python3.11/site-packages
2026-09-02 04:55:32.356880 [ ERROR ] Error in file '/home/runner/work/engg-robot-testing-framework/engg-robot-testing-framework/resources/cart_keywords.resource' on line 2: Importing library 'playwright_keyword_library.PlaywrightKeywordLibrary' failed: ModuleNotFoundError: No module named 'playwright_keyword_library'
2026-09-02 04:55:32.407039 Traceback (most recent call last):
2026-09-02 04:55:32.457198   None
2026-09-02 04:55:32.507348 PYTHONPATH:
2026-09-02 04:55:32.557504   /opt/hostedtoolcache/Python/3.11.16/x64/bin
2026-09-02 04:55:32.607663   /opt/hostedtoolcache/Python/3.11.16/x64/lib/python311.zip
2026-09-02 04:55:32.657813   /opt/hostedtoolcache/Python/3.11.16/x64/lib/python3.11
2026-09-02 04:55:32.707929   /opt/hostedtoolcache/Python/3.11.16/x64/lib/python3.11/lib-dynload
2026-09-02 04:55:32.758074   /opt/hostedtoolcache/Python/3.11.16/x64/lib/python3.11/site-packages
2026-09-02 04:55:41.529622 TC13 Verify Product Quantity In Cart                                  | FAIL |
2026-09-02 04:55:41.565602 Setup failed:
2026-09-02 04:55:41.565626 No keyword with name 'Open Browser' found.
2026-09-02 04:55:41.565646 
2026-09-02 04:55:41.565691 Also teardown failed:
2026-09-02 04:55:41.565707 Several failures occurred:
2026-09-02 04:55:41.565719 
2026-09-02 04:55:41.565732 1) No keyword with name 'Register Keyword To Run On Failure' found.
2026-09-02 04:55:41.565746 
2026-09-02 04:55:41.565758 2) No keyword with name 'Close Browser' found. Did you mean:
2026-09-02 04:55:41.565771     common.Close Test Browser
2026-09-02 04:55:41.565783 ------------------------------------------------------------------------------
2026-09-02 04:55:41.565796 Suites.Cart.TC13 verify product quantity :: TC13 - Verify Product ... | FAIL |
2026-09-02 04:55:41.566395 1 test, 0 passed, 1 failed
2026-09-02 04:55:41.566421 ==============================================================================
2026-09-02 04:55:41.566442 Suites.Cart                                                           | FAIL |
2026-09-02 04:55:41.566789 1 test, 0 passed, 1 failed
2026-09-02 04:55:41.566895 ==============================================================================
2026-09-02 04:55:41.566912 Suites                                                                | FAIL |
2026-09-02 04:55:41.567264 1 test, 0 passed, 1 failed
2026-09-02 04:55:41.567468 ==============================================================================
2026-09-02 04:55:41.567485 Output:  /home/runner/work/engg-robot-testing-framework/engg-robot-testing-framework/reports/pabot_results/6/output.xml
