2026-07-10 04:34:12.966526 ==============================================================================
2026-07-10 04:34:12.984997 Suites
2026-07-10 04:34:12.985021 ==============================================================================
2026-07-10 04:34:12.985037 Suites.Cart
2026-07-10 04:34:12.985886 ==============================================================================
2026-07-10 04:34:12.985906 Suites.Cart.TC20 search and verify cart after login :: TC20 - Search Produc...
2026-07-10 04:34:12.985906 [ ERROR ] Error in file '/home/runner/work/engg-robot-testing-framework/engg-robot-testing-framework/tests/cart/TC20_search_and_verify_cart_after_login.robot' on line 3: Importing library 'playwright_keyword_library.PlaywrightKeywordLibrary' failed: ModuleNotFoundError: No module named 'playwright_keyword_library'
2026-07-10 04:34:13.023101 ==============================================================================
2026-07-10 04:34:13.023101 Traceback (most recent call last):
2026-07-10 04:34:13.023126   None
2026-07-10 04:34:13.073235 PYTHONPATH:
2026-07-10 04:34:13.123354   /opt/hostedtoolcache/Python/3.11.15/x64/bin
2026-07-10 04:34:13.173458   /opt/hostedtoolcache/Python/3.11.15/x64/lib/python311.zip
2026-07-10 04:34:13.223562   /opt/hostedtoolcache/Python/3.11.15/x64/lib/python3.11
2026-07-10 04:34:13.273663   /opt/hostedtoolcache/Python/3.11.15/x64/lib/python3.11/lib-dynload
2026-07-10 04:34:13.323766   /opt/hostedtoolcache/Python/3.11.15/x64/lib/python3.11/site-packages
2026-07-10 04:34:13.373909 [ ERROR ] Error in file '/home/runner/work/engg-robot-testing-framework/engg-robot-testing-framework/resources/common.resource' on line 4: Importing library 'playwright_keyword_library.PlaywrightKeywordLibrary' failed: ModuleNotFoundError: No module named 'playwright_keyword_library'
2026-07-10 04:34:13.424023 Traceback (most recent call last):
2026-07-10 04:34:13.474171   None
2026-07-10 04:34:13.524277 PYTHONPATH:
2026-07-10 04:34:13.574429   /opt/hostedtoolcache/Python/3.11.15/x64/bin
2026-07-10 04:34:13.624543   /opt/hostedtoolcache/Python/3.11.15/x64/lib/python311.zip
2026-07-10 04:34:13.674694   /opt/hostedtoolcache/Python/3.11.15/x64/lib/python3.11
2026-07-10 04:34:13.724845   /opt/hostedtoolcache/Python/3.11.15/x64/lib/python3.11/lib-dynload
2026-07-10 04:34:13.774999   /opt/hostedtoolcache/Python/3.11.15/x64/lib/python3.11/site-packages
2026-07-10 04:34:13.825149 [ ERROR ] Error in file '/home/runner/work/engg-robot-testing-framework/engg-robot-testing-framework/resources/product_keywords.resource' on line 2: Importing library 'playwright_keyword_library.PlaywrightKeywordLibrary' failed: ModuleNotFoundError: No module named 'playwright_keyword_library'
2026-07-10 04:34:13.875302 Traceback (most recent call last):
2026-07-10 04:34:13.925375   None
2026-07-10 04:34:13.975524 PYTHONPATH:
2026-07-10 04:34:14.025629   /opt/hostedtoolcache/Python/3.11.15/x64/bin
2026-07-10 04:34:14.075782   /opt/hostedtoolcache/Python/3.11.15/x64/lib/python311.zip
2026-07-10 04:34:14.125932   /opt/hostedtoolcache/Python/3.11.15/x64/lib/python3.11
2026-07-10 04:34:14.176083   /opt/hostedtoolcache/Python/3.11.15/x64/lib/python3.11/lib-dynload
2026-07-10 04:34:14.226218   /opt/hostedtoolcache/Python/3.11.15/x64/lib/python3.11/site-packages
2026-07-10 04:34:14.276334 [ ERROR ] Error in file '/home/runner/work/engg-robot-testing-framework/engg-robot-testing-framework/resources/cart_keywords.resource' on line 2: Importing library 'playwright_keyword_library.PlaywrightKeywordLibrary' failed: ModuleNotFoundError: No module named 'playwright_keyword_library'
2026-07-10 04:34:14.326439 Traceback (most recent call last):
2026-07-10 04:34:14.376575   None
2026-07-10 04:34:14.426697 PYTHONPATH:
2026-07-10 04:34:14.476847   /opt/hostedtoolcache/Python/3.11.15/x64/bin
2026-07-10 04:34:14.526969   /opt/hostedtoolcache/Python/3.11.15/x64/lib/python311.zip
2026-07-10 04:34:14.577123   /opt/hostedtoolcache/Python/3.11.15/x64/lib/python3.11
2026-07-10 04:34:14.627222   /opt/hostedtoolcache/Python/3.11.15/x64/lib/python3.11/lib-dynload
2026-07-10 04:34:14.677373   /opt/hostedtoolcache/Python/3.11.15/x64/lib/python3.11/site-packages
2026-07-10 04:34:14.727491 [ ERROR ] Error in file '/home/runner/work/engg-robot-testing-framework/engg-robot-testing-framework/resources/auth_keywords.resource' on line 2: Importing library 'playwright_keyword_library.PlaywrightKeywordLibrary' failed: ModuleNotFoundError: No module named 'playwright_keyword_library'
2026-07-10 04:34:14.777641 Traceback (most recent call last):
2026-07-10 04:34:14.827748   None
2026-07-10 04:34:14.877899 PYTHONPATH:
2026-07-10 04:34:14.928001   /opt/hostedtoolcache/Python/3.11.15/x64/bin
2026-07-10 04:34:14.978149   /opt/hostedtoolcache/Python/3.11.15/x64/lib/python311.zip
2026-07-10 04:34:15.028281   /opt/hostedtoolcache/Python/3.11.15/x64/lib/python3.11
2026-07-10 04:34:15.078434   /opt/hostedtoolcache/Python/3.11.15/x64/lib/python3.11/lib-dynload
2026-07-10 04:34:15.128564   /opt/hostedtoolcache/Python/3.11.15/x64/lib/python3.11/site-packages
2026-07-10 04:34:22.999298 TC20 Search Products And Verify Cart After Login                      | FAIL |
2026-07-10 04:34:23.034703 Setup failed:
2026-07-10 04:34:23.034722 No keyword with name 'Open Browser' found.
2026-07-10 04:34:23.034738 
2026-07-10 04:34:23.034752 Also teardown failed:
2026-07-10 04:34:23.034765 Several failures occurred:
2026-07-10 04:34:23.034778 
2026-07-10 04:34:23.034791 1) No keyword with name 'Register Keyword To Run On Failure' found.
2026-07-10 04:34:23.034804 
2026-07-10 04:34:23.034815 2) No keyword with name 'Close Browser' found. Did you mean:
2026-07-10 04:34:23.034826     common.Close Test Browser
2026-07-10 04:34:23.034838 ------------------------------------------------------------------------------
2026-07-10 04:34:23.034849 Suites.Cart.TC20 search and verify cart after login :: TC20 - Sear... | FAIL |
2026-07-10 04:34:23.035458 1 test, 0 passed, 1 failed
2026-07-10 04:34:23.035478 ==============================================================================
2026-07-10 04:34:23.035493 Suites.Cart                                                           | FAIL |
2026-07-10 04:34:23.035875 1 test, 0 passed, 1 failed
2026-07-10 04:34:23.035894 ==============================================================================
2026-07-10 04:34:23.035908 Suites                                                                | FAIL |
2026-07-10 04:34:23.036226 1 test, 0 passed, 1 failed
2026-07-10 04:34:23.036250 ==============================================================================
2026-07-10 04:34:23.036313 Output:  /home/runner/work/engg-robot-testing-framework/engg-robot-testing-framework/reports/pabot_results/8/output.xml
