2026-07-12 04:06:33.688738 ==============================================================================
2026-07-12 04:06:33.700747 Suites
2026-07-12 04:06:33.700765 ==============================================================================
2026-07-12 04:06:33.700778 Suites.Auth
2026-07-12 04:06:33.701531 ==============================================================================
2026-07-12 04:06:33.701549 Suites.Auth.TC04 logout user
2026-07-12 04:06:33.701549 [ ERROR ] Error in file '/home/runner/work/engg-robot-testing-framework/engg-robot-testing-framework/tests/auth/TC04_logout_user.robot' on line 2: Importing library 'playwright_keyword_library.PlaywrightKeywordLibrary' failed: ModuleNotFoundError: No module named 'playwright_keyword_library'
2026-07-12 04:06:33.718370 ==============================================================================
2026-07-12 04:06:33.718370 Traceback (most recent call last):
2026-07-12 04:06:33.718395   None
2026-07-12 04:06:33.768488 PYTHONPATH:
2026-07-12 04:06:33.818619   /opt/hostedtoolcache/Python/3.11.15/x64/bin
2026-07-12 04:06:33.868753   /opt/hostedtoolcache/Python/3.11.15/x64/lib/python311.zip
2026-07-12 04:06:33.918888   /opt/hostedtoolcache/Python/3.11.15/x64/lib/python3.11
2026-07-12 04:06:33.969015   /opt/hostedtoolcache/Python/3.11.15/x64/lib/python3.11/lib-dynload
2026-07-12 04:06:34.019148   /opt/hostedtoolcache/Python/3.11.15/x64/lib/python3.11/site-packages
2026-07-12 04:06:34.069281 [ ERROR ] Error in file '/home/runner/work/engg-robot-testing-framework/engg-robot-testing-framework/resources/auth_keywords.resource' on line 2: Importing library 'playwright_keyword_library.PlaywrightKeywordLibrary' failed: ModuleNotFoundError: No module named 'playwright_keyword_library'
2026-07-12 04:06:34.119413 Traceback (most recent call last):
2026-07-12 04:06:34.169519   None
2026-07-12 04:06:34.219650 PYTHONPATH:
2026-07-12 04:06:34.269760   /opt/hostedtoolcache/Python/3.11.15/x64/bin
2026-07-12 04:06:34.319870   /opt/hostedtoolcache/Python/3.11.15/x64/lib/python311.zip
2026-07-12 04:06:34.370009   /opt/hostedtoolcache/Python/3.11.15/x64/lib/python3.11
2026-07-12 04:06:34.420143   /opt/hostedtoolcache/Python/3.11.15/x64/lib/python3.11/lib-dynload
2026-07-12 04:06:34.470273   /opt/hostedtoolcache/Python/3.11.15/x64/lib/python3.11/site-packages
2026-07-12 04:06:34.520406 [ ERROR ] Error in file '/home/runner/work/engg-robot-testing-framework/engg-robot-testing-framework/resources/common.resource' on line 4: Importing library 'playwright_keyword_library.PlaywrightKeywordLibrary' failed: ModuleNotFoundError: No module named 'playwright_keyword_library'
2026-07-12 04:06:34.570554 Traceback (most recent call last):
2026-07-12 04:06:34.620685   None
2026-07-12 04:06:34.670818 PYTHONPATH:
2026-07-12 04:06:34.720949   /opt/hostedtoolcache/Python/3.11.15/x64/bin
2026-07-12 04:06:34.771037   /opt/hostedtoolcache/Python/3.11.15/x64/lib/python311.zip
2026-07-12 04:06:34.821166   /opt/hostedtoolcache/Python/3.11.15/x64/lib/python3.11
2026-07-12 04:06:34.871253   /opt/hostedtoolcache/Python/3.11.15/x64/lib/python3.11/lib-dynload
2026-07-12 04:06:34.921380   /opt/hostedtoolcache/Python/3.11.15/x64/lib/python3.11/site-packages
2026-07-12 04:06:43.695462 TC04 Logout User                                                      | FAIL |
2026-07-12 04:06:43.727573 Setup failed:
2026-07-12 04:06:43.727587 No keyword with name 'Open Browser' found.
2026-07-12 04:06:43.727599 
2026-07-12 04:06:43.727610 Also teardown failed:
2026-07-12 04:06:43.727620 Several failures occurred:
2026-07-12 04:06:43.727631 
2026-07-12 04:06:43.727642 1) No keyword with name 'Register Keyword To Run On Failure' found.
2026-07-12 04:06:43.727654 
2026-07-12 04:06:43.727664 2) No keyword with name 'Close Browser' found. Did you mean:
2026-07-12 04:06:43.727675     common.Close Test Browser
2026-07-12 04:06:43.727686 ------------------------------------------------------------------------------
2026-07-12 04:06:43.727696 Suites.Auth.TC04 logout user                                          | FAIL |
2026-07-12 04:06:43.728166 1 test, 0 passed, 1 failed
2026-07-12 04:06:43.728214 ==============================================================================
2026-07-12 04:06:43.728225 Suites.Auth                                                           | FAIL |
2026-07-12 04:06:43.728550 1 test, 0 passed, 1 failed
2026-07-12 04:06:43.728600 ==============================================================================
2026-07-12 04:06:43.728610 Suites                                                                | FAIL |
2026-07-12 04:06:43.728868 1 test, 0 passed, 1 failed
2026-07-12 04:06:43.728895 ==============================================================================
2026-07-12 04:06:43.728905 Output:  /home/runner/work/engg-robot-testing-framework/engg-robot-testing-framework/reports/pabot_results/3/output.xml
