2026-08-17 02:04:11.586177 ==============================================================================
2026-08-17 02:04:11.605265 Suites
2026-08-17 02:04:11.605282 ==============================================================================
2026-08-17 02:04:11.605295 Suites.Cart
2026-08-17 02:04:11.606146 ==============================================================================
2026-08-17 02:04:11.606162 Suites.Cart.TC17 remove products from cart :: TC17 - Remove Products From Cart
2026-08-17 02:04:11.606162 [ ERROR ] Error in file '/home/runner/work/engg-robot-testing-framework/engg-robot-testing-framework/resources/common.resource' on line 4: Importing library 'playwright_keyword_library.PlaywrightKeywordLibrary' failed: ModuleNotFoundError: No module named 'playwright_keyword_library'
2026-08-17 02:04:11.634499 ==============================================================================
2026-08-17 02:04:11.634499 Traceback (most recent call last):
2026-08-17 02:04:11.634520   None
2026-08-17 02:04:11.684613 PYTHONPATH:
2026-08-17 02:04:11.734700   /opt/hostedtoolcache/Python/3.11.15/x64/bin
2026-08-17 02:04:11.784808   /opt/hostedtoolcache/Python/3.11.15/x64/lib/python311.zip
2026-08-17 02:04:11.834922   /opt/hostedtoolcache/Python/3.11.15/x64/lib/python3.11
2026-08-17 02:04:11.885061   /opt/hostedtoolcache/Python/3.11.15/x64/lib/python3.11/lib-dynload
2026-08-17 02:04:11.935167   /opt/hostedtoolcache/Python/3.11.15/x64/lib/python3.11/site-packages
2026-08-17 02:04:11.985328 [ ERROR ] Error in file '/home/runner/work/engg-robot-testing-framework/engg-robot-testing-framework/resources/product_keywords.resource' on line 2: Importing library 'playwright_keyword_library.PlaywrightKeywordLibrary' failed: ModuleNotFoundError: No module named 'playwright_keyword_library'
2026-08-17 02:04:12.035424 Traceback (most recent call last):
2026-08-17 02:04:12.085563   None
2026-08-17 02:04:12.135665 PYTHONPATH:
2026-08-17 02:04:12.185800   /opt/hostedtoolcache/Python/3.11.15/x64/bin
2026-08-17 02:04:12.235896   /opt/hostedtoolcache/Python/3.11.15/x64/lib/python311.zip
2026-08-17 02:04:12.286025   /opt/hostedtoolcache/Python/3.11.15/x64/lib/python3.11
2026-08-17 02:04:12.336123   /opt/hostedtoolcache/Python/3.11.15/x64/lib/python3.11/lib-dynload
2026-08-17 02:04:12.386260   /opt/hostedtoolcache/Python/3.11.15/x64/lib/python3.11/site-packages
2026-08-17 02:04:12.436451 [ ERROR ] Error in file '/home/runner/work/engg-robot-testing-framework/engg-robot-testing-framework/resources/cart_keywords.resource' on line 2: Importing library 'playwright_keyword_library.PlaywrightKeywordLibrary' failed: ModuleNotFoundError: No module named 'playwright_keyword_library'
2026-08-17 02:04:12.486589 Traceback (most recent call last):
2026-08-17 02:04:12.536760   None
2026-08-17 02:04:12.586898 PYTHONPATH:
2026-08-17 02:04:12.637030   /opt/hostedtoolcache/Python/3.11.15/x64/bin
2026-08-17 02:04:12.687164   /opt/hostedtoolcache/Python/3.11.15/x64/lib/python311.zip
2026-08-17 02:04:12.737297   /opt/hostedtoolcache/Python/3.11.15/x64/lib/python3.11
2026-08-17 02:04:12.787429   /opt/hostedtoolcache/Python/3.11.15/x64/lib/python3.11/lib-dynload
2026-08-17 02:04:12.837528   /opt/hostedtoolcache/Python/3.11.15/x64/lib/python3.11/site-packages
2026-08-17 02:04:21.610804 TC17 Remove Products From Cart                                        | FAIL |
2026-08-17 02:04:21.646408 Setup failed:
2026-08-17 02:04:21.646424 No keyword with name 'Open Browser' found.
2026-08-17 02:04:21.646442 
2026-08-17 02:04:21.646453 Also teardown failed:
2026-08-17 02:04:21.646464 Several failures occurred:
2026-08-17 02:04:21.646475 
2026-08-17 02:04:21.646485 1) No keyword with name 'Register Keyword To Run On Failure' found.
2026-08-17 02:04:21.646495 
2026-08-17 02:04:21.646505 2) No keyword with name 'Close Browser' found. Did you mean:
2026-08-17 02:04:21.646515     common.Close Test Browser
2026-08-17 02:04:21.646525 ------------------------------------------------------------------------------
2026-08-17 02:04:21.646536 Suites.Cart.TC17 remove products from cart :: TC17 - Remove Produc... | FAIL |
2026-08-17 02:04:21.646546 1 test, 0 passed, 1 failed
2026-08-17 02:04:21.646556 ==============================================================================
2026-08-17 02:04:21.646566 Suites.Cart                                                           | FAIL |
2026-08-17 02:04:21.646575 1 test, 0 passed, 1 failed
2026-08-17 02:04:21.646586 ==============================================================================
2026-08-17 02:04:21.646597 Suites                                                                | FAIL |
2026-08-17 02:04:21.648418 1 test, 0 passed, 1 failed
2026-08-17 02:04:21.648430 ==============================================================================
2026-08-17 02:04:21.648440 Output:  /home/runner/work/engg-robot-testing-framework/engg-robot-testing-framework/reports/pabot_results/7/output.xml
