2026-09-06 04:57:12.064027 ==============================================================================
2026-09-06 04:57:12.082287 Suites
2026-09-06 04:57:12.082311 ==============================================================================
2026-09-06 04:57:12.082330 Suites.Auth
2026-09-06 04:57:12.083146 ==============================================================================
2026-09-06 04:57:12.083166 Suites.Auth.TC01 register user
2026-09-06 04:57:12.083166 [ ERROR ] Error in file '/home/runner/work/engg-robot-testing-framework/engg-robot-testing-framework/tests/auth/TC01_register_user.robot' on line 2: Importing library 'playwright_keyword_library.PlaywrightKeywordLibrary' failed: ModuleNotFoundError: No module named 'playwright_keyword_library'
2026-09-06 04:57:12.102481 ==============================================================================
2026-09-06 04:57:12.102481 Traceback (most recent call last):
2026-09-06 04:57:12.102507   None
2026-09-06 04:57:12.152629 PYTHONPATH:
2026-09-06 04:57:12.202796   /opt/hostedtoolcache/Python/3.11.16/x64/bin
2026-09-06 04:57:12.252938   /opt/hostedtoolcache/Python/3.11.16/x64/lib/python311.zip
2026-09-06 04:57:12.303058   /opt/hostedtoolcache/Python/3.11.16/x64/lib/python3.11
2026-09-06 04:57:12.353174   /opt/hostedtoolcache/Python/3.11.16/x64/lib/python3.11/lib-dynload
2026-09-06 04:57:12.403276   /opt/hostedtoolcache/Python/3.11.16/x64/lib/python3.11/site-packages
2026-09-06 04:57:12.453382 [ ERROR ] Error in file '/home/runner/work/engg-robot-testing-framework/engg-robot-testing-framework/resources/auth_keywords.resource' on line 2: Importing library 'playwright_keyword_library.PlaywrightKeywordLibrary' failed: ModuleNotFoundError: No module named 'playwright_keyword_library'
2026-09-06 04:57:12.503647 Traceback (most recent call last):
2026-09-06 04:57:12.553795   None
2026-09-06 04:57:12.603943 PYTHONPATH:
2026-09-06 04:57:12.654084   /opt/hostedtoolcache/Python/3.11.16/x64/bin
2026-09-06 04:57:12.704243   /opt/hostedtoolcache/Python/3.11.16/x64/lib/python311.zip
2026-09-06 04:57:12.754395   /opt/hostedtoolcache/Python/3.11.16/x64/lib/python3.11
2026-09-06 04:57:12.804548   /opt/hostedtoolcache/Python/3.11.16/x64/lib/python3.11/lib-dynload
2026-09-06 04:57:12.854681   /opt/hostedtoolcache/Python/3.11.16/x64/lib/python3.11/site-packages
2026-09-06 04:57:12.904847 [ ERROR ] Error in file '/home/runner/work/engg-robot-testing-framework/engg-robot-testing-framework/resources/common.resource' on line 4: Importing library 'playwright_keyword_library.PlaywrightKeywordLibrary' failed: ModuleNotFoundError: No module named 'playwright_keyword_library'
2026-09-06 04:57:12.955012 Traceback (most recent call last):
2026-09-06 04:57:13.005166   None
2026-09-06 04:57:13.055338 PYTHONPATH:
2026-09-06 04:57:13.105495   /opt/hostedtoolcache/Python/3.11.16/x64/bin
2026-09-06 04:57:13.155616   /opt/hostedtoolcache/Python/3.11.16/x64/lib/python311.zip
2026-09-06 04:57:13.205775   /opt/hostedtoolcache/Python/3.11.16/x64/lib/python3.11
2026-09-06 04:57:13.255927   /opt/hostedtoolcache/Python/3.11.16/x64/lib/python3.11/lib-dynload
2026-09-06 04:57:13.306066   /opt/hostedtoolcache/Python/3.11.16/x64/lib/python3.11/site-packages
2026-09-06 04:57:22.079679 TC01 Register User                                                    | FAIL |
2026-09-06 04:57:22.112745 Setup failed:
2026-09-06 04:57:22.112761 No keyword with name 'Open Browser' found.
2026-09-06 04:57:22.112772 
2026-09-06 04:57:22.112781 Also teardown failed:
2026-09-06 04:57:22.112789 Several failures occurred:
2026-09-06 04:57:22.112797 
2026-09-06 04:57:22.112817 1) No keyword with name 'Register Keyword To Run On Failure' found.
2026-09-06 04:57:22.112835 
2026-09-06 04:57:22.112852 2) No keyword with name 'Close Browser' found. Did you mean:
2026-09-06 04:57:22.112870     common.Close Test Browser
2026-09-06 04:57:22.112882 ------------------------------------------------------------------------------
2026-09-06 04:57:22.112890 Suites.Auth.TC01 register user                                        | FAIL |
2026-09-06 04:57:22.113394 1 test, 0 passed, 1 failed
2026-09-06 04:57:22.113466 ==============================================================================
2026-09-06 04:57:22.113476 Suites.Auth                                                           | FAIL |
2026-09-06 04:57:22.113861 1 test, 0 passed, 1 failed
2026-09-06 04:57:22.113920 ==============================================================================
2026-09-06 04:57:22.113930 Suites                                                                | FAIL |
2026-09-06 04:57:22.114311 1 test, 0 passed, 1 failed
2026-09-06 04:57:22.114324 ==============================================================================
2026-09-06 04:57:22.114333 Output:  /home/runner/work/engg-robot-testing-framework/engg-robot-testing-framework/reports/pabot_results/0/output.xml
