[INFO]    Initialized logging in reports/pabot_results
[INFO]    Robot Framework remote server at 127.0.0.1:8270 started.
[DEBUG]   2026-05-18 04:50:15.337067 [PID:2401] [1] [ID:1] EXECUTING Suites.Auth.TC02 login valid
[DEBUG]   2026-05-18 04:50:15.338560 [PID:2402] [0] [ID:0] EXECUTING Suites.Auth.TC01 register user
[DEBUG]   2026-05-18 04:50:20.343614 [PID:2401] [1] [ID:1] still running Suites.Auth.TC02 login valid after 5.0s
[DEBUG]   2026-05-18 04:50:20.344547 [PID:2402] [0] [ID:0] still running Suites.Auth.TC01 register user after 5.0s
[DEBUG]   2026-05-18 04:50:30.357359 [PID:2402] [0] [ID:0] still running Suites.Auth.TC01 register user after 15.0s
[DEBUG]   2026-05-18 04:50:30.357492 [PID:2401] [1] [ID:1] still running Suites.Auth.TC02 login valid after 15.0s
[DEBUG]   2026-05-18 04:50:45.380035 [PID:2402] [0] [ID:0] still running Suites.Auth.TC01 register user after 30.0s
[DEBUG]   2026-05-18 04:50:45.385125 [PID:2401] [1] [ID:1] still running Suites.Auth.TC02 login valid after 30.0s
[INFO]    2026-05-18 04:50:58.800529 [PID:2402] [0] [ID:0] PASSED Suites.Auth.TC01 register user in 43.5 seconds
[DEBUG]   2026-05-18 04:50:58.805900 [PID:2909] [0] [ID:2] EXECUTING Suites.Auth.TC03 login invalid
[DEBUG]   2026-05-18 04:51:03.811491 [PID:2909] [0] [ID:2] still running Suites.Auth.TC03 login invalid after 5.0s
[DEBUG]   2026-05-18 04:51:05.410665 [PID:2401] [1] [ID:1] still running Suites.Auth.TC02 login valid after 50.0s
[DEBUG]   2026-05-18 04:51:13.820947 [PID:2909] [0] [ID:2] still running Suites.Auth.TC03 login invalid after 15.0s
[INFO]    2026-05-18 04:51:14.424881 [PID:2909] [0] [ID:2] PASSED Suites.Auth.TC03 login invalid in 15.6 seconds
[DEBUG]   2026-05-18 04:51:14.429914 [PID:3156] [1] [ID:3] EXECUTING Suites.Auth.TC04 logout user
[DEBUG]   2026-05-18 04:51:19.440846 [PID:3156] [1] [ID:3] still running Suites.Auth.TC04 logout user after 5.0s
[DEBUG]   2026-05-18 04:51:29.456006 [PID:3156] [1] [ID:3] still running Suites.Auth.TC04 logout user after 15.0s
[DEBUG]   2026-05-18 04:51:30.448317 [PID:2401] [1] [ID:1] still running Suites.Auth.TC02 login valid after 75.0s
[DEBUG]   2026-05-18 04:51:44.470250 [PID:3156] [1] [ID:3] still running Suites.Auth.TC04 logout user after 30.0s
[INFO]    2026-05-18 04:51:46.068625 [PID:2401] [1] [ID:1] Execution failed in Suites.Auth.TC02 login valid with 1 failing test(s)
==============================================================================
Suites
==============================================================================
Suites.Auth
==============================================================================
Suites.Auth.TC02 login valid
==============================================================================
TC02 Login User With Correct Email And Password                       | FAIL |
Element 'xpath=//a[contains(text(),'Logout')]' not visible after 45 seconds.
------------------------------------------------------------------------------
Suites.Auth.TC02 login valid                                          | FAIL |
1 test, 0 passed, 1 failed
==============================================================================
Suites.Auth                                                           | FAIL |
1 test, 0 passed, 1 failed
==============================================================================
Suites                                                                | FAIL |
1 test, 0 passed, 1 failed
==============================================================================
Output:  /home/runner/work/engg-robot-testing-framework/engg-robot-testing-framework/reports/pabot_results/1/output.xml
[DEBUG]   2026-05-18 04:51:46.073851 [PID:3611] [0] [ID:4] EXECUTING Suites.Auth.TC05 register existing email
[INFO]    2026-05-18 04:51:48.984219 [PID:3156] [1] [ID:3] PASSED Suites.Auth.TC04 logout user in 34.6 seconds
[DEBUG]   2026-05-18 04:51:48.988989 [PID:3804] [1] [ID:5] EXECUTING Suites.Cart.TC12 add products to cart
[DEBUG]   2026-05-18 04:51:51.086485 [PID:3611] [0] [ID:4] still running Suites.Auth.TC05 register existing email after 5.0s
[DEBUG]   2026-05-18 04:51:54.000764 [PID:3804] [1] [ID:5] still running Suites.Cart.TC12 add products to cart after 5.0s
[DEBUG]   2026-05-18 04:52:01.103166 [PID:3611] [0] [ID:4] still running Suites.Auth.TC05 register existing email after 15.0s
[DEBUG]   2026-05-18 04:52:04.012905 [PID:3804] [1] [ID:5] still running Suites.Cart.TC12 add products to cart after 15.0s
[INFO]    2026-05-18 04:52:07.820468 [PID:3804] [1] [ID:5] PASSED Suites.Cart.TC12 add products to cart in 18.8 seconds
[DEBUG]   2026-05-18 04:52:07.826511 [PID:4743] [0] [ID:6] EXECUTING Suites.Cart.TC13 verify product quantity
[DEBUG]   2026-05-18 04:52:12.832989 [PID:4743] [0] [ID:6] still running Suites.Cart.TC13 verify product quantity after 5.0s
[DEBUG]   2026-05-18 04:52:16.119961 [PID:3611] [0] [ID:4] still running Suites.Auth.TC05 register existing email after 30.0s
[INFO]    2026-05-18 04:52:21.446403 [PID:4743] [0] [ID:6] PASSED Suites.Cart.TC13 verify product quantity in 13.6 seconds
[DEBUG]   2026-05-18 04:52:21.452098 [PID:4981] [1] [ID:7] EXECUTING Suites.Cart.TC17 remove products from cart
[DEBUG]   2026-05-18 04:52:26.458812 [PID:4981] [1] [ID:7] still running Suites.Cart.TC17 remove products from cart after 5.0s
[DEBUG]   2026-05-18 04:52:36.150129 [PID:3611] [0] [ID:4] still running Suites.Auth.TC05 register existing email after 50.0s
[DEBUG]   2026-05-18 04:52:36.472796 [PID:4981] [1] [ID:7] still running Suites.Cart.TC17 remove products from cart after 15.0s
[INFO]    2026-05-18 04:52:39.785709 [PID:4981] [1] [ID:7] PASSED Suites.Cart.TC17 remove products from cart in 18.3 seconds
[DEBUG]   2026-05-18 04:52:39.790757 [PID:5232] [0] [ID:8] EXECUTING Suites.Cart.TC20 search and verify cart after login
[DEBUG]   2026-05-18 04:52:44.798796 [PID:5232] [0] [ID:8] still running Suites.Cart.TC20 search and verify cart after login after 5.0s
[DEBUG]   2026-05-18 04:52:54.810575 [PID:5232] [0] [ID:8] still running Suites.Cart.TC20 search and verify cart after login after 15.0s
[DEBUG]   2026-05-18 04:53:01.188902 [PID:3611] [0] [ID:4] still running Suites.Auth.TC05 register existing email after 75.0s
[DEBUG]   2026-05-18 04:53:09.828027 [PID:5232] [0] [ID:8] still running Suites.Cart.TC20 search and verify cart after login after 30.0s
[INFO]    2026-05-18 04:53:15.613426 [PID:3611] [0] [ID:4] Execution failed in Suites.Auth.TC05 register existing email with 1 failing test(s)
==============================================================================
Suites
==============================================================================
Suites.Auth
==============================================================================
Suites.Auth.TC05 register existing email
==============================================================================
TC05 Register User With Existing Email                                | FAIL |
Text 'Account Deleted' did not appear in 1 minute.
------------------------------------------------------------------------------
Suites.Auth.TC05 register existing email                              | FAIL |
1 test, 0 passed, 1 failed
==============================================================================
Suites.Auth                                                           | FAIL |
1 test, 0 passed, 1 failed
==============================================================================
Suites                                                                | FAIL |
1 test, 0 passed, 1 failed
==============================================================================
Output:  /home/runner/work/engg-robot-testing-framework/engg-robot-testing-framework/reports/pabot_results/4/output.xml

[ WARN ] Native click failed on Delete Account; trying JS click fallback.
[DEBUG]   2026-05-18 04:53:15.617607 [PID:5670] [1] [ID:9] EXECUTING Suites.Cart.TC22 add from recommended items
[INFO]    2026-05-18 04:53:17.140365 [PID:5232] [0] [ID:8] PASSED Suites.Cart.TC20 search and verify cart after login in 37.4 seconds
[DEBUG]   2026-05-18 04:53:20.622864 [PID:5670] [1] [ID:9] still running Suites.Cart.TC22 add from recommended items after 5.0s
[DEBUG]   2026-05-18 04:53:30.632779 [PID:5670] [1] [ID:9] still running Suites.Cart.TC22 add from recommended items after 15.0s
[INFO]    2026-05-18 04:53:32.236278 [PID:5670] [1] [ID:9] PASSED Suites.Cart.TC22 add from recommended items in 16.6 seconds
[INFO]    10 tests, 8 passed, 2 failed, 0 skipped.
[INFO]    ===================================================
[INFO]    Output:  /home/runner/work/engg-robot-testing-framework/engg-robot-testing-framework/reports/output.xml
[INFO]    Log:     /home/runner/work/engg-robot-testing-framework/engg-robot-testing-framework/reports/log.html
[INFO]    Report:  /home/runner/work/engg-robot-testing-framework/engg-robot-testing-framework/reports/report.html
[DEBUG]   Finalizing Pabot execution...
[DEBUG]   Stopping PabotLib process
[INFO]    Robot Framework remote server at 127.0.0.1:8270 stopped.
[DEBUG]   PabotLib process stopped
[INFO]    Total testing: 6 minutes 18.60 seconds
[INFO]    Elapsed time:  3 minutes 17.60 seconds
[DEBUG]   Logs flushed successfully.
