2026-09-02 04:55:21.083647 ==============================================================================
2026-09-02 04:55:21.105786 Suites
2026-09-02 04:55:21.105807 ==============================================================================
2026-09-02 04:55:21.105822 Suites.Cart
2026-09-02 04:55:21.106650 ==============================================================================
2026-09-02 04:55:21.106670 Suites.Cart.TC12 add products to cart :: TC12 - Add Products In Cart
2026-09-02 04:55:21.106670 [ ERROR ] Error in file '/home/runner/work/engg-robot-testing-framework/engg-robot-testing-framework/resources/common.resource' on line 4: Importing library 'playwright_keyword_library.PlaywrightKeywordLibrary' failed: ModuleNotFoundError: No module named 'playwright_keyword_library'
2026-09-02 04:55:21.137015 ==============================================================================
2026-09-02 04:55:21.137015 Traceback (most recent call last):
2026-09-02 04:55:21.137054   None
2026-09-02 04:55:21.187163 PYTHONPATH:
2026-09-02 04:55:21.237278   /opt/hostedtoolcache/Python/3.11.16/x64/bin
2026-09-02 04:55:21.287410   /opt/hostedtoolcache/Python/3.11.16/x64/lib/python311.zip
2026-09-02 04:55:21.337527   /opt/hostedtoolcache/Python/3.11.16/x64/lib/python3.11
2026-09-02 04:55:21.387629   /opt/hostedtoolcache/Python/3.11.16/x64/lib/python3.11/lib-dynload
2026-09-02 04:55:21.437781   /opt/hostedtoolcache/Python/3.11.16/x64/lib/python3.11/site-packages
2026-09-02 04:55:21.487931 [ ERROR ] Error in file '/home/runner/work/engg-robot-testing-framework/engg-robot-testing-framework/resources/product_keywords.resource' on line 2: Importing library 'playwright_keyword_library.PlaywrightKeywordLibrary' failed: ModuleNotFoundError: No module named 'playwright_keyword_library'
2026-09-02 04:55:21.538094 Traceback (most recent call last):
2026-09-02 04:55:21.588253   None
2026-09-02 04:55:21.638418 PYTHONPATH:
2026-09-02 04:55:21.688528   /opt/hostedtoolcache/Python/3.11.16/x64/bin
2026-09-02 04:55:21.738675   /opt/hostedtoolcache/Python/3.11.16/x64/lib/python311.zip
2026-09-02 04:55:21.788829   /opt/hostedtoolcache/Python/3.11.16/x64/lib/python3.11
2026-09-02 04:55:21.838990   /opt/hostedtoolcache/Python/3.11.16/x64/lib/python3.11/lib-dynload
2026-09-02 04:55:21.889138   /opt/hostedtoolcache/Python/3.11.16/x64/lib/python3.11/site-packages
2026-09-02 04:55:21.939299 [ ERROR ] Error in file '/home/runner/work/engg-robot-testing-framework/engg-robot-testing-framework/resources/cart_keywords.resource' on line 2: Importing library 'playwright_keyword_library.PlaywrightKeywordLibrary' failed: ModuleNotFoundError: No module named 'playwright_keyword_library'
2026-09-02 04:55:21.989460 Traceback (most recent call last):
2026-09-02 04:55:22.039616   None
2026-09-02 04:55:22.089756 PYTHONPATH:
2026-09-02 04:55:22.139891   /opt/hostedtoolcache/Python/3.11.16/x64/bin
2026-09-02 04:55:22.189994   /opt/hostedtoolcache/Python/3.11.16/x64/lib/python311.zip
2026-09-02 04:55:22.240103   /opt/hostedtoolcache/Python/3.11.16/x64/lib/python3.11
2026-09-02 04:55:22.290256   /opt/hostedtoolcache/Python/3.11.16/x64/lib/python3.11/lib-dynload
2026-09-02 04:55:22.340409   /opt/hostedtoolcache/Python/3.11.16/x64/lib/python3.11/site-packages
2026-09-02 04:55:31.112805 TC12 Add Products In Cart                                             | FAIL |
2026-09-02 04:55:31.149204 Setup failed:
2026-09-02 04:55:31.149216 No keyword with name 'Open Browser' found.
2026-09-02 04:55:31.149225 
2026-09-02 04:55:31.149232 Also teardown failed:
2026-09-02 04:55:31.149239 Several failures occurred:
2026-09-02 04:55:31.149246 
2026-09-02 04:55:31.149252 1) No keyword with name 'Register Keyword To Run On Failure' found.
2026-09-02 04:55:31.149259 
2026-09-02 04:55:31.149265 2) No keyword with name 'Close Browser' found. Did you mean:
2026-09-02 04:55:31.149271     common.Close Test Browser
2026-09-02 04:55:31.149278 ------------------------------------------------------------------------------
2026-09-02 04:55:31.149284 Suites.Cart.TC12 add products to cart :: TC12 - Add Products In Cart  | FAIL |
2026-09-02 04:55:31.150042 1 test, 0 passed, 1 failed
2026-09-02 04:55:31.150103 ==============================================================================
2026-09-02 04:55:31.150112 Suites.Cart                                                           | FAIL |
2026-09-02 04:55:31.150593 1 test, 0 passed, 1 failed
2026-09-02 04:55:31.150635 ==============================================================================
2026-09-02 04:55:31.150642 Suites                                                                | FAIL |
2026-09-02 04:55:31.151089 1 test, 0 passed, 1 failed
2026-09-02 04:55:31.151153 ==============================================================================
2026-09-02 04:55:31.151161 Output:  /home/runner/work/engg-robot-testing-framework/engg-robot-testing-framework/reports/pabot_results/5/output.xml
