2026-08-08 02:28:21.210637 ==============================================================================
2026-08-08 02:28:21.225900 Suites
2026-08-08 02:28:21.225921 ==============================================================================
2026-08-08 02:28:21.225968 Suites.Auth
2026-08-08 02:28:21.226666 ==============================================================================
2026-08-08 02:28:21.226685 Suites.Auth.TC05 register existing email
2026-08-08 02:28:21.226685 [ ERROR ] Error in file '/home/runner/work/engg-robot-testing-framework/engg-robot-testing-framework/tests/auth/TC05_register_existing_email.robot' on line 2: Importing library 'playwright_keyword_library.PlaywrightKeywordLibrary' failed: ModuleNotFoundError: No module named 'playwright_keyword_library'
2026-08-08 02:28:21.244881 ==============================================================================
2026-08-08 02:28:21.244881 Traceback (most recent call last):
2026-08-08 02:28:21.244906   None
2026-08-08 02:28:21.295007 PYTHONPATH:
2026-08-08 02:28:21.345109   /opt/hostedtoolcache/Python/3.11.15/x64/bin
2026-08-08 02:28:21.395212   /opt/hostedtoolcache/Python/3.11.15/x64/lib/python311.zip
2026-08-08 02:28:21.445309   /opt/hostedtoolcache/Python/3.11.15/x64/lib/python3.11
2026-08-08 02:28:21.495402   /opt/hostedtoolcache/Python/3.11.15/x64/lib/python3.11/lib-dynload
2026-08-08 02:28:21.545509   /opt/hostedtoolcache/Python/3.11.15/x64/lib/python3.11/site-packages
2026-08-08 02:28:21.595621 [ ERROR ] Error in file '/home/runner/work/engg-robot-testing-framework/engg-robot-testing-framework/resources/auth_keywords.resource' on line 2: Importing library 'playwright_keyword_library.PlaywrightKeywordLibrary' failed: ModuleNotFoundError: No module named 'playwright_keyword_library'
2026-08-08 02:28:21.645768 Traceback (most recent call last):
2026-08-08 02:28:21.695926   None
2026-08-08 02:28:21.746073 PYTHONPATH:
2026-08-08 02:28:21.796221   /opt/hostedtoolcache/Python/3.11.15/x64/bin
2026-08-08 02:28:21.846362   /opt/hostedtoolcache/Python/3.11.15/x64/lib/python311.zip
2026-08-08 02:28:21.896511   /opt/hostedtoolcache/Python/3.11.15/x64/lib/python3.11
2026-08-08 02:28:21.946669   /opt/hostedtoolcache/Python/3.11.15/x64/lib/python3.11/lib-dynload
2026-08-08 02:28:21.996815   /opt/hostedtoolcache/Python/3.11.15/x64/lib/python3.11/site-packages
2026-08-08 02:28:22.046962 [ ERROR ] Error in file '/home/runner/work/engg-robot-testing-framework/engg-robot-testing-framework/resources/common.resource' on line 4: Importing library 'playwright_keyword_library.PlaywrightKeywordLibrary' failed: ModuleNotFoundError: No module named 'playwright_keyword_library'
2026-08-08 02:28:22.097117 Traceback (most recent call last):
2026-08-08 02:28:22.147274   None
2026-08-08 02:28:22.197469 PYTHONPATH:
2026-08-08 02:28:22.247620   /opt/hostedtoolcache/Python/3.11.15/x64/bin
2026-08-08 02:28:22.297756   /opt/hostedtoolcache/Python/3.11.15/x64/lib/python311.zip
2026-08-08 02:28:22.347868   /opt/hostedtoolcache/Python/3.11.15/x64/lib/python3.11
2026-08-08 02:28:22.398008   /opt/hostedtoolcache/Python/3.11.15/x64/lib/python3.11/lib-dynload
2026-08-08 02:28:22.448154   /opt/hostedtoolcache/Python/3.11.15/x64/lib/python3.11/site-packages
2026-08-08 02:28:31.220245 TC05 Register User With Existing Email                                | FAIL |
2026-08-08 02:28:31.254552 Setup failed:
2026-08-08 02:28:31.254569 No keyword with name 'Open Browser' found.
2026-08-08 02:28:31.254585 
2026-08-08 02:28:31.254606 Also teardown failed:
2026-08-08 02:28:31.254627 Several failures occurred:
2026-08-08 02:28:31.254648 
2026-08-08 02:28:31.254658 1) No keyword with name 'Register Keyword To Run On Failure' found.
2026-08-08 02:28:31.254669 
2026-08-08 02:28:31.254678 2) No keyword with name 'Close Browser' found. Did you mean:
2026-08-08 02:28:31.254688     common.Close Test Browser
2026-08-08 02:28:31.254698 ------------------------------------------------------------------------------
2026-08-08 02:28:31.254708 Suites.Auth.TC05 register existing email                              | FAIL |
2026-08-08 02:28:31.255214 1 test, 0 passed, 1 failed
2026-08-08 02:28:31.255231 ==============================================================================
2026-08-08 02:28:31.255243 Suites.Auth                                                           | FAIL |
2026-08-08 02:28:31.255604 1 test, 0 passed, 1 failed
2026-08-08 02:28:31.255671 ==============================================================================
2026-08-08 02:28:31.255683 Suites                                                                | FAIL |
2026-08-08 02:28:31.256016 1 test, 0 passed, 1 failed
2026-08-08 02:28:31.256081 ==============================================================================
2026-08-08 02:28:31.256092 Output:  /home/runner/work/engg-robot-testing-framework/engg-robot-testing-framework/reports/pabot_results/4/output.xml
