2026-08-23 02:09:57.363197 ==============================================================================
2026-08-23 02:09:57.390429 Suites
2026-08-23 02:09:57.390454 ==============================================================================
2026-08-23 02:09:57.390472 Suites.Cart
2026-08-23 02:09:57.391370 ==============================================================================
2026-08-23 02:09:57.391388 Suites.Cart.TC22 add from recommended items :: TC22 - Add To Cart From Reco...
2026-08-23 02:09:57.391388 [ ERROR ] Error in file '/home/runner/work/engg-robot-testing-framework/engg-robot-testing-framework/resources/common.resource' on line 4: Importing library 'playwright_keyword_library.PlaywrightKeywordLibrary' failed: ModuleNotFoundError: No module named 'playwright_keyword_library'
2026-08-23 02:09:57.416530 ==============================================================================
2026-08-23 02:09:57.416530 Traceback (most recent call last):
2026-08-23 02:09:57.416560   None
2026-08-23 02:09:57.466733 PYTHONPATH:
2026-08-23 02:09:57.516886   /opt/hostedtoolcache/Python/3.11.16/x64/bin
2026-08-23 02:09:57.567054   /opt/hostedtoolcache/Python/3.11.16/x64/lib/python311.zip
2026-08-23 02:09:57.617195   /opt/hostedtoolcache/Python/3.11.16/x64/lib/python3.11
2026-08-23 02:09:57.667376   /opt/hostedtoolcache/Python/3.11.16/x64/lib/python3.11/lib-dynload
2026-08-23 02:09:57.717529   /opt/hostedtoolcache/Python/3.11.16/x64/lib/python3.11/site-packages
2026-08-23 02:09:57.767727 [ ERROR ] Error in file '/home/runner/work/engg-robot-testing-framework/engg-robot-testing-framework/resources/cart_keywords.resource' on line 2: Importing library 'playwright_keyword_library.PlaywrightKeywordLibrary' failed: ModuleNotFoundError: No module named 'playwright_keyword_library'
2026-08-23 02:09:57.817925 Traceback (most recent call last):
2026-08-23 02:09:57.868122   None
2026-08-23 02:09:57.918349 PYTHONPATH:
2026-08-23 02:09:57.968549   /opt/hostedtoolcache/Python/3.11.16/x64/bin
2026-08-23 02:09:58.018742   /opt/hostedtoolcache/Python/3.11.16/x64/lib/python311.zip
2026-08-23 02:09:58.068961   /opt/hostedtoolcache/Python/3.11.16/x64/lib/python3.11
2026-08-23 02:09:58.119145   /opt/hostedtoolcache/Python/3.11.16/x64/lib/python3.11/lib-dynload
2026-08-23 02:09:58.169354   /opt/hostedtoolcache/Python/3.11.16/x64/lib/python3.11/site-packages
2026-08-23 02:10:07.395751 TC22 Add To Cart From Recommended Items                               | FAIL |
2026-08-23 02:10:07.428206 Setup failed:
2026-08-23 02:10:07.428220 No keyword with name 'Open Browser' found.
2026-08-23 02:10:07.428228 
2026-08-23 02:10:07.428235 Also teardown failed:
2026-08-23 02:10:07.428243 Several failures occurred:
2026-08-23 02:10:07.428249 
2026-08-23 02:10:07.428256 1) No keyword with name 'Register Keyword To Run On Failure' found.
2026-08-23 02:10:07.428263 
2026-08-23 02:10:07.428270 2) No keyword with name 'Close Browser' found. Did you mean:
2026-08-23 02:10:07.428276     common.Close Test Browser
2026-08-23 02:10:07.428283 ------------------------------------------------------------------------------
2026-08-23 02:10:07.428289 Suites.Cart.TC22 add from recommended items :: TC22 - Add To Cart ... | FAIL |
2026-08-23 02:10:07.428874 1 test, 0 passed, 1 failed
2026-08-23 02:10:07.428936 ==============================================================================
2026-08-23 02:10:07.428946 Suites.Cart                                                           | FAIL |
2026-08-23 02:10:07.429371 1 test, 0 passed, 1 failed
2026-08-23 02:10:07.429444 ==============================================================================
2026-08-23 02:10:07.429454 Suites                                                                | FAIL |
2026-08-23 02:10:07.429783 1 test, 0 passed, 1 failed
2026-08-23 02:10:07.429843 ==============================================================================
2026-08-23 02:10:07.429853 Output:  /home/runner/work/engg-robot-testing-framework/engg-robot-testing-framework/reports/pabot_results/9/output.xml
