==============================================================================
Suites
==============================================================================
Suites.Cart
==============================================================================
Suites.Cart.TC22 add from recommended items :: TC22 - Add To Cart From Reco...
==============================================================================
TC22 Add To Cart From Recommended Items                               | FAIL |
Setup failed:
No keyword with name 'Open Browser' found.

Also teardown failed:
Several failures occurred:

1) No keyword with name 'Register Keyword To Run On Failure' found.

2) No keyword with name 'Close Browser' found. Did you mean:
    common.Close Test Browser
------------------------------------------------------------------------------
Suites.Cart.TC22 add from recommended items :: TC22 - Add To Cart ... | FAIL |
1 test, 0 passed, 1 failed
==============================================================================
Suites.Cart                                                           | FAIL |
1 test, 0 passed, 1 failed
==============================================================================
Suites                                                                | FAIL |
1 test, 0 passed, 1 failed
==============================================================================
Output:  /home/runner/work/engg-robot-testing-framework/engg-robot-testing-framework/reports/pabot_results/9/output.xml
