2026-09-20 05:12:50.143462 ==============================================================================
2026-09-20 05:12:50.163617 Suites
2026-09-20 05:12:50.163639 ==============================================================================
2026-09-20 05:12:50.163655 Suites.Auth
2026-09-20 05:12:50.164472 ==============================================================================
2026-09-20 05:12:50.164497 Suites.Auth.TC03 login invalid
2026-09-20 05:12:50.164497 [ ERROR ] Error in file '/home/runner/work/engg-robot-testing-framework/engg-robot-testing-framework/tests/auth/TC03_login_invalid.robot' on line 2: Importing library 'playwright_keyword_library.PlaywrightKeywordLibrary' failed: ModuleNotFoundError: No module named 'playwright_keyword_library'
2026-09-20 05:12:50.183501 ==============================================================================
2026-09-20 05:12:50.183501 Traceback (most recent call last):
2026-09-20 05:12:50.183556   None
2026-09-20 05:12:50.233696 PYTHONPATH:
2026-09-20 05:12:50.283838   /opt/hostedtoolcache/Python/3.11.16/x64/bin
2026-09-20 05:12:50.333965   /opt/hostedtoolcache/Python/3.11.16/x64/lib/python311.zip
2026-09-20 05:12:50.384077   /opt/hostedtoolcache/Python/3.11.16/x64/lib/python3.11
2026-09-20 05:12:50.434194   /opt/hostedtoolcache/Python/3.11.16/x64/lib/python3.11/lib-dynload
2026-09-20 05:12:50.484359   /opt/hostedtoolcache/Python/3.11.16/x64/lib/python3.11/site-packages
2026-09-20 05:12:50.534524 [ ERROR ] Error in file '/home/runner/work/engg-robot-testing-framework/engg-robot-testing-framework/resources/auth_keywords.resource' on line 2: Importing library 'playwright_keyword_library.PlaywrightKeywordLibrary' failed: ModuleNotFoundError: No module named 'playwright_keyword_library'
2026-09-20 05:12:50.584723 Traceback (most recent call last):
2026-09-20 05:12:50.634896   None
2026-09-20 05:12:50.685056 PYTHONPATH:
2026-09-20 05:12:50.735230   /opt/hostedtoolcache/Python/3.11.16/x64/bin
2026-09-20 05:12:50.785423   /opt/hostedtoolcache/Python/3.11.16/x64/lib/python311.zip
2026-09-20 05:12:50.835560   /opt/hostedtoolcache/Python/3.11.16/x64/lib/python3.11
2026-09-20 05:12:50.885699   /opt/hostedtoolcache/Python/3.11.16/x64/lib/python3.11/lib-dynload
2026-09-20 05:12:50.935864   /opt/hostedtoolcache/Python/3.11.16/x64/lib/python3.11/site-packages
2026-09-20 05:12:50.986045 [ ERROR ] Error in file '/home/runner/work/engg-robot-testing-framework/engg-robot-testing-framework/resources/common.resource' on line 4: Importing library 'playwright_keyword_library.PlaywrightKeywordLibrary' failed: ModuleNotFoundError: No module named 'playwright_keyword_library'
2026-09-20 05:12:51.036208 Traceback (most recent call last):
2026-09-20 05:12:51.086380   None
2026-09-20 05:12:51.136541 PYTHONPATH:
2026-09-20 05:12:51.186738   /opt/hostedtoolcache/Python/3.11.16/x64/bin
2026-09-20 05:12:51.236919   /opt/hostedtoolcache/Python/3.11.16/x64/lib/python311.zip
2026-09-20 05:12:51.287108   /opt/hostedtoolcache/Python/3.11.16/x64/lib/python3.11
2026-09-20 05:12:51.337329   /opt/hostedtoolcache/Python/3.11.16/x64/lib/python3.11/lib-dynload
2026-09-20 05:12:51.387522   /opt/hostedtoolcache/Python/3.11.16/x64/lib/python3.11/site-packages
2026-09-20 05:13:00.161350 TC03 Login User With Incorrect Email And Password                     | FAIL |
2026-09-20 05:13:00.193536 Setup failed:
2026-09-20 05:13:00.193556 No keyword with name 'Open Browser' found.
2026-09-20 05:13:00.193571 
2026-09-20 05:13:00.193586 Also teardown failed:
2026-09-20 05:13:00.193599 Several failures occurred:
2026-09-20 05:13:00.193613 
2026-09-20 05:13:00.193632 1) No keyword with name 'Register Keyword To Run On Failure' found.
2026-09-20 05:13:00.193645 
2026-09-20 05:13:00.193655 2) No keyword with name 'Close Browser' found. Did you mean:
2026-09-20 05:13:00.193667     common.Close Test Browser
2026-09-20 05:13:00.193678 ------------------------------------------------------------------------------
2026-09-20 05:13:00.193689 Suites.Auth.TC03 login invalid                                        | FAIL |
2026-09-20 05:13:00.194173 1 test, 0 passed, 1 failed
2026-09-20 05:13:00.194191 ==============================================================================
2026-09-20 05:13:00.194204 Suites.Auth                                                           | FAIL |
2026-09-20 05:13:00.194615 1 test, 0 passed, 1 failed
2026-09-20 05:13:00.194631 ==============================================================================
2026-09-20 05:13:00.194645 Suites                                                                | FAIL |
2026-09-20 05:13:00.194960 1 test, 0 passed, 1 failed
2026-09-20 05:13:00.194976 ==============================================================================
2026-09-20 05:13:00.194990 Output:  /home/runner/work/engg-robot-testing-framework/engg-robot-testing-framework/reports/pabot_results/2/output.xml
