2026-05-09 04:04:51.197742 ==============================================================================
2026-05-09 04:04:51.221643 Suites
2026-05-09 04:04:51.221661 ==============================================================================
2026-05-09 04:04:51.221669 Suites.Cart
2026-05-09 04:04:51.222483 ==============================================================================
2026-05-09 04:04:51.322704 Suites.Cart.TC20 search and verify cart after login :: TC20 - Search Produc...
2026-05-09 04:04:51.351192 ==============================================================================
2026-05-09 04:06:21.380117 [ WARN ] Native click failed on Delete Account; trying JS click fallback.
2026-05-09 04:06:21.935593 TC20 Search Products And Verify Cart After Login                      | FAIL |
2026-05-09 04:06:21.983808 Text 'Account Deleted' did not appear in 1 minute.
2026-05-09 04:06:21.983824 ------------------------------------------------------------------------------
2026-05-09 04:06:21.983834 Suites.Cart.TC20 search and verify cart after login :: TC20 - Sear... | FAIL |
2026-05-09 04:06:21.984546 1 test, 0 passed, 1 failed
2026-05-09 04:06:21.984577 ==============================================================================
2026-05-09 04:06:21.984585 Suites.Cart                                                           | FAIL |
2026-05-09 04:06:21.985089 1 test, 0 passed, 1 failed
2026-05-09 04:06:21.985130 ==============================================================================
2026-05-09 04:06:21.985139 Suites                                                                | FAIL |
2026-05-09 04:06:21.985400 1 test, 0 passed, 1 failed
2026-05-09 04:06:21.985431 ==============================================================================
2026-05-09 04:06:21.985439 Output:  /home/runner/work/engg-robot-testing-framework/engg-robot-testing-framework/reports/pabot_results/8/output.xml
