2026-09-15 05:09:53.469330 ==============================================================================
2026-09-15 05:09:53.513070 Suites
2026-09-15 05:09:53.513086 ==============================================================================
2026-09-15 05:09:53.513096 Suites.Cart
2026-09-15 05:09:53.513662 ==============================================================================
2026-09-15 05:09:53.513673 Suites.Cart.TC20 search and verify cart after login :: TC20 - Search Produc...
2026-09-15 05:09:53.513673 [ ERROR ] Error in file '/home/runner/work/engg-robot-testing-framework/engg-robot-testing-framework/tests/cart/TC20_search_and_verify_cart_after_login.robot' on line 3: Importing library 'playwright_keyword_library.PlaywrightKeywordLibrary' failed: ModuleNotFoundError: No module named 'playwright_keyword_library'
2026-09-15 05:09:53.542609 ==============================================================================
2026-09-15 05:09:53.542609 Traceback (most recent call last):
2026-09-15 05:09:53.542628   None
2026-09-15 05:09:53.592828 PYTHONPATH:
2026-09-15 05:09:53.642965   /opt/hostedtoolcache/Python/3.11.16/x64/bin
2026-09-15 05:09:53.693087   /opt/hostedtoolcache/Python/3.11.16/x64/lib/python311.zip
2026-09-15 05:09:53.743223   /opt/hostedtoolcache/Python/3.11.16/x64/lib/python3.11
2026-09-15 05:09:53.793394   /opt/hostedtoolcache/Python/3.11.16/x64/lib/python3.11/lib-dynload
2026-09-15 05:09:53.843536   /opt/hostedtoolcache/Python/3.11.16/x64/lib/python3.11/site-packages
2026-09-15 05:09:53.893673 [ ERROR ] Error in file '/home/runner/work/engg-robot-testing-framework/engg-robot-testing-framework/resources/common.resource' on line 4: Importing library 'playwright_keyword_library.PlaywrightKeywordLibrary' failed: ModuleNotFoundError: No module named 'playwright_keyword_library'
2026-09-15 05:09:53.943795 Traceback (most recent call last):
2026-09-15 05:09:53.994035   None
2026-09-15 05:09:54.044191 PYTHONPATH:
2026-09-15 05:09:54.094311   /opt/hostedtoolcache/Python/3.11.16/x64/bin
2026-09-15 05:09:54.144451   /opt/hostedtoolcache/Python/3.11.16/x64/lib/python311.zip
2026-09-15 05:09:54.194607   /opt/hostedtoolcache/Python/3.11.16/x64/lib/python3.11
2026-09-15 05:09:54.244768   /opt/hostedtoolcache/Python/3.11.16/x64/lib/python3.11/lib-dynload
2026-09-15 05:09:54.295011   /opt/hostedtoolcache/Python/3.11.16/x64/lib/python3.11/site-packages
2026-09-15 05:09:54.345151 [ ERROR ] Error in file '/home/runner/work/engg-robot-testing-framework/engg-robot-testing-framework/resources/product_keywords.resource' on line 2: Importing library 'playwright_keyword_library.PlaywrightKeywordLibrary' failed: ModuleNotFoundError: No module named 'playwright_keyword_library'
2026-09-15 05:09:54.395276 Traceback (most recent call last):
2026-09-15 05:09:54.445407   None
2026-09-15 05:09:54.495525 PYTHONPATH:
2026-09-15 05:09:54.545697   /opt/hostedtoolcache/Python/3.11.16/x64/bin
2026-09-15 05:09:54.595829   /opt/hostedtoolcache/Python/3.11.16/x64/lib/python311.zip
2026-09-15 05:09:54.645971   /opt/hostedtoolcache/Python/3.11.16/x64/lib/python3.11
2026-09-15 05:09:54.696129   /opt/hostedtoolcache/Python/3.11.16/x64/lib/python3.11/lib-dynload
2026-09-15 05:09:54.746275   /opt/hostedtoolcache/Python/3.11.16/x64/lib/python3.11/site-packages
2026-09-15 05:09:54.796480 [ ERROR ] Error in file '/home/runner/work/engg-robot-testing-framework/engg-robot-testing-framework/resources/cart_keywords.resource' on line 2: Importing library 'playwright_keyword_library.PlaywrightKeywordLibrary' failed: ModuleNotFoundError: No module named 'playwright_keyword_library'
2026-09-15 05:09:54.846647 Traceback (most recent call last):
2026-09-15 05:09:54.896788   None
2026-09-15 05:09:54.946933 PYTHONPATH:
2026-09-15 05:09:54.997103   /opt/hostedtoolcache/Python/3.11.16/x64/bin
2026-09-15 05:09:55.047243   /opt/hostedtoolcache/Python/3.11.16/x64/lib/python311.zip
2026-09-15 05:09:55.097417   /opt/hostedtoolcache/Python/3.11.16/x64/lib/python3.11
2026-09-15 05:09:55.147560   /opt/hostedtoolcache/Python/3.11.16/x64/lib/python3.11/lib-dynload
2026-09-15 05:09:55.197733   /opt/hostedtoolcache/Python/3.11.16/x64/lib/python3.11/site-packages
2026-09-15 05:09:55.247904 [ ERROR ] Error in file '/home/runner/work/engg-robot-testing-framework/engg-robot-testing-framework/resources/auth_keywords.resource' on line 2: Importing library 'playwright_keyword_library.PlaywrightKeywordLibrary' failed: ModuleNotFoundError: No module named 'playwright_keyword_library'
2026-09-15 05:09:55.298074 Traceback (most recent call last):
2026-09-15 05:09:55.348233   None
2026-09-15 05:09:55.398393 PYTHONPATH:
2026-09-15 05:09:55.448543   /opt/hostedtoolcache/Python/3.11.16/x64/bin
2026-09-15 05:09:55.498697   /opt/hostedtoolcache/Python/3.11.16/x64/lib/python311.zip
2026-09-15 05:09:55.548844   /opt/hostedtoolcache/Python/3.11.16/x64/lib/python3.11
2026-09-15 05:09:55.598998   /opt/hostedtoolcache/Python/3.11.16/x64/lib/python3.11/lib-dynload
2026-09-15 05:09:55.649132   /opt/hostedtoolcache/Python/3.11.16/x64/lib/python3.11/site-packages
2026-09-15 05:10:03.514666 TC20 Search Products And Verify Cart After Login                      | FAIL |
2026-09-15 05:10:03.552800 Setup failed:
2026-09-15 05:10:03.552814 No keyword with name 'Open Browser' found.
2026-09-15 05:10:03.552820 
2026-09-15 05:10:03.552826 Also teardown failed:
2026-09-15 05:10:03.552831 Several failures occurred:
2026-09-15 05:10:03.552836 
2026-09-15 05:10:03.552842 1) No keyword with name 'Register Keyword To Run On Failure' found.
2026-09-15 05:10:03.552847 
2026-09-15 05:10:03.552852 2) No keyword with name 'Close Browser' found. Did you mean:
2026-09-15 05:10:03.552858     common.Close Test Browser
2026-09-15 05:10:03.552863 ------------------------------------------------------------------------------
2026-09-15 05:10:03.552867 Suites.Cart.TC20 search and verify cart after login :: TC20 - Sear... | FAIL |
2026-09-15 05:10:03.553159 1 test, 0 passed, 1 failed
2026-09-15 05:10:03.553207 ==============================================================================
2026-09-15 05:10:03.553213 Suites.Cart                                                           | FAIL |
2026-09-15 05:10:03.553441 1 test, 0 passed, 1 failed
2026-09-15 05:10:03.553495 ==============================================================================
2026-09-15 05:10:03.553500 Suites                                                                | FAIL |
2026-09-15 05:10:03.553694 1 test, 0 passed, 1 failed
2026-09-15 05:10:03.553766 ==============================================================================
2026-09-15 05:10:03.553772 Output:  /home/runner/work/engg-robot-testing-framework/engg-robot-testing-framework/reports/pabot_results/8/output.xml
