2026-05-27 04:56:52.623864 ==============================================================================
2026-05-27 04:56:52.640373 Suites
2026-05-27 04:56:52.640387 ==============================================================================
2026-05-27 04:56:52.640396 Suites.Auth
2026-05-27 04:56:52.641056 ==============================================================================
2026-05-27 04:56:52.741273 Suites.Auth.TC05 register existing email
2026-05-27 04:56:52.751727 ==============================================================================
2026-05-27 04:58:07.352612 TC05 Register User With Existing Email                                | FAIL |
2026-05-27 04:58:07.372509 Element 'xpath=//a[contains(text(),'Logout')]' not visible after 45 seconds.
2026-05-27 04:58:07.372525 ------------------------------------------------------------------------------
2026-05-27 04:58:07.372535 Suites.Auth.TC05 register existing email                              | FAIL |
2026-05-27 04:58:07.373108 1 test, 0 passed, 1 failed
2026-05-27 04:58:07.373139 ==============================================================================
2026-05-27 04:58:07.373149 Suites.Auth                                                           | FAIL |
2026-05-27 04:58:07.374120 1 test, 0 passed, 1 failed
2026-05-27 04:58:07.374129 ==============================================================================
2026-05-27 04:58:07.374137 Suites                                                                | FAIL |
2026-05-27 04:58:07.374145 1 test, 0 passed, 1 failed
2026-05-27 04:58:07.374153 ==============================================================================
2026-05-27 04:58:07.374161 Output:  /home/runner/work/engg-robot-testing-framework/engg-robot-testing-framework/reports/pabot_results/4/output.xml
