2026-05-19 04:42:40.909405 ==============================================================================
2026-05-19 04:42:40.919821 Suites
2026-05-19 04:42:40.919841 ==============================================================================
2026-05-19 04:42:40.919854 Suites.Auth
2026-05-19 04:42:40.920605 ==============================================================================
2026-05-19 04:42:41.121088 Suites.Auth.TC02 login valid
2026-05-19 04:42:41.123562 ==============================================================================
2026-05-19 04:44:07.417899 TC02 Login User With Correct Email And Password                       | FAIL |
2026-05-19 04:44:07.467782 Element 'xpath=//a[contains(text(),'Logout')]' not visible after 45 seconds.
2026-05-19 04:44:07.467798 ------------------------------------------------------------------------------
2026-05-19 04:44:07.467807 Suites.Auth.TC02 login valid                                          | FAIL |
2026-05-19 04:44:07.468398 1 test, 0 passed, 1 failed
2026-05-19 04:44:07.468407 ==============================================================================
2026-05-19 04:44:07.468416 Suites.Auth                                                           | FAIL |
2026-05-19 04:44:07.468780 1 test, 0 passed, 1 failed
2026-05-19 04:44:07.468792 ==============================================================================
2026-05-19 04:44:07.468803 Suites                                                                | FAIL |
2026-05-19 04:44:07.469058 1 test, 0 passed, 1 failed
2026-05-19 04:44:07.469076 ==============================================================================
2026-05-19 04:44:07.469089 Output:  /home/runner/work/engg-robot-testing-framework/engg-robot-testing-framework/reports/pabot_results/1/output.xml
