2026-07-26 04:06:00.979314 ==============================================================================
2026-07-26 04:06:01.009841 Suites
2026-07-26 04:06:01.009855 ==============================================================================
2026-07-26 04:06:01.009866 Suites.Cart
2026-07-26 04:06:01.010456 ==============================================================================
2026-07-26 04:06:01.010468 Suites.Cart.TC12 add products to cart :: TC12 - Add Products In Cart
2026-07-26 04:06:01.010468 [ ERROR ] Error in file '/home/runner/work/engg-robot-testing-framework/engg-robot-testing-framework/resources/common.resource' on line 4: Importing library 'playwright_keyword_library.PlaywrightKeywordLibrary' failed: ModuleNotFoundError: No module named 'playwright_keyword_library'
2026-07-26 04:06:01.031466 ==============================================================================
2026-07-26 04:06:01.031466 Traceback (most recent call last):
2026-07-26 04:06:01.031479   None
2026-07-26 04:06:01.081602 PYTHONPATH:
2026-07-26 04:06:01.131738   /opt/hostedtoolcache/Python/3.11.15/x64/bin
2026-07-26 04:06:01.181866   /opt/hostedtoolcache/Python/3.11.15/x64/lib/python311.zip
2026-07-26 04:06:01.231997   /opt/hostedtoolcache/Python/3.11.15/x64/lib/python3.11
2026-07-26 04:06:01.282124   /opt/hostedtoolcache/Python/3.11.15/x64/lib/python3.11/lib-dynload
2026-07-26 04:06:01.332252   /opt/hostedtoolcache/Python/3.11.15/x64/lib/python3.11/site-packages
2026-07-26 04:06:01.382382 [ ERROR ] Error in file '/home/runner/work/engg-robot-testing-framework/engg-robot-testing-framework/resources/product_keywords.resource' on line 2: Importing library 'playwright_keyword_library.PlaywrightKeywordLibrary' failed: ModuleNotFoundError: No module named 'playwright_keyword_library'
2026-07-26 04:06:01.432515 Traceback (most recent call last):
2026-07-26 04:06:01.482638   None
2026-07-26 04:06:01.532779 PYTHONPATH:
2026-07-26 04:06:01.582884   /opt/hostedtoolcache/Python/3.11.15/x64/bin
2026-07-26 04:06:01.633017   /opt/hostedtoolcache/Python/3.11.15/x64/lib/python311.zip
2026-07-26 04:06:01.683126   /opt/hostedtoolcache/Python/3.11.15/x64/lib/python3.11
2026-07-26 04:06:01.733241   /opt/hostedtoolcache/Python/3.11.15/x64/lib/python3.11/lib-dynload
2026-07-26 04:06:01.783366   /opt/hostedtoolcache/Python/3.11.15/x64/lib/python3.11/site-packages
2026-07-26 04:06:01.833499 [ ERROR ] Error in file '/home/runner/work/engg-robot-testing-framework/engg-robot-testing-framework/resources/cart_keywords.resource' on line 2: Importing library 'playwright_keyword_library.PlaywrightKeywordLibrary' failed: ModuleNotFoundError: No module named 'playwright_keyword_library'
2026-07-26 04:06:01.883633 Traceback (most recent call last):
2026-07-26 04:06:01.933790   None
2026-07-26 04:06:01.983891 PYTHONPATH:
2026-07-26 04:06:02.034025   /opt/hostedtoolcache/Python/3.11.15/x64/bin
2026-07-26 04:06:02.084151   /opt/hostedtoolcache/Python/3.11.15/x64/lib/python311.zip
2026-07-26 04:06:02.134297   /opt/hostedtoolcache/Python/3.11.15/x64/lib/python3.11
2026-07-26 04:06:02.184425   /opt/hostedtoolcache/Python/3.11.15/x64/lib/python3.11/lib-dynload
2026-07-26 04:06:02.234556   /opt/hostedtoolcache/Python/3.11.15/x64/lib/python3.11/site-packages
2026-07-26 04:06:11.003114 TC12 Add Products In Cart                                             | FAIL |
2026-07-26 04:06:11.040232 Setup failed:
2026-07-26 04:06:11.040242 No keyword with name 'Open Browser' found.
2026-07-26 04:06:11.040249 
2026-07-26 04:06:11.040255 Also teardown failed:
2026-07-26 04:06:11.040261 Several failures occurred:
2026-07-26 04:06:11.040266 
2026-07-26 04:06:11.040271 1) No keyword with name 'Register Keyword To Run On Failure' found.
2026-07-26 04:06:11.040277 
2026-07-26 04:06:11.040282 2) No keyword with name 'Close Browser' found. Did you mean:
2026-07-26 04:06:11.040287     common.Close Test Browser
2026-07-26 04:06:11.040292 ------------------------------------------------------------------------------
2026-07-26 04:06:11.040297 Suites.Cart.TC12 add products to cart :: TC12 - Add Products In Cart  | FAIL |
2026-07-26 04:06:11.040880 1 test, 0 passed, 1 failed
2026-07-26 04:06:11.040890 ==============================================================================
2026-07-26 04:06:11.040897 Suites.Cart                                                           | FAIL |
2026-07-26 04:06:11.041201 1 test, 0 passed, 1 failed
2026-07-26 04:06:11.041222 ==============================================================================
2026-07-26 04:06:11.041228 Suites                                                                | FAIL |
2026-07-26 04:06:11.041484 1 test, 0 passed, 1 failed
2026-07-26 04:06:11.041505 ==============================================================================
2026-07-26 04:06:11.041511 Output:  /home/runner/work/engg-robot-testing-framework/engg-robot-testing-framework/reports/pabot_results/5/output.xml
