2026-06-28 05:02:27.703800 ==============================================================================
2026-06-28 05:02:27.716786 Suites
2026-06-28 05:02:27.716810 ==============================================================================
2026-06-28 05:02:27.716846 Suites.Cart
2026-06-28 05:02:27.717597 ==============================================================================
2026-06-28 05:02:27.717612 Suites.Cart.TC13 verify product quantity :: TC13 - Verify Product Quantity ...
2026-06-28 05:02:27.717612 [ ERROR ] Error in file '/home/runner/work/engg-robot-testing-framework/engg-robot-testing-framework/resources/common.resource' on line 4: Importing library 'playwright_keyword_library.PlaywrightKeywordLibrary' failed: ModuleNotFoundError: No module named 'playwright_keyword_library'
2026-06-28 05:02:27.747991 ==============================================================================
2026-06-28 05:02:27.747991 Traceback (most recent call last):
2026-06-28 05:02:27.748016   None
2026-06-28 05:02:27.798134 PYTHONPATH:
2026-06-28 05:02:27.848238   /opt/hostedtoolcache/Python/3.11.15/x64/bin
2026-06-28 05:02:27.898355   /opt/hostedtoolcache/Python/3.11.15/x64/lib/python311.zip
2026-06-28 05:02:27.948472   /opt/hostedtoolcache/Python/3.11.15/x64/lib/python3.11
2026-06-28 05:02:27.998581   /opt/hostedtoolcache/Python/3.11.15/x64/lib/python3.11/lib-dynload
2026-06-28 05:02:28.048692   /opt/hostedtoolcache/Python/3.11.15/x64/lib/python3.11/site-packages
2026-06-28 05:02:28.098836 [ ERROR ] Error in file '/home/runner/work/engg-robot-testing-framework/engg-robot-testing-framework/resources/product_keywords.resource' on line 2: Importing library 'playwright_keyword_library.PlaywrightKeywordLibrary' failed: ModuleNotFoundError: No module named 'playwright_keyword_library'
2026-06-28 05:02:28.148986 Traceback (most recent call last):
2026-06-28 05:02:28.199130   None
2026-06-28 05:02:28.249277 PYTHONPATH:
2026-06-28 05:02:28.299421   /opt/hostedtoolcache/Python/3.11.15/x64/bin
2026-06-28 05:02:28.349576   /opt/hostedtoolcache/Python/3.11.15/x64/lib/python311.zip
2026-06-28 05:02:28.399759   /opt/hostedtoolcache/Python/3.11.15/x64/lib/python3.11
2026-06-28 05:02:28.449913   /opt/hostedtoolcache/Python/3.11.15/x64/lib/python3.11/lib-dynload
2026-06-28 05:02:28.500068   /opt/hostedtoolcache/Python/3.11.15/x64/lib/python3.11/site-packages
2026-06-28 05:02:28.550223 [ ERROR ] Error in file '/home/runner/work/engg-robot-testing-framework/engg-robot-testing-framework/resources/cart_keywords.resource' on line 2: Importing library 'playwright_keyword_library.PlaywrightKeywordLibrary' failed: ModuleNotFoundError: No module named 'playwright_keyword_library'
2026-06-28 05:02:28.600392 Traceback (most recent call last):
2026-06-28 05:02:28.650567   None
2026-06-28 05:02:28.700739 PYTHONPATH:
2026-06-28 05:02:28.750892   /opt/hostedtoolcache/Python/3.11.15/x64/bin
2026-06-28 05:02:28.801043   /opt/hostedtoolcache/Python/3.11.15/x64/lib/python311.zip
2026-06-28 05:02:28.851200   /opt/hostedtoolcache/Python/3.11.15/x64/lib/python3.11
2026-06-28 05:02:28.901350   /opt/hostedtoolcache/Python/3.11.15/x64/lib/python3.11/lib-dynload
2026-06-28 05:02:28.951491   /opt/hostedtoolcache/Python/3.11.15/x64/lib/python3.11/site-packages
2026-06-28 05:02:37.722743 TC13 Verify Product Quantity In Cart                                  | FAIL |
2026-06-28 05:02:37.760293 Setup failed:
2026-06-28 05:02:37.760313 No keyword with name 'Open Browser' found.
2026-06-28 05:02:37.760327 
2026-06-28 05:02:37.760341 Also teardown failed:
2026-06-28 05:02:37.760355 Several failures occurred:
2026-06-28 05:02:37.760368 
2026-06-28 05:02:37.760381 1) No keyword with name 'Register Keyword To Run On Failure' found.
2026-06-28 05:02:37.760394 
2026-06-28 05:02:37.760407 2) No keyword with name 'Close Browser' found. Did you mean:
2026-06-28 05:02:37.760418     common.Close Test Browser
2026-06-28 05:02:37.760430 ------------------------------------------------------------------------------
2026-06-28 05:02:37.760441 Suites.Cart.TC13 verify product quantity :: TC13 - Verify Product ... | FAIL |
2026-06-28 05:02:37.761041 1 test, 0 passed, 1 failed
2026-06-28 05:02:37.761123 ==============================================================================
2026-06-28 05:02:37.761141 Suites.Cart                                                           | FAIL |
2026-06-28 05:02:37.761432 1 test, 0 passed, 1 failed
2026-06-28 05:02:37.761511 ==============================================================================
2026-06-28 05:02:37.761525 Suites                                                                | FAIL |
2026-06-28 05:02:37.761813 1 test, 0 passed, 1 failed
2026-06-28 05:02:37.761875 ==============================================================================
2026-06-28 05:02:37.761889 Output:  /home/runner/work/engg-robot-testing-framework/engg-robot-testing-framework/reports/pabot_results/6/output.xml
