2026-10-04 06:11:29.092825 ==============================================================================
2026-10-04 06:11:29.115891 Suites
2026-10-04 06:11:29.115913 ==============================================================================
2026-10-04 06:11:29.115928 Suites.Cart
2026-10-04 06:11:29.116764 ==============================================================================
2026-10-04 06:11:29.116783 Suites.Cart.TC12 add products to cart :: TC12 - Add Products In Cart
2026-10-04 06:11:29.116783 [ ERROR ] Error in file '/home/runner/work/engg-robot-testing-framework/engg-robot-testing-framework/resources/common.resource' on line 4: Importing library 'playwright_keyword_library.PlaywrightKeywordLibrary' failed: ModuleNotFoundError: No module named 'playwright_keyword_library'
2026-10-04 06:11:29.147366 ==============================================================================
2026-10-04 06:11:29.147366 Traceback (most recent call last):
2026-10-04 06:11:29.147382   None
2026-10-04 06:11:29.197475 PYTHONPATH:
2026-10-04 06:11:29.247572   /opt/hostedtoolcache/Python/3.11.16/x64/bin
2026-10-04 06:11:29.297693   /opt/hostedtoolcache/Python/3.11.16/x64/lib/python311.zip
2026-10-04 06:11:29.347808   /opt/hostedtoolcache/Python/3.11.16/x64/lib/python3.11
2026-10-04 06:11:29.397918   /opt/hostedtoolcache/Python/3.11.16/x64/lib/python3.11/lib-dynload
2026-10-04 06:11:29.448020   /opt/hostedtoolcache/Python/3.11.16/x64/lib/python3.11/site-packages
2026-10-04 06:11:29.498166 [ ERROR ] Error in file '/home/runner/work/engg-robot-testing-framework/engg-robot-testing-framework/resources/product_keywords.resource' on line 2: Importing library 'playwright_keyword_library.PlaywrightKeywordLibrary' failed: ModuleNotFoundError: No module named 'playwright_keyword_library'
2026-10-04 06:11:29.548316 Traceback (most recent call last):
2026-10-04 06:11:29.598465   None
2026-10-04 06:11:29.648613 PYTHONPATH:
2026-10-04 06:11:29.698760   /opt/hostedtoolcache/Python/3.11.16/x64/bin
2026-10-04 06:11:29.748866   /opt/hostedtoolcache/Python/3.11.16/x64/lib/python311.zip
2026-10-04 06:11:29.799015   /opt/hostedtoolcache/Python/3.11.16/x64/lib/python3.11
2026-10-04 06:11:29.849162   /opt/hostedtoolcache/Python/3.11.16/x64/lib/python3.11/lib-dynload
2026-10-04 06:11:29.899313   /opt/hostedtoolcache/Python/3.11.16/x64/lib/python3.11/site-packages
2026-10-04 06:11:29.949460 [ ERROR ] Error in file '/home/runner/work/engg-robot-testing-framework/engg-robot-testing-framework/resources/cart_keywords.resource' on line 2: Importing library 'playwright_keyword_library.PlaywrightKeywordLibrary' failed: ModuleNotFoundError: No module named 'playwright_keyword_library'
2026-10-04 06:11:29.999613 Traceback (most recent call last):
2026-10-04 06:11:30.049769   None
2026-10-04 06:11:30.099916 PYTHONPATH:
2026-10-04 06:11:30.150066   /opt/hostedtoolcache/Python/3.11.16/x64/bin
2026-10-04 06:11:30.200203   /opt/hostedtoolcache/Python/3.11.16/x64/lib/python311.zip
2026-10-04 06:11:30.250357   /opt/hostedtoolcache/Python/3.11.16/x64/lib/python3.11
2026-10-04 06:11:30.300510   /opt/hostedtoolcache/Python/3.11.16/x64/lib/python3.11/lib-dynload
2026-10-04 06:11:30.350663   /opt/hostedtoolcache/Python/3.11.16/x64/lib/python3.11/site-packages
2026-10-04 06:11:39.122324 TC12 Add Products In Cart                                             | FAIL |
2026-10-04 06:11:39.158428 Setup failed:
2026-10-04 06:11:39.158446 No keyword with name 'Open Browser' found.
2026-10-04 06:11:39.158460 
2026-10-04 06:11:39.158471 Also teardown failed:
2026-10-04 06:11:39.158483 Several failures occurred:
2026-10-04 06:11:39.158495 
2026-10-04 06:11:39.158537 1) No keyword with name 'Register Keyword To Run On Failure' found.
2026-10-04 06:11:39.158556 
2026-10-04 06:11:39.158568 2) No keyword with name 'Close Browser' found. Did you mean:
2026-10-04 06:11:39.158580     common.Close Test Browser
2026-10-04 06:11:39.158592 ------------------------------------------------------------------------------
2026-10-04 06:11:39.158604 Suites.Cart.TC12 add products to cart :: TC12 - Add Products In Cart  | FAIL |
2026-10-04 06:11:39.159077 1 test, 0 passed, 1 failed
2026-10-04 06:11:39.159152 ==============================================================================
2026-10-04 06:11:39.159166 Suites.Cart                                                           | FAIL |
2026-10-04 06:11:39.159532 1 test, 0 passed, 1 failed
2026-10-04 06:11:39.159595 ==============================================================================
2026-10-04 06:11:39.159608 Suites                                                                | FAIL |
2026-10-04 06:11:39.159938 1 test, 0 passed, 1 failed
2026-10-04 06:11:39.160001 ==============================================================================
2026-10-04 06:11:39.160014 Output:  /home/runner/work/engg-robot-testing-framework/engg-robot-testing-framework/reports/pabot_results/5/output.xml
