2026-06-22 05:41:39.286779 ==============================================================================
2026-06-22 05:41:39.309109 Suites
2026-06-22 05:41:39.309130 ==============================================================================
2026-06-22 05:41:39.309145 Suites.Auth
2026-06-22 05:41:39.309991 ==============================================================================
2026-06-22 05:41:39.310009 Suites.Auth.TC05 register existing email
2026-06-22 05:41:39.310009 [ ERROR ] Error in file '/home/runner/work/engg-robot-testing-framework/engg-robot-testing-framework/tests/auth/TC05_register_existing_email.robot' on line 2: Importing library 'playwright_keyword_library.PlaywrightKeywordLibrary' failed: ModuleNotFoundError: No module named 'playwright_keyword_library'
2026-06-22 05:41:39.328974 ==============================================================================
2026-06-22 05:41:39.328974 Traceback (most recent call last):
2026-06-22 05:41:39.329000   None
2026-06-22 05:41:39.379125 PYTHONPATH:
2026-06-22 05:41:39.429237   /opt/hostedtoolcache/Python/3.11.15/x64/bin
2026-06-22 05:41:39.479377   /opt/hostedtoolcache/Python/3.11.15/x64/lib/python311.zip
2026-06-22 05:41:39.529491   /opt/hostedtoolcache/Python/3.11.15/x64/lib/python3.11
2026-06-22 05:41:39.579621   /opt/hostedtoolcache/Python/3.11.15/x64/lib/python3.11/lib-dynload
2026-06-22 05:41:39.629738   /opt/hostedtoolcache/Python/3.11.15/x64/lib/python3.11/site-packages
2026-06-22 05:41:39.679887 [ ERROR ] Error in file '/home/runner/work/engg-robot-testing-framework/engg-robot-testing-framework/resources/auth_keywords.resource' on line 2: Importing library 'playwright_keyword_library.PlaywrightKeywordLibrary' failed: ModuleNotFoundError: No module named 'playwright_keyword_library'
2026-06-22 05:41:39.730048 Traceback (most recent call last):
2026-06-22 05:41:39.780209   None
2026-06-22 05:41:39.830343 PYTHONPATH:
2026-06-22 05:41:39.880497   /opt/hostedtoolcache/Python/3.11.15/x64/bin
2026-06-22 05:41:39.930648   /opt/hostedtoolcache/Python/3.11.15/x64/lib/python311.zip
2026-06-22 05:41:39.980834   /opt/hostedtoolcache/Python/3.11.15/x64/lib/python3.11
2026-06-22 05:41:40.031027   /opt/hostedtoolcache/Python/3.11.15/x64/lib/python3.11/lib-dynload
2026-06-22 05:41:40.081274   /opt/hostedtoolcache/Python/3.11.15/x64/lib/python3.11/site-packages
2026-06-22 05:41:40.131468 [ ERROR ] Error in file '/home/runner/work/engg-robot-testing-framework/engg-robot-testing-framework/resources/common.resource' on line 4: Importing library 'playwright_keyword_library.PlaywrightKeywordLibrary' failed: ModuleNotFoundError: No module named 'playwright_keyword_library'
2026-06-22 05:41:40.181625 Traceback (most recent call last):
2026-06-22 05:41:40.231794   None
2026-06-22 05:41:40.281948 PYTHONPATH:
2026-06-22 05:41:40.332107   /opt/hostedtoolcache/Python/3.11.15/x64/bin
2026-06-22 05:41:40.382314   /opt/hostedtoolcache/Python/3.11.15/x64/lib/python311.zip
2026-06-22 05:41:40.432540   /opt/hostedtoolcache/Python/3.11.15/x64/lib/python3.11
2026-06-22 05:41:40.482763   /opt/hostedtoolcache/Python/3.11.15/x64/lib/python3.11/lib-dynload
2026-06-22 05:41:40.532924   /opt/hostedtoolcache/Python/3.11.15/x64/lib/python3.11/site-packages
2026-06-22 05:41:49.305574 TC05 Register User With Existing Email                                | FAIL |
2026-06-22 05:41:49.338992 Setup failed:
2026-06-22 05:41:49.339007 No keyword with name 'Open Browser' found.
2026-06-22 05:41:49.339017 
2026-06-22 05:41:49.339026 Also teardown failed:
2026-06-22 05:41:49.339034 Several failures occurred:
2026-06-22 05:41:49.339043 
2026-06-22 05:41:49.339052 1) No keyword with name 'Register Keyword To Run On Failure' found.
2026-06-22 05:41:49.339060 
2026-06-22 05:41:49.339067 2) No keyword with name 'Close Browser' found. Did you mean:
2026-06-22 05:41:49.339076     common.Close Test Browser
2026-06-22 05:41:49.339084 ------------------------------------------------------------------------------
2026-06-22 05:41:49.339092 Suites.Auth.TC05 register existing email                              | FAIL |
2026-06-22 05:41:49.339525 1 test, 0 passed, 1 failed
2026-06-22 05:41:49.339539 ==============================================================================
2026-06-22 05:41:49.339549 Suites.Auth                                                           | FAIL |
2026-06-22 05:41:49.339864 1 test, 0 passed, 1 failed
2026-06-22 05:41:49.339880 ==============================================================================
2026-06-22 05:41:49.339888 Suites                                                                | FAIL |
2026-06-22 05:41:49.340147 1 test, 0 passed, 1 failed
2026-06-22 05:41:49.340159 ==============================================================================
2026-06-22 05:41:49.340167 Output:  /home/runner/work/engg-robot-testing-framework/engg-robot-testing-framework/reports/pabot_results/4/output.xml
