2026-08-26 02:08:38.330410 ==============================================================================
2026-08-26 02:08:38.342031 Suites
2026-08-26 02:08:38.342051 ==============================================================================
2026-08-26 02:08:38.342065 Suites.Auth
2026-08-26 02:08:38.342812 ==============================================================================
2026-08-26 02:08:38.342830 Suites.Auth.TC02 login valid
2026-08-26 02:08:38.342830 [ ERROR ] Error in file '/home/runner/work/engg-robot-testing-framework/engg-robot-testing-framework/tests/auth/TC02_login_valid.robot' on line 2: Importing library 'playwright_keyword_library.PlaywrightKeywordLibrary' failed: ModuleNotFoundError: No module named 'playwright_keyword_library'
2026-08-26 02:08:38.359927 ==============================================================================
2026-08-26 02:08:38.359927 Traceback (most recent call last):
2026-08-26 02:08:38.359949   None
2026-08-26 02:08:38.410087 PYTHONPATH:
2026-08-26 02:08:38.460262   /opt/hostedtoolcache/Python/3.11.16/x64/bin
2026-08-26 02:08:38.510433   /opt/hostedtoolcache/Python/3.11.16/x64/lib/python311.zip
2026-08-26 02:08:38.560627   /opt/hostedtoolcache/Python/3.11.16/x64/lib/python3.11
2026-08-26 02:08:38.610796   /opt/hostedtoolcache/Python/3.11.16/x64/lib/python3.11/lib-dynload
2026-08-26 02:08:38.660969   /opt/hostedtoolcache/Python/3.11.16/x64/lib/python3.11/site-packages
2026-08-26 02:08:38.711132 [ ERROR ] Error in file '/home/runner/work/engg-robot-testing-framework/engg-robot-testing-framework/resources/auth_keywords.resource' on line 2: Importing library 'playwright_keyword_library.PlaywrightKeywordLibrary' failed: ModuleNotFoundError: No module named 'playwright_keyword_library'
2026-08-26 02:08:38.761310 Traceback (most recent call last):
2026-08-26 02:08:38.811484   None
2026-08-26 02:08:38.861693 PYTHONPATH:
2026-08-26 02:08:38.911834   /opt/hostedtoolcache/Python/3.11.16/x64/bin
2026-08-26 02:08:38.962011   /opt/hostedtoolcache/Python/3.11.16/x64/lib/python311.zip
2026-08-26 02:08:39.012181   /opt/hostedtoolcache/Python/3.11.16/x64/lib/python3.11
2026-08-26 02:08:39.062363   /opt/hostedtoolcache/Python/3.11.16/x64/lib/python3.11/lib-dynload
2026-08-26 02:08:39.112533   /opt/hostedtoolcache/Python/3.11.16/x64/lib/python3.11/site-packages
2026-08-26 02:08:39.162711 [ ERROR ] Error in file '/home/runner/work/engg-robot-testing-framework/engg-robot-testing-framework/resources/common.resource' on line 4: Importing library 'playwright_keyword_library.PlaywrightKeywordLibrary' failed: ModuleNotFoundError: No module named 'playwright_keyword_library'
2026-08-26 02:08:39.212881 Traceback (most recent call last):
2026-08-26 02:08:39.263062   None
2026-08-26 02:08:39.313224 PYTHONPATH:
2026-08-26 02:08:39.363399   /opt/hostedtoolcache/Python/3.11.16/x64/bin
2026-08-26 02:08:39.413570   /opt/hostedtoolcache/Python/3.11.16/x64/lib/python311.zip
2026-08-26 02:08:39.463746   /opt/hostedtoolcache/Python/3.11.16/x64/lib/python3.11
2026-08-26 02:08:39.513912   /opt/hostedtoolcache/Python/3.11.16/x64/lib/python3.11/lib-dynload
2026-08-26 02:08:39.564090   /opt/hostedtoolcache/Python/3.11.16/x64/lib/python3.11/site-packages
2026-08-26 02:08:48.338032 TC02 Login User With Correct Email And Password                       | FAIL |
2026-08-26 02:08:48.369182 Setup failed:
2026-08-26 02:08:48.369196 No keyword with name 'Open Browser' found.
2026-08-26 02:08:48.369205 
2026-08-26 02:08:48.369212 Also teardown failed:
2026-08-26 02:08:48.369219 Several failures occurred:
2026-08-26 02:08:48.369226 
2026-08-26 02:08:48.369233 1) No keyword with name 'Register Keyword To Run On Failure' found.
2026-08-26 02:08:48.369241 
2026-08-26 02:08:48.369248 2) No keyword with name 'Close Browser' found. Did you mean:
2026-08-26 02:08:48.369255     common.Close Test Browser
2026-08-26 02:08:48.369261 ------------------------------------------------------------------------------
2026-08-26 02:08:48.369268 Suites.Auth.TC02 login valid                                          | FAIL |
2026-08-26 02:08:48.369742 1 test, 0 passed, 1 failed
2026-08-26 02:08:48.369758 ==============================================================================
2026-08-26 02:08:48.369770 Suites.Auth                                                           | FAIL |
2026-08-26 02:08:48.370083 1 test, 0 passed, 1 failed
2026-08-26 02:08:48.370104 ==============================================================================
2026-08-26 02:08:48.370157 Suites                                                                | FAIL |
2026-08-26 02:08:48.370408 1 test, 0 passed, 1 failed
2026-08-26 02:08:48.370464 ==============================================================================
2026-08-26 02:08:48.370476 Output:  /home/runner/work/engg-robot-testing-framework/engg-robot-testing-framework/reports/pabot_results/1/output.xml
