2026-08-06 03:49:44.169839 ==============================================================================
2026-08-06 03:49:44.193927 Suites
2026-08-06 03:49:44.193948 ==============================================================================
2026-08-06 03:49:44.193961 Suites.Cart
2026-08-06 03:49:44.194788 ==============================================================================
2026-08-06 03:49:44.194807 Suites.Cart.TC13 verify product quantity :: TC13 - Verify Product Quantity ...
2026-08-06 03:49:44.194807 [ ERROR ] Error in file '/home/runner/work/engg-robot-testing-framework/engg-robot-testing-framework/resources/common.resource' on line 4: Importing library 'playwright_keyword_library.PlaywrightKeywordLibrary' failed: ModuleNotFoundError: No module named 'playwright_keyword_library'
2026-08-06 03:49:44.226608 ==============================================================================
2026-08-06 03:49:44.226608 Traceback (most recent call last):
2026-08-06 03:49:44.226636   None
2026-08-06 03:49:44.276801 PYTHONPATH:
2026-08-06 03:49:44.326947   /opt/hostedtoolcache/Python/3.11.15/x64/bin
2026-08-06 03:49:44.377064   /opt/hostedtoolcache/Python/3.11.15/x64/lib/python311.zip
2026-08-06 03:49:44.427171   /opt/hostedtoolcache/Python/3.11.15/x64/lib/python3.11
2026-08-06 03:49:44.477284   /opt/hostedtoolcache/Python/3.11.15/x64/lib/python3.11/lib-dynload
2026-08-06 03:49:44.527437   /opt/hostedtoolcache/Python/3.11.15/x64/lib/python3.11/site-packages
2026-08-06 03:49:44.577633 [ ERROR ] Error in file '/home/runner/work/engg-robot-testing-framework/engg-robot-testing-framework/resources/product_keywords.resource' on line 2: Importing library 'playwright_keyword_library.PlaywrightKeywordLibrary' failed: ModuleNotFoundError: No module named 'playwright_keyword_library'
2026-08-06 03:49:44.627807 Traceback (most recent call last):
2026-08-06 03:49:44.677963   None
2026-08-06 03:49:44.728118 PYTHONPATH:
2026-08-06 03:49:44.778274   /opt/hostedtoolcache/Python/3.11.15/x64/bin
2026-08-06 03:49:44.828448   /opt/hostedtoolcache/Python/3.11.15/x64/lib/python311.zip
2026-08-06 03:49:44.878614   /opt/hostedtoolcache/Python/3.11.15/x64/lib/python3.11
2026-08-06 03:49:44.928773   /opt/hostedtoolcache/Python/3.11.15/x64/lib/python3.11/lib-dynload
2026-08-06 03:49:44.978947   /opt/hostedtoolcache/Python/3.11.15/x64/lib/python3.11/site-packages
2026-08-06 03:49:45.029087 [ ERROR ] Error in file '/home/runner/work/engg-robot-testing-framework/engg-robot-testing-framework/resources/cart_keywords.resource' on line 2: Importing library 'playwright_keyword_library.PlaywrightKeywordLibrary' failed: ModuleNotFoundError: No module named 'playwright_keyword_library'
2026-08-06 03:49:45.079221 Traceback (most recent call last):
2026-08-06 03:49:45.129352   None
2026-08-06 03:49:45.179503 PYTHONPATH:
2026-08-06 03:49:45.229616   /opt/hostedtoolcache/Python/3.11.15/x64/bin
2026-08-06 03:49:45.279796   /opt/hostedtoolcache/Python/3.11.15/x64/lib/python311.zip
2026-08-06 03:49:45.329955   /opt/hostedtoolcache/Python/3.11.15/x64/lib/python3.11
2026-08-06 03:49:45.380114   /opt/hostedtoolcache/Python/3.11.15/x64/lib/python3.11/lib-dynload
2026-08-06 03:49:45.430275   /opt/hostedtoolcache/Python/3.11.15/x64/lib/python3.11/site-packages
2026-08-06 03:49:54.202561 TC13 Verify Product Quantity In Cart                                  | FAIL |
2026-08-06 03:49:54.238397 Setup failed:
2026-08-06 03:49:54.238417 No keyword with name 'Open Browser' found.
2026-08-06 03:49:54.238432 
2026-08-06 03:49:54.238446 Also teardown failed:
2026-08-06 03:49:54.238459 Several failures occurred:
2026-08-06 03:49:54.238471 
2026-08-06 03:49:54.238483 1) No keyword with name 'Register Keyword To Run On Failure' found.
2026-08-06 03:49:54.238496 
2026-08-06 03:49:54.238507 2) No keyword with name 'Close Browser' found. Did you mean:
2026-08-06 03:49:54.238518     common.Close Test Browser
2026-08-06 03:49:54.238530 ------------------------------------------------------------------------------
2026-08-06 03:49:54.238542 Suites.Cart.TC13 verify product quantity :: TC13 - Verify Product ... | FAIL |
2026-08-06 03:49:54.239063 1 test, 0 passed, 1 failed
2026-08-06 03:49:54.239125 ==============================================================================
2026-08-06 03:49:54.239140 Suites.Cart                                                           | FAIL |
2026-08-06 03:49:54.239501 1 test, 0 passed, 1 failed
2026-08-06 03:49:54.239525 ==============================================================================
2026-08-06 03:49:54.239597 Suites                                                                | FAIL |
2026-08-06 03:49:54.239902 1 test, 0 passed, 1 failed
2026-08-06 03:49:54.239921 ==============================================================================
2026-08-06 03:49:54.239990 Output:  /home/runner/work/engg-robot-testing-framework/engg-robot-testing-framework/reports/pabot_results/6/output.xml
