2026-06-24 04:47:00.840204 ==============================================================================
2026-06-24 04:47:00.855996 Suites
2026-06-24 04:47:00.856016 ==============================================================================
2026-06-24 04:47:00.856030 Suites.Auth
2026-06-24 04:47:00.856756 ==============================================================================
2026-06-24 04:47:00.856773 Suites.Auth.TC05 register existing email
2026-06-24 04:47:00.856773 [ ERROR ] Error in file '/home/runner/work/engg-robot-testing-framework/engg-robot-testing-framework/tests/auth/TC05_register_existing_email.robot' on line 2: Importing library 'playwright_keyword_library.PlaywrightKeywordLibrary' failed: ModuleNotFoundError: No module named 'playwright_keyword_library'
2026-06-24 04:47:00.875125 ==============================================================================
2026-06-24 04:47:00.875125 Traceback (most recent call last):
2026-06-24 04:47:00.875151   None
2026-06-24 04:47:00.925260 PYTHONPATH:
2026-06-24 04:47:00.975362   /opt/hostedtoolcache/Python/3.11.15/x64/bin
2026-06-24 04:47:01.025487   /opt/hostedtoolcache/Python/3.11.15/x64/lib/python311.zip
2026-06-24 04:47:01.075639   /opt/hostedtoolcache/Python/3.11.15/x64/lib/python3.11
2026-06-24 04:47:01.125755   /opt/hostedtoolcache/Python/3.11.15/x64/lib/python3.11/lib-dynload
2026-06-24 04:47:01.175862   /opt/hostedtoolcache/Python/3.11.15/x64/lib/python3.11/site-packages
2026-06-24 04:47:01.225995 [ ERROR ] Error in file '/home/runner/work/engg-robot-testing-framework/engg-robot-testing-framework/resources/auth_keywords.resource' on line 2: Importing library 'playwright_keyword_library.PlaywrightKeywordLibrary' failed: ModuleNotFoundError: No module named 'playwright_keyword_library'
2026-06-24 04:47:01.276195 Traceback (most recent call last):
2026-06-24 04:47:01.326359   None
2026-06-24 04:47:01.376514 PYTHONPATH:
2026-06-24 04:47:01.426668   /opt/hostedtoolcache/Python/3.11.15/x64/bin
2026-06-24 04:47:01.476874   /opt/hostedtoolcache/Python/3.11.15/x64/lib/python311.zip
2026-06-24 04:47:01.527078   /opt/hostedtoolcache/Python/3.11.15/x64/lib/python3.11
2026-06-24 04:47:01.577253   /opt/hostedtoolcache/Python/3.11.15/x64/lib/python3.11/lib-dynload
2026-06-24 04:47:01.627414   /opt/hostedtoolcache/Python/3.11.15/x64/lib/python3.11/site-packages
2026-06-24 04:47:01.677582 [ ERROR ] Error in file '/home/runner/work/engg-robot-testing-framework/engg-robot-testing-framework/resources/common.resource' on line 4: Importing library 'playwright_keyword_library.PlaywrightKeywordLibrary' failed: ModuleNotFoundError: No module named 'playwright_keyword_library'
2026-06-24 04:47:01.727738 Traceback (most recent call last):
2026-06-24 04:47:01.777896   None
2026-06-24 04:47:01.828004 PYTHONPATH:
2026-06-24 04:47:01.878134   /opt/hostedtoolcache/Python/3.11.15/x64/bin
2026-06-24 04:47:01.928304   /opt/hostedtoolcache/Python/3.11.15/x64/lib/python311.zip
2026-06-24 04:47:01.978453   /opt/hostedtoolcache/Python/3.11.15/x64/lib/python3.11
2026-06-24 04:47:02.028599   /opt/hostedtoolcache/Python/3.11.15/x64/lib/python3.11/lib-dynload
2026-06-24 04:47:02.078755   /opt/hostedtoolcache/Python/3.11.15/x64/lib/python3.11/site-packages
2026-06-24 04:47:10.852991 TC05 Register User With Existing Email                                | FAIL |
2026-06-24 04:47:10.885162 Setup failed:
2026-06-24 04:47:10.885174 No keyword with name 'Open Browser' found.
2026-06-24 04:47:10.885182 
2026-06-24 04:47:10.885189 Also teardown failed:
2026-06-24 04:47:10.885195 Several failures occurred:
2026-06-24 04:47:10.885202 
2026-06-24 04:47:10.885209 1) No keyword with name 'Register Keyword To Run On Failure' found.
2026-06-24 04:47:10.885216 
2026-06-24 04:47:10.885222 2) No keyword with name 'Close Browser' found. Did you mean:
2026-06-24 04:47:10.885229     common.Close Test Browser
2026-06-24 04:47:10.885235 ------------------------------------------------------------------------------
2026-06-24 04:47:10.885241 Suites.Auth.TC05 register existing email                              | FAIL |
2026-06-24 04:47:10.885719 1 test, 0 passed, 1 failed
2026-06-24 04:47:10.885731 ==============================================================================
2026-06-24 04:47:10.885739 Suites.Auth                                                           | FAIL |
2026-06-24 04:47:10.886038 1 test, 0 passed, 1 failed
2026-06-24 04:47:10.886050 ==============================================================================
2026-06-24 04:47:10.886057 Suites                                                                | FAIL |
2026-06-24 04:47:10.886336 1 test, 0 passed, 1 failed
2026-06-24 04:47:10.886350 ==============================================================================
2026-06-24 04:47:10.886360 Output:  /home/runner/work/engg-robot-testing-framework/engg-robot-testing-framework/reports/pabot_results/4/output.xml
