2026-09-12 04:52:22.016104 ==============================================================================
2026-09-12 04:52:22.032565 Suites
2026-09-12 04:52:22.032585 ==============================================================================
2026-09-12 04:52:22.032607 Suites.Auth
2026-09-12 04:52:22.033464 ==============================================================================
2026-09-12 04:52:22.033483 Suites.Auth.TC02 login valid
2026-09-12 04:52:22.033483 [ ERROR ] Error in file '/home/runner/work/engg-robot-testing-framework/engg-robot-testing-framework/tests/auth/TC02_login_valid.robot' on line 2: Importing library 'playwright_keyword_library.PlaywrightKeywordLibrary' failed: ModuleNotFoundError: No module named 'playwright_keyword_library'
2026-09-12 04:52:22.052052 ==============================================================================
2026-09-12 04:52:22.052052 Traceback (most recent call last):
2026-09-12 04:52:22.052076   None
2026-09-12 04:52:22.102193 PYTHONPATH:
2026-09-12 04:52:22.152295   /opt/hostedtoolcache/Python/3.11.16/x64/bin
2026-09-12 04:52:22.202397   /opt/hostedtoolcache/Python/3.11.16/x64/lib/python311.zip
2026-09-12 04:52:22.252492   /opt/hostedtoolcache/Python/3.11.16/x64/lib/python3.11
2026-09-12 04:52:22.302597   /opt/hostedtoolcache/Python/3.11.16/x64/lib/python3.11/lib-dynload
2026-09-12 04:52:22.352743   /opt/hostedtoolcache/Python/3.11.16/x64/lib/python3.11/site-packages
2026-09-12 04:52:22.402882 [ ERROR ] Error in file '/home/runner/work/engg-robot-testing-framework/engg-robot-testing-framework/resources/auth_keywords.resource' on line 2: Importing library 'playwright_keyword_library.PlaywrightKeywordLibrary' failed: ModuleNotFoundError: No module named 'playwright_keyword_library'
2026-09-12 04:52:22.453030 Traceback (most recent call last):
2026-09-12 04:52:22.503181   None
2026-09-12 04:52:22.553341 PYTHONPATH:
2026-09-12 04:52:22.603503   /opt/hostedtoolcache/Python/3.11.16/x64/bin
2026-09-12 04:52:22.653599   /opt/hostedtoolcache/Python/3.11.16/x64/lib/python311.zip
2026-09-12 04:52:22.703733   /opt/hostedtoolcache/Python/3.11.16/x64/lib/python3.11
2026-09-12 04:52:22.753864   /opt/hostedtoolcache/Python/3.11.16/x64/lib/python3.11/lib-dynload
2026-09-12 04:52:22.804021   /opt/hostedtoolcache/Python/3.11.16/x64/lib/python3.11/site-packages
2026-09-12 04:52:22.854174 [ ERROR ] Error in file '/home/runner/work/engg-robot-testing-framework/engg-robot-testing-framework/resources/common.resource' on line 4: Importing library 'playwright_keyword_library.PlaywrightKeywordLibrary' failed: ModuleNotFoundError: No module named 'playwright_keyword_library'
2026-09-12 04:52:22.904347 Traceback (most recent call last):
2026-09-12 04:52:22.954500   None
2026-09-12 04:52:23.004650 PYTHONPATH:
2026-09-12 04:52:23.054800   /opt/hostedtoolcache/Python/3.11.16/x64/bin
2026-09-12 04:52:23.104952   /opt/hostedtoolcache/Python/3.11.16/x64/lib/python311.zip
2026-09-12 04:52:23.155105   /opt/hostedtoolcache/Python/3.11.16/x64/lib/python3.11
2026-09-12 04:52:23.205219   /opt/hostedtoolcache/Python/3.11.16/x64/lib/python3.11/lib-dynload
2026-09-12 04:52:23.255365   /opt/hostedtoolcache/Python/3.11.16/x64/lib/python3.11/site-packages
2026-09-12 04:52:32.026349 TC02 Login User With Correct Email And Password                       | FAIL |
2026-09-12 04:52:32.061940 Setup failed:
2026-09-12 04:52:32.062024 No keyword with name 'Open Browser' found.
2026-09-12 04:52:32.062037 
2026-09-12 04:52:32.062048 Also teardown failed:
2026-09-12 04:52:32.062059 Several failures occurred:
2026-09-12 04:52:32.062069 
2026-09-12 04:52:32.062080 1) No keyword with name 'Register Keyword To Run On Failure' found.
2026-09-12 04:52:32.062090 
2026-09-12 04:52:32.062100 2) No keyword with name 'Close Browser' found. Did you mean:
2026-09-12 04:52:32.062110     common.Close Test Browser
2026-09-12 04:52:32.062120 ------------------------------------------------------------------------------
2026-09-12 04:52:32.062130 Suites.Auth.TC02 login valid                                          | FAIL |
2026-09-12 04:52:32.062570 1 test, 0 passed, 1 failed
2026-09-12 04:52:32.062613 ==============================================================================
2026-09-12 04:52:32.062625 Suites.Auth                                                           | FAIL |
2026-09-12 04:52:32.063023 1 test, 0 passed, 1 failed
2026-09-12 04:52:32.063065 ==============================================================================
2026-09-12 04:52:32.063077 Suites                                                                | FAIL |
2026-09-12 04:52:32.063401 1 test, 0 passed, 1 failed
2026-09-12 04:52:32.063451 ==============================================================================
2026-09-12 04:52:32.063462 Output:  /home/runner/work/engg-robot-testing-framework/engg-robot-testing-framework/reports/pabot_results/1/output.xml
