2026-09-26 05:18:08.142814 ==============================================================================
2026-09-26 05:18:08.176931 Suites
2026-09-26 05:18:08.176949 ==============================================================================
2026-09-26 05:18:08.176959 Suites.Auth
2026-09-26 05:18:08.177562 ==============================================================================
2026-09-26 05:18:08.177574 Suites.Auth.TC03 login invalid
2026-09-26 05:18:08.177574 [ ERROR ] Error in file '/home/runner/work/engg-robot-testing-framework/engg-robot-testing-framework/tests/auth/TC03_login_invalid.robot' on line 2: Importing library 'playwright_keyword_library.PlaywrightKeywordLibrary' failed: ModuleNotFoundError: No module named 'playwright_keyword_library'
2026-09-26 05:18:08.192991 ==============================================================================
2026-09-26 05:18:08.192991 Traceback (most recent call last):
2026-09-26 05:18:08.193011   None
2026-09-26 05:18:08.243133 PYTHONPATH:
2026-09-26 05:18:08.293303   /opt/hostedtoolcache/Python/3.11.16/x64/bin
2026-09-26 05:18:08.343482   /opt/hostedtoolcache/Python/3.11.16/x64/lib/python311.zip
2026-09-26 05:18:08.393706   /opt/hostedtoolcache/Python/3.11.16/x64/lib/python3.11
2026-09-26 05:18:08.443892   /opt/hostedtoolcache/Python/3.11.16/x64/lib/python3.11/lib-dynload
2026-09-26 05:18:08.494077   /opt/hostedtoolcache/Python/3.11.16/x64/lib/python3.11/site-packages
2026-09-26 05:18:08.544253 [ ERROR ] Error in file '/home/runner/work/engg-robot-testing-framework/engg-robot-testing-framework/resources/auth_keywords.resource' on line 2: Importing library 'playwright_keyword_library.PlaywrightKeywordLibrary' failed: ModuleNotFoundError: No module named 'playwright_keyword_library'
2026-09-26 05:18:08.594446 Traceback (most recent call last):
2026-09-26 05:18:08.644627   None
2026-09-26 05:18:08.694857 PYTHONPATH:
2026-09-26 05:18:08.745056   /opt/hostedtoolcache/Python/3.11.16/x64/bin
2026-09-26 05:18:08.795239   /opt/hostedtoolcache/Python/3.11.16/x64/lib/python311.zip
2026-09-26 05:18:08.845470   /opt/hostedtoolcache/Python/3.11.16/x64/lib/python3.11
2026-09-26 05:18:08.895686   /opt/hostedtoolcache/Python/3.11.16/x64/lib/python3.11/lib-dynload
2026-09-26 05:18:08.945881   /opt/hostedtoolcache/Python/3.11.16/x64/lib/python3.11/site-packages
2026-09-26 05:18:08.996093 [ ERROR ] Error in file '/home/runner/work/engg-robot-testing-framework/engg-robot-testing-framework/resources/common.resource' on line 4: Importing library 'playwright_keyword_library.PlaywrightKeywordLibrary' failed: ModuleNotFoundError: No module named 'playwright_keyword_library'
2026-09-26 05:18:09.046266 Traceback (most recent call last):
2026-09-26 05:18:09.096486   None
2026-09-26 05:18:09.146698 PYTHONPATH:
2026-09-26 05:18:09.196867   /opt/hostedtoolcache/Python/3.11.16/x64/bin
2026-09-26 05:18:09.247082   /opt/hostedtoolcache/Python/3.11.16/x64/lib/python311.zip
2026-09-26 05:18:09.297282   /opt/hostedtoolcache/Python/3.11.16/x64/lib/python3.11
2026-09-26 05:18:09.347450   /opt/hostedtoolcache/Python/3.11.16/x64/lib/python3.11/lib-dynload
2026-09-26 05:18:09.397659   /opt/hostedtoolcache/Python/3.11.16/x64/lib/python3.11/site-packages
2026-09-26 05:18:18.170563 TC03 Login User With Incorrect Email And Password                     | FAIL |
2026-09-26 05:18:18.201854 Setup failed:
2026-09-26 05:18:18.201866 No keyword with name 'Open Browser' found.
2026-09-26 05:18:18.201870 
2026-09-26 05:18:18.201875 Also teardown failed:
2026-09-26 05:18:18.201880 Several failures occurred:
2026-09-26 05:18:18.201884 
2026-09-26 05:18:18.201889 1) No keyword with name 'Register Keyword To Run On Failure' found.
2026-09-26 05:18:18.201893 
2026-09-26 05:18:18.201897 2) No keyword with name 'Close Browser' found. Did you mean:
2026-09-26 05:18:18.201902     common.Close Test Browser
2026-09-26 05:18:18.201906 ------------------------------------------------------------------------------
2026-09-26 05:18:18.201910 Suites.Auth.TC03 login invalid                                        | FAIL |
2026-09-26 05:18:18.202180 1 test, 0 passed, 1 failed
2026-09-26 05:18:18.202263 ==============================================================================
2026-09-26 05:18:18.202268 Suites.Auth                                                           | FAIL |
2026-09-26 05:18:18.202432 1 test, 0 passed, 1 failed
2026-09-26 05:18:18.202510 ==============================================================================
2026-09-26 05:18:18.202515 Suites                                                                | FAIL |
2026-09-26 05:18:18.202676 1 test, 0 passed, 1 failed
2026-09-26 05:18:18.202727 ==============================================================================
2026-09-26 05:18:18.202732 Output:  /home/runner/work/engg-robot-testing-framework/engg-robot-testing-framework/reports/pabot_results/2/output.xml
