2026-08-12 03:05:14.002809 ==============================================================================
2026-08-12 03:05:14.026487 Suites
2026-08-12 03:05:14.026510 ==============================================================================
2026-08-12 03:05:14.026526 Suites.Cart
2026-08-12 03:05:14.027352 ==============================================================================
2026-08-12 03:05:14.027377 Suites.Cart.TC20 search and verify cart after login :: TC20 - Search Produc...
2026-08-12 03:05:14.027377 [ ERROR ] Error in file '/home/runner/work/engg-robot-testing-framework/engg-robot-testing-framework/tests/cart/TC20_search_and_verify_cart_after_login.robot' on line 3: Importing library 'playwright_keyword_library.PlaywrightKeywordLibrary' failed: ModuleNotFoundError: No module named 'playwright_keyword_library'
2026-08-12 03:05:14.065776 ==============================================================================
2026-08-12 03:05:14.065776 Traceback (most recent call last):
2026-08-12 03:05:14.065793   None
2026-08-12 03:05:14.115906 PYTHONPATH:
2026-08-12 03:05:14.166029   /opt/hostedtoolcache/Python/3.11.15/x64/bin
2026-08-12 03:05:14.216163   /opt/hostedtoolcache/Python/3.11.15/x64/lib/python311.zip
2026-08-12 03:05:14.266293   /opt/hostedtoolcache/Python/3.11.15/x64/lib/python3.11
2026-08-12 03:05:14.316433   /opt/hostedtoolcache/Python/3.11.15/x64/lib/python3.11/lib-dynload
2026-08-12 03:05:14.366632   /opt/hostedtoolcache/Python/3.11.15/x64/lib/python3.11/site-packages
2026-08-12 03:05:14.416814 [ ERROR ] Error in file '/home/runner/work/engg-robot-testing-framework/engg-robot-testing-framework/resources/common.resource' on line 4: Importing library 'playwright_keyword_library.PlaywrightKeywordLibrary' failed: ModuleNotFoundError: No module named 'playwright_keyword_library'
2026-08-12 03:05:14.467023 Traceback (most recent call last):
2026-08-12 03:05:14.517212   None
2026-08-12 03:05:14.567404 PYTHONPATH:
2026-08-12 03:05:14.617589   /opt/hostedtoolcache/Python/3.11.15/x64/bin
2026-08-12 03:05:14.667786   /opt/hostedtoolcache/Python/3.11.15/x64/lib/python311.zip
2026-08-12 03:05:14.717946   /opt/hostedtoolcache/Python/3.11.15/x64/lib/python3.11
2026-08-12 03:05:14.768144   /opt/hostedtoolcache/Python/3.11.15/x64/lib/python3.11/lib-dynload
2026-08-12 03:05:14.818325   /opt/hostedtoolcache/Python/3.11.15/x64/lib/python3.11/site-packages
2026-08-12 03:05:14.868546 [ ERROR ] Error in file '/home/runner/work/engg-robot-testing-framework/engg-robot-testing-framework/resources/product_keywords.resource' on line 2: Importing library 'playwright_keyword_library.PlaywrightKeywordLibrary' failed: ModuleNotFoundError: No module named 'playwright_keyword_library'
2026-08-12 03:05:14.918745 Traceback (most recent call last):
2026-08-12 03:05:14.968945   None
2026-08-12 03:05:15.019120 PYTHONPATH:
2026-08-12 03:05:15.069328   /opt/hostedtoolcache/Python/3.11.15/x64/bin
2026-08-12 03:05:15.119518   /opt/hostedtoolcache/Python/3.11.15/x64/lib/python311.zip
2026-08-12 03:05:15.169724   /opt/hostedtoolcache/Python/3.11.15/x64/lib/python3.11
2026-08-12 03:05:15.219904   /opt/hostedtoolcache/Python/3.11.15/x64/lib/python3.11/lib-dynload
2026-08-12 03:05:15.270119   /opt/hostedtoolcache/Python/3.11.15/x64/lib/python3.11/site-packages
2026-08-12 03:05:15.320333 [ ERROR ] Error in file '/home/runner/work/engg-robot-testing-framework/engg-robot-testing-framework/resources/cart_keywords.resource' on line 2: Importing library 'playwright_keyword_library.PlaywrightKeywordLibrary' failed: ModuleNotFoundError: No module named 'playwright_keyword_library'
2026-08-12 03:05:15.370528 Traceback (most recent call last):
2026-08-12 03:05:15.420698   None
2026-08-12 03:05:15.470857 PYTHONPATH:
2026-08-12 03:05:15.520994   /opt/hostedtoolcache/Python/3.11.15/x64/bin
2026-08-12 03:05:15.571192   /opt/hostedtoolcache/Python/3.11.15/x64/lib/python311.zip
2026-08-12 03:05:15.621360   /opt/hostedtoolcache/Python/3.11.15/x64/lib/python3.11
2026-08-12 03:05:15.671566   /opt/hostedtoolcache/Python/3.11.15/x64/lib/python3.11/lib-dynload
2026-08-12 03:05:15.721737   /opt/hostedtoolcache/Python/3.11.15/x64/lib/python3.11/site-packages
2026-08-12 03:05:15.771950 [ ERROR ] Error in file '/home/runner/work/engg-robot-testing-framework/engg-robot-testing-framework/resources/auth_keywords.resource' on line 2: Importing library 'playwright_keyword_library.PlaywrightKeywordLibrary' failed: ModuleNotFoundError: No module named 'playwright_keyword_library'
2026-08-12 03:05:15.822129 Traceback (most recent call last):
2026-08-12 03:05:15.872343   None
2026-08-12 03:05:15.922514 PYTHONPATH:
2026-08-12 03:05:15.972730   /opt/hostedtoolcache/Python/3.11.15/x64/bin
2026-08-12 03:05:16.022900   /opt/hostedtoolcache/Python/3.11.15/x64/lib/python311.zip
2026-08-12 03:05:16.073118   /opt/hostedtoolcache/Python/3.11.15/x64/lib/python3.11
2026-08-12 03:05:16.123462   /opt/hostedtoolcache/Python/3.11.15/x64/lib/python3.11/lib-dynload
2026-08-12 03:05:16.173683   /opt/hostedtoolcache/Python/3.11.15/x64/lib/python3.11/site-packages
2026-08-12 03:05:24.048631 TC20 Search Products And Verify Cart After Login                      | FAIL |
2026-08-12 03:05:24.077837 Setup failed:
2026-08-12 03:05:24.077859 No keyword with name 'Open Browser' found.
2026-08-12 03:05:24.077874 
2026-08-12 03:05:24.077888 Also teardown failed:
2026-08-12 03:05:24.077901 Several failures occurred:
2026-08-12 03:05:24.077915 
2026-08-12 03:05:24.077926 1) No keyword with name 'Register Keyword To Run On Failure' found.
2026-08-12 03:05:24.077939 
2026-08-12 03:05:24.077950 2) No keyword with name 'Close Browser' found. Did you mean:
2026-08-12 03:05:24.077962     common.Close Test Browser
2026-08-12 03:05:24.077974 ------------------------------------------------------------------------------
2026-08-12 03:05:24.077986 Suites.Cart.TC20 search and verify cart after login :: TC20 - Sear... | FAIL |
2026-08-12 03:05:24.078588 1 test, 0 passed, 1 failed
2026-08-12 03:05:24.078617 ==============================================================================
2026-08-12 03:05:24.078685 Suites.Cart                                                           | FAIL |
2026-08-12 03:05:24.079033 1 test, 0 passed, 1 failed
2026-08-12 03:05:24.079064 ==============================================================================
2026-08-12 03:05:24.079146 Suites                                                                | FAIL |
2026-08-12 03:05:24.079460 1 test, 0 passed, 1 failed
2026-08-12 03:05:24.079545 ==============================================================================
2026-08-12 03:05:24.079560 Output:  /home/runner/work/engg-robot-testing-framework/engg-robot-testing-framework/reports/pabot_results/8/output.xml
