2026-08-12 03:04:53.151910 ==============================================================================
2026-08-12 03:04:53.186478 Suites
2026-08-12 03:04:53.186566 ==============================================================================
2026-08-12 03:04:53.186582 Suites.Cart
2026-08-12 03:04:53.187469 ==============================================================================
2026-08-12 03:04:53.187489 Suites.Cart.TC12 add products to cart :: TC12 - Add Products In Cart
2026-08-12 03:04:53.187489 [ ERROR ] Error in file '/home/runner/work/engg-robot-testing-framework/engg-robot-testing-framework/resources/common.resource' on line 4: Importing library 'playwright_keyword_library.PlaywrightKeywordLibrary' failed: ModuleNotFoundError: No module named 'playwright_keyword_library'
2026-08-12 03:04:53.218903 ==============================================================================
2026-08-12 03:04:53.218903 Traceback (most recent call last):
2026-08-12 03:04:53.218929   None
2026-08-12 03:04:53.269099 PYTHONPATH:
2026-08-12 03:04:53.319281   /opt/hostedtoolcache/Python/3.11.15/x64/bin
2026-08-12 03:04:53.369431   /opt/hostedtoolcache/Python/3.11.15/x64/lib/python311.zip
2026-08-12 03:04:53.419565   /opt/hostedtoolcache/Python/3.11.15/x64/lib/python3.11
2026-08-12 03:04:53.469712   /opt/hostedtoolcache/Python/3.11.15/x64/lib/python3.11/lib-dynload
2026-08-12 03:04:53.519903   /opt/hostedtoolcache/Python/3.11.15/x64/lib/python3.11/site-packages
2026-08-12 03:04:53.570103 [ ERROR ] Error in file '/home/runner/work/engg-robot-testing-framework/engg-robot-testing-framework/resources/product_keywords.resource' on line 2: Importing library 'playwright_keyword_library.PlaywrightKeywordLibrary' failed: ModuleNotFoundError: No module named 'playwright_keyword_library'
2026-08-12 03:04:53.620288 Traceback (most recent call last):
2026-08-12 03:04:53.670496   None
2026-08-12 03:04:53.720713 PYTHONPATH:
2026-08-12 03:04:53.770928   /opt/hostedtoolcache/Python/3.11.15/x64/bin
2026-08-12 03:04:53.821128   /opt/hostedtoolcache/Python/3.11.15/x64/lib/python311.zip
2026-08-12 03:04:53.871288   /opt/hostedtoolcache/Python/3.11.15/x64/lib/python3.11
2026-08-12 03:04:53.921533   /opt/hostedtoolcache/Python/3.11.15/x64/lib/python3.11/lib-dynload
2026-08-12 03:04:53.971751   /opt/hostedtoolcache/Python/3.11.15/x64/lib/python3.11/site-packages
2026-08-12 03:04:54.021967 [ ERROR ] Error in file '/home/runner/work/engg-robot-testing-framework/engg-robot-testing-framework/resources/cart_keywords.resource' on line 2: Importing library 'playwright_keyword_library.PlaywrightKeywordLibrary' failed: ModuleNotFoundError: No module named 'playwright_keyword_library'
2026-08-12 03:04:54.072178 Traceback (most recent call last):
2026-08-12 03:04:54.122384   None
2026-08-12 03:04:54.172606 PYTHONPATH:
2026-08-12 03:04:54.222828   /opt/hostedtoolcache/Python/3.11.15/x64/bin
2026-08-12 03:04:54.273035   /opt/hostedtoolcache/Python/3.11.15/x64/lib/python311.zip
2026-08-12 03:04:54.323259   /opt/hostedtoolcache/Python/3.11.15/x64/lib/python3.11
2026-08-12 03:04:54.373430   /opt/hostedtoolcache/Python/3.11.15/x64/lib/python3.11/lib-dynload
2026-08-12 03:04:54.423650   /opt/hostedtoolcache/Python/3.11.15/x64/lib/python3.11/site-packages
2026-08-12 03:05:03.201177 TC12 Add Products In Cart                                             | FAIL |
2026-08-12 03:05:03.230595 Setup failed:
2026-08-12 03:05:03.230616 No keyword with name 'Open Browser' found.
2026-08-12 03:05:03.230631 
2026-08-12 03:05:03.230644 Also teardown failed:
2026-08-12 03:05:03.230657 Several failures occurred:
2026-08-12 03:05:03.230668 
2026-08-12 03:05:03.230680 1) No keyword with name 'Register Keyword To Run On Failure' found.
2026-08-12 03:05:03.230692 
2026-08-12 03:05:03.230703 2) No keyword with name 'Close Browser' found. Did you mean:
2026-08-12 03:05:03.230715     common.Close Test Browser
2026-08-12 03:05:03.230727 ------------------------------------------------------------------------------
2026-08-12 03:05:03.230738 Suites.Cart.TC12 add products to cart :: TC12 - Add Products In Cart  | FAIL |
2026-08-12 03:05:03.231302 1 test, 0 passed, 1 failed
2026-08-12 03:05:03.231320 ==============================================================================
2026-08-12 03:05:03.231334 Suites.Cart                                                           | FAIL |
2026-08-12 03:05:03.231725 1 test, 0 passed, 1 failed
2026-08-12 03:05:03.231743 ==============================================================================
2026-08-12 03:05:03.231755 Suites                                                                | FAIL |
2026-08-12 03:05:03.232117 1 test, 0 passed, 1 failed
2026-08-12 03:05:03.232135 ==============================================================================
2026-08-12 03:05:03.232148 Output:  /home/runner/work/engg-robot-testing-framework/engg-robot-testing-framework/reports/pabot_results/5/output.xml
