2026-09-02 04:55:00.235169 ==============================================================================
2026-09-02 04:55:00.249186 Suites
2026-09-02 04:55:00.249208 ==============================================================================
2026-09-02 04:55:00.249225 Suites.Auth
2026-09-02 04:55:00.250054 ==============================================================================
2026-09-02 04:55:00.250074 Suites.Auth.TC01 register user
2026-09-02 04:55:00.250074 [ ERROR ] Error in file '/home/runner/work/engg-robot-testing-framework/engg-robot-testing-framework/tests/auth/TC01_register_user.robot' on line 2: Importing library 'playwright_keyword_library.PlaywrightKeywordLibrary' failed: ModuleNotFoundError: No module named 'playwright_keyword_library'
2026-09-02 04:55:00.269096 ==============================================================================
2026-09-02 04:55:00.269096 Traceback (most recent call last):
2026-09-02 04:55:00.269122   None
2026-09-02 04:55:00.319247 PYTHONPATH:
2026-09-02 04:55:00.369358   /opt/hostedtoolcache/Python/3.11.16/x64/bin
2026-09-02 04:55:00.419461   /opt/hostedtoolcache/Python/3.11.16/x64/lib/python311.zip
2026-09-02 04:55:00.469561   /opt/hostedtoolcache/Python/3.11.16/x64/lib/python3.11
2026-09-02 04:55:00.519706   /opt/hostedtoolcache/Python/3.11.16/x64/lib/python3.11/lib-dynload
2026-09-02 04:55:00.569858   /opt/hostedtoolcache/Python/3.11.16/x64/lib/python3.11/site-packages
2026-09-02 04:55:00.620024 [ ERROR ] Error in file '/home/runner/work/engg-robot-testing-framework/engg-robot-testing-framework/resources/auth_keywords.resource' on line 2: Importing library 'playwright_keyword_library.PlaywrightKeywordLibrary' failed: ModuleNotFoundError: No module named 'playwright_keyword_library'
2026-09-02 04:55:00.670132 Traceback (most recent call last):
2026-09-02 04:55:00.720280   None
2026-09-02 04:55:00.770433 PYTHONPATH:
2026-09-02 04:55:00.820593   /opt/hostedtoolcache/Python/3.11.16/x64/bin
2026-09-02 04:55:00.870756   /opt/hostedtoolcache/Python/3.11.16/x64/lib/python311.zip
2026-09-02 04:55:00.920918   /opt/hostedtoolcache/Python/3.11.16/x64/lib/python3.11
2026-09-02 04:55:00.971078   /opt/hostedtoolcache/Python/3.11.16/x64/lib/python3.11/lib-dynload
2026-09-02 04:55:01.021243   /opt/hostedtoolcache/Python/3.11.16/x64/lib/python3.11/site-packages
2026-09-02 04:55:01.071364 [ ERROR ] Error in file '/home/runner/work/engg-robot-testing-framework/engg-robot-testing-framework/resources/common.resource' on line 4: Importing library 'playwright_keyword_library.PlaywrightKeywordLibrary' failed: ModuleNotFoundError: No module named 'playwright_keyword_library'
2026-09-02 04:55:01.121493 Traceback (most recent call last):
2026-09-02 04:55:01.171641   None
2026-09-02 04:55:01.221753 PYTHONPATH:
2026-09-02 04:55:01.271926   /opt/hostedtoolcache/Python/3.11.16/x64/bin
2026-09-02 04:55:01.322065   /opt/hostedtoolcache/Python/3.11.16/x64/lib/python311.zip
2026-09-02 04:55:01.372211   /opt/hostedtoolcache/Python/3.11.16/x64/lib/python3.11
2026-09-02 04:55:01.422359   /opt/hostedtoolcache/Python/3.11.16/x64/lib/python3.11/lib-dynload
2026-09-02 04:55:01.472507   /opt/hostedtoolcache/Python/3.11.16/x64/lib/python3.11/site-packages
2026-09-02 04:55:10.245084 TC01 Register User                                                    | FAIL |
2026-09-02 04:55:10.278892 Setup failed:
2026-09-02 04:55:10.278916 No keyword with name 'Open Browser' found.
2026-09-02 04:55:10.278962 
2026-09-02 04:55:10.278983 Also teardown failed:
2026-09-02 04:55:10.278999 Several failures occurred:
2026-09-02 04:55:10.279014 
2026-09-02 04:55:10.279030 1) No keyword with name 'Register Keyword To Run On Failure' found.
2026-09-02 04:55:10.279046 
2026-09-02 04:55:10.279061 2) No keyword with name 'Close Browser' found. Did you mean:
2026-09-02 04:55:10.279075     common.Close Test Browser
2026-09-02 04:55:10.279090 ------------------------------------------------------------------------------
2026-09-02 04:55:10.279104 Suites.Auth.TC01 register user                                        | FAIL |
2026-09-02 04:55:10.279946 1 test, 0 passed, 1 failed
2026-09-02 04:55:10.279969 ==============================================================================
2026-09-02 04:55:10.279987 Suites.Auth                                                           | FAIL |
2026-09-02 04:55:10.280286 1 test, 0 passed, 1 failed
2026-09-02 04:55:10.280351 ==============================================================================
2026-09-02 04:55:10.280367 Suites                                                                | FAIL |
2026-09-02 04:55:10.280681 1 test, 0 passed, 1 failed
2026-09-02 04:55:10.280756 ==============================================================================
2026-09-02 04:55:10.280770 Output:  /home/runner/work/engg-robot-testing-framework/engg-robot-testing-framework/reports/pabot_results/0/output.xml
