2026-08-06 03:49:54.594961 ==============================================================================
2026-08-06 03:49:54.609978 Suites
2026-08-06 03:49:54.610000 ==============================================================================
2026-08-06 03:49:54.610021 Suites.Cart
2026-08-06 03:49:54.610913 ==============================================================================
2026-08-06 03:49:54.610932 Suites.Cart.TC22 add from recommended items :: TC22 - Add To Cart From Reco...
2026-08-06 03:49:54.610932 [ ERROR ] Error in file '/home/runner/work/engg-robot-testing-framework/engg-robot-testing-framework/resources/common.resource' on line 4: Importing library 'playwright_keyword_library.PlaywrightKeywordLibrary' failed: ModuleNotFoundError: No module named 'playwright_keyword_library'
2026-08-06 03:49:54.634553 ==============================================================================
2026-08-06 03:49:54.634553 Traceback (most recent call last):
2026-08-06 03:49:54.634578   None
2026-08-06 03:49:54.684711 PYTHONPATH:
2026-08-06 03:49:54.734870   /opt/hostedtoolcache/Python/3.11.15/x64/bin
2026-08-06 03:49:54.785026   /opt/hostedtoolcache/Python/3.11.15/x64/lib/python311.zip
2026-08-06 03:49:54.835164   /opt/hostedtoolcache/Python/3.11.15/x64/lib/python3.11
2026-08-06 03:49:54.885286   /opt/hostedtoolcache/Python/3.11.15/x64/lib/python3.11/lib-dynload
2026-08-06 03:49:54.935460   /opt/hostedtoolcache/Python/3.11.15/x64/lib/python3.11/site-packages
2026-08-06 03:49:54.985635 [ ERROR ] Error in file '/home/runner/work/engg-robot-testing-framework/engg-robot-testing-framework/resources/cart_keywords.resource' on line 2: Importing library 'playwright_keyword_library.PlaywrightKeywordLibrary' failed: ModuleNotFoundError: No module named 'playwright_keyword_library'
2026-08-06 03:49:55.035797 Traceback (most recent call last):
2026-08-06 03:49:55.085931   None
2026-08-06 03:49:55.136086 PYTHONPATH:
2026-08-06 03:49:55.186242   /opt/hostedtoolcache/Python/3.11.15/x64/bin
2026-08-06 03:49:55.236389   /opt/hostedtoolcache/Python/3.11.15/x64/lib/python311.zip
2026-08-06 03:49:55.286540   /opt/hostedtoolcache/Python/3.11.15/x64/lib/python3.11
2026-08-06 03:49:55.336700   /opt/hostedtoolcache/Python/3.11.15/x64/lib/python3.11/lib-dynload
2026-08-06 03:49:55.386857   /opt/hostedtoolcache/Python/3.11.15/x64/lib/python3.11/site-packages
2026-08-06 03:50:04.609909 TC22 Add To Cart From Recommended Items                               | FAIL |
2026-08-06 03:50:04.644985 Setup failed:
2026-08-06 03:50:04.645001 No keyword with name 'Open Browser' found.
2026-08-06 03:50:04.645013 
2026-08-06 03:50:04.645022 Also teardown failed:
2026-08-06 03:50:04.645031 Several failures occurred:
2026-08-06 03:50:04.645061 
2026-08-06 03:50:04.645072 1) No keyword with name 'Register Keyword To Run On Failure' found.
2026-08-06 03:50:04.645082 
2026-08-06 03:50:04.645090 2) No keyword with name 'Close Browser' found. Did you mean:
2026-08-06 03:50:04.645099     common.Close Test Browser
2026-08-06 03:50:04.645107 ------------------------------------------------------------------------------
2026-08-06 03:50:04.645115 Suites.Cart.TC22 add from recommended items :: TC22 - Add To Cart ... | FAIL |
2026-08-06 03:50:04.645642 1 test, 0 passed, 1 failed
2026-08-06 03:50:04.645690 ==============================================================================
2026-08-06 03:50:04.645698 Suites.Cart                                                           | FAIL |
2026-08-06 03:50:04.646113 1 test, 0 passed, 1 failed
2026-08-06 03:50:04.646149 ==============================================================================
2026-08-06 03:50:04.646156 Suites                                                                | FAIL |
2026-08-06 03:50:04.646473 1 test, 0 passed, 1 failed
2026-08-06 03:50:04.646520 ==============================================================================
2026-08-06 03:50:04.646528 Output:  /home/runner/work/engg-robot-testing-framework/engg-robot-testing-framework/reports/pabot_results/9/output.xml
