2026-08-07 03:28:31.957840 ==============================================================================
2026-08-07 03:28:31.988325 Suites
2026-08-07 03:28:31.988341 ==============================================================================
2026-08-07 03:28:31.988352 Suites.Cart
2026-08-07 03:28:31.988970 ==============================================================================
2026-08-07 03:28:31.988984 Suites.Cart.TC12 add products to cart :: TC12 - Add Products In Cart
2026-08-07 03:28:31.988984 [ ERROR ] Error in file '/home/runner/work/engg-robot-testing-framework/engg-robot-testing-framework/resources/common.resource' on line 4: Importing library 'playwright_keyword_library.PlaywrightKeywordLibrary' failed: ModuleNotFoundError: No module named 'playwright_keyword_library'
2026-08-07 03:28:32.010508 ==============================================================================
2026-08-07 03:28:32.010508 Traceback (most recent call last):
2026-08-07 03:28:32.010521   None
2026-08-07 03:28:32.060659 PYTHONPATH:
2026-08-07 03:28:32.110791   /opt/hostedtoolcache/Python/3.11.15/x64/bin
2026-08-07 03:28:32.160918   /opt/hostedtoolcache/Python/3.11.15/x64/lib/python311.zip
2026-08-07 03:28:32.211054   /opt/hostedtoolcache/Python/3.11.15/x64/lib/python3.11
2026-08-07 03:28:32.261186   /opt/hostedtoolcache/Python/3.11.15/x64/lib/python3.11/lib-dynload
2026-08-07 03:28:32.311324   /opt/hostedtoolcache/Python/3.11.15/x64/lib/python3.11/site-packages
2026-08-07 03:28:32.361451 [ ERROR ] Error in file '/home/runner/work/engg-robot-testing-framework/engg-robot-testing-framework/resources/product_keywords.resource' on line 2: Importing library 'playwright_keyword_library.PlaywrightKeywordLibrary' failed: ModuleNotFoundError: No module named 'playwright_keyword_library'
2026-08-07 03:28:32.411587 Traceback (most recent call last):
2026-08-07 03:28:32.461723   None
2026-08-07 03:28:32.511851 PYTHONPATH:
2026-08-07 03:28:32.561984   /opt/hostedtoolcache/Python/3.11.15/x64/bin
2026-08-07 03:28:32.612135   /opt/hostedtoolcache/Python/3.11.15/x64/lib/python311.zip
2026-08-07 03:28:32.662261   /opt/hostedtoolcache/Python/3.11.15/x64/lib/python3.11
2026-08-07 03:28:32.712392   /opt/hostedtoolcache/Python/3.11.15/x64/lib/python3.11/lib-dynload
2026-08-07 03:28:32.762519   /opt/hostedtoolcache/Python/3.11.15/x64/lib/python3.11/site-packages
2026-08-07 03:28:32.812660 [ ERROR ] Error in file '/home/runner/work/engg-robot-testing-framework/engg-robot-testing-framework/resources/cart_keywords.resource' on line 2: Importing library 'playwright_keyword_library.PlaywrightKeywordLibrary' failed: ModuleNotFoundError: No module named 'playwright_keyword_library'
2026-08-07 03:28:32.862787 Traceback (most recent call last):
2026-08-07 03:28:32.912913   None
2026-08-07 03:28:32.963036 PYTHONPATH:
2026-08-07 03:28:33.013164   /opt/hostedtoolcache/Python/3.11.15/x64/bin
2026-08-07 03:28:33.063299   /opt/hostedtoolcache/Python/3.11.15/x64/lib/python311.zip
2026-08-07 03:28:33.113429   /opt/hostedtoolcache/Python/3.11.15/x64/lib/python3.11
2026-08-07 03:28:33.163552   /opt/hostedtoolcache/Python/3.11.15/x64/lib/python3.11/lib-dynload
2026-08-07 03:28:33.213676   /opt/hostedtoolcache/Python/3.11.15/x64/lib/python3.11/site-packages
2026-08-07 03:28:41.981944 TC12 Add Products In Cart                                             | FAIL |
2026-08-07 03:28:42.019483 Setup failed:
2026-08-07 03:28:42.019494 No keyword with name 'Open Browser' found.
2026-08-07 03:28:42.019501 
2026-08-07 03:28:42.019506 Also teardown failed:
2026-08-07 03:28:42.019512 Several failures occurred:
2026-08-07 03:28:42.019518 
2026-08-07 03:28:42.019523 1) No keyword with name 'Register Keyword To Run On Failure' found.
2026-08-07 03:28:42.019529 
2026-08-07 03:28:42.019534 2) No keyword with name 'Close Browser' found. Did you mean:
2026-08-07 03:28:42.019539     common.Close Test Browser
2026-08-07 03:28:42.019544 ------------------------------------------------------------------------------
2026-08-07 03:28:42.019550 Suites.Cart.TC12 add products to cart :: TC12 - Add Products In Cart  | FAIL |
2026-08-07 03:28:42.020104 1 test, 0 passed, 1 failed
2026-08-07 03:28:42.020147 ==============================================================================
2026-08-07 03:28:42.020154 Suites.Cart                                                           | FAIL |
2026-08-07 03:28:42.020466 1 test, 0 passed, 1 failed
2026-08-07 03:28:42.020502 ==============================================================================
2026-08-07 03:28:42.020508 Suites                                                                | FAIL |
2026-08-07 03:28:42.020786 1 test, 0 passed, 1 failed
2026-08-07 03:28:42.020807 ==============================================================================
2026-08-07 03:28:42.020812 Output:  /home/runner/work/engg-robot-testing-framework/engg-robot-testing-framework/reports/pabot_results/5/output.xml
