2026-10-01 06:23:52.530152 ==============================================================================
2026-10-01 06:23:52.544306 Suites
2026-10-01 06:23:52.544328 ==============================================================================
2026-10-01 06:23:52.544343 Suites.Cart
2026-10-01 06:23:52.545147 ==============================================================================
2026-10-01 06:23:52.545168 Suites.Cart.TC13 verify product quantity :: TC13 - Verify Product Quantity ...
2026-10-01 06:23:52.545168 [ ERROR ] Error in file '/home/runner/work/engg-robot-testing-framework/engg-robot-testing-framework/resources/common.resource' on line 4: Importing library 'playwright_keyword_library.PlaywrightKeywordLibrary' failed: ModuleNotFoundError: No module named 'playwright_keyword_library'
2026-10-01 06:23:52.575422 ==============================================================================
2026-10-01 06:23:52.575422 Traceback (most recent call last):
2026-10-01 06:23:52.575448   None
2026-10-01 06:23:52.625566 PYTHONPATH:
2026-10-01 06:23:52.675685   /opt/hostedtoolcache/Python/3.11.16/x64/bin
2026-10-01 06:23:52.725801   /opt/hostedtoolcache/Python/3.11.16/x64/lib/python311.zip
2026-10-01 06:23:52.775914   /opt/hostedtoolcache/Python/3.11.16/x64/lib/python3.11
2026-10-01 06:23:52.826032   /opt/hostedtoolcache/Python/3.11.16/x64/lib/python3.11/lib-dynload
2026-10-01 06:23:52.876208   /opt/hostedtoolcache/Python/3.11.16/x64/lib/python3.11/site-packages
2026-10-01 06:23:52.926344 [ ERROR ] Error in file '/home/runner/work/engg-robot-testing-framework/engg-robot-testing-framework/resources/product_keywords.resource' on line 2: Importing library 'playwright_keyword_library.PlaywrightKeywordLibrary' failed: ModuleNotFoundError: No module named 'playwright_keyword_library'
2026-10-01 06:23:52.976482 Traceback (most recent call last):
2026-10-01 06:23:53.026629   None
2026-10-01 06:23:53.076763 PYTHONPATH:
2026-10-01 06:23:53.126898   /opt/hostedtoolcache/Python/3.11.16/x64/bin
2026-10-01 06:23:53.177066   /opt/hostedtoolcache/Python/3.11.16/x64/lib/python311.zip
2026-10-01 06:23:53.227212   /opt/hostedtoolcache/Python/3.11.16/x64/lib/python3.11
2026-10-01 06:23:53.277366   /opt/hostedtoolcache/Python/3.11.16/x64/lib/python3.11/lib-dynload
2026-10-01 06:23:53.327515   /opt/hostedtoolcache/Python/3.11.16/x64/lib/python3.11/site-packages
2026-10-01 06:23:53.377664 [ ERROR ] Error in file '/home/runner/work/engg-robot-testing-framework/engg-robot-testing-framework/resources/cart_keywords.resource' on line 2: Importing library 'playwright_keyword_library.PlaywrightKeywordLibrary' failed: ModuleNotFoundError: No module named 'playwright_keyword_library'
2026-10-01 06:23:53.427813 Traceback (most recent call last):
2026-10-01 06:23:53.477963   None
2026-10-01 06:23:53.528111 PYTHONPATH:
2026-10-01 06:23:53.578262   /opt/hostedtoolcache/Python/3.11.16/x64/bin
2026-10-01 06:23:53.628412   /opt/hostedtoolcache/Python/3.11.16/x64/lib/python311.zip
2026-10-01 06:23:53.678571   /opt/hostedtoolcache/Python/3.11.16/x64/lib/python3.11
2026-10-01 06:23:53.728719   /opt/hostedtoolcache/Python/3.11.16/x64/lib/python3.11/lib-dynload
2026-10-01 06:23:53.778870   /opt/hostedtoolcache/Python/3.11.16/x64/lib/python3.11/site-packages
2026-10-01 06:24:02.550581 TC13 Verify Product Quantity In Cart                                  | FAIL |
2026-10-01 06:24:02.586577 Setup failed:
2026-10-01 06:24:02.586597 No keyword with name 'Open Browser' found.
2026-10-01 06:24:02.586612 
2026-10-01 06:24:02.586626 Also teardown failed:
2026-10-01 06:24:02.586640 Several failures occurred:
2026-10-01 06:24:02.586653 
2026-10-01 06:24:02.586665 1) No keyword with name 'Register Keyword To Run On Failure' found.
2026-10-01 06:24:02.586677 
2026-10-01 06:24:02.586688 2) No keyword with name 'Close Browser' found. Did you mean:
2026-10-01 06:24:02.586700     common.Close Test Browser
2026-10-01 06:24:02.586712 ------------------------------------------------------------------------------
2026-10-01 06:24:02.586724 Suites.Cart.TC13 verify product quantity :: TC13 - Verify Product ... | FAIL |
2026-10-01 06:24:02.587405 1 test, 0 passed, 1 failed
2026-10-01 06:24:02.587432 ==============================================================================
2026-10-01 06:24:02.587511 Suites.Cart                                                           | FAIL |
2026-10-01 06:24:02.588019 1 test, 0 passed, 1 failed
2026-10-01 06:24:02.588037 ==============================================================================
2026-10-01 06:24:02.588053 Suites                                                                | FAIL |
2026-10-01 06:24:02.588367 1 test, 0 passed, 1 failed
2026-10-01 06:24:02.588429 ==============================================================================
2026-10-01 06:24:02.588444 Output:  /home/runner/work/engg-robot-testing-framework/engg-robot-testing-framework/reports/pabot_results/6/output.xml
