2026-07-25 03:48:50.974505 ==============================================================================
2026-07-25 03:48:50.975648 Suites
2026-07-25 03:48:50.975667 ==============================================================================
2026-07-25 03:48:50.975679 Suites.Auth
2026-07-25 03:48:50.976533 ==============================================================================
2026-07-25 03:48:50.976548 Suites.Auth.TC04 logout user
2026-07-25 03:48:50.976548 [ ERROR ] Error in file '/home/runner/work/engg-robot-testing-framework/engg-robot-testing-framework/tests/auth/TC04_logout_user.robot' on line 2: Importing library 'playwright_keyword_library.PlaywrightKeywordLibrary' failed: ModuleNotFoundError: No module named 'playwright_keyword_library'
2026-07-25 03:48:50.992444 ==============================================================================
2026-07-25 03:48:50.992444 Traceback (most recent call last):
2026-07-25 03:48:50.992469   None
2026-07-25 03:48:51.042576 PYTHONPATH:
2026-07-25 03:48:51.092748   /opt/hostedtoolcache/Python/3.11.15/x64/bin
2026-07-25 03:48:51.142870   /opt/hostedtoolcache/Python/3.11.15/x64/lib/python311.zip
2026-07-25 03:48:51.193049   /opt/hostedtoolcache/Python/3.11.15/x64/lib/python3.11
2026-07-25 03:48:51.243260   /opt/hostedtoolcache/Python/3.11.15/x64/lib/python3.11/lib-dynload
2026-07-25 03:48:51.293509   /opt/hostedtoolcache/Python/3.11.15/x64/lib/python3.11/site-packages
2026-07-25 03:48:51.343768 [ ERROR ] Error in file '/home/runner/work/engg-robot-testing-framework/engg-robot-testing-framework/resources/auth_keywords.resource' on line 2: Importing library 'playwright_keyword_library.PlaywrightKeywordLibrary' failed: ModuleNotFoundError: No module named 'playwright_keyword_library'
2026-07-25 03:48:51.394068 Traceback (most recent call last):
2026-07-25 03:48:51.444320   None
2026-07-25 03:48:51.494556 PYTHONPATH:
2026-07-25 03:48:51.544708   /opt/hostedtoolcache/Python/3.11.15/x64/bin
2026-07-25 03:48:51.594949   /opt/hostedtoolcache/Python/3.11.15/x64/lib/python311.zip
2026-07-25 03:48:51.645174   /opt/hostedtoolcache/Python/3.11.15/x64/lib/python3.11
2026-07-25 03:48:51.695435   /opt/hostedtoolcache/Python/3.11.15/x64/lib/python3.11/lib-dynload
2026-07-25 03:48:51.745637   /opt/hostedtoolcache/Python/3.11.15/x64/lib/python3.11/site-packages
2026-07-25 03:48:51.795804 [ ERROR ] Error in file '/home/runner/work/engg-robot-testing-framework/engg-robot-testing-framework/resources/common.resource' on line 4: Importing library 'playwright_keyword_library.PlaywrightKeywordLibrary' failed: ModuleNotFoundError: No module named 'playwright_keyword_library'
2026-07-25 03:48:51.846038 Traceback (most recent call last):
2026-07-25 03:48:51.896289   None
2026-07-25 03:48:51.946541 PYTHONPATH:
2026-07-25 03:48:51.996765   /opt/hostedtoolcache/Python/3.11.15/x64/bin
2026-07-25 03:48:52.046984   /opt/hostedtoolcache/Python/3.11.15/x64/lib/python311.zip
2026-07-25 03:48:52.097212   /opt/hostedtoolcache/Python/3.11.15/x64/lib/python3.11
2026-07-25 03:48:52.147428   /opt/hostedtoolcache/Python/3.11.15/x64/lib/python3.11/lib-dynload
2026-07-25 03:48:52.197667   /opt/hostedtoolcache/Python/3.11.15/x64/lib/python3.11/site-packages
2026-07-25 03:49:00.969713 TC04 Logout User                                                      | FAIL |
2026-07-25 03:49:01.002639 Setup failed:
2026-07-25 03:49:01.002653 No keyword with name 'Open Browser' found.
2026-07-25 03:49:01.002661 
2026-07-25 03:49:01.002669 Also teardown failed:
2026-07-25 03:49:01.002677 Several failures occurred:
2026-07-25 03:49:01.002683 
2026-07-25 03:49:01.002692 1) No keyword with name 'Register Keyword To Run On Failure' found.
2026-07-25 03:49:01.002700 
2026-07-25 03:49:01.002706 2) No keyword with name 'Close Browser' found. Did you mean:
2026-07-25 03:49:01.002713     common.Close Test Browser
2026-07-25 03:49:01.002720 ------------------------------------------------------------------------------
2026-07-25 03:49:01.002727 Suites.Auth.TC04 logout user                                          | FAIL |
2026-07-25 03:49:01.003646 1 test, 0 passed, 1 failed
2026-07-25 03:49:01.003702 ==============================================================================
2026-07-25 03:49:01.003709 Suites.Auth                                                           | FAIL |
2026-07-25 03:49:01.004306 1 test, 0 passed, 1 failed
2026-07-25 03:49:01.004362 ==============================================================================
2026-07-25 03:49:01.004370 Suites                                                                | FAIL |
2026-07-25 03:49:01.007444 1 test, 0 passed, 1 failed
2026-07-25 03:49:01.007461 ==============================================================================
2026-07-25 03:49:01.007482 Output:  /home/runner/work/engg-robot-testing-framework/engg-robot-testing-framework/reports/pabot_results/3/output.xml
