2026-07-03 04:25:41.004281 ==============================================================================
2026-07-03 04:25:41.034351 Suites
2026-07-03 04:25:41.034372 ==============================================================================
2026-07-03 04:25:41.034387 Suites.Auth
2026-07-03 04:25:41.035272 ==============================================================================
2026-07-03 04:25:41.035291 Suites.Auth.TC05 register existing email
2026-07-03 04:25:41.035291 [ ERROR ] Error in file '/home/runner/work/engg-robot-testing-framework/engg-robot-testing-framework/tests/auth/TC05_register_existing_email.robot' on line 2: Importing library 'playwright_keyword_library.PlaywrightKeywordLibrary' failed: ModuleNotFoundError: No module named 'playwright_keyword_library'
2026-07-03 04:25:41.054443 ==============================================================================
2026-07-03 04:25:41.054443 Traceback (most recent call last):
2026-07-03 04:25:41.054471   None
2026-07-03 04:25:41.104642 PYTHONPATH:
2026-07-03 04:25:41.154789   /opt/hostedtoolcache/Python/3.11.15/x64/bin
2026-07-03 04:25:41.204944   /opt/hostedtoolcache/Python/3.11.15/x64/lib/python311.zip
2026-07-03 04:25:41.255109   /opt/hostedtoolcache/Python/3.11.15/x64/lib/python3.11
2026-07-03 04:25:41.305271   /opt/hostedtoolcache/Python/3.11.15/x64/lib/python3.11/lib-dynload
2026-07-03 04:25:41.355408   /opt/hostedtoolcache/Python/3.11.15/x64/lib/python3.11/site-packages
2026-07-03 04:25:41.405587 [ ERROR ] Error in file '/home/runner/work/engg-robot-testing-framework/engg-robot-testing-framework/resources/auth_keywords.resource' on line 2: Importing library 'playwright_keyword_library.PlaywrightKeywordLibrary' failed: ModuleNotFoundError: No module named 'playwright_keyword_library'
2026-07-03 04:25:41.455764 Traceback (most recent call last):
2026-07-03 04:25:41.505934   None
2026-07-03 04:25:41.556102 PYTHONPATH:
2026-07-03 04:25:41.606276   /opt/hostedtoolcache/Python/3.11.15/x64/bin
2026-07-03 04:25:41.656440   /opt/hostedtoolcache/Python/3.11.15/x64/lib/python311.zip
2026-07-03 04:25:41.706680   /opt/hostedtoolcache/Python/3.11.15/x64/lib/python3.11
2026-07-03 04:25:41.756866   /opt/hostedtoolcache/Python/3.11.15/x64/lib/python3.11/lib-dynload
2026-07-03 04:25:41.807083   /opt/hostedtoolcache/Python/3.11.15/x64/lib/python3.11/site-packages
2026-07-03 04:25:41.857268 [ ERROR ] Error in file '/home/runner/work/engg-robot-testing-framework/engg-robot-testing-framework/resources/common.resource' on line 4: Importing library 'playwright_keyword_library.PlaywrightKeywordLibrary' failed: ModuleNotFoundError: No module named 'playwright_keyword_library'
2026-07-03 04:25:41.907474 Traceback (most recent call last):
2026-07-03 04:25:41.957658   None
2026-07-03 04:25:42.007866 PYTHONPATH:
2026-07-03 04:25:42.058049   /opt/hostedtoolcache/Python/3.11.15/x64/bin
2026-07-03 04:25:42.108251   /opt/hostedtoolcache/Python/3.11.15/x64/lib/python311.zip
2026-07-03 04:25:42.158447   /opt/hostedtoolcache/Python/3.11.15/x64/lib/python3.11
2026-07-03 04:25:42.208673   /opt/hostedtoolcache/Python/3.11.15/x64/lib/python3.11/lib-dynload
2026-07-03 04:25:42.258865   /opt/hostedtoolcache/Python/3.11.15/x64/lib/python3.11/site-packages
2026-07-03 04:25:51.035374 TC05 Register User With Existing Email                                | FAIL |
2026-07-03 04:25:51.065151 Setup failed:
2026-07-03 04:25:51.065172 No keyword with name 'Open Browser' found.
2026-07-03 04:25:51.065188 
2026-07-03 04:25:51.065202 Also teardown failed:
2026-07-03 04:25:51.065214 Several failures occurred:
2026-07-03 04:25:51.065226 
2026-07-03 04:25:51.065238 1) No keyword with name 'Register Keyword To Run On Failure' found.
2026-07-03 04:25:51.065251 
2026-07-03 04:25:51.065262 2) No keyword with name 'Close Browser' found. Did you mean:
2026-07-03 04:25:51.065275     common.Close Test Browser
2026-07-03 04:25:51.065288 ------------------------------------------------------------------------------
2026-07-03 04:25:51.065301 Suites.Auth.TC05 register existing email                              | FAIL |
2026-07-03 04:25:51.065780 1 test, 0 passed, 1 failed
2026-07-03 04:25:51.065849 ==============================================================================
2026-07-03 04:25:51.065865 Suites.Auth                                                           | FAIL |
2026-07-03 04:25:51.066237 1 test, 0 passed, 1 failed
2026-07-03 04:25:51.066305 ==============================================================================
2026-07-03 04:25:51.066322 Suites                                                                | FAIL |
2026-07-03 04:25:51.066638 1 test, 0 passed, 1 failed
2026-07-03 04:25:51.066715 ==============================================================================
2026-07-03 04:25:51.066739 Output:  /home/runner/work/engg-robot-testing-framework/engg-robot-testing-framework/reports/pabot_results/4/output.xml
