2026-08-23 02:09:57.355196 ==============================================================================
2026-08-23 02:09:57.399931 Suites
2026-08-23 02:09:57.399954 ==============================================================================
2026-08-23 02:09:57.399969 Suites.Cart
2026-08-23 02:09:57.400828 ==============================================================================
2026-08-23 02:09:57.400848 Suites.Cart.TC20 search and verify cart after login :: TC20 - Search Produc...
2026-08-23 02:09:57.400848 [ ERROR ] Error in file '/home/runner/work/engg-robot-testing-framework/engg-robot-testing-framework/tests/cart/TC20_search_and_verify_cart_after_login.robot' on line 3: Importing library 'playwright_keyword_library.PlaywrightKeywordLibrary' failed: ModuleNotFoundError: No module named 'playwright_keyword_library'
2026-08-23 02:09:57.439412 ==============================================================================
2026-08-23 02:09:57.439412 Traceback (most recent call last):
2026-08-23 02:09:57.439428   None
2026-08-23 02:09:57.489582 PYTHONPATH:
2026-08-23 02:09:57.539728   /opt/hostedtoolcache/Python/3.11.16/x64/bin
2026-08-23 02:09:57.589874   /opt/hostedtoolcache/Python/3.11.16/x64/lib/python311.zip
2026-08-23 02:09:57.640009   /opt/hostedtoolcache/Python/3.11.16/x64/lib/python3.11
2026-08-23 02:09:57.690188   /opt/hostedtoolcache/Python/3.11.16/x64/lib/python3.11/lib-dynload
2026-08-23 02:09:57.740367   /opt/hostedtoolcache/Python/3.11.16/x64/lib/python3.11/site-packages
2026-08-23 02:09:57.790543 [ ERROR ] Error in file '/home/runner/work/engg-robot-testing-framework/engg-robot-testing-framework/resources/common.resource' on line 4: Importing library 'playwright_keyword_library.PlaywrightKeywordLibrary' failed: ModuleNotFoundError: No module named 'playwright_keyword_library'
2026-08-23 02:09:57.840712 Traceback (most recent call last):
2026-08-23 02:09:57.890947   None
2026-08-23 02:09:57.941093 PYTHONPATH:
2026-08-23 02:09:57.991308   /opt/hostedtoolcache/Python/3.11.16/x64/bin
2026-08-23 02:09:58.041494   /opt/hostedtoolcache/Python/3.11.16/x64/lib/python311.zip
2026-08-23 02:09:58.091700   /opt/hostedtoolcache/Python/3.11.16/x64/lib/python3.11
2026-08-23 02:09:58.141889   /opt/hostedtoolcache/Python/3.11.16/x64/lib/python3.11/lib-dynload
2026-08-23 02:09:58.192093   /opt/hostedtoolcache/Python/3.11.16/x64/lib/python3.11/site-packages
2026-08-23 02:09:58.242284 [ ERROR ] Error in file '/home/runner/work/engg-robot-testing-framework/engg-robot-testing-framework/resources/product_keywords.resource' on line 2: Importing library 'playwright_keyword_library.PlaywrightKeywordLibrary' failed: ModuleNotFoundError: No module named 'playwright_keyword_library'
2026-08-23 02:09:58.292516 Traceback (most recent call last):
2026-08-23 02:09:58.342685   None
2026-08-23 02:09:58.392881 PYTHONPATH:
2026-08-23 02:09:58.443038   /opt/hostedtoolcache/Python/3.11.16/x64/bin
2026-08-23 02:09:58.493220   /opt/hostedtoolcache/Python/3.11.16/x64/lib/python311.zip
2026-08-23 02:09:58.543383   /opt/hostedtoolcache/Python/3.11.16/x64/lib/python3.11
2026-08-23 02:09:58.593587   /opt/hostedtoolcache/Python/3.11.16/x64/lib/python3.11/lib-dynload
2026-08-23 02:09:58.643728   /opt/hostedtoolcache/Python/3.11.16/x64/lib/python3.11/site-packages
2026-08-23 02:09:58.693921 [ ERROR ] Error in file '/home/runner/work/engg-robot-testing-framework/engg-robot-testing-framework/resources/cart_keywords.resource' on line 2: Importing library 'playwright_keyword_library.PlaywrightKeywordLibrary' failed: ModuleNotFoundError: No module named 'playwright_keyword_library'
2026-08-23 02:09:58.744085 Traceback (most recent call last):
2026-08-23 02:09:58.794273   None
2026-08-23 02:09:58.844432 PYTHONPATH:
2026-08-23 02:09:58.894629   /opt/hostedtoolcache/Python/3.11.16/x64/bin
2026-08-23 02:09:58.944768   /opt/hostedtoolcache/Python/3.11.16/x64/lib/python311.zip
2026-08-23 02:09:58.994974   /opt/hostedtoolcache/Python/3.11.16/x64/lib/python3.11
2026-08-23 02:09:59.045138   /opt/hostedtoolcache/Python/3.11.16/x64/lib/python3.11/lib-dynload
2026-08-23 02:09:59.095333   /opt/hostedtoolcache/Python/3.11.16/x64/lib/python3.11/site-packages
2026-08-23 02:09:59.145464 [ ERROR ] Error in file '/home/runner/work/engg-robot-testing-framework/engg-robot-testing-framework/resources/auth_keywords.resource' on line 2: Importing library 'playwright_keyword_library.PlaywrightKeywordLibrary' failed: ModuleNotFoundError: No module named 'playwright_keyword_library'
2026-08-23 02:09:59.195630 Traceback (most recent call last):
2026-08-23 02:09:59.245820   None
2026-08-23 02:09:59.296015 PYTHONPATH:
2026-08-23 02:09:59.346204   /opt/hostedtoolcache/Python/3.11.16/x64/bin
2026-08-23 02:09:59.396383   /opt/hostedtoolcache/Python/3.11.16/x64/lib/python311.zip
2026-08-23 02:09:59.446568   /opt/hostedtoolcache/Python/3.11.16/x64/lib/python3.11
2026-08-23 02:09:59.496745   /opt/hostedtoolcache/Python/3.11.16/x64/lib/python3.11/lib-dynload
2026-08-23 02:09:59.546956   /opt/hostedtoolcache/Python/3.11.16/x64/lib/python3.11/site-packages
2026-08-23 02:10:07.420390 TC20 Search Products And Verify Cart After Login                      | FAIL |
2026-08-23 02:10:07.451406 Setup failed:
2026-08-23 02:10:07.451429 No keyword with name 'Open Browser' found.
2026-08-23 02:10:07.451445 
2026-08-23 02:10:07.451458 Also teardown failed:
2026-08-23 02:10:07.451471 Several failures occurred:
2026-08-23 02:10:07.451482 
2026-08-23 02:10:07.451494 1) No keyword with name 'Register Keyword To Run On Failure' found.
2026-08-23 02:10:07.451505 
2026-08-23 02:10:07.451516 2) No keyword with name 'Close Browser' found. Did you mean:
2026-08-23 02:10:07.451528     common.Close Test Browser
2026-08-23 02:10:07.451540 ------------------------------------------------------------------------------
2026-08-23 02:10:07.451553 Suites.Cart.TC20 search and verify cart after login :: TC20 - Sear... | FAIL |
2026-08-23 02:10:07.452100 1 test, 0 passed, 1 failed
2026-08-23 02:10:07.452126 ==============================================================================
2026-08-23 02:10:07.452200 Suites.Cart                                                           | FAIL |
2026-08-23 02:10:07.452579 1 test, 0 passed, 1 failed
2026-08-23 02:10:07.452596 ==============================================================================
2026-08-23 02:10:07.452609 Suites                                                                | FAIL |
2026-08-23 02:10:07.452953 1 test, 0 passed, 1 failed
2026-08-23 02:10:07.452973 ==============================================================================
2026-08-23 02:10:07.452986 Output:  /home/runner/work/engg-robot-testing-framework/engg-robot-testing-framework/reports/pabot_results/8/output.xml
