2026-06-20 04:52:25.611611 ==============================================================================
2026-06-20 04:52:25.625730 Suites
2026-06-20 04:52:25.625741 ==============================================================================
2026-06-20 04:52:25.625749 Suites.Cart
2026-06-20 04:52:25.626391 ==============================================================================
2026-06-20 04:52:25.726646 Suites.Cart.TC13 verify product quantity :: TC13 - Verify Product Quantity ...
2026-06-20 04:52:25.743746 ==============================================================================
2026-06-20 04:52:36.670184 TC13 Verify Product Quantity In Cart                                  | FAIL |
2026-06-20 04:52:36.681603 Setup failed:
2026-06-20 04:52:36.681622 Title should have been 'Automation Exercise' but was 'One moment, please...'.
2026-06-20 04:52:36.681635 ------------------------------------------------------------------------------
2026-06-20 04:52:36.681646 Suites.Cart.TC13 verify product quantity :: TC13 - Verify Product ... | FAIL |
2026-06-20 04:52:36.682320 1 test, 0 passed, 1 failed
2026-06-20 04:52:36.682337 ==============================================================================
2026-06-20 04:52:36.682373 Suites.Cart                                                           | FAIL |
2026-06-20 04:52:36.682824 1 test, 0 passed, 1 failed
2026-06-20 04:52:36.682840 ==============================================================================
2026-06-20 04:52:36.682875 Suites                                                                | FAIL |
2026-06-20 04:52:36.683154 1 test, 0 passed, 1 failed
2026-06-20 04:52:36.683203 ==============================================================================
2026-06-20 04:52:36.683214 Output:  /home/runner/work/engg-robot-testing-framework/engg-robot-testing-framework/reports/pabot_results/6/output.xml
