2026-10-04 06:11:18.667969 ==============================================================================
2026-10-04 06:11:18.685428 Suites
2026-10-04 06:11:18.685450 ==============================================================================
2026-10-04 06:11:18.685466 Suites.Auth
2026-10-04 06:11:18.686273 ==============================================================================
2026-10-04 06:11:18.686293 Suites.Auth.TC03 login invalid
2026-10-04 06:11:18.686293 [ ERROR ] Error in file '/home/runner/work/engg-robot-testing-framework/engg-robot-testing-framework/tests/auth/TC03_login_invalid.robot' on line 2: Importing library 'playwright_keyword_library.PlaywrightKeywordLibrary' failed: ModuleNotFoundError: No module named 'playwright_keyword_library'
2026-10-04 06:11:18.705297 ==============================================================================
2026-10-04 06:11:18.705297 Traceback (most recent call last):
2026-10-04 06:11:18.705322   None
2026-10-04 06:11:18.755429 PYTHONPATH:
2026-10-04 06:11:18.805530   /opt/hostedtoolcache/Python/3.11.16/x64/bin
2026-10-04 06:11:18.855644   /opt/hostedtoolcache/Python/3.11.16/x64/lib/python311.zip
2026-10-04 06:11:18.905744   /opt/hostedtoolcache/Python/3.11.16/x64/lib/python3.11
2026-10-04 06:11:18.955853   /opt/hostedtoolcache/Python/3.11.16/x64/lib/python3.11/lib-dynload
2026-10-04 06:11:19.005963   /opt/hostedtoolcache/Python/3.11.16/x64/lib/python3.11/site-packages
2026-10-04 06:11:19.056115 [ ERROR ] Error in file '/home/runner/work/engg-robot-testing-framework/engg-robot-testing-framework/resources/auth_keywords.resource' on line 2: Importing library 'playwright_keyword_library.PlaywrightKeywordLibrary' failed: ModuleNotFoundError: No module named 'playwright_keyword_library'
2026-10-04 06:11:19.106248 Traceback (most recent call last):
2026-10-04 06:11:19.156365   None
2026-10-04 06:11:19.206474 PYTHONPATH:
2026-10-04 06:11:19.256612   /opt/hostedtoolcache/Python/3.11.16/x64/bin
2026-10-04 06:11:19.306719   /opt/hostedtoolcache/Python/3.11.16/x64/lib/python311.zip
2026-10-04 06:11:19.356875   /opt/hostedtoolcache/Python/3.11.16/x64/lib/python3.11
2026-10-04 06:11:19.406981   /opt/hostedtoolcache/Python/3.11.16/x64/lib/python3.11/lib-dynload
2026-10-04 06:11:19.457133   /opt/hostedtoolcache/Python/3.11.16/x64/lib/python3.11/site-packages
2026-10-04 06:11:19.507269 [ ERROR ] Error in file '/home/runner/work/engg-robot-testing-framework/engg-robot-testing-framework/resources/common.resource' on line 4: Importing library 'playwright_keyword_library.PlaywrightKeywordLibrary' failed: ModuleNotFoundError: No module named 'playwright_keyword_library'
2026-10-04 06:11:19.557423 Traceback (most recent call last):
2026-10-04 06:11:19.607526   None
2026-10-04 06:11:19.657676 PYTHONPATH:
2026-10-04 06:11:19.707787   /opt/hostedtoolcache/Python/3.11.16/x64/bin
2026-10-04 06:11:19.757926   /opt/hostedtoolcache/Python/3.11.16/x64/lib/python311.zip
2026-10-04 06:11:19.808038   /opt/hostedtoolcache/Python/3.11.16/x64/lib/python3.11
2026-10-04 06:11:19.858198   /opt/hostedtoolcache/Python/3.11.16/x64/lib/python3.11/lib-dynload
2026-10-04 06:11:19.908339   /opt/hostedtoolcache/Python/3.11.16/x64/lib/python3.11/site-packages
2026-10-04 06:11:28.679248 TC03 Login User With Incorrect Email And Password                     | FAIL |
2026-10-04 06:11:28.715121 Setup failed:
2026-10-04 06:11:28.715143 No keyword with name 'Open Browser' found.
2026-10-04 06:11:28.715161 
2026-10-04 06:11:28.715177 Also teardown failed:
2026-10-04 06:11:28.715191 Several failures occurred:
2026-10-04 06:11:28.715204 
2026-10-04 06:11:28.715223 1) No keyword with name 'Register Keyword To Run On Failure' found.
2026-10-04 06:11:28.715238 
2026-10-04 06:11:28.715252 2) No keyword with name 'Close Browser' found. Did you mean:
2026-10-04 06:11:28.715268     common.Close Test Browser
2026-10-04 06:11:28.715282 ------------------------------------------------------------------------------
2026-10-04 06:11:28.715297 Suites.Auth.TC03 login invalid                                        | FAIL |
2026-10-04 06:11:28.715802 1 test, 0 passed, 1 failed
2026-10-04 06:11:28.715823 ==============================================================================
2026-10-04 06:11:28.715839 Suites.Auth                                                           | FAIL |
2026-10-04 06:11:28.716196 1 test, 0 passed, 1 failed
2026-10-04 06:11:28.716223 ==============================================================================
2026-10-04 06:11:28.716307 Suites                                                                | FAIL |
2026-10-04 06:11:28.716731 1 test, 0 passed, 1 failed
2026-10-04 06:11:28.716813 ==============================================================================
2026-10-04 06:11:28.716831 Output:  /home/runner/work/engg-robot-testing-framework/engg-robot-testing-framework/reports/pabot_results/2/output.xml
