2026-07-23 03:54:24.943652 ==============================================================================
2026-07-23 03:54:24.969576 Suites
2026-07-23 03:54:24.969590 ==============================================================================
2026-07-23 03:54:24.969598 Suites.Auth
2026-07-23 03:54:24.970161 ==============================================================================
2026-07-23 03:54:24.970171 Suites.Auth.TC03 login invalid
2026-07-23 03:54:24.970171 [ ERROR ] Error in file '/home/runner/work/engg-robot-testing-framework/engg-robot-testing-framework/tests/auth/TC03_login_invalid.robot' on line 2: Importing library 'playwright_keyword_library.PlaywrightKeywordLibrary' failed: ModuleNotFoundError: No module named 'playwright_keyword_library'
2026-07-23 03:54:24.983463 ==============================================================================
2026-07-23 03:54:24.983463 Traceback (most recent call last):
2026-07-23 03:54:24.983480   None
2026-07-23 03:54:25.033590 PYTHONPATH:
2026-07-23 03:54:25.083733   /opt/hostedtoolcache/Python/3.11.15/x64/bin
2026-07-23 03:54:25.133834   /opt/hostedtoolcache/Python/3.11.15/x64/lib/python311.zip
2026-07-23 03:54:25.183954   /opt/hostedtoolcache/Python/3.11.15/x64/lib/python3.11
2026-07-23 03:54:25.234091   /opt/hostedtoolcache/Python/3.11.15/x64/lib/python3.11/lib-dynload
2026-07-23 03:54:25.284222   /opt/hostedtoolcache/Python/3.11.15/x64/lib/python3.11/site-packages
2026-07-23 03:54:25.334327 [ ERROR ] Error in file '/home/runner/work/engg-robot-testing-framework/engg-robot-testing-framework/resources/auth_keywords.resource' on line 2: Importing library 'playwright_keyword_library.PlaywrightKeywordLibrary' failed: ModuleNotFoundError: No module named 'playwright_keyword_library'
2026-07-23 03:54:25.384450 Traceback (most recent call last):
2026-07-23 03:54:25.434566   None
2026-07-23 03:54:25.484682 PYTHONPATH:
2026-07-23 03:54:25.534786   /opt/hostedtoolcache/Python/3.11.15/x64/bin
2026-07-23 03:54:25.584896   /opt/hostedtoolcache/Python/3.11.15/x64/lib/python311.zip
2026-07-23 03:54:25.635002   /opt/hostedtoolcache/Python/3.11.15/x64/lib/python3.11
2026-07-23 03:54:25.685125   /opt/hostedtoolcache/Python/3.11.15/x64/lib/python3.11/lib-dynload
2026-07-23 03:54:25.735239   /opt/hostedtoolcache/Python/3.11.15/x64/lib/python3.11/site-packages
2026-07-23 03:54:25.785357 [ ERROR ] Error in file '/home/runner/work/engg-robot-testing-framework/engg-robot-testing-framework/resources/common.resource' on line 4: Importing library 'playwright_keyword_library.PlaywrightKeywordLibrary' failed: ModuleNotFoundError: No module named 'playwright_keyword_library'
2026-07-23 03:54:25.835467 Traceback (most recent call last):
2026-07-23 03:54:25.885588   None
2026-07-23 03:54:25.935693 PYTHONPATH:
2026-07-23 03:54:25.985829   /opt/hostedtoolcache/Python/3.11.15/x64/bin
2026-07-23 03:54:26.035934   /opt/hostedtoolcache/Python/3.11.15/x64/lib/python311.zip
2026-07-23 03:54:26.086067   /opt/hostedtoolcache/Python/3.11.15/x64/lib/python3.11
2026-07-23 03:54:26.136210   /opt/hostedtoolcache/Python/3.11.15/x64/lib/python3.11/lib-dynload
2026-07-23 03:54:26.186313   /opt/hostedtoolcache/Python/3.11.15/x64/lib/python3.11/site-packages
2026-07-23 03:54:34.954431 TC03 Login User With Incorrect Email And Password                     | FAIL |
2026-07-23 03:54:34.991700 Setup failed:
2026-07-23 03:54:34.991713 No keyword with name 'Open Browser' found.
2026-07-23 03:54:34.991719 
2026-07-23 03:54:34.991725 Also teardown failed:
2026-07-23 03:54:34.991731 Several failures occurred:
2026-07-23 03:54:34.991737 
2026-07-23 03:54:34.991749 1) No keyword with name 'Register Keyword To Run On Failure' found.
2026-07-23 03:54:34.991755 
2026-07-23 03:54:34.991761 2) No keyword with name 'Close Browser' found. Did you mean:
2026-07-23 03:54:34.991766     common.Close Test Browser
2026-07-23 03:54:34.991772 ------------------------------------------------------------------------------
2026-07-23 03:54:34.991777 Suites.Auth.TC03 login invalid                                        | FAIL |
2026-07-23 03:54:34.992469 1 test, 0 passed, 1 failed
2026-07-23 03:54:34.992563 ==============================================================================
2026-07-23 03:54:34.992619 Suites.Auth                                                           | FAIL |
2026-07-23 03:54:34.993055 1 test, 0 passed, 1 failed
2026-07-23 03:54:34.993234 ==============================================================================
2026-07-23 03:54:34.993255 Suites                                                                | FAIL |
2026-07-23 03:54:34.993677 1 test, 0 passed, 1 failed
2026-07-23 03:54:34.993683 ==============================================================================
2026-07-23 03:54:34.993689 Output:  /home/runner/work/engg-robot-testing-framework/engg-robot-testing-framework/reports/pabot_results/2/output.xml
