2026-08-15 01:56:21.931888 ==============================================================================
2026-08-15 01:56:21.957390 Suites
2026-08-15 01:56:21.957411 ==============================================================================
2026-08-15 01:56:21.957426 Suites.Auth
2026-08-15 01:56:21.957989 ==============================================================================
2026-08-15 01:56:21.958005 Suites.Auth.TC02 login valid
2026-08-15 01:56:21.958005 [ ERROR ] Error in file '/home/runner/work/engg-robot-testing-framework/engg-robot-testing-framework/tests/auth/TC02_login_valid.robot' on line 2: Importing library 'playwright_keyword_library.PlaywrightKeywordLibrary' failed: ModuleNotFoundError: No module named 'playwright_keyword_library'
2026-08-15 01:56:21.971322 ==============================================================================
2026-08-15 01:56:21.971322 Traceback (most recent call last):
2026-08-15 01:56:21.971347   None
2026-08-15 01:56:22.021514 PYTHONPATH:
2026-08-15 01:56:22.071691   /opt/hostedtoolcache/Python/3.11.15/x64/bin
2026-08-15 01:56:22.121818   /opt/hostedtoolcache/Python/3.11.15/x64/lib/python311.zip
2026-08-15 01:56:22.172015   /opt/hostedtoolcache/Python/3.11.15/x64/lib/python3.11
2026-08-15 01:56:22.222168   /opt/hostedtoolcache/Python/3.11.15/x64/lib/python3.11/lib-dynload
2026-08-15 01:56:22.272369   /opt/hostedtoolcache/Python/3.11.15/x64/lib/python3.11/site-packages
2026-08-15 01:56:22.322521 [ ERROR ] Error in file '/home/runner/work/engg-robot-testing-framework/engg-robot-testing-framework/resources/auth_keywords.resource' on line 2: Importing library 'playwright_keyword_library.PlaywrightKeywordLibrary' failed: ModuleNotFoundError: No module named 'playwright_keyword_library'
2026-08-15 01:56:22.372703 Traceback (most recent call last):
2026-08-15 01:56:22.422851   None
2026-08-15 01:56:22.472981 PYTHONPATH:
2026-08-15 01:56:22.523138   /opt/hostedtoolcache/Python/3.11.15/x64/bin
2026-08-15 01:56:22.573275   /opt/hostedtoolcache/Python/3.11.15/x64/lib/python311.zip
2026-08-15 01:56:22.623475   /opt/hostedtoolcache/Python/3.11.15/x64/lib/python3.11
2026-08-15 01:56:22.673639   /opt/hostedtoolcache/Python/3.11.15/x64/lib/python3.11/lib-dynload
2026-08-15 01:56:22.723830   /opt/hostedtoolcache/Python/3.11.15/x64/lib/python3.11/site-packages
2026-08-15 01:56:22.773976 [ ERROR ] Error in file '/home/runner/work/engg-robot-testing-framework/engg-robot-testing-framework/resources/common.resource' on line 4: Importing library 'playwright_keyword_library.PlaywrightKeywordLibrary' failed: ModuleNotFoundError: No module named 'playwright_keyword_library'
2026-08-15 01:56:22.824126 Traceback (most recent call last):
2026-08-15 01:56:22.874317   None
2026-08-15 01:56:22.924467 PYTHONPATH:
2026-08-15 01:56:22.974587   /opt/hostedtoolcache/Python/3.11.15/x64/bin
2026-08-15 01:56:23.024739   /opt/hostedtoolcache/Python/3.11.15/x64/lib/python311.zip
2026-08-15 01:56:23.074885   /opt/hostedtoolcache/Python/3.11.15/x64/lib/python3.11
2026-08-15 01:56:23.125087   /opt/hostedtoolcache/Python/3.11.15/x64/lib/python3.11/lib-dynload
2026-08-15 01:56:23.175232   /opt/hostedtoolcache/Python/3.11.15/x64/lib/python3.11/site-packages
2026-08-15 01:56:31.945066 TC02 Login User With Correct Email And Password                       | FAIL |
2026-08-15 01:56:31.978513 Setup failed:
2026-08-15 01:56:31.978533 No keyword with name 'Open Browser' found.
2026-08-15 01:56:31.978545 
2026-08-15 01:56:31.978559 Also teardown failed:
2026-08-15 01:56:31.978588 Several failures occurred:
2026-08-15 01:56:31.978601 
2026-08-15 01:56:31.978802 1) No keyword with name 'Register Keyword To Run On Failure' found.
2026-08-15 01:56:31.978821 
2026-08-15 01:56:31.978833 2) No keyword with name 'Close Browser' found. Did you mean:
2026-08-15 01:56:31.978844     common.Close Test Browser
2026-08-15 01:56:31.978854 ------------------------------------------------------------------------------
2026-08-15 01:56:31.978865 Suites.Auth.TC02 login valid                                          | FAIL |
2026-08-15 01:56:31.979036 1 test, 0 passed, 1 failed
2026-08-15 01:56:31.979087 ==============================================================================
2026-08-15 01:56:31.979099 Suites.Auth                                                           | FAIL |
2026-08-15 01:56:31.979446 1 test, 0 passed, 1 failed
2026-08-15 01:56:31.979462 ==============================================================================
2026-08-15 01:56:31.979473 Suites                                                                | FAIL |
2026-08-15 01:56:31.979610 1 test, 0 passed, 1 failed
2026-08-15 01:56:31.979638 ==============================================================================
2026-08-15 01:56:31.979802 Output:  /home/runner/work/engg-robot-testing-framework/engg-robot-testing-framework/reports/pabot_results/1/output.xml
