2026-06-12 05:14:38.324416 ==============================================================================
2026-06-12 05:14:38.337406 Suites
2026-06-12 05:14:38.337425 ==============================================================================
2026-06-12 05:14:38.337436 Suites.Cart
2026-06-12 05:14:38.338105 ==============================================================================
2026-06-12 05:14:38.438343 Suites.Cart.TC20 search and verify cart after login :: TC20 - Search Produc...
2026-06-12 05:14:38.460348 ==============================================================================
2026-06-12 05:14:49.187373 TC20 Search Products And Verify Cart After Login                      | FAIL |
2026-06-12 05:14:49.202884 Setup failed:
2026-06-12 05:14:49.202898 Title should have been 'Automation Exercise' but was 'One moment, please...'.
2026-06-12 05:14:49.202907 ------------------------------------------------------------------------------
2026-06-12 05:14:49.202914 Suites.Cart.TC20 search and verify cart after login :: TC20 - Sear... | FAIL |
2026-06-12 05:14:49.203593 1 test, 0 passed, 1 failed
2026-06-12 05:14:49.203622 ==============================================================================
2026-06-12 05:14:49.203629 Suites.Cart                                                           | FAIL |
2026-06-12 05:14:49.203978 1 test, 0 passed, 1 failed
2026-06-12 05:14:49.204010 ==============================================================================
2026-06-12 05:14:49.204017 Suites                                                                | FAIL |
2026-06-12 05:14:49.204274 1 test, 0 passed, 1 failed
2026-06-12 05:14:49.204306 ==============================================================================
2026-06-12 05:14:49.204313 Output:  /home/runner/work/engg-robot-testing-framework/engg-robot-testing-framework/reports/pabot_results/8/output.xml
