2026-07-11 03:52:08.181332 ==============================================================================
2026-07-11 03:52:08.197270 Suites
2026-07-11 03:52:08.197289 ==============================================================================
2026-07-11 03:52:08.197302 Suites.Cart
2026-07-11 03:52:08.198089 ==============================================================================
2026-07-11 03:52:08.198105 Suites.Cart.TC13 verify product quantity :: TC13 - Verify Product Quantity ...
2026-07-11 03:52:08.198105 [ ERROR ] Error in file '/home/runner/work/engg-robot-testing-framework/engg-robot-testing-framework/resources/common.resource' on line 4: Importing library 'playwright_keyword_library.PlaywrightKeywordLibrary' failed: ModuleNotFoundError: No module named 'playwright_keyword_library'
2026-07-11 03:52:08.225312 ==============================================================================
2026-07-11 03:52:08.225312 Traceback (most recent call last):
2026-07-11 03:52:08.225335   None
2026-07-11 03:52:08.275444 PYTHONPATH:
2026-07-11 03:52:08.325587   /opt/hostedtoolcache/Python/3.11.15/x64/bin
2026-07-11 03:52:08.375725   /opt/hostedtoolcache/Python/3.11.15/x64/lib/python311.zip
2026-07-11 03:52:08.425891   /opt/hostedtoolcache/Python/3.11.15/x64/lib/python3.11
2026-07-11 03:52:08.476030   /opt/hostedtoolcache/Python/3.11.15/x64/lib/python3.11/lib-dynload
2026-07-11 03:52:08.526191   /opt/hostedtoolcache/Python/3.11.15/x64/lib/python3.11/site-packages
2026-07-11 03:52:08.576360 [ ERROR ] Error in file '/home/runner/work/engg-robot-testing-framework/engg-robot-testing-framework/resources/product_keywords.resource' on line 2: Importing library 'playwright_keyword_library.PlaywrightKeywordLibrary' failed: ModuleNotFoundError: No module named 'playwright_keyword_library'
2026-07-11 03:52:08.626669 Traceback (most recent call last):
2026-07-11 03:52:08.676896   None
2026-07-11 03:52:08.727191 PYTHONPATH:
2026-07-11 03:52:08.777391   /opt/hostedtoolcache/Python/3.11.15/x64/bin
2026-07-11 03:52:08.827657   /opt/hostedtoolcache/Python/3.11.15/x64/lib/python311.zip
2026-07-11 03:52:08.877901   /opt/hostedtoolcache/Python/3.11.15/x64/lib/python3.11
2026-07-11 03:52:08.928107   /opt/hostedtoolcache/Python/3.11.15/x64/lib/python3.11/lib-dynload
2026-07-11 03:52:08.978368   /opt/hostedtoolcache/Python/3.11.15/x64/lib/python3.11/site-packages
2026-07-11 03:52:09.028564 [ ERROR ] Error in file '/home/runner/work/engg-robot-testing-framework/engg-robot-testing-framework/resources/cart_keywords.resource' on line 2: Importing library 'playwright_keyword_library.PlaywrightKeywordLibrary' failed: ModuleNotFoundError: No module named 'playwright_keyword_library'
2026-07-11 03:52:09.078807 Traceback (most recent call last):
2026-07-11 03:52:09.129035   None
2026-07-11 03:52:09.179228 PYTHONPATH:
2026-07-11 03:52:09.229502   /opt/hostedtoolcache/Python/3.11.15/x64/bin
2026-07-11 03:52:09.279692   /opt/hostedtoolcache/Python/3.11.15/x64/lib/python311.zip
2026-07-11 03:52:09.329965   /opt/hostedtoolcache/Python/3.11.15/x64/lib/python3.11
2026-07-11 03:52:09.380147   /opt/hostedtoolcache/Python/3.11.15/x64/lib/python3.11/lib-dynload
2026-07-11 03:52:09.430403   /opt/hostedtoolcache/Python/3.11.15/x64/lib/python3.11/site-packages
2026-07-11 03:52:18.203008 TC13 Verify Product Quantity In Cart                                  | FAIL |
2026-07-11 03:52:18.235920 Setup failed:
2026-07-11 03:52:18.235933 No keyword with name 'Open Browser' found.
2026-07-11 03:52:18.235945 
2026-07-11 03:52:18.235955 Also teardown failed:
2026-07-11 03:52:18.235966 Several failures occurred:
2026-07-11 03:52:18.235977 
2026-07-11 03:52:18.235988 1) No keyword with name 'Register Keyword To Run On Failure' found.
2026-07-11 03:52:18.235999 
2026-07-11 03:52:18.236009 2) No keyword with name 'Close Browser' found. Did you mean:
2026-07-11 03:52:18.236020     common.Close Test Browser
2026-07-11 03:52:18.236030 ------------------------------------------------------------------------------
2026-07-11 03:52:18.236041 Suites.Cart.TC13 verify product quantity :: TC13 - Verify Product ... | FAIL |
2026-07-11 03:52:18.236506 1 test, 0 passed, 1 failed
2026-07-11 03:52:18.236563 ==============================================================================
2026-07-11 03:52:18.236580 Suites.Cart                                                           | FAIL |
2026-07-11 03:52:18.236977 1 test, 0 passed, 1 failed
2026-07-11 03:52:18.237035 ==============================================================================
2026-07-11 03:52:18.237048 Suites                                                                | FAIL |
2026-07-11 03:52:18.237367 1 test, 0 passed, 1 failed
2026-07-11 03:52:18.237420 ==============================================================================
2026-07-11 03:52:18.237431 Output:  /home/runner/work/engg-robot-testing-framework/engg-robot-testing-framework/reports/pabot_results/6/output.xml
