2026-07-05 04:39:39.234248 ==============================================================================
2026-07-05 04:39:39.257094 Suites
2026-07-05 04:39:39.257122 ==============================================================================
2026-07-05 04:39:39.257139 Suites.Auth
2026-07-05 04:39:39.257853 ==============================================================================
2026-07-05 04:39:39.257882 Suites.Auth.TC01 register user
2026-07-05 04:39:39.257882 [ ERROR ] Error in file '/home/runner/work/engg-robot-testing-framework/engg-robot-testing-framework/tests/auth/TC01_register_user.robot' on line 2: Importing library 'playwright_keyword_library.PlaywrightKeywordLibrary' failed: ModuleNotFoundError: No module named 'playwright_keyword_library'
2026-07-05 04:39:39.279025 ==============================================================================
2026-07-05 04:39:39.279025 Traceback (most recent call last):
2026-07-05 04:39:39.279174   None
2026-07-05 04:39:39.329308 PYTHONPATH:
2026-07-05 04:39:39.379498   /opt/hostedtoolcache/Python/3.11.15/x64/bin
2026-07-05 04:39:39.429660   /opt/hostedtoolcache/Python/3.11.15/x64/lib/python311.zip
2026-07-05 04:39:39.479890   /opt/hostedtoolcache/Python/3.11.15/x64/lib/python3.11
2026-07-05 04:39:39.530050   /opt/hostedtoolcache/Python/3.11.15/x64/lib/python3.11/lib-dynload
2026-07-05 04:39:39.580387   /opt/hostedtoolcache/Python/3.11.15/x64/lib/python3.11/site-packages
2026-07-05 04:39:39.630625 [ ERROR ] Error in file '/home/runner/work/engg-robot-testing-framework/engg-robot-testing-framework/resources/auth_keywords.resource' on line 2: Importing library 'playwright_keyword_library.PlaywrightKeywordLibrary' failed: ModuleNotFoundError: No module named 'playwright_keyword_library'
2026-07-05 04:39:39.680925 Traceback (most recent call last):
2026-07-05 04:39:39.731113   None
2026-07-05 04:39:39.781432 PYTHONPATH:
2026-07-05 04:39:39.831681   /opt/hostedtoolcache/Python/3.11.15/x64/bin
2026-07-05 04:39:39.882022   /opt/hostedtoolcache/Python/3.11.15/x64/lib/python311.zip
2026-07-05 04:39:39.932270   /opt/hostedtoolcache/Python/3.11.15/x64/lib/python3.11
2026-07-05 04:39:39.982605   /opt/hostedtoolcache/Python/3.11.15/x64/lib/python3.11/lib-dynload
2026-07-05 04:39:40.032846   /opt/hostedtoolcache/Python/3.11.15/x64/lib/python3.11/site-packages
2026-07-05 04:39:40.083178 [ ERROR ] Error in file '/home/runner/work/engg-robot-testing-framework/engg-robot-testing-framework/resources/common.resource' on line 4: Importing library 'playwright_keyword_library.PlaywrightKeywordLibrary' failed: ModuleNotFoundError: No module named 'playwright_keyword_library'
2026-07-05 04:39:40.133412 Traceback (most recent call last):
2026-07-05 04:39:40.183750   None
2026-07-05 04:39:40.233973 PYTHONPATH:
2026-07-05 04:39:40.284161   /opt/hostedtoolcache/Python/3.11.15/x64/bin
2026-07-05 04:39:40.334349   /opt/hostedtoolcache/Python/3.11.15/x64/lib/python311.zip
2026-07-05 04:39:40.384590   /opt/hostedtoolcache/Python/3.11.15/x64/lib/python3.11
2026-07-05 04:39:40.434851   /opt/hostedtoolcache/Python/3.11.15/x64/lib/python3.11/lib-dynload
2026-07-05 04:39:40.485051   /opt/hostedtoolcache/Python/3.11.15/x64/lib/python3.11/site-packages
2026-07-05 04:39:49.260438 TC01 Register User                                                    | FAIL |
2026-07-05 04:39:49.289180 Setup failed:
2026-07-05 04:39:49.289198 No keyword with name 'Open Browser' found.
2026-07-05 04:39:49.289267 
2026-07-05 04:39:49.289291 Also teardown failed:
2026-07-05 04:39:49.289361 Several failures occurred:
2026-07-05 04:39:49.289386 
2026-07-05 04:39:49.289455 1) No keyword with name 'Register Keyword To Run On Failure' found.
2026-07-05 04:39:49.289474 
2026-07-05 04:39:49.289487 2) No keyword with name 'Close Browser' found. Did you mean:
2026-07-05 04:39:49.289501     common.Close Test Browser
2026-07-05 04:39:49.289514 ------------------------------------------------------------------------------
2026-07-05 04:39:49.289527 Suites.Auth.TC01 register user                                        | FAIL |
2026-07-05 04:39:49.289786 1 test, 0 passed, 1 failed
2026-07-05 04:39:49.289983 ==============================================================================
2026-07-05 04:39:49.289999 Suites.Auth                                                           | FAIL |
2026-07-05 04:39:49.290464 1 test, 0 passed, 1 failed
2026-07-05 04:39:49.290573 ==============================================================================
2026-07-05 04:39:49.290590 Suites                                                                | FAIL |
2026-07-05 04:39:49.290746 1 test, 0 passed, 1 failed
2026-07-05 04:39:49.290770 ==============================================================================
2026-07-05 04:39:49.290889 Output:  /home/runner/work/engg-robot-testing-framework/engg-robot-testing-framework/reports/pabot_results/0/output.xml
