2026-08-25 02:01:16.970816 ==============================================================================
2026-08-25 02:01:16.991008 Suites
2026-08-25 02:01:16.991026 ==============================================================================
2026-08-25 02:01:16.991078 Suites.Auth
2026-08-25 02:01:16.991859 ==============================================================================
2026-08-25 02:01:16.991880 Suites.Auth.TC03 login invalid
2026-08-25 02:01:16.991880 [ ERROR ] Error in file '/home/runner/work/engg-robot-testing-framework/engg-robot-testing-framework/tests/auth/TC03_login_invalid.robot' on line 2: Importing library 'playwright_keyword_library.PlaywrightKeywordLibrary' failed: ModuleNotFoundError: No module named 'playwright_keyword_library'
2026-08-25 02:01:17.011143 ==============================================================================
2026-08-25 02:01:17.011143 Traceback (most recent call last):
2026-08-25 02:01:17.011169   None
2026-08-25 02:01:17.061285 PYTHONPATH:
2026-08-25 02:01:17.111386   /opt/hostedtoolcache/Python/3.11.16/x64/bin
2026-08-25 02:01:17.161482   /opt/hostedtoolcache/Python/3.11.16/x64/lib/python311.zip
2026-08-25 02:01:17.211679   /opt/hostedtoolcache/Python/3.11.16/x64/lib/python3.11
2026-08-25 02:01:17.261805   /opt/hostedtoolcache/Python/3.11.16/x64/lib/python3.11/lib-dynload
2026-08-25 02:01:17.312108   /opt/hostedtoolcache/Python/3.11.16/x64/lib/python3.11/site-packages
2026-08-25 02:01:17.362316 [ ERROR ] Error in file '/home/runner/work/engg-robot-testing-framework/engg-robot-testing-framework/resources/auth_keywords.resource' on line 2: Importing library 'playwright_keyword_library.PlaywrightKeywordLibrary' failed: ModuleNotFoundError: No module named 'playwright_keyword_library'
2026-08-25 02:01:17.412549 Traceback (most recent call last):
2026-08-25 02:01:17.462707   None
2026-08-25 02:01:17.512898 PYTHONPATH:
2026-08-25 02:01:17.563207   /opt/hostedtoolcache/Python/3.11.16/x64/bin
2026-08-25 02:01:17.613426   /opt/hostedtoolcache/Python/3.11.16/x64/lib/python311.zip
2026-08-25 02:01:17.663739   /opt/hostedtoolcache/Python/3.11.16/x64/lib/python3.11
2026-08-25 02:01:17.713941   /opt/hostedtoolcache/Python/3.11.16/x64/lib/python3.11/lib-dynload
2026-08-25 02:01:17.764187   /opt/hostedtoolcache/Python/3.11.16/x64/lib/python3.11/site-packages
2026-08-25 02:01:17.814496 [ ERROR ] Error in file '/home/runner/work/engg-robot-testing-framework/engg-robot-testing-framework/resources/common.resource' on line 4: Importing library 'playwright_keyword_library.PlaywrightKeywordLibrary' failed: ModuleNotFoundError: No module named 'playwright_keyword_library'
2026-08-25 02:01:17.864715 Traceback (most recent call last):
2026-08-25 02:01:17.914902   None
2026-08-25 02:01:17.965130 PYTHONPATH:
2026-08-25 02:01:18.015351   /opt/hostedtoolcache/Python/3.11.16/x64/bin
2026-08-25 02:01:18.065646   /opt/hostedtoolcache/Python/3.11.16/x64/lib/python311.zip
2026-08-25 02:01:18.115885   /opt/hostedtoolcache/Python/3.11.16/x64/lib/python3.11
2026-08-25 02:01:18.166132   /opt/hostedtoolcache/Python/3.11.16/x64/lib/python3.11/lib-dynload
2026-08-25 02:01:18.216310   /opt/hostedtoolcache/Python/3.11.16/x64/lib/python3.11/site-packages
2026-08-25 02:01:26.993882 TC03 Login User With Incorrect Email And Password                     | FAIL |
2026-08-25 02:01:27.021650 Setup failed:
2026-08-25 02:01:27.021668 No keyword with name 'Open Browser' found.
2026-08-25 02:01:27.021683 
2026-08-25 02:01:27.021698 Also teardown failed:
2026-08-25 02:01:27.021711 Several failures occurred:
2026-08-25 02:01:27.021726 
2026-08-25 02:01:27.021779 1) No keyword with name 'Register Keyword To Run On Failure' found.
2026-08-25 02:01:27.021805 
2026-08-25 02:01:27.021888 2) No keyword with name 'Close Browser' found. Did you mean:
2026-08-25 02:01:27.021919     common.Close Test Browser
2026-08-25 02:01:27.021940 ------------------------------------------------------------------------------
2026-08-25 02:01:27.021956 Suites.Auth.TC03 login invalid                                        | FAIL |
2026-08-25 02:01:27.023128 1 test, 0 passed, 1 failed
2026-08-25 02:01:27.023144 ==============================================================================
2026-08-25 02:01:27.023157 Suites.Auth                                                           | FAIL |
2026-08-25 02:01:27.023170 1 test, 0 passed, 1 failed
2026-08-25 02:01:27.023181 ==============================================================================
2026-08-25 02:01:27.023193 Suites                                                                | FAIL |
2026-08-25 02:01:27.023344 1 test, 0 passed, 1 failed
2026-08-25 02:01:27.023362 ==============================================================================
2026-08-25 02:01:27.023375 Output:  /home/runner/work/engg-robot-testing-framework/engg-robot-testing-framework/reports/pabot_results/2/output.xml
