2026-07-12 04:07:04.958722 ==============================================================================
2026-07-12 04:07:04.971412 Suites
2026-07-12 04:07:04.971430 ==============================================================================
2026-07-12 04:07:04.971444 Suites.Cart
2026-07-12 04:07:04.972189 ==============================================================================
2026-07-12 04:07:04.972206 Suites.Cart.TC22 add from recommended items :: TC22 - Add To Cart From Reco...
2026-07-12 04:07:04.972206 [ ERROR ] Error in file '/home/runner/work/engg-robot-testing-framework/engg-robot-testing-framework/resources/common.resource' on line 4: Importing library 'playwright_keyword_library.PlaywrightKeywordLibrary' failed: ModuleNotFoundError: No module named 'playwright_keyword_library'
2026-07-12 04:07:04.992806 ==============================================================================
2026-07-12 04:07:04.992806 Traceback (most recent call last):
2026-07-12 04:07:04.992829   None
2026-07-12 04:07:05.042953 PYTHONPATH:
2026-07-12 04:07:05.093136   /opt/hostedtoolcache/Python/3.11.15/x64/bin
2026-07-12 04:07:05.143300   /opt/hostedtoolcache/Python/3.11.15/x64/lib/python311.zip
2026-07-12 04:07:05.193472   /opt/hostedtoolcache/Python/3.11.15/x64/lib/python3.11
2026-07-12 04:07:05.243646   /opt/hostedtoolcache/Python/3.11.15/x64/lib/python3.11/lib-dynload
2026-07-12 04:07:05.293812   /opt/hostedtoolcache/Python/3.11.15/x64/lib/python3.11/site-packages
2026-07-12 04:07:05.343983 [ ERROR ] Error in file '/home/runner/work/engg-robot-testing-framework/engg-robot-testing-framework/resources/cart_keywords.resource' on line 2: Importing library 'playwright_keyword_library.PlaywrightKeywordLibrary' failed: ModuleNotFoundError: No module named 'playwright_keyword_library'
2026-07-12 04:07:05.394160 Traceback (most recent call last):
2026-07-12 04:07:05.444327   None
2026-07-12 04:07:05.494528 PYTHONPATH:
2026-07-12 04:07:05.544690   /opt/hostedtoolcache/Python/3.11.15/x64/bin
2026-07-12 04:07:05.594874   /opt/hostedtoolcache/Python/3.11.15/x64/lib/python311.zip
2026-07-12 04:07:05.645032   /opt/hostedtoolcache/Python/3.11.15/x64/lib/python3.11
2026-07-12 04:07:05.695203   /opt/hostedtoolcache/Python/3.11.15/x64/lib/python3.11/lib-dynload
2026-07-12 04:07:05.745347   /opt/hostedtoolcache/Python/3.11.15/x64/lib/python3.11/site-packages
2026-07-12 04:07:14.969736 TC22 Add To Cart From Recommended Items                               | FAIL |
2026-07-12 04:07:15.002621 Setup failed:
2026-07-12 04:07:15.002640 No keyword with name 'Open Browser' found.
2026-07-12 04:07:15.002655 
2026-07-12 04:07:15.002666 Also teardown failed:
2026-07-12 04:07:15.002678 Several failures occurred:
2026-07-12 04:07:15.002690 
2026-07-12 04:07:15.002700 1) No keyword with name 'Register Keyword To Run On Failure' found.
2026-07-12 04:07:15.002711 
2026-07-12 04:07:15.002720 2) No keyword with name 'Close Browser' found. Did you mean:
2026-07-12 04:07:15.002730     common.Close Test Browser
2026-07-12 04:07:15.002740 ------------------------------------------------------------------------------
2026-07-12 04:07:15.002750 Suites.Cart.TC22 add from recommended items :: TC22 - Add To Cart ... | FAIL |
2026-07-12 04:07:15.003242 1 test, 0 passed, 1 failed
2026-07-12 04:07:15.003290 ==============================================================================
2026-07-12 04:07:15.003303 Suites.Cart                                                           | FAIL |
2026-07-12 04:07:15.003621 1 test, 0 passed, 1 failed
2026-07-12 04:07:15.003636 ==============================================================================
2026-07-12 04:07:15.003648 Suites                                                                | FAIL |
2026-07-12 04:07:15.003921 1 test, 0 passed, 1 failed
2026-07-12 04:07:15.003941 ==============================================================================
2026-07-12 04:07:15.003992 Output:  /home/runner/work/engg-robot-testing-framework/engg-robot-testing-framework/reports/pabot_results/9/output.xml
