2026-06-21 05:25:20.054112 ==============================================================================
2026-06-21 05:25:20.065704 Suites
2026-06-21 05:25:20.065722 ==============================================================================
2026-06-21 05:25:20.065734 Suites.Auth
2026-06-21 05:25:20.066518 ==============================================================================
2026-06-21 05:25:20.066534 Suites.Auth.TC04 logout user
2026-06-21 05:25:20.066534 [ ERROR ] Error in file '/home/runner/work/engg-robot-testing-framework/engg-robot-testing-framework/tests/auth/TC04_logout_user.robot' on line 2: Importing library 'playwright_keyword_library.PlaywrightKeywordLibrary' failed: ModuleNotFoundError: No module named 'playwright_keyword_library'
2026-06-21 05:25:20.082933 ==============================================================================
2026-06-21 05:25:20.082933 Traceback (most recent call last):
2026-06-21 05:25:20.082957   None
2026-06-21 05:25:20.133089 PYTHONPATH:
2026-06-21 05:25:20.183236   /opt/hostedtoolcache/Python/3.11.15/x64/bin
2026-06-21 05:25:20.233404   /opt/hostedtoolcache/Python/3.11.15/x64/lib/python311.zip
2026-06-21 05:25:20.283583   /opt/hostedtoolcache/Python/3.11.15/x64/lib/python3.11
2026-06-21 05:25:20.333753   /opt/hostedtoolcache/Python/3.11.15/x64/lib/python3.11/lib-dynload
2026-06-21 05:25:20.384021   /opt/hostedtoolcache/Python/3.11.15/x64/lib/python3.11/site-packages
2026-06-21 05:25:20.434199 [ ERROR ] Error in file '/home/runner/work/engg-robot-testing-framework/engg-robot-testing-framework/resources/auth_keywords.resource' on line 2: Importing library 'playwright_keyword_library.PlaywrightKeywordLibrary' failed: ModuleNotFoundError: No module named 'playwright_keyword_library'
2026-06-21 05:25:20.484475 Traceback (most recent call last):
2026-06-21 05:25:20.534675   None
2026-06-21 05:25:20.585129 PYTHONPATH:
2026-06-21 05:25:20.635238   /opt/hostedtoolcache/Python/3.11.15/x64/bin
2026-06-21 05:25:20.685524   /opt/hostedtoolcache/Python/3.11.15/x64/lib/python311.zip
2026-06-21 05:25:20.735675   /opt/hostedtoolcache/Python/3.11.15/x64/lib/python3.11
2026-06-21 05:25:20.785880   /opt/hostedtoolcache/Python/3.11.15/x64/lib/python3.11/lib-dynload
2026-06-21 05:25:20.836076   /opt/hostedtoolcache/Python/3.11.15/x64/lib/python3.11/site-packages
2026-06-21 05:25:20.886300 [ ERROR ] Error in file '/home/runner/work/engg-robot-testing-framework/engg-robot-testing-framework/resources/common.resource' on line 4: Importing library 'playwright_keyword_library.PlaywrightKeywordLibrary' failed: ModuleNotFoundError: No module named 'playwright_keyword_library'
2026-06-21 05:25:20.936478 Traceback (most recent call last):
2026-06-21 05:25:20.986663   None
2026-06-21 05:25:21.036845 PYTHONPATH:
2026-06-21 05:25:21.087035   /opt/hostedtoolcache/Python/3.11.15/x64/bin
2026-06-21 05:25:21.137216   /opt/hostedtoolcache/Python/3.11.15/x64/lib/python311.zip
2026-06-21 05:25:21.187401   /opt/hostedtoolcache/Python/3.11.15/x64/lib/python3.11
2026-06-21 05:25:21.237576   /opt/hostedtoolcache/Python/3.11.15/x64/lib/python3.11/lib-dynload
2026-06-21 05:25:21.287764   /opt/hostedtoolcache/Python/3.11.15/x64/lib/python3.11/site-packages
2026-06-21 05:25:30.062957 TC04 Logout User                                                      | FAIL |
2026-06-21 05:25:30.092536 Setup failed:
2026-06-21 05:25:30.092549 No keyword with name 'Open Browser' found.
2026-06-21 05:25:30.092557 
2026-06-21 05:25:30.092564 Also teardown failed:
2026-06-21 05:25:30.092570 Several failures occurred:
2026-06-21 05:25:30.092577 
2026-06-21 05:25:30.092590 1) No keyword with name 'Register Keyword To Run On Failure' found.
2026-06-21 05:25:30.092597 
2026-06-21 05:25:30.092602 2) No keyword with name 'Close Browser' found. Did you mean:
2026-06-21 05:25:30.092609     common.Close Test Browser
2026-06-21 05:25:30.092615 ------------------------------------------------------------------------------
2026-06-21 05:25:30.092621 Suites.Auth.TC04 logout user                                          | FAIL |
2026-06-21 05:25:30.093245 1 test, 0 passed, 1 failed
2026-06-21 05:25:30.093309 ==============================================================================
2026-06-21 05:25:30.093316 Suites.Auth                                                           | FAIL |
2026-06-21 05:25:30.093762 1 test, 0 passed, 1 failed
2026-06-21 05:25:30.093805 ==============================================================================
2026-06-21 05:25:30.093812 Suites                                                                | FAIL |
2026-06-21 05:25:30.094263 1 test, 0 passed, 1 failed
2026-06-21 05:25:30.094315 ==============================================================================
2026-06-21 05:25:30.094322 Output:  /home/runner/work/engg-robot-testing-framework/engg-robot-testing-framework/reports/pabot_results/3/output.xml
