2026-09-19 04:52:50.246863 ==============================================================================
2026-09-19 04:52:50.268488 Suites
2026-09-19 04:52:50.268519 ==============================================================================
2026-09-19 04:52:50.268588 Suites.Auth
2026-09-19 04:52:50.269405 ==============================================================================
2026-09-19 04:52:50.269422 Suites.Auth.TC01 register user
2026-09-19 04:52:50.269422 [ ERROR ] Error in file '/home/runner/work/engg-robot-testing-framework/engg-robot-testing-framework/tests/auth/TC01_register_user.robot' on line 2: Importing library 'playwright_keyword_library.PlaywrightKeywordLibrary' failed: ModuleNotFoundError: No module named 'playwright_keyword_library'
2026-09-19 04:52:50.289710 ==============================================================================
2026-09-19 04:52:50.289710 Traceback (most recent call last):
2026-09-19 04:52:50.289741   None
2026-09-19 04:52:50.339881 PYTHONPATH:
2026-09-19 04:52:50.390097   /opt/hostedtoolcache/Python/3.11.16/x64/bin
2026-09-19 04:52:50.440266   /opt/hostedtoolcache/Python/3.11.16/x64/lib/python311.zip
2026-09-19 04:52:50.490516   /opt/hostedtoolcache/Python/3.11.16/x64/lib/python3.11
2026-09-19 04:52:50.540701   /opt/hostedtoolcache/Python/3.11.16/x64/lib/python3.11/lib-dynload
2026-09-19 04:52:50.591001   /opt/hostedtoolcache/Python/3.11.16/x64/lib/python3.11/site-packages
2026-09-19 04:52:50.641216 [ ERROR ] Error in file '/home/runner/work/engg-robot-testing-framework/engg-robot-testing-framework/resources/auth_keywords.resource' on line 2: Importing library 'playwright_keyword_library.PlaywrightKeywordLibrary' failed: ModuleNotFoundError: No module named 'playwright_keyword_library'
2026-09-19 04:52:50.691551 Traceback (most recent call last):
2026-09-19 04:52:50.741770   None
2026-09-19 04:52:50.792069 PYTHONPATH:
2026-09-19 04:52:50.842301   /opt/hostedtoolcache/Python/3.11.16/x64/bin
2026-09-19 04:52:50.892597   /opt/hostedtoolcache/Python/3.11.16/x64/lib/python311.zip
2026-09-19 04:52:50.942808   /opt/hostedtoolcache/Python/3.11.16/x64/lib/python3.11
2026-09-19 04:52:50.993077   /opt/hostedtoolcache/Python/3.11.16/x64/lib/python3.11/lib-dynload
2026-09-19 04:52:51.043280   /opt/hostedtoolcache/Python/3.11.16/x64/lib/python3.11/site-packages
2026-09-19 04:52:51.093599 [ ERROR ] Error in file '/home/runner/work/engg-robot-testing-framework/engg-robot-testing-framework/resources/common.resource' on line 4: Importing library 'playwright_keyword_library.PlaywrightKeywordLibrary' failed: ModuleNotFoundError: No module named 'playwright_keyword_library'
2026-09-19 04:52:51.143852 Traceback (most recent call last):
2026-09-19 04:52:51.194024   None
2026-09-19 04:52:51.244316 PYTHONPATH:
2026-09-19 04:52:51.294544   /opt/hostedtoolcache/Python/3.11.16/x64/bin
2026-09-19 04:52:51.344859   /opt/hostedtoolcache/Python/3.11.16/x64/lib/python311.zip
2026-09-19 04:52:51.395093   /opt/hostedtoolcache/Python/3.11.16/x64/lib/python3.11
2026-09-19 04:52:51.445406   /opt/hostedtoolcache/Python/3.11.16/x64/lib/python3.11/lib-dynload
2026-09-19 04:52:51.495625   /opt/hostedtoolcache/Python/3.11.16/x64/lib/python3.11/site-packages
2026-09-19 04:53:00.270992 TC01 Register User                                                    | FAIL |
2026-09-19 04:53:00.300434 Setup failed:
2026-09-19 04:53:00.300450 No keyword with name 'Open Browser' found.
2026-09-19 04:53:00.300466 
2026-09-19 04:53:00.300479 Also teardown failed:
2026-09-19 04:53:00.300492 Several failures occurred:
2026-09-19 04:53:00.300504 
2026-09-19 04:53:00.300523 1) No keyword with name 'Register Keyword To Run On Failure' found.
2026-09-19 04:53:00.300538 
2026-09-19 04:53:00.300551 2) No keyword with name 'Close Browser' found. Did you mean:
2026-09-19 04:53:00.300565     common.Close Test Browser
2026-09-19 04:53:00.300578 ------------------------------------------------------------------------------
2026-09-19 04:53:00.300591 Suites.Auth.TC01 register user                                        | FAIL |
2026-09-19 04:53:00.300994 1 test, 0 passed, 1 failed
2026-09-19 04:53:00.301077 ==============================================================================
2026-09-19 04:53:00.301093 Suites.Auth                                                           | FAIL |
2026-09-19 04:53:00.301441 1 test, 0 passed, 1 failed
2026-09-19 04:53:00.301457 ==============================================================================
2026-09-19 04:53:00.301470 Suites                                                                | FAIL |
2026-09-19 04:53:00.301761 1 test, 0 passed, 1 failed
2026-09-19 04:53:00.301831 ==============================================================================
2026-09-19 04:53:00.301848 Output:  /home/runner/work/engg-robot-testing-framework/engg-robot-testing-framework/reports/pabot_results/0/output.xml
