2026-07-18 03:41:53.059774 ==============================================================================
2026-07-18 03:41:53.069265 Suites
2026-07-18 03:41:53.069283 ==============================================================================
2026-07-18 03:41:53.069321 Suites.Cart
2026-07-18 03:41:53.070080 ==============================================================================
2026-07-18 03:41:53.070096 Suites.Cart.TC22 add from recommended items :: TC22 - Add To Cart From Reco...
2026-07-18 03:41:53.070096 [ ERROR ] Error in file '/home/runner/work/engg-robot-testing-framework/engg-robot-testing-framework/resources/common.resource' on line 4: Importing library 'playwright_keyword_library.PlaywrightKeywordLibrary' failed: ModuleNotFoundError: No module named 'playwright_keyword_library'
2026-07-18 03:41:53.090475 ==============================================================================
2026-07-18 03:41:53.090475 Traceback (most recent call last):
2026-07-18 03:41:53.090497   None
2026-07-18 03:41:53.140658 PYTHONPATH:
2026-07-18 03:41:53.190835   /opt/hostedtoolcache/Python/3.11.15/x64/bin
2026-07-18 03:41:53.241005   /opt/hostedtoolcache/Python/3.11.15/x64/lib/python311.zip
2026-07-18 03:41:53.291181   /opt/hostedtoolcache/Python/3.11.15/x64/lib/python3.11
2026-07-18 03:41:53.341345   /opt/hostedtoolcache/Python/3.11.15/x64/lib/python3.11/lib-dynload
2026-07-18 03:41:53.391505   /opt/hostedtoolcache/Python/3.11.15/x64/lib/python3.11/site-packages
2026-07-18 03:41:53.441677 [ ERROR ] Error in file '/home/runner/work/engg-robot-testing-framework/engg-robot-testing-framework/resources/cart_keywords.resource' on line 2: Importing library 'playwright_keyword_library.PlaywrightKeywordLibrary' failed: ModuleNotFoundError: No module named 'playwright_keyword_library'
2026-07-18 03:41:53.491850 Traceback (most recent call last):
2026-07-18 03:41:53.542011   None
2026-07-18 03:41:53.592181 PYTHONPATH:
2026-07-18 03:41:53.642345   /opt/hostedtoolcache/Python/3.11.15/x64/bin
2026-07-18 03:41:53.692523   /opt/hostedtoolcache/Python/3.11.15/x64/lib/python311.zip
2026-07-18 03:41:53.742692   /opt/hostedtoolcache/Python/3.11.15/x64/lib/python3.11
2026-07-18 03:41:53.792862   /opt/hostedtoolcache/Python/3.11.15/x64/lib/python3.11/lib-dynload
2026-07-18 03:41:53.843034   /opt/hostedtoolcache/Python/3.11.15/x64/lib/python3.11/site-packages
2026-07-18 03:42:03.066918 TC22 Add To Cart From Recommended Items                               | FAIL |
2026-07-18 03:42:03.100320 Setup failed:
2026-07-18 03:42:03.100333 No keyword with name 'Open Browser' found.
2026-07-18 03:42:03.100342 
2026-07-18 03:42:03.100349 Also teardown failed:
2026-07-18 03:42:03.100357 Several failures occurred:
2026-07-18 03:42:03.100364 
2026-07-18 03:42:03.100370 1) No keyword with name 'Register Keyword To Run On Failure' found.
2026-07-18 03:42:03.100378 
2026-07-18 03:42:03.100384 2) No keyword with name 'Close Browser' found. Did you mean:
2026-07-18 03:42:03.100391     common.Close Test Browser
2026-07-18 03:42:03.100397 ------------------------------------------------------------------------------
2026-07-18 03:42:03.100403 Suites.Cart.TC22 add from recommended items :: TC22 - Add To Cart ... | FAIL |
2026-07-18 03:42:03.100830 1 test, 0 passed, 1 failed
2026-07-18 03:42:03.100850 ==============================================================================
2026-07-18 03:42:03.100891 Suites.Cart                                                           | FAIL |
2026-07-18 03:42:03.101131 1 test, 0 passed, 1 failed
2026-07-18 03:42:03.101174 ==============================================================================
2026-07-18 03:42:03.101180 Suites                                                                | FAIL |
2026-07-18 03:42:03.101375 1 test, 0 passed, 1 failed
2026-07-18 03:42:03.101418 ==============================================================================
2026-07-18 03:42:03.101424 Output:  /home/runner/work/engg-robot-testing-framework/engg-robot-testing-framework/reports/pabot_results/9/output.xml
