2026-06-26 04:49:38.441592 ==============================================================================
2026-06-26 04:49:38.456458 Suites
2026-06-26 04:49:38.456474 ==============================================================================
2026-06-26 04:49:38.456486 Suites.Auth
2026-06-26 04:49:38.457400 ==============================================================================
2026-06-26 04:49:38.457418 Suites.Auth.TC04 logout user
2026-06-26 04:49:38.457418 [ ERROR ] Error in file '/home/runner/work/engg-robot-testing-framework/engg-robot-testing-framework/tests/auth/TC04_logout_user.robot' on line 2: Importing library 'playwright_keyword_library.PlaywrightKeywordLibrary' failed: ModuleNotFoundError: No module named 'playwright_keyword_library'
2026-06-26 04:49:38.476987 ==============================================================================
2026-06-26 04:49:38.476987 Traceback (most recent call last):
2026-06-26 04:49:38.477013   None
2026-06-26 04:49:38.527122 PYTHONPATH:
2026-06-26 04:49:38.577226   /opt/hostedtoolcache/Python/3.11.15/x64/bin
2026-06-26 04:49:38.627329   /opt/hostedtoolcache/Python/3.11.15/x64/lib/python311.zip
2026-06-26 04:49:38.677431   /opt/hostedtoolcache/Python/3.11.15/x64/lib/python3.11
2026-06-26 04:49:38.727532   /opt/hostedtoolcache/Python/3.11.15/x64/lib/python3.11/lib-dynload
2026-06-26 04:49:38.777663   /opt/hostedtoolcache/Python/3.11.15/x64/lib/python3.11/site-packages
2026-06-26 04:49:38.827794 [ ERROR ] Error in file '/home/runner/work/engg-robot-testing-framework/engg-robot-testing-framework/resources/auth_keywords.resource' on line 2: Importing library 'playwright_keyword_library.PlaywrightKeywordLibrary' failed: ModuleNotFoundError: No module named 'playwright_keyword_library'
2026-06-26 04:49:38.877891 Traceback (most recent call last):
2026-06-26 04:49:38.928021   None
2026-06-26 04:49:38.978119 PYTHONPATH:
2026-06-26 04:49:39.028250   /opt/hostedtoolcache/Python/3.11.15/x64/bin
2026-06-26 04:49:39.078382   /opt/hostedtoolcache/Python/3.11.15/x64/lib/python311.zip
2026-06-26 04:49:39.128526   /opt/hostedtoolcache/Python/3.11.15/x64/lib/python3.11
2026-06-26 04:49:39.178657   /opt/hostedtoolcache/Python/3.11.15/x64/lib/python3.11/lib-dynload
2026-06-26 04:49:39.228803   /opt/hostedtoolcache/Python/3.11.15/x64/lib/python3.11/site-packages
2026-06-26 04:49:39.278886 [ ERROR ] Error in file '/home/runner/work/engg-robot-testing-framework/engg-robot-testing-framework/resources/common.resource' on line 4: Importing library 'playwright_keyword_library.PlaywrightKeywordLibrary' failed: ModuleNotFoundError: No module named 'playwright_keyword_library'
2026-06-26 04:49:39.329019 Traceback (most recent call last):
2026-06-26 04:49:39.379148   None
2026-06-26 04:49:39.429282 PYTHONPATH:
2026-06-26 04:49:39.479413   /opt/hostedtoolcache/Python/3.11.15/x64/bin
2026-06-26 04:49:39.529549   /opt/hostedtoolcache/Python/3.11.15/x64/lib/python311.zip
2026-06-26 04:49:39.579681   /opt/hostedtoolcache/Python/3.11.15/x64/lib/python3.11
2026-06-26 04:49:39.629830   /opt/hostedtoolcache/Python/3.11.15/x64/lib/python3.11/lib-dynload
2026-06-26 04:49:39.679980   /opt/hostedtoolcache/Python/3.11.15/x64/lib/python3.11/site-packages
2026-06-26 04:49:48.449856 TC04 Logout User                                                      | FAIL |
2026-06-26 04:49:48.486949 Setup failed:
2026-06-26 04:49:48.486967 No keyword with name 'Open Browser' found.
2026-06-26 04:49:48.486981 
2026-06-26 04:49:48.486994 Also teardown failed:
2026-06-26 04:49:48.487007 Several failures occurred:
2026-06-26 04:49:48.487021 
2026-06-26 04:49:48.487034 1) No keyword with name 'Register Keyword To Run On Failure' found.
2026-06-26 04:49:48.487047 
2026-06-26 04:49:48.487059 2) No keyword with name 'Close Browser' found. Did you mean:
2026-06-26 04:49:48.487071     common.Close Test Browser
2026-06-26 04:49:48.487083 ------------------------------------------------------------------------------
2026-06-26 04:49:48.487095 Suites.Auth.TC04 logout user                                          | FAIL |
2026-06-26 04:49:48.487634 1 test, 0 passed, 1 failed
2026-06-26 04:49:48.487650 ==============================================================================
2026-06-26 04:49:48.487662 Suites.Auth                                                           | FAIL |
2026-06-26 04:49:48.488039 1 test, 0 passed, 1 failed
2026-06-26 04:49:48.488097 ==============================================================================
2026-06-26 04:49:48.488113 Suites                                                                | FAIL |
2026-06-26 04:49:48.488410 1 test, 0 passed, 1 failed
2026-06-26 04:49:48.488468 ==============================================================================
2026-06-26 04:49:48.488482 Output:  /home/runner/work/engg-robot-testing-framework/engg-robot-testing-framework/reports/pabot_results/3/output.xml
