2026-09-19 04:53:32.205846 ==============================================================================
2026-09-19 04:53:32.233281 Suites
2026-09-19 04:53:32.233304 ==============================================================================
2026-09-19 04:53:32.233319 Suites.Cart
2026-09-19 04:53:32.234157 ==============================================================================
2026-09-19 04:53:32.234177 Suites.Cart.TC22 add from recommended items :: TC22 - Add To Cart From Reco...
2026-09-19 04:53:32.234177 [ ERROR ] Error in file '/home/runner/work/engg-robot-testing-framework/engg-robot-testing-framework/resources/common.resource' on line 4: Importing library 'playwright_keyword_library.PlaywrightKeywordLibrary' failed: ModuleNotFoundError: No module named 'playwright_keyword_library'
2026-09-19 04:53:32.259053 ==============================================================================
2026-09-19 04:53:32.259053 Traceback (most recent call last):
2026-09-19 04:53:32.259079   None
2026-09-19 04:53:32.309243 PYTHONPATH:
2026-09-19 04:53:32.359390   /opt/hostedtoolcache/Python/3.11.16/x64/bin
2026-09-19 04:53:32.409547   /opt/hostedtoolcache/Python/3.11.16/x64/lib/python311.zip
2026-09-19 04:53:32.459687   /opt/hostedtoolcache/Python/3.11.16/x64/lib/python3.11
2026-09-19 04:53:32.509878   /opt/hostedtoolcache/Python/3.11.16/x64/lib/python3.11/lib-dynload
2026-09-19 04:53:32.560071   /opt/hostedtoolcache/Python/3.11.16/x64/lib/python3.11/site-packages
2026-09-19 04:53:32.610299 [ ERROR ] Error in file '/home/runner/work/engg-robot-testing-framework/engg-robot-testing-framework/resources/cart_keywords.resource' on line 2: Importing library 'playwright_keyword_library.PlaywrightKeywordLibrary' failed: ModuleNotFoundError: No module named 'playwright_keyword_library'
2026-09-19 04:53:32.660491 Traceback (most recent call last):
2026-09-19 04:53:32.710752   None
2026-09-19 04:53:32.760955 PYTHONPATH:
2026-09-19 04:53:32.811184   /opt/hostedtoolcache/Python/3.11.16/x64/bin
2026-09-19 04:53:32.861377   /opt/hostedtoolcache/Python/3.11.16/x64/lib/python311.zip
2026-09-19 04:53:32.911584   /opt/hostedtoolcache/Python/3.11.16/x64/lib/python3.11
2026-09-19 04:53:32.961755   /opt/hostedtoolcache/Python/3.11.16/x64/lib/python3.11/lib-dynload
2026-09-19 04:53:33.011952   /opt/hostedtoolcache/Python/3.11.16/x64/lib/python3.11/site-packages
2026-09-19 04:53:42.241410 TC22 Add To Cart From Recommended Items                               | FAIL |
2026-09-19 04:53:42.270047 Setup failed:
2026-09-19 04:53:42.270061 No keyword with name 'Open Browser' found.
2026-09-19 04:53:42.270070 
2026-09-19 04:53:42.270078 Also teardown failed:
2026-09-19 04:53:42.270086 Several failures occurred:
2026-09-19 04:53:42.270093 
2026-09-19 04:53:42.270099 1) No keyword with name 'Register Keyword To Run On Failure' found.
2026-09-19 04:53:42.270107 
2026-09-19 04:53:42.270113 2) No keyword with name 'Close Browser' found. Did you mean:
2026-09-19 04:53:42.270120     common.Close Test Browser
2026-09-19 04:53:42.270126 ------------------------------------------------------------------------------
2026-09-19 04:53:42.270133 Suites.Cart.TC22 add from recommended items :: TC22 - Add To Cart ... | FAIL |
2026-09-19 04:53:42.270738 1 test, 0 passed, 1 failed
2026-09-19 04:53:42.270821 ==============================================================================
2026-09-19 04:53:42.270831 Suites.Cart                                                           | FAIL |
2026-09-19 04:53:42.271236 1 test, 0 passed, 1 failed
2026-09-19 04:53:42.271311 ==============================================================================
2026-09-19 04:53:42.271321 Suites                                                                | FAIL |
2026-09-19 04:53:42.271653 1 test, 0 passed, 1 failed
2026-09-19 04:53:42.271729 ==============================================================================
2026-09-19 04:53:42.271739 Output:  /home/runner/work/engg-robot-testing-framework/engg-robot-testing-framework/reports/pabot_results/9/output.xml
