2026-08-03 04:06:44.366830 ==============================================================================
2026-08-03 04:06:44.383685 Suites
2026-08-03 04:06:44.383706 ==============================================================================
2026-08-03 04:06:44.383721 Suites.Cart
2026-08-03 04:06:44.384580 ==============================================================================
2026-08-03 04:06:44.384599 Suites.Cart.TC22 add from recommended items :: TC22 - Add To Cart From Reco...
2026-08-03 04:06:44.384599 [ ERROR ] Error in file '/home/runner/work/engg-robot-testing-framework/engg-robot-testing-framework/resources/common.resource' on line 4: Importing library 'playwright_keyword_library.PlaywrightKeywordLibrary' failed: ModuleNotFoundError: No module named 'playwright_keyword_library'
2026-08-03 04:06:44.408197 ==============================================================================
2026-08-03 04:06:44.408197 Traceback (most recent call last):
2026-08-03 04:06:44.408225   None
2026-08-03 04:06:44.458379 PYTHONPATH:
2026-08-03 04:06:44.508498   /opt/hostedtoolcache/Python/3.11.15/x64/bin
2026-08-03 04:06:44.558604   /opt/hostedtoolcache/Python/3.11.15/x64/lib/python311.zip
2026-08-03 04:06:44.608717   /opt/hostedtoolcache/Python/3.11.15/x64/lib/python3.11
2026-08-03 04:06:44.658832   /opt/hostedtoolcache/Python/3.11.15/x64/lib/python3.11/lib-dynload
2026-08-03 04:06:44.708986   /opt/hostedtoolcache/Python/3.11.15/x64/lib/python3.11/site-packages
2026-08-03 04:06:44.759148 [ ERROR ] Error in file '/home/runner/work/engg-robot-testing-framework/engg-robot-testing-framework/resources/cart_keywords.resource' on line 2: Importing library 'playwright_keyword_library.PlaywrightKeywordLibrary' failed: ModuleNotFoundError: No module named 'playwright_keyword_library'
2026-08-03 04:06:44.809298 Traceback (most recent call last):
2026-08-03 04:06:44.859448   None
2026-08-03 04:06:44.909598 PYTHONPATH:
2026-08-03 04:06:44.959749   /opt/hostedtoolcache/Python/3.11.15/x64/bin
2026-08-03 04:06:45.009906   /opt/hostedtoolcache/Python/3.11.15/x64/lib/python311.zip
2026-08-03 04:06:45.060071   /opt/hostedtoolcache/Python/3.11.15/x64/lib/python3.11
2026-08-03 04:06:45.110241   /opt/hostedtoolcache/Python/3.11.15/x64/lib/python3.11/lib-dynload
2026-08-03 04:06:45.160392   /opt/hostedtoolcache/Python/3.11.15/x64/lib/python3.11/site-packages
2026-08-03 04:06:54.384151 TC22 Add To Cart From Recommended Items                               | FAIL |
2026-08-03 04:06:54.418869 Setup failed:
2026-08-03 04:06:54.418881 No keyword with name 'Open Browser' found.
2026-08-03 04:06:54.418890 
2026-08-03 04:06:54.418896 Also teardown failed:
2026-08-03 04:06:54.418903 Several failures occurred:
2026-08-03 04:06:54.418910 
2026-08-03 04:06:54.418916 1) No keyword with name 'Register Keyword To Run On Failure' found.
2026-08-03 04:06:54.418924 
2026-08-03 04:06:54.418930 2) No keyword with name 'Close Browser' found. Did you mean:
2026-08-03 04:06:54.418937     common.Close Test Browser
2026-08-03 04:06:54.418943 ------------------------------------------------------------------------------
2026-08-03 04:06:54.418950 Suites.Cart.TC22 add from recommended items :: TC22 - Add To Cart ... | FAIL |
2026-08-03 04:06:54.419576 1 test, 0 passed, 1 failed
2026-08-03 04:06:54.419651 ==============================================================================
2026-08-03 04:06:54.419663 Suites.Cart                                                           | FAIL |
2026-08-03 04:06:54.419990 1 test, 0 passed, 1 failed
2026-08-03 04:06:54.420041 ==============================================================================
2026-08-03 04:06:54.420051 Suites                                                                | FAIL |
2026-08-03 04:06:54.420401 1 test, 0 passed, 1 failed
2026-08-03 04:06:54.420451 ==============================================================================
2026-08-03 04:06:54.420459 Output:  /home/runner/work/engg-robot-testing-framework/engg-robot-testing-framework/reports/pabot_results/9/output.xml
