2026-07-19 04:03:27.205491 ==============================================================================
2026-07-19 04:03:27.231535 Suites
2026-07-19 04:03:27.231559 ==============================================================================
2026-07-19 04:03:27.231576 Suites.Auth
2026-07-19 04:03:27.232466 ==============================================================================
2026-07-19 04:03:27.232488 Suites.Auth.TC02 login valid
2026-07-19 04:03:27.232488 [ ERROR ] Error in file '/home/runner/work/engg-robot-testing-framework/engg-robot-testing-framework/tests/auth/TC02_login_valid.robot' on line 2: Importing library 'playwright_keyword_library.PlaywrightKeywordLibrary' failed: ModuleNotFoundError: No module named 'playwright_keyword_library'
2026-07-19 04:03:27.253155 ==============================================================================
2026-07-19 04:03:27.253155 Traceback (most recent call last):
2026-07-19 04:03:27.253217   None
2026-07-19 04:03:27.303338 PYTHONPATH:
2026-07-19 04:03:27.353498   /opt/hostedtoolcache/Python/3.11.15/x64/bin
2026-07-19 04:03:27.403622   /opt/hostedtoolcache/Python/3.11.15/x64/lib/python311.zip
2026-07-19 04:03:27.453744   /opt/hostedtoolcache/Python/3.11.15/x64/lib/python3.11
2026-07-19 04:03:27.503862   /opt/hostedtoolcache/Python/3.11.15/x64/lib/python3.11/lib-dynload
2026-07-19 04:03:27.554231   /opt/hostedtoolcache/Python/3.11.15/x64/lib/python3.11/site-packages
2026-07-19 04:03:27.604400 [ ERROR ] Error in file '/home/runner/work/engg-robot-testing-framework/engg-robot-testing-framework/resources/auth_keywords.resource' on line 2: Importing library 'playwright_keyword_library.PlaywrightKeywordLibrary' failed: ModuleNotFoundError: No module named 'playwright_keyword_library'
2026-07-19 04:03:27.654557 Traceback (most recent call last):
2026-07-19 04:03:27.704711   None
2026-07-19 04:03:27.754830 PYTHONPATH:
2026-07-19 04:03:27.804931   /opt/hostedtoolcache/Python/3.11.15/x64/bin
2026-07-19 04:03:27.855107   /opt/hostedtoolcache/Python/3.11.15/x64/lib/python311.zip
2026-07-19 04:03:27.905438   /opt/hostedtoolcache/Python/3.11.15/x64/lib/python3.11
2026-07-19 04:03:27.955632   /opt/hostedtoolcache/Python/3.11.15/x64/lib/python3.11/lib-dynload
2026-07-19 04:03:28.005821   /opt/hostedtoolcache/Python/3.11.15/x64/lib/python3.11/site-packages
2026-07-19 04:03:28.056110 [ ERROR ] Error in file '/home/runner/work/engg-robot-testing-framework/engg-robot-testing-framework/resources/common.resource' on line 4: Importing library 'playwright_keyword_library.PlaywrightKeywordLibrary' failed: ModuleNotFoundError: No module named 'playwright_keyword_library'
2026-07-19 04:03:28.106370 Traceback (most recent call last):
2026-07-19 04:03:28.156624   None
2026-07-19 04:03:28.206954 PYTHONPATH:
2026-07-19 04:03:28.257162   /opt/hostedtoolcache/Python/3.11.15/x64/bin
2026-07-19 04:03:28.307362   /opt/hostedtoolcache/Python/3.11.15/x64/lib/python311.zip
2026-07-19 04:03:28.357682   /opt/hostedtoolcache/Python/3.11.15/x64/lib/python3.11
2026-07-19 04:03:28.407921   /opt/hostedtoolcache/Python/3.11.15/x64/lib/python3.11/lib-dynload
2026-07-19 04:03:28.458158   /opt/hostedtoolcache/Python/3.11.15/x64/lib/python3.11/site-packages
2026-07-19 04:03:37.237764 TC02 Login User With Correct Email And Password                       | FAIL |
2026-07-19 04:03:37.263707 Setup failed:
2026-07-19 04:03:37.263723 No keyword with name 'Open Browser' found.
2026-07-19 04:03:37.263737 
2026-07-19 04:03:37.263751 Also teardown failed:
2026-07-19 04:03:37.263763 Several failures occurred:
2026-07-19 04:03:37.263777 
2026-07-19 04:03:37.263790 1) No keyword with name 'Register Keyword To Run On Failure' found.
2026-07-19 04:03:37.263803 
2026-07-19 04:03:37.263815 2) No keyword with name 'Close Browser' found. Did you mean:
2026-07-19 04:03:37.263827     common.Close Test Browser
2026-07-19 04:03:37.263839 ------------------------------------------------------------------------------
2026-07-19 04:03:37.263850 Suites.Auth.TC02 login valid                                          | FAIL |
2026-07-19 04:03:37.264461 1 test, 0 passed, 1 failed
2026-07-19 04:03:37.264522 ==============================================================================
2026-07-19 04:03:37.264548 Suites.Auth                                                           | FAIL |
2026-07-19 04:03:37.265002 1 test, 0 passed, 1 failed
2026-07-19 04:03:37.265023 ==============================================================================
2026-07-19 04:03:37.265043 Suites                                                                | FAIL |
2026-07-19 04:03:37.265472 1 test, 0 passed, 1 failed
2026-07-19 04:03:37.265550 ==============================================================================
2026-07-19 04:03:37.265565 Output:  /home/runner/work/engg-robot-testing-framework/engg-robot-testing-framework/reports/pabot_results/1/output.xml
