2026-10-10 06:13:35.509890 ==============================================================================
2026-10-10 06:13:35.525506 Suites
2026-10-10 06:13:35.525525 ==============================================================================
2026-10-10 06:13:35.525540 Suites.Cart
2026-10-10 06:13:35.526405 ==============================================================================
2026-10-10 06:13:35.526424 Suites.Cart.TC22 add from recommended items :: TC22 - Add To Cart From Reco...
2026-10-10 06:13:35.526424 [ ERROR ] Error in file '/home/runner/work/engg-robot-testing-framework/engg-robot-testing-framework/resources/common.resource' on line 4: Importing library 'playwright_keyword_library.PlaywrightKeywordLibrary' failed: ModuleNotFoundError: No module named 'playwright_keyword_library'
2026-10-10 06:13:35.552240 ==============================================================================
2026-10-10 06:13:35.552240 Traceback (most recent call last):
2026-10-10 06:13:35.552265   None
2026-10-10 06:13:35.602382 PYTHONPATH:
2026-10-10 06:13:35.652843   /opt/hostedtoolcache/Python/3.11.17/x64/bin
2026-10-10 06:13:35.702944   /opt/hostedtoolcache/Python/3.11.17/x64/lib/python311.zip
2026-10-10 06:13:35.753066   /opt/hostedtoolcache/Python/3.11.17/x64/lib/python3.11
2026-10-10 06:13:35.803170   /opt/hostedtoolcache/Python/3.11.17/x64/lib/python3.11/lib-dynload
2026-10-10 06:13:35.853276   /opt/hostedtoolcache/Python/3.11.17/x64/lib/python3.11/site-packages
2026-10-10 06:13:35.903412 [ ERROR ] Error in file '/home/runner/work/engg-robot-testing-framework/engg-robot-testing-framework/resources/cart_keywords.resource' on line 2: Importing library 'playwright_keyword_library.PlaywrightKeywordLibrary' failed: ModuleNotFoundError: No module named 'playwright_keyword_library'
2026-10-10 06:13:35.953562 Traceback (most recent call last):
2026-10-10 06:13:36.003707   None
2026-10-10 06:13:36.053810 PYTHONPATH:
2026-10-10 06:13:36.103927   /opt/hostedtoolcache/Python/3.11.17/x64/bin
2026-10-10 06:13:36.154074   /opt/hostedtoolcache/Python/3.11.17/x64/lib/python311.zip
2026-10-10 06:13:36.204223   /opt/hostedtoolcache/Python/3.11.17/x64/lib/python3.11
2026-10-10 06:13:36.254369   /opt/hostedtoolcache/Python/3.11.17/x64/lib/python3.11/lib-dynload
2026-10-10 06:13:36.304486   /opt/hostedtoolcache/Python/3.11.17/x64/lib/python3.11/site-packages
2026-10-10 06:13:45.526736 TC22 Add To Cart From Recommended Items                               | FAIL |
2026-10-10 06:13:45.562776 Setup failed:
2026-10-10 06:13:45.562789 No keyword with name 'Open Browser' found.
2026-10-10 06:13:45.562797 
2026-10-10 06:13:45.562805 Also teardown failed:
2026-10-10 06:13:45.562812 Several failures occurred:
2026-10-10 06:13:45.562818 
2026-10-10 06:13:45.562825 1) No keyword with name 'Register Keyword To Run On Failure' found.
2026-10-10 06:13:45.562831 
2026-10-10 06:13:45.562838 2) No keyword with name 'Close Browser' found. Did you mean:
2026-10-10 06:13:45.562844     common.Close Test Browser
2026-10-10 06:13:45.562850 ------------------------------------------------------------------------------
2026-10-10 06:13:45.562856 Suites.Cart.TC22 add from recommended items :: TC22 - Add To Cart ... | FAIL |
2026-10-10 06:13:45.563319 1 test, 0 passed, 1 failed
2026-10-10 06:13:45.563328 ==============================================================================
2026-10-10 06:13:45.563335 Suites.Cart                                                           | FAIL |
2026-10-10 06:13:45.563711 1 test, 0 passed, 1 failed
2026-10-10 06:13:45.563722 ==============================================================================
2026-10-10 06:13:45.563728 Suites                                                                | FAIL |
2026-10-10 06:13:45.563978 1 test, 0 passed, 1 failed
2026-10-10 06:13:45.563995 ==============================================================================
2026-10-10 06:13:45.564062 Output:  /home/runner/work/engg-robot-testing-framework/engg-robot-testing-framework/reports/pabot_results/9/output.xml
