2026-06-18 01:23:05.069892 ==============================================================================
2026-06-18 01:23:05.112704 Suites
2026-06-18 01:23:05.112725 ==============================================================================
2026-06-18 01:23:05.112737 Suites.Auth
2026-06-18 01:23:05.113711 ==============================================================================
2026-06-18 01:23:05.213965 Suites.Auth.TC04 logout user
2026-06-18 01:23:05.232869 ==============================================================================
2026-06-18 01:24:30.285199 [ WARN ] Native click failed on Delete Account; trying JS click fallback.
2026-06-18 01:24:33.156365 TC04 Logout User                                                      | FAIL |
2026-06-18 01:24:33.197934 Text 'Account Deleted' did not appear in 1 minute.
2026-06-18 01:24:33.197949 ------------------------------------------------------------------------------
2026-06-18 01:24:33.197959 Suites.Auth.TC04 logout user                                          | FAIL |
2026-06-18 01:24:33.198883 1 test, 0 passed, 1 failed
2026-06-18 01:24:33.198898 ==============================================================================
2026-06-18 01:24:33.198910 Suites.Auth                                                           | FAIL |
2026-06-18 01:24:33.199305 1 test, 0 passed, 1 failed
2026-06-18 01:24:33.199325 ==============================================================================
2026-06-18 01:24:33.199339 Suites                                                                | FAIL |
2026-06-18 01:24:33.199614 1 test, 0 passed, 1 failed
2026-06-18 01:24:33.199629 ==============================================================================
2026-06-18 01:24:33.199642 Output:  /home/runner/work/engg-robot-testing-framework/engg-robot-testing-framework/reports/pabot_results/3/output.xml
