2026-08-21 02:07:41.484637 ==============================================================================
2026-08-21 02:07:41.494936 Suites
2026-08-21 02:07:41.494954 ==============================================================================
2026-08-21 02:07:41.494965 Suites.Auth
2026-08-21 02:07:41.495681 ==============================================================================
2026-08-21 02:07:41.495697 Suites.Auth.TC03 login invalid
2026-08-21 02:07:41.495697 [ ERROR ] Error in file '/home/runner/work/engg-robot-testing-framework/engg-robot-testing-framework/tests/auth/TC03_login_invalid.robot' on line 2: Importing library 'playwright_keyword_library.PlaywrightKeywordLibrary' failed: ModuleNotFoundError: No module named 'playwright_keyword_library'
2026-08-21 02:07:41.512409 ==============================================================================
2026-08-21 02:07:41.512409 Traceback (most recent call last):
2026-08-21 02:07:41.512431   None
2026-08-21 02:07:41.562571 PYTHONPATH:
2026-08-21 02:07:41.612729   /opt/hostedtoolcache/Python/3.11.16/x64/bin
2026-08-21 02:07:41.662896   /opt/hostedtoolcache/Python/3.11.16/x64/lib/python311.zip
2026-08-21 02:07:41.713071   /opt/hostedtoolcache/Python/3.11.16/x64/lib/python3.11
2026-08-21 02:07:41.763229   /opt/hostedtoolcache/Python/3.11.16/x64/lib/python3.11/lib-dynload
2026-08-21 02:07:41.813412   /opt/hostedtoolcache/Python/3.11.16/x64/lib/python3.11/site-packages
2026-08-21 02:07:41.863566 [ ERROR ] Error in file '/home/runner/work/engg-robot-testing-framework/engg-robot-testing-framework/resources/auth_keywords.resource' on line 2: Importing library 'playwright_keyword_library.PlaywrightKeywordLibrary' failed: ModuleNotFoundError: No module named 'playwright_keyword_library'
2026-08-21 02:07:41.913747 Traceback (most recent call last):
2026-08-21 02:07:41.963912   None
2026-08-21 02:07:42.014087 PYTHONPATH:
2026-08-21 02:07:42.064273   /opt/hostedtoolcache/Python/3.11.16/x64/bin
2026-08-21 02:07:42.114433   /opt/hostedtoolcache/Python/3.11.16/x64/lib/python311.zip
2026-08-21 02:07:42.164601   /opt/hostedtoolcache/Python/3.11.16/x64/lib/python3.11
2026-08-21 02:07:42.214773   /opt/hostedtoolcache/Python/3.11.16/x64/lib/python3.11/lib-dynload
2026-08-21 02:07:42.264925   /opt/hostedtoolcache/Python/3.11.16/x64/lib/python3.11/site-packages
2026-08-21 02:07:42.315110 [ ERROR ] Error in file '/home/runner/work/engg-robot-testing-framework/engg-robot-testing-framework/resources/common.resource' on line 4: Importing library 'playwright_keyword_library.PlaywrightKeywordLibrary' failed: ModuleNotFoundError: No module named 'playwright_keyword_library'
2026-08-21 02:07:42.365263 Traceback (most recent call last):
2026-08-21 02:07:42.415448   None
2026-08-21 02:07:42.465612 PYTHONPATH:
2026-08-21 02:07:42.515786   /opt/hostedtoolcache/Python/3.11.16/x64/bin
2026-08-21 02:07:42.565972   /opt/hostedtoolcache/Python/3.11.16/x64/lib/python311.zip
2026-08-21 02:07:42.616132   /opt/hostedtoolcache/Python/3.11.16/x64/lib/python3.11
2026-08-21 02:07:42.666305   /opt/hostedtoolcache/Python/3.11.16/x64/lib/python3.11/lib-dynload
2026-08-21 02:07:42.716476   /opt/hostedtoolcache/Python/3.11.16/x64/lib/python3.11/site-packages
2026-08-21 02:07:51.489269 TC03 Login User With Incorrect Email And Password                     | FAIL |
2026-08-21 02:07:51.521532 Setup failed:
2026-08-21 02:07:51.521545 No keyword with name 'Open Browser' found.
2026-08-21 02:07:51.521554 
2026-08-21 02:07:51.521562 Also teardown failed:
2026-08-21 02:07:51.521569 Several failures occurred:
2026-08-21 02:07:51.521577 
2026-08-21 02:07:51.521585 1) No keyword with name 'Register Keyword To Run On Failure' found.
2026-08-21 02:07:51.521593 
2026-08-21 02:07:51.521599 2) No keyword with name 'Close Browser' found. Did you mean:
2026-08-21 02:07:51.521606     common.Close Test Browser
2026-08-21 02:07:51.521612 ------------------------------------------------------------------------------
2026-08-21 02:07:51.521619 Suites.Auth.TC03 login invalid                                        | FAIL |
2026-08-21 02:07:51.522060 1 test, 0 passed, 1 failed
2026-08-21 02:07:51.522093 ==============================================================================
2026-08-21 02:07:51.522100 Suites.Auth                                                           | FAIL |
2026-08-21 02:07:51.522469 1 test, 0 passed, 1 failed
2026-08-21 02:07:51.522494 ==============================================================================
2026-08-21 02:07:51.522501 Suites                                                                | FAIL |
2026-08-21 02:07:51.522794 1 test, 0 passed, 1 failed
2026-08-21 02:07:51.522852 ==============================================================================
2026-08-21 02:07:51.522864 Output:  /home/runner/work/engg-robot-testing-framework/engg-robot-testing-framework/reports/pabot_results/2/output.xml
