2026-08-26 02:08:48.756610 ==============================================================================
2026-08-26 02:08:48.774447 Suites
2026-08-26 02:08:48.774465 ==============================================================================
2026-08-26 02:08:48.774478 Suites.Auth
2026-08-26 02:08:48.775252 ==============================================================================
2026-08-26 02:08:48.775269 Suites.Auth.TC04 logout user
2026-08-26 02:08:48.775269 [ ERROR ] Error in file '/home/runner/work/engg-robot-testing-framework/engg-robot-testing-framework/tests/auth/TC04_logout_user.robot' on line 2: Importing library 'playwright_keyword_library.PlaywrightKeywordLibrary' failed: ModuleNotFoundError: No module named 'playwright_keyword_library'
2026-08-26 02:08:48.791820 ==============================================================================
2026-08-26 02:08:48.791820 Traceback (most recent call last):
2026-08-26 02:08:48.791841   None
2026-08-26 02:08:48.841935 PYTHONPATH:
2026-08-26 02:08:48.892075   /opt/hostedtoolcache/Python/3.11.16/x64/bin
2026-08-26 02:08:48.942213   /opt/hostedtoolcache/Python/3.11.16/x64/lib/python311.zip
2026-08-26 02:08:48.992346   /opt/hostedtoolcache/Python/3.11.16/x64/lib/python3.11
2026-08-26 02:08:49.042481   /opt/hostedtoolcache/Python/3.11.16/x64/lib/python3.11/lib-dynload
2026-08-26 02:08:49.092638   /opt/hostedtoolcache/Python/3.11.16/x64/lib/python3.11/site-packages
2026-08-26 02:08:49.142752 [ ERROR ] Error in file '/home/runner/work/engg-robot-testing-framework/engg-robot-testing-framework/resources/auth_keywords.resource' on line 2: Importing library 'playwright_keyword_library.PlaywrightKeywordLibrary' failed: ModuleNotFoundError: No module named 'playwright_keyword_library'
2026-08-26 02:08:49.192866 Traceback (most recent call last):
2026-08-26 02:08:49.243011   None
2026-08-26 02:08:49.293145 PYTHONPATH:
2026-08-26 02:08:49.343281   /opt/hostedtoolcache/Python/3.11.16/x64/bin
2026-08-26 02:08:49.393421   /opt/hostedtoolcache/Python/3.11.16/x64/lib/python311.zip
2026-08-26 02:08:49.443554   /opt/hostedtoolcache/Python/3.11.16/x64/lib/python3.11
2026-08-26 02:08:49.493690   /opt/hostedtoolcache/Python/3.11.16/x64/lib/python3.11/lib-dynload
2026-08-26 02:08:49.543830   /opt/hostedtoolcache/Python/3.11.16/x64/lib/python3.11/site-packages
2026-08-26 02:08:49.593965 [ ERROR ] Error in file '/home/runner/work/engg-robot-testing-framework/engg-robot-testing-framework/resources/common.resource' on line 4: Importing library 'playwright_keyword_library.PlaywrightKeywordLibrary' failed: ModuleNotFoundError: No module named 'playwright_keyword_library'
2026-08-26 02:08:49.644101 Traceback (most recent call last):
2026-08-26 02:08:49.694236   None
2026-08-26 02:08:49.744371 PYTHONPATH:
2026-08-26 02:08:49.794505   /opt/hostedtoolcache/Python/3.11.16/x64/bin
2026-08-26 02:08:49.844640   /opt/hostedtoolcache/Python/3.11.16/x64/lib/python311.zip
2026-08-26 02:08:49.894776   /opt/hostedtoolcache/Python/3.11.16/x64/lib/python3.11
2026-08-26 02:08:49.944910   /opt/hostedtoolcache/Python/3.11.16/x64/lib/python3.11/lib-dynload
2026-08-26 02:08:49.995047   /opt/hostedtoolcache/Python/3.11.16/x64/lib/python3.11/site-packages
2026-08-26 02:08:58.768088 TC04 Logout User                                                      | FAIL |
2026-08-26 02:08:58.801434 Setup failed:
2026-08-26 02:08:58.801442 No keyword with name 'Open Browser' found.
2026-08-26 02:08:58.801449 
2026-08-26 02:08:58.801456 Also teardown failed:
2026-08-26 02:08:58.801463 Several failures occurred:
2026-08-26 02:08:58.801470 
2026-08-26 02:08:58.801476 1) No keyword with name 'Register Keyword To Run On Failure' found.
2026-08-26 02:08:58.801483 
2026-08-26 02:08:58.801490 2) No keyword with name 'Close Browser' found. Did you mean:
2026-08-26 02:08:58.801496     common.Close Test Browser
2026-08-26 02:08:58.801503 ------------------------------------------------------------------------------
2026-08-26 02:08:58.801509 Suites.Auth.TC04 logout user                                          | FAIL |
2026-08-26 02:08:58.802150 1 test, 0 passed, 1 failed
2026-08-26 02:08:58.802190 ==============================================================================
2026-08-26 02:08:58.802197 Suites.Auth                                                           | FAIL |
2026-08-26 02:08:58.802542 1 test, 0 passed, 1 failed
2026-08-26 02:08:58.802568 ==============================================================================
2026-08-26 02:08:58.802575 Suites                                                                | FAIL |
2026-08-26 02:08:58.802898 1 test, 0 passed, 1 failed
2026-08-26 02:08:58.802936 ==============================================================================
2026-08-26 02:08:58.802945 Output:  /home/runner/work/engg-robot-testing-framework/engg-robot-testing-framework/reports/pabot_results/3/output.xml
