2026-08-19 02:00:08.433652 ==============================================================================
2026-08-19 02:00:08.452270 Suites
2026-08-19 02:00:08.452290 ==============================================================================
2026-08-19 02:00:08.452305 Suites.Auth
2026-08-19 02:00:08.453220 ==============================================================================
2026-08-19 02:00:08.453239 Suites.Auth.TC01 register user
2026-08-19 02:00:08.453239 [ ERROR ] Error in file '/home/runner/work/engg-robot-testing-framework/engg-robot-testing-framework/tests/auth/TC01_register_user.robot' on line 2: Importing library 'playwright_keyword_library.PlaywrightKeywordLibrary' failed: ModuleNotFoundError: No module named 'playwright_keyword_library'
2026-08-19 02:00:08.472488 ==============================================================================
2026-08-19 02:00:08.472488 Traceback (most recent call last):
2026-08-19 02:00:08.472541   None
2026-08-19 02:00:08.522678 PYTHONPATH:
2026-08-19 02:00:08.572806   /opt/hostedtoolcache/Python/3.11.15/x64/bin
2026-08-19 02:00:08.622937   /opt/hostedtoolcache/Python/3.11.15/x64/lib/python311.zip
2026-08-19 02:00:08.673059   /opt/hostedtoolcache/Python/3.11.15/x64/lib/python3.11
2026-08-19 02:00:08.723176   /opt/hostedtoolcache/Python/3.11.15/x64/lib/python3.11/lib-dynload
2026-08-19 02:00:08.773286   /opt/hostedtoolcache/Python/3.11.15/x64/lib/python3.11/site-packages
2026-08-19 02:00:08.823409 [ ERROR ] Error in file '/home/runner/work/engg-robot-testing-framework/engg-robot-testing-framework/resources/auth_keywords.resource' on line 2: Importing library 'playwright_keyword_library.PlaywrightKeywordLibrary' failed: ModuleNotFoundError: No module named 'playwright_keyword_library'
2026-08-19 02:00:08.873570 Traceback (most recent call last):
2026-08-19 02:00:08.923730   None
2026-08-19 02:00:08.973881 PYTHONPATH:
2026-08-19 02:00:09.024017   /opt/hostedtoolcache/Python/3.11.15/x64/bin
2026-08-19 02:00:09.074209   /opt/hostedtoolcache/Python/3.11.15/x64/lib/python311.zip
2026-08-19 02:00:09.124375   /opt/hostedtoolcache/Python/3.11.15/x64/lib/python3.11
2026-08-19 02:00:09.174542   /opt/hostedtoolcache/Python/3.11.15/x64/lib/python3.11/lib-dynload
2026-08-19 02:00:09.224707   /opt/hostedtoolcache/Python/3.11.15/x64/lib/python3.11/site-packages
2026-08-19 02:00:09.274837 [ ERROR ] Error in file '/home/runner/work/engg-robot-testing-framework/engg-robot-testing-framework/resources/common.resource' on line 4: Importing library 'playwright_keyword_library.PlaywrightKeywordLibrary' failed: ModuleNotFoundError: No module named 'playwright_keyword_library'
2026-08-19 02:00:09.324990 Traceback (most recent call last):
2026-08-19 02:00:09.375142   None
2026-08-19 02:00:09.425274 PYTHONPATH:
2026-08-19 02:00:09.475403   /opt/hostedtoolcache/Python/3.11.15/x64/bin
2026-08-19 02:00:09.525517   /opt/hostedtoolcache/Python/3.11.15/x64/lib/python311.zip
2026-08-19 02:00:09.575635   /opt/hostedtoolcache/Python/3.11.15/x64/lib/python3.11
2026-08-19 02:00:09.625757   /opt/hostedtoolcache/Python/3.11.15/x64/lib/python3.11/lib-dynload
2026-08-19 02:00:09.676010   /opt/hostedtoolcache/Python/3.11.15/x64/lib/python3.11/site-packages
2026-08-19 02:00:18.447298 TC01 Register User                                                    | FAIL |
2026-08-19 02:00:18.483905 Setup failed:
2026-08-19 02:00:18.483914 No keyword with name 'Open Browser' found.
2026-08-19 02:00:18.483921 
2026-08-19 02:00:18.483928 Also teardown failed:
2026-08-19 02:00:18.483935 Several failures occurred:
2026-08-19 02:00:18.483942 
2026-08-19 02:00:18.483948 1) No keyword with name 'Register Keyword To Run On Failure' found.
2026-08-19 02:00:18.483955 
2026-08-19 02:00:18.483962 2) No keyword with name 'Close Browser' found. Did you mean:
2026-08-19 02:00:18.483968     common.Close Test Browser
2026-08-19 02:00:18.483975 ------------------------------------------------------------------------------
2026-08-19 02:00:18.483981 Suites.Auth.TC01 register user                                        | FAIL |
2026-08-19 02:00:18.484862 1 test, 0 passed, 1 failed
2026-08-19 02:00:18.485572 ==============================================================================
2026-08-19 02:00:18.485590 Suites.Auth                                                           | FAIL |
2026-08-19 02:00:18.485606 1 test, 0 passed, 1 failed
2026-08-19 02:00:18.485644 ==============================================================================
2026-08-19 02:00:18.485653 Suites                                                                | FAIL |
2026-08-19 02:00:18.486011 1 test, 0 passed, 1 failed
2026-08-19 02:00:18.486068 ==============================================================================
2026-08-19 02:00:18.486076 Output:  /home/runner/work/engg-robot-testing-framework/engg-robot-testing-framework/reports/pabot_results/0/output.xml
