2026-06-26 04:49:59.288807 ==============================================================================
2026-06-26 04:49:59.319955 Suites
2026-06-26 04:49:59.319976 ==============================================================================
2026-06-26 04:49:59.319991 Suites.Cart
2026-06-26 04:49:59.320865 ==============================================================================
2026-06-26 04:49:59.320882 Suites.Cart.TC17 remove products from cart :: TC17 - Remove Products From Cart
2026-06-26 04:49:59.320882 [ ERROR ] Error in file '/home/runner/work/engg-robot-testing-framework/engg-robot-testing-framework/resources/common.resource' on line 4: Importing library 'playwright_keyword_library.PlaywrightKeywordLibrary' failed: ModuleNotFoundError: No module named 'playwright_keyword_library'
2026-06-26 04:49:59.355492 ==============================================================================
2026-06-26 04:49:59.355492 Traceback (most recent call last):
2026-06-26 04:49:59.355521   None
2026-06-26 04:49:59.405694 PYTHONPATH:
2026-06-26 04:49:59.455822   /opt/hostedtoolcache/Python/3.11.15/x64/bin
2026-06-26 04:49:59.505964   /opt/hostedtoolcache/Python/3.11.15/x64/lib/python311.zip
2026-06-26 04:49:59.556073   /opt/hostedtoolcache/Python/3.11.15/x64/lib/python3.11
2026-06-26 04:49:59.606284   /opt/hostedtoolcache/Python/3.11.15/x64/lib/python3.11/lib-dynload
2026-06-26 04:49:59.656407   /opt/hostedtoolcache/Python/3.11.15/x64/lib/python3.11/site-packages
2026-06-26 04:49:59.706612 [ ERROR ] Error in file '/home/runner/work/engg-robot-testing-framework/engg-robot-testing-framework/resources/product_keywords.resource' on line 2: Importing library 'playwright_keyword_library.PlaywrightKeywordLibrary' failed: ModuleNotFoundError: No module named 'playwright_keyword_library'
2026-06-26 04:49:59.756812 Traceback (most recent call last):
2026-06-26 04:49:59.807014   None
2026-06-26 04:49:59.857211 PYTHONPATH:
2026-06-26 04:49:59.907412   /opt/hostedtoolcache/Python/3.11.15/x64/bin
2026-06-26 04:49:59.957637   /opt/hostedtoolcache/Python/3.11.15/x64/lib/python311.zip
2026-06-26 04:50:00.007795   /opt/hostedtoolcache/Python/3.11.15/x64/lib/python3.11
2026-06-26 04:50:00.058050   /opt/hostedtoolcache/Python/3.11.15/x64/lib/python3.11/lib-dynload
2026-06-26 04:50:00.108383   /opt/hostedtoolcache/Python/3.11.15/x64/lib/python3.11/site-packages
2026-06-26 04:50:00.158638 [ ERROR ] Error in file '/home/runner/work/engg-robot-testing-framework/engg-robot-testing-framework/resources/cart_keywords.resource' on line 2: Importing library 'playwright_keyword_library.PlaywrightKeywordLibrary' failed: ModuleNotFoundError: No module named 'playwright_keyword_library'
2026-06-26 04:50:00.208860 Traceback (most recent call last):
2026-06-26 04:50:00.258997   None
2026-06-26 04:50:00.309148 PYTHONPATH:
2026-06-26 04:50:00.359367   /opt/hostedtoolcache/Python/3.11.15/x64/bin
2026-06-26 04:50:00.409512   /opt/hostedtoolcache/Python/3.11.15/x64/lib/python311.zip
2026-06-26 04:50:00.459734   /opt/hostedtoolcache/Python/3.11.15/x64/lib/python3.11
2026-06-26 04:50:00.509937   /opt/hostedtoolcache/Python/3.11.15/x64/lib/python3.11/lib-dynload
2026-06-26 04:50:00.560136   /opt/hostedtoolcache/Python/3.11.15/x64/lib/python3.11/site-packages
2026-06-26 04:50:09.344748 TC17 Remove Products From Cart                                        | FAIL |
2026-06-26 04:50:09.368013 Setup failed:
2026-06-26 04:50:09.368028 No keyword with name 'Open Browser' found.
2026-06-26 04:50:09.368038 
2026-06-26 04:50:09.368046 Also teardown failed:
2026-06-26 04:50:09.368054 Several failures occurred:
2026-06-26 04:50:09.368062 
2026-06-26 04:50:09.368070 1) No keyword with name 'Register Keyword To Run On Failure' found.
2026-06-26 04:50:09.368078 
2026-06-26 04:50:09.368086 2) No keyword with name 'Close Browser' found. Did you mean:
2026-06-26 04:50:09.368094     common.Close Test Browser
2026-06-26 04:50:09.368101 ------------------------------------------------------------------------------
2026-06-26 04:50:09.368109 Suites.Cart.TC17 remove products from cart :: TC17 - Remove Produc... | FAIL |
2026-06-26 04:50:09.368770 1 test, 0 passed, 1 failed
2026-06-26 04:50:09.368827 ==============================================================================
2026-06-26 04:50:09.368839 Suites.Cart                                                           | FAIL |
2026-06-26 04:50:09.369287 1 test, 0 passed, 1 failed
2026-06-26 04:50:09.369329 ==============================================================================
2026-06-26 04:50:09.369338 Suites                                                                | FAIL |
2026-06-26 04:50:09.369695 1 test, 0 passed, 1 failed
2026-06-26 04:50:09.369739 ==============================================================================
2026-06-26 04:50:09.369747 Output:  /home/runner/work/engg-robot-testing-framework/engg-robot-testing-framework/reports/pabot_results/7/output.xml
