2026-08-09 02:35:07.717097 ==============================================================================
2026-08-09 02:35:07.731219 Suites
2026-08-09 02:35:07.731236 ==============================================================================
2026-08-09 02:35:07.731249 Suites.Auth
2026-08-09 02:35:07.732068 ==============================================================================
2026-08-09 02:35:07.732085 Suites.Auth.TC04 logout user
2026-08-09 02:35:07.732085 [ ERROR ] Error in file '/home/runner/work/engg-robot-testing-framework/engg-robot-testing-framework/tests/auth/TC04_logout_user.robot' on line 2: Importing library 'playwright_keyword_library.PlaywrightKeywordLibrary' failed: ModuleNotFoundError: No module named 'playwright_keyword_library'
2026-08-09 02:35:07.749129 ==============================================================================
2026-08-09 02:35:07.749129 Traceback (most recent call last):
2026-08-09 02:35:07.749152   None
2026-08-09 02:35:07.799251 PYTHONPATH:
2026-08-09 02:35:07.849387   /opt/hostedtoolcache/Python/3.11.15/x64/bin
2026-08-09 02:35:07.899527   /opt/hostedtoolcache/Python/3.11.15/x64/lib/python311.zip
2026-08-09 02:35:07.949663   /opt/hostedtoolcache/Python/3.11.15/x64/lib/python3.11
2026-08-09 02:35:07.999781   /opt/hostedtoolcache/Python/3.11.15/x64/lib/python3.11/lib-dynload
2026-08-09 02:35:08.049920   /opt/hostedtoolcache/Python/3.11.15/x64/lib/python3.11/site-packages
2026-08-09 02:35:08.100012 [ ERROR ] Error in file '/home/runner/work/engg-robot-testing-framework/engg-robot-testing-framework/resources/auth_keywords.resource' on line 2: Importing library 'playwright_keyword_library.PlaywrightKeywordLibrary' failed: ModuleNotFoundError: No module named 'playwright_keyword_library'
2026-08-09 02:35:08.150149 Traceback (most recent call last):
2026-08-09 02:35:08.200242   None
2026-08-09 02:35:08.250376 PYTHONPATH:
2026-08-09 02:35:08.300472   /opt/hostedtoolcache/Python/3.11.15/x64/bin
2026-08-09 02:35:08.350583   /opt/hostedtoolcache/Python/3.11.15/x64/lib/python311.zip
2026-08-09 02:35:08.400675   /opt/hostedtoolcache/Python/3.11.15/x64/lib/python3.11
2026-08-09 02:35:08.450806   /opt/hostedtoolcache/Python/3.11.15/x64/lib/python3.11/lib-dynload
2026-08-09 02:35:08.500899   /opt/hostedtoolcache/Python/3.11.15/x64/lib/python3.11/site-packages
2026-08-09 02:35:08.551030 [ ERROR ] Error in file '/home/runner/work/engg-robot-testing-framework/engg-robot-testing-framework/resources/common.resource' on line 4: Importing library 'playwright_keyword_library.PlaywrightKeywordLibrary' failed: ModuleNotFoundError: No module named 'playwright_keyword_library'
2026-08-09 02:35:08.601174 Traceback (most recent call last):
2026-08-09 02:35:08.651321   None
2026-08-09 02:35:08.701457 PYTHONPATH:
2026-08-09 02:35:08.751609   /opt/hostedtoolcache/Python/3.11.15/x64/bin
2026-08-09 02:35:08.801722   /opt/hostedtoolcache/Python/3.11.15/x64/lib/python311.zip
2026-08-09 02:35:08.851904   /opt/hostedtoolcache/Python/3.11.15/x64/lib/python3.11
2026-08-09 02:35:08.902070   /opt/hostedtoolcache/Python/3.11.15/x64/lib/python3.11/lib-dynload
2026-08-09 02:35:08.952296   /opt/hostedtoolcache/Python/3.11.15/x64/lib/python3.11/site-packages
2026-08-09 02:35:17.729982 TC04 Logout User                                                      | FAIL |
2026-08-09 02:35:17.758653 Setup failed:
2026-08-09 02:35:17.758672 No keyword with name 'Open Browser' found.
2026-08-09 02:35:17.758688 
2026-08-09 02:35:17.758727 Also teardown failed:
2026-08-09 02:35:17.758739 Several failures occurred:
2026-08-09 02:35:17.758749 
2026-08-09 02:35:17.758759 1) No keyword with name 'Register Keyword To Run On Failure' found.
2026-08-09 02:35:17.758770 
2026-08-09 02:35:17.758781 2) No keyword with name 'Close Browser' found. Did you mean:
2026-08-09 02:35:17.758792     common.Close Test Browser
2026-08-09 02:35:17.758805 ------------------------------------------------------------------------------
2026-08-09 02:35:17.758820 Suites.Auth.TC04 logout user                                          | FAIL |
2026-08-09 02:35:17.759364 1 test, 0 passed, 1 failed
2026-08-09 02:35:17.759375 ==============================================================================
2026-08-09 02:35:17.759384 Suites.Auth                                                           | FAIL |
2026-08-09 02:35:17.759689 1 test, 0 passed, 1 failed
2026-08-09 02:35:17.759719 ==============================================================================
2026-08-09 02:35:17.759729 Suites                                                                | FAIL |
2026-08-09 02:35:17.759999 1 test, 0 passed, 1 failed
2026-08-09 02:35:17.760042 ==============================================================================
2026-08-09 02:35:17.760051 Output:  /home/runner/work/engg-robot-testing-framework/engg-robot-testing-framework/reports/pabot_results/3/output.xml
