2026-09-01 05:29:16.462007 ==============================================================================
2026-09-01 05:29:16.470003 Suites
2026-09-01 05:29:16.470009 ==============================================================================
2026-09-01 05:29:16.470013 Suites.Cart
2026-09-01 05:29:16.470469 ==============================================================================
2026-09-01 05:29:16.470473 Suites.Cart.TC22 add from recommended items :: TC22 - Add To Cart From Reco...
2026-09-01 05:29:16.470473 [ ERROR ] Error in file '/home/runner/work/engg-robot-testing-framework/engg-robot-testing-framework/resources/common.resource' on line 4: Importing library 'playwright_keyword_library.PlaywrightKeywordLibrary' failed: ModuleNotFoundError: No module named 'playwright_keyword_library'
2026-09-01 05:29:16.484279 ==============================================================================
2026-09-01 05:29:16.484279 Traceback (most recent call last):
2026-09-01 05:29:16.484286   None
2026-09-01 05:29:16.534402 PYTHONPATH:
2026-09-01 05:29:16.584509   /opt/hostedtoolcache/Python/3.11.16/x64/bin
2026-09-01 05:29:16.634648   /opt/hostedtoolcache/Python/3.11.16/x64/lib/python311.zip
2026-09-01 05:29:16.684773   /opt/hostedtoolcache/Python/3.11.16/x64/lib/python3.11
2026-09-01 05:29:16.734906   /opt/hostedtoolcache/Python/3.11.16/x64/lib/python3.11/lib-dynload
2026-09-01 05:29:16.785018   /opt/hostedtoolcache/Python/3.11.16/x64/lib/python3.11/site-packages
2026-09-01 05:29:16.835156 [ ERROR ] Error in file '/home/runner/work/engg-robot-testing-framework/engg-robot-testing-framework/resources/cart_keywords.resource' on line 2: Importing library 'playwright_keyword_library.PlaywrightKeywordLibrary' failed: ModuleNotFoundError: No module named 'playwright_keyword_library'
2026-09-01 05:29:16.885271 Traceback (most recent call last):
2026-09-01 05:29:16.935392   None
2026-09-01 05:29:16.985510 PYTHONPATH:
2026-09-01 05:29:17.035681   /opt/hostedtoolcache/Python/3.11.16/x64/bin
2026-09-01 05:29:17.085805   /opt/hostedtoolcache/Python/3.11.16/x64/lib/python311.zip
2026-09-01 05:29:17.135932   /opt/hostedtoolcache/Python/3.11.16/x64/lib/python3.11
2026-09-01 05:29:17.186061   /opt/hostedtoolcache/Python/3.11.16/x64/lib/python3.11/lib-dynload
2026-09-01 05:29:17.236211   /opt/hostedtoolcache/Python/3.11.16/x64/lib/python3.11/site-packages
2026-09-01 05:29:26.454473 TC22 Add To Cart From Recommended Items                               | FAIL |
2026-09-01 05:29:26.491132 Setup failed:
2026-09-01 05:29:26.491139 No keyword with name 'Open Browser' found.
2026-09-01 05:29:26.491143 
2026-09-01 05:29:26.491147 Also teardown failed:
2026-09-01 05:29:26.491150 Several failures occurred:
2026-09-01 05:29:26.491153 
2026-09-01 05:29:26.491157 1) No keyword with name 'Register Keyword To Run On Failure' found.
2026-09-01 05:29:26.491160 
2026-09-01 05:29:26.491164 2) No keyword with name 'Close Browser' found. Did you mean:
2026-09-01 05:29:26.491167     common.Close Test Browser
2026-09-01 05:29:26.491171 ------------------------------------------------------------------------------
2026-09-01 05:29:26.491174 Suites.Cart.TC22 add from recommended items :: TC22 - Add To Cart ... | FAIL |
2026-09-01 05:29:26.491594 1 test, 0 passed, 1 failed
2026-09-01 05:29:26.491598 ==============================================================================
2026-09-01 05:29:26.491601 Suites.Cart                                                           | FAIL |
2026-09-01 05:29:26.491843 1 test, 0 passed, 1 failed
2026-09-01 05:29:26.491847 ==============================================================================
2026-09-01 05:29:26.491850 Suites                                                                | FAIL |
2026-09-01 05:29:26.492032 1 test, 0 passed, 1 failed
2026-09-01 05:29:26.492036 ==============================================================================
2026-09-01 05:29:26.492039 Output:  /home/runner/work/engg-robot-testing-framework/engg-robot-testing-framework/reports/pabot_results/9/output.xml
