2026-05-30 04:35:16.087447 ==============================================================================
2026-05-30 04:35:16.102720 Suites
2026-05-30 04:35:16.102740 ==============================================================================
2026-05-30 04:35:16.102755 Suites.Auth
2026-05-30 04:35:16.103538 ==============================================================================
2026-05-30 04:35:16.203770 Suites.Auth.TC05 register existing email
2026-05-30 04:35:16.221495 ==============================================================================
2026-05-30 04:36:31.724312 TC05 Register User With Existing Email                                | FAIL |
2026-05-30 04:36:31.769995 Element 'xpath=//a[contains(text(),'Logout')]' not visible after 45 seconds.
2026-05-30 04:36:31.770022 ------------------------------------------------------------------------------
2026-05-30 04:36:31.770039 Suites.Auth.TC05 register existing email                              | FAIL |
2026-05-30 04:36:31.770665 1 test, 0 passed, 1 failed
2026-05-30 04:36:31.770727 ==============================================================================
2026-05-30 04:36:31.770744 Suites.Auth                                                           | FAIL |
2026-05-30 04:36:31.771142 1 test, 0 passed, 1 failed
2026-05-30 04:36:31.771203 ==============================================================================
2026-05-30 04:36:31.771221 Suites                                                                | FAIL |
2026-05-30 04:36:31.771521 1 test, 0 passed, 1 failed
2026-05-30 04:36:31.771580 ==============================================================================
2026-05-30 04:36:31.771598 Output:  /home/runner/work/engg-robot-testing-framework/engg-robot-testing-framework/reports/pabot_results/4/output.xml
