2026-08-01 04:03:00.416909 ==============================================================================
2026-08-01 04:03:00.434728 Suites
2026-08-01 04:03:00.434749 ==============================================================================
2026-08-01 04:03:00.434767 Suites.Cart
2026-08-01 04:03:00.435631 ==============================================================================
2026-08-01 04:03:00.435649 Suites.Cart.TC22 add from recommended items :: TC22 - Add To Cart From Reco...
2026-08-01 04:03:00.435649 [ ERROR ] Error in file '/home/runner/work/engg-robot-testing-framework/engg-robot-testing-framework/resources/common.resource' on line 4: Importing library 'playwright_keyword_library.PlaywrightKeywordLibrary' failed: ModuleNotFoundError: No module named 'playwright_keyword_library'
2026-08-01 04:03:00.460201 ==============================================================================
2026-08-01 04:03:00.460201 Traceback (most recent call last):
2026-08-01 04:03:00.460229   None
2026-08-01 04:03:00.510422 PYTHONPATH:
2026-08-01 04:03:00.560552   /opt/hostedtoolcache/Python/3.11.15/x64/bin
2026-08-01 04:03:00.610663   /opt/hostedtoolcache/Python/3.11.15/x64/lib/python311.zip
2026-08-01 04:03:00.660878   /opt/hostedtoolcache/Python/3.11.15/x64/lib/python3.11
2026-08-01 04:03:00.711062   /opt/hostedtoolcache/Python/3.11.15/x64/lib/python3.11/lib-dynload
2026-08-01 04:03:00.761226   /opt/hostedtoolcache/Python/3.11.15/x64/lib/python3.11/site-packages
2026-08-01 04:03:00.811389 [ ERROR ] Error in file '/home/runner/work/engg-robot-testing-framework/engg-robot-testing-framework/resources/cart_keywords.resource' on line 2: Importing library 'playwright_keyword_library.PlaywrightKeywordLibrary' failed: ModuleNotFoundError: No module named 'playwright_keyword_library'
2026-08-01 04:03:00.861566 Traceback (most recent call last):
2026-08-01 04:03:00.911771   None
2026-08-01 04:03:00.962003 PYTHONPATH:
2026-08-01 04:03:01.012176   /opt/hostedtoolcache/Python/3.11.15/x64/bin
2026-08-01 04:03:01.062349   /opt/hostedtoolcache/Python/3.11.15/x64/lib/python311.zip
2026-08-01 04:03:01.112527   /opt/hostedtoolcache/Python/3.11.15/x64/lib/python3.11
2026-08-01 04:03:01.162682   /opt/hostedtoolcache/Python/3.11.15/x64/lib/python3.11/lib-dynload
2026-08-01 04:03:01.212834   /opt/hostedtoolcache/Python/3.11.15/x64/lib/python3.11/site-packages
2026-08-01 04:03:10.438891 TC22 Add To Cart From Recommended Items                               | FAIL |
2026-08-01 04:03:10.471194 Setup failed:
2026-08-01 04:03:10.471218 No keyword with name 'Open Browser' found.
2026-08-01 04:03:10.471233 
2026-08-01 04:03:10.471247 Also teardown failed:
2026-08-01 04:03:10.471260 Several failures occurred:
2026-08-01 04:03:10.471271 
2026-08-01 04:03:10.471282 1) No keyword with name 'Register Keyword To Run On Failure' found.
2026-08-01 04:03:10.471295 
2026-08-01 04:03:10.471306 2) No keyword with name 'Close Browser' found. Did you mean:
2026-08-01 04:03:10.471318     common.Close Test Browser
2026-08-01 04:03:10.471331 ------------------------------------------------------------------------------
2026-08-01 04:03:10.471344 Suites.Cart.TC22 add from recommended items :: TC22 - Add To Cart ... | FAIL |
2026-08-01 04:03:10.471886 1 test, 0 passed, 1 failed
2026-08-01 04:03:10.471904 ==============================================================================
2026-08-01 04:03:10.471917 Suites.Cart                                                           | FAIL |
2026-08-01 04:03:10.472297 1 test, 0 passed, 1 failed
2026-08-01 04:03:10.472323 ==============================================================================
2026-08-01 04:03:10.472382 Suites                                                                | FAIL |
2026-08-01 04:03:10.472667 1 test, 0 passed, 1 failed
2026-08-01 04:03:10.472727 ==============================================================================
2026-08-01 04:03:10.472741 Output:  /home/runner/work/engg-robot-testing-framework/engg-robot-testing-framework/reports/pabot_results/9/output.xml
