2026-09-21 05:17:26.728750 ==============================================================================
2026-09-21 05:17:26.755854 Suites
2026-09-21 05:17:26.755874 ==============================================================================
2026-09-21 05:17:26.755890 Suites.Auth
2026-09-21 05:17:26.756726 ==============================================================================
2026-09-21 05:17:26.756745 Suites.Auth.TC05 register existing email
2026-09-21 05:17:26.756745 [ ERROR ] Error in file '/home/runner/work/engg-robot-testing-framework/engg-robot-testing-framework/tests/auth/TC05_register_existing_email.robot' on line 2: Importing library 'playwright_keyword_library.PlaywrightKeywordLibrary' failed: ModuleNotFoundError: No module named 'playwright_keyword_library'
2026-09-21 05:17:26.775834 ==============================================================================
2026-09-21 05:17:26.775834 Traceback (most recent call last):
2026-09-21 05:17:26.775859   None
2026-09-21 05:17:26.826010 PYTHONPATH:
2026-09-21 05:17:26.876133   /opt/hostedtoolcache/Python/3.11.16/x64/bin
2026-09-21 05:17:26.926280   /opt/hostedtoolcache/Python/3.11.16/x64/lib/python311.zip
2026-09-21 05:17:26.976424   /opt/hostedtoolcache/Python/3.11.16/x64/lib/python3.11
2026-09-21 05:17:27.026585   /opt/hostedtoolcache/Python/3.11.16/x64/lib/python3.11/lib-dynload
2026-09-21 05:17:27.076714   /opt/hostedtoolcache/Python/3.11.16/x64/lib/python3.11/site-packages
2026-09-21 05:17:27.126871 [ ERROR ] Error in file '/home/runner/work/engg-robot-testing-framework/engg-robot-testing-framework/resources/auth_keywords.resource' on line 2: Importing library 'playwright_keyword_library.PlaywrightKeywordLibrary' failed: ModuleNotFoundError: No module named 'playwright_keyword_library'
2026-09-21 05:17:27.176990 Traceback (most recent call last):
2026-09-21 05:17:27.227123   None
2026-09-21 05:17:27.277236 PYTHONPATH:
2026-09-21 05:17:27.327408   /opt/hostedtoolcache/Python/3.11.16/x64/bin
2026-09-21 05:17:27.377532   /opt/hostedtoolcache/Python/3.11.16/x64/lib/python311.zip
2026-09-21 05:17:27.427692   /opt/hostedtoolcache/Python/3.11.16/x64/lib/python3.11
2026-09-21 05:17:27.477798   /opt/hostedtoolcache/Python/3.11.16/x64/lib/python3.11/lib-dynload
2026-09-21 05:17:27.527988   /opt/hostedtoolcache/Python/3.11.16/x64/lib/python3.11/site-packages
2026-09-21 05:17:27.578106 [ ERROR ] Error in file '/home/runner/work/engg-robot-testing-framework/engg-robot-testing-framework/resources/common.resource' on line 4: Importing library 'playwright_keyword_library.PlaywrightKeywordLibrary' failed: ModuleNotFoundError: No module named 'playwright_keyword_library'
2026-09-21 05:17:27.628268 Traceback (most recent call last):
2026-09-21 05:17:27.678370   None
2026-09-21 05:17:27.728493 PYTHONPATH:
2026-09-21 05:17:27.778596   /opt/hostedtoolcache/Python/3.11.16/x64/bin
2026-09-21 05:17:27.828745   /opt/hostedtoolcache/Python/3.11.16/x64/lib/python311.zip
2026-09-21 05:17:27.878853   /opt/hostedtoolcache/Python/3.11.16/x64/lib/python3.11
2026-09-21 05:17:27.929015   /opt/hostedtoolcache/Python/3.11.16/x64/lib/python3.11/lib-dynload
2026-09-21 05:17:27.979128   /opt/hostedtoolcache/Python/3.11.16/x64/lib/python3.11/site-packages
2026-09-21 05:17:36.751311 TC05 Register User With Existing Email                                | FAIL |
2026-09-21 05:17:36.787001 Setup failed:
2026-09-21 05:17:36.787019 No keyword with name 'Open Browser' found.
2026-09-21 05:17:36.787034 
2026-09-21 05:17:36.787049 Also teardown failed:
2026-09-21 05:17:36.787093 Several failures occurred:
2026-09-21 05:17:36.787108 
2026-09-21 05:17:36.787121 1) No keyword with name 'Register Keyword To Run On Failure' found.
2026-09-21 05:17:36.787135 
2026-09-21 05:17:36.787147 2) No keyword with name 'Close Browser' found. Did you mean:
2026-09-21 05:17:36.787159     common.Close Test Browser
2026-09-21 05:17:36.787170 ------------------------------------------------------------------------------
2026-09-21 05:17:36.787181 Suites.Auth.TC05 register existing email                              | FAIL |
2026-09-21 05:17:36.787681 1 test, 0 passed, 1 failed
2026-09-21 05:17:36.787743 ==============================================================================
2026-09-21 05:17:36.787758 Suites.Auth                                                           | FAIL |
2026-09-21 05:17:36.788100 1 test, 0 passed, 1 failed
2026-09-21 05:17:36.788156 ==============================================================================
2026-09-21 05:17:36.788172 Suites                                                                | FAIL |
2026-09-21 05:17:36.788496 1 test, 0 passed, 1 failed
2026-09-21 05:17:36.788557 ==============================================================================
2026-09-21 05:17:36.788572 Output:  /home/runner/work/engg-robot-testing-framework/engg-robot-testing-framework/reports/pabot_results/4/output.xml
