2026-08-01 04:02:29.140914 ==============================================================================
2026-08-01 04:02:29.168090 Suites
2026-08-01 04:02:29.168113 ==============================================================================
2026-08-01 04:02:29.168129 Suites.Auth
2026-08-01 04:02:29.168933 ==============================================================================
2026-08-01 04:02:29.168951 Suites.Auth.TC04 logout user
2026-08-01 04:02:29.168951 [ ERROR ] Error in file '/home/runner/work/engg-robot-testing-framework/engg-robot-testing-framework/tests/auth/TC04_logout_user.robot' on line 2: Importing library 'playwright_keyword_library.PlaywrightKeywordLibrary' failed: ModuleNotFoundError: No module named 'playwright_keyword_library'
2026-08-01 04:02:29.188468 ==============================================================================
2026-08-01 04:02:29.188468 Traceback (most recent call last):
2026-08-01 04:02:29.188496   None
2026-08-01 04:02:29.238668 PYTHONPATH:
2026-08-01 04:02:29.288796   /opt/hostedtoolcache/Python/3.11.15/x64/bin
2026-08-01 04:02:29.338966   /opt/hostedtoolcache/Python/3.11.15/x64/lib/python311.zip
2026-08-01 04:02:29.389115   /opt/hostedtoolcache/Python/3.11.15/x64/lib/python3.11
2026-08-01 04:02:29.439276   /opt/hostedtoolcache/Python/3.11.15/x64/lib/python3.11/lib-dynload
2026-08-01 04:02:29.489429   /opt/hostedtoolcache/Python/3.11.15/x64/lib/python3.11/site-packages
2026-08-01 04:02:29.539566 [ ERROR ] Error in file '/home/runner/work/engg-robot-testing-framework/engg-robot-testing-framework/resources/auth_keywords.resource' on line 2: Importing library 'playwright_keyword_library.PlaywrightKeywordLibrary' failed: ModuleNotFoundError: No module named 'playwright_keyword_library'
2026-08-01 04:02:29.589693 Traceback (most recent call last):
2026-08-01 04:02:29.639847   None
2026-08-01 04:02:29.690147 PYTHONPATH:
2026-08-01 04:02:29.740342   /opt/hostedtoolcache/Python/3.11.15/x64/bin
2026-08-01 04:02:29.790508   /opt/hostedtoolcache/Python/3.11.15/x64/lib/python311.zip
2026-08-01 04:02:29.840693   /opt/hostedtoolcache/Python/3.11.15/x64/lib/python3.11
2026-08-01 04:02:29.890878   /opt/hostedtoolcache/Python/3.11.15/x64/lib/python3.11/lib-dynload
2026-08-01 04:02:29.941072   /opt/hostedtoolcache/Python/3.11.15/x64/lib/python3.11/site-packages
2026-08-01 04:02:29.991250 [ ERROR ] Error in file '/home/runner/work/engg-robot-testing-framework/engg-robot-testing-framework/resources/common.resource' on line 4: Importing library 'playwright_keyword_library.PlaywrightKeywordLibrary' failed: ModuleNotFoundError: No module named 'playwright_keyword_library'
2026-08-01 04:02:30.041451 Traceback (most recent call last):
2026-08-01 04:02:30.091645   None
2026-08-01 04:02:30.141875 PYTHONPATH:
2026-08-01 04:02:30.192027   /opt/hostedtoolcache/Python/3.11.15/x64/bin
2026-08-01 04:02:30.242200   /opt/hostedtoolcache/Python/3.11.15/x64/lib/python311.zip
2026-08-01 04:02:30.292372   /opt/hostedtoolcache/Python/3.11.15/x64/lib/python3.11
2026-08-01 04:02:30.342571   /opt/hostedtoolcache/Python/3.11.15/x64/lib/python3.11/lib-dynload
2026-08-01 04:02:30.392732   /opt/hostedtoolcache/Python/3.11.15/x64/lib/python3.11/site-packages
2026-08-01 04:02:39.167528 TC04 Logout User                                                      | FAIL |
2026-08-01 04:02:39.199057 Setup failed:
2026-08-01 04:02:39.199081 No keyword with name 'Open Browser' found.
2026-08-01 04:02:39.199099 
2026-08-01 04:02:39.199114 Also teardown failed:
2026-08-01 04:02:39.199161 Several failures occurred:
2026-08-01 04:02:39.199179 
2026-08-01 04:02:39.199202 1) No keyword with name 'Register Keyword To Run On Failure' found.
2026-08-01 04:02:39.199220 
2026-08-01 04:02:39.199236 2) No keyword with name 'Close Browser' found. Did you mean:
2026-08-01 04:02:39.199252     common.Close Test Browser
2026-08-01 04:02:39.199268 ------------------------------------------------------------------------------
2026-08-01 04:02:39.199282 Suites.Auth.TC04 logout user                                          | FAIL |
2026-08-01 04:02:39.199661 1 test, 0 passed, 1 failed
2026-08-01 04:02:39.199734 ==============================================================================
2026-08-01 04:02:39.199750 Suites.Auth                                                           | FAIL |
2026-08-01 04:02:39.200151 1 test, 0 passed, 1 failed
2026-08-01 04:02:39.200235 ==============================================================================
2026-08-01 04:02:39.200251 Suites                                                                | FAIL |
2026-08-01 04:02:39.200556 1 test, 0 passed, 1 failed
2026-08-01 04:02:39.200642 ==============================================================================
2026-08-01 04:02:39.200658 Output:  /home/runner/work/engg-robot-testing-framework/engg-robot-testing-framework/reports/pabot_results/3/output.xml
