2026-09-04 04:56:13.168265 ==============================================================================
2026-09-04 04:56:13.181705 Suites
2026-09-04 04:56:13.181726 ==============================================================================
2026-09-04 04:56:13.181741 Suites.Cart
2026-09-04 04:56:13.182525 ==============================================================================
2026-09-04 04:56:13.182543 Suites.Cart.TC22 add from recommended items :: TC22 - Add To Cart From Reco...
2026-09-04 04:56:13.182543 [ ERROR ] Error in file '/home/runner/work/engg-robot-testing-framework/engg-robot-testing-framework/resources/common.resource' on line 4: Importing library 'playwright_keyword_library.PlaywrightKeywordLibrary' failed: ModuleNotFoundError: No module named 'playwright_keyword_library'
2026-09-04 04:56:13.206163 ==============================================================================
2026-09-04 04:56:13.206163 Traceback (most recent call last):
2026-09-04 04:56:13.206188   None
2026-09-04 04:56:13.256293 PYTHONPATH:
2026-09-04 04:56:13.306407   /opt/hostedtoolcache/Python/3.11.16/x64/bin
2026-09-04 04:56:13.356513   /opt/hostedtoolcache/Python/3.11.16/x64/lib/python311.zip
2026-09-04 04:56:13.406630   /opt/hostedtoolcache/Python/3.11.16/x64/lib/python3.11
2026-09-04 04:56:13.456738   /opt/hostedtoolcache/Python/3.11.16/x64/lib/python3.11/lib-dynload
2026-09-04 04:56:13.506852   /opt/hostedtoolcache/Python/3.11.16/x64/lib/python3.11/site-packages
2026-09-04 04:56:13.557007 [ ERROR ] Error in file '/home/runner/work/engg-robot-testing-framework/engg-robot-testing-framework/resources/cart_keywords.resource' on line 2: Importing library 'playwright_keyword_library.PlaywrightKeywordLibrary' failed: ModuleNotFoundError: No module named 'playwright_keyword_library'
2026-09-04 04:56:13.607168 Traceback (most recent call last):
2026-09-04 04:56:13.657333   None
2026-09-04 04:56:13.707480 PYTHONPATH:
2026-09-04 04:56:13.757625   /opt/hostedtoolcache/Python/3.11.16/x64/bin
2026-09-04 04:56:13.807773   /opt/hostedtoolcache/Python/3.11.16/x64/lib/python311.zip
2026-09-04 04:56:13.857927   /opt/hostedtoolcache/Python/3.11.16/x64/lib/python3.11
2026-09-04 04:56:13.908073   /opt/hostedtoolcache/Python/3.11.16/x64/lib/python3.11/lib-dynload
2026-09-04 04:56:13.958221   /opt/hostedtoolcache/Python/3.11.16/x64/lib/python3.11/site-packages
2026-09-04 04:56:23.181168 TC22 Add To Cart From Recommended Items                               | FAIL |
2026-09-04 04:56:23.216456 Setup failed:
2026-09-04 04:56:23.216476 No keyword with name 'Open Browser' found.
2026-09-04 04:56:23.216491 
2026-09-04 04:56:23.216505 Also teardown failed:
2026-09-04 04:56:23.216519 Several failures occurred:
2026-09-04 04:56:23.216532 
2026-09-04 04:56:23.216544 1) No keyword with name 'Register Keyword To Run On Failure' found.
2026-09-04 04:56:23.216563 
2026-09-04 04:56:23.216574 2) No keyword with name 'Close Browser' found. Did you mean:
2026-09-04 04:56:23.216586     common.Close Test Browser
2026-09-04 04:56:23.216598 ------------------------------------------------------------------------------
2026-09-04 04:56:23.216610 Suites.Cart.TC22 add from recommended items :: TC22 - Add To Cart ... | FAIL |
2026-09-04 04:56:23.217154 1 test, 0 passed, 1 failed
2026-09-04 04:56:23.217181 ==============================================================================
2026-09-04 04:56:23.217242 Suites.Cart                                                           | FAIL |
2026-09-04 04:56:23.217588 1 test, 0 passed, 1 failed
2026-09-04 04:56:23.217613 ==============================================================================
2026-09-04 04:56:23.217672 Suites                                                                | FAIL |
2026-09-04 04:56:23.217961 1 test, 0 passed, 1 failed
2026-09-04 04:56:23.217986 ==============================================================================
2026-09-04 04:56:23.218000 Output:  /home/runner/work/engg-robot-testing-framework/engg-robot-testing-framework/reports/pabot_results/9/output.xml
