2026-08-22 01:57:58.897082 ==============================================================================
2026-08-22 01:57:58.916706 Suites
2026-08-22 01:57:58.916725 ==============================================================================
2026-08-22 01:57:58.916740 Suites.Cart
2026-08-22 01:57:58.917603 ==============================================================================
2026-08-22 01:57:58.917622 Suites.Cart.TC22 add from recommended items :: TC22 - Add To Cart From Reco...
2026-08-22 01:57:58.917622 [ ERROR ] Error in file '/home/runner/work/engg-robot-testing-framework/engg-robot-testing-framework/resources/common.resource' on line 4: Importing library 'playwright_keyword_library.PlaywrightKeywordLibrary' failed: ModuleNotFoundError: No module named 'playwright_keyword_library'
2026-08-22 01:57:58.941364 ==============================================================================
2026-08-22 01:57:58.941364 Traceback (most recent call last):
2026-08-22 01:57:58.941391   None
2026-08-22 01:57:58.991543 PYTHONPATH:
2026-08-22 01:57:59.041692   /opt/hostedtoolcache/Python/3.11.16/x64/bin
2026-08-22 01:57:59.091834   /opt/hostedtoolcache/Python/3.11.16/x64/lib/python311.zip
2026-08-22 01:57:59.141975   /opt/hostedtoolcache/Python/3.11.16/x64/lib/python3.11
2026-08-22 01:57:59.192117   /opt/hostedtoolcache/Python/3.11.16/x64/lib/python3.11/lib-dynload
2026-08-22 01:57:59.242289   /opt/hostedtoolcache/Python/3.11.16/x64/lib/python3.11/site-packages
2026-08-22 01:57:59.292488 [ ERROR ] Error in file '/home/runner/work/engg-robot-testing-framework/engg-robot-testing-framework/resources/cart_keywords.resource' on line 2: Importing library 'playwright_keyword_library.PlaywrightKeywordLibrary' failed: ModuleNotFoundError: No module named 'playwright_keyword_library'
2026-08-22 01:57:59.342664 Traceback (most recent call last):
2026-08-22 01:57:59.392821   None
2026-08-22 01:57:59.442982 PYTHONPATH:
2026-08-22 01:57:59.493139   /opt/hostedtoolcache/Python/3.11.16/x64/bin
2026-08-22 01:57:59.543290   /opt/hostedtoolcache/Python/3.11.16/x64/lib/python311.zip
2026-08-22 01:57:59.593447   /opt/hostedtoolcache/Python/3.11.16/x64/lib/python3.11
2026-08-22 01:57:59.643600   /opt/hostedtoolcache/Python/3.11.16/x64/lib/python3.11/lib-dynload
2026-08-22 01:57:59.693764   /opt/hostedtoolcache/Python/3.11.16/x64/lib/python3.11/site-packages
2026-08-22 01:58:08.918267 TC22 Add To Cart From Recommended Items                               | FAIL |
2026-08-22 01:58:08.951969 Setup failed:
2026-08-22 01:58:08.951989 No keyword with name 'Open Browser' found.
2026-08-22 01:58:08.952005 
2026-08-22 01:58:08.952020 Also teardown failed:
2026-08-22 01:58:08.952035 Several failures occurred:
2026-08-22 01:58:08.952048 
2026-08-22 01:58:08.952061 1) No keyword with name 'Register Keyword To Run On Failure' found.
2026-08-22 01:58:08.952079 
2026-08-22 01:58:08.952091 2) No keyword with name 'Close Browser' found. Did you mean:
2026-08-22 01:58:08.952103     common.Close Test Browser
2026-08-22 01:58:08.952115 ------------------------------------------------------------------------------
2026-08-22 01:58:08.952128 Suites.Cart.TC22 add from recommended items :: TC22 - Add To Cart ... | FAIL |
2026-08-22 01:58:08.952658 1 test, 0 passed, 1 failed
2026-08-22 01:58:08.952677 ==============================================================================
2026-08-22 01:58:08.952691 Suites.Cart                                                           | FAIL |
2026-08-22 01:58:08.953099 1 test, 0 passed, 1 failed
2026-08-22 01:58:08.953117 ==============================================================================
2026-08-22 01:58:08.953130 Suites                                                                | FAIL |
2026-08-22 01:58:08.953441 1 test, 0 passed, 1 failed
2026-08-22 01:58:08.953504 ==============================================================================
2026-08-22 01:58:08.953518 Output:  /home/runner/work/engg-robot-testing-framework/engg-robot-testing-framework/reports/pabot_results/9/output.xml
