[INFO]    Initialized logging in reports/pabot_results
[INFO]    Robot Framework remote server at 127.0.0.1:8270 started.
[DEBUG]   2026-05-09 04:03:05.555773 [PID:2384] [0] [ID:0] EXECUTING Suites.Auth.TC01 register user
[DEBUG]   2026-05-09 04:03:05.557648 [PID:2385] [1] [ID:1] EXECUTING Suites.Auth.TC02 login valid
[DEBUG]   2026-05-09 04:03:10.566802 [PID:2384] [0] [ID:0] still running Suites.Auth.TC01 register user after 5.0s
[DEBUG]   2026-05-09 04:03:10.566900 [PID:2385] [1] [ID:1] still running Suites.Auth.TC02 login valid after 5.0s
[DEBUG]   2026-05-09 04:03:20.585592 [PID:2384] [0] [ID:0] still running Suites.Auth.TC01 register user after 15.0s
[DEBUG]   2026-05-09 04:03:20.585819 [PID:2385] [1] [ID:1] still running Suites.Auth.TC02 login valid after 15.0s
[DEBUG]   2026-05-09 04:03:35.610034 [PID:2384] [0] [ID:0] still running Suites.Auth.TC01 register user after 30.0s
[DEBUG]   2026-05-09 04:03:35.610124 [PID:2385] [1] [ID:1] still running Suites.Auth.TC02 login valid after 30.0s
[INFO]    2026-05-09 04:03:45.123619 [PID:2384] [0] [ID:0] PASSED Suites.Auth.TC01 register user in 39.6 seconds
[DEBUG]   2026-05-09 04:03:45.128649 [PID:2881] [0] [ID:2] EXECUTING Suites.Auth.TC03 login invalid
[INFO]    2026-05-09 04:03:48.928968 [PID:2385] [1] [ID:1] PASSED Suites.Auth.TC02 login valid in 43.4 seconds
[DEBUG]   2026-05-09 04:03:48.934766 [PID:3047] [1] [ID:3] EXECUTING Suites.Auth.TC04 logout user
[DEBUG]   2026-05-09 04:03:50.136527 [PID:2881] [0] [ID:2] still running Suites.Auth.TC03 login invalid after 5.0s
[DEBUG]   2026-05-09 04:03:53.940647 [PID:3047] [1] [ID:3] still running Suites.Auth.TC04 logout user after 5.0s
[DEBUG]   2026-05-09 04:04:00.148212 [PID:2881] [0] [ID:2] still running Suites.Auth.TC03 login invalid after 15.0s
[INFO]    2026-05-09 04:04:00.351954 [PID:2881] [0] [ID:2] PASSED Suites.Auth.TC03 login invalid in 15.2 seconds
[DEBUG]   2026-05-09 04:04:00.358016 [PID:3293] [0] [ID:4] EXECUTING Suites.Auth.TC05 register existing email
[DEBUG]   2026-05-09 04:04:03.953449 [PID:3047] [1] [ID:3] still running Suites.Auth.TC04 logout user after 15.0s
[DEBUG]   2026-05-09 04:04:05.365329 [PID:3293] [0] [ID:4] still running Suites.Auth.TC05 register existing email after 5.0s
[DEBUG]   2026-05-09 04:04:15.380239 [PID:3293] [0] [ID:4] still running Suites.Auth.TC05 register existing email after 15.0s
[DEBUG]   2026-05-09 04:04:18.979779 [PID:3047] [1] [ID:3] still running Suites.Auth.TC04 logout user after 30.0s
[INFO]    2026-05-09 04:04:20.785921 [PID:3047] [1] [ID:3] PASSED Suites.Auth.TC04 logout user in 31.9 seconds
[DEBUG]   2026-05-09 04:04:20.793729 [PID:3603] [1] [ID:5] EXECUTING Suites.Cart.TC12 add products to cart
[DEBUG]   2026-05-09 04:04:25.806293 [PID:3603] [1] [ID:5] still running Suites.Cart.TC12 add products to cart after 5.0s
[DEBUG]   2026-05-09 04:04:30.402048 [PID:3293] [0] [ID:4] still running Suites.Auth.TC05 register existing email after 30.0s
[DEBUG]   2026-05-09 04:04:35.818966 [PID:3603] [1] [ID:5] still running Suites.Cart.TC12 add products to cart after 15.0s
[INFO]    2026-05-09 04:04:37.013260 [PID:3293] [0] [ID:4] PASSED Suites.Auth.TC05 register existing email in 36.7 seconds
[DEBUG]   2026-05-09 04:04:37.018374 [PID:3839] [0] [ID:6] EXECUTING Suites.Cart.TC13 verify product quantity
[INFO]    2026-05-09 04:04:39.428662 [PID:3603] [1] [ID:5] PASSED Suites.Cart.TC12 add products to cart in 18.6 seconds
[DEBUG]   2026-05-09 04:04:39.436746 [PID:4000] [1] [ID:7] EXECUTING Suites.Cart.TC17 remove products from cart
[DEBUG]   2026-05-09 04:04:42.026535 [PID:3839] [0] [ID:6] still running Suites.Cart.TC13 verify product quantity after 5.0s
[DEBUG]   2026-05-09 04:04:44.443570 [PID:4000] [1] [ID:7] still running Suites.Cart.TC17 remove products from cart after 5.0s
[INFO]    2026-05-09 04:04:51.040974 [PID:3839] [0] [ID:6] PASSED Suites.Cart.TC13 verify product quantity in 14.0 seconds
[DEBUG]   2026-05-09 04:04:51.046607 [PID:4234] [0] [ID:8] EXECUTING Suites.Cart.TC20 search and verify cart after login
[DEBUG]   2026-05-09 04:04:54.460373 [PID:4000] [1] [ID:7] still running Suites.Cart.TC17 remove products from cart after 15.0s
[DEBUG]   2026-05-09 04:04:56.056535 [PID:4234] [0] [ID:8] still running Suites.Cart.TC20 search and verify cart after login after 5.0s
[INFO]    2026-05-09 04:04:57.971498 [PID:4000] [1] [ID:7] PASSED Suites.Cart.TC17 remove products from cart in 18.5 seconds
[DEBUG]   2026-05-09 04:04:57.977720 [PID:4466] [1] [ID:9] EXECUTING Suites.Cart.TC22 add from recommended items
[DEBUG]   2026-05-09 04:05:02.988428 [PID:4466] [1] [ID:9] still running Suites.Cart.TC22 add from recommended items after 5.0s
[DEBUG]   2026-05-09 04:05:06.075644 [PID:4234] [0] [ID:8] still running Suites.Cart.TC20 search and verify cart after login after 15.0s
[DEBUG]   2026-05-09 04:05:13.003470 [PID:4466] [1] [ID:9] still running Suites.Cart.TC22 add from recommended items after 15.0s
[INFO]    2026-05-09 04:05:15.010969 [PID:4466] [1] [ID:9] PASSED Suites.Cart.TC22 add from recommended items in 17.0 seconds
[DEBUG]   2026-05-09 04:05:21.099769 [PID:4234] [0] [ID:8] still running Suites.Cart.TC20 search and verify cart after login after 30.0s
[DEBUG]   2026-05-09 04:05:41.126768 [PID:4234] [0] [ID:8] still running Suites.Cart.TC20 search and verify cart after login after 50.0s
[DEBUG]   2026-05-09 04:06:06.162460 [PID:4234] [0] [ID:8] still running Suites.Cart.TC20 search and verify cart after login after 75.0s
[INFO]    2026-05-09 04:06:22.186358 [PID:4234] [0] [ID:8] Execution failed in Suites.Cart.TC20 search and verify cart after login with 1 failing test(s)
==============================================================================
Suites
==============================================================================
Suites.Cart
==============================================================================
Suites.Cart.TC20 search and verify cart after login :: TC20 - Search Produc...
==============================================================================
TC20 Search Products And Verify Cart After Login                      | FAIL |
Text 'Account Deleted' did not appear in 1 minute.
------------------------------------------------------------------------------
Suites.Cart.TC20 search and verify cart after login :: TC20 - Sear... | FAIL |
1 test, 0 passed, 1 failed
==============================================================================
Suites.Cart                                                           | FAIL |
1 test, 0 passed, 1 failed
==============================================================================
Suites                                                                | FAIL |
1 test, 0 passed, 1 failed
==============================================================================
Output:  /home/runner/work/engg-robot-testing-framework/engg-robot-testing-framework/reports/pabot_results/8/output.xml

[ WARN ] Native click failed on Delete Account; trying JS click fallback.
[INFO]    10 tests, 9 passed, 1 failed, 0 skipped.
[INFO]    ===================================================
[INFO]    Output:  /home/runner/work/engg-robot-testing-framework/engg-robot-testing-framework/reports/output.xml
[INFO]    Log:     /home/runner/work/engg-robot-testing-framework/engg-robot-testing-framework/reports/log.html
[INFO]    Report:  /home/runner/work/engg-robot-testing-framework/engg-robot-testing-framework/reports/report.html
[DEBUG]   Finalizing Pabot execution...
[DEBUG]   Stopping PabotLib process
[INFO]    Robot Framework remote server at 127.0.0.1:8270 stopped.
[DEBUG]   PabotLib process stopped
[INFO]    Total testing: 5 minutes 26.0 seconds
[INFO]    Elapsed time:  3 minutes 17.21 seconds
[DEBUG]   Logs flushed successfully.
