2026-08-05 03:43:46.363822 ==============================================================================
2026-08-05 03:43:46.387178 Suites
2026-08-05 03:43:46.387202 ==============================================================================
2026-08-05 03:43:46.387218 Suites.Cart
2026-08-05 03:43:46.388020 ==============================================================================
2026-08-05 03:43:46.388039 Suites.Cart.TC20 search and verify cart after login :: TC20 - Search Produc...
2026-08-05 03:43:46.388039 [ ERROR ] Error in file '/home/runner/work/engg-robot-testing-framework/engg-robot-testing-framework/tests/cart/TC20_search_and_verify_cart_after_login.robot' on line 3: Importing library 'playwright_keyword_library.PlaywrightKeywordLibrary' failed: ModuleNotFoundError: No module named 'playwright_keyword_library'
2026-08-05 03:43:46.425512 ==============================================================================
2026-08-05 03:43:46.425512 Traceback (most recent call last):
2026-08-05 03:43:46.425528   None
2026-08-05 03:43:46.475665 PYTHONPATH:
2026-08-05 03:43:46.525776   /opt/hostedtoolcache/Python/3.11.15/x64/bin
2026-08-05 03:43:46.575895   /opt/hostedtoolcache/Python/3.11.15/x64/lib/python311.zip
2026-08-05 03:43:46.626013   /opt/hostedtoolcache/Python/3.11.15/x64/lib/python3.11
2026-08-05 03:43:46.676117   /opt/hostedtoolcache/Python/3.11.15/x64/lib/python3.11/lib-dynload
2026-08-05 03:43:46.726271   /opt/hostedtoolcache/Python/3.11.15/x64/lib/python3.11/site-packages
2026-08-05 03:43:46.776429 [ ERROR ] Error in file '/home/runner/work/engg-robot-testing-framework/engg-robot-testing-framework/resources/common.resource' on line 4: Importing library 'playwright_keyword_library.PlaywrightKeywordLibrary' failed: ModuleNotFoundError: No module named 'playwright_keyword_library'
2026-08-05 03:43:46.826607 Traceback (most recent call last):
2026-08-05 03:43:46.876769   None
2026-08-05 03:43:46.926922 PYTHONPATH:
2026-08-05 03:43:46.977038   /opt/hostedtoolcache/Python/3.11.15/x64/bin
2026-08-05 03:43:47.027189   /opt/hostedtoolcache/Python/3.11.15/x64/lib/python311.zip
2026-08-05 03:43:47.077351   /opt/hostedtoolcache/Python/3.11.15/x64/lib/python3.11
2026-08-05 03:43:47.127509   /opt/hostedtoolcache/Python/3.11.15/x64/lib/python3.11/lib-dynload
2026-08-05 03:43:47.177666   /opt/hostedtoolcache/Python/3.11.15/x64/lib/python3.11/site-packages
2026-08-05 03:43:47.227821 [ ERROR ] Error in file '/home/runner/work/engg-robot-testing-framework/engg-robot-testing-framework/resources/product_keywords.resource' on line 2: Importing library 'playwright_keyword_library.PlaywrightKeywordLibrary' failed: ModuleNotFoundError: No module named 'playwright_keyword_library'
2026-08-05 03:43:47.278031 Traceback (most recent call last):
2026-08-05 03:43:47.328218   None
2026-08-05 03:43:47.378392 PYTHONPATH:
2026-08-05 03:43:47.428562   /opt/hostedtoolcache/Python/3.11.15/x64/bin
2026-08-05 03:43:47.478739   /opt/hostedtoolcache/Python/3.11.15/x64/lib/python311.zip
2026-08-05 03:43:47.528880   /opt/hostedtoolcache/Python/3.11.15/x64/lib/python3.11
2026-08-05 03:43:47.579045   /opt/hostedtoolcache/Python/3.11.15/x64/lib/python3.11/lib-dynload
2026-08-05 03:43:47.629218   /opt/hostedtoolcache/Python/3.11.15/x64/lib/python3.11/site-packages
2026-08-05 03:43:47.679390 [ ERROR ] Error in file '/home/runner/work/engg-robot-testing-framework/engg-robot-testing-framework/resources/cart_keywords.resource' on line 2: Importing library 'playwright_keyword_library.PlaywrightKeywordLibrary' failed: ModuleNotFoundError: No module named 'playwright_keyword_library'
2026-08-05 03:43:47.729564 Traceback (most recent call last):
2026-08-05 03:43:47.779730   None
2026-08-05 03:43:47.829892 PYTHONPATH:
2026-08-05 03:43:47.880057   /opt/hostedtoolcache/Python/3.11.15/x64/bin
2026-08-05 03:43:47.930234   /opt/hostedtoolcache/Python/3.11.15/x64/lib/python311.zip
2026-08-05 03:43:47.980361   /opt/hostedtoolcache/Python/3.11.15/x64/lib/python3.11
2026-08-05 03:43:48.030548   /opt/hostedtoolcache/Python/3.11.15/x64/lib/python3.11/lib-dynload
2026-08-05 03:43:48.080731   /opt/hostedtoolcache/Python/3.11.15/x64/lib/python3.11/site-packages
2026-08-05 03:43:48.130910 [ ERROR ] Error in file '/home/runner/work/engg-robot-testing-framework/engg-robot-testing-framework/resources/auth_keywords.resource' on line 2: Importing library 'playwright_keyword_library.PlaywrightKeywordLibrary' failed: ModuleNotFoundError: No module named 'playwright_keyword_library'
2026-08-05 03:43:48.181078 Traceback (most recent call last):
2026-08-05 03:43:48.231201   None
2026-08-05 03:43:48.281338 PYTHONPATH:
2026-08-05 03:43:48.331528   /opt/hostedtoolcache/Python/3.11.15/x64/bin
2026-08-05 03:43:48.381712   /opt/hostedtoolcache/Python/3.11.15/x64/lib/python311.zip
2026-08-05 03:43:48.431881   /opt/hostedtoolcache/Python/3.11.15/x64/lib/python3.11
2026-08-05 03:43:48.482085   /opt/hostedtoolcache/Python/3.11.15/x64/lib/python3.11/lib-dynload
2026-08-05 03:43:48.532284   /opt/hostedtoolcache/Python/3.11.15/x64/lib/python3.11/site-packages
2026-08-05 03:43:56.404936 TC20 Search Products And Verify Cart After Login                      | FAIL |
2026-08-05 03:43:56.437608 Setup failed:
2026-08-05 03:43:56.437626 No keyword with name 'Open Browser' found.
2026-08-05 03:43:56.437638 
2026-08-05 03:43:56.437650 Also teardown failed:
2026-08-05 03:43:56.437661 Several failures occurred:
2026-08-05 03:43:56.437672 
2026-08-05 03:43:56.437682 1) No keyword with name 'Register Keyword To Run On Failure' found.
2026-08-05 03:43:56.437693 
2026-08-05 03:43:56.437703 2) No keyword with name 'Close Browser' found. Did you mean:
2026-08-05 03:43:56.437714     common.Close Test Browser
2026-08-05 03:43:56.437726 ------------------------------------------------------------------------------
2026-08-05 03:43:56.437737 Suites.Cart.TC20 search and verify cart after login :: TC20 - Sear... | FAIL |
2026-08-05 03:43:56.438294 1 test, 0 passed, 1 failed
2026-08-05 03:43:56.438389 ==============================================================================
2026-08-05 03:43:56.438408 Suites.Cart                                                           | FAIL |
2026-08-05 03:43:56.438767 1 test, 0 passed, 1 failed
2026-08-05 03:43:56.438818 ==============================================================================
2026-08-05 03:43:56.438889 Suites                                                                | FAIL |
2026-08-05 03:43:56.439224 1 test, 0 passed, 1 failed
2026-08-05 03:43:56.439294 ==============================================================================
2026-08-05 03:43:56.439306 Output:  /home/runner/work/engg-robot-testing-framework/engg-robot-testing-framework/reports/pabot_results/8/output.xml
