2026-06-09 04:48:21.459109 ==============================================================================
2026-06-09 04:48:21.481626 Suites
2026-06-09 04:48:21.481640 ==============================================================================
2026-06-09 04:48:21.481649 Suites.Cart
2026-06-09 04:48:21.482769 ==============================================================================
2026-06-09 04:48:21.583027 Suites.Cart.TC12 add products to cart :: TC12 - Add Products In Cart
2026-06-09 04:48:21.616723 ==============================================================================
2026-06-09 04:48:40.571443 TC12 Add Products In Cart                                             | FAIL |
2026-06-09 04:48:40.610662 ElementClickInterceptedException: Message: element click intercepted: Element <a href="/view_cart">...</a> is not clickable at point (945, 242). Other element would receive the click: <iframe id="aswift_2" name="aswift_2" style="min-height: auto !important; max-height: none !important; min-width: auto !important; max-width: none !important; width: 100vw !important; height: 100vh !important; inset: 0px auto auto 0px !important; position: absolute !important; clear: none !important; display: inline !important; float: none !important; margin: 0px !important; opacity: 1 !important; overflow: visible !important; padding: 0px !important; vertical-align: baseline !important; visibility: visible !important; z-index: auto !important;" sandbox="allow-forms allow-popups allow-popups-to-escape-sandbox allow-same-origin allow-scripts allow-top-navigation-by-user-activation" width="" height="" frameborder="0" marginwidth="0" marginheight="0" vspace="0" hspace="0" allowtransparency="true" scrolling="no" allow="attribution-reporting; run-ad-auction" src="https://googleads.g.doubleclick.net/pagead/html/r20260604/r20190131/zrt_lookup.html#RS-0-&amp;adk=1812271808&amp;client=ca-pub-1677597403311019&amp;fa=8&amp;ifi=3&amp;uci=a!3" data-google-container-id="a!3" tabindex="0" title="Advertisement" aria-label="Advertisement" data-google-query-id="CPC0zLGt-ZQDFbNLuAQdEg4EVQ" data-load-complete="true"></iframe>
2026-06-09 04:48:40.610682   (Session info: chrome=148.0.7778.178)
2026-06-09 04:48:40.610691     [ Message content over the limit has been removed. ]
2026-06-09 04:48:40.610699 #1 0x555c95d726b9 <unknown>
2026-06-09 04:48:40.610706 #2 0x555c95dcd57b <unknown>
2026-06-09 04:48:40.610712 #3 0x555c95dcb662 <unknown>
2026-06-09 04:48:40.610718 #4 0x555c95dc904c <unknown>
2026-06-09 04:48:40.610724 #5 0x555c95dc8147 <unknown>
2026-06-09 04:48:40.610731 #6 0x555c95dbc142 <unknown>
2026-06-09 04:48:40.610737 #7 0x555c95dbba87 <unknown>
2026-06-09 04:48:40.610743 #8 0x555c95e0ecbf <unknown>
2026-06-09 04:48:40.610749 #9 0x555c95dba222 <unknown>
2026-06-09 04:48:40.610755 #10 0x555c95dbb011 <unknown>
2026-06-09 04:48:40.610761 #11 0x555c9633aa0b <unknown>
2026-06-09 04:48:40.610767 #12 0x555c9633d92d <unknown>
2026-06-09 04:48:40.610773 #13 0x555c96327948 <unknown>
2026-06-09 04:48:40.610778 #14 0x555c9633e4c0 <unknown>
2026-06-09 04:48:40.610785 #15 0x555c9630e560 <unknown>
2026-06-09 04:48:40.610790 #16 0x555c96361dd8 <unknown>
2026-06-09 04:48:40.610796 #17 0x555c96361f75 <unknown>
2026-06-09 04:48:40.610802 #18 0x555c96373bce <unknown>
2026-06-09 04:48:40.610808 #19 0x7f0e93c9caa4 <unknown>
2026-06-09 04:48:40.610814 #20 0x7f0e93d29c6c <unknown>
2026-06-09 04:48:40.610820 ------------------------------------------------------------------------------
2026-06-09 04:48:40.610826 Suites.Cart.TC12 add products to cart :: TC12 - Add Products In Cart  | FAIL |
2026-06-09 04:48:40.611687 1 test, 0 passed, 1 failed
2026-06-09 04:48:40.611739 ==============================================================================
2026-06-09 04:48:40.611748 Suites.Cart                                                           | FAIL |
2026-06-09 04:48:40.612353 1 test, 0 passed, 1 failed
2026-06-09 04:48:40.612389 ==============================================================================
2026-06-09 04:48:40.612397 Suites                                                                | FAIL |
2026-06-09 04:48:40.612834 1 test, 0 passed, 1 failed
2026-06-09 04:48:40.612914 ==============================================================================
2026-06-09 04:48:40.612930 Output:  /home/runner/work/engg-robot-testing-framework/engg-robot-testing-framework/reports/pabot_results/5/output.xml
