[INFO]    Initialized logging in reports/pabot_results
[INFO]    Robot Framework remote server at 127.0.0.1:8270 started.
[DEBUG]   2026-05-13 04:29:35.578352 [PID:2339] [0] [ID:0] EXECUTING Suites.Auth.TC01 register user
[DEBUG]   2026-05-13 04:29:35.580679 [PID:2340] [1] [ID:1] EXECUTING Suites.Auth.TC02 login valid
[DEBUG]   2026-05-13 04:29:40.591924 [PID:2340] [1] [ID:1] still running Suites.Auth.TC02 login valid after 5.0s
[DEBUG]   2026-05-13 04:29:40.592899 [PID:2339] [0] [ID:0] still running Suites.Auth.TC01 register user after 5.0s
[DEBUG]   2026-05-13 04:29:50.611170 [PID:2339] [0] [ID:0] still running Suites.Auth.TC01 register user after 15.0s
[DEBUG]   2026-05-13 04:29:50.619260 [PID:2340] [1] [ID:1] still running Suites.Auth.TC02 login valid after 15.0s
[DEBUG]   2026-05-13 04:30:05.634005 [PID:2339] [0] [ID:0] still running Suites.Auth.TC01 register user after 30.0s
[DEBUG]   2026-05-13 04:30:05.640500 [PID:2340] [1] [ID:1] still running Suites.Auth.TC02 login valid after 30.0s
[INFO]    2026-05-13 04:30:10.843202 [PID:2339] [0] [ID:0] PASSED Suites.Auth.TC01 register user in 35.3 seconds
[DEBUG]   2026-05-13 04:30:10.848027 [PID:2870] [0] [ID:2] EXECUTING Suites.Auth.TC03 login invalid
[DEBUG]   2026-05-13 04:30:15.854365 [PID:2870] [0] [ID:2] still running Suites.Auth.TC03 login invalid after 5.0s
[DEBUG]   2026-05-13 04:30:25.666391 [PID:2340] [1] [ID:1] still running Suites.Auth.TC02 login valid after 50.0s
[DEBUG]   2026-05-13 04:30:25.865728 [PID:2870] [0] [ID:2] still running Suites.Auth.TC03 login invalid after 15.0s
[INFO]    2026-05-13 04:30:26.169286 [PID:2870] [0] [ID:2] PASSED Suites.Auth.TC03 login invalid in 15.3 seconds
[DEBUG]   2026-05-13 04:30:26.174107 [PID:3129] [1] [ID:3] EXECUTING Suites.Auth.TC04 logout user
[DEBUG]   2026-05-13 04:30:31.180832 [PID:3129] [1] [ID:3] still running Suites.Auth.TC04 logout user after 5.0s
[DEBUG]   2026-05-13 04:30:41.192354 [PID:3129] [1] [ID:3] still running Suites.Auth.TC04 logout user after 15.0s
[DEBUG]   2026-05-13 04:30:50.692801 [PID:2340] [1] [ID:1] still running Suites.Auth.TC02 login valid after 75.0s
[INFO]    2026-05-13 04:30:55.000515 [PID:2340] [1] [ID:1] Execution failed in Suites.Auth.TC02 login valid with 1 failing test(s)
==============================================================================
Suites
==============================================================================
Suites.Auth
==============================================================================
Suites.Auth.TC02 login valid
==============================================================================
TC02 Login User With Correct Email And Password                       | FAIL |
Element 'xpath=//a[contains(text(),'Logout')]' not visible after 45 seconds.
------------------------------------------------------------------------------
Suites.Auth.TC02 login valid                                          | FAIL |
1 test, 0 passed, 1 failed
==============================================================================
Suites.Auth                                                           | FAIL |
1 test, 0 passed, 1 failed
==============================================================================
Suites                                                                | FAIL |
1 test, 0 passed, 1 failed
==============================================================================
Output:  /home/runner/work/engg-robot-testing-framework/engg-robot-testing-framework/reports/pabot_results/1/output.xml
[DEBUG]   2026-05-13 04:30:55.004929 [PID:3382] [0] [ID:4] EXECUTING Suites.Auth.TC05 register existing email
[DEBUG]   2026-05-13 04:30:56.212846 [PID:3129] [1] [ID:3] still running Suites.Auth.TC04 logout user after 30.0s
[DEBUG]   2026-05-13 04:31:00.019510 [PID:3382] [0] [ID:4] still running Suites.Auth.TC05 register existing email after 5.0s
[DEBUG]   2026-05-13 04:31:10.032455 [PID:3382] [0] [ID:4] still running Suites.Auth.TC05 register existing email after 15.0s
[DEBUG]   2026-05-13 04:31:16.240811 [PID:3129] [1] [ID:3] still running Suites.Auth.TC04 logout user after 50.0s
[DEBUG]   2026-05-13 04:31:25.051687 [PID:3382] [0] [ID:4] still running Suites.Auth.TC05 register existing email after 30.0s
[INFO]    2026-05-13 04:31:29.359311 [PID:3382] [0] [ID:4] PASSED Suites.Auth.TC05 register existing email in 34.4 seconds
[DEBUG]   2026-05-13 04:31:29.364303 [PID:3735] [1] [ID:5] EXECUTING Suites.Cart.TC12 add products to cart
[DEBUG]   2026-05-13 04:31:34.374015 [PID:3735] [1] [ID:5] still running Suites.Cart.TC12 add products to cart after 5.0s
[INFO]    2026-05-13 04:31:40.675163 [PID:3129] [1] [ID:3] Execution failed in Suites.Auth.TC04 logout user with 1 failing test(s)
==============================================================================
Suites
==============================================================================
Suites.Auth
==============================================================================
Suites.Auth.TC04 logout user
==============================================================================
TC04 Logout User                                                      | FAIL |
Element 'css=li a b' did not appear in 45 seconds.
------------------------------------------------------------------------------
Suites.Auth.TC04 logout user                                          | FAIL |
1 test, 0 passed, 1 failed
==============================================================================
Suites.Auth                                                           | FAIL |
1 test, 0 passed, 1 failed
==============================================================================
Suites                                                                | FAIL |
1 test, 0 passed, 1 failed
==============================================================================
Output:  /home/runner/work/engg-robot-testing-framework/engg-robot-testing-framework/reports/pabot_results/3/output.xml
[DEBUG]   2026-05-13 04:31:40.679473 [PID:4004] [0] [ID:6] EXECUTING Suites.Cart.TC13 verify product quantity
[DEBUG]   2026-05-13 04:31:44.386462 [PID:3735] [1] [ID:5] still running Suites.Cart.TC12 add products to cart after 15.0s
[DEBUG]   2026-05-13 04:31:45.690331 [PID:4004] [0] [ID:6] still running Suites.Cart.TC13 verify product quantity after 5.0s
[INFO]    2026-05-13 04:31:46.393777 [PID:3735] [1] [ID:5] PASSED Suites.Cart.TC12 add products to cart in 17.0 seconds
[DEBUG]   2026-05-13 04:31:46.398317 [PID:4249] [1] [ID:7] EXECUTING Suites.Cart.TC17 remove products from cart
[DEBUG]   2026-05-13 04:31:51.404927 [PID:4249] [1] [ID:7] still running Suites.Cart.TC17 remove products from cart after 5.0s
[INFO]    2026-05-13 04:31:54.706451 [PID:4004] [0] [ID:6] PASSED Suites.Cart.TC13 verify product quantity in 14.0 seconds
[DEBUG]   2026-05-13 04:31:54.711056 [PID:4485] [0] [ID:8] EXECUTING Suites.Cart.TC20 search and verify cart after login
[DEBUG]   2026-05-13 04:31:59.717434 [PID:4485] [0] [ID:8] still running Suites.Cart.TC20 search and verify cart after login after 5.0s
[DEBUG]   2026-05-13 04:32:01.416890 [PID:4249] [1] [ID:7] still running Suites.Cart.TC17 remove products from cart after 15.0s
[INFO]    2026-05-13 04:32:03.922581 [PID:4249] [1] [ID:7] PASSED Suites.Cart.TC17 remove products from cart in 17.5 seconds
[DEBUG]   2026-05-13 04:32:03.926940 [PID:4720] [1] [ID:9] EXECUTING Suites.Cart.TC22 add from recommended items
[DEBUG]   2026-05-13 04:32:08.934456 [PID:4720] [1] [ID:9] still running Suites.Cart.TC22 add from recommended items after 5.0s
[DEBUG]   2026-05-13 04:32:09.737927 [PID:4485] [0] [ID:8] still running Suites.Cart.TC20 search and verify cart after login after 15.0s
[DEBUG]   2026-05-13 04:32:18.950544 [PID:4720] [1] [ID:9] still running Suites.Cart.TC22 add from recommended items after 15.0s
[INFO]    2026-05-13 04:32:20.055291 [PID:4720] [1] [ID:9] PASSED Suites.Cart.TC22 add from recommended items in 16.1 seconds
[DEBUG]   2026-05-13 04:32:24.761723 [PID:4485] [0] [ID:8] still running Suites.Cart.TC20 search and verify cart after login after 30.0s
[INFO]    2026-05-13 04:32:30.473365 [PID:4485] [0] [ID:8] PASSED Suites.Cart.TC20 search and verify cart after login in 35.8 seconds
[INFO]    10 tests, 8 passed, 2 failed, 0 skipped.
[INFO]    ===================================================
[INFO]    Output:  /home/runner/work/engg-robot-testing-framework/engg-robot-testing-framework/reports/output.xml
[INFO]    Log:     /home/runner/work/engg-robot-testing-framework/engg-robot-testing-framework/reports/log.html
[INFO]    Report:  /home/runner/work/engg-robot-testing-framework/engg-robot-testing-framework/reports/report.html
[DEBUG]   Finalizing Pabot execution...
[DEBUG]   Stopping PabotLib process
[INFO]    Robot Framework remote server at 127.0.0.1:8270 stopped.
[DEBUG]   PabotLib process stopped
[INFO]    Total testing: 5 minutes 39.30 seconds
[INFO]    Elapsed time:  2 minutes 55.47 seconds
[DEBUG]   Logs flushed successfully.
