2026-07-01 05:05:28.583240 ==============================================================================
2026-07-01 05:05:28.596545 Suites
2026-07-01 05:05:28.596564 ==============================================================================
2026-07-01 05:05:28.596577 Suites.Auth
2026-07-01 05:05:28.597388 ==============================================================================
2026-07-01 05:05:28.597406 Suites.Auth.TC04 logout user
2026-07-01 05:05:28.597406 [ ERROR ] Error in file '/home/runner/work/engg-robot-testing-framework/engg-robot-testing-framework/tests/auth/TC04_logout_user.robot' on line 2: Importing library 'playwright_keyword_library.PlaywrightKeywordLibrary' failed: ModuleNotFoundError: No module named 'playwright_keyword_library'
2026-07-01 05:05:28.614196 ==============================================================================
2026-07-01 05:05:28.614196 Traceback (most recent call last):
2026-07-01 05:05:28.614217   None
2026-07-01 05:05:28.664338 PYTHONPATH:
2026-07-01 05:05:28.714491   /opt/hostedtoolcache/Python/3.11.15/x64/bin
2026-07-01 05:05:28.764635   /opt/hostedtoolcache/Python/3.11.15/x64/lib/python311.zip
2026-07-01 05:05:28.814785   /opt/hostedtoolcache/Python/3.11.15/x64/lib/python3.11
2026-07-01 05:05:28.864925   /opt/hostedtoolcache/Python/3.11.15/x64/lib/python3.11/lib-dynload
2026-07-01 05:05:28.915071   /opt/hostedtoolcache/Python/3.11.15/x64/lib/python3.11/site-packages
2026-07-01 05:05:28.965223 [ ERROR ] Error in file '/home/runner/work/engg-robot-testing-framework/engg-robot-testing-framework/resources/auth_keywords.resource' on line 2: Importing library 'playwright_keyword_library.PlaywrightKeywordLibrary' failed: ModuleNotFoundError: No module named 'playwright_keyword_library'
2026-07-01 05:05:29.015380 Traceback (most recent call last):
2026-07-01 05:05:29.065522   None
2026-07-01 05:05:29.115635 PYTHONPATH:
2026-07-01 05:05:29.165776   /opt/hostedtoolcache/Python/3.11.15/x64/bin
2026-07-01 05:05:29.215921   /opt/hostedtoolcache/Python/3.11.15/x64/lib/python311.zip
2026-07-01 05:05:29.266063   /opt/hostedtoolcache/Python/3.11.15/x64/lib/python3.11
2026-07-01 05:05:29.316177   /opt/hostedtoolcache/Python/3.11.15/x64/lib/python3.11/lib-dynload
2026-07-01 05:05:29.366318   /opt/hostedtoolcache/Python/3.11.15/x64/lib/python3.11/site-packages
2026-07-01 05:05:29.416467 [ ERROR ] Error in file '/home/runner/work/engg-robot-testing-framework/engg-robot-testing-framework/resources/common.resource' on line 4: Importing library 'playwright_keyword_library.PlaywrightKeywordLibrary' failed: ModuleNotFoundError: No module named 'playwright_keyword_library'
2026-07-01 05:05:29.466615 Traceback (most recent call last):
2026-07-01 05:05:29.516754   None
2026-07-01 05:05:29.566901 PYTHONPATH:
2026-07-01 05:05:29.617042   /opt/hostedtoolcache/Python/3.11.15/x64/bin
2026-07-01 05:05:29.667181   /opt/hostedtoolcache/Python/3.11.15/x64/lib/python311.zip
2026-07-01 05:05:29.717322   /opt/hostedtoolcache/Python/3.11.15/x64/lib/python3.11
2026-07-01 05:05:29.767465   /opt/hostedtoolcache/Python/3.11.15/x64/lib/python3.11/lib-dynload
2026-07-01 05:05:29.817615   /opt/hostedtoolcache/Python/3.11.15/x64/lib/python3.11/site-packages
2026-07-01 05:05:38.591361 TC04 Logout User                                                      | FAIL |
2026-07-01 05:05:38.623429 Setup failed:
2026-07-01 05:05:38.623446 No keyword with name 'Open Browser' found.
2026-07-01 05:05:38.623459 
2026-07-01 05:05:38.623470 Also teardown failed:
2026-07-01 05:05:38.623481 Several failures occurred:
2026-07-01 05:05:38.623492 
2026-07-01 05:05:38.623504 1) No keyword with name 'Register Keyword To Run On Failure' found.
2026-07-01 05:05:38.623515 
2026-07-01 05:05:38.623525 2) No keyword with name 'Close Browser' found. Did you mean:
2026-07-01 05:05:38.623535     common.Close Test Browser
2026-07-01 05:05:38.623545 ------------------------------------------------------------------------------
2026-07-01 05:05:38.623554 Suites.Auth.TC04 logout user                                          | FAIL |
2026-07-01 05:05:38.624070 1 test, 0 passed, 1 failed
2026-07-01 05:05:38.624131 ==============================================================================
2026-07-01 05:05:38.624144 Suites.Auth                                                           | FAIL |
2026-07-01 05:05:38.624447 1 test, 0 passed, 1 failed
2026-07-01 05:05:38.624505 ==============================================================================
2026-07-01 05:05:38.624518 Suites                                                                | FAIL |
2026-07-01 05:05:38.624766 1 test, 0 passed, 1 failed
2026-07-01 05:05:38.624786 ==============================================================================
2026-07-01 05:05:38.624839 Output:  /home/runner/work/engg-robot-testing-framework/engg-robot-testing-framework/reports/pabot_results/3/output.xml
