2026-09-10 05:03:39.397544 ==============================================================================
2026-09-10 05:03:39.417264 Suites
2026-09-10 05:03:39.417351 ==============================================================================
2026-09-10 05:03:39.417369 Suites.Cart
2026-09-10 05:03:39.418201 ==============================================================================
2026-09-10 05:03:39.418219 Suites.Cart.TC12 add products to cart :: TC12 - Add Products In Cart
2026-09-10 05:03:39.418219 [ ERROR ] Error in file '/home/runner/work/engg-robot-testing-framework/engg-robot-testing-framework/resources/common.resource' on line 4: Importing library 'playwright_keyword_library.PlaywrightKeywordLibrary' failed: ModuleNotFoundError: No module named 'playwright_keyword_library'
2026-09-10 05:03:39.448901 ==============================================================================
2026-09-10 05:03:39.448901 Traceback (most recent call last):
2026-09-10 05:03:39.448917   None
2026-09-10 05:03:39.499024 PYTHONPATH:
2026-09-10 05:03:39.549118   /opt/hostedtoolcache/Python/3.11.16/x64/bin
2026-09-10 05:03:39.599213   /opt/hostedtoolcache/Python/3.11.16/x64/lib/python311.zip
2026-09-10 05:03:39.649309   /opt/hostedtoolcache/Python/3.11.16/x64/lib/python3.11
2026-09-10 05:03:39.699413   /opt/hostedtoolcache/Python/3.11.16/x64/lib/python3.11/lib-dynload
2026-09-10 05:03:39.749510   /opt/hostedtoolcache/Python/3.11.16/x64/lib/python3.11/site-packages
2026-09-10 05:03:39.799608 [ ERROR ] Error in file '/home/runner/work/engg-robot-testing-framework/engg-robot-testing-framework/resources/product_keywords.resource' on line 2: Importing library 'playwright_keyword_library.PlaywrightKeywordLibrary' failed: ModuleNotFoundError: No module named 'playwright_keyword_library'
2026-09-10 05:03:39.849743 Traceback (most recent call last):
2026-09-10 05:03:39.899851   None
2026-09-10 05:03:39.949946 PYTHONPATH:
2026-09-10 05:03:40.000069   /opt/hostedtoolcache/Python/3.11.16/x64/bin
2026-09-10 05:03:40.050215   /opt/hostedtoolcache/Python/3.11.16/x64/lib/python311.zip
2026-09-10 05:03:40.100374   /opt/hostedtoolcache/Python/3.11.16/x64/lib/python3.11
2026-09-10 05:03:40.150526   /opt/hostedtoolcache/Python/3.11.16/x64/lib/python3.11/lib-dynload
2026-09-10 05:03:40.200674   /opt/hostedtoolcache/Python/3.11.16/x64/lib/python3.11/site-packages
2026-09-10 05:03:40.250825 [ ERROR ] Error in file '/home/runner/work/engg-robot-testing-framework/engg-robot-testing-framework/resources/cart_keywords.resource' on line 2: Importing library 'playwright_keyword_library.PlaywrightKeywordLibrary' failed: ModuleNotFoundError: No module named 'playwright_keyword_library'
2026-09-10 05:03:40.300974 Traceback (most recent call last):
2026-09-10 05:03:40.351126   None
2026-09-10 05:03:40.401276 PYTHONPATH:
2026-09-10 05:03:40.451426   /opt/hostedtoolcache/Python/3.11.16/x64/bin
2026-09-10 05:03:40.501575   /opt/hostedtoolcache/Python/3.11.16/x64/lib/python311.zip
2026-09-10 05:03:40.551733   /opt/hostedtoolcache/Python/3.11.16/x64/lib/python3.11
2026-09-10 05:03:40.601883   /opt/hostedtoolcache/Python/3.11.16/x64/lib/python3.11/lib-dynload
2026-09-10 05:03:40.652029   /opt/hostedtoolcache/Python/3.11.16/x64/lib/python3.11/site-packages
2026-09-10 05:03:49.422872 TC12 Add Products In Cart                                             | FAIL |
2026-09-10 05:03:49.459985 Setup failed:
2026-09-10 05:03:49.460009 No keyword with name 'Open Browser' found.
2026-09-10 05:03:49.460050 
2026-09-10 05:03:49.460063 Also teardown failed:
2026-09-10 05:03:49.460076 Several failures occurred:
2026-09-10 05:03:49.460086 
2026-09-10 05:03:49.460097 1) No keyword with name 'Register Keyword To Run On Failure' found.
2026-09-10 05:03:49.460109 
2026-09-10 05:03:49.460119 2) No keyword with name 'Close Browser' found. Did you mean:
2026-09-10 05:03:49.460131     common.Close Test Browser
2026-09-10 05:03:49.460143 ------------------------------------------------------------------------------
2026-09-10 05:03:49.460154 Suites.Cart.TC12 add products to cart :: TC12 - Add Products In Cart  | FAIL |
2026-09-10 05:03:49.460636 1 test, 0 passed, 1 failed
2026-09-10 05:03:49.460693 ==============================================================================
2026-09-10 05:03:49.460705 Suites.Cart                                                           | FAIL |
2026-09-10 05:03:49.461077 1 test, 0 passed, 1 failed
2026-09-10 05:03:49.461120 ==============================================================================
2026-09-10 05:03:49.461133 Suites                                                                | FAIL |
2026-09-10 05:03:49.461461 1 test, 0 passed, 1 failed
2026-09-10 05:03:49.461530 ==============================================================================
2026-09-10 05:03:49.461542 Output:  /home/runner/work/engg-robot-testing-framework/engg-robot-testing-framework/reports/pabot_results/5/output.xml
