2026-09-15 05:09:11.849347 ==============================================================================
2026-09-15 05:09:11.888888 Suites
2026-09-15 05:09:11.888910 ==============================================================================
2026-09-15 05:09:11.888925 Suites.Auth
2026-09-15 05:09:11.889515 ==============================================================================
2026-09-15 05:09:11.889527 Suites.Auth.TC02 login valid
2026-09-15 05:09:11.889527 [ ERROR ] Error in file '/home/runner/work/engg-robot-testing-framework/engg-robot-testing-framework/tests/auth/TC02_login_valid.robot' on line 2: Importing library 'playwright_keyword_library.PlaywrightKeywordLibrary' failed: ModuleNotFoundError: No module named 'playwright_keyword_library'
2026-09-15 05:09:11.904832 ==============================================================================
2026-09-15 05:09:11.904832 Traceback (most recent call last):
2026-09-15 05:09:11.904852   None
2026-09-15 05:09:11.954979 PYTHONPATH:
2026-09-15 05:09:12.005145   /opt/hostedtoolcache/Python/3.11.16/x64/bin
2026-09-15 05:09:12.055275   /opt/hostedtoolcache/Python/3.11.16/x64/lib/python311.zip
2026-09-15 05:09:12.105435   /opt/hostedtoolcache/Python/3.11.16/x64/lib/python3.11
2026-09-15 05:09:12.155554   /opt/hostedtoolcache/Python/3.11.16/x64/lib/python3.11/lib-dynload
2026-09-15 05:09:12.205704   /opt/hostedtoolcache/Python/3.11.16/x64/lib/python3.11/site-packages
2026-09-15 05:09:12.255805 [ ERROR ] Error in file '/home/runner/work/engg-robot-testing-framework/engg-robot-testing-framework/resources/auth_keywords.resource' on line 2: Importing library 'playwright_keyword_library.PlaywrightKeywordLibrary' failed: ModuleNotFoundError: No module named 'playwright_keyword_library'
2026-09-15 05:09:12.305963 Traceback (most recent call last):
2026-09-15 05:09:12.356079   None
2026-09-15 05:09:12.406274 PYTHONPATH:
2026-09-15 05:09:12.456404   /opt/hostedtoolcache/Python/3.11.16/x64/bin
2026-09-15 05:09:12.506541   /opt/hostedtoolcache/Python/3.11.16/x64/lib/python311.zip
2026-09-15 05:09:12.556678   /opt/hostedtoolcache/Python/3.11.16/x64/lib/python3.11
2026-09-15 05:09:12.606810   /opt/hostedtoolcache/Python/3.11.16/x64/lib/python3.11/lib-dynload
2026-09-15 05:09:12.656955   /opt/hostedtoolcache/Python/3.11.16/x64/lib/python3.11/site-packages
2026-09-15 05:09:12.707129 [ ERROR ] Error in file '/home/runner/work/engg-robot-testing-framework/engg-robot-testing-framework/resources/common.resource' on line 4: Importing library 'playwright_keyword_library.PlaywrightKeywordLibrary' failed: ModuleNotFoundError: No module named 'playwright_keyword_library'
2026-09-15 05:09:12.757272 Traceback (most recent call last):
2026-09-15 05:09:12.807438   None
2026-09-15 05:09:12.857576 PYTHONPATH:
2026-09-15 05:09:12.907775   /opt/hostedtoolcache/Python/3.11.16/x64/bin
2026-09-15 05:09:12.957919   /opt/hostedtoolcache/Python/3.11.16/x64/lib/python311.zip
2026-09-15 05:09:13.008101   /opt/hostedtoolcache/Python/3.11.16/x64/lib/python3.11
2026-09-15 05:09:13.058234   /opt/hostedtoolcache/Python/3.11.16/x64/lib/python3.11/lib-dynload
2026-09-15 05:09:13.108410   /opt/hostedtoolcache/Python/3.11.16/x64/lib/python3.11/site-packages
2026-09-15 05:09:21.880397 TC02 Login User With Correct Email And Password                       | FAIL |
2026-09-15 05:09:21.913699 Setup failed:
2026-09-15 05:09:21.913712 No keyword with name 'Open Browser' found.
2026-09-15 05:09:21.913718 
2026-09-15 05:09:21.913723 Also teardown failed:
2026-09-15 05:09:21.913729 Several failures occurred:
2026-09-15 05:09:21.913734 
2026-09-15 05:09:21.913763 1) No keyword with name 'Register Keyword To Run On Failure' found.
2026-09-15 05:09:21.913789 
2026-09-15 05:09:21.913794 2) No keyword with name 'Close Browser' found. Did you mean:
2026-09-15 05:09:21.913800     common.Close Test Browser
2026-09-15 05:09:21.913805 ------------------------------------------------------------------------------
2026-09-15 05:09:21.913810 Suites.Auth.TC02 login valid                                          | FAIL |
2026-09-15 05:09:21.914210 1 test, 0 passed, 1 failed
2026-09-15 05:09:21.914252 ==============================================================================
2026-09-15 05:09:21.914259 Suites.Auth                                                           | FAIL |
2026-09-15 05:09:21.914670 1 test, 0 passed, 1 failed
2026-09-15 05:09:21.914729 ==============================================================================
2026-09-15 05:09:21.914735 Suites                                                                | FAIL |
2026-09-15 05:09:21.914959 1 test, 0 passed, 1 failed
2026-09-15 05:09:21.915007 ==============================================================================
2026-09-15 05:09:21.915012 Output:  /home/runner/work/engg-robot-testing-framework/engg-robot-testing-framework/reports/pabot_results/1/output.xml
