2026-08-31 05:55:27.579861 ==============================================================================
2026-08-31 05:55:27.604875 Suites
2026-08-31 05:55:27.604892 ==============================================================================
2026-08-31 05:55:27.604907 Suites.Auth
2026-08-31 05:55:27.605748 ==============================================================================
2026-08-31 05:55:27.605769 Suites.Auth.TC03 login invalid
2026-08-31 05:55:27.605769 [ ERROR ] Error in file '/home/runner/work/engg-robot-testing-framework/engg-robot-testing-framework/tests/auth/TC03_login_invalid.robot' on line 2: Importing library 'playwright_keyword_library.PlaywrightKeywordLibrary' failed: ModuleNotFoundError: No module named 'playwright_keyword_library'
2026-08-31 05:55:27.622506 ==============================================================================
2026-08-31 05:55:27.622506 Traceback (most recent call last):
2026-08-31 05:55:27.622525   None
2026-08-31 05:55:27.672613 PYTHONPATH:
2026-08-31 05:55:27.722727   /opt/hostedtoolcache/Python/3.11.16/x64/bin
2026-08-31 05:55:27.772889   /opt/hostedtoolcache/Python/3.11.16/x64/lib/python311.zip
2026-08-31 05:55:27.823026   /opt/hostedtoolcache/Python/3.11.16/x64/lib/python3.11
2026-08-31 05:55:27.873159   /opt/hostedtoolcache/Python/3.11.16/x64/lib/python3.11/lib-dynload
2026-08-31 05:55:27.923296   /opt/hostedtoolcache/Python/3.11.16/x64/lib/python3.11/site-packages
2026-08-31 05:55:27.973433 [ ERROR ] Error in file '/home/runner/work/engg-robot-testing-framework/engg-robot-testing-framework/resources/auth_keywords.resource' on line 2: Importing library 'playwright_keyword_library.PlaywrightKeywordLibrary' failed: ModuleNotFoundError: No module named 'playwright_keyword_library'
2026-08-31 05:55:28.023581 Traceback (most recent call last):
2026-08-31 05:55:28.073719   None
2026-08-31 05:55:28.123853 PYTHONPATH:
2026-08-31 05:55:28.173989   /opt/hostedtoolcache/Python/3.11.16/x64/bin
2026-08-31 05:55:28.224126   /opt/hostedtoolcache/Python/3.11.16/x64/lib/python311.zip
2026-08-31 05:55:28.274261   /opt/hostedtoolcache/Python/3.11.16/x64/lib/python3.11
2026-08-31 05:55:28.324408   /opt/hostedtoolcache/Python/3.11.16/x64/lib/python3.11/lib-dynload
2026-08-31 05:55:28.374547   /opt/hostedtoolcache/Python/3.11.16/x64/lib/python3.11/site-packages
2026-08-31 05:55:28.424750 [ ERROR ] Error in file '/home/runner/work/engg-robot-testing-framework/engg-robot-testing-framework/resources/common.resource' on line 4: Importing library 'playwright_keyword_library.PlaywrightKeywordLibrary' failed: ModuleNotFoundError: No module named 'playwright_keyword_library'
2026-08-31 05:55:28.475019 Traceback (most recent call last):
2026-08-31 05:55:28.525227   None
2026-08-31 05:55:28.575481 PYTHONPATH:
2026-08-31 05:55:28.625666   /opt/hostedtoolcache/Python/3.11.16/x64/bin
2026-08-31 05:55:28.675869   /opt/hostedtoolcache/Python/3.11.16/x64/lib/python311.zip
2026-08-31 05:55:28.726071   /opt/hostedtoolcache/Python/3.11.16/x64/lib/python3.11
2026-08-31 05:55:28.776317   /opt/hostedtoolcache/Python/3.11.16/x64/lib/python3.11/lib-dynload
2026-08-31 05:55:28.826531   /opt/hostedtoolcache/Python/3.11.16/x64/lib/python3.11/site-packages
2026-08-31 05:55:37.601129 TC03 Login User With Incorrect Email And Password                     | FAIL |
2026-08-31 05:55:37.631956 Setup failed:
2026-08-31 05:55:37.631973 No keyword with name 'Open Browser' found.
2026-08-31 05:55:37.631987 
2026-08-31 05:55:37.631999 Also teardown failed:
2026-08-31 05:55:37.632010 Several failures occurred:
2026-08-31 05:55:37.632021 
2026-08-31 05:55:37.632038 1) No keyword with name 'Register Keyword To Run On Failure' found.
2026-08-31 05:55:37.632050 
2026-08-31 05:55:37.632060 2) No keyword with name 'Close Browser' found. Did you mean:
2026-08-31 05:55:37.632070     common.Close Test Browser
2026-08-31 05:55:37.632081 ------------------------------------------------------------------------------
2026-08-31 05:55:37.632091 Suites.Auth.TC03 login invalid                                        | FAIL |
2026-08-31 05:55:37.632714 1 test, 0 passed, 1 failed
2026-08-31 05:55:37.632725 ==============================================================================
2026-08-31 05:55:37.632752 Suites.Auth                                                           | FAIL |
2026-08-31 05:55:37.633038 1 test, 0 passed, 1 failed
2026-08-31 05:55:37.633054 ==============================================================================
2026-08-31 05:55:37.633066 Suites                                                                | FAIL |
2026-08-31 05:55:37.633345 1 test, 0 passed, 1 failed
2026-08-31 05:55:37.633362 ==============================================================================
2026-08-31 05:55:37.633405 Output:  /home/runner/work/engg-robot-testing-framework/engg-robot-testing-framework/reports/pabot_results/2/output.xml
