2026-08-17 13:10:30.493009 ==============================================================================
2026-08-17 13:10:30.505058 Suites
2026-08-17 13:10:30.505078 ==============================================================================
2026-08-17 13:10:30.505091 Suites.Auth
2026-08-17 13:10:30.505837 ==============================================================================
2026-08-17 13:10:30.505854 Suites.Auth.TC03 login invalid
2026-08-17 13:10:30.505854 [ ERROR ] Error in file '/home/runner/work/engg-robot-testing-framework/engg-robot-testing-framework/tests/auth/TC03_login_invalid.robot' on line 2: Importing library 'playwright_keyword_library.PlaywrightKeywordLibrary' failed: ModuleNotFoundError: No module named 'playwright_keyword_library'
2026-08-17 13:10:30.523086 ==============================================================================
2026-08-17 13:10:30.523086 Traceback (most recent call last):
2026-08-17 13:10:30.523112   None
2026-08-17 13:10:30.573247 PYTHONPATH:
2026-08-17 13:10:30.623456   /opt/hostedtoolcache/Python/3.11.15/x64/bin
2026-08-17 13:10:30.673619   /opt/hostedtoolcache/Python/3.11.15/x64/lib/python311.zip
2026-08-17 13:10:30.723817   /opt/hostedtoolcache/Python/3.11.15/x64/lib/python3.11
2026-08-17 13:10:30.773990   /opt/hostedtoolcache/Python/3.11.15/x64/lib/python3.11/lib-dynload
2026-08-17 13:10:30.824173   /opt/hostedtoolcache/Python/3.11.15/x64/lib/python3.11/site-packages
2026-08-17 13:10:30.874322 [ ERROR ] Error in file '/home/runner/work/engg-robot-testing-framework/engg-robot-testing-framework/resources/auth_keywords.resource' on line 2: Importing library 'playwright_keyword_library.PlaywrightKeywordLibrary' failed: ModuleNotFoundError: No module named 'playwright_keyword_library'
2026-08-17 13:10:30.924546 Traceback (most recent call last):
2026-08-17 13:10:30.974721   None
2026-08-17 13:10:31.024904 PYTHONPATH:
2026-08-17 13:10:31.075068   /opt/hostedtoolcache/Python/3.11.15/x64/bin
2026-08-17 13:10:31.125249   /opt/hostedtoolcache/Python/3.11.15/x64/lib/python311.zip
2026-08-17 13:10:31.175431   /opt/hostedtoolcache/Python/3.11.15/x64/lib/python3.11
2026-08-17 13:10:31.225613   /opt/hostedtoolcache/Python/3.11.15/x64/lib/python3.11/lib-dynload
2026-08-17 13:10:31.275779   /opt/hostedtoolcache/Python/3.11.15/x64/lib/python3.11/site-packages
2026-08-17 13:10:31.325962 [ ERROR ] Error in file '/home/runner/work/engg-robot-testing-framework/engg-robot-testing-framework/resources/common.resource' on line 4: Importing library 'playwright_keyword_library.PlaywrightKeywordLibrary' failed: ModuleNotFoundError: No module named 'playwright_keyword_library'
2026-08-17 13:10:31.376108 Traceback (most recent call last):
2026-08-17 13:10:31.426286   None
2026-08-17 13:10:31.476454 PYTHONPATH:
2026-08-17 13:10:31.526638   /opt/hostedtoolcache/Python/3.11.15/x64/bin
2026-08-17 13:10:31.576838   /opt/hostedtoolcache/Python/3.11.15/x64/lib/python311.zip
2026-08-17 13:10:31.627048   /opt/hostedtoolcache/Python/3.11.15/x64/lib/python3.11
2026-08-17 13:10:31.677225   /opt/hostedtoolcache/Python/3.11.15/x64/lib/python3.11/lib-dynload
2026-08-17 13:10:31.727432   /opt/hostedtoolcache/Python/3.11.15/x64/lib/python3.11/site-packages
2026-08-17 13:10:40.503179 TC03 Login User With Incorrect Email And Password                     | FAIL |
2026-08-17 13:10:40.532748 Setup failed:
2026-08-17 13:10:40.532766 No keyword with name 'Open Browser' found.
2026-08-17 13:10:40.532779 
2026-08-17 13:10:40.532790 Also teardown failed:
2026-08-17 13:10:40.532800 Several failures occurred:
2026-08-17 13:10:40.532811 
2026-08-17 13:10:40.532826 1) No keyword with name 'Register Keyword To Run On Failure' found.
2026-08-17 13:10:40.532838 
2026-08-17 13:10:40.532847 2) No keyword with name 'Close Browser' found. Did you mean:
2026-08-17 13:10:40.532859     common.Close Test Browser
2026-08-17 13:10:40.532870 ------------------------------------------------------------------------------
2026-08-17 13:10:40.532880 Suites.Auth.TC03 login invalid                                        | FAIL |
2026-08-17 13:10:40.533309 1 test, 0 passed, 1 failed
2026-08-17 13:10:40.533392 ==============================================================================
2026-08-17 13:10:40.533406 Suites.Auth                                                           | FAIL |
2026-08-17 13:10:40.533700 1 test, 0 passed, 1 failed
2026-08-17 13:10:40.533721 ==============================================================================
2026-08-17 13:10:40.533769 Suites                                                                | FAIL |
2026-08-17 13:10:40.534027 1 test, 0 passed, 1 failed
2026-08-17 13:10:40.534047 ==============================================================================
2026-08-17 13:10:40.534098 Output:  /home/runner/work/engg-robot-testing-framework/engg-robot-testing-framework/reports/pabot_results/2/output.xml
