2026-09-06 04:57:32.913291 ==============================================================================
2026-09-06 04:57:32.936777 Suites
2026-09-06 04:57:32.936799 ==============================================================================
2026-09-06 04:57:32.936815 Suites.Auth
2026-09-06 04:57:32.937667 ==============================================================================
2026-09-06 04:57:32.937687 Suites.Auth.TC05 register existing email
2026-09-06 04:57:32.937687 [ ERROR ] Error in file '/home/runner/work/engg-robot-testing-framework/engg-robot-testing-framework/tests/auth/TC05_register_existing_email.robot' on line 2: Importing library 'playwright_keyword_library.PlaywrightKeywordLibrary' failed: ModuleNotFoundError: No module named 'playwright_keyword_library'
2026-09-06 04:57:32.956877 ==============================================================================
2026-09-06 04:57:32.956877 Traceback (most recent call last):
2026-09-06 04:57:32.956903   None
2026-09-06 04:57:33.007013 PYTHONPATH:
2026-09-06 04:57:33.057123   /opt/hostedtoolcache/Python/3.11.16/x64/bin
2026-09-06 04:57:33.107241   /opt/hostedtoolcache/Python/3.11.16/x64/lib/python311.zip
2026-09-06 04:57:33.157350   /opt/hostedtoolcache/Python/3.11.16/x64/lib/python3.11
2026-09-06 04:57:33.207454   /opt/hostedtoolcache/Python/3.11.16/x64/lib/python3.11/lib-dynload
2026-09-06 04:57:33.257586   /opt/hostedtoolcache/Python/3.11.16/x64/lib/python3.11/site-packages
2026-09-06 04:57:33.307760 [ ERROR ] Error in file '/home/runner/work/engg-robot-testing-framework/engg-robot-testing-framework/resources/auth_keywords.resource' on line 2: Importing library 'playwright_keyword_library.PlaywrightKeywordLibrary' failed: ModuleNotFoundError: No module named 'playwright_keyword_library'
2026-09-06 04:57:33.357896 Traceback (most recent call last):
2026-09-06 04:57:33.408059   None
2026-09-06 04:57:33.458212 PYTHONPATH:
2026-09-06 04:57:33.508363   /opt/hostedtoolcache/Python/3.11.16/x64/bin
2026-09-06 04:57:33.558526   /opt/hostedtoolcache/Python/3.11.16/x64/lib/python311.zip
2026-09-06 04:57:33.608670   /opt/hostedtoolcache/Python/3.11.16/x64/lib/python3.11
2026-09-06 04:57:33.658810   /opt/hostedtoolcache/Python/3.11.16/x64/lib/python3.11/lib-dynload
2026-09-06 04:57:33.708988   /opt/hostedtoolcache/Python/3.11.16/x64/lib/python3.11/site-packages
2026-09-06 04:57:33.759176 [ ERROR ] Error in file '/home/runner/work/engg-robot-testing-framework/engg-robot-testing-framework/resources/common.resource' on line 4: Importing library 'playwright_keyword_library.PlaywrightKeywordLibrary' failed: ModuleNotFoundError: No module named 'playwright_keyword_library'
2026-09-06 04:57:33.809348 Traceback (most recent call last):
2026-09-06 04:57:33.859522   None
2026-09-06 04:57:33.909680 PYTHONPATH:
2026-09-06 04:57:33.959838   /opt/hostedtoolcache/Python/3.11.16/x64/bin
2026-09-06 04:57:34.009989   /opt/hostedtoolcache/Python/3.11.16/x64/lib/python311.zip
2026-09-06 04:57:34.060149   /opt/hostedtoolcache/Python/3.11.16/x64/lib/python3.11
2026-09-06 04:57:34.110303   /opt/hostedtoolcache/Python/3.11.16/x64/lib/python3.11/lib-dynload
2026-09-06 04:57:34.160460   /opt/hostedtoolcache/Python/3.11.16/x64/lib/python3.11/site-packages
2026-09-06 04:57:42.932822 TC05 Register User With Existing Email                                | FAIL |
2026-09-06 04:57:42.967194 Setup failed:
2026-09-06 04:57:42.967210 No keyword with name 'Open Browser' found.
2026-09-06 04:57:42.967220 
2026-09-06 04:57:42.967229 Also teardown failed:
2026-09-06 04:57:42.967238 Several failures occurred:
2026-09-06 04:57:42.967246 
2026-09-06 04:57:42.967255 1) No keyword with name 'Register Keyword To Run On Failure' found.
2026-09-06 04:57:42.967263 
2026-09-06 04:57:42.967271 2) No keyword with name 'Close Browser' found. Did you mean:
2026-09-06 04:57:42.967280     common.Close Test Browser
2026-09-06 04:57:42.967288 ------------------------------------------------------------------------------
2026-09-06 04:57:42.967294 Suites.Auth.TC05 register existing email                              | FAIL |
2026-09-06 04:57:42.967840 1 test, 0 passed, 1 failed
2026-09-06 04:57:42.967853 ==============================================================================
2026-09-06 04:57:42.967861 Suites.Auth                                                           | FAIL |
2026-09-06 04:57:42.968278 1 test, 0 passed, 1 failed
2026-09-06 04:57:42.968334 ==============================================================================
2026-09-06 04:57:42.968343 Suites                                                                | FAIL |
2026-09-06 04:57:42.968613 1 test, 0 passed, 1 failed
2026-09-06 04:57:42.968669 ==============================================================================
2026-09-06 04:57:42.968677 Output:  /home/runner/work/engg-robot-testing-framework/engg-robot-testing-framework/reports/pabot_results/4/output.xml
