2026-09-07 05:03:50.727904 ==============================================================================
2026-09-07 05:03:50.747425 Suites
2026-09-07 05:03:50.747447 ==============================================================================
2026-09-07 05:03:50.747463 Suites.Cart
2026-09-07 05:03:50.748323 ==============================================================================
2026-09-07 05:03:50.748342 Suites.Cart.TC13 verify product quantity :: TC13 - Verify Product Quantity ...
2026-09-07 05:03:50.748342 [ ERROR ] Error in file '/home/runner/work/engg-robot-testing-framework/engg-robot-testing-framework/resources/common.resource' on line 4: Importing library 'playwright_keyword_library.PlaywrightKeywordLibrary' failed: ModuleNotFoundError: No module named 'playwright_keyword_library'
2026-09-07 05:03:50.778972 ==============================================================================
2026-09-07 05:03:50.778972 Traceback (most recent call last):
2026-09-07 05:03:50.778997   None
2026-09-07 05:03:50.829121 PYTHONPATH:
2026-09-07 05:03:50.879233   /opt/hostedtoolcache/Python/3.11.16/x64/bin
2026-09-07 05:03:50.929363   /opt/hostedtoolcache/Python/3.11.16/x64/lib/python311.zip
2026-09-07 05:03:50.979475   /opt/hostedtoolcache/Python/3.11.16/x64/lib/python3.11
2026-09-07 05:03:51.029591   /opt/hostedtoolcache/Python/3.11.16/x64/lib/python3.11/lib-dynload
2026-09-07 05:03:51.079709   /opt/hostedtoolcache/Python/3.11.16/x64/lib/python3.11/site-packages
2026-09-07 05:03:51.129872 [ ERROR ] Error in file '/home/runner/work/engg-robot-testing-framework/engg-robot-testing-framework/resources/product_keywords.resource' on line 2: Importing library 'playwright_keyword_library.PlaywrightKeywordLibrary' failed: ModuleNotFoundError: No module named 'playwright_keyword_library'
2026-09-07 05:03:51.180016 Traceback (most recent call last):
2026-09-07 05:03:51.230197   None
2026-09-07 05:03:51.280336 PYTHONPATH:
2026-09-07 05:03:51.330486   /opt/hostedtoolcache/Python/3.11.16/x64/bin
2026-09-07 05:03:51.380619   /opt/hostedtoolcache/Python/3.11.16/x64/lib/python311.zip
2026-09-07 05:03:51.430783   /opt/hostedtoolcache/Python/3.11.16/x64/lib/python3.11
2026-09-07 05:03:51.480925   /opt/hostedtoolcache/Python/3.11.16/x64/lib/python3.11/lib-dynload
2026-09-07 05:03:51.531091   /opt/hostedtoolcache/Python/3.11.16/x64/lib/python3.11/site-packages
2026-09-07 05:03:51.581232 [ ERROR ] Error in file '/home/runner/work/engg-robot-testing-framework/engg-robot-testing-framework/resources/cart_keywords.resource' on line 2: Importing library 'playwright_keyword_library.PlaywrightKeywordLibrary' failed: ModuleNotFoundError: No module named 'playwright_keyword_library'
2026-09-07 05:03:51.631393 Traceback (most recent call last):
2026-09-07 05:03:51.681541   None
2026-09-07 05:03:51.731695 PYTHONPATH:
2026-09-07 05:03:51.781853   /opt/hostedtoolcache/Python/3.11.16/x64/bin
2026-09-07 05:03:51.832011   /opt/hostedtoolcache/Python/3.11.16/x64/lib/python311.zip
2026-09-07 05:03:51.882122   /opt/hostedtoolcache/Python/3.11.16/x64/lib/python3.11
2026-09-07 05:03:51.932272   /opt/hostedtoolcache/Python/3.11.16/x64/lib/python3.11/lib-dynload
2026-09-07 05:03:51.982414   /opt/hostedtoolcache/Python/3.11.16/x64/lib/python3.11/site-packages
2026-09-07 05:04:00.757193 TC13 Verify Product Quantity In Cart                                  | FAIL |
2026-09-07 05:04:00.790752 Setup failed:
2026-09-07 05:04:00.790764 No keyword with name 'Open Browser' found.
2026-09-07 05:04:00.790772 
2026-09-07 05:04:00.790778 Also teardown failed:
2026-09-07 05:04:00.790785 Several failures occurred:
2026-09-07 05:04:00.790792 
2026-09-07 05:04:00.790798 1) No keyword with name 'Register Keyword To Run On Failure' found.
2026-09-07 05:04:00.790805 
2026-09-07 05:04:00.790811 2) No keyword with name 'Close Browser' found. Did you mean:
2026-09-07 05:04:00.790818     common.Close Test Browser
2026-09-07 05:04:00.790824 ------------------------------------------------------------------------------
2026-09-07 05:04:00.790830 Suites.Cart.TC13 verify product quantity :: TC13 - Verify Product ... | FAIL |
2026-09-07 05:04:00.791769 1 test, 0 passed, 1 failed
2026-09-07 05:04:00.791777 ==============================================================================
2026-09-07 05:04:00.791784 Suites.Cart                                                           | FAIL |
2026-09-07 05:04:00.792303 1 test, 0 passed, 1 failed
2026-09-07 05:04:00.792364 ==============================================================================
2026-09-07 05:04:00.792372 Suites                                                                | FAIL |
2026-09-07 05:04:00.792803 1 test, 0 passed, 1 failed
2026-09-07 05:04:00.792861 ==============================================================================
2026-09-07 05:04:00.792869 Output:  /home/runner/work/engg-robot-testing-framework/engg-robot-testing-framework/reports/pabot_results/6/output.xml
