2026-09-30 05:49:24.605913 ==============================================================================
2026-09-30 05:49:24.647836 Suites
2026-09-30 05:49:24.647867 ==============================================================================
2026-09-30 05:49:24.647960 Suites.Auth
2026-09-30 05:49:24.648937 ==============================================================================
2026-09-30 05:49:24.648956 Suites.Auth.TC01 register user
2026-09-30 05:49:24.648956 [ ERROR ] Error in file '/home/runner/work/engg-robot-testing-framework/engg-robot-testing-framework/tests/auth/TC01_register_user.robot' on line 2: Importing library 'playwright_keyword_library.PlaywrightKeywordLibrary' failed: ModuleNotFoundError: No module named 'playwright_keyword_library'
2026-09-30 05:49:24.668428 ==============================================================================
2026-09-30 05:49:24.668428 Traceback (most recent call last):
2026-09-30 05:49:24.668449   None
2026-09-30 05:49:24.718582 PYTHONPATH:
2026-09-30 05:49:24.768710   /opt/hostedtoolcache/Python/3.11.16/x64/bin
2026-09-30 05:49:24.818860   /opt/hostedtoolcache/Python/3.11.16/x64/lib/python311.zip
2026-09-30 05:49:24.868978   /opt/hostedtoolcache/Python/3.11.16/x64/lib/python3.11
2026-09-30 05:49:24.919102   /opt/hostedtoolcache/Python/3.11.16/x64/lib/python3.11/lib-dynload
2026-09-30 05:49:24.969263   /opt/hostedtoolcache/Python/3.11.16/x64/lib/python3.11/site-packages
2026-09-30 05:49:25.019445 [ ERROR ] Error in file '/home/runner/work/engg-robot-testing-framework/engg-robot-testing-framework/resources/auth_keywords.resource' on line 2: Importing library 'playwright_keyword_library.PlaywrightKeywordLibrary' failed: ModuleNotFoundError: No module named 'playwright_keyword_library'
2026-09-30 05:49:25.069639 Traceback (most recent call last):
2026-09-30 05:49:25.119870   None
2026-09-30 05:49:25.170025 PYTHONPATH:
2026-09-30 05:49:25.220237   /opt/hostedtoolcache/Python/3.11.16/x64/bin
2026-09-30 05:49:25.270422   /opt/hostedtoolcache/Python/3.11.16/x64/lib/python311.zip
2026-09-30 05:49:25.320585   /opt/hostedtoolcache/Python/3.11.16/x64/lib/python3.11
2026-09-30 05:49:25.370759   /opt/hostedtoolcache/Python/3.11.16/x64/lib/python3.11/lib-dynload
2026-09-30 05:49:25.420956   /opt/hostedtoolcache/Python/3.11.16/x64/lib/python3.11/site-packages
2026-09-30 05:49:25.471146 [ ERROR ] Error in file '/home/runner/work/engg-robot-testing-framework/engg-robot-testing-framework/resources/common.resource' on line 4: Importing library 'playwright_keyword_library.PlaywrightKeywordLibrary' failed: ModuleNotFoundError: No module named 'playwright_keyword_library'
2026-09-30 05:49:25.521346 Traceback (most recent call last):
2026-09-30 05:49:25.571516   None
2026-09-30 05:49:25.621691 PYTHONPATH:
2026-09-30 05:49:25.671860   /opt/hostedtoolcache/Python/3.11.16/x64/bin
2026-09-30 05:49:25.722052   /opt/hostedtoolcache/Python/3.11.16/x64/lib/python311.zip
2026-09-30 05:49:25.772226   /opt/hostedtoolcache/Python/3.11.16/x64/lib/python3.11
2026-09-30 05:49:25.822396   /opt/hostedtoolcache/Python/3.11.16/x64/lib/python3.11/lib-dynload
2026-09-30 05:49:25.872542   /opt/hostedtoolcache/Python/3.11.16/x64/lib/python3.11/site-packages
2026-09-30 05:49:34.647048 TC01 Register User                                                    | FAIL |
2026-09-30 05:49:34.678426 Setup failed:
2026-09-30 05:49:34.678456 No keyword with name 'Open Browser' found.
2026-09-30 05:49:34.678477 
2026-09-30 05:49:34.678498 Also teardown failed:
2026-09-30 05:49:34.678517 Several failures occurred:
2026-09-30 05:49:34.678534 
2026-09-30 05:49:34.678552 1) No keyword with name 'Register Keyword To Run On Failure' found.
2026-09-30 05:49:34.678570 
2026-09-30 05:49:34.678587 2) No keyword with name 'Close Browser' found. Did you mean:
2026-09-30 05:49:34.678606     common.Close Test Browser
2026-09-30 05:49:34.678623 ------------------------------------------------------------------------------
2026-09-30 05:49:34.678688 Suites.Auth.TC01 register user                                        | FAIL |
2026-09-30 05:49:34.679150 1 test, 0 passed, 1 failed
2026-09-30 05:49:34.679175 ==============================================================================
2026-09-30 05:49:34.679256 Suites.Auth                                                           | FAIL |
2026-09-30 05:49:34.679606 1 test, 0 passed, 1 failed
2026-09-30 05:49:34.679624 ==============================================================================
2026-09-30 05:49:34.679639 Suites                                                                | FAIL |
2026-09-30 05:49:34.680022 1 test, 0 passed, 1 failed
2026-09-30 05:49:34.680040 ==============================================================================
2026-09-30 05:49:34.680053 Output:  /home/runner/work/engg-robot-testing-framework/engg-robot-testing-framework/reports/pabot_results/0/output.xml
