2026-09-30 05:49:35.032240 ==============================================================================
2026-09-30 05:49:35.059472 Suites
2026-09-30 05:49:35.059493 ==============================================================================
2026-09-30 05:49:35.059510 Suites.Auth
2026-09-30 05:49:35.060472 ==============================================================================
2026-09-30 05:49:35.060491 Suites.Auth.TC04 logout user
2026-09-30 05:49:35.060491 [ ERROR ] Error in file '/home/runner/work/engg-robot-testing-framework/engg-robot-testing-framework/tests/auth/TC04_logout_user.robot' on line 2: Importing library 'playwright_keyword_library.PlaywrightKeywordLibrary' failed: ModuleNotFoundError: No module named 'playwright_keyword_library'
2026-09-30 05:49:35.080512 ==============================================================================
2026-09-30 05:49:35.080512 Traceback (most recent call last):
2026-09-30 05:49:35.080535   None
2026-09-30 05:49:35.130680 PYTHONPATH:
2026-09-30 05:49:35.180754   /opt/hostedtoolcache/Python/3.11.16/x64/bin
2026-09-30 05:49:35.230888   /opt/hostedtoolcache/Python/3.11.16/x64/lib/python311.zip
2026-09-30 05:49:35.281036   /opt/hostedtoolcache/Python/3.11.16/x64/lib/python3.11
2026-09-30 05:49:35.331168   /opt/hostedtoolcache/Python/3.11.16/x64/lib/python3.11/lib-dynload
2026-09-30 05:49:35.381289   /opt/hostedtoolcache/Python/3.11.16/x64/lib/python3.11/site-packages
2026-09-30 05:49:35.431442 [ ERROR ] Error in file '/home/runner/work/engg-robot-testing-framework/engg-robot-testing-framework/resources/auth_keywords.resource' on line 2: Importing library 'playwright_keyword_library.PlaywrightKeywordLibrary' failed: ModuleNotFoundError: No module named 'playwright_keyword_library'
2026-09-30 05:49:35.481614 Traceback (most recent call last):
2026-09-30 05:49:35.531768   None
2026-09-30 05:49:35.581915 PYTHONPATH:
2026-09-30 05:49:35.632026   /opt/hostedtoolcache/Python/3.11.16/x64/bin
2026-09-30 05:49:35.682159   /opt/hostedtoolcache/Python/3.11.16/x64/lib/python311.zip
2026-09-30 05:49:35.732311   /opt/hostedtoolcache/Python/3.11.16/x64/lib/python3.11
2026-09-30 05:49:35.782469   /opt/hostedtoolcache/Python/3.11.16/x64/lib/python3.11/lib-dynload
2026-09-30 05:49:35.832619   /opt/hostedtoolcache/Python/3.11.16/x64/lib/python3.11/site-packages
2026-09-30 05:49:35.882755 [ ERROR ] Error in file '/home/runner/work/engg-robot-testing-framework/engg-robot-testing-framework/resources/common.resource' on line 4: Importing library 'playwright_keyword_library.PlaywrightKeywordLibrary' failed: ModuleNotFoundError: No module named 'playwright_keyword_library'
2026-09-30 05:49:35.932893 Traceback (most recent call last):
2026-09-30 05:49:35.983085   None
2026-09-30 05:49:36.033252 PYTHONPATH:
2026-09-30 05:49:36.083368   /opt/hostedtoolcache/Python/3.11.16/x64/bin
2026-09-30 05:49:36.133512   /opt/hostedtoolcache/Python/3.11.16/x64/lib/python311.zip
2026-09-30 05:49:36.183650   /opt/hostedtoolcache/Python/3.11.16/x64/lib/python3.11
2026-09-30 05:49:36.233808   /opt/hostedtoolcache/Python/3.11.16/x64/lib/python3.11/lib-dynload
2026-09-30 05:49:36.283961   /opt/hostedtoolcache/Python/3.11.16/x64/lib/python3.11/site-packages
2026-09-30 05:49:45.059422 TC04 Logout User                                                      | FAIL |
2026-09-30 05:49:45.091412 Setup failed:
2026-09-30 05:49:45.091425 No keyword with name 'Open Browser' found.
2026-09-30 05:49:45.091433 
2026-09-30 05:49:45.091440 Also teardown failed:
2026-09-30 05:49:45.091449 Several failures occurred:
2026-09-30 05:49:45.091458 
2026-09-30 05:49:45.091467 1) No keyword with name 'Register Keyword To Run On Failure' found.
2026-09-30 05:49:45.091476 
2026-09-30 05:49:45.091483 2) No keyword with name 'Close Browser' found. Did you mean:
2026-09-30 05:49:45.091491     common.Close Test Browser
2026-09-30 05:49:45.091499 ------------------------------------------------------------------------------
2026-09-30 05:49:45.091507 Suites.Auth.TC04 logout user                                          | FAIL |
2026-09-30 05:49:45.092180 1 test, 0 passed, 1 failed
2026-09-30 05:49:45.092259 ==============================================================================
2026-09-30 05:49:45.092270 Suites.Auth                                                           | FAIL |
2026-09-30 05:49:45.092655 1 test, 0 passed, 1 failed
2026-09-30 05:49:45.092719 ==============================================================================
2026-09-30 05:49:45.092728 Suites                                                                | FAIL |
2026-09-30 05:49:45.093106 1 test, 0 passed, 1 failed
2026-09-30 05:49:45.093164 ==============================================================================
2026-09-30 05:49:45.093174 Output:  /home/runner/work/engg-robot-testing-framework/engg-robot-testing-framework/reports/pabot_results/3/output.xml
