2026-07-31 03:59:58.274445 ==============================================================================
2026-07-31 03:59:58.297722 Suites
2026-07-31 03:59:58.297754 ==============================================================================
2026-07-31 03:59:58.297776 Suites.Auth
2026-07-31 03:59:58.298581 ==============================================================================
2026-07-31 03:59:58.298609 Suites.Auth.TC01 register user
2026-07-31 03:59:58.298609 [ ERROR ] Error in file '/home/runner/work/engg-robot-testing-framework/engg-robot-testing-framework/tests/auth/TC01_register_user.robot' on line 2: Importing library 'playwright_keyword_library.PlaywrightKeywordLibrary' failed: ModuleNotFoundError: No module named 'playwright_keyword_library'
2026-07-31 03:59:58.319070 ==============================================================================
2026-07-31 03:59:58.319070 Traceback (most recent call last):
2026-07-31 03:59:58.319095   None
2026-07-31 03:59:58.369206 PYTHONPATH:
2026-07-31 03:59:58.419305   /opt/hostedtoolcache/Python/3.11.15/x64/bin
2026-07-31 03:59:58.469418   /opt/hostedtoolcache/Python/3.11.15/x64/lib/python311.zip
2026-07-31 03:59:58.519520   /opt/hostedtoolcache/Python/3.11.15/x64/lib/python3.11
2026-07-31 03:59:58.569619   /opt/hostedtoolcache/Python/3.11.15/x64/lib/python3.11/lib-dynload
2026-07-31 03:59:58.619721   /opt/hostedtoolcache/Python/3.11.15/x64/lib/python3.11/site-packages
2026-07-31 03:59:58.669856 [ ERROR ] Error in file '/home/runner/work/engg-robot-testing-framework/engg-robot-testing-framework/resources/auth_keywords.resource' on line 2: Importing library 'playwright_keyword_library.PlaywrightKeywordLibrary' failed: ModuleNotFoundError: No module named 'playwright_keyword_library'
2026-07-31 03:59:58.720070 Traceback (most recent call last):
2026-07-31 03:59:58.770241   None
2026-07-31 03:59:58.820402 PYTHONPATH:
2026-07-31 03:59:58.870692   /opt/hostedtoolcache/Python/3.11.15/x64/bin
2026-07-31 03:59:58.920982   /opt/hostedtoolcache/Python/3.11.15/x64/lib/python311.zip
2026-07-31 03:59:58.971208   /opt/hostedtoolcache/Python/3.11.15/x64/lib/python3.11
2026-07-31 03:59:59.021517   /opt/hostedtoolcache/Python/3.11.15/x64/lib/python3.11/lib-dynload
2026-07-31 03:59:59.071779   /opt/hostedtoolcache/Python/3.11.15/x64/lib/python3.11/site-packages
2026-07-31 03:59:59.122108 [ ERROR ] Error in file '/home/runner/work/engg-robot-testing-framework/engg-robot-testing-framework/resources/common.resource' on line 4: Importing library 'playwright_keyword_library.PlaywrightKeywordLibrary' failed: ModuleNotFoundError: No module named 'playwright_keyword_library'
2026-07-31 03:59:59.172339 Traceback (most recent call last):
2026-07-31 03:59:59.222641   None
2026-07-31 03:59:59.272857 PYTHONPATH:
2026-07-31 03:59:59.323151   /opt/hostedtoolcache/Python/3.11.15/x64/bin
2026-07-31 03:59:59.373389   /opt/hostedtoolcache/Python/3.11.15/x64/lib/python311.zip
2026-07-31 03:59:59.423706   /opt/hostedtoolcache/Python/3.11.15/x64/lib/python3.11
2026-07-31 03:59:59.473927   /opt/hostedtoolcache/Python/3.11.15/x64/lib/python3.11/lib-dynload
2026-07-31 03:59:59.524267   /opt/hostedtoolcache/Python/3.11.15/x64/lib/python3.11/site-packages
2026-07-31 04:00:08.300002 TC01 Register User                                                    | FAIL |
2026-07-31 04:00:08.329859 Setup failed:
2026-07-31 04:00:08.329874 No keyword with name 'Open Browser' found.
2026-07-31 04:00:08.329884 
2026-07-31 04:00:08.329893 Also teardown failed:
2026-07-31 04:00:08.329903 Several failures occurred:
2026-07-31 04:00:08.329911 
2026-07-31 04:00:08.329941 1) No keyword with name 'Register Keyword To Run On Failure' found.
2026-07-31 04:00:08.329951 
2026-07-31 04:00:08.329959 2) No keyword with name 'Close Browser' found. Did you mean:
2026-07-31 04:00:08.329967     common.Close Test Browser
2026-07-31 04:00:08.329975 ------------------------------------------------------------------------------
2026-07-31 04:00:08.329983 Suites.Auth.TC01 register user                                        | FAIL |
2026-07-31 04:00:08.330727 1 test, 0 passed, 1 failed
2026-07-31 04:00:08.330798 ==============================================================================
2026-07-31 04:00:08.330807 Suites.Auth                                                           | FAIL |
2026-07-31 04:00:08.331367 1 test, 0 passed, 1 failed
2026-07-31 04:00:08.331412 ==============================================================================
2026-07-31 04:00:08.331420 Suites                                                                | FAIL |
2026-07-31 04:00:08.331864 1 test, 0 passed, 1 failed
2026-07-31 04:00:08.331926 ==============================================================================
2026-07-31 04:00:08.331991 Output:  /home/runner/work/engg-robot-testing-framework/engg-robot-testing-framework/reports/pabot_results/0/output.xml
