2026-10-02 06:00:06.821736 ==============================================================================
2026-10-02 06:00:06.857477 Suites
2026-10-02 06:00:06.857493 ==============================================================================
2026-10-02 06:00:06.857503 Suites.Auth
2026-10-02 06:00:06.858085 ==============================================================================
2026-10-02 06:00:06.858098 Suites.Auth.TC05 register existing email
2026-10-02 06:00:06.858098 [ ERROR ] Error in file '/home/runner/work/engg-robot-testing-framework/engg-robot-testing-framework/tests/auth/TC05_register_existing_email.robot' on line 2: Importing library 'playwright_keyword_library.PlaywrightKeywordLibrary' failed: ModuleNotFoundError: No module named 'playwright_keyword_library'
2026-10-02 06:00:06.871206 ==============================================================================
2026-10-02 06:00:06.871206 Traceback (most recent call last):
2026-10-02 06:00:06.871224   None
2026-10-02 06:00:06.921353 PYTHONPATH:
2026-10-02 06:00:06.971538   /opt/hostedtoolcache/Python/3.11.16/x64/bin
2026-10-02 06:00:07.021692   /opt/hostedtoolcache/Python/3.11.16/x64/lib/python311.zip
2026-10-02 06:00:07.071849   /opt/hostedtoolcache/Python/3.11.16/x64/lib/python3.11
2026-10-02 06:00:07.121976   /opt/hostedtoolcache/Python/3.11.16/x64/lib/python3.11/lib-dynload
2026-10-02 06:00:07.172183   /opt/hostedtoolcache/Python/3.11.16/x64/lib/python3.11/site-packages
2026-10-02 06:00:07.222336 [ ERROR ] Error in file '/home/runner/work/engg-robot-testing-framework/engg-robot-testing-framework/resources/auth_keywords.resource' on line 2: Importing library 'playwright_keyword_library.PlaywrightKeywordLibrary' failed: ModuleNotFoundError: No module named 'playwright_keyword_library'
2026-10-02 06:00:07.272528 Traceback (most recent call last):
2026-10-02 06:00:07.322666   None
2026-10-02 06:00:07.372848 PYTHONPATH:
2026-10-02 06:00:07.422961   /opt/hostedtoolcache/Python/3.11.16/x64/bin
2026-10-02 06:00:07.473155   /opt/hostedtoolcache/Python/3.11.16/x64/lib/python311.zip
2026-10-02 06:00:07.523275   /opt/hostedtoolcache/Python/3.11.16/x64/lib/python3.11
2026-10-02 06:00:07.573450   /opt/hostedtoolcache/Python/3.11.16/x64/lib/python3.11/lib-dynload
2026-10-02 06:00:07.623586   /opt/hostedtoolcache/Python/3.11.16/x64/lib/python3.11/site-packages
2026-10-02 06:00:07.673740 [ ERROR ] Error in file '/home/runner/work/engg-robot-testing-framework/engg-robot-testing-framework/resources/common.resource' on line 4: Importing library 'playwright_keyword_library.PlaywrightKeywordLibrary' failed: ModuleNotFoundError: No module named 'playwright_keyword_library'
2026-10-02 06:00:07.723880 Traceback (most recent call last):
2026-10-02 06:00:07.774057   None
2026-10-02 06:00:07.824192 PYTHONPATH:
2026-10-02 06:00:07.874331   /opt/hostedtoolcache/Python/3.11.16/x64/bin
2026-10-02 06:00:07.924434   /opt/hostedtoolcache/Python/3.11.16/x64/lib/python311.zip
2026-10-02 06:00:07.974575   /opt/hostedtoolcache/Python/3.11.16/x64/lib/python3.11
2026-10-02 06:00:08.024691   /opt/hostedtoolcache/Python/3.11.16/x64/lib/python3.11/lib-dynload
2026-10-02 06:00:08.074869   /opt/hostedtoolcache/Python/3.11.16/x64/lib/python3.11/site-packages
2026-10-02 06:00:16.846439 TC05 Register User With Existing Email                                | FAIL |
2026-10-02 06:00:16.878672 Setup failed:
2026-10-02 06:00:16.878687 No keyword with name 'Open Browser' found.
2026-10-02 06:00:16.878696 
2026-10-02 06:00:16.878704 Also teardown failed:
2026-10-02 06:00:16.878712 Several failures occurred:
2026-10-02 06:00:16.878719 
2026-10-02 06:00:16.878728 1) No keyword with name 'Register Keyword To Run On Failure' found.
2026-10-02 06:00:16.878736 
2026-10-02 06:00:16.878744 2) No keyword with name 'Close Browser' found. Did you mean:
2026-10-02 06:00:16.878752     common.Close Test Browser
2026-10-02 06:00:16.878761 ------------------------------------------------------------------------------
2026-10-02 06:00:16.878769 Suites.Auth.TC05 register existing email                              | FAIL |
2026-10-02 06:00:16.879121 1 test, 0 passed, 1 failed
2026-10-02 06:00:16.879169 ==============================================================================
2026-10-02 06:00:16.879179 Suites.Auth                                                           | FAIL |
2026-10-02 06:00:16.879427 1 test, 0 passed, 1 failed
2026-10-02 06:00:16.879439 ==============================================================================
2026-10-02 06:00:16.879448 Suites                                                                | FAIL |
2026-10-02 06:00:16.879661 1 test, 0 passed, 1 failed
2026-10-02 06:00:16.879702 ==============================================================================
2026-10-02 06:00:16.879711 Output:  /home/runner/work/engg-robot-testing-framework/engg-robot-testing-framework/reports/pabot_results/4/output.xml
