2026-07-04 04:11:22.399994 ==============================================================================
2026-07-04 04:11:22.424457 Suites
2026-07-04 04:11:22.424477 ==============================================================================
2026-07-04 04:11:22.424492 Suites.Cart
2026-07-04 04:11:22.425261 ==============================================================================
2026-07-04 04:11:22.425327 Suites.Cart.TC13 verify product quantity :: TC13 - Verify Product Quantity ...
2026-07-04 04:11:22.425327 [ ERROR ] Error in file '/home/runner/work/engg-robot-testing-framework/engg-robot-testing-framework/resources/common.resource' on line 4: Importing library 'playwright_keyword_library.PlaywrightKeywordLibrary' failed: ModuleNotFoundError: No module named 'playwright_keyword_library'
2026-07-04 04:11:22.455447 ==============================================================================
2026-07-04 04:11:22.455447 Traceback (most recent call last):
2026-07-04 04:11:22.455469   None
2026-07-04 04:11:22.505574 PYTHONPATH:
2026-07-04 04:11:22.555678   /opt/hostedtoolcache/Python/3.11.15/x64/bin
2026-07-04 04:11:22.605777   /opt/hostedtoolcache/Python/3.11.15/x64/lib/python311.zip
2026-07-04 04:11:22.655869   /opt/hostedtoolcache/Python/3.11.15/x64/lib/python3.11
2026-07-04 04:11:22.705961   /opt/hostedtoolcache/Python/3.11.15/x64/lib/python3.11/lib-dynload
2026-07-04 04:11:22.756089   /opt/hostedtoolcache/Python/3.11.15/x64/lib/python3.11/site-packages
2026-07-04 04:11:22.806220 [ ERROR ] Error in file '/home/runner/work/engg-robot-testing-framework/engg-robot-testing-framework/resources/product_keywords.resource' on line 2: Importing library 'playwright_keyword_library.PlaywrightKeywordLibrary' failed: ModuleNotFoundError: No module named 'playwright_keyword_library'
2026-07-04 04:11:22.856340 Traceback (most recent call last):
2026-07-04 04:11:22.906469   None
2026-07-04 04:11:22.956602 PYTHONPATH:
2026-07-04 04:11:23.006731   /opt/hostedtoolcache/Python/3.11.15/x64/bin
2026-07-04 04:11:23.056861   /opt/hostedtoolcache/Python/3.11.15/x64/lib/python311.zip
2026-07-04 04:11:23.106994   /opt/hostedtoolcache/Python/3.11.15/x64/lib/python3.11
2026-07-04 04:11:23.157124   /opt/hostedtoolcache/Python/3.11.15/x64/lib/python3.11/lib-dynload
2026-07-04 04:11:23.207257   /opt/hostedtoolcache/Python/3.11.15/x64/lib/python3.11/site-packages
2026-07-04 04:11:23.257388 [ ERROR ] Error in file '/home/runner/work/engg-robot-testing-framework/engg-robot-testing-framework/resources/cart_keywords.resource' on line 2: Importing library 'playwright_keyword_library.PlaywrightKeywordLibrary' failed: ModuleNotFoundError: No module named 'playwright_keyword_library'
2026-07-04 04:11:23.307521 Traceback (most recent call last):
2026-07-04 04:11:23.357654   None
2026-07-04 04:11:23.407783 PYTHONPATH:
2026-07-04 04:11:23.457914   /opt/hostedtoolcache/Python/3.11.15/x64/bin
2026-07-04 04:11:23.508043   /opt/hostedtoolcache/Python/3.11.15/x64/lib/python311.zip
2026-07-04 04:11:23.558176   /opt/hostedtoolcache/Python/3.11.15/x64/lib/python3.11
2026-07-04 04:11:23.608311   /opt/hostedtoolcache/Python/3.11.15/x64/lib/python3.11/lib-dynload
2026-07-04 04:11:23.658441   /opt/hostedtoolcache/Python/3.11.15/x64/lib/python3.11/site-packages
2026-07-04 04:11:32.429520 TC13 Verify Product Quantity In Cart                                  | FAIL |
2026-07-04 04:11:32.466972 Setup failed:
2026-07-04 04:11:32.466989 No keyword with name 'Open Browser' found.
2026-07-04 04:11:32.467003 
2026-07-04 04:11:32.467016 Also teardown failed:
2026-07-04 04:11:32.467030 Several failures occurred:
2026-07-04 04:11:32.467042 
2026-07-04 04:11:32.467055 1) No keyword with name 'Register Keyword To Run On Failure' found.
2026-07-04 04:11:32.467068 
2026-07-04 04:11:32.467080 2) No keyword with name 'Close Browser' found. Did you mean:
2026-07-04 04:11:32.467091     common.Close Test Browser
2026-07-04 04:11:32.467102 ------------------------------------------------------------------------------
2026-07-04 04:11:32.467113 Suites.Cart.TC13 verify product quantity :: TC13 - Verify Product ... | FAIL |
2026-07-04 04:11:32.467659 1 test, 0 passed, 1 failed
2026-07-04 04:11:32.467684 ==============================================================================
2026-07-04 04:11:32.467753 Suites.Cart                                                           | FAIL |
2026-07-04 04:11:32.468098 1 test, 0 passed, 1 failed
2026-07-04 04:11:32.468114 ==============================================================================
2026-07-04 04:11:32.468127 Suites                                                                | FAIL |
2026-07-04 04:11:32.468459 1 test, 0 passed, 1 failed
2026-07-04 04:11:32.468477 ==============================================================================
2026-07-04 04:11:32.468489 Output:  /home/runner/work/engg-robot-testing-framework/engg-robot-testing-framework/reports/pabot_results/6/output.xml
