2026-10-01 06:24:02.950090 ==============================================================================
2026-10-01 06:24:02.966815 Suites
2026-10-01 06:24:02.966837 ==============================================================================
2026-10-01 06:24:02.966853 Suites.Cart
2026-10-01 06:24:02.967684 ==============================================================================
2026-10-01 06:24:02.967703 Suites.Cart.TC20 search and verify cart after login :: TC20 - Search Produc...
2026-10-01 06:24:02.967703 [ ERROR ] Error in file '/home/runner/work/engg-robot-testing-framework/engg-robot-testing-framework/tests/cart/TC20_search_and_verify_cart_after_login.robot' on line 3: Importing library 'playwright_keyword_library.PlaywrightKeywordLibrary' failed: ModuleNotFoundError: No module named 'playwright_keyword_library'
2026-10-01 06:24:03.003939 ==============================================================================
2026-10-01 06:24:03.003939 Traceback (most recent call last):
2026-10-01 06:24:03.003963   None
2026-10-01 06:24:03.054113 PYTHONPATH:
2026-10-01 06:24:03.104227   /opt/hostedtoolcache/Python/3.11.16/x64/bin
2026-10-01 06:24:03.154338   /opt/hostedtoolcache/Python/3.11.16/x64/lib/python311.zip
2026-10-01 06:24:03.204433   /opt/hostedtoolcache/Python/3.11.16/x64/lib/python3.11
2026-10-01 06:24:03.254546   /opt/hostedtoolcache/Python/3.11.16/x64/lib/python3.11/lib-dynload
2026-10-01 06:24:03.304654   /opt/hostedtoolcache/Python/3.11.16/x64/lib/python3.11/site-packages
2026-10-01 06:24:03.354804 [ ERROR ] Error in file '/home/runner/work/engg-robot-testing-framework/engg-robot-testing-framework/resources/common.resource' on line 4: Importing library 'playwright_keyword_library.PlaywrightKeywordLibrary' failed: ModuleNotFoundError: No module named 'playwright_keyword_library'
2026-10-01 06:24:03.404924 Traceback (most recent call last):
2026-10-01 06:24:03.455075   None
2026-10-01 06:24:03.505177 PYTHONPATH:
2026-10-01 06:24:03.555326   /opt/hostedtoolcache/Python/3.11.16/x64/bin
2026-10-01 06:24:03.605446   /opt/hostedtoolcache/Python/3.11.16/x64/lib/python311.zip
2026-10-01 06:24:03.655596   /opt/hostedtoolcache/Python/3.11.16/x64/lib/python3.11
2026-10-01 06:24:03.705706   /opt/hostedtoolcache/Python/3.11.16/x64/lib/python3.11/lib-dynload
2026-10-01 06:24:03.755856   /opt/hostedtoolcache/Python/3.11.16/x64/lib/python3.11/site-packages
2026-10-01 06:24:03.805948 [ ERROR ] Error in file '/home/runner/work/engg-robot-testing-framework/engg-robot-testing-framework/resources/product_keywords.resource' on line 2: Importing library 'playwright_keyword_library.PlaywrightKeywordLibrary' failed: ModuleNotFoundError: No module named 'playwright_keyword_library'
2026-10-01 06:24:03.856105 Traceback (most recent call last):
2026-10-01 06:24:03.906236   None
2026-10-01 06:24:03.956393 PYTHONPATH:
2026-10-01 06:24:04.006524   /opt/hostedtoolcache/Python/3.11.16/x64/bin
2026-10-01 06:24:04.056674   /opt/hostedtoolcache/Python/3.11.16/x64/lib/python311.zip
2026-10-01 06:24:04.106811   /opt/hostedtoolcache/Python/3.11.16/x64/lib/python3.11
2026-10-01 06:24:04.156944   /opt/hostedtoolcache/Python/3.11.16/x64/lib/python3.11/lib-dynload
2026-10-01 06:24:04.207072   /opt/hostedtoolcache/Python/3.11.16/x64/lib/python3.11/site-packages
2026-10-01 06:24:04.257233 [ ERROR ] Error in file '/home/runner/work/engg-robot-testing-framework/engg-robot-testing-framework/resources/cart_keywords.resource' on line 2: Importing library 'playwright_keyword_library.PlaywrightKeywordLibrary' failed: ModuleNotFoundError: No module named 'playwright_keyword_library'
2026-10-01 06:24:04.307364 Traceback (most recent call last):
2026-10-01 06:24:04.357496   None
2026-10-01 06:24:04.407626 PYTHONPATH:
2026-10-01 06:24:04.457756   /opt/hostedtoolcache/Python/3.11.16/x64/bin
2026-10-01 06:24:04.507889   /opt/hostedtoolcache/Python/3.11.16/x64/lib/python311.zip
2026-10-01 06:24:04.558049   /opt/hostedtoolcache/Python/3.11.16/x64/lib/python3.11
2026-10-01 06:24:04.608181   /opt/hostedtoolcache/Python/3.11.16/x64/lib/python3.11/lib-dynload
2026-10-01 06:24:04.658313   /opt/hostedtoolcache/Python/3.11.16/x64/lib/python3.11/site-packages
2026-10-01 06:24:04.708459 [ ERROR ] Error in file '/home/runner/work/engg-robot-testing-framework/engg-robot-testing-framework/resources/auth_keywords.resource' on line 2: Importing library 'playwright_keyword_library.PlaywrightKeywordLibrary' failed: ModuleNotFoundError: No module named 'playwright_keyword_library'
2026-10-01 06:24:04.758598 Traceback (most recent call last):
2026-10-01 06:24:04.808746   None
2026-10-01 06:24:04.858919 PYTHONPATH:
2026-10-01 06:24:04.909065   /opt/hostedtoolcache/Python/3.11.16/x64/bin
2026-10-01 06:24:04.959210   /opt/hostedtoolcache/Python/3.11.16/x64/lib/python311.zip
2026-10-01 06:24:05.009359   /opt/hostedtoolcache/Python/3.11.16/x64/lib/python3.11
2026-10-01 06:24:05.059507   /opt/hostedtoolcache/Python/3.11.16/x64/lib/python3.11/lib-dynload
2026-10-01 06:24:05.109655   /opt/hostedtoolcache/Python/3.11.16/x64/lib/python3.11/site-packages
2026-10-01 06:24:12.978634 TC20 Search Products And Verify Cart After Login                      | FAIL |
2026-10-01 06:24:13.016098 Setup failed:
2026-10-01 06:24:13.016109 No keyword with name 'Open Browser' found.
2026-10-01 06:24:13.016117 
2026-10-01 06:24:13.016124 Also teardown failed:
2026-10-01 06:24:13.016131 Several failures occurred:
2026-10-01 06:24:13.016137 
2026-10-01 06:24:13.016144 1) No keyword with name 'Register Keyword To Run On Failure' found.
2026-10-01 06:24:13.016151 
2026-10-01 06:24:13.016157 2) No keyword with name 'Close Browser' found. Did you mean:
2026-10-01 06:24:13.016163     common.Close Test Browser
2026-10-01 06:24:13.016170 ------------------------------------------------------------------------------
2026-10-01 06:24:13.016176 Suites.Cart.TC20 search and verify cart after login :: TC20 - Sear... | FAIL |
2026-10-01 06:24:13.016978 1 test, 0 passed, 1 failed
2026-10-01 06:24:13.017035 ==============================================================================
2026-10-01 06:24:13.017043 Suites.Cart                                                           | FAIL |
2026-10-01 06:24:13.017489 1 test, 0 passed, 1 failed
2026-10-01 06:24:13.017530 ==============================================================================
2026-10-01 06:24:13.017537 Suites                                                                | FAIL |
2026-10-01 06:24:13.017957 1 test, 0 passed, 1 failed
2026-10-01 06:24:13.018018 ==============================================================================
2026-10-01 06:24:13.018027 Output:  /home/runner/work/engg-robot-testing-framework/engg-robot-testing-framework/reports/pabot_results/8/output.xml
