2026-07-17 03:47:12.014055 ==============================================================================
2026-07-17 03:47:12.036044 Suites
2026-07-17 03:47:12.036064 ==============================================================================
2026-07-17 03:47:12.036079 Suites.Cart
2026-07-17 03:47:12.036967 ==============================================================================
2026-07-17 03:47:12.036985 Suites.Cart.TC22 add from recommended items :: TC22 - Add To Cart From Reco...
2026-07-17 03:47:12.036985 [ ERROR ] Error in file '/home/runner/work/engg-robot-testing-framework/engg-robot-testing-framework/resources/common.resource' on line 4: Importing library 'playwright_keyword_library.PlaywrightKeywordLibrary' failed: ModuleNotFoundError: No module named 'playwright_keyword_library'
2026-07-17 03:47:12.061056 ==============================================================================
2026-07-17 03:47:12.061056 Traceback (most recent call last):
2026-07-17 03:47:12.061082   None
2026-07-17 03:47:12.111208 PYTHONPATH:
2026-07-17 03:47:12.161308   /opt/hostedtoolcache/Python/3.11.15/x64/bin
2026-07-17 03:47:12.211420   /opt/hostedtoolcache/Python/3.11.15/x64/lib/python311.zip
2026-07-17 03:47:12.261530   /opt/hostedtoolcache/Python/3.11.15/x64/lib/python3.11
2026-07-17 03:47:12.311647   /opt/hostedtoolcache/Python/3.11.15/x64/lib/python3.11/lib-dynload
2026-07-17 03:47:12.361803   /opt/hostedtoolcache/Python/3.11.15/x64/lib/python3.11/site-packages
2026-07-17 03:47:12.411953 [ ERROR ] Error in file '/home/runner/work/engg-robot-testing-framework/engg-robot-testing-framework/resources/cart_keywords.resource' on line 2: Importing library 'playwright_keyword_library.PlaywrightKeywordLibrary' failed: ModuleNotFoundError: No module named 'playwright_keyword_library'
2026-07-17 03:47:12.462078 Traceback (most recent call last):
2026-07-17 03:47:12.512234   None
2026-07-17 03:47:12.562384 PYTHONPATH:
2026-07-17 03:47:12.612533   /opt/hostedtoolcache/Python/3.11.15/x64/bin
2026-07-17 03:47:12.662698   /opt/hostedtoolcache/Python/3.11.15/x64/lib/python311.zip
2026-07-17 03:47:12.712854   /opt/hostedtoolcache/Python/3.11.15/x64/lib/python3.11
2026-07-17 03:47:12.763010   /opt/hostedtoolcache/Python/3.11.15/x64/lib/python3.11/lib-dynload
2026-07-17 03:47:12.813212   /opt/hostedtoolcache/Python/3.11.15/x64/lib/python3.11/site-packages
2026-07-17 03:47:22.035989 TC22 Add To Cart From Recommended Items                               | FAIL |
2026-07-17 03:47:22.072019 Setup failed:
2026-07-17 03:47:22.072038 No keyword with name 'Open Browser' found.
2026-07-17 03:47:22.072053 
2026-07-17 03:47:22.072065 Also teardown failed:
2026-07-17 03:47:22.072077 Several failures occurred:
2026-07-17 03:47:22.072088 
2026-07-17 03:47:22.072100 1) No keyword with name 'Register Keyword To Run On Failure' found.
2026-07-17 03:47:22.072113 
2026-07-17 03:47:22.072125 2) No keyword with name 'Close Browser' found. Did you mean:
2026-07-17 03:47:22.072142     common.Close Test Browser
2026-07-17 03:47:22.072154 ------------------------------------------------------------------------------
2026-07-17 03:47:22.072166 Suites.Cart.TC22 add from recommended items :: TC22 - Add To Cart ... | FAIL |
2026-07-17 03:47:22.072678 1 test, 0 passed, 1 failed
2026-07-17 03:47:22.072741 ==============================================================================
2026-07-17 03:47:22.072756 Suites.Cart                                                           | FAIL |
2026-07-17 03:47:22.073123 1 test, 0 passed, 1 failed
2026-07-17 03:47:22.073141 ==============================================================================
2026-07-17 03:47:22.073155 Suites                                                                | FAIL |
2026-07-17 03:47:22.073491 1 test, 0 passed, 1 failed
2026-07-17 03:47:22.073555 ==============================================================================
2026-07-17 03:47:22.073569 Output:  /home/runner/work/engg-robot-testing-framework/engg-robot-testing-framework/reports/pabot_results/9/output.xml
