[ ERROR ] Error in file '/home/runner/work/engg-robot-testing-framework/engg-robot-testing-framework/tests/auth/TC04_logout_user.robot' on line 2: Importing library 'playwright_keyword_library.PlaywrightKeywordLibrary' failed: ModuleNotFoundError: No module named 'playwright_keyword_library'
Traceback (most recent call last):
  None
PYTHONPATH:
  /opt/hostedtoolcache/Python/3.11.15/x64/bin
  /opt/hostedtoolcache/Python/3.11.15/x64/lib/python311.zip
  /opt/hostedtoolcache/Python/3.11.15/x64/lib/python3.11
  /opt/hostedtoolcache/Python/3.11.15/x64/lib/python3.11/lib-dynload
  /opt/hostedtoolcache/Python/3.11.15/x64/lib/python3.11/site-packages
[ ERROR ] Error in file '/home/runner/work/engg-robot-testing-framework/engg-robot-testing-framework/resources/auth_keywords.resource' on line 2: Importing library 'playwright_keyword_library.PlaywrightKeywordLibrary' failed: ModuleNotFoundError: No module named 'playwright_keyword_library'
Traceback (most recent call last):
  None
PYTHONPATH:
  /opt/hostedtoolcache/Python/3.11.15/x64/bin
  /opt/hostedtoolcache/Python/3.11.15/x64/lib/python311.zip
  /opt/hostedtoolcache/Python/3.11.15/x64/lib/python3.11
  /opt/hostedtoolcache/Python/3.11.15/x64/lib/python3.11/lib-dynload
  /opt/hostedtoolcache/Python/3.11.15/x64/lib/python3.11/site-packages
[ ERROR ] Error in file '/home/runner/work/engg-robot-testing-framework/engg-robot-testing-framework/resources/common.resource' on line 4: Importing library 'playwright_keyword_library.PlaywrightKeywordLibrary' failed: ModuleNotFoundError: No module named 'playwright_keyword_library'
Traceback (most recent call last):
  None
PYTHONPATH:
  /opt/hostedtoolcache/Python/3.11.15/x64/bin
  /opt/hostedtoolcache/Python/3.11.15/x64/lib/python311.zip
  /opt/hostedtoolcache/Python/3.11.15/x64/lib/python3.11
  /opt/hostedtoolcache/Python/3.11.15/x64/lib/python3.11/lib-dynload
  /opt/hostedtoolcache/Python/3.11.15/x64/lib/python3.11/site-packages
