2026-07-10 04:33:41.707040 ==============================================================================
2026-07-10 04:33:41.727176 Suites
2026-07-10 04:33:41.727197 ==============================================================================
2026-07-10 04:33:41.727213 Suites.Auth
2026-07-10 04:33:41.728062 ==============================================================================
2026-07-10 04:33:41.728082 Suites.Auth.TC04 logout user
2026-07-10 04:33:41.728082 [ ERROR ] Error in file '/home/runner/work/engg-robot-testing-framework/engg-robot-testing-framework/tests/auth/TC04_logout_user.robot' on line 2: Importing library 'playwright_keyword_library.PlaywrightKeywordLibrary' failed: ModuleNotFoundError: No module named 'playwright_keyword_library'
2026-07-10 04:33:41.746961 ==============================================================================
2026-07-10 04:33:41.746961 Traceback (most recent call last):
2026-07-10 04:33:41.746985   None
2026-07-10 04:33:41.797089 PYTHONPATH:
2026-07-10 04:33:41.847183   /opt/hostedtoolcache/Python/3.11.15/x64/bin
2026-07-10 04:33:41.897280   /opt/hostedtoolcache/Python/3.11.15/x64/lib/python311.zip
2026-07-10 04:33:41.947383   /opt/hostedtoolcache/Python/3.11.15/x64/lib/python3.11
2026-07-10 04:33:41.997490   /opt/hostedtoolcache/Python/3.11.15/x64/lib/python3.11/lib-dynload
2026-07-10 04:33:42.047639   /opt/hostedtoolcache/Python/3.11.15/x64/lib/python3.11/site-packages
2026-07-10 04:33:42.097792 [ ERROR ] Error in file '/home/runner/work/engg-robot-testing-framework/engg-robot-testing-framework/resources/auth_keywords.resource' on line 2: Importing library 'playwright_keyword_library.PlaywrightKeywordLibrary' failed: ModuleNotFoundError: No module named 'playwright_keyword_library'
2026-07-10 04:33:42.147945 Traceback (most recent call last):
2026-07-10 04:33:42.198098   None
2026-07-10 04:33:42.248249 PYTHONPATH:
2026-07-10 04:33:42.298387   /opt/hostedtoolcache/Python/3.11.15/x64/bin
2026-07-10 04:33:42.348537   /opt/hostedtoolcache/Python/3.11.15/x64/lib/python311.zip
2026-07-10 04:33:42.398689   /opt/hostedtoolcache/Python/3.11.15/x64/lib/python3.11
2026-07-10 04:33:42.448841   /opt/hostedtoolcache/Python/3.11.15/x64/lib/python3.11/lib-dynload
2026-07-10 04:33:42.498994   /opt/hostedtoolcache/Python/3.11.15/x64/lib/python3.11/site-packages
2026-07-10 04:33:42.549148 [ ERROR ] Error in file '/home/runner/work/engg-robot-testing-framework/engg-robot-testing-framework/resources/common.resource' on line 4: Importing library 'playwright_keyword_library.PlaywrightKeywordLibrary' failed: ModuleNotFoundError: No module named 'playwright_keyword_library'
2026-07-10 04:33:42.599255 Traceback (most recent call last):
2026-07-10 04:33:42.649389   None
2026-07-10 04:33:42.699538 PYTHONPATH:
2026-07-10 04:33:42.749695   /opt/hostedtoolcache/Python/3.11.15/x64/bin
2026-07-10 04:33:42.799851   /opt/hostedtoolcache/Python/3.11.15/x64/lib/python311.zip
2026-07-10 04:33:42.850007   /opt/hostedtoolcache/Python/3.11.15/x64/lib/python3.11
2026-07-10 04:33:42.900161   /opt/hostedtoolcache/Python/3.11.15/x64/lib/python3.11/lib-dynload
2026-07-10 04:33:42.950316   /opt/hostedtoolcache/Python/3.11.15/x64/lib/python3.11/site-packages
2026-07-10 04:33:51.722126 TC04 Logout User                                                      | FAIL |
2026-07-10 04:33:51.757450 Setup failed:
2026-07-10 04:33:51.757468 No keyword with name 'Open Browser' found.
2026-07-10 04:33:51.757482 
2026-07-10 04:33:51.757495 Also teardown failed:
2026-07-10 04:33:51.757509 Several failures occurred:
2026-07-10 04:33:51.757524 
2026-07-10 04:33:51.757538 1) No keyword with name 'Register Keyword To Run On Failure' found.
2026-07-10 04:33:51.757551 
2026-07-10 04:33:51.757564 2) No keyword with name 'Close Browser' found. Did you mean:
2026-07-10 04:33:51.757576     common.Close Test Browser
2026-07-10 04:33:51.757589 ------------------------------------------------------------------------------
2026-07-10 04:33:51.757601 Suites.Auth.TC04 logout user                                          | FAIL |
2026-07-10 04:33:51.758141 1 test, 0 passed, 1 failed
2026-07-10 04:33:51.758211 ==============================================================================
2026-07-10 04:33:51.758226 Suites.Auth                                                           | FAIL |
2026-07-10 04:33:51.758638 1 test, 0 passed, 1 failed
2026-07-10 04:33:51.758657 ==============================================================================
2026-07-10 04:33:51.758671 Suites                                                                | FAIL |
2026-07-10 04:33:51.758994 1 test, 0 passed, 1 failed
2026-07-10 04:33:51.759067 ==============================================================================
2026-07-10 04:33:51.759082 Output:  /home/runner/work/engg-robot-testing-framework/engg-robot-testing-framework/reports/pabot_results/3/output.xml
