2026-07-23 03:54:14.626193 ==============================================================================
2026-07-23 03:54:14.667150 Suites
2026-07-23 03:54:14.667163 ==============================================================================
2026-07-23 03:54:14.667173 Suites.Auth
2026-07-23 03:54:14.667846 ==============================================================================
2026-07-23 03:54:14.667859 Suites.Auth.TC02 login valid
2026-07-23 03:54:14.667859 [ ERROR ] Error in file '/home/runner/work/engg-robot-testing-framework/engg-robot-testing-framework/tests/auth/TC02_login_valid.robot' on line 2: Importing library 'playwright_keyword_library.PlaywrightKeywordLibrary' failed: ModuleNotFoundError: No module named 'playwright_keyword_library'
2026-07-23 03:54:14.680908 ==============================================================================
2026-07-23 03:54:14.680908 Traceback (most recent call last):
2026-07-23 03:54:14.680918   None
2026-07-23 03:54:14.731035 PYTHONPATH:
2026-07-23 03:54:14.781147   /opt/hostedtoolcache/Python/3.11.15/x64/bin
2026-07-23 03:54:14.831249   /opt/hostedtoolcache/Python/3.11.15/x64/lib/python311.zip
2026-07-23 03:54:14.881366   /opt/hostedtoolcache/Python/3.11.15/x64/lib/python3.11
2026-07-23 03:54:14.931458   /opt/hostedtoolcache/Python/3.11.15/x64/lib/python3.11/lib-dynload
2026-07-23 03:54:14.981583   /opt/hostedtoolcache/Python/3.11.15/x64/lib/python3.11/site-packages
2026-07-23 03:54:15.031682 [ ERROR ] Error in file '/home/runner/work/engg-robot-testing-framework/engg-robot-testing-framework/resources/auth_keywords.resource' on line 2: Importing library 'playwright_keyword_library.PlaywrightKeywordLibrary' failed: ModuleNotFoundError: No module named 'playwright_keyword_library'
2026-07-23 03:54:15.081813 Traceback (most recent call last):
2026-07-23 03:54:15.131908   None
2026-07-23 03:54:15.182034 PYTHONPATH:
2026-07-23 03:54:15.232111   /opt/hostedtoolcache/Python/3.11.15/x64/bin
2026-07-23 03:54:15.282226   /opt/hostedtoolcache/Python/3.11.15/x64/lib/python311.zip
2026-07-23 03:54:15.332319   /opt/hostedtoolcache/Python/3.11.15/x64/lib/python3.11
2026-07-23 03:54:15.382456   /opt/hostedtoolcache/Python/3.11.15/x64/lib/python3.11/lib-dynload
2026-07-23 03:54:15.432548   /opt/hostedtoolcache/Python/3.11.15/x64/lib/python3.11/site-packages
2026-07-23 03:54:15.482694 [ ERROR ] Error in file '/home/runner/work/engg-robot-testing-framework/engg-robot-testing-framework/resources/common.resource' on line 4: Importing library 'playwright_keyword_library.PlaywrightKeywordLibrary' failed: ModuleNotFoundError: No module named 'playwright_keyword_library'
2026-07-23 03:54:15.532785 Traceback (most recent call last):
2026-07-23 03:54:15.582926   None
2026-07-23 03:54:15.633019 PYTHONPATH:
2026-07-23 03:54:15.683147   /opt/hostedtoolcache/Python/3.11.15/x64/bin
2026-07-23 03:54:15.733241   /opt/hostedtoolcache/Python/3.11.15/x64/lib/python311.zip
2026-07-23 03:54:15.783381   /opt/hostedtoolcache/Python/3.11.15/x64/lib/python3.11
2026-07-23 03:54:15.833472   /opt/hostedtoolcache/Python/3.11.15/x64/lib/python3.11/lib-dynload
2026-07-23 03:54:15.883602   /opt/hostedtoolcache/Python/3.11.15/x64/lib/python3.11/site-packages
2026-07-23 03:54:24.649716 TC02 Login User With Correct Email And Password                       | FAIL |
2026-07-23 03:54:24.688390 Setup failed:
2026-07-23 03:54:24.688403 No keyword with name 'Open Browser' found.
2026-07-23 03:54:24.688411 
2026-07-23 03:54:24.688418 Also teardown failed:
2026-07-23 03:54:24.688425 Several failures occurred:
2026-07-23 03:54:24.688431 
2026-07-23 03:54:24.688439 1) No keyword with name 'Register Keyword To Run On Failure' found.
2026-07-23 03:54:24.688447 
2026-07-23 03:54:24.688453 2) No keyword with name 'Close Browser' found. Did you mean:
2026-07-23 03:54:24.688460     common.Close Test Browser
2026-07-23 03:54:24.688465 ------------------------------------------------------------------------------
2026-07-23 03:54:24.688472 Suites.Auth.TC02 login valid                                          | FAIL |
2026-07-23 03:54:24.688869 1 test, 0 passed, 1 failed
2026-07-23 03:54:24.688878 ==============================================================================
2026-07-23 03:54:24.688886 Suites.Auth                                                           | FAIL |
2026-07-23 03:54:24.689154 1 test, 0 passed, 1 failed
2026-07-23 03:54:24.689163 ==============================================================================
2026-07-23 03:54:24.689170 Suites                                                                | FAIL |
2026-07-23 03:54:24.689407 1 test, 0 passed, 1 failed
2026-07-23 03:54:24.689416 ==============================================================================
2026-07-23 03:54:24.689423 Output:  /home/runner/work/engg-robot-testing-framework/engg-robot-testing-framework/reports/pabot_results/1/output.xml
