2026-07-26 04:06:21.704588 ==============================================================================
2026-07-26 04:06:21.730013 Suites
2026-07-26 04:06:21.730029 ==============================================================================
2026-07-26 04:06:21.730039 Suites.Cart
2026-07-26 04:06:21.730573 ==============================================================================
2026-07-26 04:06:21.730585 Suites.Cart.TC20 search and verify cart after login :: TC20 - Search Produc...
2026-07-26 04:06:21.730585 [ ERROR ] Error in file '/home/runner/work/engg-robot-testing-framework/engg-robot-testing-framework/tests/cart/TC20_search_and_verify_cart_after_login.robot' on line 3: Importing library 'playwright_keyword_library.PlaywrightKeywordLibrary' failed: ModuleNotFoundError: No module named 'playwright_keyword_library'
2026-07-26 04:06:21.755493 ==============================================================================
2026-07-26 04:06:21.755493 Traceback (most recent call last):
2026-07-26 04:06:21.755506   None
2026-07-26 04:06:21.805633 PYTHONPATH:
2026-07-26 04:06:21.855742   /opt/hostedtoolcache/Python/3.11.15/x64/bin
2026-07-26 04:06:21.905860   /opt/hostedtoolcache/Python/3.11.15/x64/lib/python311.zip
2026-07-26 04:06:21.955988   /opt/hostedtoolcache/Python/3.11.15/x64/lib/python3.11
2026-07-26 04:06:22.006114   /opt/hostedtoolcache/Python/3.11.15/x64/lib/python3.11/lib-dynload
2026-07-26 04:06:22.056243   /opt/hostedtoolcache/Python/3.11.15/x64/lib/python3.11/site-packages
2026-07-26 04:06:22.106363 [ ERROR ] Error in file '/home/runner/work/engg-robot-testing-framework/engg-robot-testing-framework/resources/common.resource' on line 4: Importing library 'playwright_keyword_library.PlaywrightKeywordLibrary' failed: ModuleNotFoundError: No module named 'playwright_keyword_library'
2026-07-26 04:06:22.156487 Traceback (most recent call last):
2026-07-26 04:06:22.206607   None
2026-07-26 04:06:22.256732 PYTHONPATH:
2026-07-26 04:06:22.306854   /opt/hostedtoolcache/Python/3.11.15/x64/bin
2026-07-26 04:06:22.356985   /opt/hostedtoolcache/Python/3.11.15/x64/lib/python311.zip
2026-07-26 04:06:22.407076   /opt/hostedtoolcache/Python/3.11.15/x64/lib/python3.11
2026-07-26 04:06:22.457207   /opt/hostedtoolcache/Python/3.11.15/x64/lib/python3.11/lib-dynload
2026-07-26 04:06:22.507298   /opt/hostedtoolcache/Python/3.11.15/x64/lib/python3.11/site-packages
2026-07-26 04:06:22.557423 [ ERROR ] Error in file '/home/runner/work/engg-robot-testing-framework/engg-robot-testing-framework/resources/product_keywords.resource' on line 2: Importing library 'playwright_keyword_library.PlaywrightKeywordLibrary' failed: ModuleNotFoundError: No module named 'playwright_keyword_library'
2026-07-26 04:06:22.607567 Traceback (most recent call last):
2026-07-26 04:06:22.657708   None
2026-07-26 04:06:22.707845 PYTHONPATH:
2026-07-26 04:06:22.757985   /opt/hostedtoolcache/Python/3.11.15/x64/bin
2026-07-26 04:06:22.808124   /opt/hostedtoolcache/Python/3.11.15/x64/lib/python311.zip
2026-07-26 04:06:22.858265   /opt/hostedtoolcache/Python/3.11.15/x64/lib/python3.11
2026-07-26 04:06:22.908399   /opt/hostedtoolcache/Python/3.11.15/x64/lib/python3.11/lib-dynload
2026-07-26 04:06:22.958537   /opt/hostedtoolcache/Python/3.11.15/x64/lib/python3.11/site-packages
2026-07-26 04:06:23.008641 [ ERROR ] Error in file '/home/runner/work/engg-robot-testing-framework/engg-robot-testing-framework/resources/cart_keywords.resource' on line 2: Importing library 'playwright_keyword_library.PlaywrightKeywordLibrary' failed: ModuleNotFoundError: No module named 'playwright_keyword_library'
2026-07-26 04:06:23.058806 Traceback (most recent call last):
2026-07-26 04:06:23.108911   None
2026-07-26 04:06:23.159050 PYTHONPATH:
2026-07-26 04:06:23.209185   /opt/hostedtoolcache/Python/3.11.15/x64/bin
2026-07-26 04:06:23.259326   /opt/hostedtoolcache/Python/3.11.15/x64/lib/python311.zip
2026-07-26 04:06:23.309437   /opt/hostedtoolcache/Python/3.11.15/x64/lib/python3.11
2026-07-26 04:06:23.359575   /opt/hostedtoolcache/Python/3.11.15/x64/lib/python3.11/lib-dynload
2026-07-26 04:06:23.409710   /opt/hostedtoolcache/Python/3.11.15/x64/lib/python3.11/site-packages
2026-07-26 04:06:23.459845 [ ERROR ] Error in file '/home/runner/work/engg-robot-testing-framework/engg-robot-testing-framework/resources/auth_keywords.resource' on line 2: Importing library 'playwright_keyword_library.PlaywrightKeywordLibrary' failed: ModuleNotFoundError: No module named 'playwright_keyword_library'
2026-07-26 04:06:23.509959 Traceback (most recent call last):
2026-07-26 04:06:23.560104   None
2026-07-26 04:06:23.610210 PYTHONPATH:
2026-07-26 04:06:23.660349   /opt/hostedtoolcache/Python/3.11.15/x64/bin
2026-07-26 04:06:23.710482   /opt/hostedtoolcache/Python/3.11.15/x64/lib/python311.zip
2026-07-26 04:06:23.760623   /opt/hostedtoolcache/Python/3.11.15/x64/lib/python3.11
2026-07-26 04:06:23.810781   /opt/hostedtoolcache/Python/3.11.15/x64/lib/python3.11/lib-dynload
2026-07-26 04:06:23.860921   /opt/hostedtoolcache/Python/3.11.15/x64/lib/python3.11/site-packages
2026-07-26 04:06:31.726845 TC20 Search Products And Verify Cart After Login                      | FAIL |
2026-07-26 04:06:31.764312 Setup failed:
2026-07-26 04:06:31.764326 No keyword with name 'Open Browser' found.
2026-07-26 04:06:31.764335 
2026-07-26 04:06:31.764344 Also teardown failed:
2026-07-26 04:06:31.764352 Several failures occurred:
2026-07-26 04:06:31.764360 
2026-07-26 04:06:31.764367 1) No keyword with name 'Register Keyword To Run On Failure' found.
2026-07-26 04:06:31.764375 
2026-07-26 04:06:31.764382 2) No keyword with name 'Close Browser' found. Did you mean:
2026-07-26 04:06:31.764390     common.Close Test Browser
2026-07-26 04:06:31.764397 ------------------------------------------------------------------------------
2026-07-26 04:06:31.764405 Suites.Cart.TC20 search and verify cart after login :: TC20 - Sear... | FAIL |
2026-07-26 04:06:31.764820 1 test, 0 passed, 1 failed
2026-07-26 04:06:31.764857 ==============================================================================
2026-07-26 04:06:31.764865 Suites.Cart                                                           | FAIL |
2026-07-26 04:06:31.765106 1 test, 0 passed, 1 failed
2026-07-26 04:06:31.765141 ==============================================================================
2026-07-26 04:06:31.765149 Suites                                                                | FAIL |
2026-07-26 04:06:31.765349 1 test, 0 passed, 1 failed
2026-07-26 04:06:31.765387 ==============================================================================
2026-07-26 04:06:31.765395 Output:  /home/runner/work/engg-robot-testing-framework/engg-robot-testing-framework/reports/pabot_results/8/output.xml
