2026-08-28 11:39:27.572496 ==============================================================================
2026-08-28 11:39:27.601790 Suites
2026-08-28 11:39:27.601805 ==============================================================================
2026-08-28 11:39:27.601815 Suites.Cart
2026-08-28 11:39:27.602393 ==============================================================================
2026-08-28 11:39:27.602406 Suites.Cart.TC12 add products to cart :: TC12 - Add Products In Cart
2026-08-28 11:39:27.602406 [ ERROR ] Error in file '/home/runner/work/engg-robot-testing-framework/engg-robot-testing-framework/resources/common.resource' on line 4: Importing library 'playwright_keyword_library.PlaywrightKeywordLibrary' failed: ModuleNotFoundError: No module named 'playwright_keyword_library'
2026-08-28 11:39:27.623128 ==============================================================================
2026-08-28 11:39:27.623128 Traceback (most recent call last):
2026-08-28 11:39:27.623145   None
2026-08-28 11:39:27.673244 PYTHONPATH:
2026-08-28 11:39:27.723376   /opt/hostedtoolcache/Python/3.11.16/x64/bin
2026-08-28 11:39:27.773514   /opt/hostedtoolcache/Python/3.11.16/x64/lib/python311.zip
2026-08-28 11:39:27.823616   /opt/hostedtoolcache/Python/3.11.16/x64/lib/python3.11
2026-08-28 11:39:27.873740   /opt/hostedtoolcache/Python/3.11.16/x64/lib/python3.11/lib-dynload
2026-08-28 11:39:27.923874   /opt/hostedtoolcache/Python/3.11.16/x64/lib/python3.11/site-packages
2026-08-28 11:39:27.973981 [ ERROR ] Error in file '/home/runner/work/engg-robot-testing-framework/engg-robot-testing-framework/resources/product_keywords.resource' on line 2: Importing library 'playwright_keyword_library.PlaywrightKeywordLibrary' failed: ModuleNotFoundError: No module named 'playwright_keyword_library'
2026-08-28 11:39:28.024084 Traceback (most recent call last):
2026-08-28 11:39:28.074190   None
2026-08-28 11:39:28.124324 PYTHONPATH:
2026-08-28 11:39:28.174431   /opt/hostedtoolcache/Python/3.11.16/x64/bin
2026-08-28 11:39:28.224564   /opt/hostedtoolcache/Python/3.11.16/x64/lib/python311.zip
2026-08-28 11:39:28.274688   /opt/hostedtoolcache/Python/3.11.16/x64/lib/python3.11
2026-08-28 11:39:28.324813   /opt/hostedtoolcache/Python/3.11.16/x64/lib/python3.11/lib-dynload
2026-08-28 11:39:28.374936   /opt/hostedtoolcache/Python/3.11.16/x64/lib/python3.11/site-packages
2026-08-28 11:39:28.425081 [ ERROR ] Error in file '/home/runner/work/engg-robot-testing-framework/engg-robot-testing-framework/resources/cart_keywords.resource' on line 2: Importing library 'playwright_keyword_library.PlaywrightKeywordLibrary' failed: ModuleNotFoundError: No module named 'playwright_keyword_library'
2026-08-28 11:39:28.475185 Traceback (most recent call last):
2026-08-28 11:39:28.525314   None
2026-08-28 11:39:28.575436 PYTHONPATH:
2026-08-28 11:39:28.625567   /opt/hostedtoolcache/Python/3.11.16/x64/bin
2026-08-28 11:39:28.675691   /opt/hostedtoolcache/Python/3.11.16/x64/lib/python311.zip
2026-08-28 11:39:28.725824   /opt/hostedtoolcache/Python/3.11.16/x64/lib/python3.11
2026-08-28 11:39:28.775947   /opt/hostedtoolcache/Python/3.11.16/x64/lib/python3.11/lib-dynload
2026-08-28 11:39:28.826088   /opt/hostedtoolcache/Python/3.11.16/x64/lib/python3.11/site-packages
2026-08-28 11:39:37.593716 TC12 Add Products In Cart                                             | FAIL |
2026-08-28 11:39:37.631559 Setup failed:
2026-08-28 11:39:37.631576 No keyword with name 'Open Browser' found.
2026-08-28 11:39:37.631588 
2026-08-28 11:39:37.631615 Also teardown failed:
2026-08-28 11:39:37.631624 Several failures occurred:
2026-08-28 11:39:37.631632 
2026-08-28 11:39:37.631640 1) No keyword with name 'Register Keyword To Run On Failure' found.
2026-08-28 11:39:37.631648 
2026-08-28 11:39:37.631656 2) No keyword with name 'Close Browser' found. Did you mean:
2026-08-28 11:39:37.631664     common.Close Test Browser
2026-08-28 11:39:37.631672 ------------------------------------------------------------------------------
2026-08-28 11:39:37.631680 Suites.Cart.TC12 add products to cart :: TC12 - Add Products In Cart  | FAIL |
2026-08-28 11:39:37.632055 1 test, 0 passed, 1 failed
2026-08-28 11:39:37.632096 ==============================================================================
2026-08-28 11:39:37.632103 Suites.Cart                                                           | FAIL |
2026-08-28 11:39:37.632352 1 test, 0 passed, 1 failed
2026-08-28 11:39:37.632387 ==============================================================================
2026-08-28 11:39:37.632394 Suites                                                                | FAIL |
2026-08-28 11:39:37.632628 1 test, 0 passed, 1 failed
2026-08-28 11:39:37.632666 ==============================================================================
2026-08-28 11:39:37.632674 Output:  /home/runner/work/engg-robot-testing-framework/engg-robot-testing-framework/reports/pabot_results/5/output.xml
