2026-09-25 05:13:25.702520 ==============================================================================
2026-09-25 05:13:25.710426 Suites
2026-09-25 05:13:25.710439 ==============================================================================
2026-09-25 05:13:25.710450 Suites.Auth
2026-09-25 05:13:25.711286 ==============================================================================
2026-09-25 05:13:25.711299 Suites.Auth.TC04 logout user
2026-09-25 05:13:25.711299 [ ERROR ] Error in file '/home/runner/work/engg-robot-testing-framework/engg-robot-testing-framework/tests/auth/TC04_logout_user.robot' on line 2: Importing library 'playwright_keyword_library.PlaywrightKeywordLibrary' failed: ModuleNotFoundError: No module named 'playwright_keyword_library'
2026-09-25 05:13:25.727376 ==============================================================================
2026-09-25 05:13:25.727376 Traceback (most recent call last):
2026-09-25 05:13:25.727392   None
2026-09-25 05:13:25.777482 PYTHONPATH:
2026-09-25 05:13:25.827568   /opt/hostedtoolcache/Python/3.11.16/x64/bin
2026-09-25 05:13:25.877659   /opt/hostedtoolcache/Python/3.11.16/x64/lib/python311.zip
2026-09-25 05:13:25.927745   /opt/hostedtoolcache/Python/3.11.16/x64/lib/python3.11
2026-09-25 05:13:25.977828   /opt/hostedtoolcache/Python/3.11.16/x64/lib/python3.11/lib-dynload
2026-09-25 05:13:26.027927   /opt/hostedtoolcache/Python/3.11.16/x64/lib/python3.11/site-packages
2026-09-25 05:13:26.078015 [ ERROR ] Error in file '/home/runner/work/engg-robot-testing-framework/engg-robot-testing-framework/resources/auth_keywords.resource' on line 2: Importing library 'playwright_keyword_library.PlaywrightKeywordLibrary' failed: ModuleNotFoundError: No module named 'playwright_keyword_library'
2026-09-25 05:13:26.128100 Traceback (most recent call last):
2026-09-25 05:13:26.178351   None
2026-09-25 05:13:26.228562 PYTHONPATH:
2026-09-25 05:13:26.278784   /opt/hostedtoolcache/Python/3.11.16/x64/bin
2026-09-25 05:13:26.329061   /opt/hostedtoolcache/Python/3.11.16/x64/lib/python311.zip
2026-09-25 05:13:26.379349   /opt/hostedtoolcache/Python/3.11.16/x64/lib/python3.11
2026-09-25 05:13:26.429549   /opt/hostedtoolcache/Python/3.11.16/x64/lib/python3.11/lib-dynload
2026-09-25 05:13:26.479825   /opt/hostedtoolcache/Python/3.11.16/x64/lib/python3.11/site-packages
2026-09-25 05:13:26.530020 [ ERROR ] Error in file '/home/runner/work/engg-robot-testing-framework/engg-robot-testing-framework/resources/common.resource' on line 4: Importing library 'playwright_keyword_library.PlaywrightKeywordLibrary' failed: ModuleNotFoundError: No module named 'playwright_keyword_library'
2026-09-25 05:13:26.580376 Traceback (most recent call last):
2026-09-25 05:13:26.630675   None
2026-09-25 05:13:26.680907 PYTHONPATH:
2026-09-25 05:13:26.731164   /opt/hostedtoolcache/Python/3.11.16/x64/bin
2026-09-25 05:13:26.781377   /opt/hostedtoolcache/Python/3.11.16/x64/lib/python311.zip
2026-09-25 05:13:26.831643   /opt/hostedtoolcache/Python/3.11.16/x64/lib/python3.11
2026-09-25 05:13:26.881801   /opt/hostedtoolcache/Python/3.11.16/x64/lib/python3.11/lib-dynload
2026-09-25 05:13:26.931983   /opt/hostedtoolcache/Python/3.11.16/x64/lib/python3.11/site-packages
2026-09-25 05:13:35.705799 TC04 Logout User                                                      | FAIL |
2026-09-25 05:13:35.736638 Setup failed:
2026-09-25 05:13:35.736651 No keyword with name 'Open Browser' found.
2026-09-25 05:13:35.736661 
2026-09-25 05:13:35.736669 Also teardown failed:
2026-09-25 05:13:35.736678 Several failures occurred:
2026-09-25 05:13:35.736686 
2026-09-25 05:13:35.736697 1) No keyword with name 'Register Keyword To Run On Failure' found.
2026-09-25 05:13:35.736705 
2026-09-25 05:13:35.736712 2) No keyword with name 'Close Browser' found. Did you mean:
2026-09-25 05:13:35.736720     common.Close Test Browser
2026-09-25 05:13:35.736727 ------------------------------------------------------------------------------
2026-09-25 05:13:35.736734 Suites.Auth.TC04 logout user                                          | FAIL |
2026-09-25 05:13:35.737255 1 test, 0 passed, 1 failed
2026-09-25 05:13:35.737298 ==============================================================================
2026-09-25 05:13:35.737307 Suites.Auth                                                           | FAIL |
2026-09-25 05:13:35.737662 1 test, 0 passed, 1 failed
2026-09-25 05:13:35.737711 ==============================================================================
2026-09-25 05:13:35.737721 Suites                                                                | FAIL |
2026-09-25 05:13:35.737964 1 test, 0 passed, 1 failed
2026-09-25 05:13:35.738022 ==============================================================================
2026-09-25 05:13:35.738034 Output:  /home/runner/work/engg-robot-testing-framework/engg-robot-testing-framework/reports/pabot_results/3/output.xml
