2026-06-26 04:50:09.717187 ==============================================================================
2026-06-26 04:50:09.766261 Suites
2026-06-26 04:50:09.766302 ==============================================================================
2026-06-26 04:50:09.766324 Suites.Cart
2026-06-26 04:50:09.768502 ==============================================================================
2026-06-26 04:50:09.768525 Suites.Cart.TC22 add from recommended items :: TC22 - Add To Cart From Reco...
2026-06-26 04:50:09.768525 [ ERROR ] Error in file '/home/runner/work/engg-robot-testing-framework/engg-robot-testing-framework/resources/common.resource' on line 4: Importing library 'playwright_keyword_library.PlaywrightKeywordLibrary' failed: ModuleNotFoundError: No module named 'playwright_keyword_library'
2026-06-26 04:50:09.796214 ==============================================================================
2026-06-26 04:50:09.796214 Traceback (most recent call last):
2026-06-26 04:50:09.796241   None
2026-06-26 04:50:09.846412 PYTHONPATH:
2026-06-26 04:50:09.896596   /opt/hostedtoolcache/Python/3.11.15/x64/bin
2026-06-26 04:50:09.946861   /opt/hostedtoolcache/Python/3.11.15/x64/lib/python311.zip
2026-06-26 04:50:09.997039   /opt/hostedtoolcache/Python/3.11.15/x64/lib/python3.11
2026-06-26 04:50:10.047203   /opt/hostedtoolcache/Python/3.11.15/x64/lib/python3.11/lib-dynload
2026-06-26 04:50:10.097424   /opt/hostedtoolcache/Python/3.11.15/x64/lib/python3.11/site-packages
2026-06-26 04:50:10.147692 [ ERROR ] Error in file '/home/runner/work/engg-robot-testing-framework/engg-robot-testing-framework/resources/cart_keywords.resource' on line 2: Importing library 'playwright_keyword_library.PlaywrightKeywordLibrary' failed: ModuleNotFoundError: No module named 'playwright_keyword_library'
2026-06-26 04:50:10.197973 Traceback (most recent call last):
2026-06-26 04:50:10.248284   None
2026-06-26 04:50:10.298493 PYTHONPATH:
2026-06-26 04:50:10.348707   /opt/hostedtoolcache/Python/3.11.15/x64/bin
2026-06-26 04:50:10.399255   /opt/hostedtoolcache/Python/3.11.15/x64/lib/python311.zip
2026-06-26 04:50:10.449470   /opt/hostedtoolcache/Python/3.11.15/x64/lib/python3.11
2026-06-26 04:50:10.499752   /opt/hostedtoolcache/Python/3.11.15/x64/lib/python3.11/lib-dynload
2026-06-26 04:50:10.549937   /opt/hostedtoolcache/Python/3.11.15/x64/lib/python3.11/site-packages
2026-06-26 04:50:19.785967 TC22 Add To Cart From Recommended Items                               | FAIL |
2026-06-26 04:50:19.807807 Setup failed:
2026-06-26 04:50:19.807824 No keyword with name 'Open Browser' found.
2026-06-26 04:50:19.807836 
2026-06-26 04:50:19.807875 Also teardown failed:
2026-06-26 04:50:19.807884 Several failures occurred:
2026-06-26 04:50:19.807892 
2026-06-26 04:50:19.807900 1) No keyword with name 'Register Keyword To Run On Failure' found.
2026-06-26 04:50:19.807908 
2026-06-26 04:50:19.807916 2) No keyword with name 'Close Browser' found. Did you mean:
2026-06-26 04:50:19.807924     common.Close Test Browser
2026-06-26 04:50:19.807932 ------------------------------------------------------------------------------
2026-06-26 04:50:19.807940 Suites.Cart.TC22 add from recommended items :: TC22 - Add To Cart ... | FAIL |
2026-06-26 04:50:19.808402 1 test, 0 passed, 1 failed
2026-06-26 04:50:19.808465 ==============================================================================
2026-06-26 04:50:19.808475 Suites.Cart                                                           | FAIL |
2026-06-26 04:50:19.808721 1 test, 0 passed, 1 failed
2026-06-26 04:50:19.808731 ==============================================================================
2026-06-26 04:50:19.808739 Suites                                                                | FAIL |
2026-06-26 04:50:19.809040 1 test, 0 passed, 1 failed
2026-06-26 04:50:19.809051 ==============================================================================
2026-06-26 04:50:19.809058 Output:  /home/runner/work/engg-robot-testing-framework/engg-robot-testing-framework/reports/pabot_results/9/output.xml
