2026-07-31 03:59:58.273517 ==============================================================================
2026-07-31 03:59:58.297647 Suites
2026-07-31 03:59:58.297807 ==============================================================================
2026-07-31 03:59:58.297829 Suites.Auth
2026-07-31 03:59:58.298663 ==============================================================================
2026-07-31 03:59:58.298681 Suites.Auth.TC02 login valid
2026-07-31 03:59:58.298681 [ ERROR ] Error in file '/home/runner/work/engg-robot-testing-framework/engg-robot-testing-framework/tests/auth/TC02_login_valid.robot' on line 2: Importing library 'playwright_keyword_library.PlaywrightKeywordLibrary' failed: ModuleNotFoundError: No module named 'playwright_keyword_library'
2026-07-31 03:59:58.318455 ==============================================================================
2026-07-31 03:59:58.318455 Traceback (most recent call last):
2026-07-31 03:59:58.318568   None
2026-07-31 03:59:58.368737 PYTHONPATH:
2026-07-31 03:59:58.418914   /opt/hostedtoolcache/Python/3.11.15/x64/bin
2026-07-31 03:59:58.469099   /opt/hostedtoolcache/Python/3.11.15/x64/lib/python311.zip
2026-07-31 03:59:58.519275   /opt/hostedtoolcache/Python/3.11.15/x64/lib/python3.11
2026-07-31 03:59:58.569440   /opt/hostedtoolcache/Python/3.11.15/x64/lib/python3.11/lib-dynload
2026-07-31 03:59:58.619596   /opt/hostedtoolcache/Python/3.11.15/x64/lib/python3.11/site-packages
2026-07-31 03:59:58.669797 [ ERROR ] Error in file '/home/runner/work/engg-robot-testing-framework/engg-robot-testing-framework/resources/auth_keywords.resource' on line 2: Importing library 'playwright_keyword_library.PlaywrightKeywordLibrary' failed: ModuleNotFoundError: No module named 'playwright_keyword_library'
2026-07-31 03:59:58.719974 Traceback (most recent call last):
2026-07-31 03:59:58.770180   None
2026-07-31 03:59:58.820438 PYTHONPATH:
2026-07-31 03:59:58.870653   /opt/hostedtoolcache/Python/3.11.15/x64/bin
2026-07-31 03:59:58.920940   /opt/hostedtoolcache/Python/3.11.15/x64/lib/python311.zip
2026-07-31 03:59:58.971242   /opt/hostedtoolcache/Python/3.11.15/x64/lib/python3.11
2026-07-31 03:59:59.021477   /opt/hostedtoolcache/Python/3.11.15/x64/lib/python3.11/lib-dynload
2026-07-31 03:59:59.071825   /opt/hostedtoolcache/Python/3.11.15/x64/lib/python3.11/site-packages
2026-07-31 03:59:59.122068 [ ERROR ] Error in file '/home/runner/work/engg-robot-testing-framework/engg-robot-testing-framework/resources/common.resource' on line 4: Importing library 'playwright_keyword_library.PlaywrightKeywordLibrary' failed: ModuleNotFoundError: No module named 'playwright_keyword_library'
2026-07-31 03:59:59.172379 Traceback (most recent call last):
2026-07-31 03:59:59.222601   None
2026-07-31 03:59:59.272899 PYTHONPATH:
2026-07-31 03:59:59.323110   /opt/hostedtoolcache/Python/3.11.15/x64/bin
2026-07-31 03:59:59.373429   /opt/hostedtoolcache/Python/3.11.15/x64/lib/python311.zip
2026-07-31 03:59:59.423665   /opt/hostedtoolcache/Python/3.11.15/x64/lib/python3.11
2026-07-31 03:59:59.473969   /opt/hostedtoolcache/Python/3.11.15/x64/lib/python3.11/lib-dynload
2026-07-31 03:59:59.524224   /opt/hostedtoolcache/Python/3.11.15/x64/lib/python3.11/site-packages
2026-07-31 04:00:08.300052 TC02 Login User With Correct Email And Password                       | FAIL |
2026-07-31 04:00:08.329370 Setup failed:
2026-07-31 04:00:08.329383 No keyword with name 'Open Browser' found.
2026-07-31 04:00:08.329391 
2026-07-31 04:00:08.329398 Also teardown failed:
2026-07-31 04:00:08.329405 Several failures occurred:
2026-07-31 04:00:08.329412 
2026-07-31 04:00:08.329419 1) No keyword with name 'Register Keyword To Run On Failure' found.
2026-07-31 04:00:08.329427 
2026-07-31 04:00:08.329433 2) No keyword with name 'Close Browser' found. Did you mean:
2026-07-31 04:00:08.329440     common.Close Test Browser
2026-07-31 04:00:08.329446 ------------------------------------------------------------------------------
2026-07-31 04:00:08.329452 Suites.Auth.TC02 login valid                                          | FAIL |
2026-07-31 04:00:08.330271 1 test, 0 passed, 1 failed
2026-07-31 04:00:08.330286 ==============================================================================
2026-07-31 04:00:08.330296 Suites.Auth                                                           | FAIL |
2026-07-31 04:00:08.330965 1 test, 0 passed, 1 failed
2026-07-31 04:00:08.330973 ==============================================================================
2026-07-31 04:00:08.330979 Suites                                                                | FAIL |
2026-07-31 04:00:08.332972 1 test, 0 passed, 1 failed
2026-07-31 04:00:08.332979 ==============================================================================
2026-07-31 04:00:08.332985 Output:  /home/runner/work/engg-robot-testing-framework/engg-robot-testing-framework/reports/pabot_results/1/output.xml
