2026-07-02 04:40:12.100627 ==============================================================================
2026-07-02 04:40:12.132574 Suites
2026-07-02 04:40:12.132597 ==============================================================================
2026-07-02 04:40:12.132613 Suites.Cart
2026-07-02 04:40:12.133479 ==============================================================================
2026-07-02 04:40:12.133498 Suites.Cart.TC17 remove products from cart :: TC17 - Remove Products From Cart
2026-07-02 04:40:12.133498 [ ERROR ] Error in file '/home/runner/work/engg-robot-testing-framework/engg-robot-testing-framework/resources/common.resource' on line 4: Importing library 'playwright_keyword_library.PlaywrightKeywordLibrary' failed: ModuleNotFoundError: No module named 'playwright_keyword_library'
2026-07-02 04:40:12.164669 ==============================================================================
2026-07-02 04:40:12.164669 Traceback (most recent call last):
2026-07-02 04:40:12.164697   None
2026-07-02 04:40:12.214858 PYTHONPATH:
2026-07-02 04:40:12.265018   /opt/hostedtoolcache/Python/3.11.15/x64/bin
2026-07-02 04:40:12.315219   /opt/hostedtoolcache/Python/3.11.15/x64/lib/python311.zip
2026-07-02 04:40:12.365406   /opt/hostedtoolcache/Python/3.11.15/x64/lib/python3.11
2026-07-02 04:40:12.415577   /opt/hostedtoolcache/Python/3.11.15/x64/lib/python3.11/lib-dynload
2026-07-02 04:40:12.465751   /opt/hostedtoolcache/Python/3.11.15/x64/lib/python3.11/site-packages
2026-07-02 04:40:12.515948 [ ERROR ] Error in file '/home/runner/work/engg-robot-testing-framework/engg-robot-testing-framework/resources/product_keywords.resource' on line 2: Importing library 'playwright_keyword_library.PlaywrightKeywordLibrary' failed: ModuleNotFoundError: No module named 'playwright_keyword_library'
2026-07-02 04:40:12.566149 Traceback (most recent call last):
2026-07-02 04:40:12.616386   None
2026-07-02 04:40:12.666569 PYTHONPATH:
2026-07-02 04:40:12.716785   /opt/hostedtoolcache/Python/3.11.15/x64/bin
2026-07-02 04:40:12.766942   /opt/hostedtoolcache/Python/3.11.15/x64/lib/python311.zip
2026-07-02 04:40:12.817153   /opt/hostedtoolcache/Python/3.11.15/x64/lib/python3.11
2026-07-02 04:40:12.867384   /opt/hostedtoolcache/Python/3.11.15/x64/lib/python3.11/lib-dynload
2026-07-02 04:40:12.917591   /opt/hostedtoolcache/Python/3.11.15/x64/lib/python3.11/site-packages
2026-07-02 04:40:12.967851 [ ERROR ] Error in file '/home/runner/work/engg-robot-testing-framework/engg-robot-testing-framework/resources/cart_keywords.resource' on line 2: Importing library 'playwright_keyword_library.PlaywrightKeywordLibrary' failed: ModuleNotFoundError: No module named 'playwright_keyword_library'
2026-07-02 04:40:13.018058 Traceback (most recent call last):
2026-07-02 04:40:13.068280   None
2026-07-02 04:40:13.118472 PYTHONPATH:
2026-07-02 04:40:13.168801   /opt/hostedtoolcache/Python/3.11.15/x64/bin
2026-07-02 04:40:13.219038   /opt/hostedtoolcache/Python/3.11.15/x64/lib/python311.zip
2026-07-02 04:40:13.269363   /opt/hostedtoolcache/Python/3.11.15/x64/lib/python3.11
2026-07-02 04:40:13.319600   /opt/hostedtoolcache/Python/3.11.15/x64/lib/python3.11/lib-dynload
2026-07-02 04:40:13.369915   /opt/hostedtoolcache/Python/3.11.15/x64/lib/python3.11/site-packages
2026-07-02 04:40:22.147805 TC17 Remove Products From Cart                                        | FAIL |
2026-07-02 04:40:22.176542 Setup failed:
2026-07-02 04:40:22.176567 No keyword with name 'Open Browser' found.
2026-07-02 04:40:22.176615 
2026-07-02 04:40:22.176631 Also teardown failed:
2026-07-02 04:40:22.176645 Several failures occurred:
2026-07-02 04:40:22.176659 
2026-07-02 04:40:22.176672 1) No keyword with name 'Register Keyword To Run On Failure' found.
2026-07-02 04:40:22.176685 
2026-07-02 04:40:22.176696 2) No keyword with name 'Close Browser' found. Did you mean:
2026-07-02 04:40:22.176709     common.Close Test Browser
2026-07-02 04:40:22.176721 ------------------------------------------------------------------------------
2026-07-02 04:40:22.176733 Suites.Cart.TC17 remove products from cart :: TC17 - Remove Produc... | FAIL |
2026-07-02 04:40:22.177211 1 test, 0 passed, 1 failed
2026-07-02 04:40:22.177303 ==============================================================================
2026-07-02 04:40:22.177318 Suites.Cart                                                           | FAIL |
2026-07-02 04:40:22.177828 1 test, 0 passed, 1 failed
2026-07-02 04:40:22.177847 ==============================================================================
2026-07-02 04:40:22.177861 Suites                                                                | FAIL |
2026-07-02 04:40:22.178207 1 test, 0 passed, 1 failed
2026-07-02 04:40:22.178436 ==============================================================================
2026-07-02 04:40:22.178453 Output:  /home/runner/work/engg-robot-testing-framework/engg-robot-testing-framework/reports/pabot_results/7/output.xml
