2026-08-27 10:07:46.316199 ==============================================================================
2026-08-27 10:07:46.347626 Suites
2026-08-27 10:07:46.347645 ==============================================================================
2026-08-27 10:07:46.347664 Suites.Auth
2026-08-27 10:07:46.348781 ==============================================================================
2026-08-27 10:07:46.348799 Suites.Auth.TC01 register user
2026-08-27 10:07:46.348799 [ ERROR ] Error in file '/home/runner/work/engg-robot-testing-framework/engg-robot-testing-framework/tests/auth/TC01_register_user.robot' on line 2: Importing library 'playwright_keyword_library.PlaywrightKeywordLibrary' failed: ModuleNotFoundError: No module named 'playwright_keyword_library'
2026-08-27 10:07:46.370271 ==============================================================================
2026-08-27 10:07:46.370271 Traceback (most recent call last):
2026-08-27 10:07:46.370294   None
2026-08-27 10:07:46.420435 PYTHONPATH:
2026-08-27 10:07:46.470542   /opt/hostedtoolcache/Python/3.11.16/x64/bin
2026-08-27 10:07:46.520653   /opt/hostedtoolcache/Python/3.11.16/x64/lib/python311.zip
2026-08-27 10:07:46.570768   /opt/hostedtoolcache/Python/3.11.16/x64/lib/python3.11
2026-08-27 10:07:46.620887   /opt/hostedtoolcache/Python/3.11.16/x64/lib/python3.11/lib-dynload
2026-08-27 10:07:46.670997   /opt/hostedtoolcache/Python/3.11.16/x64/lib/python3.11/site-packages
2026-08-27 10:07:46.721142 [ ERROR ] Error in file '/home/runner/work/engg-robot-testing-framework/engg-robot-testing-framework/resources/auth_keywords.resource' on line 2: Importing library 'playwright_keyword_library.PlaywrightKeywordLibrary' failed: ModuleNotFoundError: No module named 'playwright_keyword_library'
2026-08-27 10:07:46.771232 Traceback (most recent call last):
2026-08-27 10:07:46.821393   None
2026-08-27 10:07:46.871535 PYTHONPATH:
2026-08-27 10:07:46.921691   /opt/hostedtoolcache/Python/3.11.16/x64/bin
2026-08-27 10:07:46.971840   /opt/hostedtoolcache/Python/3.11.16/x64/lib/python311.zip
2026-08-27 10:07:47.021999   /opt/hostedtoolcache/Python/3.11.16/x64/lib/python3.11
2026-08-27 10:07:47.072123   /opt/hostedtoolcache/Python/3.11.16/x64/lib/python3.11/lib-dynload
2026-08-27 10:07:47.122253   /opt/hostedtoolcache/Python/3.11.16/x64/lib/python3.11/site-packages
2026-08-27 10:07:47.172359 [ ERROR ] Error in file '/home/runner/work/engg-robot-testing-framework/engg-robot-testing-framework/resources/common.resource' on line 4: Importing library 'playwright_keyword_library.PlaywrightKeywordLibrary' failed: ModuleNotFoundError: No module named 'playwright_keyword_library'
2026-08-27 10:07:47.222635 Traceback (most recent call last):
2026-08-27 10:07:47.272841   None
2026-08-27 10:07:47.323117 PYTHONPATH:
2026-08-27 10:07:47.373417   /opt/hostedtoolcache/Python/3.11.16/x64/bin
2026-08-27 10:07:47.423665   /opt/hostedtoolcache/Python/3.11.16/x64/lib/python311.zip
2026-08-27 10:07:47.473962   /opt/hostedtoolcache/Python/3.11.16/x64/lib/python3.11
2026-08-27 10:07:47.524206   /opt/hostedtoolcache/Python/3.11.16/x64/lib/python3.11/lib-dynload
2026-08-27 10:07:47.574645   /opt/hostedtoolcache/Python/3.11.16/x64/lib/python3.11/site-packages
2026-08-27 10:07:56.352322 TC01 Register User                                                    | FAIL |
2026-08-27 10:07:56.381289 Setup failed:
2026-08-27 10:07:56.381325 No keyword with name 'Open Browser' found.
2026-08-27 10:07:56.381352 
2026-08-27 10:07:56.381386 Also teardown failed:
2026-08-27 10:07:56.381400 Several failures occurred:
2026-08-27 10:07:56.381412 
2026-08-27 10:07:56.381424 1) No keyword with name 'Register Keyword To Run On Failure' found.
2026-08-27 10:07:56.381437 
2026-08-27 10:07:56.381449 2) No keyword with name 'Close Browser' found. Did you mean:
2026-08-27 10:07:56.381461     common.Close Test Browser
2026-08-27 10:07:56.381473 ------------------------------------------------------------------------------
2026-08-27 10:07:56.381485 Suites.Auth.TC01 register user                                        | FAIL |
2026-08-27 10:07:56.381998 1 test, 0 passed, 1 failed
2026-08-27 10:07:56.382025 ==============================================================================
2026-08-27 10:07:56.382044 Suites.Auth                                                           | FAIL |
2026-08-27 10:07:56.382475 1 test, 0 passed, 1 failed
2026-08-27 10:07:56.382552 ==============================================================================
2026-08-27 10:07:56.382565 Suites                                                                | FAIL |
2026-08-27 10:07:56.382862 1 test, 0 passed, 1 failed
2026-08-27 10:07:56.382904 ==============================================================================
2026-08-27 10:07:56.382915 Output:  /home/runner/work/engg-robot-testing-framework/engg-robot-testing-framework/reports/pabot_results/0/output.xml
