2026-06-12 05:13:40.230927 ==============================================================================
2026-06-12 05:13:40.245172 Suites
2026-06-12 05:13:40.245193 ==============================================================================
2026-06-12 05:13:40.245206 Suites.Auth
2026-06-12 05:13:40.245942 ==============================================================================
2026-06-12 05:13:40.346237 Suites.Auth.TC01 register user
2026-06-12 05:13:40.384268 ==============================================================================
2026-06-12 05:14:04.596131 TC01 Register User                                                    | FAIL |
2026-06-12 05:14:04.600158 Setup failed:
2026-06-12 05:14:04.600172 Title should have been 'Automation Exercise' but was 'One moment, please...'.
2026-06-12 05:14:04.600180 ------------------------------------------------------------------------------
2026-06-12 05:14:04.600187 Suites.Auth.TC01 register user                                        | FAIL |
2026-06-12 05:14:04.600794 1 test, 0 passed, 1 failed
2026-06-12 05:14:04.600827 ==============================================================================
2026-06-12 05:14:04.600834 Suites.Auth                                                           | FAIL |
2026-06-12 05:14:04.601171 1 test, 0 passed, 1 failed
2026-06-12 05:14:04.601209 ==============================================================================
2026-06-12 05:14:04.601216 Suites                                                                | FAIL |
2026-06-12 05:14:04.601501 1 test, 0 passed, 1 failed
2026-06-12 05:14:04.601535 ==============================================================================
2026-06-12 05:14:04.601541 Output:  /home/runner/work/engg-robot-testing-framework/engg-robot-testing-framework/reports/pabot_results/0/output.xml
