2026-07-17 03:47:12.008004 ==============================================================================
2026-07-17 03:47:12.030594 Suites
2026-07-17 03:47:12.030615 ==============================================================================
2026-07-17 03:47:12.030631 Suites.Cart
2026-07-17 03:47:12.031502 ==============================================================================
2026-07-17 03:47:12.031522 Suites.Cart.TC20 search and verify cart after login :: TC20 - Search Produc...
2026-07-17 03:47:12.031522 [ ERROR ] Error in file '/home/runner/work/engg-robot-testing-framework/engg-robot-testing-framework/tests/cart/TC20_search_and_verify_cart_after_login.robot' on line 3: Importing library 'playwright_keyword_library.PlaywrightKeywordLibrary' failed: ModuleNotFoundError: No module named 'playwright_keyword_library'
2026-07-17 03:47:12.067809 ==============================================================================
2026-07-17 03:47:12.067809 Traceback (most recent call last):
2026-07-17 03:47:12.067833   None
2026-07-17 03:47:12.117961 PYTHONPATH:
2026-07-17 03:47:12.168080   /opt/hostedtoolcache/Python/3.11.15/x64/bin
2026-07-17 03:47:12.218194   /opt/hostedtoolcache/Python/3.11.15/x64/lib/python311.zip
2026-07-17 03:47:12.268301   /opt/hostedtoolcache/Python/3.11.15/x64/lib/python3.11
2026-07-17 03:47:12.318415   /opt/hostedtoolcache/Python/3.11.15/x64/lib/python3.11/lib-dynload
2026-07-17 03:47:12.368547   /opt/hostedtoolcache/Python/3.11.15/x64/lib/python3.11/site-packages
2026-07-17 03:47:12.418694 [ ERROR ] Error in file '/home/runner/work/engg-robot-testing-framework/engg-robot-testing-framework/resources/common.resource' on line 4: Importing library 'playwright_keyword_library.PlaywrightKeywordLibrary' failed: ModuleNotFoundError: No module named 'playwright_keyword_library'
2026-07-17 03:47:12.468801 Traceback (most recent call last):
2026-07-17 03:47:12.518951   None
2026-07-17 03:47:12.569098 PYTHONPATH:
2026-07-17 03:47:12.619246   /opt/hostedtoolcache/Python/3.11.15/x64/bin
2026-07-17 03:47:12.669388   /opt/hostedtoolcache/Python/3.11.15/x64/lib/python311.zip
2026-07-17 03:47:12.719536   /opt/hostedtoolcache/Python/3.11.15/x64/lib/python3.11
2026-07-17 03:47:12.769688   /opt/hostedtoolcache/Python/3.11.15/x64/lib/python3.11/lib-dynload
2026-07-17 03:47:12.819851   /opt/hostedtoolcache/Python/3.11.15/x64/lib/python3.11/site-packages
2026-07-17 03:47:12.870004 [ ERROR ] Error in file '/home/runner/work/engg-robot-testing-framework/engg-robot-testing-framework/resources/product_keywords.resource' on line 2: Importing library 'playwright_keyword_library.PlaywrightKeywordLibrary' failed: ModuleNotFoundError: No module named 'playwright_keyword_library'
2026-07-17 03:47:12.920165 Traceback (most recent call last):
2026-07-17 03:47:12.970316   None
2026-07-17 03:47:13.020436 PYTHONPATH:
2026-07-17 03:47:13.070584   /opt/hostedtoolcache/Python/3.11.15/x64/bin
2026-07-17 03:47:13.120731   /opt/hostedtoolcache/Python/3.11.15/x64/lib/python311.zip
2026-07-17 03:47:13.170886   /opt/hostedtoolcache/Python/3.11.15/x64/lib/python3.11
2026-07-17 03:47:13.221035   /opt/hostedtoolcache/Python/3.11.15/x64/lib/python3.11/lib-dynload
2026-07-17 03:47:13.271170   /opt/hostedtoolcache/Python/3.11.15/x64/lib/python3.11/site-packages
2026-07-17 03:47:13.321305 [ ERROR ] Error in file '/home/runner/work/engg-robot-testing-framework/engg-robot-testing-framework/resources/cart_keywords.resource' on line 2: Importing library 'playwright_keyword_library.PlaywrightKeywordLibrary' failed: ModuleNotFoundError: No module named 'playwright_keyword_library'
2026-07-17 03:47:13.371441 Traceback (most recent call last):
2026-07-17 03:47:13.421595   None
2026-07-17 03:47:13.471747 PYTHONPATH:
2026-07-17 03:47:13.521893   /opt/hostedtoolcache/Python/3.11.15/x64/bin
2026-07-17 03:47:13.572040   /opt/hostedtoolcache/Python/3.11.15/x64/lib/python311.zip
2026-07-17 03:47:13.622160   /opt/hostedtoolcache/Python/3.11.15/x64/lib/python3.11
2026-07-17 03:47:13.672315   /opt/hostedtoolcache/Python/3.11.15/x64/lib/python3.11/lib-dynload
2026-07-17 03:47:13.722443   /opt/hostedtoolcache/Python/3.11.15/x64/lib/python3.11/site-packages
2026-07-17 03:47:13.772591 [ ERROR ] Error in file '/home/runner/work/engg-robot-testing-framework/engg-robot-testing-framework/resources/auth_keywords.resource' on line 2: Importing library 'playwright_keyword_library.PlaywrightKeywordLibrary' failed: ModuleNotFoundError: No module named 'playwright_keyword_library'
2026-07-17 03:47:13.822755 Traceback (most recent call last):
2026-07-17 03:47:13.872869   None
2026-07-17 03:47:13.923001 PYTHONPATH:
2026-07-17 03:47:13.973151   /opt/hostedtoolcache/Python/3.11.15/x64/bin
2026-07-17 03:47:14.023269   /opt/hostedtoolcache/Python/3.11.15/x64/lib/python311.zip
2026-07-17 03:47:14.073417   /opt/hostedtoolcache/Python/3.11.15/x64/lib/python3.11
2026-07-17 03:47:14.123564   /opt/hostedtoolcache/Python/3.11.15/x64/lib/python3.11/lib-dynload
2026-07-17 03:47:14.173713   /opt/hostedtoolcache/Python/3.11.15/x64/lib/python3.11/site-packages
2026-07-17 03:47:22.043526 TC20 Search Products And Verify Cart After Login                      | FAIL |
2026-07-17 03:47:22.079840 Setup failed:
2026-07-17 03:47:22.079862 No keyword with name 'Open Browser' found.
2026-07-17 03:47:22.079877 
2026-07-17 03:47:22.079891 Also teardown failed:
2026-07-17 03:47:22.079904 Several failures occurred:
2026-07-17 03:47:22.079918 
2026-07-17 03:47:22.079931 1) No keyword with name 'Register Keyword To Run On Failure' found.
2026-07-17 03:47:22.079945 
2026-07-17 03:47:22.079958 2) No keyword with name 'Close Browser' found. Did you mean:
2026-07-17 03:47:22.079973     common.Close Test Browser
2026-07-17 03:47:22.079986 ------------------------------------------------------------------------------
2026-07-17 03:47:22.079999 Suites.Cart.TC20 search and verify cart after login :: TC20 - Sear... | FAIL |
2026-07-17 03:47:22.080316 1 test, 0 passed, 1 failed
2026-07-17 03:47:22.080383 ==============================================================================
2026-07-17 03:47:22.080398 Suites.Cart                                                           | FAIL |
2026-07-17 03:47:22.080741 1 test, 0 passed, 1 failed
2026-07-17 03:47:22.080804 ==============================================================================
2026-07-17 03:47:22.080820 Suites                                                                | FAIL |
2026-07-17 03:47:22.081120 1 test, 0 passed, 1 failed
2026-07-17 03:47:22.081187 ==============================================================================
2026-07-17 03:47:22.081228 Output:  /home/runner/work/engg-robot-testing-framework/engg-robot-testing-framework/reports/pabot_results/8/output.xml
