2026-08-22 01:57:58.888381 ==============================================================================
2026-08-22 01:57:58.912723 Suites
2026-08-22 01:57:58.912745 ==============================================================================
2026-08-22 01:57:58.912760 Suites.Cart
2026-08-22 01:57:58.913587 ==============================================================================
2026-08-22 01:57:58.913606 Suites.Cart.TC20 search and verify cart after login :: TC20 - Search Produc...
2026-08-22 01:57:58.913606 [ ERROR ] Error in file '/home/runner/work/engg-robot-testing-framework/engg-robot-testing-framework/tests/cart/TC20_search_and_verify_cart_after_login.robot' on line 3: Importing library 'playwright_keyword_library.PlaywrightKeywordLibrary' failed: ModuleNotFoundError: No module named 'playwright_keyword_library'
2026-08-22 01:57:58.950334 ==============================================================================
2026-08-22 01:57:58.950334 Traceback (most recent call last):
2026-08-22 01:57:58.950358   None
2026-08-22 01:57:59.000464 PYTHONPATH:
2026-08-22 01:57:59.050590   /opt/hostedtoolcache/Python/3.11.16/x64/bin
2026-08-22 01:57:59.100668   /opt/hostedtoolcache/Python/3.11.16/x64/lib/python311.zip
2026-08-22 01:57:59.150788   /opt/hostedtoolcache/Python/3.11.16/x64/lib/python3.11
2026-08-22 01:57:59.200891   /opt/hostedtoolcache/Python/3.11.16/x64/lib/python3.11/lib-dynload
2026-08-22 01:57:59.251050   /opt/hostedtoolcache/Python/3.11.16/x64/lib/python3.11/site-packages
2026-08-22 01:57:59.301190 [ ERROR ] Error in file '/home/runner/work/engg-robot-testing-framework/engg-robot-testing-framework/resources/common.resource' on line 4: Importing library 'playwright_keyword_library.PlaywrightKeywordLibrary' failed: ModuleNotFoundError: No module named 'playwright_keyword_library'
2026-08-22 01:57:59.351356 Traceback (most recent call last):
2026-08-22 01:57:59.401508   None
2026-08-22 01:57:59.451656 PYTHONPATH:
2026-08-22 01:57:59.501806   /opt/hostedtoolcache/Python/3.11.16/x64/bin
2026-08-22 01:57:59.551955   /opt/hostedtoolcache/Python/3.11.16/x64/lib/python311.zip
2026-08-22 01:57:59.602103   /opt/hostedtoolcache/Python/3.11.16/x64/lib/python3.11
2026-08-22 01:57:59.652254   /opt/hostedtoolcache/Python/3.11.16/x64/lib/python3.11/lib-dynload
2026-08-22 01:57:59.702405   /opt/hostedtoolcache/Python/3.11.16/x64/lib/python3.11/site-packages
2026-08-22 01:57:59.752561 [ ERROR ] Error in file '/home/runner/work/engg-robot-testing-framework/engg-robot-testing-framework/resources/product_keywords.resource' on line 2: Importing library 'playwright_keyword_library.PlaywrightKeywordLibrary' failed: ModuleNotFoundError: No module named 'playwright_keyword_library'
2026-08-22 01:57:59.802740 Traceback (most recent call last):
2026-08-22 01:57:59.852918   None
2026-08-22 01:57:59.903128 PYTHONPATH:
2026-08-22 01:57:59.953295   /opt/hostedtoolcache/Python/3.11.16/x64/bin
2026-08-22 01:58:00.003463   /opt/hostedtoolcache/Python/3.11.16/x64/lib/python311.zip
2026-08-22 01:58:00.053635   /opt/hostedtoolcache/Python/3.11.16/x64/lib/python3.11
2026-08-22 01:58:00.103791   /opt/hostedtoolcache/Python/3.11.16/x64/lib/python3.11/lib-dynload
2026-08-22 01:58:00.153943   /opt/hostedtoolcache/Python/3.11.16/x64/lib/python3.11/site-packages
2026-08-22 01:58:00.204090 [ ERROR ] Error in file '/home/runner/work/engg-robot-testing-framework/engg-robot-testing-framework/resources/cart_keywords.resource' on line 2: Importing library 'playwright_keyword_library.PlaywrightKeywordLibrary' failed: ModuleNotFoundError: No module named 'playwright_keyword_library'
2026-08-22 01:58:00.254234 Traceback (most recent call last):
2026-08-22 01:58:00.304417   None
2026-08-22 01:58:00.354584 PYTHONPATH:
2026-08-22 01:58:00.404764   /opt/hostedtoolcache/Python/3.11.16/x64/bin
2026-08-22 01:58:00.454942   /opt/hostedtoolcache/Python/3.11.16/x64/lib/python311.zip
2026-08-22 01:58:00.505077   /opt/hostedtoolcache/Python/3.11.16/x64/lib/python3.11
2026-08-22 01:58:00.555236   /opt/hostedtoolcache/Python/3.11.16/x64/lib/python3.11/lib-dynload
2026-08-22 01:58:00.605429   /opt/hostedtoolcache/Python/3.11.16/x64/lib/python3.11/site-packages
2026-08-22 01:58:00.655614 [ ERROR ] Error in file '/home/runner/work/engg-robot-testing-framework/engg-robot-testing-framework/resources/auth_keywords.resource' on line 2: Importing library 'playwright_keyword_library.PlaywrightKeywordLibrary' failed: ModuleNotFoundError: No module named 'playwright_keyword_library'
2026-08-22 01:58:00.705807 Traceback (most recent call last):
2026-08-22 01:58:00.755993   None
2026-08-22 01:58:00.806189 PYTHONPATH:
2026-08-22 01:58:00.856370   /opt/hostedtoolcache/Python/3.11.16/x64/bin
2026-08-22 01:58:00.906558   /opt/hostedtoolcache/Python/3.11.16/x64/lib/python311.zip
2026-08-22 01:58:00.956736   /opt/hostedtoolcache/Python/3.11.16/x64/lib/python3.11
2026-08-22 01:58:01.006912   /opt/hostedtoolcache/Python/3.11.16/x64/lib/python3.11/lib-dynload
2026-08-22 01:58:01.057091   /opt/hostedtoolcache/Python/3.11.16/x64/lib/python3.11/site-packages
2026-08-22 01:58:08.926509 TC20 Search Products And Verify Cart After Login                      | FAIL |
2026-08-22 01:58:08.962129 Setup failed:
2026-08-22 01:58:08.962148 No keyword with name 'Open Browser' found.
2026-08-22 01:58:08.962163 
2026-08-22 01:58:08.962177 Also teardown failed:
2026-08-22 01:58:08.962191 Several failures occurred:
2026-08-22 01:58:08.962203 
2026-08-22 01:58:08.962215 1) No keyword with name 'Register Keyword To Run On Failure' found.
2026-08-22 01:58:08.962228 
2026-08-22 01:58:08.962239 2) No keyword with name 'Close Browser' found. Did you mean:
2026-08-22 01:58:08.962251     common.Close Test Browser
2026-08-22 01:58:08.962263 ------------------------------------------------------------------------------
2026-08-22 01:58:08.962275 Suites.Cart.TC20 search and verify cart after login :: TC20 - Sear... | FAIL |
2026-08-22 01:58:08.962869 1 test, 0 passed, 1 failed
2026-08-22 01:58:08.962888 ==============================================================================
2026-08-22 01:58:08.962901 Suites.Cart                                                           | FAIL |
2026-08-22 01:58:08.963285 1 test, 0 passed, 1 failed
2026-08-22 01:58:08.963302 ==============================================================================
2026-08-22 01:58:08.963316 Suites                                                                | FAIL |
2026-08-22 01:58:08.963619 1 test, 0 passed, 1 failed
2026-08-22 01:58:08.963651 ==============================================================================
2026-08-22 01:58:08.963725 Output:  /home/runner/work/engg-robot-testing-framework/engg-robot-testing-framework/reports/pabot_results/8/output.xml
