2026-09-24 05:11:36.115054 ==============================================================================
2026-09-24 05:11:36.133119 Suites
2026-09-24 05:11:36.133141 ==============================================================================
2026-09-24 05:11:36.133158 Suites.Cart
2026-09-24 05:11:36.133927 ==============================================================================
2026-09-24 05:11:36.133945 Suites.Cart.TC13 verify product quantity :: TC13 - Verify Product Quantity ...
2026-09-24 05:11:36.133945 [ ERROR ] Error in file '/home/runner/work/engg-robot-testing-framework/engg-robot-testing-framework/resources/common.resource' on line 4: Importing library 'playwright_keyword_library.PlaywrightKeywordLibrary' failed: ModuleNotFoundError: No module named 'playwright_keyword_library'
2026-09-24 05:11:36.163888 ==============================================================================
2026-09-24 05:11:36.163888 Traceback (most recent call last):
2026-09-24 05:11:36.163915   None
2026-09-24 05:11:36.214033 PYTHONPATH:
2026-09-24 05:11:36.264145   /opt/hostedtoolcache/Python/3.11.16/x64/bin
2026-09-24 05:11:36.314265   /opt/hostedtoolcache/Python/3.11.16/x64/lib/python311.zip
2026-09-24 05:11:36.364366   /opt/hostedtoolcache/Python/3.11.16/x64/lib/python3.11
2026-09-24 05:11:36.414467   /opt/hostedtoolcache/Python/3.11.16/x64/lib/python3.11/lib-dynload
2026-09-24 05:11:36.464577   /opt/hostedtoolcache/Python/3.11.16/x64/lib/python3.11/site-packages
2026-09-24 05:11:36.514717 [ ERROR ] Error in file '/home/runner/work/engg-robot-testing-framework/engg-robot-testing-framework/resources/product_keywords.resource' on line 2: Importing library 'playwright_keyword_library.PlaywrightKeywordLibrary' failed: ModuleNotFoundError: No module named 'playwright_keyword_library'
2026-09-24 05:11:36.564890 Traceback (most recent call last):
2026-09-24 05:11:36.615035   None
2026-09-24 05:11:36.665143 PYTHONPATH:
2026-09-24 05:11:36.715302   /opt/hostedtoolcache/Python/3.11.16/x64/bin
2026-09-24 05:11:36.765434   /opt/hostedtoolcache/Python/3.11.16/x64/lib/python311.zip
2026-09-24 05:11:36.815590   /opt/hostedtoolcache/Python/3.11.16/x64/lib/python3.11
2026-09-24 05:11:36.865720   /opt/hostedtoolcache/Python/3.11.16/x64/lib/python3.11/lib-dynload
2026-09-24 05:11:36.915878   /opt/hostedtoolcache/Python/3.11.16/x64/lib/python3.11/site-packages
2026-09-24 05:11:36.966022 [ ERROR ] Error in file '/home/runner/work/engg-robot-testing-framework/engg-robot-testing-framework/resources/cart_keywords.resource' on line 2: Importing library 'playwright_keyword_library.PlaywrightKeywordLibrary' failed: ModuleNotFoundError: No module named 'playwright_keyword_library'
2026-09-24 05:11:37.016170 Traceback (most recent call last):
2026-09-24 05:11:37.066518   None
2026-09-24 05:11:37.116681 PYTHONPATH:
2026-09-24 05:11:37.166846   /opt/hostedtoolcache/Python/3.11.16/x64/bin
2026-09-24 05:11:37.217012   /opt/hostedtoolcache/Python/3.11.16/x64/lib/python311.zip
2026-09-24 05:11:37.267164   /opt/hostedtoolcache/Python/3.11.16/x64/lib/python3.11
2026-09-24 05:11:37.317317   /opt/hostedtoolcache/Python/3.11.16/x64/lib/python3.11/lib-dynload
2026-09-24 05:11:37.367470   /opt/hostedtoolcache/Python/3.11.16/x64/lib/python3.11/site-packages
2026-09-24 05:11:46.140215 TC13 Verify Product Quantity In Cart                                  | FAIL |
2026-09-24 05:11:46.175087 Setup failed:
2026-09-24 05:11:46.175107 No keyword with name 'Open Browser' found.
2026-09-24 05:11:46.175122 
2026-09-24 05:11:46.175135 Also teardown failed:
2026-09-24 05:11:46.175148 Several failures occurred:
2026-09-24 05:11:46.175160 
2026-09-24 05:11:46.175172 1) No keyword with name 'Register Keyword To Run On Failure' found.
2026-09-24 05:11:46.175183 
2026-09-24 05:11:46.175193 2) No keyword with name 'Close Browser' found. Did you mean:
2026-09-24 05:11:46.175204     common.Close Test Browser
2026-09-24 05:11:46.175215 ------------------------------------------------------------------------------
2026-09-24 05:11:46.175226 Suites.Cart.TC13 verify product quantity :: TC13 - Verify Product ... | FAIL |
2026-09-24 05:11:46.175792 1 test, 0 passed, 1 failed
2026-09-24 05:11:46.175810 ==============================================================================
2026-09-24 05:11:46.175824 Suites.Cart                                                           | FAIL |
2026-09-24 05:11:46.176203 1 test, 0 passed, 1 failed
2026-09-24 05:11:46.176221 ==============================================================================
2026-09-24 05:11:46.176234 Suites                                                                | FAIL |
2026-09-24 05:11:46.176581 1 test, 0 passed, 1 failed
2026-09-24 05:11:46.176644 ==============================================================================
2026-09-24 05:11:46.176701 Output:  /home/runner/work/engg-robot-testing-framework/engg-robot-testing-framework/reports/pabot_results/6/output.xml
