2026-08-17 13:10:40.910274 ==============================================================================
2026-08-17 13:10:40.930630 Suites
2026-08-17 13:10:40.930649 ==============================================================================
2026-08-17 13:10:40.930663 Suites.Auth
2026-08-17 13:10:40.931299 ==============================================================================
2026-08-17 13:10:40.931314 Suites.Auth.TC05 register existing email
2026-08-17 13:10:40.931314 [ ERROR ] Error in file '/home/runner/work/engg-robot-testing-framework/engg-robot-testing-framework/tests/auth/TC05_register_existing_email.robot' on line 2: Importing library 'playwright_keyword_library.PlaywrightKeywordLibrary' failed: ModuleNotFoundError: No module named 'playwright_keyword_library'
2026-08-17 13:10:40.948036 ==============================================================================
2026-08-17 13:10:40.948036 Traceback (most recent call last):
2026-08-17 13:10:40.948061   None
2026-08-17 13:10:40.998191 PYTHONPATH:
2026-08-17 13:10:41.048409   /opt/hostedtoolcache/Python/3.11.15/x64/bin
2026-08-17 13:10:41.098557   /opt/hostedtoolcache/Python/3.11.15/x64/lib/python311.zip
2026-08-17 13:10:41.148739   /opt/hostedtoolcache/Python/3.11.15/x64/lib/python3.11
2026-08-17 13:10:41.198912   /opt/hostedtoolcache/Python/3.11.15/x64/lib/python3.11/lib-dynload
2026-08-17 13:10:41.249101   /opt/hostedtoolcache/Python/3.11.15/x64/lib/python3.11/site-packages
2026-08-17 13:10:41.299315 [ ERROR ] Error in file '/home/runner/work/engg-robot-testing-framework/engg-robot-testing-framework/resources/auth_keywords.resource' on line 2: Importing library 'playwright_keyword_library.PlaywrightKeywordLibrary' failed: ModuleNotFoundError: No module named 'playwright_keyword_library'
2026-08-17 13:10:41.349499 Traceback (most recent call last):
2026-08-17 13:10:41.399672   None
2026-08-17 13:10:41.449856 PYTHONPATH:
2026-08-17 13:10:41.500025   /opt/hostedtoolcache/Python/3.11.15/x64/bin
2026-08-17 13:10:41.550217   /opt/hostedtoolcache/Python/3.11.15/x64/lib/python311.zip
2026-08-17 13:10:41.600405   /opt/hostedtoolcache/Python/3.11.15/x64/lib/python3.11
2026-08-17 13:10:41.650625   /opt/hostedtoolcache/Python/3.11.15/x64/lib/python3.11/lib-dynload
2026-08-17 13:10:41.700775   /opt/hostedtoolcache/Python/3.11.15/x64/lib/python3.11/site-packages
2026-08-17 13:10:41.750961 [ ERROR ] Error in file '/home/runner/work/engg-robot-testing-framework/engg-robot-testing-framework/resources/common.resource' on line 4: Importing library 'playwright_keyword_library.PlaywrightKeywordLibrary' failed: ModuleNotFoundError: No module named 'playwright_keyword_library'
2026-08-17 13:10:41.801102 Traceback (most recent call last):
2026-08-17 13:10:41.851283   None
2026-08-17 13:10:41.901445 PYTHONPATH:
2026-08-17 13:10:41.951624   /opt/hostedtoolcache/Python/3.11.15/x64/bin
2026-08-17 13:10:42.001751   /opt/hostedtoolcache/Python/3.11.15/x64/lib/python311.zip
2026-08-17 13:10:42.051932   /opt/hostedtoolcache/Python/3.11.15/x64/lib/python3.11
2026-08-17 13:10:42.102067   /opt/hostedtoolcache/Python/3.11.15/x64/lib/python3.11/lib-dynload
2026-08-17 13:10:42.152216   /opt/hostedtoolcache/Python/3.11.15/x64/lib/python3.11/site-packages
2026-08-17 13:10:50.926797 TC05 Register User With Existing Email                                | FAIL |
2026-08-17 13:10:50.957322 Setup failed:
2026-08-17 13:10:50.957336 No keyword with name 'Open Browser' found.
2026-08-17 13:10:50.957345 
2026-08-17 13:10:50.957353 Also teardown failed:
2026-08-17 13:10:50.957388 Several failures occurred:
2026-08-17 13:10:50.957397 
2026-08-17 13:10:50.957404 1) No keyword with name 'Register Keyword To Run On Failure' found.
2026-08-17 13:10:50.957412 
2026-08-17 13:10:50.957418 2) No keyword with name 'Close Browser' found. Did you mean:
2026-08-17 13:10:50.957425     common.Close Test Browser
2026-08-17 13:10:50.957432 ------------------------------------------------------------------------------
2026-08-17 13:10:50.957439 Suites.Auth.TC05 register existing email                              | FAIL |
2026-08-17 13:10:50.957840 1 test, 0 passed, 1 failed
2026-08-17 13:10:50.957848 ==============================================================================
2026-08-17 13:10:50.957855 Suites.Auth                                                           | FAIL |
2026-08-17 13:10:50.958139 1 test, 0 passed, 1 failed
2026-08-17 13:10:50.958146 ==============================================================================
2026-08-17 13:10:50.958153 Suites                                                                | FAIL |
2026-08-17 13:10:50.958406 1 test, 0 passed, 1 failed
2026-08-17 13:10:50.958414 ==============================================================================
2026-08-17 13:10:50.958420 Output:  /home/runner/work/engg-robot-testing-framework/engg-robot-testing-framework/reports/pabot_results/4/output.xml
