2026-09-14 05:17:48.355850 ==============================================================================
2026-09-14 05:17:48.380681 Suites
2026-09-14 05:17:48.380701 ==============================================================================
2026-09-14 05:17:48.380714 Suites.Auth
2026-09-14 05:17:48.381476 ==============================================================================
2026-09-14 05:17:48.381493 Suites.Auth.TC05 register existing email
2026-09-14 05:17:48.381493 [ ERROR ] Error in file '/home/runner/work/engg-robot-testing-framework/engg-robot-testing-framework/tests/auth/TC05_register_existing_email.robot' on line 2: Importing library 'playwright_keyword_library.PlaywrightKeywordLibrary' failed: ModuleNotFoundError: No module named 'playwright_keyword_library'
2026-09-14 05:17:48.398307 ==============================================================================
2026-09-14 05:17:48.398307 Traceback (most recent call last):
2026-09-14 05:17:48.398329   None
2026-09-14 05:17:48.448475 PYTHONPATH:
2026-09-14 05:17:48.498669   /opt/hostedtoolcache/Python/3.11.16/x64/bin
2026-09-14 05:17:48.548819   /opt/hostedtoolcache/Python/3.11.16/x64/lib/python311.zip
2026-09-14 05:17:48.599008   /opt/hostedtoolcache/Python/3.11.16/x64/lib/python3.11
2026-09-14 05:17:48.649189   /opt/hostedtoolcache/Python/3.11.16/x64/lib/python3.11/lib-dynload
2026-09-14 05:17:48.699379   /opt/hostedtoolcache/Python/3.11.16/x64/lib/python3.11/site-packages
2026-09-14 05:17:48.749524 [ ERROR ] Error in file '/home/runner/work/engg-robot-testing-framework/engg-robot-testing-framework/resources/auth_keywords.resource' on line 2: Importing library 'playwright_keyword_library.PlaywrightKeywordLibrary' failed: ModuleNotFoundError: No module named 'playwright_keyword_library'
2026-09-14 05:17:48.799729 Traceback (most recent call last):
2026-09-14 05:17:48.849928   None
2026-09-14 05:17:48.900100 PYTHONPATH:
2026-09-14 05:17:48.950267   /opt/hostedtoolcache/Python/3.11.16/x64/bin
2026-09-14 05:17:49.000455   /opt/hostedtoolcache/Python/3.11.16/x64/lib/python311.zip
2026-09-14 05:17:49.050619   /opt/hostedtoolcache/Python/3.11.16/x64/lib/python3.11
2026-09-14 05:17:49.100825   /opt/hostedtoolcache/Python/3.11.16/x64/lib/python3.11/lib-dynload
2026-09-14 05:17:49.151020   /opt/hostedtoolcache/Python/3.11.16/x64/lib/python3.11/site-packages
2026-09-14 05:17:49.201202 [ ERROR ] Error in file '/home/runner/work/engg-robot-testing-framework/engg-robot-testing-framework/resources/common.resource' on line 4: Importing library 'playwright_keyword_library.PlaywrightKeywordLibrary' failed: ModuleNotFoundError: No module named 'playwright_keyword_library'
2026-09-14 05:17:49.251379 Traceback (most recent call last):
2026-09-14 05:17:49.301536   None
2026-09-14 05:17:49.351729 PYTHONPATH:
2026-09-14 05:17:49.401931   /opt/hostedtoolcache/Python/3.11.16/x64/bin
2026-09-14 05:17:49.452117   /opt/hostedtoolcache/Python/3.11.16/x64/lib/python311.zip
2026-09-14 05:17:49.502287   /opt/hostedtoolcache/Python/3.11.16/x64/lib/python3.11
2026-09-14 05:17:49.552449   /opt/hostedtoolcache/Python/3.11.16/x64/lib/python3.11/lib-dynload
2026-09-14 05:17:49.602631   /opt/hostedtoolcache/Python/3.11.16/x64/lib/python3.11/site-packages
2026-09-14 05:17:58.375448 TC05 Register User With Existing Email                                | FAIL |
2026-09-14 05:17:58.407623 Setup failed:
2026-09-14 05:17:58.407638 No keyword with name 'Open Browser' found.
2026-09-14 05:17:58.407646 
2026-09-14 05:17:58.407653 Also teardown failed:
2026-09-14 05:17:58.407660 Several failures occurred:
2026-09-14 05:17:58.407667 
2026-09-14 05:17:58.407674 1) No keyword with name 'Register Keyword To Run On Failure' found.
2026-09-14 05:17:58.407682 
2026-09-14 05:17:58.407688 2) No keyword with name 'Close Browser' found. Did you mean:
2026-09-14 05:17:58.407695     common.Close Test Browser
2026-09-14 05:17:58.407701 ------------------------------------------------------------------------------
2026-09-14 05:17:58.407708 Suites.Auth.TC05 register existing email                              | FAIL |
2026-09-14 05:17:58.408204 1 test, 0 passed, 1 failed
2026-09-14 05:17:58.408220 ==============================================================================
2026-09-14 05:17:58.408256 Suites.Auth                                                           | FAIL |
2026-09-14 05:17:58.408530 1 test, 0 passed, 1 failed
2026-09-14 05:17:58.408563 ==============================================================================
2026-09-14 05:17:58.408570 Suites                                                                | FAIL |
2026-09-14 05:17:58.408848 1 test, 0 passed, 1 failed
2026-09-14 05:17:58.408879 ==============================================================================
2026-09-14 05:17:58.408886 Output:  /home/runner/work/engg-robot-testing-framework/engg-robot-testing-framework/reports/pabot_results/4/output.xml
