2026-08-02 04:03:57.162922 ==============================================================================
2026-08-02 04:03:57.204995 Suites
2026-08-02 04:03:57.205017 ==============================================================================
2026-08-02 04:03:57.205032 Suites.Cart
2026-08-02 04:03:57.206016 ==============================================================================
2026-08-02 04:03:57.206035 Suites.Cart.TC13 verify product quantity :: TC13 - Verify Product Quantity ...
2026-08-02 04:03:57.206035 [ ERROR ] Error in file '/home/runner/work/engg-robot-testing-framework/engg-robot-testing-framework/resources/common.resource' on line 4: Importing library 'playwright_keyword_library.PlaywrightKeywordLibrary' failed: ModuleNotFoundError: No module named 'playwright_keyword_library'
2026-08-02 04:03:57.238539 ==============================================================================
2026-08-02 04:03:57.238539 Traceback (most recent call last):
2026-08-02 04:03:57.238563   None
2026-08-02 04:03:57.288732 PYTHONPATH:
2026-08-02 04:03:57.338857   /opt/hostedtoolcache/Python/3.11.15/x64/bin
2026-08-02 04:03:57.389015   /opt/hostedtoolcache/Python/3.11.15/x64/lib/python311.zip
2026-08-02 04:03:57.439177   /opt/hostedtoolcache/Python/3.11.15/x64/lib/python3.11
2026-08-02 04:03:57.489323   /opt/hostedtoolcache/Python/3.11.15/x64/lib/python3.11/lib-dynload
2026-08-02 04:03:57.539521   /opt/hostedtoolcache/Python/3.11.15/x64/lib/python3.11/site-packages
2026-08-02 04:03:57.589720 [ ERROR ] Error in file '/home/runner/work/engg-robot-testing-framework/engg-robot-testing-framework/resources/product_keywords.resource' on line 2: Importing library 'playwright_keyword_library.PlaywrightKeywordLibrary' failed: ModuleNotFoundError: No module named 'playwright_keyword_library'
2026-08-02 04:03:57.639855 Traceback (most recent call last):
2026-08-02 04:03:57.690051   None
2026-08-02 04:03:57.740186 PYTHONPATH:
2026-08-02 04:03:57.790310   /opt/hostedtoolcache/Python/3.11.15/x64/bin
2026-08-02 04:03:57.840493   /opt/hostedtoolcache/Python/3.11.15/x64/lib/python311.zip
2026-08-02 04:03:57.890617   /opt/hostedtoolcache/Python/3.11.15/x64/lib/python3.11
2026-08-02 04:03:57.940831   /opt/hostedtoolcache/Python/3.11.15/x64/lib/python3.11/lib-dynload
2026-08-02 04:03:57.990974   /opt/hostedtoolcache/Python/3.11.15/x64/lib/python3.11/site-packages
2026-08-02 04:03:58.041100 [ ERROR ] Error in file '/home/runner/work/engg-robot-testing-framework/engg-robot-testing-framework/resources/cart_keywords.resource' on line 2: Importing library 'playwright_keyword_library.PlaywrightKeywordLibrary' failed: ModuleNotFoundError: No module named 'playwright_keyword_library'
2026-08-02 04:03:58.091318 Traceback (most recent call last):
2026-08-02 04:03:58.141461   None
2026-08-02 04:03:58.191613 PYTHONPATH:
2026-08-02 04:03:58.241783   /opt/hostedtoolcache/Python/3.11.15/x64/bin
2026-08-02 04:03:58.291946   /opt/hostedtoolcache/Python/3.11.15/x64/lib/python311.zip
2026-08-02 04:03:58.342087   /opt/hostedtoolcache/Python/3.11.15/x64/lib/python3.11
2026-08-02 04:03:58.392277   /opt/hostedtoolcache/Python/3.11.15/x64/lib/python3.11/lib-dynload
2026-08-02 04:03:58.442411   /opt/hostedtoolcache/Python/3.11.15/x64/lib/python3.11/site-packages
2026-08-02 04:04:07.218981 TC13 Verify Product Quantity In Cart                                  | FAIL |
2026-08-02 04:04:07.250383 Setup failed:
2026-08-02 04:04:07.250398 No keyword with name 'Open Browser' found.
2026-08-02 04:04:07.250407 
2026-08-02 04:04:07.250414 Also teardown failed:
2026-08-02 04:04:07.250423 Several failures occurred:
2026-08-02 04:04:07.250430 
2026-08-02 04:04:07.250438 1) No keyword with name 'Register Keyword To Run On Failure' found.
2026-08-02 04:04:07.250446 
2026-08-02 04:04:07.250453 2) No keyword with name 'Close Browser' found. Did you mean:
2026-08-02 04:04:07.250461     common.Close Test Browser
2026-08-02 04:04:07.250468 ------------------------------------------------------------------------------
2026-08-02 04:04:07.250476 Suites.Cart.TC13 verify product quantity :: TC13 - Verify Product ... | FAIL |
2026-08-02 04:04:07.251080 1 test, 0 passed, 1 failed
2026-08-02 04:04:07.251150 ==============================================================================
2026-08-02 04:04:07.251164 Suites.Cart                                                           | FAIL |
2026-08-02 04:04:07.251518 1 test, 0 passed, 1 failed
2026-08-02 04:04:07.251890 ==============================================================================
2026-08-02 04:04:07.251922 Suites                                                                | FAIL |
2026-08-02 04:04:07.251999 1 test, 0 passed, 1 failed
2026-08-02 04:04:07.252009 ==============================================================================
2026-08-02 04:04:07.252016 Output:  /home/runner/work/engg-robot-testing-framework/engg-robot-testing-framework/reports/pabot_results/6/output.xml
