2026-07-30 03:41:34.795239 ==============================================================================
2026-07-30 03:41:34.816017 Suites
2026-07-30 03:41:34.816037 ==============================================================================
2026-07-30 03:41:34.816052 Suites.Cart
2026-07-30 03:41:34.816946 ==============================================================================
2026-07-30 03:41:34.816963 Suites.Cart.TC22 add from recommended items :: TC22 - Add To Cart From Reco...
2026-07-30 03:41:34.816963 [ ERROR ] Error in file '/home/runner/work/engg-robot-testing-framework/engg-robot-testing-framework/resources/common.resource' on line 4: Importing library 'playwright_keyword_library.PlaywrightKeywordLibrary' failed: ModuleNotFoundError: No module named 'playwright_keyword_library'
2026-07-30 03:41:34.841929 ==============================================================================
2026-07-30 03:41:34.841929 Traceback (most recent call last):
2026-07-30 03:41:34.841957   None
2026-07-30 03:41:34.892176 PYTHONPATH:
2026-07-30 03:41:34.942311   /opt/hostedtoolcache/Python/3.11.15/x64/bin
2026-07-30 03:41:34.992466   /opt/hostedtoolcache/Python/3.11.15/x64/lib/python311.zip
2026-07-30 03:41:35.042596   /opt/hostedtoolcache/Python/3.11.15/x64/lib/python3.11
2026-07-30 03:41:35.092730   /opt/hostedtoolcache/Python/3.11.15/x64/lib/python3.11/lib-dynload
2026-07-30 03:41:35.142894   /opt/hostedtoolcache/Python/3.11.15/x64/lib/python3.11/site-packages
2026-07-30 03:41:35.193126 [ ERROR ] Error in file '/home/runner/work/engg-robot-testing-framework/engg-robot-testing-framework/resources/cart_keywords.resource' on line 2: Importing library 'playwright_keyword_library.PlaywrightKeywordLibrary' failed: ModuleNotFoundError: No module named 'playwright_keyword_library'
2026-07-30 03:41:35.243315 Traceback (most recent call last):
2026-07-30 03:41:35.293540   None
2026-07-30 03:41:35.343792 PYTHONPATH:
2026-07-30 03:41:35.394019   /opt/hostedtoolcache/Python/3.11.15/x64/bin
2026-07-30 03:41:35.444231   /opt/hostedtoolcache/Python/3.11.15/x64/lib/python311.zip
2026-07-30 03:41:35.494455   /opt/hostedtoolcache/Python/3.11.15/x64/lib/python3.11
2026-07-30 03:41:35.544655   /opt/hostedtoolcache/Python/3.11.15/x64/lib/python3.11/lib-dynload
2026-07-30 03:41:35.594870   /opt/hostedtoolcache/Python/3.11.15/x64/lib/python3.11/site-packages
2026-07-30 03:41:44.823357 TC22 Add To Cart From Recommended Items                               | FAIL |
2026-07-30 03:41:44.853438 Setup failed:
2026-07-30 03:41:44.853455 No keyword with name 'Open Browser' found.
2026-07-30 03:41:44.853465 
2026-07-30 03:41:44.853474 Also teardown failed:
2026-07-30 03:41:44.853483 Several failures occurred:
2026-07-30 03:41:44.853491 
2026-07-30 03:41:44.853499 1) No keyword with name 'Register Keyword To Run On Failure' found.
2026-07-30 03:41:44.853509 
2026-07-30 03:41:44.853517 2) No keyword with name 'Close Browser' found. Did you mean:
2026-07-30 03:41:44.853525     common.Close Test Browser
2026-07-30 03:41:44.853533 ------------------------------------------------------------------------------
2026-07-30 03:41:44.853542 Suites.Cart.TC22 add from recommended items :: TC22 - Add To Cart ... | FAIL |
2026-07-30 03:41:44.854028 1 test, 0 passed, 1 failed
2026-07-30 03:41:44.854042 ==============================================================================
2026-07-30 03:41:44.854050 Suites.Cart                                                           | FAIL |
2026-07-30 03:41:44.854431 1 test, 0 passed, 1 failed
2026-07-30 03:41:44.854452 ==============================================================================
2026-07-30 03:41:44.854468 Suites                                                                | FAIL |
2026-07-30 03:41:44.854825 1 test, 0 passed, 1 failed
2026-07-30 03:41:44.854852 ==============================================================================
2026-07-30 03:41:44.854912 Output:  /home/runner/work/engg-robot-testing-framework/engg-robot-testing-framework/reports/pabot_results/9/output.xml
