2026-07-15 03:45:01.419231 ==============================================================================
2026-07-15 03:45:01.450563 Suites
2026-07-15 03:45:01.450579 ==============================================================================
2026-07-15 03:45:01.450592 Suites.Auth
2026-07-15 03:45:01.451085 ==============================================================================
2026-07-15 03:45:01.451098 Suites.Auth.TC05 register existing email
2026-07-15 03:45:01.451098 [ ERROR ] Error in file '/home/runner/work/engg-robot-testing-framework/engg-robot-testing-framework/tests/auth/TC05_register_existing_email.robot' on line 2: Importing library 'playwright_keyword_library.PlaywrightKeywordLibrary' failed: ModuleNotFoundError: No module named 'playwright_keyword_library'
2026-07-15 03:45:01.464084 ==============================================================================
2026-07-15 03:45:01.464084 Traceback (most recent call last):
2026-07-15 03:45:01.464102   None
2026-07-15 03:45:01.514218 PYTHONPATH:
2026-07-15 03:45:01.564371   /opt/hostedtoolcache/Python/3.11.15/x64/bin
2026-07-15 03:45:01.614481   /opt/hostedtoolcache/Python/3.11.15/x64/lib/python311.zip
2026-07-15 03:45:01.664618   /opt/hostedtoolcache/Python/3.11.15/x64/lib/python3.11
2026-07-15 03:45:01.714738   /opt/hostedtoolcache/Python/3.11.15/x64/lib/python3.11/lib-dynload
2026-07-15 03:45:01.764894   /opt/hostedtoolcache/Python/3.11.15/x64/lib/python3.11/site-packages
2026-07-15 03:45:01.815014 [ ERROR ] Error in file '/home/runner/work/engg-robot-testing-framework/engg-robot-testing-framework/resources/auth_keywords.resource' on line 2: Importing library 'playwright_keyword_library.PlaywrightKeywordLibrary' failed: ModuleNotFoundError: No module named 'playwright_keyword_library'
2026-07-15 03:45:01.865166 Traceback (most recent call last):
2026-07-15 03:45:01.915319   None
2026-07-15 03:45:01.965466 PYTHONPATH:
2026-07-15 03:45:02.015606   /opt/hostedtoolcache/Python/3.11.15/x64/bin
2026-07-15 03:45:02.065759   /opt/hostedtoolcache/Python/3.11.15/x64/lib/python311.zip
2026-07-15 03:45:02.115896   /opt/hostedtoolcache/Python/3.11.15/x64/lib/python3.11
2026-07-15 03:45:02.166062   /opt/hostedtoolcache/Python/3.11.15/x64/lib/python3.11/lib-dynload
2026-07-15 03:45:02.216181   /opt/hostedtoolcache/Python/3.11.15/x64/lib/python3.11/site-packages
2026-07-15 03:45:02.266339 [ ERROR ] Error in file '/home/runner/work/engg-robot-testing-framework/engg-robot-testing-framework/resources/common.resource' on line 4: Importing library 'playwright_keyword_library.PlaywrightKeywordLibrary' failed: ModuleNotFoundError: No module named 'playwright_keyword_library'
2026-07-15 03:45:02.316493 Traceback (most recent call last):
2026-07-15 03:45:02.366649   None
2026-07-15 03:45:02.416829 PYTHONPATH:
2026-07-15 03:45:02.466983   /opt/hostedtoolcache/Python/3.11.15/x64/bin
2026-07-15 03:45:02.517097   /opt/hostedtoolcache/Python/3.11.15/x64/lib/python311.zip
2026-07-15 03:45:02.567258   /opt/hostedtoolcache/Python/3.11.15/x64/lib/python3.11
2026-07-15 03:45:02.617371   /opt/hostedtoolcache/Python/3.11.15/x64/lib/python3.11/lib-dynload
2026-07-15 03:45:02.667537   /opt/hostedtoolcache/Python/3.11.15/x64/lib/python3.11/site-packages
2026-07-15 03:45:11.436994 TC05 Register User With Existing Email                                | FAIL |
2026-07-15 03:45:11.471269 Setup failed:
2026-07-15 03:45:11.471280 No keyword with name 'Open Browser' found.
2026-07-15 03:45:11.471287 
2026-07-15 03:45:11.471293 Also teardown failed:
2026-07-15 03:45:11.471298 Several failures occurred:
2026-07-15 03:45:11.471304 
2026-07-15 03:45:11.471310 1) No keyword with name 'Register Keyword To Run On Failure' found.
2026-07-15 03:45:11.471316 
2026-07-15 03:45:11.471321 2) No keyword with name 'Close Browser' found. Did you mean:
2026-07-15 03:45:11.471327     common.Close Test Browser
2026-07-15 03:45:11.471332 ------------------------------------------------------------------------------
2026-07-15 03:45:11.471337 Suites.Auth.TC05 register existing email                              | FAIL |
2026-07-15 03:45:11.471663 1 test, 0 passed, 1 failed
2026-07-15 03:45:11.471673 ==============================================================================
2026-07-15 03:45:11.471679 Suites.Auth                                                           | FAIL |
2026-07-15 03:45:11.471912 1 test, 0 passed, 1 failed
2026-07-15 03:45:11.471950 ==============================================================================
2026-07-15 03:45:11.471956 Suites                                                                | FAIL |
2026-07-15 03:45:11.472098 1 test, 0 passed, 1 failed
2026-07-15 03:45:11.472113 ==============================================================================
2026-07-15 03:45:11.472148 Output:  /home/runner/work/engg-robot-testing-framework/engg-robot-testing-framework/reports/pabot_results/4/output.xml
