2026-07-18 03:41:32.215774 ==============================================================================
2026-07-18 03:41:32.229023 Suites
2026-07-18 03:41:32.229042 ==============================================================================
2026-07-18 03:41:32.229056 Suites.Cart
2026-07-18 03:41:32.229803 ==============================================================================
2026-07-18 03:41:32.229819 Suites.Cart.TC12 add products to cart :: TC12 - Add Products In Cart
2026-07-18 03:41:32.229819 [ ERROR ] Error in file '/home/runner/work/engg-robot-testing-framework/engg-robot-testing-framework/resources/common.resource' on line 4: Importing library 'playwright_keyword_library.PlaywrightKeywordLibrary' failed: ModuleNotFoundError: No module named 'playwright_keyword_library'
2026-07-18 03:41:32.256872 ==============================================================================
2026-07-18 03:41:32.256872 Traceback (most recent call last):
2026-07-18 03:41:32.256894   None
2026-07-18 03:41:32.307017 PYTHONPATH:
2026-07-18 03:41:32.357168   /opt/hostedtoolcache/Python/3.11.15/x64/bin
2026-07-18 03:41:32.407291   /opt/hostedtoolcache/Python/3.11.15/x64/lib/python311.zip
2026-07-18 03:41:32.457398   /opt/hostedtoolcache/Python/3.11.15/x64/lib/python3.11
2026-07-18 03:41:32.507543   /opt/hostedtoolcache/Python/3.11.15/x64/lib/python3.11/lib-dynload
2026-07-18 03:41:32.557661   /opt/hostedtoolcache/Python/3.11.15/x64/lib/python3.11/site-packages
2026-07-18 03:41:32.607812 [ ERROR ] Error in file '/home/runner/work/engg-robot-testing-framework/engg-robot-testing-framework/resources/product_keywords.resource' on line 2: Importing library 'playwright_keyword_library.PlaywrightKeywordLibrary' failed: ModuleNotFoundError: No module named 'playwright_keyword_library'
2026-07-18 03:41:32.657966 Traceback (most recent call last):
2026-07-18 03:41:32.708112   None
2026-07-18 03:41:32.758261 PYTHONPATH:
2026-07-18 03:41:32.808409   /opt/hostedtoolcache/Python/3.11.15/x64/bin
2026-07-18 03:41:32.858555   /opt/hostedtoolcache/Python/3.11.15/x64/lib/python311.zip
2026-07-18 03:41:32.908701   /opt/hostedtoolcache/Python/3.11.15/x64/lib/python3.11
2026-07-18 03:41:32.958844   /opt/hostedtoolcache/Python/3.11.15/x64/lib/python3.11/lib-dynload
2026-07-18 03:41:33.008990   /opt/hostedtoolcache/Python/3.11.15/x64/lib/python3.11/site-packages
2026-07-18 03:41:33.059134 [ ERROR ] Error in file '/home/runner/work/engg-robot-testing-framework/engg-robot-testing-framework/resources/cart_keywords.resource' on line 2: Importing library 'playwright_keyword_library.PlaywrightKeywordLibrary' failed: ModuleNotFoundError: No module named 'playwright_keyword_library'
2026-07-18 03:41:33.109282 Traceback (most recent call last):
2026-07-18 03:41:33.159402   None
2026-07-18 03:41:33.209580 PYTHONPATH:
2026-07-18 03:41:33.259730   /opt/hostedtoolcache/Python/3.11.15/x64/bin
2026-07-18 03:41:33.309877   /opt/hostedtoolcache/Python/3.11.15/x64/lib/python311.zip
2026-07-18 03:41:33.360033   /opt/hostedtoolcache/Python/3.11.15/x64/lib/python3.11
2026-07-18 03:41:33.410183   /opt/hostedtoolcache/Python/3.11.15/x64/lib/python3.11/lib-dynload
2026-07-18 03:41:33.460329   /opt/hostedtoolcache/Python/3.11.15/x64/lib/python3.11/site-packages
2026-07-18 03:41:42.230304 TC12 Add Products In Cart                                             | FAIL |
2026-07-18 03:41:42.267682 Setup failed:
2026-07-18 03:41:42.267700 No keyword with name 'Open Browser' found.
2026-07-18 03:41:42.267713 
2026-07-18 03:41:42.267724 Also teardown failed:
2026-07-18 03:41:42.267736 Several failures occurred:
2026-07-18 03:41:42.267747 
2026-07-18 03:41:42.267757 1) No keyword with name 'Register Keyword To Run On Failure' found.
2026-07-18 03:41:42.267767 
2026-07-18 03:41:42.267776 2) No keyword with name 'Close Browser' found. Did you mean:
2026-07-18 03:41:42.267787     common.Close Test Browser
2026-07-18 03:41:42.267797 ------------------------------------------------------------------------------
2026-07-18 03:41:42.267807 Suites.Cart.TC12 add products to cart :: TC12 - Add Products In Cart  | FAIL |
2026-07-18 03:41:42.268295 1 test, 0 passed, 1 failed
2026-07-18 03:41:42.268352 ==============================================================================
2026-07-18 03:41:42.268364 Suites.Cart                                                           | FAIL |
2026-07-18 03:41:42.268685 1 test, 0 passed, 1 failed
2026-07-18 03:41:42.268706 ==============================================================================
2026-07-18 03:41:42.268744 Suites                                                                | FAIL |
2026-07-18 03:41:42.269009 1 test, 0 passed, 1 failed
2026-07-18 03:41:42.269063 ==============================================================================
2026-07-18 03:41:42.269075 Output:  /home/runner/work/engg-robot-testing-framework/engg-robot-testing-framework/reports/pabot_results/5/output.xml
