2026-08-17 02:04:01.160368 ==============================================================================
2026-08-17 02:04:01.175731 Suites
2026-08-17 02:04:01.175755 ==============================================================================
2026-08-17 02:04:01.175768 Suites.Auth
2026-08-17 02:04:01.176490 ==============================================================================
2026-08-17 02:04:01.176506 Suites.Auth.TC05 register existing email
2026-08-17 02:04:01.176506 [ ERROR ] Error in file '/home/runner/work/engg-robot-testing-framework/engg-robot-testing-framework/tests/auth/TC05_register_existing_email.robot' on line 2: Importing library 'playwright_keyword_library.PlaywrightKeywordLibrary' failed: ModuleNotFoundError: No module named 'playwright_keyword_library'
2026-08-17 02:04:01.193409 ==============================================================================
2026-08-17 02:04:01.193409 Traceback (most recent call last):
2026-08-17 02:04:01.193431   None
2026-08-17 02:04:01.243574 PYTHONPATH:
2026-08-17 02:04:01.293747   /opt/hostedtoolcache/Python/3.11.15/x64/bin
2026-08-17 02:04:01.343913   /opt/hostedtoolcache/Python/3.11.15/x64/lib/python311.zip
2026-08-17 02:04:01.394076   /opt/hostedtoolcache/Python/3.11.15/x64/lib/python3.11
2026-08-17 02:04:01.444243   /opt/hostedtoolcache/Python/3.11.15/x64/lib/python3.11/lib-dynload
2026-08-17 02:04:01.494406   /opt/hostedtoolcache/Python/3.11.15/x64/lib/python3.11/site-packages
2026-08-17 02:04:01.544570 [ ERROR ] Error in file '/home/runner/work/engg-robot-testing-framework/engg-robot-testing-framework/resources/auth_keywords.resource' on line 2: Importing library 'playwright_keyword_library.PlaywrightKeywordLibrary' failed: ModuleNotFoundError: No module named 'playwright_keyword_library'
2026-08-17 02:04:01.594737 Traceback (most recent call last):
2026-08-17 02:04:01.644905   None
2026-08-17 02:04:01.695084 PYTHONPATH:
2026-08-17 02:04:01.745265   /opt/hostedtoolcache/Python/3.11.15/x64/bin
2026-08-17 02:04:01.795438   /opt/hostedtoolcache/Python/3.11.15/x64/lib/python311.zip
2026-08-17 02:04:01.845584   /opt/hostedtoolcache/Python/3.11.15/x64/lib/python3.11
2026-08-17 02:04:01.895753   /opt/hostedtoolcache/Python/3.11.15/x64/lib/python3.11/lib-dynload
2026-08-17 02:04:01.945897   /opt/hostedtoolcache/Python/3.11.15/x64/lib/python3.11/site-packages
2026-08-17 02:04:01.996066 [ ERROR ] Error in file '/home/runner/work/engg-robot-testing-framework/engg-robot-testing-framework/resources/common.resource' on line 4: Importing library 'playwright_keyword_library.PlaywrightKeywordLibrary' failed: ModuleNotFoundError: No module named 'playwright_keyword_library'
2026-08-17 02:04:02.046235 Traceback (most recent call last):
2026-08-17 02:04:02.096407   None
2026-08-17 02:04:02.146542 PYTHONPATH:
2026-08-17 02:04:02.196713   /opt/hostedtoolcache/Python/3.11.15/x64/bin
2026-08-17 02:04:02.246850   /opt/hostedtoolcache/Python/3.11.15/x64/lib/python311.zip
2026-08-17 02:04:02.297040   /opt/hostedtoolcache/Python/3.11.15/x64/lib/python3.11
2026-08-17 02:04:02.347195   /opt/hostedtoolcache/Python/3.11.15/x64/lib/python3.11/lib-dynload
2026-08-17 02:04:02.397389   /opt/hostedtoolcache/Python/3.11.15/x64/lib/python3.11/site-packages
2026-08-17 02:04:11.170157 TC05 Register User With Existing Email                                | FAIL |
2026-08-17 02:04:11.202752 Setup failed:
2026-08-17 02:04:11.202765 No keyword with name 'Open Browser' found.
2026-08-17 02:04:11.202774 
2026-08-17 02:04:11.202786 Also teardown failed:
2026-08-17 02:04:11.202793 Several failures occurred:
2026-08-17 02:04:11.202800 
2026-08-17 02:04:11.202807 1) No keyword with name 'Register Keyword To Run On Failure' found.
2026-08-17 02:04:11.202815 
2026-08-17 02:04:11.202821 2) No keyword with name 'Close Browser' found. Did you mean:
2026-08-17 02:04:11.202829     common.Close Test Browser
2026-08-17 02:04:11.202837 ------------------------------------------------------------------------------
2026-08-17 02:04:11.202843 Suites.Auth.TC05 register existing email                              | FAIL |
2026-08-17 02:04:11.203361 1 test, 0 passed, 1 failed
2026-08-17 02:04:11.203377 ==============================================================================
2026-08-17 02:04:11.203408 Suites.Auth                                                           | FAIL |
2026-08-17 02:04:11.203683 1 test, 0 passed, 1 failed
2026-08-17 02:04:11.203716 ==============================================================================
2026-08-17 02:04:11.203724 Suites                                                                | FAIL |
2026-08-17 02:04:11.203992 1 test, 0 passed, 1 failed
2026-08-17 02:04:11.204026 ==============================================================================
2026-08-17 02:04:11.204032 Output:  /home/runner/work/engg-robot-testing-framework/engg-robot-testing-framework/reports/pabot_results/4/output.xml
