2026-08-03 04:06:23.516884 ==============================================================================
2026-08-03 04:06:23.537703 Suites
2026-08-03 04:06:23.537726 ==============================================================================
2026-08-03 04:06:23.537740 Suites.Auth
2026-08-03 04:06:23.538541 ==============================================================================
2026-08-03 04:06:23.538559 Suites.Auth.TC05 register existing email
2026-08-03 04:06:23.538559 [ ERROR ] Error in file '/home/runner/work/engg-robot-testing-framework/engg-robot-testing-framework/tests/auth/TC05_register_existing_email.robot' on line 2: Importing library 'playwright_keyword_library.PlaywrightKeywordLibrary' failed: ModuleNotFoundError: No module named 'playwright_keyword_library'
2026-08-03 04:06:23.557820 ==============================================================================
2026-08-03 04:06:23.557820 Traceback (most recent call last):
2026-08-03 04:06:23.557847   None
2026-08-03 04:06:23.607976 PYTHONPATH:
2026-08-03 04:06:23.658089   /opt/hostedtoolcache/Python/3.11.15/x64/bin
2026-08-03 04:06:23.708212   /opt/hostedtoolcache/Python/3.11.15/x64/lib/python311.zip
2026-08-03 04:06:23.758319   /opt/hostedtoolcache/Python/3.11.15/x64/lib/python3.11
2026-08-03 04:06:23.808430   /opt/hostedtoolcache/Python/3.11.15/x64/lib/python3.11/lib-dynload
2026-08-03 04:06:23.858538   /opt/hostedtoolcache/Python/3.11.15/x64/lib/python3.11/site-packages
2026-08-03 04:06:23.908694 [ ERROR ] Error in file '/home/runner/work/engg-robot-testing-framework/engg-robot-testing-framework/resources/auth_keywords.resource' on line 2: Importing library 'playwright_keyword_library.PlaywrightKeywordLibrary' failed: ModuleNotFoundError: No module named 'playwright_keyword_library'
2026-08-03 04:06:23.958806 Traceback (most recent call last):
2026-08-03 04:06:24.008927   None
2026-08-03 04:06:24.059057 PYTHONPATH:
2026-08-03 04:06:24.109223   /opt/hostedtoolcache/Python/3.11.15/x64/bin
2026-08-03 04:06:24.159338   /opt/hostedtoolcache/Python/3.11.15/x64/lib/python311.zip
2026-08-03 04:06:24.209516   /opt/hostedtoolcache/Python/3.11.15/x64/lib/python3.11
2026-08-03 04:06:24.259631   /opt/hostedtoolcache/Python/3.11.15/x64/lib/python3.11/lib-dynload
2026-08-03 04:06:24.309788   /opt/hostedtoolcache/Python/3.11.15/x64/lib/python3.11/site-packages
2026-08-03 04:06:24.359930 [ ERROR ] Error in file '/home/runner/work/engg-robot-testing-framework/engg-robot-testing-framework/resources/common.resource' on line 4: Importing library 'playwright_keyword_library.PlaywrightKeywordLibrary' failed: ModuleNotFoundError: No module named 'playwright_keyword_library'
2026-08-03 04:06:24.410115 Traceback (most recent call last):
2026-08-03 04:06:24.460252   None
2026-08-03 04:06:24.510404 PYTHONPATH:
2026-08-03 04:06:24.560540   /opt/hostedtoolcache/Python/3.11.15/x64/bin
2026-08-03 04:06:24.610692   /opt/hostedtoolcache/Python/3.11.15/x64/lib/python311.zip
2026-08-03 04:06:24.660825   /opt/hostedtoolcache/Python/3.11.15/x64/lib/python3.11
2026-08-03 04:06:24.710973   /opt/hostedtoolcache/Python/3.11.15/x64/lib/python3.11/lib-dynload
2026-08-03 04:06:24.761120   /opt/hostedtoolcache/Python/3.11.15/x64/lib/python3.11/site-packages
2026-08-03 04:06:33.533923 TC05 Register User With Existing Email                                | FAIL |
2026-08-03 04:06:33.568038 Setup failed:
2026-08-03 04:06:33.568050 No keyword with name 'Open Browser' found.
2026-08-03 04:06:33.568058 
2026-08-03 04:06:33.568066 Also teardown failed:
2026-08-03 04:06:33.568084 Several failures occurred:
2026-08-03 04:06:33.568131 
2026-08-03 04:06:33.568142 1) No keyword with name 'Register Keyword To Run On Failure' found.
2026-08-03 04:06:33.568150 
2026-08-03 04:06:33.568156 2) No keyword with name 'Close Browser' found. Did you mean:
2026-08-03 04:06:33.568163     common.Close Test Browser
2026-08-03 04:06:33.568170 ------------------------------------------------------------------------------
2026-08-03 04:06:33.568177 Suites.Auth.TC05 register existing email                              | FAIL |
2026-08-03 04:06:33.568594 1 test, 0 passed, 1 failed
2026-08-03 04:06:33.568633 ==============================================================================
2026-08-03 04:06:33.568700 Suites.Auth                                                           | FAIL |
2026-08-03 04:06:33.568941 1 test, 0 passed, 1 failed
2026-08-03 04:06:33.569007 ==============================================================================
2026-08-03 04:06:33.569015 Suites                                                                | FAIL |
2026-08-03 04:06:33.569289 1 test, 0 passed, 1 failed
2026-08-03 04:06:33.569299 ==============================================================================
2026-08-03 04:06:33.569306 Output:  /home/runner/work/engg-robot-testing-framework/engg-robot-testing-framework/reports/pabot_results/4/output.xml
