2026-10-05 06:04:01.591236 ==============================================================================
2026-10-05 06:04:01.614682 Suites
2026-10-05 06:04:01.614702 ==============================================================================
2026-10-05 06:04:01.614718 Suites.Cart
2026-10-05 06:04:01.615505 ==============================================================================
2026-10-05 06:04:01.615530 Suites.Cart.TC13 verify product quantity :: TC13 - Verify Product Quantity ...
2026-10-05 06:04:01.615530 [ ERROR ] Error in file '/home/runner/work/engg-robot-testing-framework/engg-robot-testing-framework/resources/common.resource' on line 4: Importing library 'playwright_keyword_library.PlaywrightKeywordLibrary' failed: ModuleNotFoundError: No module named 'playwright_keyword_library'
2026-10-05 06:04:01.646028 ==============================================================================
2026-10-05 06:04:01.646028 Traceback (most recent call last):
2026-10-05 06:04:01.646054   None
2026-10-05 06:04:01.696160 PYTHONPATH:
2026-10-05 06:04:01.746267   /opt/hostedtoolcache/Python/3.11.16/x64/bin
2026-10-05 06:04:01.796392   /opt/hostedtoolcache/Python/3.11.16/x64/lib/python311.zip
2026-10-05 06:04:01.846501   /opt/hostedtoolcache/Python/3.11.16/x64/lib/python3.11
2026-10-05 06:04:01.896619   /opt/hostedtoolcache/Python/3.11.16/x64/lib/python3.11/lib-dynload
2026-10-05 06:04:01.946777   /opt/hostedtoolcache/Python/3.11.16/x64/lib/python3.11/site-packages
2026-10-05 06:04:01.996936 [ ERROR ] Error in file '/home/runner/work/engg-robot-testing-framework/engg-robot-testing-framework/resources/product_keywords.resource' on line 2: Importing library 'playwright_keyword_library.PlaywrightKeywordLibrary' failed: ModuleNotFoundError: No module named 'playwright_keyword_library'
2026-10-05 06:04:02.047106 Traceback (most recent call last):
2026-10-05 06:04:02.097258   None
2026-10-05 06:04:02.147407 PYTHONPATH:
2026-10-05 06:04:02.197566   /opt/hostedtoolcache/Python/3.11.16/x64/bin
2026-10-05 06:04:02.247727   /opt/hostedtoolcache/Python/3.11.16/x64/lib/python311.zip
2026-10-05 06:04:02.297890   /opt/hostedtoolcache/Python/3.11.16/x64/lib/python3.11
2026-10-05 06:04:02.348050   /opt/hostedtoolcache/Python/3.11.16/x64/lib/python3.11/lib-dynload
2026-10-05 06:04:02.398206   /opt/hostedtoolcache/Python/3.11.16/x64/lib/python3.11/site-packages
2026-10-05 06:04:02.448356 [ ERROR ] Error in file '/home/runner/work/engg-robot-testing-framework/engg-robot-testing-framework/resources/cart_keywords.resource' on line 2: Importing library 'playwright_keyword_library.PlaywrightKeywordLibrary' failed: ModuleNotFoundError: No module named 'playwright_keyword_library'
2026-10-05 06:04:02.498514 Traceback (most recent call last):
2026-10-05 06:04:02.548675   None
2026-10-05 06:04:02.598837 PYTHONPATH:
2026-10-05 06:04:02.648990   /opt/hostedtoolcache/Python/3.11.16/x64/bin
2026-10-05 06:04:02.699142   /opt/hostedtoolcache/Python/3.11.16/x64/lib/python311.zip
2026-10-05 06:04:02.749291   /opt/hostedtoolcache/Python/3.11.16/x64/lib/python3.11
2026-10-05 06:04:02.799454   /opt/hostedtoolcache/Python/3.11.16/x64/lib/python3.11/lib-dynload
2026-10-05 06:04:02.849611   /opt/hostedtoolcache/Python/3.11.16/x64/lib/python3.11/site-packages
2026-10-05 06:04:11.622585 TC13 Verify Product Quantity In Cart                                  | FAIL |
2026-10-05 06:04:11.657707 Setup failed:
2026-10-05 06:04:11.657733 No keyword with name 'Open Browser' found.
2026-10-05 06:04:11.657751 
2026-10-05 06:04:11.657769 Also teardown failed:
2026-10-05 06:04:11.657784 Several failures occurred:
2026-10-05 06:04:11.657811 
2026-10-05 06:04:11.657838 1) No keyword with name 'Register Keyword To Run On Failure' found.
2026-10-05 06:04:11.657865 
2026-10-05 06:04:11.657887 2) No keyword with name 'Close Browser' found. Did you mean:
2026-10-05 06:04:11.657909     common.Close Test Browser
2026-10-05 06:04:11.657930 ------------------------------------------------------------------------------
2026-10-05 06:04:11.657951 Suites.Cart.TC13 verify product quantity :: TC13 - Verify Product ... | FAIL |
2026-10-05 06:04:11.658371 1 test, 0 passed, 1 failed
2026-10-05 06:04:11.658497 ==============================================================================
2026-10-05 06:04:11.658575 Suites.Cart                                                           | FAIL |
2026-10-05 06:04:11.659007 1 test, 0 passed, 1 failed
2026-10-05 06:04:11.659023 ==============================================================================
2026-10-05 06:04:11.659036 Suites                                                                | FAIL |
2026-10-05 06:04:11.659271 1 test, 0 passed, 1 failed
2026-10-05 06:04:11.659319 ==============================================================================
2026-10-05 06:04:11.659331 Output:  /home/runner/work/engg-robot-testing-framework/engg-robot-testing-framework/reports/pabot_results/6/output.xml
