2026-08-02 04:03:25.884466 ==============================================================================
2026-08-02 04:03:25.924928 Suites
2026-08-02 04:03:25.924960 ==============================================================================
2026-08-02 04:03:25.924976 Suites.Auth
2026-08-02 04:03:25.926506 ==============================================================================
2026-08-02 04:03:25.926544 Suites.Auth.TC02 login valid
2026-08-02 04:03:25.926544 [ ERROR ] Error in file '/home/runner/work/engg-robot-testing-framework/engg-robot-testing-framework/tests/auth/TC02_login_valid.robot' on line 2: Importing library 'playwright_keyword_library.PlaywrightKeywordLibrary' failed: ModuleNotFoundError: No module named 'playwright_keyword_library'
2026-08-02 04:03:25.949711 ==============================================================================
2026-08-02 04:03:25.949711 Traceback (most recent call last):
2026-08-02 04:03:25.949749   None
2026-08-02 04:03:25.999901 PYTHONPATH:
2026-08-02 04:03:26.050050   /opt/hostedtoolcache/Python/3.11.15/x64/bin
2026-08-02 04:03:26.100196   /opt/hostedtoolcache/Python/3.11.15/x64/lib/python311.zip
2026-08-02 04:03:26.150315   /opt/hostedtoolcache/Python/3.11.15/x64/lib/python3.11
2026-08-02 04:03:26.200497   /opt/hostedtoolcache/Python/3.11.15/x64/lib/python3.11/lib-dynload
2026-08-02 04:03:26.250662   /opt/hostedtoolcache/Python/3.11.15/x64/lib/python3.11/site-packages
2026-08-02 04:03:26.300829 [ ERROR ] Error in file '/home/runner/work/engg-robot-testing-framework/engg-robot-testing-framework/resources/auth_keywords.resource' on line 2: Importing library 'playwright_keyword_library.PlaywrightKeywordLibrary' failed: ModuleNotFoundError: No module named 'playwright_keyword_library'
2026-08-02 04:03:26.350992 Traceback (most recent call last):
2026-08-02 04:03:26.401130   None
2026-08-02 04:03:26.451267 PYTHONPATH:
2026-08-02 04:03:26.501415   /opt/hostedtoolcache/Python/3.11.15/x64/bin
2026-08-02 04:03:26.551541   /opt/hostedtoolcache/Python/3.11.15/x64/lib/python311.zip
2026-08-02 04:03:26.601676   /opt/hostedtoolcache/Python/3.11.15/x64/lib/python3.11
2026-08-02 04:03:26.651826   /opt/hostedtoolcache/Python/3.11.15/x64/lib/python3.11/lib-dynload
2026-08-02 04:03:26.701950   /opt/hostedtoolcache/Python/3.11.15/x64/lib/python3.11/site-packages
2026-08-02 04:03:26.752115 [ ERROR ] Error in file '/home/runner/work/engg-robot-testing-framework/engg-robot-testing-framework/resources/common.resource' on line 4: Importing library 'playwright_keyword_library.PlaywrightKeywordLibrary' failed: ModuleNotFoundError: No module named 'playwright_keyword_library'
2026-08-02 04:03:26.802313 Traceback (most recent call last):
2026-08-02 04:03:26.852478   None
2026-08-02 04:03:26.902708 PYTHONPATH:
2026-08-02 04:03:26.952904   /opt/hostedtoolcache/Python/3.11.15/x64/bin
2026-08-02 04:03:27.003113   /opt/hostedtoolcache/Python/3.11.15/x64/lib/python311.zip
2026-08-02 04:03:27.053240   /opt/hostedtoolcache/Python/3.11.15/x64/lib/python3.11
2026-08-02 04:03:27.103365   /opt/hostedtoolcache/Python/3.11.15/x64/lib/python3.11/lib-dynload
2026-08-02 04:03:27.153505   /opt/hostedtoolcache/Python/3.11.15/x64/lib/python3.11/site-packages
2026-08-02 04:03:35.929835 TC02 Login User With Correct Email And Password                       | FAIL |
2026-08-02 04:03:35.961309 Setup failed:
2026-08-02 04:03:35.961327 No keyword with name 'Open Browser' found.
2026-08-02 04:03:35.961341 
2026-08-02 04:03:35.961354 Also teardown failed:
2026-08-02 04:03:35.961368 Several failures occurred:
2026-08-02 04:03:35.961382 
2026-08-02 04:03:35.961396 1) No keyword with name 'Register Keyword To Run On Failure' found.
2026-08-02 04:03:35.961410 
2026-08-02 04:03:35.961422 2) No keyword with name 'Close Browser' found. Did you mean:
2026-08-02 04:03:35.961434     common.Close Test Browser
2026-08-02 04:03:35.961446 ------------------------------------------------------------------------------
2026-08-02 04:03:35.961457 Suites.Auth.TC02 login valid                                          | FAIL |
2026-08-02 04:03:35.962084 1 test, 0 passed, 1 failed
2026-08-02 04:03:35.962100 ==============================================================================
2026-08-02 04:03:35.962113 Suites.Auth                                                           | FAIL |
2026-08-02 04:03:35.962477 1 test, 0 passed, 1 failed
2026-08-02 04:03:35.962502 ==============================================================================
2026-08-02 04:03:35.962585 Suites                                                                | FAIL |
2026-08-02 04:03:35.962915 1 test, 0 passed, 1 failed
2026-08-02 04:03:35.962940 ==============================================================================
2026-08-02 04:03:35.963021 Output:  /home/runner/work/engg-robot-testing-framework/engg-robot-testing-framework/reports/pabot_results/1/output.xml
