2026-09-20 05:12:39.715688 ==============================================================================
2026-09-20 05:12:39.738682 Suites
2026-09-20 05:12:39.738706 ==============================================================================
2026-09-20 05:12:39.738722 Suites.Auth
2026-09-20 05:12:39.739693 ==============================================================================
2026-09-20 05:12:39.739713 Suites.Auth.TC01 register user
2026-09-20 05:12:39.739713 [ ERROR ] Error in file '/home/runner/work/engg-robot-testing-framework/engg-robot-testing-framework/tests/auth/TC01_register_user.robot' on line 2: Importing library 'playwright_keyword_library.PlaywrightKeywordLibrary' failed: ModuleNotFoundError: No module named 'playwright_keyword_library'
2026-09-20 05:12:39.759347 ==============================================================================
2026-09-20 05:12:39.759347 Traceback (most recent call last):
2026-09-20 05:12:39.759369   None
2026-09-20 05:12:39.809512 PYTHONPATH:
2026-09-20 05:12:39.859653   /opt/hostedtoolcache/Python/3.11.16/x64/bin
2026-09-20 05:12:39.909917   /opt/hostedtoolcache/Python/3.11.16/x64/lib/python311.zip
2026-09-20 05:12:39.960070   /opt/hostedtoolcache/Python/3.11.16/x64/lib/python3.11
2026-09-20 05:12:40.010318   /opt/hostedtoolcache/Python/3.11.16/x64/lib/python3.11/lib-dynload
2026-09-20 05:12:40.060513   /opt/hostedtoolcache/Python/3.11.16/x64/lib/python3.11/site-packages
2026-09-20 05:12:40.110856 [ ERROR ] Error in file '/home/runner/work/engg-robot-testing-framework/engg-robot-testing-framework/resources/auth_keywords.resource' on line 2: Importing library 'playwright_keyword_library.PlaywrightKeywordLibrary' failed: ModuleNotFoundError: No module named 'playwright_keyword_library'
2026-09-20 05:12:40.161106 Traceback (most recent call last):
2026-09-20 05:12:40.211417   None
2026-09-20 05:12:40.261641 PYTHONPATH:
2026-09-20 05:12:40.311919   /opt/hostedtoolcache/Python/3.11.16/x64/bin
2026-09-20 05:12:40.362139   /opt/hostedtoolcache/Python/3.11.16/x64/lib/python311.zip
2026-09-20 05:12:40.412425   /opt/hostedtoolcache/Python/3.11.16/x64/lib/python3.11
2026-09-20 05:12:40.462627   /opt/hostedtoolcache/Python/3.11.16/x64/lib/python3.11/lib-dynload
2026-09-20 05:12:40.512911   /opt/hostedtoolcache/Python/3.11.16/x64/lib/python3.11/site-packages
2026-09-20 05:12:40.563166 [ ERROR ] Error in file '/home/runner/work/engg-robot-testing-framework/engg-robot-testing-framework/resources/common.resource' on line 4: Importing library 'playwright_keyword_library.PlaywrightKeywordLibrary' failed: ModuleNotFoundError: No module named 'playwright_keyword_library'
2026-09-20 05:12:40.613487 Traceback (most recent call last):
2026-09-20 05:12:40.663704   None
2026-09-20 05:12:40.713944 PYTHONPATH:
2026-09-20 05:12:40.764149   /opt/hostedtoolcache/Python/3.11.16/x64/bin
2026-09-20 05:12:40.814389   /opt/hostedtoolcache/Python/3.11.16/x64/lib/python311.zip
2026-09-20 05:12:40.864596   /opt/hostedtoolcache/Python/3.11.16/x64/lib/python3.11
2026-09-20 05:12:40.914834   /opt/hostedtoolcache/Python/3.11.16/x64/lib/python3.11/lib-dynload
2026-09-20 05:12:40.964992   /opt/hostedtoolcache/Python/3.11.16/x64/lib/python3.11/site-packages
2026-09-20 05:12:49.741979 TC01 Register User                                                    | FAIL |
2026-09-20 05:12:49.770370 Setup failed:
2026-09-20 05:12:49.770387 No keyword with name 'Open Browser' found.
2026-09-20 05:12:49.770401 
2026-09-20 05:12:49.770415 Also teardown failed:
2026-09-20 05:12:49.770428 Several failures occurred:
2026-09-20 05:12:49.770441 
2026-09-20 05:12:49.770486 1) No keyword with name 'Register Keyword To Run On Failure' found.
2026-09-20 05:12:49.770511 
2026-09-20 05:12:49.770525 2) No keyword with name 'Close Browser' found. Did you mean:
2026-09-20 05:12:49.770548     common.Close Test Browser
2026-09-20 05:12:49.770560 ------------------------------------------------------------------------------
2026-09-20 05:12:49.770575 Suites.Auth.TC01 register user                                        | FAIL |
2026-09-20 05:12:49.771307 1 test, 0 passed, 1 failed
2026-09-20 05:12:49.771330 ==============================================================================
2026-09-20 05:12:49.771345 Suites.Auth                                                           | FAIL |
2026-09-20 05:12:49.772569 1 test, 0 passed, 1 failed
2026-09-20 05:12:49.772587 ==============================================================================
2026-09-20 05:12:49.772600 Suites                                                                | FAIL |
2026-09-20 05:12:49.772612 1 test, 0 passed, 1 failed
2026-09-20 05:12:49.772623 ==============================================================================
2026-09-20 05:12:49.772633 Output:  /home/runner/work/engg-robot-testing-framework/engg-robot-testing-framework/reports/pabot_results/0/output.xml
