2026-09-27 05:35:18.547066 ==============================================================================
2026-09-27 05:35:18.558508 Suites
2026-09-27 05:35:18.558529 ==============================================================================
2026-09-27 05:35:18.558544 Suites.Auth
2026-09-27 05:35:18.559414 ==============================================================================
2026-09-27 05:35:18.559436 Suites.Auth.TC03 login invalid
2026-09-27 05:35:18.559436 [ ERROR ] Error in file '/home/runner/work/engg-robot-testing-framework/engg-robot-testing-framework/tests/auth/TC03_login_invalid.robot' on line 2: Importing library 'playwright_keyword_library.PlaywrightKeywordLibrary' failed: ModuleNotFoundError: No module named 'playwright_keyword_library'
2026-09-27 05:35:18.578107 ==============================================================================
2026-09-27 05:35:18.578107 Traceback (most recent call last):
2026-09-27 05:35:18.578180   None
2026-09-27 05:35:18.628314 PYTHONPATH:
2026-09-27 05:35:18.678433   /opt/hostedtoolcache/Python/3.11.16/x64/bin
2026-09-27 05:35:18.728531   /opt/hostedtoolcache/Python/3.11.16/x64/lib/python311.zip
2026-09-27 05:35:18.778632   /opt/hostedtoolcache/Python/3.11.16/x64/lib/python3.11
2026-09-27 05:35:18.828732   /opt/hostedtoolcache/Python/3.11.16/x64/lib/python3.11/lib-dynload
2026-09-27 05:35:18.878832   /opt/hostedtoolcache/Python/3.11.16/x64/lib/python3.11/site-packages
2026-09-27 05:35:18.928985 [ ERROR ] Error in file '/home/runner/work/engg-robot-testing-framework/engg-robot-testing-framework/resources/auth_keywords.resource' on line 2: Importing library 'playwright_keyword_library.PlaywrightKeywordLibrary' failed: ModuleNotFoundError: No module named 'playwright_keyword_library'
2026-09-27 05:35:18.979111 Traceback (most recent call last):
2026-09-27 05:35:19.029271   None
2026-09-27 05:35:19.079389 PYTHONPATH:
2026-09-27 05:35:19.129549   /opt/hostedtoolcache/Python/3.11.16/x64/bin
2026-09-27 05:35:19.179680   /opt/hostedtoolcache/Python/3.11.16/x64/lib/python311.zip
2026-09-27 05:35:19.229838   /opt/hostedtoolcache/Python/3.11.16/x64/lib/python3.11
2026-09-27 05:35:19.279992   /opt/hostedtoolcache/Python/3.11.16/x64/lib/python3.11/lib-dynload
2026-09-27 05:35:19.330150   /opt/hostedtoolcache/Python/3.11.16/x64/lib/python3.11/site-packages
2026-09-27 05:35:19.380280 [ ERROR ] Error in file '/home/runner/work/engg-robot-testing-framework/engg-robot-testing-framework/resources/common.resource' on line 4: Importing library 'playwright_keyword_library.PlaywrightKeywordLibrary' failed: ModuleNotFoundError: No module named 'playwright_keyword_library'
2026-09-27 05:35:19.430442 Traceback (most recent call last):
2026-09-27 05:35:19.480573   None
2026-09-27 05:35:19.530727 PYTHONPATH:
2026-09-27 05:35:19.580859   /opt/hostedtoolcache/Python/3.11.16/x64/bin
2026-09-27 05:35:19.631019   /opt/hostedtoolcache/Python/3.11.16/x64/lib/python311.zip
2026-09-27 05:35:19.681151   /opt/hostedtoolcache/Python/3.11.16/x64/lib/python3.11
2026-09-27 05:35:19.731297   /opt/hostedtoolcache/Python/3.11.16/x64/lib/python3.11/lib-dynload
2026-09-27 05:35:19.781366   /opt/hostedtoolcache/Python/3.11.16/x64/lib/python3.11/site-packages
2026-09-27 05:35:28.553858 TC03 Login User With Incorrect Email And Password                     | FAIL |
2026-09-27 05:35:28.588897 Setup failed:
2026-09-27 05:35:28.588914 No keyword with name 'Open Browser' found.
2026-09-27 05:35:28.588923 
2026-09-27 05:35:28.588932 Also teardown failed:
2026-09-27 05:35:28.588940 Several failures occurred:
2026-09-27 05:35:28.588948 
2026-09-27 05:35:28.588959 1) No keyword with name 'Register Keyword To Run On Failure' found.
2026-09-27 05:35:28.588967 
2026-09-27 05:35:28.588974 2) No keyword with name 'Close Browser' found. Did you mean:
2026-09-27 05:35:28.588981     common.Close Test Browser
2026-09-27 05:35:28.588989 ------------------------------------------------------------------------------
2026-09-27 05:35:28.588997 Suites.Auth.TC03 login invalid                                        | FAIL |
2026-09-27 05:35:28.589349 1 test, 0 passed, 1 failed
2026-09-27 05:35:28.589501 ==============================================================================
2026-09-27 05:35:28.589527 Suites.Auth                                                           | FAIL |
2026-09-27 05:35:28.589994 1 test, 0 passed, 1 failed
2026-09-27 05:35:28.590091 ==============================================================================
2026-09-27 05:35:28.590117 Suites                                                                | FAIL |
2026-09-27 05:35:28.590445 1 test, 0 passed, 1 failed
2026-09-27 05:35:28.590620 ==============================================================================
2026-09-27 05:35:28.590628 Output:  /home/runner/work/engg-robot-testing-framework/engg-robot-testing-framework/reports/pabot_results/2/output.xml
