2026-06-16 06:06:12.755037 ==============================================================================
2026-06-16 06:06:12.769538 Suites
2026-06-16 06:06:12.769550 ==============================================================================
2026-06-16 06:06:12.769559 Suites.Auth
2026-06-16 06:06:12.770199 ==============================================================================
2026-06-16 06:06:12.870431 Suites.Auth.TC04 logout user
2026-06-16 06:06:12.878113 ==============================================================================
2026-06-16 06:07:36.475131 [ WARN ] Native click failed on Delete Account; trying JS click fallback.
2026-06-16 06:07:37.129832 TC04 Logout User                                                      | FAIL |
2026-06-16 06:07:37.135128 Text 'Account Deleted' did not appear in 1 minute.
2026-06-16 06:07:37.135142 ------------------------------------------------------------------------------
2026-06-16 06:07:37.135168 Suites.Auth.TC04 logout user                                          | FAIL |
2026-06-16 06:07:37.135774 1 test, 0 passed, 1 failed
2026-06-16 06:07:37.135784 ==============================================================================
2026-06-16 06:07:37.135793 Suites.Auth                                                           | FAIL |
2026-06-16 06:07:37.136103 1 test, 0 passed, 1 failed
2026-06-16 06:07:37.136140 ==============================================================================
2026-06-16 06:07:37.136148 Suites                                                                | FAIL |
2026-06-16 06:07:37.136660 1 test, 0 passed, 1 failed
2026-06-16 06:07:37.136671 ==============================================================================
2026-06-16 06:07:37.136679 Output:  /home/runner/work/engg-robot-testing-framework/engg-robot-testing-framework/reports/pabot_results/3/output.xml
