2026-08-20 01:59:49.738230 ==============================================================================
2026-08-20 01:59:49.744091 Suites
2026-08-20 01:59:49.744101 ==============================================================================
2026-08-20 01:59:49.744107 Suites.Cart
2026-08-20 01:59:49.744693 ==============================================================================
2026-08-20 01:59:49.744700 Suites.Cart.TC22 add from recommended items :: TC22 - Add To Cart From Reco...
2026-08-20 01:59:49.744700 [ ERROR ] Error in file '/home/runner/work/engg-robot-testing-framework/engg-robot-testing-framework/resources/common.resource' on line 4: Importing library 'playwright_keyword_library.PlaywrightKeywordLibrary' failed: ModuleNotFoundError: No module named 'playwright_keyword_library'
2026-08-20 01:59:49.760952 ==============================================================================
2026-08-20 01:59:49.760952 Traceback (most recent call last):
2026-08-20 01:59:49.760963   None
2026-08-20 01:59:49.811122 PYTHONPATH:
2026-08-20 01:59:49.861273   /opt/hostedtoolcache/Python/3.11.15/x64/bin
2026-08-20 01:59:49.911452   /opt/hostedtoolcache/Python/3.11.15/x64/lib/python311.zip
2026-08-20 01:59:49.961610   /opt/hostedtoolcache/Python/3.11.15/x64/lib/python3.11
2026-08-20 01:59:50.011763   /opt/hostedtoolcache/Python/3.11.15/x64/lib/python3.11/lib-dynload
2026-08-20 01:59:50.061940   /opt/hostedtoolcache/Python/3.11.15/x64/lib/python3.11/site-packages
2026-08-20 01:59:50.112066 [ ERROR ] Error in file '/home/runner/work/engg-robot-testing-framework/engg-robot-testing-framework/resources/cart_keywords.resource' on line 2: Importing library 'playwright_keyword_library.PlaywrightKeywordLibrary' failed: ModuleNotFoundError: No module named 'playwright_keyword_library'
2026-08-20 01:59:50.162210 Traceback (most recent call last):
2026-08-20 01:59:50.212364   None
2026-08-20 01:59:50.262495 PYTHONPATH:
2026-08-20 01:59:50.312658   /opt/hostedtoolcache/Python/3.11.15/x64/bin
2026-08-20 01:59:50.362834   /opt/hostedtoolcache/Python/3.11.15/x64/lib/python311.zip
2026-08-20 01:59:50.412983   /opt/hostedtoolcache/Python/3.11.15/x64/lib/python3.11
2026-08-20 01:59:50.463157   /opt/hostedtoolcache/Python/3.11.15/x64/lib/python3.11/lib-dynload
2026-08-20 01:59:50.513302   /opt/hostedtoolcache/Python/3.11.15/x64/lib/python3.11/site-packages
2026-08-20 01:59:59.735148 TC22 Add To Cart From Recommended Items                               | FAIL |
2026-08-20 01:59:59.768847 Setup failed:
2026-08-20 01:59:59.768862 No keyword with name 'Open Browser' found.
2026-08-20 01:59:59.768869 
2026-08-20 01:59:59.768874 Also teardown failed:
2026-08-20 01:59:59.768881 Several failures occurred:
2026-08-20 01:59:59.768886 
2026-08-20 01:59:59.768892 1) No keyword with name 'Register Keyword To Run On Failure' found.
2026-08-20 01:59:59.768898 
2026-08-20 01:59:59.768903 2) No keyword with name 'Close Browser' found. Did you mean:
2026-08-20 01:59:59.768921     common.Close Test Browser
2026-08-20 01:59:59.768928 ------------------------------------------------------------------------------
2026-08-20 01:59:59.768933 Suites.Cart.TC22 add from recommended items :: TC22 - Add To Cart ... | FAIL |
2026-08-20 01:59:59.769340 1 test, 0 passed, 1 failed
2026-08-20 01:59:59.769365 ==============================================================================
2026-08-20 01:59:59.769371 Suites.Cart                                                           | FAIL |
2026-08-20 01:59:59.769619 1 test, 0 passed, 1 failed
2026-08-20 01:59:59.769647 ==============================================================================
2026-08-20 01:59:59.769652 Suites                                                                | FAIL |
2026-08-20 01:59:59.769857 1 test, 0 passed, 1 failed
2026-08-20 01:59:59.769883 ==============================================================================
2026-08-20 01:59:59.769888 Output:  /home/runner/work/engg-robot-testing-framework/engg-robot-testing-framework/reports/pabot_results/9/output.xml
