2026-08-13 03:08:16.154123 ==============================================================================
2026-08-13 03:08:16.160960 Suites
2026-08-13 03:08:16.160981 ==============================================================================
2026-08-13 03:08:16.160994 Suites.Cart
2026-08-13 03:08:16.161749 ==============================================================================
2026-08-13 03:08:16.161764 Suites.Cart.TC13 verify product quantity :: TC13 - Verify Product Quantity ...
2026-08-13 03:08:16.161764 [ ERROR ] Error in file '/home/runner/work/engg-robot-testing-framework/engg-robot-testing-framework/resources/common.resource' on line 4: Importing library 'playwright_keyword_library.PlaywrightKeywordLibrary' failed: ModuleNotFoundError: No module named 'playwright_keyword_library'
2026-08-13 03:08:16.191775 ==============================================================================
2026-08-13 03:08:16.191775 Traceback (most recent call last):
2026-08-13 03:08:16.191796   None
2026-08-13 03:08:16.241958 PYTHONPATH:
2026-08-13 03:08:16.292115   /opt/hostedtoolcache/Python/3.11.15/x64/bin
2026-08-13 03:08:16.342415   /opt/hostedtoolcache/Python/3.11.15/x64/lib/python311.zip
2026-08-13 03:08:16.392574   /opt/hostedtoolcache/Python/3.11.15/x64/lib/python3.11
2026-08-13 03:08:16.442760   /opt/hostedtoolcache/Python/3.11.15/x64/lib/python3.11/lib-dynload
2026-08-13 03:08:16.492948   /opt/hostedtoolcache/Python/3.11.15/x64/lib/python3.11/site-packages
2026-08-13 03:08:16.543078 [ ERROR ] Error in file '/home/runner/work/engg-robot-testing-framework/engg-robot-testing-framework/resources/product_keywords.resource' on line 2: Importing library 'playwright_keyword_library.PlaywrightKeywordLibrary' failed: ModuleNotFoundError: No module named 'playwright_keyword_library'
2026-08-13 03:08:16.593266 Traceback (most recent call last):
2026-08-13 03:08:16.643475   None
2026-08-13 03:08:16.693651 PYTHONPATH:
2026-08-13 03:08:16.743857   /opt/hostedtoolcache/Python/3.11.15/x64/bin
2026-08-13 03:08:16.794034   /opt/hostedtoolcache/Python/3.11.15/x64/lib/python311.zip
2026-08-13 03:08:16.844231   /opt/hostedtoolcache/Python/3.11.15/x64/lib/python3.11
2026-08-13 03:08:16.894407   /opt/hostedtoolcache/Python/3.11.15/x64/lib/python3.11/lib-dynload
2026-08-13 03:08:16.944550   /opt/hostedtoolcache/Python/3.11.15/x64/lib/python3.11/site-packages
2026-08-13 03:08:16.994714 [ ERROR ] Error in file '/home/runner/work/engg-robot-testing-framework/engg-robot-testing-framework/resources/cart_keywords.resource' on line 2: Importing library 'playwright_keyword_library.PlaywrightKeywordLibrary' failed: ModuleNotFoundError: No module named 'playwright_keyword_library'
2026-08-13 03:08:17.044935 Traceback (most recent call last):
2026-08-13 03:08:17.095110   None
2026-08-13 03:08:17.145304 PYTHONPATH:
2026-08-13 03:08:17.195474   /opt/hostedtoolcache/Python/3.11.15/x64/bin
2026-08-13 03:08:17.245669   /opt/hostedtoolcache/Python/3.11.15/x64/lib/python311.zip
2026-08-13 03:08:17.295856   /opt/hostedtoolcache/Python/3.11.15/x64/lib/python3.11
2026-08-13 03:08:17.346073   /opt/hostedtoolcache/Python/3.11.15/x64/lib/python3.11/lib-dynload
2026-08-13 03:08:17.396241   /opt/hostedtoolcache/Python/3.11.15/x64/lib/python3.11/site-packages
2026-08-13 03:08:26.174282 TC13 Verify Product Quantity In Cart                                  | FAIL |
2026-08-13 03:08:26.202694 Setup failed:
2026-08-13 03:08:26.202716 No keyword with name 'Open Browser' found.
2026-08-13 03:08:26.202731 
2026-08-13 03:08:26.202745 Also teardown failed:
2026-08-13 03:08:26.202758 Several failures occurred:
2026-08-13 03:08:26.202771 
2026-08-13 03:08:26.202783 1) No keyword with name 'Register Keyword To Run On Failure' found.
2026-08-13 03:08:26.202796 
2026-08-13 03:08:26.202808 2) No keyword with name 'Close Browser' found. Did you mean:
2026-08-13 03:08:26.202842     common.Close Test Browser
2026-08-13 03:08:26.202856 ------------------------------------------------------------------------------
2026-08-13 03:08:26.202868 Suites.Cart.TC13 verify product quantity :: TC13 - Verify Product ... | FAIL |
2026-08-13 03:08:26.203419 1 test, 0 passed, 1 failed
2026-08-13 03:08:26.203445 ==============================================================================
2026-08-13 03:08:26.203500 Suites.Cart                                                           | FAIL |
2026-08-13 03:08:26.203855 1 test, 0 passed, 1 failed
2026-08-13 03:08:26.203912 ==============================================================================
2026-08-13 03:08:26.203927 Suites                                                                | FAIL |
2026-08-13 03:08:26.204218 1 test, 0 passed, 1 failed
2026-08-13 03:08:26.204271 ==============================================================================
2026-08-13 03:08:26.204287 Output:  /home/runner/work/engg-robot-testing-framework/engg-robot-testing-framework/reports/pabot_results/6/output.xml
