2026-06-26 04:49:28.017122 ==============================================================================
2026-06-26 04:49:28.028998 Suites
2026-06-26 04:49:28.029020 ==============================================================================
2026-06-26 04:49:28.029034 Suites.Auth
2026-06-26 04:49:28.029848 ==============================================================================
2026-06-26 04:49:28.029867 Suites.Auth.TC02 login valid
2026-06-26 04:49:28.029867 [ ERROR ] Error in file '/home/runner/work/engg-robot-testing-framework/engg-robot-testing-framework/tests/auth/TC02_login_valid.robot' on line 2: Importing library 'playwright_keyword_library.PlaywrightKeywordLibrary' failed: ModuleNotFoundError: No module named 'playwright_keyword_library'
2026-06-26 04:49:28.048307 ==============================================================================
2026-06-26 04:49:28.048307 Traceback (most recent call last):
2026-06-26 04:49:28.048331   None
2026-06-26 04:49:28.098447 PYTHONPATH:
2026-06-26 04:49:28.148545   /opt/hostedtoolcache/Python/3.11.15/x64/bin
2026-06-26 04:49:28.198644   /opt/hostedtoolcache/Python/3.11.15/x64/lib/python311.zip
2026-06-26 04:49:28.248740   /opt/hostedtoolcache/Python/3.11.15/x64/lib/python3.11
2026-06-26 04:49:28.298868   /opt/hostedtoolcache/Python/3.11.15/x64/lib/python3.11/lib-dynload
2026-06-26 04:49:28.348995   /opt/hostedtoolcache/Python/3.11.15/x64/lib/python3.11/site-packages
2026-06-26 04:49:28.399141 [ ERROR ] Error in file '/home/runner/work/engg-robot-testing-framework/engg-robot-testing-framework/resources/auth_keywords.resource' on line 2: Importing library 'playwright_keyword_library.PlaywrightKeywordLibrary' failed: ModuleNotFoundError: No module named 'playwright_keyword_library'
2026-06-26 04:49:28.449289 Traceback (most recent call last):
2026-06-26 04:49:28.499441   None
2026-06-26 04:49:28.549583 PYTHONPATH:
2026-06-26 04:49:28.599725   /opt/hostedtoolcache/Python/3.11.15/x64/bin
2026-06-26 04:49:28.649873   /opt/hostedtoolcache/Python/3.11.15/x64/lib/python311.zip
2026-06-26 04:49:28.700017   /opt/hostedtoolcache/Python/3.11.15/x64/lib/python3.11
2026-06-26 04:49:28.750174   /opt/hostedtoolcache/Python/3.11.15/x64/lib/python3.11/lib-dynload
2026-06-26 04:49:28.800316   /opt/hostedtoolcache/Python/3.11.15/x64/lib/python3.11/site-packages
2026-06-26 04:49:28.850465 [ ERROR ] Error in file '/home/runner/work/engg-robot-testing-framework/engg-robot-testing-framework/resources/common.resource' on line 4: Importing library 'playwright_keyword_library.PlaywrightKeywordLibrary' failed: ModuleNotFoundError: No module named 'playwright_keyword_library'
2026-06-26 04:49:28.900608 Traceback (most recent call last):
2026-06-26 04:49:28.950762   None
2026-06-26 04:49:29.000905 PYTHONPATH:
2026-06-26 04:49:29.051054   /opt/hostedtoolcache/Python/3.11.15/x64/bin
2026-06-26 04:49:29.101196   /opt/hostedtoolcache/Python/3.11.15/x64/lib/python311.zip
2026-06-26 04:49:29.151338   /opt/hostedtoolcache/Python/3.11.15/x64/lib/python3.11
2026-06-26 04:49:29.201468   /opt/hostedtoolcache/Python/3.11.15/x64/lib/python3.11/lib-dynload
2026-06-26 04:49:29.251596   /opt/hostedtoolcache/Python/3.11.15/x64/lib/python3.11/site-packages
2026-06-26 04:49:38.022498 TC02 Login User With Correct Email And Password                       | FAIL |
2026-06-26 04:49:38.058721 Setup failed:
2026-06-26 04:49:38.058731 No keyword with name 'Open Browser' found.
2026-06-26 04:49:38.058740 
2026-06-26 04:49:38.058748 Also teardown failed:
2026-06-26 04:49:38.058756 Several failures occurred:
2026-06-26 04:49:38.058764 
2026-06-26 04:49:38.058772 1) No keyword with name 'Register Keyword To Run On Failure' found.
2026-06-26 04:49:38.058780 
2026-06-26 04:49:38.058787 2) No keyword with name 'Close Browser' found. Did you mean:
2026-06-26 04:49:38.058795     common.Close Test Browser
2026-06-26 04:49:38.058803 ------------------------------------------------------------------------------
2026-06-26 04:49:38.058835 Suites.Auth.TC02 login valid                                          | FAIL |
2026-06-26 04:49:38.059834 1 test, 0 passed, 1 failed
2026-06-26 04:49:38.059852 ==============================================================================
2026-06-26 04:49:38.059865 Suites.Auth                                                           | FAIL |
2026-06-26 04:49:38.060241 1 test, 0 passed, 1 failed
2026-06-26 04:49:38.060294 ==============================================================================
2026-06-26 04:49:38.060308 Suites                                                                | FAIL |
2026-06-26 04:49:38.060986 1 test, 0 passed, 1 failed
2026-06-26 04:49:38.060995 ==============================================================================
2026-06-26 04:49:38.061002 Output:  /home/runner/work/engg-robot-testing-framework/engg-robot-testing-framework/reports/pabot_results/1/output.xml
