2026-08-20 01:59:08.153591 ==============================================================================
2026-08-20 01:59:08.181450 Suites
2026-08-20 01:59:08.181519 ==============================================================================
2026-08-20 01:59:08.181539 Suites.Auth
2026-08-20 01:59:08.182119 ==============================================================================
2026-08-20 01:59:08.182132 Suites.Auth.TC01 register user
2026-08-20 01:59:08.182132 [ ERROR ] Error in file '/home/runner/work/engg-robot-testing-framework/engg-robot-testing-framework/tests/auth/TC01_register_user.robot' on line 2: Importing library 'playwright_keyword_library.PlaywrightKeywordLibrary' failed: ModuleNotFoundError: No module named 'playwright_keyword_library'
2026-08-20 01:59:08.195684 ==============================================================================
2026-08-20 01:59:08.195684 Traceback (most recent call last):
2026-08-20 01:59:08.195701   None
2026-08-20 01:59:08.245801 PYTHONPATH:
2026-08-20 01:59:08.295945   /opt/hostedtoolcache/Python/3.11.15/x64/bin
2026-08-20 01:59:08.346070   /opt/hostedtoolcache/Python/3.11.15/x64/lib/python311.zip
2026-08-20 01:59:08.396235   /opt/hostedtoolcache/Python/3.11.15/x64/lib/python3.11
2026-08-20 01:59:08.446371   /opt/hostedtoolcache/Python/3.11.15/x64/lib/python3.11/lib-dynload
2026-08-20 01:59:08.496582   /opt/hostedtoolcache/Python/3.11.15/x64/lib/python3.11/site-packages
2026-08-20 01:59:08.546754 [ ERROR ] Error in file '/home/runner/work/engg-robot-testing-framework/engg-robot-testing-framework/resources/auth_keywords.resource' on line 2: Importing library 'playwright_keyword_library.PlaywrightKeywordLibrary' failed: ModuleNotFoundError: No module named 'playwright_keyword_library'
2026-08-20 01:59:08.596988 Traceback (most recent call last):
2026-08-20 01:59:08.647152   None
2026-08-20 01:59:08.697363 PYTHONPATH:
2026-08-20 01:59:08.747529   /opt/hostedtoolcache/Python/3.11.15/x64/bin
2026-08-20 01:59:08.797753   /opt/hostedtoolcache/Python/3.11.15/x64/lib/python311.zip
2026-08-20 01:59:08.847932   /opt/hostedtoolcache/Python/3.11.15/x64/lib/python3.11
2026-08-20 01:59:08.898159   /opt/hostedtoolcache/Python/3.11.15/x64/lib/python3.11/lib-dynload
2026-08-20 01:59:08.948324   /opt/hostedtoolcache/Python/3.11.15/x64/lib/python3.11/site-packages
2026-08-20 01:59:08.998553 [ ERROR ] Error in file '/home/runner/work/engg-robot-testing-framework/engg-robot-testing-framework/resources/common.resource' on line 4: Importing library 'playwright_keyword_library.PlaywrightKeywordLibrary' failed: ModuleNotFoundError: No module named 'playwright_keyword_library'
2026-08-20 01:59:09.048719 Traceback (most recent call last):
2026-08-20 01:59:09.098898   None
2026-08-20 01:59:09.149067 PYTHONPATH:
2026-08-20 01:59:09.199288   /opt/hostedtoolcache/Python/3.11.15/x64/bin
2026-08-20 01:59:09.249460   /opt/hostedtoolcache/Python/3.11.15/x64/lib/python311.zip
2026-08-20 01:59:09.299677   /opt/hostedtoolcache/Python/3.11.15/x64/lib/python3.11
2026-08-20 01:59:09.349838   /opt/hostedtoolcache/Python/3.11.15/x64/lib/python3.11/lib-dynload
2026-08-20 01:59:09.400063   /opt/hostedtoolcache/Python/3.11.15/x64/lib/python3.11/site-packages
2026-08-20 01:59:18.173745 TC01 Register User                                                    | FAIL |
2026-08-20 01:59:18.203006 Setup failed:
2026-08-20 01:59:18.203020 No keyword with name 'Open Browser' found.
2026-08-20 01:59:18.203031 
2026-08-20 01:59:18.203040 Also teardown failed:
2026-08-20 01:59:18.203049 Several failures occurred:
2026-08-20 01:59:18.203057 
2026-08-20 01:59:18.203066 1) No keyword with name 'Register Keyword To Run On Failure' found.
2026-08-20 01:59:18.203075 
2026-08-20 01:59:18.203083 2) No keyword with name 'Close Browser' found. Did you mean:
2026-08-20 01:59:18.203092     common.Close Test Browser
2026-08-20 01:59:18.203099 ------------------------------------------------------------------------------
2026-08-20 01:59:18.203107 Suites.Auth.TC01 register user                                        | FAIL |
2026-08-20 01:59:18.203544 1 test, 0 passed, 1 failed
2026-08-20 01:59:18.203597 ==============================================================================
2026-08-20 01:59:18.203613 Suites.Auth                                                           | FAIL |
2026-08-20 01:59:18.203867 1 test, 0 passed, 1 failed
2026-08-20 01:59:18.203961 ==============================================================================
2026-08-20 01:59:18.203976 Suites                                                                | FAIL |
2026-08-20 01:59:18.204191 1 test, 0 passed, 1 failed
2026-08-20 01:59:18.204202 ==============================================================================
2026-08-20 01:59:18.204210 Output:  /home/runner/work/engg-robot-testing-framework/engg-robot-testing-framework/reports/pabot_results/0/output.xml
