2026-07-20 04:14:03.532510 ==============================================================================
2026-07-20 04:14:03.550871 Suites
2026-07-20 04:14:03.550893 ==============================================================================
2026-07-20 04:14:03.550907 Suites.Cart
2026-07-20 04:14:03.551653 ==============================================================================
2026-07-20 04:14:03.551669 Suites.Cart.TC13 verify product quantity :: TC13 - Verify Product Quantity ...
2026-07-20 04:14:03.551669 [ ERROR ] Error in file '/home/runner/work/engg-robot-testing-framework/engg-robot-testing-framework/resources/common.resource' on line 4: Importing library 'playwright_keyword_library.PlaywrightKeywordLibrary' failed: ModuleNotFoundError: No module named 'playwright_keyword_library'
2026-07-20 04:14:03.579152 ==============================================================================
2026-07-20 04:14:03.579152 Traceback (most recent call last):
2026-07-20 04:14:03.579178   None
2026-07-20 04:14:03.629343 PYTHONPATH:
2026-07-20 04:14:03.679564   /opt/hostedtoolcache/Python/3.11.15/x64/bin
2026-07-20 04:14:03.729775   /opt/hostedtoolcache/Python/3.11.15/x64/lib/python311.zip
2026-07-20 04:14:03.779974   /opt/hostedtoolcache/Python/3.11.15/x64/lib/python3.11
2026-07-20 04:14:03.830159   /opt/hostedtoolcache/Python/3.11.15/x64/lib/python3.11/lib-dynload
2026-07-20 04:14:03.880363   /opt/hostedtoolcache/Python/3.11.15/x64/lib/python3.11/site-packages
2026-07-20 04:14:03.930554 [ ERROR ] Error in file '/home/runner/work/engg-robot-testing-framework/engg-robot-testing-framework/resources/product_keywords.resource' on line 2: Importing library 'playwright_keyword_library.PlaywrightKeywordLibrary' failed: ModuleNotFoundError: No module named 'playwright_keyword_library'
2026-07-20 04:14:03.980775 Traceback (most recent call last):
2026-07-20 04:14:04.030973   None
2026-07-20 04:14:04.081166 PYTHONPATH:
2026-07-20 04:14:04.131380   /opt/hostedtoolcache/Python/3.11.15/x64/bin
2026-07-20 04:14:04.181597   /opt/hostedtoolcache/Python/3.11.15/x64/lib/python311.zip
2026-07-20 04:14:04.231754   /opt/hostedtoolcache/Python/3.11.15/x64/lib/python3.11
2026-07-20 04:14:04.281967   /opt/hostedtoolcache/Python/3.11.15/x64/lib/python3.11/lib-dynload
2026-07-20 04:14:04.332167   /opt/hostedtoolcache/Python/3.11.15/x64/lib/python3.11/site-packages
2026-07-20 04:14:04.382373 [ ERROR ] Error in file '/home/runner/work/engg-robot-testing-framework/engg-robot-testing-framework/resources/cart_keywords.resource' on line 2: Importing library 'playwright_keyword_library.PlaywrightKeywordLibrary' failed: ModuleNotFoundError: No module named 'playwright_keyword_library'
2026-07-20 04:14:04.432540 Traceback (most recent call last):
2026-07-20 04:14:04.482686   None
2026-07-20 04:14:04.532862 PYTHONPATH:
2026-07-20 04:14:04.583071   /opt/hostedtoolcache/Python/3.11.15/x64/bin
2026-07-20 04:14:04.633256   /opt/hostedtoolcache/Python/3.11.15/x64/lib/python311.zip
2026-07-20 04:14:04.683458   /opt/hostedtoolcache/Python/3.11.15/x64/lib/python3.11
2026-07-20 04:14:04.733623   /opt/hostedtoolcache/Python/3.11.15/x64/lib/python3.11/lib-dynload
2026-07-20 04:14:04.783825   /opt/hostedtoolcache/Python/3.11.15/x64/lib/python3.11/site-packages
2026-07-20 04:14:13.559693 TC13 Verify Product Quantity In Cart                                  | FAIL |
2026-07-20 04:14:13.590259 Setup failed:
2026-07-20 04:14:13.590279 No keyword with name 'Open Browser' found.
2026-07-20 04:14:13.590292 
2026-07-20 04:14:13.590302 Also teardown failed:
2026-07-20 04:14:13.590313 Several failures occurred:
2026-07-20 04:14:13.590323 
2026-07-20 04:14:13.590333 1) No keyword with name 'Register Keyword To Run On Failure' found.
2026-07-20 04:14:13.590344 
2026-07-20 04:14:13.590353 2) No keyword with name 'Close Browser' found. Did you mean:
2026-07-20 04:14:13.590364     common.Close Test Browser
2026-07-20 04:14:13.590374 ------------------------------------------------------------------------------
2026-07-20 04:14:13.590386 Suites.Cart.TC13 verify product quantity :: TC13 - Verify Product ... | FAIL |
2026-07-20 04:14:13.590891 1 test, 0 passed, 1 failed
2026-07-20 04:14:13.590949 ==============================================================================
2026-07-20 04:14:13.590962 Suites.Cart                                                           | FAIL |
2026-07-20 04:14:13.591267 1 test, 0 passed, 1 failed
2026-07-20 04:14:13.591322 ==============================================================================
2026-07-20 04:14:13.591334 Suites                                                                | FAIL |
2026-07-20 04:14:13.591615 1 test, 0 passed, 1 failed
2026-07-20 04:14:13.591636 ==============================================================================
2026-07-20 04:14:13.591673 Output:  /home/runner/work/engg-robot-testing-framework/engg-robot-testing-framework/reports/pabot_results/6/output.xml
