2026-08-22 01:57:48.468516 ==============================================================================
2026-08-22 01:57:48.490073 Suites
2026-08-22 01:57:48.490095 ==============================================================================
2026-08-22 01:57:48.490110 Suites.Cart
2026-08-22 01:57:48.490896 ==============================================================================
2026-08-22 01:57:48.490915 Suites.Cart.TC13 verify product quantity :: TC13 - Verify Product Quantity ...
2026-08-22 01:57:48.490915 [ ERROR ] Error in file '/home/runner/work/engg-robot-testing-framework/engg-robot-testing-framework/resources/common.resource' on line 4: Importing library 'playwright_keyword_library.PlaywrightKeywordLibrary' failed: ModuleNotFoundError: No module named 'playwright_keyword_library'
2026-08-22 01:57:48.520961 ==============================================================================
2026-08-22 01:57:48.520961 Traceback (most recent call last):
2026-08-22 01:57:48.520987   None
2026-08-22 01:57:48.571111 PYTHONPATH:
2026-08-22 01:57:48.621230   /opt/hostedtoolcache/Python/3.11.16/x64/bin
2026-08-22 01:57:48.671339   /opt/hostedtoolcache/Python/3.11.16/x64/lib/python311.zip
2026-08-22 01:57:48.721447   /opt/hostedtoolcache/Python/3.11.16/x64/lib/python3.11
2026-08-22 01:57:48.771549   /opt/hostedtoolcache/Python/3.11.16/x64/lib/python3.11/lib-dynload
2026-08-22 01:57:48.821673   /opt/hostedtoolcache/Python/3.11.16/x64/lib/python3.11/site-packages
2026-08-22 01:57:48.871841 [ ERROR ] Error in file '/home/runner/work/engg-robot-testing-framework/engg-robot-testing-framework/resources/product_keywords.resource' on line 2: Importing library 'playwright_keyword_library.PlaywrightKeywordLibrary' failed: ModuleNotFoundError: No module named 'playwright_keyword_library'
2026-08-22 01:57:48.922024 Traceback (most recent call last):
2026-08-22 01:57:48.972177   None
2026-08-22 01:57:49.022326 PYTHONPATH:
2026-08-22 01:57:49.072475   /opt/hostedtoolcache/Python/3.11.16/x64/bin
2026-08-22 01:57:49.122626   /opt/hostedtoolcache/Python/3.11.16/x64/lib/python311.zip
2026-08-22 01:57:49.172776   /opt/hostedtoolcache/Python/3.11.16/x64/lib/python3.11
2026-08-22 01:57:49.222919   /opt/hostedtoolcache/Python/3.11.16/x64/lib/python3.11/lib-dynload
2026-08-22 01:57:49.273074   /opt/hostedtoolcache/Python/3.11.16/x64/lib/python3.11/site-packages
2026-08-22 01:57:49.323224 [ ERROR ] Error in file '/home/runner/work/engg-robot-testing-framework/engg-robot-testing-framework/resources/cart_keywords.resource' on line 2: Importing library 'playwright_keyword_library.PlaywrightKeywordLibrary' failed: ModuleNotFoundError: No module named 'playwright_keyword_library'
2026-08-22 01:57:49.373373 Traceback (most recent call last):
2026-08-22 01:57:49.423518   None
2026-08-22 01:57:49.473666 PYTHONPATH:
2026-08-22 01:57:49.523816   /opt/hostedtoolcache/Python/3.11.16/x64/bin
2026-08-22 01:57:49.573965   /opt/hostedtoolcache/Python/3.11.16/x64/lib/python311.zip
2026-08-22 01:57:49.624098   /opt/hostedtoolcache/Python/3.11.16/x64/lib/python3.11
2026-08-22 01:57:49.674231   /opt/hostedtoolcache/Python/3.11.16/x64/lib/python3.11/lib-dynload
2026-08-22 01:57:49.724333   /opt/hostedtoolcache/Python/3.11.16/x64/lib/python3.11/site-packages
2026-08-22 01:57:58.495673 TC13 Verify Product Quantity In Cart                                  | FAIL |
2026-08-22 01:57:58.532065 Setup failed:
2026-08-22 01:57:58.532086 No keyword with name 'Open Browser' found.
2026-08-22 01:57:58.532100 
2026-08-22 01:57:58.532113 Also teardown failed:
2026-08-22 01:57:58.532125 Several failures occurred:
2026-08-22 01:57:58.532136 
2026-08-22 01:57:58.532147 1) No keyword with name 'Register Keyword To Run On Failure' found.
2026-08-22 01:57:58.532159 
2026-08-22 01:57:58.532170 2) No keyword with name 'Close Browser' found. Did you mean:
2026-08-22 01:57:58.532182     common.Close Test Browser
2026-08-22 01:57:58.532193 ------------------------------------------------------------------------------
2026-08-22 01:57:58.532207 Suites.Cart.TC13 verify product quantity :: TC13 - Verify Product ... | FAIL |
2026-08-22 01:57:58.532753 1 test, 0 passed, 1 failed
2026-08-22 01:57:58.532771 ==============================================================================
2026-08-22 01:57:58.532784 Suites.Cart                                                           | FAIL |
2026-08-22 01:57:58.533160 1 test, 0 passed, 1 failed
2026-08-22 01:57:58.533179 ==============================================================================
2026-08-22 01:57:58.533252 Suites                                                                | FAIL |
2026-08-22 01:57:58.533541 1 test, 0 passed, 1 failed
2026-08-22 01:57:58.533564 ==============================================================================
2026-08-22 01:57:58.533617 Output:  /home/runner/work/engg-robot-testing-framework/engg-robot-testing-framework/reports/pabot_results/6/output.xml
