2026-06-25 04:45:48.171333 ==============================================================================
2026-06-25 04:45:48.187401 Suites
2026-06-25 04:45:48.187423 ==============================================================================
2026-06-25 04:45:48.187482 Suites.Cart
2026-06-25 04:45:48.188226 ==============================================================================
2026-06-25 04:45:48.188242 Suites.Cart.TC17 remove products from cart :: TC17 - Remove Products From Cart
2026-06-25 04:45:48.188242 [ ERROR ] Error in file '/home/runner/work/engg-robot-testing-framework/engg-robot-testing-framework/resources/common.resource' on line 4: Importing library 'playwright_keyword_library.PlaywrightKeywordLibrary' failed: ModuleNotFoundError: No module named 'playwright_keyword_library'
2026-06-25 04:45:48.215492 ==============================================================================
2026-06-25 04:45:48.215492 Traceback (most recent call last):
2026-06-25 04:45:48.215513   None
2026-06-25 04:45:48.265600 PYTHONPATH:
2026-06-25 04:45:48.315758   /opt/hostedtoolcache/Python/3.11.15/x64/bin
2026-06-25 04:45:48.365892   /opt/hostedtoolcache/Python/3.11.15/x64/lib/python311.zip
2026-06-25 04:45:48.415983   /opt/hostedtoolcache/Python/3.11.15/x64/lib/python3.11
2026-06-25 04:45:48.466114   /opt/hostedtoolcache/Python/3.11.15/x64/lib/python3.11/lib-dynload
2026-06-25 04:45:48.516226   /opt/hostedtoolcache/Python/3.11.15/x64/lib/python3.11/site-packages
2026-06-25 04:45:48.566336 [ ERROR ] Error in file '/home/runner/work/engg-robot-testing-framework/engg-robot-testing-framework/resources/product_keywords.resource' on line 2: Importing library 'playwright_keyword_library.PlaywrightKeywordLibrary' failed: ModuleNotFoundError: No module named 'playwright_keyword_library'
2026-06-25 04:45:48.616427 Traceback (most recent call last):
2026-06-25 04:45:48.666557   None
2026-06-25 04:45:48.716648 PYTHONPATH:
2026-06-25 04:45:48.766777   /opt/hostedtoolcache/Python/3.11.15/x64/bin
2026-06-25 04:45:48.816863   /opt/hostedtoolcache/Python/3.11.15/x64/lib/python311.zip
2026-06-25 04:45:48.866993   /opt/hostedtoolcache/Python/3.11.15/x64/lib/python3.11
2026-06-25 04:45:48.917081   /opt/hostedtoolcache/Python/3.11.15/x64/lib/python3.11/lib-dynload
2026-06-25 04:45:48.967211   /opt/hostedtoolcache/Python/3.11.15/x64/lib/python3.11/site-packages
2026-06-25 04:45:49.017298 [ ERROR ] Error in file '/home/runner/work/engg-robot-testing-framework/engg-robot-testing-framework/resources/cart_keywords.resource' on line 2: Importing library 'playwright_keyword_library.PlaywrightKeywordLibrary' failed: ModuleNotFoundError: No module named 'playwright_keyword_library'
2026-06-25 04:45:49.067427 Traceback (most recent call last):
2026-06-25 04:45:49.117510   None
2026-06-25 04:45:49.167652 PYTHONPATH:
2026-06-25 04:45:49.217803   /opt/hostedtoolcache/Python/3.11.15/x64/bin
2026-06-25 04:45:49.267997   /opt/hostedtoolcache/Python/3.11.15/x64/lib/python311.zip
2026-06-25 04:45:49.318120   /opt/hostedtoolcache/Python/3.11.15/x64/lib/python3.11
2026-06-25 04:45:49.368370   /opt/hostedtoolcache/Python/3.11.15/x64/lib/python3.11/lib-dynload
2026-06-25 04:45:49.418526   /opt/hostedtoolcache/Python/3.11.15/x64/lib/python3.11/site-packages
2026-06-25 04:45:58.192539 TC17 Remove Products From Cart                                        | FAIL |
2026-06-25 04:45:58.226818 Setup failed:
2026-06-25 04:45:58.226835 No keyword with name 'Open Browser' found.
2026-06-25 04:45:58.226853 
2026-06-25 04:45:58.226869 Also teardown failed:
2026-06-25 04:45:58.226912 Several failures occurred:
2026-06-25 04:45:58.226925 
2026-06-25 04:45:58.226936 1) No keyword with name 'Register Keyword To Run On Failure' found.
2026-06-25 04:45:58.226948 
2026-06-25 04:45:58.226959 2) No keyword with name 'Close Browser' found. Did you mean:
2026-06-25 04:45:58.226970     common.Close Test Browser
2026-06-25 04:45:58.226981 ------------------------------------------------------------------------------
2026-06-25 04:45:58.226992 Suites.Cart.TC17 remove products from cart :: TC17 - Remove Produc... | FAIL |
2026-06-25 04:45:58.227080 1 test, 0 passed, 1 failed
2026-06-25 04:45:58.227099 ==============================================================================
2026-06-25 04:45:58.227112 Suites.Cart                                                           | FAIL |
2026-06-25 04:45:58.227281 1 test, 0 passed, 1 failed
2026-06-25 04:45:58.227340 ==============================================================================
2026-06-25 04:45:58.227353 Suites                                                                | FAIL |
2026-06-25 04:45:58.227613 1 test, 0 passed, 1 failed
2026-06-25 04:45:58.227671 ==============================================================================
2026-06-25 04:45:58.227683 Output:  /home/runner/work/engg-robot-testing-framework/engg-robot-testing-framework/reports/pabot_results/7/output.xml
