2026-09-29 06:00:27.287953 ==============================================================================
2026-09-29 06:00:27.306255 Suites
2026-09-29 06:00:27.306274 ==============================================================================
2026-09-29 06:00:27.306287 Suites.Cart
2026-09-29 06:00:27.307133 ==============================================================================
2026-09-29 06:00:27.307149 Suites.Cart.TC13 verify product quantity :: TC13 - Verify Product Quantity ...
2026-09-29 06:00:27.307149 [ ERROR ] Error in file '/home/runner/work/engg-robot-testing-framework/engg-robot-testing-framework/resources/common.resource' on line 4: Importing library 'playwright_keyword_library.PlaywrightKeywordLibrary' failed: ModuleNotFoundError: No module named 'playwright_keyword_library'
2026-09-29 06:00:27.335356 ==============================================================================
2026-09-29 06:00:27.335356 Traceback (most recent call last):
2026-09-29 06:00:27.335380   None
2026-09-29 06:00:27.385534 PYTHONPATH:
2026-09-29 06:00:27.435732   /opt/hostedtoolcache/Python/3.11.16/x64/bin
2026-09-29 06:00:27.485906   /opt/hostedtoolcache/Python/3.11.16/x64/lib/python311.zip
2026-09-29 06:00:27.536098   /opt/hostedtoolcache/Python/3.11.16/x64/lib/python3.11
2026-09-29 06:00:27.586286   /opt/hostedtoolcache/Python/3.11.16/x64/lib/python3.11/lib-dynload
2026-09-29 06:00:27.636458   /opt/hostedtoolcache/Python/3.11.16/x64/lib/python3.11/site-packages
2026-09-29 06:00:27.686646 [ ERROR ] Error in file '/home/runner/work/engg-robot-testing-framework/engg-robot-testing-framework/resources/product_keywords.resource' on line 2: Importing library 'playwright_keyword_library.PlaywrightKeywordLibrary' failed: ModuleNotFoundError: No module named 'playwright_keyword_library'
2026-09-29 06:00:27.736908 Traceback (most recent call last):
2026-09-29 06:00:27.787093   None
2026-09-29 06:00:27.837343 PYTHONPATH:
2026-09-29 06:00:27.887527   /opt/hostedtoolcache/Python/3.11.16/x64/bin
2026-09-29 06:00:27.937789   /opt/hostedtoolcache/Python/3.11.16/x64/lib/python311.zip
2026-09-29 06:00:27.988041   /opt/hostedtoolcache/Python/3.11.16/x64/lib/python3.11
2026-09-29 06:00:28.038208   /opt/hostedtoolcache/Python/3.11.16/x64/lib/python3.11/lib-dynload
2026-09-29 06:00:28.088452   /opt/hostedtoolcache/Python/3.11.16/x64/lib/python3.11/site-packages
2026-09-29 06:00:28.138622 [ ERROR ] Error in file '/home/runner/work/engg-robot-testing-framework/engg-robot-testing-framework/resources/cart_keywords.resource' on line 2: Importing library 'playwright_keyword_library.PlaywrightKeywordLibrary' failed: ModuleNotFoundError: No module named 'playwright_keyword_library'
2026-09-29 06:00:28.188871 Traceback (most recent call last):
2026-09-29 06:00:28.239071   None
2026-09-29 06:00:28.289258 PYTHONPATH:
2026-09-29 06:00:28.339502   /opt/hostedtoolcache/Python/3.11.16/x64/bin
2026-09-29 06:00:28.389669   /opt/hostedtoolcache/Python/3.11.16/x64/lib/python311.zip
2026-09-29 06:00:28.439896   /opt/hostedtoolcache/Python/3.11.16/x64/lib/python3.11
2026-09-29 06:00:28.490151   /opt/hostedtoolcache/Python/3.11.16/x64/lib/python3.11/lib-dynload
2026-09-29 06:00:28.540330   /opt/hostedtoolcache/Python/3.11.16/x64/lib/python3.11/site-packages
2026-09-29 06:00:37.314025 TC13 Verify Product Quantity In Cart                                  | FAIL |
2026-09-29 06:00:37.347115 Setup failed:
2026-09-29 06:00:37.347132 No keyword with name 'Open Browser' found.
2026-09-29 06:00:37.347150 
2026-09-29 06:00:37.347163 Also teardown failed:
2026-09-29 06:00:37.347175 Several failures occurred:
2026-09-29 06:00:37.347187 
2026-09-29 06:00:37.347202 1) No keyword with name 'Register Keyword To Run On Failure' found.
2026-09-29 06:00:37.347214 
2026-09-29 06:00:37.347225 2) No keyword with name 'Close Browser' found. Did you mean:
2026-09-29 06:00:37.347317     common.Close Test Browser
2026-09-29 06:00:37.347336 ------------------------------------------------------------------------------
2026-09-29 06:00:37.347420 Suites.Cart.TC13 verify product quantity :: TC13 - Verify Product ... | FAIL |
2026-09-29 06:00:37.347837 1 test, 0 passed, 1 failed
2026-09-29 06:00:37.347894 ==============================================================================
2026-09-29 06:00:37.347906 Suites.Cart                                                           | FAIL |
2026-09-29 06:00:37.348322 1 test, 0 passed, 1 failed
2026-09-29 06:00:37.348423 ==============================================================================
2026-09-29 06:00:37.348438 Suites                                                                | FAIL |
2026-09-29 06:00:37.348724 1 test, 0 passed, 1 failed
2026-09-29 06:00:37.348737 ==============================================================================
2026-09-29 06:00:37.348747 Output:  /home/runner/work/engg-robot-testing-framework/engg-robot-testing-framework/reports/pabot_results/6/output.xml
