2026-06-10 04:57:26.599536 ==============================================================================
2026-06-10 04:57:26.648921 Suites
2026-06-10 04:57:26.648936 ==============================================================================
2026-06-10 04:57:26.648947 Suites.Auth
2026-06-10 04:57:26.649742 ==============================================================================
2026-06-10 04:57:26.800013 Suites.Auth.TC01 register user
2026-06-10 04:57:26.811439 ==============================================================================
2026-06-10 04:58:55.726710 TC01 Register User                                                    | FAIL |
2026-06-10 04:58:55.774756 Element 'css=li a b' did not appear in 45 seconds.
2026-06-10 04:58:55.774770 ------------------------------------------------------------------------------
2026-06-10 04:58:55.774779 Suites.Auth.TC01 register user                                        | FAIL |
2026-06-10 04:58:55.775275 1 test, 0 passed, 1 failed
2026-06-10 04:58:55.775307 ==============================================================================
2026-06-10 04:58:55.775313 Suites.Auth                                                           | FAIL |
2026-06-10 04:58:55.775636 1 test, 0 passed, 1 failed
2026-06-10 04:58:55.775670 ==============================================================================
2026-06-10 04:58:55.775677 Suites                                                                | FAIL |
2026-06-10 04:58:55.775921 1 test, 0 passed, 1 failed
2026-06-10 04:58:55.775961 ==============================================================================
2026-06-10 04:58:55.775968 Output:  /home/runner/work/engg-robot-testing-framework/engg-robot-testing-framework/reports/pabot_results/0/output.xml
