2026-08-09 02:35:18.139947 ==============================================================================
2026-08-09 02:35:18.165559 Suites
2026-08-09 02:35:18.165581 ==============================================================================
2026-08-09 02:35:18.165595 Suites.Auth
2026-08-09 02:35:18.166356 ==============================================================================
2026-08-09 02:35:18.166372 Suites.Auth.TC05 register existing email
2026-08-09 02:35:18.166372 [ ERROR ] Error in file '/home/runner/work/engg-robot-testing-framework/engg-robot-testing-framework/tests/auth/TC05_register_existing_email.robot' on line 2: Importing library 'playwright_keyword_library.PlaywrightKeywordLibrary' failed: ModuleNotFoundError: No module named 'playwright_keyword_library'
2026-08-09 02:35:18.184591 ==============================================================================
2026-08-09 02:35:18.184591 Traceback (most recent call last):
2026-08-09 02:35:18.184662   None
2026-08-09 02:35:18.234816 PYTHONPATH:
2026-08-09 02:35:18.285055   /opt/hostedtoolcache/Python/3.11.15/x64/bin
2026-08-09 02:35:18.335243   /opt/hostedtoolcache/Python/3.11.15/x64/lib/python311.zip
2026-08-09 02:35:18.385419   /opt/hostedtoolcache/Python/3.11.15/x64/lib/python3.11
2026-08-09 02:35:18.435599   /opt/hostedtoolcache/Python/3.11.15/x64/lib/python3.11/lib-dynload
2026-08-09 02:35:18.485782   /opt/hostedtoolcache/Python/3.11.15/x64/lib/python3.11/site-packages
2026-08-09 02:35:18.535928 [ ERROR ] Error in file '/home/runner/work/engg-robot-testing-framework/engg-robot-testing-framework/resources/auth_keywords.resource' on line 2: Importing library 'playwright_keyword_library.PlaywrightKeywordLibrary' failed: ModuleNotFoundError: No module named 'playwright_keyword_library'
2026-08-09 02:35:18.586091 Traceback (most recent call last):
2026-08-09 02:35:18.636287   None
2026-08-09 02:35:18.686489 PYTHONPATH:
2026-08-09 02:35:18.736711   /opt/hostedtoolcache/Python/3.11.15/x64/bin
2026-08-09 02:35:18.786937   /opt/hostedtoolcache/Python/3.11.15/x64/lib/python311.zip
2026-08-09 02:35:18.837170   /opt/hostedtoolcache/Python/3.11.15/x64/lib/python3.11
2026-08-09 02:35:18.887374   /opt/hostedtoolcache/Python/3.11.15/x64/lib/python3.11/lib-dynload
2026-08-09 02:35:18.937598   /opt/hostedtoolcache/Python/3.11.15/x64/lib/python3.11/site-packages
2026-08-09 02:35:18.987830 [ ERROR ] Error in file '/home/runner/work/engg-robot-testing-framework/engg-robot-testing-framework/resources/common.resource' on line 4: Importing library 'playwright_keyword_library.PlaywrightKeywordLibrary' failed: ModuleNotFoundError: No module named 'playwright_keyword_library'
2026-08-09 02:35:19.038085 Traceback (most recent call last):
2026-08-09 02:35:19.088310   None
2026-08-09 02:35:19.138515 PYTHONPATH:
2026-08-09 02:35:19.188743   /opt/hostedtoolcache/Python/3.11.15/x64/bin
2026-08-09 02:35:19.238990   /opt/hostedtoolcache/Python/3.11.15/x64/lib/python311.zip
2026-08-09 02:35:19.289217   /opt/hostedtoolcache/Python/3.11.15/x64/lib/python3.11
2026-08-09 02:35:19.339421   /opt/hostedtoolcache/Python/3.11.15/x64/lib/python3.11/lib-dynload
2026-08-09 02:35:19.389647   /opt/hostedtoolcache/Python/3.11.15/x64/lib/python3.11/site-packages
2026-08-09 02:35:28.164579 TC05 Register User With Existing Email                                | FAIL |
2026-08-09 02:35:28.194838 Setup failed:
2026-08-09 02:35:28.194852 No keyword with name 'Open Browser' found.
2026-08-09 02:35:28.194860 
2026-08-09 02:35:28.194868 Also teardown failed:
2026-08-09 02:35:28.194875 Several failures occurred:
2026-08-09 02:35:28.194882 
2026-08-09 02:35:28.194889 1) No keyword with name 'Register Keyword To Run On Failure' found.
2026-08-09 02:35:28.194897 
2026-08-09 02:35:28.194903 2) No keyword with name 'Close Browser' found. Did you mean:
2026-08-09 02:35:28.194910     common.Close Test Browser
2026-08-09 02:35:28.194916 ------------------------------------------------------------------------------
2026-08-09 02:35:28.194923 Suites.Auth.TC05 register existing email                              | FAIL |
2026-08-09 02:35:28.195369 1 test, 0 passed, 1 failed
2026-08-09 02:35:28.195382 ==============================================================================
2026-08-09 02:35:28.195390 Suites.Auth                                                           | FAIL |
2026-08-09 02:35:28.195644 1 test, 0 passed, 1 failed
2026-08-09 02:35:28.195691 ==============================================================================
2026-08-09 02:35:28.195699 Suites                                                                | FAIL |
2026-08-09 02:35:28.195890 1 test, 0 passed, 1 failed
2026-08-09 02:35:28.195933 ==============================================================================
2026-08-09 02:35:28.195940 Output:  /home/runner/work/engg-robot-testing-framework/engg-robot-testing-framework/reports/pabot_results/4/output.xml
