2026-06-22 05:42:00.134781 ==============================================================================
2026-06-22 05:42:00.156130 Suites
2026-06-22 05:42:00.156153 ==============================================================================
2026-06-22 05:42:00.156168 Suites.Cart
2026-06-22 05:42:00.157011 ==============================================================================
2026-06-22 05:42:00.157029 Suites.Cart.TC22 add from recommended items :: TC22 - Add To Cart From Reco...
2026-06-22 05:42:00.157029 [ ERROR ] Error in file '/home/runner/work/engg-robot-testing-framework/engg-robot-testing-framework/resources/common.resource' on line 4: Importing library 'playwright_keyword_library.PlaywrightKeywordLibrary' failed: ModuleNotFoundError: No module named 'playwright_keyword_library'
2026-06-22 05:42:00.181732 ==============================================================================
2026-06-22 05:42:00.181732 Traceback (most recent call last):
2026-06-22 05:42:00.181760   None
2026-06-22 05:42:00.231932 PYTHONPATH:
2026-06-22 05:42:00.282062   /opt/hostedtoolcache/Python/3.11.15/x64/bin
2026-06-22 05:42:00.332212   /opt/hostedtoolcache/Python/3.11.15/x64/lib/python311.zip
2026-06-22 05:42:00.382349   /opt/hostedtoolcache/Python/3.11.15/x64/lib/python3.11
2026-06-22 05:42:00.432528   /opt/hostedtoolcache/Python/3.11.15/x64/lib/python3.11/lib-dynload
2026-06-22 05:42:00.482669   /opt/hostedtoolcache/Python/3.11.15/x64/lib/python3.11/site-packages
2026-06-22 05:42:00.532890 [ ERROR ] Error in file '/home/runner/work/engg-robot-testing-framework/engg-robot-testing-framework/resources/cart_keywords.resource' on line 2: Importing library 'playwright_keyword_library.PlaywrightKeywordLibrary' failed: ModuleNotFoundError: No module named 'playwright_keyword_library'
2026-06-22 05:42:00.583026 Traceback (most recent call last):
2026-06-22 05:42:00.633268   None
2026-06-22 05:42:00.683404 PYTHONPATH:
2026-06-22 05:42:00.733580   /opt/hostedtoolcache/Python/3.11.15/x64/bin
2026-06-22 05:42:00.783728   /opt/hostedtoolcache/Python/3.11.15/x64/lib/python311.zip
2026-06-22 05:42:00.833919   /opt/hostedtoolcache/Python/3.11.15/x64/lib/python3.11
2026-06-22 05:42:00.884078   /opt/hostedtoolcache/Python/3.11.15/x64/lib/python3.11/lib-dynload
2026-06-22 05:42:00.934287   /opt/hostedtoolcache/Python/3.11.15/x64/lib/python3.11/site-packages
2026-06-22 05:42:10.161339 TC22 Add To Cart From Recommended Items                               | FAIL |
2026-06-22 05:42:10.192968 Setup failed:
2026-06-22 05:42:10.192987 No keyword with name 'Open Browser' found.
2026-06-22 05:42:10.193003 
2026-06-22 05:42:10.193017 Also teardown failed:
2026-06-22 05:42:10.193030 Several failures occurred:
2026-06-22 05:42:10.193043 
2026-06-22 05:42:10.193056 1) No keyword with name 'Register Keyword To Run On Failure' found.
2026-06-22 05:42:10.193070 
2026-06-22 05:42:10.193081 2) No keyword with name 'Close Browser' found. Did you mean:
2026-06-22 05:42:10.193092     common.Close Test Browser
2026-06-22 05:42:10.193104 ------------------------------------------------------------------------------
2026-06-22 05:42:10.193116 Suites.Cart.TC22 add from recommended items :: TC22 - Add To Cart ... | FAIL |
2026-06-22 05:42:10.193694 1 test, 0 passed, 1 failed
2026-06-22 05:42:10.193713 ==============================================================================
2026-06-22 05:42:10.193726 Suites.Cart                                                           | FAIL |
2026-06-22 05:42:10.194065 1 test, 0 passed, 1 failed
2026-06-22 05:42:10.194122 ==============================================================================
2026-06-22 05:42:10.194139 Suites                                                                | FAIL |
2026-06-22 05:42:10.194470 1 test, 0 passed, 1 failed
2026-06-22 05:42:10.194528 ==============================================================================
2026-06-22 05:42:10.194542 Output:  /home/runner/work/engg-robot-testing-framework/engg-robot-testing-framework/reports/pabot_results/9/output.xml
