2026-07-24 03:54:02.639100 ==============================================================================
2026-07-24 03:54:02.652576 Suites
2026-07-24 03:54:02.652598 ==============================================================================
2026-07-24 03:54:02.652611 Suites.Cart
2026-07-24 03:54:02.653347 ==============================================================================
2026-07-24 03:54:02.653364 Suites.Cart.TC22 add from recommended items :: TC22 - Add To Cart From Reco...
2026-07-24 03:54:02.653364 [ ERROR ] Error in file '/home/runner/work/engg-robot-testing-framework/engg-robot-testing-framework/resources/common.resource' on line 4: Importing library 'playwright_keyword_library.PlaywrightKeywordLibrary' failed: ModuleNotFoundError: No module named 'playwright_keyword_library'
2026-07-24 03:54:02.674112 ==============================================================================
2026-07-24 03:54:02.674112 Traceback (most recent call last):
2026-07-24 03:54:02.674135   None
2026-07-24 03:54:02.724276 PYTHONPATH:
2026-07-24 03:54:02.774458   /opt/hostedtoolcache/Python/3.11.15/x64/bin
2026-07-24 03:54:02.824629   /opt/hostedtoolcache/Python/3.11.15/x64/lib/python311.zip
2026-07-24 03:54:02.874805   /opt/hostedtoolcache/Python/3.11.15/x64/lib/python3.11
2026-07-24 03:54:02.924979   /opt/hostedtoolcache/Python/3.11.15/x64/lib/python3.11/lib-dynload
2026-07-24 03:54:02.975175   /opt/hostedtoolcache/Python/3.11.15/x64/lib/python3.11/site-packages
2026-07-24 03:54:03.025346 [ ERROR ] Error in file '/home/runner/work/engg-robot-testing-framework/engg-robot-testing-framework/resources/cart_keywords.resource' on line 2: Importing library 'playwright_keyword_library.PlaywrightKeywordLibrary' failed: ModuleNotFoundError: No module named 'playwright_keyword_library'
2026-07-24 03:54:03.075522 Traceback (most recent call last):
2026-07-24 03:54:03.125700   None
2026-07-24 03:54:03.175873 PYTHONPATH:
2026-07-24 03:54:03.226048   /opt/hostedtoolcache/Python/3.11.15/x64/bin
2026-07-24 03:54:03.276228   /opt/hostedtoolcache/Python/3.11.15/x64/lib/python311.zip
2026-07-24 03:54:03.326396   /opt/hostedtoolcache/Python/3.11.15/x64/lib/python3.11
2026-07-24 03:54:03.376603   /opt/hostedtoolcache/Python/3.11.15/x64/lib/python3.11/lib-dynload
2026-07-24 03:54:03.426775   /opt/hostedtoolcache/Python/3.11.15/x64/lib/python3.11/site-packages
2026-07-24 03:54:12.651147 TC22 Add To Cart From Recommended Items                               | FAIL |
2026-07-24 03:54:12.684315 Setup failed:
2026-07-24 03:54:12.684329 No keyword with name 'Open Browser' found.
2026-07-24 03:54:12.684338 
2026-07-24 03:54:12.684346 Also teardown failed:
2026-07-24 03:54:12.684353 Several failures occurred:
2026-07-24 03:54:12.684360 
2026-07-24 03:54:12.684366 1) No keyword with name 'Register Keyword To Run On Failure' found.
2026-07-24 03:54:12.684374 
2026-07-24 03:54:12.684381 2) No keyword with name 'Close Browser' found. Did you mean:
2026-07-24 03:54:12.684387     common.Close Test Browser
2026-07-24 03:54:12.684394 ------------------------------------------------------------------------------
2026-07-24 03:54:12.684400 Suites.Cart.TC22 add from recommended items :: TC22 - Add To Cart ... | FAIL |
2026-07-24 03:54:12.684955 1 test, 0 passed, 1 failed
2026-07-24 03:54:12.684995 ==============================================================================
2026-07-24 03:54:12.685002 Suites.Cart                                                           | FAIL |
2026-07-24 03:54:12.685314 1 test, 0 passed, 1 failed
2026-07-24 03:54:12.685351 ==============================================================================
2026-07-24 03:54:12.685358 Suites                                                                | FAIL |
2026-07-24 03:54:12.685642 1 test, 0 passed, 1 failed
2026-07-24 03:54:12.685677 ==============================================================================
2026-07-24 03:54:12.685683 Output:  /home/runner/work/engg-robot-testing-framework/engg-robot-testing-framework/reports/pabot_results/9/output.xml
