2026-05-06 04:14:30.454902 ==============================================================================
2026-05-06 04:14:30.491417 Suites
2026-05-06 04:14:30.491431 ==============================================================================
2026-05-06 04:14:30.491440 Suites.Auth
2026-05-06 04:14:30.492071 ==============================================================================
2026-05-06 04:14:30.542200 Suites.Auth.TC04 logout user
2026-05-06 04:14:30.579944 ==============================================================================
2026-05-06 04:15:45.655789 TC04 Logout User                                                      | FAIL |
2026-05-06 04:15:45.687799 Element 'css=li a b' did not appear in 45 seconds.
2026-05-06 04:15:45.687813 ------------------------------------------------------------------------------
2026-05-06 04:15:45.687821 Suites.Auth.TC04 logout user                                          | FAIL |
2026-05-06 04:15:45.688290 1 test, 0 passed, 1 failed
2026-05-06 04:15:45.688306 ==============================================================================
2026-05-06 04:15:45.688337 Suites.Auth                                                           | FAIL |
2026-05-06 04:15:45.688548 1 test, 0 passed, 1 failed
2026-05-06 04:15:45.688554 ==============================================================================
2026-05-06 04:15:45.688560 Suites                                                                | FAIL |
2026-05-06 04:15:45.688725 1 test, 0 passed, 1 failed
2026-05-06 04:15:45.688754 ==============================================================================
2026-05-06 04:15:45.688761 Output:  /home/runner/work/engg-robot-testing-framework/engg-robot-testing-framework/reports/pabot_results/3/output.xml
