2026-08-08 02:28:10.789264 ==============================================================================
2026-08-08 02:28:10.804336 Suites
2026-08-08 02:28:10.804357 ==============================================================================
2026-08-08 02:28:10.804371 Suites.Auth
2026-08-08 02:28:10.805206 ==============================================================================
2026-08-08 02:28:10.805226 Suites.Auth.TC04 logout user
2026-08-08 02:28:10.805226 [ ERROR ] Error in file '/home/runner/work/engg-robot-testing-framework/engg-robot-testing-framework/tests/auth/TC04_logout_user.robot' on line 2: Importing library 'playwright_keyword_library.PlaywrightKeywordLibrary' failed: ModuleNotFoundError: No module named 'playwright_keyword_library'
2026-08-08 02:28:10.824372 ==============================================================================
2026-08-08 02:28:10.824372 Traceback (most recent call last):
2026-08-08 02:28:10.824397   None
2026-08-08 02:28:10.874518 PYTHONPATH:
2026-08-08 02:28:10.924630   /opt/hostedtoolcache/Python/3.11.15/x64/bin
2026-08-08 02:28:10.974741   /opt/hostedtoolcache/Python/3.11.15/x64/lib/python311.zip
2026-08-08 02:28:11.024858   /opt/hostedtoolcache/Python/3.11.15/x64/lib/python3.11
2026-08-08 02:28:11.074972   /opt/hostedtoolcache/Python/3.11.15/x64/lib/python3.11/lib-dynload
2026-08-08 02:28:11.125124   /opt/hostedtoolcache/Python/3.11.15/x64/lib/python3.11/site-packages
2026-08-08 02:28:11.175281 [ ERROR ] Error in file '/home/runner/work/engg-robot-testing-framework/engg-robot-testing-framework/resources/auth_keywords.resource' on line 2: Importing library 'playwright_keyword_library.PlaywrightKeywordLibrary' failed: ModuleNotFoundError: No module named 'playwright_keyword_library'
2026-08-08 02:28:11.225387 Traceback (most recent call last):
2026-08-08 02:28:11.275541   None
2026-08-08 02:28:11.325695 PYTHONPATH:
2026-08-08 02:28:11.375840   /opt/hostedtoolcache/Python/3.11.15/x64/bin
2026-08-08 02:28:11.425985   /opt/hostedtoolcache/Python/3.11.15/x64/lib/python311.zip
2026-08-08 02:28:11.476131   /opt/hostedtoolcache/Python/3.11.15/x64/lib/python3.11
2026-08-08 02:28:11.526284   /opt/hostedtoolcache/Python/3.11.15/x64/lib/python3.11/lib-dynload
2026-08-08 02:28:11.576430   /opt/hostedtoolcache/Python/3.11.15/x64/lib/python3.11/site-packages
2026-08-08 02:28:11.626582 [ ERROR ] Error in file '/home/runner/work/engg-robot-testing-framework/engg-robot-testing-framework/resources/common.resource' on line 4: Importing library 'playwright_keyword_library.PlaywrightKeywordLibrary' failed: ModuleNotFoundError: No module named 'playwright_keyword_library'
2026-08-08 02:28:11.676740 Traceback (most recent call last):
2026-08-08 02:28:11.726884   None
2026-08-08 02:28:11.777038 PYTHONPATH:
2026-08-08 02:28:11.827187   /opt/hostedtoolcache/Python/3.11.15/x64/bin
2026-08-08 02:28:11.877336   /opt/hostedtoolcache/Python/3.11.15/x64/lib/python311.zip
2026-08-08 02:28:11.927490   /opt/hostedtoolcache/Python/3.11.15/x64/lib/python3.11
2026-08-08 02:28:11.977651   /opt/hostedtoolcache/Python/3.11.15/x64/lib/python3.11/lib-dynload
2026-08-08 02:28:12.027795   /opt/hostedtoolcache/Python/3.11.15/x64/lib/python3.11/site-packages
2026-08-08 02:28:20.798938 TC04 Logout User                                                      | FAIL |
2026-08-08 02:28:20.834055 Setup failed:
2026-08-08 02:28:20.834081 No keyword with name 'Open Browser' found.
2026-08-08 02:28:20.834122 
2026-08-08 02:28:20.834134 Also teardown failed:
2026-08-08 02:28:20.834146 Several failures occurred:
2026-08-08 02:28:20.834157 
2026-08-08 02:28:20.834167 1) No keyword with name 'Register Keyword To Run On Failure' found.
2026-08-08 02:28:20.834179 
2026-08-08 02:28:20.834189 2) No keyword with name 'Close Browser' found. Did you mean:
2026-08-08 02:28:20.834199     common.Close Test Browser
2026-08-08 02:28:20.834210 ------------------------------------------------------------------------------
2026-08-08 02:28:20.834220 Suites.Auth.TC04 logout user                                          | FAIL |
2026-08-08 02:28:20.834685 1 test, 0 passed, 1 failed
2026-08-08 02:28:20.834725 ==============================================================================
2026-08-08 02:28:20.834736 Suites.Auth                                                           | FAIL |
2026-08-08 02:28:20.835142 1 test, 0 passed, 1 failed
2026-08-08 02:28:20.835200 ==============================================================================
2026-08-08 02:28:20.835211 Suites                                                                | FAIL |
2026-08-08 02:28:20.835512 1 test, 0 passed, 1 failed
2026-08-08 02:28:20.835550 ==============================================================================
2026-08-08 02:28:20.835562 Output:  /home/runner/work/engg-robot-testing-framework/engg-robot-testing-framework/reports/pabot_results/3/output.xml
