2026-08-02 04:03:57.165800 ==============================================================================
2026-08-02 04:03:57.212222 Suites
2026-08-02 04:03:57.212242 ==============================================================================
2026-08-02 04:03:57.212257 Suites.Cart
2026-08-02 04:03:57.213149 ==============================================================================
2026-08-02 04:03:57.213167 Suites.Cart.TC17 remove products from cart :: TC17 - Remove Products From Cart
2026-08-02 04:03:57.213167 [ ERROR ] Error in file '/home/runner/work/engg-robot-testing-framework/engg-robot-testing-framework/resources/common.resource' on line 4: Importing library 'playwright_keyword_library.PlaywrightKeywordLibrary' failed: ModuleNotFoundError: No module named 'playwright_keyword_library'
2026-08-02 04:03:57.244317 ==============================================================================
2026-08-02 04:03:57.244317 Traceback (most recent call last):
2026-08-02 04:03:57.244342   None
2026-08-02 04:03:57.294457 PYTHONPATH:
2026-08-02 04:03:57.344563   /opt/hostedtoolcache/Python/3.11.15/x64/bin
2026-08-02 04:03:57.394815   /opt/hostedtoolcache/Python/3.11.15/x64/lib/python311.zip
2026-08-02 04:03:57.444943   /opt/hostedtoolcache/Python/3.11.15/x64/lib/python3.11
2026-08-02 04:03:57.495191   /opt/hostedtoolcache/Python/3.11.15/x64/lib/python3.11/lib-dynload
2026-08-02 04:03:57.545393   /opt/hostedtoolcache/Python/3.11.15/x64/lib/python3.11/site-packages
2026-08-02 04:03:57.595512 [ ERROR ] Error in file '/home/runner/work/engg-robot-testing-framework/engg-robot-testing-framework/resources/product_keywords.resource' on line 2: Importing library 'playwright_keyword_library.PlaywrightKeywordLibrary' failed: ModuleNotFoundError: No module named 'playwright_keyword_library'
2026-08-02 04:03:57.645628 Traceback (most recent call last):
2026-08-02 04:03:57.695749   None
2026-08-02 04:03:57.745878 PYTHONPATH:
2026-08-02 04:03:57.795986   /opt/hostedtoolcache/Python/3.11.15/x64/bin
2026-08-02 04:03:57.846100   /opt/hostedtoolcache/Python/3.11.15/x64/lib/python311.zip
2026-08-02 04:03:57.896208   /opt/hostedtoolcache/Python/3.11.15/x64/lib/python3.11
2026-08-02 04:03:57.946325   /opt/hostedtoolcache/Python/3.11.15/x64/lib/python3.11/lib-dynload
2026-08-02 04:03:57.996446   /opt/hostedtoolcache/Python/3.11.15/x64/lib/python3.11/site-packages
2026-08-02 04:03:58.046547 [ ERROR ] Error in file '/home/runner/work/engg-robot-testing-framework/engg-robot-testing-framework/resources/cart_keywords.resource' on line 2: Importing library 'playwright_keyword_library.PlaywrightKeywordLibrary' failed: ModuleNotFoundError: No module named 'playwright_keyword_library'
2026-08-02 04:03:58.096787 Traceback (most recent call last):
2026-08-02 04:03:58.146901   None
2026-08-02 04:03:58.197037 PYTHONPATH:
2026-08-02 04:03:58.247142   /opt/hostedtoolcache/Python/3.11.15/x64/bin
2026-08-02 04:03:58.297266   /opt/hostedtoolcache/Python/3.11.15/x64/lib/python311.zip
2026-08-02 04:03:58.347494   /opt/hostedtoolcache/Python/3.11.15/x64/lib/python3.11
2026-08-02 04:03:58.397668   /opt/hostedtoolcache/Python/3.11.15/x64/lib/python3.11/lib-dynload
2026-08-02 04:03:58.447791   /opt/hostedtoolcache/Python/3.11.15/x64/lib/python3.11/site-packages
2026-08-02 04:04:07.219123 TC17 Remove Products From Cart                                        | FAIL |
2026-08-02 04:04:07.255873 Setup failed:
2026-08-02 04:04:07.255895 No keyword with name 'Open Browser' found.
2026-08-02 04:04:07.255910 
2026-08-02 04:04:07.255924 Also teardown failed:
2026-08-02 04:04:07.255938 Several failures occurred:
2026-08-02 04:04:07.255951 
2026-08-02 04:04:07.255964 1) No keyword with name 'Register Keyword To Run On Failure' found.
2026-08-02 04:04:07.255977 
2026-08-02 04:04:07.255988 2) No keyword with name 'Close Browser' found. Did you mean:
2026-08-02 04:04:07.256000     common.Close Test Browser
2026-08-02 04:04:07.256013 ------------------------------------------------------------------------------
2026-08-02 04:04:07.256025 Suites.Cart.TC17 remove products from cart :: TC17 - Remove Produc... | FAIL |
2026-08-02 04:04:07.256581 1 test, 0 passed, 1 failed
2026-08-02 04:04:07.256608 ==============================================================================
2026-08-02 04:04:07.256674 Suites.Cart                                                           | FAIL |
2026-08-02 04:04:07.257056 1 test, 0 passed, 1 failed
2026-08-02 04:04:07.257081 ==============================================================================
2026-08-02 04:04:07.257143 Suites                                                                | FAIL |
2026-08-02 04:04:07.257496 1 test, 0 passed, 1 failed
2026-08-02 04:04:07.257516 ==============================================================================
2026-08-02 04:04:07.257529 Output:  /home/runner/work/engg-robot-testing-framework/engg-robot-testing-framework/reports/pabot_results/7/output.xml
