2026-08-29 07:16:29.035096 ==============================================================================
2026-08-29 07:16:29.082790 Suites
2026-08-29 07:16:29.082805 ==============================================================================
2026-08-29 07:16:29.082814 Suites.Auth
2026-08-29 07:16:29.083518 ==============================================================================
2026-08-29 07:16:29.083531 Suites.Auth.TC04 logout user
2026-08-29 07:16:29.083531 [ ERROR ] Error in file '/home/runner/work/engg-robot-testing-framework/engg-robot-testing-framework/tests/auth/TC04_logout_user.robot' on line 2: Importing library 'playwright_keyword_library.PlaywrightKeywordLibrary' failed: ModuleNotFoundError: No module named 'playwright_keyword_library'
2026-08-29 07:16:29.098994 ==============================================================================
2026-08-29 07:16:29.098994 Traceback (most recent call last):
2026-08-29 07:16:29.099011   None
2026-08-29 07:16:29.149115 PYTHONPATH:
2026-08-29 07:16:29.199204   /opt/hostedtoolcache/Python/3.11.16/x64/bin
2026-08-29 07:16:29.249329   /opt/hostedtoolcache/Python/3.11.16/x64/lib/python311.zip
2026-08-29 07:16:29.299415   /opt/hostedtoolcache/Python/3.11.16/x64/lib/python3.11
2026-08-29 07:16:29.349562   /opt/hostedtoolcache/Python/3.11.16/x64/lib/python3.11/lib-dynload
2026-08-29 07:16:29.399650   /opt/hostedtoolcache/Python/3.11.16/x64/lib/python3.11/site-packages
2026-08-29 07:16:29.449802 [ ERROR ] Error in file '/home/runner/work/engg-robot-testing-framework/engg-robot-testing-framework/resources/auth_keywords.resource' on line 2: Importing library 'playwright_keyword_library.PlaywrightKeywordLibrary' failed: ModuleNotFoundError: No module named 'playwright_keyword_library'
2026-08-29 07:16:29.499894 Traceback (most recent call last):
2026-08-29 07:16:29.549979   None
2026-08-29 07:16:29.600068 PYTHONPATH:
2026-08-29 07:16:29.650154   /opt/hostedtoolcache/Python/3.11.16/x64/bin
2026-08-29 07:16:29.700242   /opt/hostedtoolcache/Python/3.11.16/x64/lib/python311.zip
2026-08-29 07:16:29.750328   /opt/hostedtoolcache/Python/3.11.16/x64/lib/python3.11
2026-08-29 07:16:29.800421   /opt/hostedtoolcache/Python/3.11.16/x64/lib/python3.11/lib-dynload
2026-08-29 07:16:29.850505   /opt/hostedtoolcache/Python/3.11.16/x64/lib/python3.11/site-packages
2026-08-29 07:16:29.900588 [ ERROR ] Error in file '/home/runner/work/engg-robot-testing-framework/engg-robot-testing-framework/resources/common.resource' on line 4: Importing library 'playwright_keyword_library.PlaywrightKeywordLibrary' failed: ModuleNotFoundError: No module named 'playwright_keyword_library'
2026-08-29 07:16:29.950672 Traceback (most recent call last):
2026-08-29 07:16:30.000761   None
2026-08-29 07:16:30.050851 PYTHONPATH:
2026-08-29 07:16:30.100940   /opt/hostedtoolcache/Python/3.11.16/x64/bin
2026-08-29 07:16:30.151025   /opt/hostedtoolcache/Python/3.11.16/x64/lib/python311.zip
2026-08-29 07:16:30.201114   /opt/hostedtoolcache/Python/3.11.16/x64/lib/python3.11
2026-08-29 07:16:30.251200   /opt/hostedtoolcache/Python/3.11.16/x64/lib/python3.11/lib-dynload
2026-08-29 07:16:30.301285   /opt/hostedtoolcache/Python/3.11.16/x64/lib/python3.11/site-packages
2026-08-29 07:16:39.073282 TC04 Logout User                                                      | FAIL |
2026-08-29 07:16:39.107688 Setup failed:
2026-08-29 07:16:39.107702 No keyword with name 'Open Browser' found.
2026-08-29 07:16:39.107711 
2026-08-29 07:16:39.107720 Also teardown failed:
2026-08-29 07:16:39.107728 Several failures occurred:
2026-08-29 07:16:39.107755 
2026-08-29 07:16:39.107763 1) No keyword with name 'Register Keyword To Run On Failure' found.
2026-08-29 07:16:39.107772 
2026-08-29 07:16:39.107779 2) No keyword with name 'Close Browser' found. Did you mean:
2026-08-29 07:16:39.107787     common.Close Test Browser
2026-08-29 07:16:39.107795 ------------------------------------------------------------------------------
2026-08-29 07:16:39.107802 Suites.Auth.TC04 logout user                                          | FAIL |
2026-08-29 07:16:39.108248 1 test, 0 passed, 1 failed
2026-08-29 07:16:39.108312 ==============================================================================
2026-08-29 07:16:39.108322 Suites.Auth                                                           | FAIL |
2026-08-29 07:16:39.108606 1 test, 0 passed, 1 failed
2026-08-29 07:16:39.108667 ==============================================================================
2026-08-29 07:16:39.108677 Suites                                                                | FAIL |
2026-08-29 07:16:39.108962 1 test, 0 passed, 1 failed
2026-08-29 07:16:39.109019 ==============================================================================
2026-08-29 07:16:39.109030 Output:  /home/runner/work/engg-robot-testing-framework/engg-robot-testing-framework/reports/pabot_results/3/output.xml
