2026-05-14 04:29:11.817628 ==============================================================================
2026-05-14 04:29:11.826710 Suites
2026-05-14 04:29:11.826730 ==============================================================================
2026-05-14 04:29:11.826740 Suites.Auth
2026-05-14 04:29:11.827346 ==============================================================================
2026-05-14 04:29:11.877468 Suites.Auth.TC04 logout user
2026-05-14 04:29:11.916943 ==============================================================================
2026-05-14 04:32:55.094504 TC04 Logout User                                                      | FAIL |
2026-05-14 04:32:55.134287 ReadTimeoutError: HTTPConnectionPool(host='localhost', port=41465): Read timed out. (read timeout=120)
2026-05-14 04:32:55.134306 ------------------------------------------------------------------------------
2026-05-14 04:32:55.134318 Suites.Auth.TC04 logout user                                          | FAIL |
2026-05-14 04:32:55.134928 1 test, 0 passed, 1 failed
2026-05-14 04:32:55.134951 ==============================================================================
2026-05-14 04:32:55.134992 Suites.Auth                                                           | FAIL |
2026-05-14 04:32:55.135282 1 test, 0 passed, 1 failed
2026-05-14 04:32:55.135324 ==============================================================================
2026-05-14 04:32:55.135336 Suites                                                                | FAIL |
2026-05-14 04:32:55.135578 1 test, 0 passed, 1 failed
2026-05-14 04:32:55.135597 ==============================================================================
2026-05-14 04:32:55.135635 Output:  /home/runner/work/engg-robot-testing-framework/engg-robot-testing-framework/reports/pabot_results/3/output.xml
