2026-08-14 03:06:49.822125 ==============================================================================
2026-08-14 03:06:49.846342 Suites
2026-08-14 03:06:49.846363 ==============================================================================
2026-08-14 03:06:49.846378 Suites.Cart
2026-08-14 03:06:49.847175 ==============================================================================
2026-08-14 03:06:49.847193 Suites.Cart.TC17 remove products from cart :: TC17 - Remove Products From Cart
2026-08-14 03:06:49.847193 [ ERROR ] Error in file '/home/runner/work/engg-robot-testing-framework/engg-robot-testing-framework/resources/common.resource' on line 4: Importing library 'playwright_keyword_library.PlaywrightKeywordLibrary' failed: ModuleNotFoundError: No module named 'playwright_keyword_library'
2026-08-14 03:06:49.879654 ==============================================================================
2026-08-14 03:06:49.879654 Traceback (most recent call last):
2026-08-14 03:06:49.879679   None
2026-08-14 03:06:49.929794 PYTHONPATH:
2026-08-14 03:06:49.979899   /opt/hostedtoolcache/Python/3.11.15/x64/bin
2026-08-14 03:06:50.030008   /opt/hostedtoolcache/Python/3.11.15/x64/lib/python311.zip
2026-08-14 03:06:50.080105   /opt/hostedtoolcache/Python/3.11.15/x64/lib/python3.11
2026-08-14 03:06:50.130219   /opt/hostedtoolcache/Python/3.11.15/x64/lib/python3.11/lib-dynload
2026-08-14 03:06:50.180332   /opt/hostedtoolcache/Python/3.11.15/x64/lib/python3.11/site-packages
2026-08-14 03:06:50.230441 [ ERROR ] Error in file '/home/runner/work/engg-robot-testing-framework/engg-robot-testing-framework/resources/product_keywords.resource' on line 2: Importing library 'playwright_keyword_library.PlaywrightKeywordLibrary' failed: ModuleNotFoundError: No module named 'playwright_keyword_library'
2026-08-14 03:06:50.280582 Traceback (most recent call last):
2026-08-14 03:06:50.330742   None
2026-08-14 03:06:50.380900 PYTHONPATH:
2026-08-14 03:06:50.431029   /opt/hostedtoolcache/Python/3.11.15/x64/bin
2026-08-14 03:06:50.481185   /opt/hostedtoolcache/Python/3.11.15/x64/lib/python311.zip
2026-08-14 03:06:50.531344   /opt/hostedtoolcache/Python/3.11.15/x64/lib/python3.11
2026-08-14 03:06:50.581501   /opt/hostedtoolcache/Python/3.11.15/x64/lib/python3.11/lib-dynload
2026-08-14 03:06:50.631662   /opt/hostedtoolcache/Python/3.11.15/x64/lib/python3.11/site-packages
2026-08-14 03:06:50.681822 [ ERROR ] Error in file '/home/runner/work/engg-robot-testing-framework/engg-robot-testing-framework/resources/cart_keywords.resource' on line 2: Importing library 'playwright_keyword_library.PlaywrightKeywordLibrary' failed: ModuleNotFoundError: No module named 'playwright_keyword_library'
2026-08-14 03:06:50.731983 Traceback (most recent call last):
2026-08-14 03:06:50.782139   None
2026-08-14 03:06:50.832296 PYTHONPATH:
2026-08-14 03:06:50.882399   /opt/hostedtoolcache/Python/3.11.15/x64/bin
2026-08-14 03:06:50.932511   /opt/hostedtoolcache/Python/3.11.15/x64/lib/python311.zip
2026-08-14 03:06:50.982666   /opt/hostedtoolcache/Python/3.11.15/x64/lib/python3.11
2026-08-14 03:06:51.032818   /opt/hostedtoolcache/Python/3.11.15/x64/lib/python3.11/lib-dynload
2026-08-14 03:06:51.082973   /opt/hostedtoolcache/Python/3.11.15/x64/lib/python3.11/site-packages
2026-08-14 03:06:59.854433 TC17 Remove Products From Cart                                        | FAIL |
2026-08-14 03:06:59.891114 Setup failed:
2026-08-14 03:06:59.891132 No keyword with name 'Open Browser' found.
2026-08-14 03:06:59.891146 
2026-08-14 03:06:59.891160 Also teardown failed:
2026-08-14 03:06:59.891174 Several failures occurred:
2026-08-14 03:06:59.891188 
2026-08-14 03:06:59.891202 1) No keyword with name 'Register Keyword To Run On Failure' found.
2026-08-14 03:06:59.891215 
2026-08-14 03:06:59.891227 2) No keyword with name 'Close Browser' found. Did you mean:
2026-08-14 03:06:59.891239     common.Close Test Browser
2026-08-14 03:06:59.891251 ------------------------------------------------------------------------------
2026-08-14 03:06:59.891262 Suites.Cart.TC17 remove products from cart :: TC17 - Remove Produc... | FAIL |
2026-08-14 03:06:59.891832 1 test, 0 passed, 1 failed
2026-08-14 03:06:59.891850 ==============================================================================
2026-08-14 03:06:59.891864 Suites.Cart                                                           | FAIL |
2026-08-14 03:06:59.892268 1 test, 0 passed, 1 failed
2026-08-14 03:06:59.892285 ==============================================================================
2026-08-14 03:06:59.892298 Suites                                                                | FAIL |
2026-08-14 03:06:59.892630 1 test, 0 passed, 1 failed
2026-08-14 03:06:59.892654 ==============================================================================
2026-08-14 03:06:59.892721 Output:  /home/runner/work/engg-robot-testing-framework/engg-robot-testing-framework/reports/pabot_results/7/output.xml
