2026-09-10 05:03:28.452472 ==============================================================================
2026-09-10 05:03:28.478476 Suites
2026-09-10 05:03:28.478500 ==============================================================================
2026-09-10 05:03:28.478515 Suites.Auth
2026-09-10 05:03:28.479347 ==============================================================================
2026-09-10 05:03:28.479375 Suites.Auth.TC04 logout user
2026-09-10 05:03:28.479375 [ ERROR ] Error in file '/home/runner/work/engg-robot-testing-framework/engg-robot-testing-framework/tests/auth/TC04_logout_user.robot' on line 2: Importing library 'playwright_keyword_library.PlaywrightKeywordLibrary' failed: ModuleNotFoundError: No module named 'playwright_keyword_library'
2026-09-10 05:03:28.498764 ==============================================================================
2026-09-10 05:03:28.498764 Traceback (most recent call last):
2026-09-10 05:03:28.498791   None
2026-09-10 05:03:28.548944 PYTHONPATH:
2026-09-10 05:03:28.599052   /opt/hostedtoolcache/Python/3.11.16/x64/bin
2026-09-10 05:03:28.649163   /opt/hostedtoolcache/Python/3.11.16/x64/lib/python311.zip
2026-09-10 05:03:28.699282   /opt/hostedtoolcache/Python/3.11.16/x64/lib/python3.11
2026-09-10 05:03:28.749401   /opt/hostedtoolcache/Python/3.11.16/x64/lib/python3.11/lib-dynload
2026-09-10 05:03:28.799522   /opt/hostedtoolcache/Python/3.11.16/x64/lib/python3.11/site-packages
2026-09-10 05:03:28.849688 [ ERROR ] Error in file '/home/runner/work/engg-robot-testing-framework/engg-robot-testing-framework/resources/auth_keywords.resource' on line 2: Importing library 'playwright_keyword_library.PlaywrightKeywordLibrary' failed: ModuleNotFoundError: No module named 'playwright_keyword_library'
2026-09-10 05:03:28.899832 Traceback (most recent call last):
2026-09-10 05:03:28.949984   None
2026-09-10 05:03:29.000095 PYTHONPATH:
2026-09-10 05:03:29.050246   /opt/hostedtoolcache/Python/3.11.16/x64/bin
2026-09-10 05:03:29.100381   /opt/hostedtoolcache/Python/3.11.16/x64/lib/python311.zip
2026-09-10 05:03:29.150492   /opt/hostedtoolcache/Python/3.11.16/x64/lib/python3.11
2026-09-10 05:03:29.200618   /opt/hostedtoolcache/Python/3.11.16/x64/lib/python3.11/lib-dynload
2026-09-10 05:03:29.250766   /opt/hostedtoolcache/Python/3.11.16/x64/lib/python3.11/site-packages
2026-09-10 05:03:29.300897 [ ERROR ] Error in file '/home/runner/work/engg-robot-testing-framework/engg-robot-testing-framework/resources/common.resource' on line 4: Importing library 'playwright_keyword_library.PlaywrightKeywordLibrary' failed: ModuleNotFoundError: No module named 'playwright_keyword_library'
2026-09-10 05:03:29.351044 Traceback (most recent call last):
2026-09-10 05:03:29.401127   None
2026-09-10 05:03:29.451344 PYTHONPATH:
2026-09-10 05:03:29.501481   /opt/hostedtoolcache/Python/3.11.16/x64/bin
2026-09-10 05:03:29.551631   /opt/hostedtoolcache/Python/3.11.16/x64/lib/python311.zip
2026-09-10 05:03:29.601762   /opt/hostedtoolcache/Python/3.11.16/x64/lib/python3.11
2026-09-10 05:03:29.651908   /opt/hostedtoolcache/Python/3.11.16/x64/lib/python3.11/lib-dynload
2026-09-10 05:03:29.702038   /opt/hostedtoolcache/Python/3.11.16/x64/lib/python3.11/site-packages
2026-09-10 05:03:38.473506 TC04 Logout User                                                      | FAIL |
2026-09-10 05:03:38.509194 Setup failed:
2026-09-10 05:03:38.509214 No keyword with name 'Open Browser' found.
2026-09-10 05:03:38.509229 
2026-09-10 05:03:38.509243 Also teardown failed:
2026-09-10 05:03:38.509257 Several failures occurred:
2026-09-10 05:03:38.509269 
2026-09-10 05:03:38.509280 1) No keyword with name 'Register Keyword To Run On Failure' found.
2026-09-10 05:03:38.509292 
2026-09-10 05:03:38.509304 2) No keyword with name 'Close Browser' found. Did you mean:
2026-09-10 05:03:38.509315     common.Close Test Browser
2026-09-10 05:03:38.509325 ------------------------------------------------------------------------------
2026-09-10 05:03:38.509336 Suites.Auth.TC04 logout user                                          | FAIL |
2026-09-10 05:03:38.509832 1 test, 0 passed, 1 failed
2026-09-10 05:03:38.509906 ==============================================================================
2026-09-10 05:03:38.509921 Suites.Auth                                                           | FAIL |
2026-09-10 05:03:38.510289 1 test, 0 passed, 1 failed
2026-09-10 05:03:38.510372 ==============================================================================
2026-09-10 05:03:38.510388 Suites                                                                | FAIL |
2026-09-10 05:03:38.511111 1 test, 0 passed, 1 failed
2026-09-10 05:03:38.511129 ==============================================================================
2026-09-10 05:03:38.511144 Output:  /home/runner/work/engg-robot-testing-framework/engg-robot-testing-framework/reports/pabot_results/3/output.xml
