2026-08-18 01:57:51.136218 ==============================================================================
2026-08-18 01:57:51.149232 Suites
2026-08-18 01:57:51.149251 ==============================================================================
2026-08-18 01:57:51.149264 Suites.Cart
2026-08-18 01:57:51.150018 ==============================================================================
2026-08-18 01:57:51.150034 Suites.Cart.TC17 remove products from cart :: TC17 - Remove Products From Cart
2026-08-18 01:57:51.150034 [ ERROR ] Error in file '/home/runner/work/engg-robot-testing-framework/engg-robot-testing-framework/resources/common.resource' on line 4: Importing library 'playwright_keyword_library.PlaywrightKeywordLibrary' failed: ModuleNotFoundError: No module named 'playwright_keyword_library'
2026-08-18 01:57:51.177433 ==============================================================================
2026-08-18 01:57:51.177433 Traceback (most recent call last):
2026-08-18 01:57:51.177456   None
2026-08-18 01:57:51.227590 PYTHONPATH:
2026-08-18 01:57:51.277745   /opt/hostedtoolcache/Python/3.11.15/x64/bin
2026-08-18 01:57:51.327912   /opt/hostedtoolcache/Python/3.11.15/x64/lib/python311.zip
2026-08-18 01:57:51.378039   /opt/hostedtoolcache/Python/3.11.15/x64/lib/python3.11
2026-08-18 01:57:51.428225   /opt/hostedtoolcache/Python/3.11.15/x64/lib/python3.11/lib-dynload
2026-08-18 01:57:51.478349   /opt/hostedtoolcache/Python/3.11.15/x64/lib/python3.11/site-packages
2026-08-18 01:57:51.528584 [ ERROR ] Error in file '/home/runner/work/engg-robot-testing-framework/engg-robot-testing-framework/resources/product_keywords.resource' on line 2: Importing library 'playwright_keyword_library.PlaywrightKeywordLibrary' failed: ModuleNotFoundError: No module named 'playwright_keyword_library'
2026-08-18 01:57:51.578766 Traceback (most recent call last):
2026-08-18 01:57:51.628954   None
2026-08-18 01:57:51.679111 PYTHONPATH:
2026-08-18 01:57:51.729329   /opt/hostedtoolcache/Python/3.11.15/x64/bin
2026-08-18 01:57:51.779481   /opt/hostedtoolcache/Python/3.11.15/x64/lib/python311.zip
2026-08-18 01:57:51.829740   /opt/hostedtoolcache/Python/3.11.15/x64/lib/python3.11
2026-08-18 01:57:51.879891   /opt/hostedtoolcache/Python/3.11.15/x64/lib/python3.11/lib-dynload
2026-08-18 01:57:51.930088   /opt/hostedtoolcache/Python/3.11.15/x64/lib/python3.11/site-packages
2026-08-18 01:57:51.980245 [ ERROR ] Error in file '/home/runner/work/engg-robot-testing-framework/engg-robot-testing-framework/resources/cart_keywords.resource' on line 2: Importing library 'playwright_keyword_library.PlaywrightKeywordLibrary' failed: ModuleNotFoundError: No module named 'playwright_keyword_library'
2026-08-18 01:57:52.030489 Traceback (most recent call last):
2026-08-18 01:57:52.080630   None
2026-08-18 01:57:52.130825 PYTHONPATH:
2026-08-18 01:57:52.180980   /opt/hostedtoolcache/Python/3.11.15/x64/bin
2026-08-18 01:57:52.231225   /opt/hostedtoolcache/Python/3.11.15/x64/lib/python311.zip
2026-08-18 01:57:52.281377   /opt/hostedtoolcache/Python/3.11.15/x64/lib/python3.11
2026-08-18 01:57:52.331568   /opt/hostedtoolcache/Python/3.11.15/x64/lib/python3.11/lib-dynload
2026-08-18 01:57:52.381801   /opt/hostedtoolcache/Python/3.11.15/x64/lib/python3.11/site-packages
2026-08-18 01:58:01.155370 TC17 Remove Products From Cart                                        | FAIL |
2026-08-18 01:58:01.188045 Setup failed:
2026-08-18 01:58:01.188064 No keyword with name 'Open Browser' found.
2026-08-18 01:58:01.188077 
2026-08-18 01:58:01.188089 Also teardown failed:
2026-08-18 01:58:01.188100 Several failures occurred:
2026-08-18 01:58:01.188113 
2026-08-18 01:58:01.188123 1) No keyword with name 'Register Keyword To Run On Failure' found.
2026-08-18 01:58:01.188134 
2026-08-18 01:58:01.188143 2) No keyword with name 'Close Browser' found. Did you mean:
2026-08-18 01:58:01.188153     common.Close Test Browser
2026-08-18 01:58:01.188163 ------------------------------------------------------------------------------
2026-08-18 01:58:01.188173 Suites.Cart.TC17 remove products from cart :: TC17 - Remove Produc... | FAIL |
2026-08-18 01:58:01.188771 1 test, 0 passed, 1 failed
2026-08-18 01:58:01.188791 ==============================================================================
2026-08-18 01:58:01.188851 Suites.Cart                                                           | FAIL |
2026-08-18 01:58:01.189205 1 test, 0 passed, 1 failed
2026-08-18 01:58:01.189261 ==============================================================================
2026-08-18 01:58:01.189274 Suites                                                                | FAIL |
2026-08-18 01:58:01.189571 1 test, 0 passed, 1 failed
2026-08-18 01:58:01.189627 ==============================================================================
2026-08-18 01:58:01.189639 Output:  /home/runner/work/engg-robot-testing-framework/engg-robot-testing-framework/reports/pabot_results/7/output.xml
