[INFO]    Initialized logging in reports/pabot_results
[INFO]    Robot Framework remote server at 127.0.0.1:8270 started.
[DEBUG]   2026-05-29 04:53:19.791591 [PID:2370] [1] [ID:1] EXECUTING Suites.Auth.TC02 login valid
[DEBUG]   2026-05-29 04:53:19.793433 [PID:2371] [0] [ID:0] EXECUTING Suites.Auth.TC01 register user
[DEBUG]   2026-05-29 04:53:24.798514 [PID:2370] [1] [ID:1] still running Suites.Auth.TC02 login valid after 5.0s
[DEBUG]   2026-05-29 04:53:24.798630 [PID:2371] [0] [ID:0] still running Suites.Auth.TC01 register user after 5.0s
[DEBUG]   2026-05-29 04:53:34.814230 [PID:2371] [0] [ID:0] still running Suites.Auth.TC01 register user after 15.0s
[DEBUG]   2026-05-29 04:53:34.814515 [PID:2370] [1] [ID:1] still running Suites.Auth.TC02 login valid after 15.0s
[DEBUG]   2026-05-29 04:53:49.836343 [PID:2370] [1] [ID:1] still running Suites.Auth.TC02 login valid after 30.0s
[DEBUG]   2026-05-29 04:53:49.840613 [PID:2371] [0] [ID:0] still running Suites.Auth.TC01 register user after 30.0s
[INFO]    2026-05-29 04:53:58.752993 [PID:2371] [0] [ID:0] PASSED Suites.Auth.TC01 register user in 39.0 seconds
[DEBUG]   2026-05-29 04:53:58.758749 [PID:2868] [0] [ID:2] EXECUTING Suites.Auth.TC03 login invalid
[INFO]    2026-05-29 04:54:01.654521 [PID:2370] [1] [ID:1] PASSED Suites.Auth.TC02 login valid in 41.9 seconds
[DEBUG]   2026-05-29 04:54:01.661273 [PID:3031] [1] [ID:3] EXECUTING Suites.Auth.TC04 logout user
[DEBUG]   2026-05-29 04:54:03.767573 [PID:2868] [0] [ID:2] still running Suites.Auth.TC03 login invalid after 5.0s
[DEBUG]   2026-05-29 04:54:06.672256 [PID:3031] [1] [ID:3] still running Suites.Auth.TC04 logout user after 5.0s
[DEBUG]   2026-05-29 04:54:13.783450 [PID:2868] [0] [ID:2] still running Suites.Auth.TC03 login invalid after 15.0s
[INFO]    2026-05-29 04:54:13.986434 [PID:2868] [0] [ID:2] PASSED Suites.Auth.TC03 login invalid in 15.2 seconds
[DEBUG]   2026-05-29 04:54:13.991907 [PID:3264] [0] [ID:4] EXECUTING Suites.Auth.TC05 register existing email
[DEBUG]   2026-05-29 04:54:16.694614 [PID:3031] [1] [ID:3] still running Suites.Auth.TC04 logout user after 15.0s
[DEBUG]   2026-05-29 04:54:19.003810 [PID:3264] [0] [ID:4] still running Suites.Auth.TC05 register existing email after 5.0s
[DEBUG]   2026-05-29 04:54:29.013042 [PID:3264] [0] [ID:4] still running Suites.Auth.TC05 register existing email after 15.0s
[DEBUG]   2026-05-29 04:54:31.711734 [PID:3031] [1] [ID:3] still running Suites.Auth.TC04 logout user after 30.0s
[INFO]    2026-05-29 04:54:32.816129 [PID:3031] [1] [ID:3] PASSED Suites.Auth.TC04 logout user in 31.2 seconds
[DEBUG]   2026-05-29 04:54:32.821113 [PID:3569] [1] [ID:5] EXECUTING Suites.Cart.TC12 add products to cart
[DEBUG]   2026-05-29 04:54:37.830511 [PID:3569] [1] [ID:5] still running Suites.Cart.TC12 add products to cart after 5.0s
[DEBUG]   2026-05-29 04:54:44.033306 [PID:3264] [0] [ID:4] still running Suites.Auth.TC05 register existing email after 30.0s
[DEBUG]   2026-05-29 04:54:47.841098 [PID:3569] [1] [ID:5] still running Suites.Cart.TC12 add products to cart after 15.0s
[INFO]    2026-05-29 04:54:48.842624 [PID:3264] [0] [ID:4] PASSED Suites.Auth.TC05 register existing email in 34.9 seconds
[DEBUG]   2026-05-29 04:54:48.847718 [PID:3814] [0] [ID:6] EXECUTING Suites.Cart.TC13 verify product quantity
[INFO]    2026-05-29 04:54:50.348273 [PID:3569] [1] [ID:5] PASSED Suites.Cart.TC12 add products to cart in 17.5 seconds
[DEBUG]   2026-05-29 04:54:50.352714 [PID:3960] [1] [ID:7] EXECUTING Suites.Cart.TC17 remove products from cart
[DEBUG]   2026-05-29 04:54:53.856546 [PID:3814] [0] [ID:6] still running Suites.Cart.TC13 verify product quantity after 5.0s
[DEBUG]   2026-05-29 04:54:55.359099 [PID:3960] [1] [ID:7] still running Suites.Cart.TC17 remove products from cart after 5.0s
[INFO]    2026-05-29 04:55:02.668545 [PID:3814] [0] [ID:6] PASSED Suites.Cart.TC13 verify product quantity in 13.8 seconds
[DEBUG]   2026-05-29 04:55:02.673336 [PID:4245] [0] [ID:8] EXECUTING Suites.Cart.TC20 search and verify cart after login
[DEBUG]   2026-05-29 04:55:05.368322 [PID:3960] [1] [ID:7] still running Suites.Cart.TC17 remove products from cart after 15.0s
[DEBUG]   2026-05-29 04:55:07.680955 [PID:4245] [0] [ID:8] still running Suites.Cart.TC20 search and verify cart after login after 5.0s
[INFO]    2026-05-29 04:55:08.274835 [PID:3960] [1] [ID:7] PASSED Suites.Cart.TC17 remove products from cart in 17.9 seconds
[DEBUG]   2026-05-29 04:55:08.279797 [PID:4479] [1] [ID:9] EXECUTING Suites.Cart.TC22 add from recommended items
[DEBUG]   2026-05-29 04:55:13.288840 [PID:4479] [1] [ID:9] still running Suites.Cart.TC22 add from recommended items after 5.0s
[DEBUG]   2026-05-29 04:55:17.696746 [PID:4245] [0] [ID:8] still running Suites.Cart.TC20 search and verify cart after login after 15.0s
[DEBUG]   2026-05-29 04:55:23.301351 [PID:4479] [1] [ID:9] still running Suites.Cart.TC22 add from recommended items after 15.0s
[INFO]    2026-05-29 04:55:24.505814 [PID:4479] [1] [ID:9] PASSED Suites.Cart.TC22 add from recommended items in 16.2 seconds
[DEBUG]   2026-05-29 04:55:32.715404 [PID:4245] [0] [ID:8] still running Suites.Cart.TC20 search and verify cart after login after 30.0s
[INFO]    2026-05-29 04:55:38.723675 [PID:4245] [0] [ID:8] PASSED Suites.Cart.TC20 search and verify cart after login in 36.1 seconds
[INFO]    10 tests, 10 passed, 0 failed, 0 skipped.
[INFO]    ===================================================
[INFO]    Output:  /home/runner/work/engg-robot-testing-framework/engg-robot-testing-framework/reports/output.xml
[INFO]    Log:     /home/runner/work/engg-robot-testing-framework/engg-robot-testing-framework/reports/log.html
[INFO]    Report:  /home/runner/work/engg-robot-testing-framework/engg-robot-testing-framework/reports/report.html
[DEBUG]   Finalizing Pabot execution...
[DEBUG]   Stopping PabotLib process
[INFO]    Robot Framework remote server at 127.0.0.1:8270 stopped.
[DEBUG]   PabotLib process stopped
[INFO]    Total testing: 4 minutes 23.70 seconds
[INFO]    Elapsed time:  2 minutes 19.55 seconds
[DEBUG]   Logs flushed successfully.
