2026-07-24 03:53:20.946897 ==============================================================================
2026-07-24 03:53:20.959427 Suites
2026-07-24 03:53:20.959447 ==============================================================================
2026-07-24 03:53:20.959462 Suites.Auth
2026-07-24 03:53:20.960280 ==============================================================================
2026-07-24 03:53:20.960299 Suites.Auth.TC01 register user
2026-07-24 03:53:20.960299 [ ERROR ] Error in file '/home/runner/work/engg-robot-testing-framework/engg-robot-testing-framework/tests/auth/TC01_register_user.robot' on line 2: Importing library 'playwright_keyword_library.PlaywrightKeywordLibrary' failed: ModuleNotFoundError: No module named 'playwright_keyword_library'
2026-07-24 03:53:20.978275 ==============================================================================
2026-07-24 03:53:20.978275 Traceback (most recent call last):
2026-07-24 03:53:20.978297   None
2026-07-24 03:53:21.028403 PYTHONPATH:
2026-07-24 03:53:21.078543   /opt/hostedtoolcache/Python/3.11.15/x64/bin
2026-07-24 03:53:21.128713   /opt/hostedtoolcache/Python/3.11.15/x64/lib/python311.zip
2026-07-24 03:53:21.178848   /opt/hostedtoolcache/Python/3.11.15/x64/lib/python3.11
2026-07-24 03:53:21.228968   /opt/hostedtoolcache/Python/3.11.15/x64/lib/python3.11/lib-dynload
2026-07-24 03:53:21.279090   /opt/hostedtoolcache/Python/3.11.15/x64/lib/python3.11/site-packages
2026-07-24 03:53:21.329233 [ ERROR ] Error in file '/home/runner/work/engg-robot-testing-framework/engg-robot-testing-framework/resources/auth_keywords.resource' on line 2: Importing library 'playwright_keyword_library.PlaywrightKeywordLibrary' failed: ModuleNotFoundError: No module named 'playwright_keyword_library'
2026-07-24 03:53:21.379358 Traceback (most recent call last):
2026-07-24 03:53:21.429496   None
2026-07-24 03:53:21.479635 PYTHONPATH:
2026-07-24 03:53:21.529745   /opt/hostedtoolcache/Python/3.11.15/x64/bin
2026-07-24 03:53:21.579892   /opt/hostedtoolcache/Python/3.11.15/x64/lib/python311.zip
2026-07-24 03:53:21.630042   /opt/hostedtoolcache/Python/3.11.15/x64/lib/python3.11
2026-07-24 03:53:21.680180   /opt/hostedtoolcache/Python/3.11.15/x64/lib/python3.11/lib-dynload
2026-07-24 03:53:21.730366   /opt/hostedtoolcache/Python/3.11.15/x64/lib/python3.11/site-packages
2026-07-24 03:53:21.780570 [ ERROR ] Error in file '/home/runner/work/engg-robot-testing-framework/engg-robot-testing-framework/resources/common.resource' on line 4: Importing library 'playwright_keyword_library.PlaywrightKeywordLibrary' failed: ModuleNotFoundError: No module named 'playwright_keyword_library'
2026-07-24 03:53:21.830822 Traceback (most recent call last):
2026-07-24 03:53:21.881007   None
2026-07-24 03:53:21.931243 PYTHONPATH:
2026-07-24 03:53:21.981447   /opt/hostedtoolcache/Python/3.11.15/x64/bin
2026-07-24 03:53:22.031695   /opt/hostedtoolcache/Python/3.11.15/x64/lib/python311.zip
2026-07-24 03:53:22.081902   /opt/hostedtoolcache/Python/3.11.15/x64/lib/python3.11
2026-07-24 03:53:22.132146   /opt/hostedtoolcache/Python/3.11.15/x64/lib/python3.11/lib-dynload
2026-07-24 03:53:22.182339   /opt/hostedtoolcache/Python/3.11.15/x64/lib/python3.11/site-packages
2026-07-24 03:53:30.956732 TC01 Register User                                                    | FAIL |
2026-07-24 03:53:30.987770 Setup failed:
2026-07-24 03:53:30.987789 No keyword with name 'Open Browser' found.
2026-07-24 03:53:30.987804 
2026-07-24 03:53:30.987817 Also teardown failed:
2026-07-24 03:53:30.987832 Several failures occurred:
2026-07-24 03:53:30.987847 
2026-07-24 03:53:30.987862 1) No keyword with name 'Register Keyword To Run On Failure' found.
2026-07-24 03:53:30.987877 
2026-07-24 03:53:30.987891 2) No keyword with name 'Close Browser' found. Did you mean:
2026-07-24 03:53:30.987906     common.Close Test Browser
2026-07-24 03:53:30.987919 ------------------------------------------------------------------------------
2026-07-24 03:53:30.987967 Suites.Auth.TC01 register user                                        | FAIL |
2026-07-24 03:53:30.988419 1 test, 0 passed, 1 failed
2026-07-24 03:53:30.988472 ==============================================================================
2026-07-24 03:53:30.988485 Suites.Auth                                                           | FAIL |
2026-07-24 03:53:30.988909 1 test, 0 passed, 1 failed
2026-07-24 03:53:30.988926 ==============================================================================
2026-07-24 03:53:30.988965 Suites                                                                | FAIL |
2026-07-24 03:53:30.989235 1 test, 0 passed, 1 failed
2026-07-24 03:53:30.989289 ==============================================================================
2026-07-24 03:53:30.989300 Output:  /home/runner/work/engg-robot-testing-framework/engg-robot-testing-framework/reports/pabot_results/0/output.xml
