2026-08-21 02:07:31.060321 ==============================================================================
2026-08-21 02:07:31.071976 Suites
2026-08-21 02:07:31.071997 ==============================================================================
2026-08-21 02:07:31.072011 Suites.Auth
2026-08-21 02:07:31.072766 ==============================================================================
2026-08-21 02:07:31.072787 Suites.Auth.TC02 login valid
2026-08-21 02:07:31.072787 [ ERROR ] Error in file '/home/runner/work/engg-robot-testing-framework/engg-robot-testing-framework/tests/auth/TC02_login_valid.robot' on line 2: Importing library 'playwright_keyword_library.PlaywrightKeywordLibrary' failed: ModuleNotFoundError: No module named 'playwright_keyword_library'
2026-08-21 02:07:31.089887 ==============================================================================
2026-08-21 02:07:31.089887 Traceback (most recent call last):
2026-08-21 02:07:31.089995   None
2026-08-21 02:07:31.140166 PYTHONPATH:
2026-08-21 02:07:31.190402   /opt/hostedtoolcache/Python/3.11.16/x64/bin
2026-08-21 02:07:31.240593   /opt/hostedtoolcache/Python/3.11.16/x64/lib/python311.zip
2026-08-21 02:07:31.290840   /opt/hostedtoolcache/Python/3.11.16/x64/lib/python3.11
2026-08-21 02:07:31.341007   /opt/hostedtoolcache/Python/3.11.16/x64/lib/python3.11/lib-dynload
2026-08-21 02:07:31.391213   /opt/hostedtoolcache/Python/3.11.16/x64/lib/python3.11/site-packages
2026-08-21 02:07:31.441438 [ ERROR ] Error in file '/home/runner/work/engg-robot-testing-framework/engg-robot-testing-framework/resources/auth_keywords.resource' on line 2: Importing library 'playwright_keyword_library.PlaywrightKeywordLibrary' failed: ModuleNotFoundError: No module named 'playwright_keyword_library'
2026-08-21 02:07:31.491664 Traceback (most recent call last):
2026-08-21 02:07:31.541822   None
2026-08-21 02:07:31.592071 PYTHONPATH:
2026-08-21 02:07:31.642327   /opt/hostedtoolcache/Python/3.11.16/x64/bin
2026-08-21 02:07:31.692516   /opt/hostedtoolcache/Python/3.11.16/x64/lib/python311.zip
2026-08-21 02:07:31.742762   /opt/hostedtoolcache/Python/3.11.16/x64/lib/python3.11
2026-08-21 02:07:31.792950   /opt/hostedtoolcache/Python/3.11.16/x64/lib/python3.11/lib-dynload
2026-08-21 02:07:31.843206   /opt/hostedtoolcache/Python/3.11.16/x64/lib/python3.11/site-packages
2026-08-21 02:07:31.893406 [ ERROR ] Error in file '/home/runner/work/engg-robot-testing-framework/engg-robot-testing-framework/resources/common.resource' on line 4: Importing library 'playwright_keyword_library.PlaywrightKeywordLibrary' failed: ModuleNotFoundError: No module named 'playwright_keyword_library'
2026-08-21 02:07:31.943621 Traceback (most recent call last):
2026-08-21 02:07:31.993829   None
2026-08-21 02:07:32.044062 PYTHONPATH:
2026-08-21 02:07:32.094275   /opt/hostedtoolcache/Python/3.11.16/x64/bin
2026-08-21 02:07:32.144529   /opt/hostedtoolcache/Python/3.11.16/x64/lib/python311.zip
2026-08-21 02:07:32.194715   /opt/hostedtoolcache/Python/3.11.16/x64/lib/python3.11
2026-08-21 02:07:32.244966   /opt/hostedtoolcache/Python/3.11.16/x64/lib/python3.11/lib-dynload
2026-08-21 02:07:32.295172   /opt/hostedtoolcache/Python/3.11.16/x64/lib/python3.11/site-packages
2026-08-21 02:07:41.070358 TC02 Login User With Correct Email And Password                       | FAIL |
2026-08-21 02:07:41.099304 Setup failed:
2026-08-21 02:07:41.099315 No keyword with name 'Open Browser' found.
2026-08-21 02:07:41.099326 
2026-08-21 02:07:41.099336 Also teardown failed:
2026-08-21 02:07:41.099347 Several failures occurred:
2026-08-21 02:07:41.099356 
2026-08-21 02:07:41.099371 1) No keyword with name 'Register Keyword To Run On Failure' found.
2026-08-21 02:07:41.099382 
2026-08-21 02:07:41.099392 2) No keyword with name 'Close Browser' found. Did you mean:
2026-08-21 02:07:41.099403     common.Close Test Browser
2026-08-21 02:07:41.099412 ------------------------------------------------------------------------------
2026-08-21 02:07:41.099423 Suites.Auth.TC02 login valid                                          | FAIL |
2026-08-21 02:07:41.099713 1 test, 0 passed, 1 failed
2026-08-21 02:07:41.099728 ==============================================================================
2026-08-21 02:07:41.099739 Suites.Auth                                                           | FAIL |
2026-08-21 02:07:41.100076 1 test, 0 passed, 1 failed
2026-08-21 02:07:41.100272 ==============================================================================
2026-08-21 02:07:41.100284 Suites                                                                | FAIL |
2026-08-21 02:07:41.100513 1 test, 0 passed, 1 failed
2026-08-21 02:07:41.100529 ==============================================================================
2026-08-21 02:07:41.100625 Output:  /home/runner/work/engg-robot-testing-framework/engg-robot-testing-framework/reports/pabot_results/1/output.xml
