2026-09-22 05:16:06.320968 ==============================================================================
2026-09-22 05:16:06.344768 Suites
2026-09-22 05:16:06.344787 ==============================================================================
2026-09-22 05:16:06.344834 Suites.Cart
2026-09-22 05:16:06.345760 ==============================================================================
2026-09-22 05:16:06.345778 Suites.Cart.TC22 add from recommended items :: TC22 - Add To Cart From Reco...
2026-09-22 05:16:06.345778 [ ERROR ] Error in file '/home/runner/work/engg-robot-testing-framework/engg-robot-testing-framework/resources/common.resource' on line 4: Importing library 'playwright_keyword_library.PlaywrightKeywordLibrary' failed: ModuleNotFoundError: No module named 'playwright_keyword_library'
2026-09-22 05:16:06.370743 ==============================================================================
2026-09-22 05:16:06.370743 Traceback (most recent call last):
2026-09-22 05:16:06.370769   None
2026-09-22 05:16:06.420945 PYTHONPATH:
2026-09-22 05:16:06.471071   /opt/hostedtoolcache/Python/3.11.16/x64/bin
2026-09-22 05:16:06.521203   /opt/hostedtoolcache/Python/3.11.16/x64/lib/python311.zip
2026-09-22 05:16:06.571343   /opt/hostedtoolcache/Python/3.11.16/x64/lib/python3.11
2026-09-22 05:16:06.621500   /opt/hostedtoolcache/Python/3.11.16/x64/lib/python3.11/lib-dynload
2026-09-22 05:16:06.671618   /opt/hostedtoolcache/Python/3.11.16/x64/lib/python3.11/site-packages
2026-09-22 05:16:06.721833 [ ERROR ] Error in file '/home/runner/work/engg-robot-testing-framework/engg-robot-testing-framework/resources/cart_keywords.resource' on line 2: Importing library 'playwright_keyword_library.PlaywrightKeywordLibrary' failed: ModuleNotFoundError: No module named 'playwright_keyword_library'
2026-09-22 05:16:06.771988 Traceback (most recent call last):
2026-09-22 05:16:06.822191   None
2026-09-22 05:16:06.872347 PYTHONPATH:
2026-09-22 05:16:06.922546   /opt/hostedtoolcache/Python/3.11.16/x64/bin
2026-09-22 05:16:06.972684   /opt/hostedtoolcache/Python/3.11.16/x64/lib/python311.zip
2026-09-22 05:16:07.022890   /opt/hostedtoolcache/Python/3.11.16/x64/lib/python3.11
2026-09-22 05:16:07.073020   /opt/hostedtoolcache/Python/3.11.16/x64/lib/python3.11/lib-dynload
2026-09-22 05:16:07.123182   /opt/hostedtoolcache/Python/3.11.16/x64/lib/python3.11/site-packages
2026-09-22 05:16:16.349281 TC22 Add To Cart From Recommended Items                               | FAIL |
2026-09-22 05:16:16.381742 Setup failed:
2026-09-22 05:16:16.381762 No keyword with name 'Open Browser' found.
2026-09-22 05:16:16.381777 
2026-09-22 05:16:16.381791 Also teardown failed:
2026-09-22 05:16:16.381805 Several failures occurred:
2026-09-22 05:16:16.381818 
2026-09-22 05:16:16.381831 1) No keyword with name 'Register Keyword To Run On Failure' found.
2026-09-22 05:16:16.381843 
2026-09-22 05:16:16.381854 2) No keyword with name 'Close Browser' found. Did you mean:
2026-09-22 05:16:16.381865     common.Close Test Browser
2026-09-22 05:16:16.381877 ------------------------------------------------------------------------------
2026-09-22 05:16:16.381888 Suites.Cart.TC22 add from recommended items :: TC22 - Add To Cart ... | FAIL |
2026-09-22 05:16:16.382435 1 test, 0 passed, 1 failed
2026-09-22 05:16:16.382460 ==============================================================================
2026-09-22 05:16:16.382505 Suites.Cart                                                           | FAIL |
2026-09-22 05:16:16.382910 1 test, 0 passed, 1 failed
2026-09-22 05:16:16.382964 ==============================================================================
2026-09-22 05:16:16.382974 Suites                                                                | FAIL |
2026-09-22 05:16:16.383219 1 test, 0 passed, 1 failed
2026-09-22 05:16:16.383304 ==============================================================================
2026-09-22 05:16:16.383321 Output:  /home/runner/work/engg-robot-testing-framework/engg-robot-testing-framework/reports/pabot_results/9/output.xml
