2026-08-07 03:28:52.697848 ==============================================================================
2026-08-07 03:28:52.725093 Suites
2026-08-07 03:28:52.725110 ==============================================================================
2026-08-07 03:28:52.725136 Suites.Cart
2026-08-07 03:28:52.725716 ==============================================================================
2026-08-07 03:28:52.725730 Suites.Cart.TC20 search and verify cart after login :: TC20 - Search Produc...
2026-08-07 03:28:52.725730 [ ERROR ] Error in file '/home/runner/work/engg-robot-testing-framework/engg-robot-testing-framework/tests/cart/TC20_search_and_verify_cart_after_login.robot' on line 3: Importing library 'playwright_keyword_library.PlaywrightKeywordLibrary' failed: ModuleNotFoundError: No module named 'playwright_keyword_library'
2026-08-07 03:28:52.750916 ==============================================================================
2026-08-07 03:28:52.750916 Traceback (most recent call last):
2026-08-07 03:28:52.750934   None
2026-08-07 03:28:52.801035 PYTHONPATH:
2026-08-07 03:28:52.851163   /opt/hostedtoolcache/Python/3.11.15/x64/bin
2026-08-07 03:28:52.901283   /opt/hostedtoolcache/Python/3.11.15/x64/lib/python311.zip
2026-08-07 03:28:52.951409   /opt/hostedtoolcache/Python/3.11.15/x64/lib/python3.11
2026-08-07 03:28:53.001503   /opt/hostedtoolcache/Python/3.11.15/x64/lib/python3.11/lib-dynload
2026-08-07 03:28:53.051635   /opt/hostedtoolcache/Python/3.11.15/x64/lib/python3.11/site-packages
2026-08-07 03:28:53.101732 [ ERROR ] Error in file '/home/runner/work/engg-robot-testing-framework/engg-robot-testing-framework/resources/common.resource' on line 4: Importing library 'playwright_keyword_library.PlaywrightKeywordLibrary' failed: ModuleNotFoundError: No module named 'playwright_keyword_library'
2026-08-07 03:28:53.151857 Traceback (most recent call last):
2026-08-07 03:28:53.201976   None
2026-08-07 03:28:53.252101 PYTHONPATH:
2026-08-07 03:28:53.302226   /opt/hostedtoolcache/Python/3.11.15/x64/bin
2026-08-07 03:28:53.352356   /opt/hostedtoolcache/Python/3.11.15/x64/lib/python311.zip
2026-08-07 03:28:53.402478   /opt/hostedtoolcache/Python/3.11.15/x64/lib/python3.11
2026-08-07 03:28:53.452661   /opt/hostedtoolcache/Python/3.11.15/x64/lib/python3.11/lib-dynload
2026-08-07 03:28:53.502761   /opt/hostedtoolcache/Python/3.11.15/x64/lib/python3.11/site-packages
2026-08-07 03:28:53.552892 [ ERROR ] Error in file '/home/runner/work/engg-robot-testing-framework/engg-robot-testing-framework/resources/product_keywords.resource' on line 2: Importing library 'playwright_keyword_library.PlaywrightKeywordLibrary' failed: ModuleNotFoundError: No module named 'playwright_keyword_library'
2026-08-07 03:28:53.603047 Traceback (most recent call last):
2026-08-07 03:28:53.653193   None
2026-08-07 03:28:53.703320 PYTHONPATH:
2026-08-07 03:28:53.753493   /opt/hostedtoolcache/Python/3.11.15/x64/bin
2026-08-07 03:28:53.803617   /opt/hostedtoolcache/Python/3.11.15/x64/lib/python311.zip
2026-08-07 03:28:53.853777   /opt/hostedtoolcache/Python/3.11.15/x64/lib/python3.11
2026-08-07 03:28:53.903918   /opt/hostedtoolcache/Python/3.11.15/x64/lib/python3.11/lib-dynload
2026-08-07 03:28:53.954088   /opt/hostedtoolcache/Python/3.11.15/x64/lib/python3.11/site-packages
2026-08-07 03:28:54.004210 [ ERROR ] Error in file '/home/runner/work/engg-robot-testing-framework/engg-robot-testing-framework/resources/cart_keywords.resource' on line 2: Importing library 'playwright_keyword_library.PlaywrightKeywordLibrary' failed: ModuleNotFoundError: No module named 'playwright_keyword_library'
2026-08-07 03:28:54.054381 Traceback (most recent call last):
2026-08-07 03:28:54.104524   None
2026-08-07 03:28:54.154698 PYTHONPATH:
2026-08-07 03:28:54.204843   /opt/hostedtoolcache/Python/3.11.15/x64/bin
2026-08-07 03:28:54.255000   /opt/hostedtoolcache/Python/3.11.15/x64/lib/python311.zip
2026-08-07 03:28:54.305134   /opt/hostedtoolcache/Python/3.11.15/x64/lib/python3.11
2026-08-07 03:28:54.355290   /opt/hostedtoolcache/Python/3.11.15/x64/lib/python3.11/lib-dynload
2026-08-07 03:28:54.405407   /opt/hostedtoolcache/Python/3.11.15/x64/lib/python3.11/site-packages
2026-08-07 03:28:54.455564 [ ERROR ] Error in file '/home/runner/work/engg-robot-testing-framework/engg-robot-testing-framework/resources/auth_keywords.resource' on line 2: Importing library 'playwright_keyword_library.PlaywrightKeywordLibrary' failed: ModuleNotFoundError: No module named 'playwright_keyword_library'
2026-08-07 03:28:54.505684 Traceback (most recent call last):
2026-08-07 03:28:54.555856   None
2026-08-07 03:28:54.605969 PYTHONPATH:
2026-08-07 03:28:54.656145   /opt/hostedtoolcache/Python/3.11.15/x64/bin
2026-08-07 03:28:54.706264   /opt/hostedtoolcache/Python/3.11.15/x64/lib/python311.zip
2026-08-07 03:28:54.756416   /opt/hostedtoolcache/Python/3.11.15/x64/lib/python3.11
2026-08-07 03:28:54.806518   /opt/hostedtoolcache/Python/3.11.15/x64/lib/python3.11/lib-dynload
2026-08-07 03:28:54.856667   /opt/hostedtoolcache/Python/3.11.15/x64/lib/python3.11/site-packages
2026-08-07 03:29:02.723259 TC20 Search Products And Verify Cart After Login                      | FAIL |
2026-08-07 03:29:02.760132 Setup failed:
2026-08-07 03:29:02.760144 No keyword with name 'Open Browser' found.
2026-08-07 03:29:02.760150 
2026-08-07 03:29:02.760156 Also teardown failed:
2026-08-07 03:29:02.760161 Several failures occurred:
2026-08-07 03:29:02.760167 
2026-08-07 03:29:02.760172 1) No keyword with name 'Register Keyword To Run On Failure' found.
2026-08-07 03:29:02.760178 
2026-08-07 03:29:02.760184 2) No keyword with name 'Close Browser' found. Did you mean:
2026-08-07 03:29:02.760189     common.Close Test Browser
2026-08-07 03:29:02.760194 ------------------------------------------------------------------------------
2026-08-07 03:29:02.760200 Suites.Cart.TC20 search and verify cart after login :: TC20 - Sear... | FAIL |
2026-08-07 03:29:02.760791 1 test, 0 passed, 1 failed
2026-08-07 03:29:02.760824 ==============================================================================
2026-08-07 03:29:02.760830 Suites.Cart                                                           | FAIL |
2026-08-07 03:29:02.761169 1 test, 0 passed, 1 failed
2026-08-07 03:29:02.761190 ==============================================================================
2026-08-07 03:29:02.761195 Suites                                                                | FAIL |
2026-08-07 03:29:02.761468 1 test, 0 passed, 1 failed
2026-08-07 03:29:02.761493 ==============================================================================
2026-08-07 03:29:02.761498 Output:  /home/runner/work/engg-robot-testing-framework/engg-robot-testing-framework/reports/pabot_results/8/output.xml
