2026-07-01 05:05:49.431001 ==============================================================================
2026-07-01 05:05:49.447068 Suites
2026-07-01 05:05:49.447085 ==============================================================================
2026-07-01 05:05:49.447098 Suites.Cart
2026-07-01 05:05:49.447862 ==============================================================================
2026-07-01 05:05:49.447879 Suites.Cart.TC17 remove products from cart :: TC17 - Remove Products From Cart
2026-07-01 05:05:49.447879 [ ERROR ] Error in file '/home/runner/work/engg-robot-testing-framework/engg-robot-testing-framework/resources/common.resource' on line 4: Importing library 'playwright_keyword_library.PlaywrightKeywordLibrary' failed: ModuleNotFoundError: No module named 'playwright_keyword_library'
2026-07-01 05:05:49.475267 ==============================================================================
2026-07-01 05:05:49.475267 Traceback (most recent call last):
2026-07-01 05:05:49.475290   None
2026-07-01 05:05:49.525394 PYTHONPATH:
2026-07-01 05:05:49.575531   /opt/hostedtoolcache/Python/3.11.15/x64/bin
2026-07-01 05:05:49.625672   /opt/hostedtoolcache/Python/3.11.15/x64/lib/python311.zip
2026-07-01 05:05:49.675849   /opt/hostedtoolcache/Python/3.11.15/x64/lib/python3.11
2026-07-01 05:05:49.725975   /opt/hostedtoolcache/Python/3.11.15/x64/lib/python3.11/lib-dynload
2026-07-01 05:05:49.776127   /opt/hostedtoolcache/Python/3.11.15/x64/lib/python3.11/site-packages
2026-07-01 05:05:49.826279 [ ERROR ] Error in file '/home/runner/work/engg-robot-testing-framework/engg-robot-testing-framework/resources/product_keywords.resource' on line 2: Importing library 'playwright_keyword_library.PlaywrightKeywordLibrary' failed: ModuleNotFoundError: No module named 'playwright_keyword_library'
2026-07-01 05:05:49.876431 Traceback (most recent call last):
2026-07-01 05:05:49.926588   None
2026-07-01 05:05:49.976727 PYTHONPATH:
2026-07-01 05:05:50.026892   /opt/hostedtoolcache/Python/3.11.15/x64/bin
2026-07-01 05:05:50.077038   /opt/hostedtoolcache/Python/3.11.15/x64/lib/python311.zip
2026-07-01 05:05:50.127181   /opt/hostedtoolcache/Python/3.11.15/x64/lib/python3.11
2026-07-01 05:05:50.177331   /opt/hostedtoolcache/Python/3.11.15/x64/lib/python3.11/lib-dynload
2026-07-01 05:05:50.227450   /opt/hostedtoolcache/Python/3.11.15/x64/lib/python3.11/site-packages
2026-07-01 05:05:50.277599 [ ERROR ] Error in file '/home/runner/work/engg-robot-testing-framework/engg-robot-testing-framework/resources/cart_keywords.resource' on line 2: Importing library 'playwright_keyword_library.PlaywrightKeywordLibrary' failed: ModuleNotFoundError: No module named 'playwright_keyword_library'
2026-07-01 05:05:50.327749 Traceback (most recent call last):
2026-07-01 05:05:50.377892   None
2026-07-01 05:05:50.428044 PYTHONPATH:
2026-07-01 05:05:50.478183   /opt/hostedtoolcache/Python/3.11.15/x64/bin
2026-07-01 05:05:50.528328   /opt/hostedtoolcache/Python/3.11.15/x64/lib/python311.zip
2026-07-01 05:05:50.578473   /opt/hostedtoolcache/Python/3.11.15/x64/lib/python3.11
2026-07-01 05:05:50.628616   /opt/hostedtoolcache/Python/3.11.15/x64/lib/python3.11/lib-dynload
2026-07-01 05:05:50.678780   /opt/hostedtoolcache/Python/3.11.15/x64/lib/python3.11/site-packages
2026-07-01 05:05:59.448682 TC17 Remove Products From Cart                                        | FAIL |
2026-07-01 05:05:59.486049 Setup failed:
2026-07-01 05:05:59.486066 No keyword with name 'Open Browser' found.
2026-07-01 05:05:59.486079 
2026-07-01 05:05:59.486090 Also teardown failed:
2026-07-01 05:05:59.486101 Several failures occurred:
2026-07-01 05:05:59.486113 
2026-07-01 05:05:59.486124 1) No keyword with name 'Register Keyword To Run On Failure' found.
2026-07-01 05:05:59.486136 
2026-07-01 05:05:59.486146 2) No keyword with name 'Close Browser' found. Did you mean:
2026-07-01 05:05:59.486157     common.Close Test Browser
2026-07-01 05:05:59.486166 ------------------------------------------------------------------------------
2026-07-01 05:05:59.486175 Suites.Cart.TC17 remove products from cart :: TC17 - Remove Produc... | FAIL |
2026-07-01 05:05:59.486697 1 test, 0 passed, 1 failed
2026-07-01 05:05:59.486756 ==============================================================================
2026-07-01 05:05:59.486768 Suites.Cart                                                           | FAIL |
2026-07-01 05:05:59.487088 1 test, 0 passed, 1 failed
2026-07-01 05:05:59.487145 ==============================================================================
2026-07-01 05:05:59.487158 Suites                                                                | FAIL |
2026-07-01 05:05:59.487422 1 test, 0 passed, 1 failed
2026-07-01 05:05:59.487441 ==============================================================================
2026-07-01 05:05:59.487489 Output:  /home/runner/work/engg-robot-testing-framework/engg-robot-testing-framework/reports/pabot_results/7/output.xml
