2026-08-11 02:35:08.956943 ==============================================================================
2026-08-11 02:35:08.976996 Suites
2026-08-11 02:35:08.977015 ==============================================================================
2026-08-11 02:35:08.977029 Suites.Auth
2026-08-11 02:35:08.977821 ==============================================================================
2026-08-11 02:35:08.977837 Suites.Auth.TC04 logout user
2026-08-11 02:35:08.977837 [ ERROR ] Error in file '/home/runner/work/engg-robot-testing-framework/engg-robot-testing-framework/tests/auth/TC04_logout_user.robot' on line 2: Importing library 'playwright_keyword_library.PlaywrightKeywordLibrary' failed: ModuleNotFoundError: No module named 'playwright_keyword_library'
2026-08-11 02:35:08.995021 ==============================================================================
2026-08-11 02:35:08.995021 Traceback (most recent call last):
2026-08-11 02:35:08.995044   None
2026-08-11 02:35:09.045143 PYTHONPATH:
2026-08-11 02:35:09.095271   /opt/hostedtoolcache/Python/3.11.15/x64/bin
2026-08-11 02:35:09.145441   /opt/hostedtoolcache/Python/3.11.15/x64/lib/python311.zip
2026-08-11 02:35:09.195591   /opt/hostedtoolcache/Python/3.11.15/x64/lib/python3.11
2026-08-11 02:35:09.245735   /opt/hostedtoolcache/Python/3.11.15/x64/lib/python3.11/lib-dynload
2026-08-11 02:35:09.295882   /opt/hostedtoolcache/Python/3.11.15/x64/lib/python3.11/site-packages
2026-08-11 02:35:09.346025 [ ERROR ] Error in file '/home/runner/work/engg-robot-testing-framework/engg-robot-testing-framework/resources/auth_keywords.resource' on line 2: Importing library 'playwright_keyword_library.PlaywrightKeywordLibrary' failed: ModuleNotFoundError: No module named 'playwright_keyword_library'
2026-08-11 02:35:09.396214 Traceback (most recent call last):
2026-08-11 02:35:09.446370   None
2026-08-11 02:35:09.496551 PYTHONPATH:
2026-08-11 02:35:09.546712   /opt/hostedtoolcache/Python/3.11.15/x64/bin
2026-08-11 02:35:09.596868   /opt/hostedtoolcache/Python/3.11.15/x64/lib/python311.zip
2026-08-11 02:35:09.647030   /opt/hostedtoolcache/Python/3.11.15/x64/lib/python3.11
2026-08-11 02:35:09.697183   /opt/hostedtoolcache/Python/3.11.15/x64/lib/python3.11/lib-dynload
2026-08-11 02:35:09.747340   /opt/hostedtoolcache/Python/3.11.15/x64/lib/python3.11/site-packages
2026-08-11 02:35:09.797488 [ ERROR ] Error in file '/home/runner/work/engg-robot-testing-framework/engg-robot-testing-framework/resources/common.resource' on line 4: Importing library 'playwright_keyword_library.PlaywrightKeywordLibrary' failed: ModuleNotFoundError: No module named 'playwright_keyword_library'
2026-08-11 02:35:09.847629 Traceback (most recent call last):
2026-08-11 02:35:09.897782   None
2026-08-11 02:35:09.947904 PYTHONPATH:
2026-08-11 02:35:09.998055   /opt/hostedtoolcache/Python/3.11.15/x64/bin
2026-08-11 02:35:10.048197   /opt/hostedtoolcache/Python/3.11.15/x64/lib/python311.zip
2026-08-11 02:35:10.098339   /opt/hostedtoolcache/Python/3.11.15/x64/lib/python3.11
2026-08-11 02:35:10.148481   /opt/hostedtoolcache/Python/3.11.15/x64/lib/python3.11/lib-dynload
2026-08-11 02:35:10.198630   /opt/hostedtoolcache/Python/3.11.15/x64/lib/python3.11/site-packages
2026-08-11 02:35:18.970109 TC04 Logout User                                                      | FAIL |
2026-08-11 02:35:19.004864 Setup failed:
2026-08-11 02:35:19.004872 No keyword with name 'Open Browser' found.
2026-08-11 02:35:19.004879 
2026-08-11 02:35:19.004885 Also teardown failed:
2026-08-11 02:35:19.004892 Several failures occurred:
2026-08-11 02:35:19.004898 
2026-08-11 02:35:19.004905 1) No keyword with name 'Register Keyword To Run On Failure' found.
2026-08-11 02:35:19.004912 
2026-08-11 02:35:19.004918 2) No keyword with name 'Close Browser' found. Did you mean:
2026-08-11 02:35:19.004924     common.Close Test Browser
2026-08-11 02:35:19.004930 ------------------------------------------------------------------------------
2026-08-11 02:35:19.004937 Suites.Auth.TC04 logout user                                          | FAIL |
2026-08-11 02:35:19.005553 1 test, 0 passed, 1 failed
2026-08-11 02:35:19.005604 ==============================================================================
2026-08-11 02:35:19.005610 Suites.Auth                                                           | FAIL |
2026-08-11 02:35:19.005981 1 test, 0 passed, 1 failed
2026-08-11 02:35:19.006007 ==============================================================================
2026-08-11 02:35:19.006014 Suites                                                                | FAIL |
2026-08-11 02:35:19.006329 1 test, 0 passed, 1 failed
2026-08-11 02:35:19.006371 ==============================================================================
2026-08-11 02:35:19.006378 Output:  /home/runner/work/engg-robot-testing-framework/engg-robot-testing-framework/reports/pabot_results/3/output.xml
