2026-09-27 05:35:50.139183 ==============================================================================
2026-09-27 05:35:50.151275 Suites
2026-09-27 05:35:50.151295 ==============================================================================
2026-09-27 05:35:50.151310 Suites.Cart
2026-09-27 05:35:50.152065 ==============================================================================
2026-09-27 05:35:50.152083 Suites.Cart.TC20 search and verify cart after login :: TC20 - Search Produc...
2026-09-27 05:35:50.152083 [ ERROR ] Error in file '/home/runner/work/engg-robot-testing-framework/engg-robot-testing-framework/tests/cart/TC20_search_and_verify_cart_after_login.robot' on line 3: Importing library 'playwright_keyword_library.PlaywrightKeywordLibrary' failed: ModuleNotFoundError: No module named 'playwright_keyword_library'
2026-09-27 05:35:50.187493 ==============================================================================
2026-09-27 05:35:50.187493 Traceback (most recent call last):
2026-09-27 05:35:50.187516   None
2026-09-27 05:35:50.237625 PYTHONPATH:
2026-09-27 05:35:50.287732   /opt/hostedtoolcache/Python/3.11.16/x64/bin
2026-09-27 05:35:50.337835   /opt/hostedtoolcache/Python/3.11.16/x64/lib/python311.zip
2026-09-27 05:35:50.387943   /opt/hostedtoolcache/Python/3.11.16/x64/lib/python3.11
2026-09-27 05:35:50.438048   /opt/hostedtoolcache/Python/3.11.16/x64/lib/python3.11/lib-dynload
2026-09-27 05:35:50.488158   /opt/hostedtoolcache/Python/3.11.16/x64/lib/python3.11/site-packages
2026-09-27 05:35:50.538290 [ ERROR ] Error in file '/home/runner/work/engg-robot-testing-framework/engg-robot-testing-framework/resources/common.resource' on line 4: Importing library 'playwright_keyword_library.PlaywrightKeywordLibrary' failed: ModuleNotFoundError: No module named 'playwright_keyword_library'
2026-09-27 05:35:50.588420 Traceback (most recent call last):
2026-09-27 05:35:50.638552   None
2026-09-27 05:35:50.688682 PYTHONPATH:
2026-09-27 05:35:50.738812   /opt/hostedtoolcache/Python/3.11.16/x64/bin
2026-09-27 05:35:50.788905   /opt/hostedtoolcache/Python/3.11.16/x64/lib/python311.zip
2026-09-27 05:35:50.839037   /opt/hostedtoolcache/Python/3.11.16/x64/lib/python3.11
2026-09-27 05:35:50.889132   /opt/hostedtoolcache/Python/3.11.16/x64/lib/python3.11/lib-dynload
2026-09-27 05:35:50.939278   /opt/hostedtoolcache/Python/3.11.16/x64/lib/python3.11/site-packages
2026-09-27 05:35:50.989412 [ ERROR ] Error in file '/home/runner/work/engg-robot-testing-framework/engg-robot-testing-framework/resources/product_keywords.resource' on line 2: Importing library 'playwright_keyword_library.PlaywrightKeywordLibrary' failed: ModuleNotFoundError: No module named 'playwright_keyword_library'
2026-09-27 05:35:51.039570 Traceback (most recent call last):
2026-09-27 05:35:51.089727   None
2026-09-27 05:35:51.139868 PYTHONPATH:
2026-09-27 05:35:51.190022   /opt/hostedtoolcache/Python/3.11.16/x64/bin
2026-09-27 05:35:51.240179   /opt/hostedtoolcache/Python/3.11.16/x64/lib/python311.zip
2026-09-27 05:35:51.290299   /opt/hostedtoolcache/Python/3.11.16/x64/lib/python3.11
2026-09-27 05:35:51.340460   /opt/hostedtoolcache/Python/3.11.16/x64/lib/python3.11/lib-dynload
2026-09-27 05:35:51.390593   /opt/hostedtoolcache/Python/3.11.16/x64/lib/python3.11/site-packages
2026-09-27 05:35:51.440723 [ ERROR ] Error in file '/home/runner/work/engg-robot-testing-framework/engg-robot-testing-framework/resources/cart_keywords.resource' on line 2: Importing library 'playwright_keyword_library.PlaywrightKeywordLibrary' failed: ModuleNotFoundError: No module named 'playwright_keyword_library'
2026-09-27 05:35:51.490829 Traceback (most recent call last):
2026-09-27 05:35:51.540986   None
2026-09-27 05:35:51.591139 PYTHONPATH:
2026-09-27 05:35:51.641296   /opt/hostedtoolcache/Python/3.11.16/x64/bin
2026-09-27 05:35:51.691425   /opt/hostedtoolcache/Python/3.11.16/x64/lib/python311.zip
2026-09-27 05:35:51.741571   /opt/hostedtoolcache/Python/3.11.16/x64/lib/python3.11
2026-09-27 05:35:51.791719   /opt/hostedtoolcache/Python/3.11.16/x64/lib/python3.11/lib-dynload
2026-09-27 05:35:51.841866   /opt/hostedtoolcache/Python/3.11.16/x64/lib/python3.11/site-packages
2026-09-27 05:35:51.891980 [ ERROR ] Error in file '/home/runner/work/engg-robot-testing-framework/engg-robot-testing-framework/resources/auth_keywords.resource' on line 2: Importing library 'playwright_keyword_library.PlaywrightKeywordLibrary' failed: ModuleNotFoundError: No module named 'playwright_keyword_library'
2026-09-27 05:35:51.942125 Traceback (most recent call last):
2026-09-27 05:35:51.992230   None
2026-09-27 05:35:52.042386 PYTHONPATH:
2026-09-27 05:35:52.092500   /opt/hostedtoolcache/Python/3.11.16/x64/bin
2026-09-27 05:35:52.142647   /opt/hostedtoolcache/Python/3.11.16/x64/lib/python311.zip
2026-09-27 05:35:52.192803   /opt/hostedtoolcache/Python/3.11.16/x64/lib/python3.11
2026-09-27 05:35:52.242960   /opt/hostedtoolcache/Python/3.11.16/x64/lib/python3.11/lib-dynload
2026-09-27 05:35:52.293081   /opt/hostedtoolcache/Python/3.11.16/x64/lib/python3.11/site-packages
2026-09-27 05:36:00.161980 TC20 Search Products And Verify Cart After Login                      | FAIL |
2026-09-27 05:36:00.198753 Setup failed:
2026-09-27 05:36:00.198772 No keyword with name 'Open Browser' found.
2026-09-27 05:36:00.198788 
2026-09-27 05:36:00.198801 Also teardown failed:
2026-09-27 05:36:00.198815 Several failures occurred:
2026-09-27 05:36:00.198828 
2026-09-27 05:36:00.198841 1) No keyword with name 'Register Keyword To Run On Failure' found.
2026-09-27 05:36:00.198853 
2026-09-27 05:36:00.198864 2) No keyword with name 'Close Browser' found. Did you mean:
2026-09-27 05:36:00.198876     common.Close Test Browser
2026-09-27 05:36:00.198887 ------------------------------------------------------------------------------
2026-09-27 05:36:00.198899 Suites.Cart.TC20 search and verify cart after login :: TC20 - Sear... | FAIL |
2026-09-27 05:36:00.199470 1 test, 0 passed, 1 failed
2026-09-27 05:36:00.199549 ==============================================================================
2026-09-27 05:36:00.199565 Suites.Cart                                                           | FAIL |
2026-09-27 05:36:00.199901 1 test, 0 passed, 1 failed
2026-09-27 05:36:00.199925 ==============================================================================
2026-09-27 05:36:00.199993 Suites                                                                | FAIL |
2026-09-27 05:36:00.200293 1 test, 0 passed, 1 failed
2026-09-27 05:36:00.200309 ==============================================================================
2026-09-27 05:36:00.200324 Output:  /home/runner/work/engg-robot-testing-framework/engg-robot-testing-framework/reports/pabot_results/8/output.xml
