2026-07-21 03:56:01.559756 ==============================================================================
2026-07-21 03:56:01.573249 Suites
2026-07-21 03:56:01.573270 ==============================================================================
2026-07-21 03:56:01.573285 Suites.Auth
2026-07-21 03:56:01.574108 ==============================================================================
2026-07-21 03:56:01.574125 Suites.Auth.TC03 login invalid
2026-07-21 03:56:01.574125 [ ERROR ] Error in file '/home/runner/work/engg-robot-testing-framework/engg-robot-testing-framework/tests/auth/TC03_login_invalid.robot' on line 2: Importing library 'playwright_keyword_library.PlaywrightKeywordLibrary' failed: ModuleNotFoundError: No module named 'playwright_keyword_library'
2026-07-21 03:56:01.593126 ==============================================================================
2026-07-21 03:56:01.593126 Traceback (most recent call last):
2026-07-21 03:56:01.593150   None
2026-07-21 03:56:01.643253 PYTHONPATH:
2026-07-21 03:56:01.693345   /opt/hostedtoolcache/Python/3.11.15/x64/bin
2026-07-21 03:56:01.743455   /opt/hostedtoolcache/Python/3.11.15/x64/lib/python311.zip
2026-07-21 03:56:01.793587   /opt/hostedtoolcache/Python/3.11.15/x64/lib/python3.11
2026-07-21 03:56:01.843690   /opt/hostedtoolcache/Python/3.11.15/x64/lib/python3.11/lib-dynload
2026-07-21 03:56:01.893814   /opt/hostedtoolcache/Python/3.11.15/x64/lib/python3.11/site-packages
2026-07-21 03:56:01.943967 [ ERROR ] Error in file '/home/runner/work/engg-robot-testing-framework/engg-robot-testing-framework/resources/auth_keywords.resource' on line 2: Importing library 'playwright_keyword_library.PlaywrightKeywordLibrary' failed: ModuleNotFoundError: No module named 'playwright_keyword_library'
2026-07-21 03:56:01.994114 Traceback (most recent call last):
2026-07-21 03:56:02.044271   None
2026-07-21 03:56:02.094417 PYTHONPATH:
2026-07-21 03:56:02.144643   /opt/hostedtoolcache/Python/3.11.15/x64/bin
2026-07-21 03:56:02.194856   /opt/hostedtoolcache/Python/3.11.15/x64/lib/python311.zip
2026-07-21 03:56:02.245004   /opt/hostedtoolcache/Python/3.11.15/x64/lib/python3.11
2026-07-21 03:56:02.295159   /opt/hostedtoolcache/Python/3.11.15/x64/lib/python3.11/lib-dynload
2026-07-21 03:56:02.345324   /opt/hostedtoolcache/Python/3.11.15/x64/lib/python3.11/site-packages
2026-07-21 03:56:02.395559 [ ERROR ] Error in file '/home/runner/work/engg-robot-testing-framework/engg-robot-testing-framework/resources/common.resource' on line 4: Importing library 'playwright_keyword_library.PlaywrightKeywordLibrary' failed: ModuleNotFoundError: No module named 'playwright_keyword_library'
2026-07-21 03:56:02.445684 Traceback (most recent call last):
2026-07-21 03:56:02.495870   None
2026-07-21 03:56:02.545987 PYTHONPATH:
2026-07-21 03:56:02.596111   /opt/hostedtoolcache/Python/3.11.15/x64/bin
2026-07-21 03:56:02.646275   /opt/hostedtoolcache/Python/3.11.15/x64/lib/python311.zip
2026-07-21 03:56:02.696506   /opt/hostedtoolcache/Python/3.11.15/x64/lib/python3.11
2026-07-21 03:56:02.746714   /opt/hostedtoolcache/Python/3.11.15/x64/lib/python3.11/lib-dynload
2026-07-21 03:56:02.796844   /opt/hostedtoolcache/Python/3.11.15/x64/lib/python3.11/site-packages
2026-07-21 03:56:11.572965 TC03 Login User With Incorrect Email And Password                     | FAIL |
2026-07-21 03:56:11.603171 Setup failed:
2026-07-21 03:56:11.603186 No keyword with name 'Open Browser' found.
2026-07-21 03:56:11.603198 
2026-07-21 03:56:11.603210 Also teardown failed:
2026-07-21 03:56:11.603222 Several failures occurred:
2026-07-21 03:56:11.603234 
2026-07-21 03:56:11.603246 1) No keyword with name 'Register Keyword To Run On Failure' found.
2026-07-21 03:56:11.603259 
2026-07-21 03:56:11.603271 2) No keyword with name 'Close Browser' found. Did you mean:
2026-07-21 03:56:11.603283     common.Close Test Browser
2026-07-21 03:56:11.603296 ------------------------------------------------------------------------------
2026-07-21 03:56:11.603309 Suites.Auth.TC03 login invalid                                        | FAIL |
2026-07-21 03:56:11.603931 1 test, 0 passed, 1 failed
2026-07-21 03:56:11.604103 ==============================================================================
2026-07-21 03:56:11.604259 Suites.Auth                                                           | FAIL |
2026-07-21 03:56:11.604570 1 test, 0 passed, 1 failed
2026-07-21 03:56:11.604592 ==============================================================================
2026-07-21 03:56:11.604611 Suites                                                                | FAIL |
2026-07-21 03:56:11.604893 1 test, 0 passed, 1 failed
2026-07-21 03:56:11.604949 ==============================================================================
2026-07-21 03:56:11.604964 Output:  /home/runner/work/engg-robot-testing-framework/engg-robot-testing-framework/reports/pabot_results/2/output.xml
