2026-08-30 05:40:09.400724 ==============================================================================
2026-08-30 05:40:09.419117 Suites
2026-08-30 05:40:09.419138 ==============================================================================
2026-08-30 05:40:09.419153 Suites.Auth
2026-08-30 05:40:09.420614 ==============================================================================
2026-08-30 05:40:09.420634 Suites.Auth.TC03 login invalid
2026-08-30 05:40:09.420634 [ ERROR ] Error in file '/home/runner/work/engg-robot-testing-framework/engg-robot-testing-framework/tests/auth/TC03_login_invalid.robot' on line 2: Importing library 'playwright_keyword_library.PlaywrightKeywordLibrary' failed: ModuleNotFoundError: No module named 'playwright_keyword_library'
2026-08-30 05:40:09.439259 ==============================================================================
2026-08-30 05:40:09.439259 Traceback (most recent call last):
2026-08-30 05:40:09.439284   None
2026-08-30 05:40:09.489416 PYTHONPATH:
2026-08-30 05:40:09.539588   /opt/hostedtoolcache/Python/3.11.16/x64/bin
2026-08-30 05:40:09.589791   /opt/hostedtoolcache/Python/3.11.16/x64/lib/python311.zip
2026-08-30 05:40:09.639968   /opt/hostedtoolcache/Python/3.11.16/x64/lib/python3.11
2026-08-30 05:40:09.690135   /opt/hostedtoolcache/Python/3.11.16/x64/lib/python3.11/lib-dynload
2026-08-30 05:40:09.740249   /opt/hostedtoolcache/Python/3.11.16/x64/lib/python3.11/site-packages
2026-08-30 05:40:09.790404 [ ERROR ] Error in file '/home/runner/work/engg-robot-testing-framework/engg-robot-testing-framework/resources/auth_keywords.resource' on line 2: Importing library 'playwright_keyword_library.PlaywrightKeywordLibrary' failed: ModuleNotFoundError: No module named 'playwright_keyword_library'
2026-08-30 05:40:09.840557 Traceback (most recent call last):
2026-08-30 05:40:09.890727   None
2026-08-30 05:40:09.940933 PYTHONPATH:
2026-08-30 05:40:09.991140   /opt/hostedtoolcache/Python/3.11.16/x64/bin
2026-08-30 05:40:10.041306   /opt/hostedtoolcache/Python/3.11.16/x64/lib/python311.zip
2026-08-30 05:40:10.091441   /opt/hostedtoolcache/Python/3.11.16/x64/lib/python3.11
2026-08-30 05:40:10.141588   /opt/hostedtoolcache/Python/3.11.16/x64/lib/python3.11/lib-dynload
2026-08-30 05:40:10.191824   /opt/hostedtoolcache/Python/3.11.16/x64/lib/python3.11/site-packages
2026-08-30 05:40:10.241996 [ ERROR ] Error in file '/home/runner/work/engg-robot-testing-framework/engg-robot-testing-framework/resources/common.resource' on line 4: Importing library 'playwright_keyword_library.PlaywrightKeywordLibrary' failed: ModuleNotFoundError: No module named 'playwright_keyword_library'
2026-08-30 05:40:10.292233 Traceback (most recent call last):
2026-08-30 05:40:10.342430   None
2026-08-30 05:40:10.392582 PYTHONPATH:
2026-08-30 05:40:10.442743   /opt/hostedtoolcache/Python/3.11.16/x64/bin
2026-08-30 05:40:10.492935   /opt/hostedtoolcache/Python/3.11.16/x64/lib/python311.zip
2026-08-30 05:40:10.543158   /opt/hostedtoolcache/Python/3.11.16/x64/lib/python3.11
2026-08-30 05:40:10.593458   /opt/hostedtoolcache/Python/3.11.16/x64/lib/python3.11/lib-dynload
2026-08-30 05:40:10.643629   /opt/hostedtoolcache/Python/3.11.16/x64/lib/python3.11/site-packages
2026-08-30 05:40:19.420049 TC03 Login User With Incorrect Email And Password                     | FAIL |
2026-08-30 05:40:19.450184 Setup failed:
2026-08-30 05:40:19.450197 No keyword with name 'Open Browser' found.
2026-08-30 05:40:19.450204 
2026-08-30 05:40:19.450211 Also teardown failed:
2026-08-30 05:40:19.450219 Several failures occurred:
2026-08-30 05:40:19.450225 
2026-08-30 05:40:19.450233 1) No keyword with name 'Register Keyword To Run On Failure' found.
2026-08-30 05:40:19.450240 
2026-08-30 05:40:19.450247 2) No keyword with name 'Close Browser' found. Did you mean:
2026-08-30 05:40:19.450253     common.Close Test Browser
2026-08-30 05:40:19.450260 ------------------------------------------------------------------------------
2026-08-30 05:40:19.450267 Suites.Auth.TC03 login invalid                                        | FAIL |
2026-08-30 05:40:19.451068 1 test, 0 passed, 1 failed
2026-08-30 05:40:19.451141 ==============================================================================
2026-08-30 05:40:19.451151 Suites.Auth                                                           | FAIL |
2026-08-30 05:40:19.451714 1 test, 0 passed, 1 failed
2026-08-30 05:40:19.451723 ==============================================================================
2026-08-30 05:40:19.451729 Suites                                                                | FAIL |
2026-08-30 05:40:19.452138 1 test, 0 passed, 1 failed
2026-08-30 05:40:19.452181 ==============================================================================
2026-08-30 05:40:19.452189 Output:  /home/runner/work/engg-robot-testing-framework/engg-robot-testing-framework/reports/pabot_results/2/output.xml
