2026-07-27 04:12:54.745749 ==============================================================================
2026-07-27 04:12:54.758730 Suites
2026-07-27 04:12:54.758791 ==============================================================================
2026-07-27 04:12:54.758809 Suites.Auth
2026-07-27 04:12:54.759534 ==============================================================================
2026-07-27 04:12:54.759555 Suites.Auth.TC03 login invalid
2026-07-27 04:12:54.759555 [ ERROR ] Error in file '/home/runner/work/engg-robot-testing-framework/engg-robot-testing-framework/tests/auth/TC03_login_invalid.robot' on line 2: Importing library 'playwright_keyword_library.PlaywrightKeywordLibrary' failed: ModuleNotFoundError: No module named 'playwright_keyword_library'
2026-07-27 04:12:54.776364 ==============================================================================
2026-07-27 04:12:54.776364 Traceback (most recent call last):
2026-07-27 04:12:54.778051   None
2026-07-27 04:12:54.828143 PYTHONPATH:
2026-07-27 04:12:54.878271   /opt/hostedtoolcache/Python/3.11.15/x64/bin
2026-07-27 04:12:54.928404   /opt/hostedtoolcache/Python/3.11.15/x64/lib/python311.zip
2026-07-27 04:12:54.978536   /opt/hostedtoolcache/Python/3.11.15/x64/lib/python3.11
2026-07-27 04:12:55.028626   /opt/hostedtoolcache/Python/3.11.15/x64/lib/python3.11/lib-dynload
2026-07-27 04:12:55.078757   /opt/hostedtoolcache/Python/3.11.15/x64/lib/python3.11/site-packages
2026-07-27 04:12:55.128892 [ ERROR ] Error in file '/home/runner/work/engg-robot-testing-framework/engg-robot-testing-framework/resources/auth_keywords.resource' on line 2: Importing library 'playwright_keyword_library.PlaywrightKeywordLibrary' failed: ModuleNotFoundError: No module named 'playwright_keyword_library'
2026-07-27 04:12:55.179029 Traceback (most recent call last):
2026-07-27 04:12:55.229163   None
2026-07-27 04:12:55.279295 PYTHONPATH:
2026-07-27 04:12:55.329407   /opt/hostedtoolcache/Python/3.11.15/x64/bin
2026-07-27 04:12:55.379515   /opt/hostedtoolcache/Python/3.11.15/x64/lib/python311.zip
2026-07-27 04:12:55.429626   /opt/hostedtoolcache/Python/3.11.15/x64/lib/python3.11
2026-07-27 04:12:55.479758   /opt/hostedtoolcache/Python/3.11.15/x64/lib/python3.11/lib-dynload
2026-07-27 04:12:55.529889   /opt/hostedtoolcache/Python/3.11.15/x64/lib/python3.11/site-packages
2026-07-27 04:12:55.580012 [ ERROR ] Error in file '/home/runner/work/engg-robot-testing-framework/engg-robot-testing-framework/resources/common.resource' on line 4: Importing library 'playwright_keyword_library.PlaywrightKeywordLibrary' failed: ModuleNotFoundError: No module named 'playwright_keyword_library'
2026-07-27 04:12:55.630143 Traceback (most recent call last):
2026-07-27 04:12:55.680276   None
2026-07-27 04:12:55.730405 PYTHONPATH:
2026-07-27 04:12:55.780535   /opt/hostedtoolcache/Python/3.11.15/x64/bin
2026-07-27 04:12:55.830666   /opt/hostedtoolcache/Python/3.11.15/x64/lib/python311.zip
2026-07-27 04:12:55.880794   /opt/hostedtoolcache/Python/3.11.15/x64/lib/python3.11
2026-07-27 04:12:55.930926   /opt/hostedtoolcache/Python/3.11.15/x64/lib/python3.11/lib-dynload
2026-07-27 04:12:55.981072   /opt/hostedtoolcache/Python/3.11.15/x64/lib/python3.11/site-packages
2026-07-27 04:13:04.754771 TC03 Login User With Incorrect Email And Password                     | FAIL |
2026-07-27 04:13:04.785739 Setup failed:
2026-07-27 04:13:04.785761 No keyword with name 'Open Browser' found.
2026-07-27 04:13:04.785777 
2026-07-27 04:13:04.785835 Also teardown failed:
2026-07-27 04:13:04.785855 Several failures occurred:
2026-07-27 04:13:04.785872 
2026-07-27 04:13:04.785885 1) No keyword with name 'Register Keyword To Run On Failure' found.
2026-07-27 04:13:04.785898 
2026-07-27 04:13:04.785913 2) No keyword with name 'Close Browser' found. Did you mean:
2026-07-27 04:13:04.785926     common.Close Test Browser
2026-07-27 04:13:04.785962 ------------------------------------------------------------------------------
2026-07-27 04:13:04.785975 Suites.Auth.TC03 login invalid                                        | FAIL |
2026-07-27 04:13:04.786379 1 test, 0 passed, 1 failed
2026-07-27 04:13:04.786438 ==============================================================================
2026-07-27 04:13:04.786451 Suites.Auth                                                           | FAIL |
2026-07-27 04:13:04.787059 1 test, 0 passed, 1 failed
2026-07-27 04:13:04.787079 ==============================================================================
2026-07-27 04:13:04.787092 Suites                                                                | FAIL |
2026-07-27 04:13:04.787194 1 test, 0 passed, 1 failed
2026-07-27 04:13:04.787205 ==============================================================================
2026-07-27 04:13:04.787216 Output:  /home/runner/work/engg-robot-testing-framework/engg-robot-testing-framework/reports/pabot_results/2/output.xml
