2026-05-30 04:36:28.798568 ==============================================================================
2026-05-30 04:36:28.812332 Suites
2026-05-30 04:36:28.812345 ==============================================================================
2026-05-30 04:36:28.812353 Suites.Cart
2026-05-30 04:36:28.813189 ==============================================================================
2026-05-30 04:36:28.913422 Suites.Cart.TC20 search and verify cart after login :: TC20 - Search Produc...
2026-05-30 04:36:28.949506 ==============================================================================
2026-05-30 04:38:10.410203 [ WARN ] Native click failed on Delete Account; trying JS click fallback.
2026-05-30 04:38:11.063223 TC20 Search Products And Verify Cart After Login                      | FAIL |
2026-05-30 04:38:11.066637 Text 'Account Deleted' did not appear in 1 minute.
2026-05-30 04:38:11.066651 ------------------------------------------------------------------------------
2026-05-30 04:38:11.066661 Suites.Cart.TC20 search and verify cart after login :: TC20 - Sear... | FAIL |
2026-05-30 04:38:11.067472 1 test, 0 passed, 1 failed
2026-05-30 04:38:11.067485 ==============================================================================
2026-05-30 04:38:11.067494 Suites.Cart                                                           | FAIL |
2026-05-30 04:38:11.067849 1 test, 0 passed, 1 failed
2026-05-30 04:38:11.067860 ==============================================================================
2026-05-30 04:38:11.067870 Suites                                                                | FAIL |
2026-05-30 04:38:11.068213 1 test, 0 passed, 1 failed
2026-05-30 04:38:11.068226 ==============================================================================
2026-05-30 04:38:11.068235 Output:  /home/runner/work/engg-robot-testing-framework/engg-robot-testing-framework/reports/pabot_results/8/output.xml
