2026-06-15 05:36:37.654439 ==============================================================================
2026-06-15 05:36:37.670265 Suites
2026-06-15 05:36:37.670285 ==============================================================================
2026-06-15 05:36:37.670300 Suites.Auth
2026-06-15 05:36:37.671099 ==============================================================================
2026-06-15 05:36:37.821448 Suites.Auth.TC02 login valid
2026-06-15 05:36:37.844473 ==============================================================================
2026-06-15 05:36:50.627458 TC02 Login User With Correct Email And Password                       | FAIL |
2026-06-15 05:36:50.651428 Setup failed:
2026-06-15 05:36:50.651442 Title should have been 'Automation Exercise' but was 'One moment, please...'.
2026-06-15 05:36:50.651451 ------------------------------------------------------------------------------
2026-06-15 05:36:50.651457 Suites.Auth.TC02 login valid                                          | FAIL |
2026-06-15 05:36:50.652191 1 test, 0 passed, 1 failed
2026-06-15 05:36:50.652202 ==============================================================================
2026-06-15 05:36:50.652209 Suites.Auth                                                           | FAIL |
2026-06-15 05:36:50.652527 1 test, 0 passed, 1 failed
2026-06-15 05:36:50.652573 ==============================================================================
2026-06-15 05:36:50.652581 Suites                                                                | FAIL |
2026-06-15 05:36:50.652820 1 test, 0 passed, 1 failed
2026-06-15 05:36:50.652866 ==============================================================================
2026-06-15 05:36:50.652874 Output:  /home/runner/work/engg-robot-testing-framework/engg-robot-testing-framework/reports/pabot_results/1/output.xml
