2026-10-04 06:11:08.246209 ==============================================================================
2026-10-04 06:11:08.260949 Suites
2026-10-04 06:11:08.260972 ==============================================================================
2026-10-04 06:11:08.260988 Suites.Auth
2026-10-04 06:11:08.261801 ==============================================================================
2026-10-04 06:11:08.261821 Suites.Auth.TC01 register user
2026-10-04 06:11:08.261821 [ ERROR ] Error in file '/home/runner/work/engg-robot-testing-framework/engg-robot-testing-framework/tests/auth/TC01_register_user.robot' on line 2: Importing library 'playwright_keyword_library.PlaywrightKeywordLibrary' failed: ModuleNotFoundError: No module named 'playwright_keyword_library'
2026-10-04 06:11:08.280939 ==============================================================================
2026-10-04 06:11:08.280939 Traceback (most recent call last):
2026-10-04 06:11:08.280965   None
2026-10-04 06:11:08.331075 PYTHONPATH:
2026-10-04 06:11:08.381185   /opt/hostedtoolcache/Python/3.11.16/x64/bin
2026-10-04 06:11:08.431299   /opt/hostedtoolcache/Python/3.11.16/x64/lib/python311.zip
2026-10-04 06:11:08.481404   /opt/hostedtoolcache/Python/3.11.16/x64/lib/python3.11
2026-10-04 06:11:08.531529   /opt/hostedtoolcache/Python/3.11.16/x64/lib/python3.11/lib-dynload
2026-10-04 06:11:08.581701   /opt/hostedtoolcache/Python/3.11.16/x64/lib/python3.11/site-packages
2026-10-04 06:11:08.631856 [ ERROR ] Error in file '/home/runner/work/engg-robot-testing-framework/engg-robot-testing-framework/resources/auth_keywords.resource' on line 2: Importing library 'playwright_keyword_library.PlaywrightKeywordLibrary' failed: ModuleNotFoundError: No module named 'playwright_keyword_library'
2026-10-04 06:11:08.682006 Traceback (most recent call last):
2026-10-04 06:11:08.732144   None
2026-10-04 06:11:08.782297 PYTHONPATH:
2026-10-04 06:11:08.832454   /opt/hostedtoolcache/Python/3.11.16/x64/bin
2026-10-04 06:11:08.882607   /opt/hostedtoolcache/Python/3.11.16/x64/lib/python311.zip
2026-10-04 06:11:08.932757   /opt/hostedtoolcache/Python/3.11.16/x64/lib/python3.11
2026-10-04 06:11:08.982911   /opt/hostedtoolcache/Python/3.11.16/x64/lib/python3.11/lib-dynload
2026-10-04 06:11:09.033059   /opt/hostedtoolcache/Python/3.11.16/x64/lib/python3.11/site-packages
2026-10-04 06:11:09.083213 [ ERROR ] Error in file '/home/runner/work/engg-robot-testing-framework/engg-robot-testing-framework/resources/common.resource' on line 4: Importing library 'playwright_keyword_library.PlaywrightKeywordLibrary' failed: ModuleNotFoundError: No module named 'playwright_keyword_library'
2026-10-04 06:11:09.133385 Traceback (most recent call last):
2026-10-04 06:11:09.183540   None
2026-10-04 06:11:09.233673 PYTHONPATH:
2026-10-04 06:11:09.283821   /opt/hostedtoolcache/Python/3.11.16/x64/bin
2026-10-04 06:11:09.333969   /opt/hostedtoolcache/Python/3.11.16/x64/lib/python311.zip
2026-10-04 06:11:09.384122   /opt/hostedtoolcache/Python/3.11.16/x64/lib/python3.11
2026-10-04 06:11:09.434274   /opt/hostedtoolcache/Python/3.11.16/x64/lib/python3.11/lib-dynload
2026-10-04 06:11:09.484424   /opt/hostedtoolcache/Python/3.11.16/x64/lib/python3.11/site-packages
2026-10-04 06:11:18.255514 TC01 Register User                                                    | FAIL |
2026-10-04 06:11:18.290924 Setup failed:
2026-10-04 06:11:18.290943 No keyword with name 'Open Browser' found.
2026-10-04 06:11:18.290957 
2026-10-04 06:11:18.290970 Also teardown failed:
2026-10-04 06:11:18.290984 Several failures occurred:
2026-10-04 06:11:18.290998 
2026-10-04 06:11:18.291011 1) No keyword with name 'Register Keyword To Run On Failure' found.
2026-10-04 06:11:18.291025 
2026-10-04 06:11:18.291037 2) No keyword with name 'Close Browser' found. Did you mean:
2026-10-04 06:11:18.291050     common.Close Test Browser
2026-10-04 06:11:18.291062 ------------------------------------------------------------------------------
2026-10-04 06:11:18.291072 Suites.Auth.TC01 register user                                        | FAIL |
2026-10-04 06:11:18.291662 1 test, 0 passed, 1 failed
2026-10-04 06:11:18.291681 ==============================================================================
2026-10-04 06:11:18.291694 Suites.Auth                                                           | FAIL |
2026-10-04 06:11:18.292590 1 test, 0 passed, 1 failed
2026-10-04 06:11:18.292606 ==============================================================================
2026-10-04 06:11:18.292619 Suites                                                                | FAIL |
2026-10-04 06:11:18.292631 1 test, 0 passed, 1 failed
2026-10-04 06:11:18.292643 ==============================================================================
2026-10-04 06:11:18.292655 Output:  /home/runner/work/engg-robot-testing-framework/engg-robot-testing-framework/reports/pabot_results/0/output.xml
