2026-09-25 05:13:15.273938 ==============================================================================
2026-09-25 05:13:15.278511 Suites
2026-09-25 05:13:15.278525 ==============================================================================
2026-09-25 05:13:15.278538 Suites.Auth
2026-09-25 05:13:15.279377 ==============================================================================
2026-09-25 05:13:15.279390 Suites.Auth.TC01 register user
2026-09-25 05:13:15.279390 [ ERROR ] Error in file '/home/runner/work/engg-robot-testing-framework/engg-robot-testing-framework/tests/auth/TC01_register_user.robot' on line 2: Importing library 'playwright_keyword_library.PlaywrightKeywordLibrary' failed: ModuleNotFoundError: No module named 'playwright_keyword_library'
2026-09-25 05:13:15.295419 ==============================================================================
2026-09-25 05:13:15.295419 Traceback (most recent call last):
2026-09-25 05:13:15.295438   None
2026-09-25 05:13:15.345530 PYTHONPATH:
2026-09-25 05:13:15.395637   /opt/hostedtoolcache/Python/3.11.16/x64/bin
2026-09-25 05:13:15.445725   /opt/hostedtoolcache/Python/3.11.16/x64/lib/python311.zip
2026-09-25 05:13:15.495818   /opt/hostedtoolcache/Python/3.11.16/x64/lib/python3.11
2026-09-25 05:13:15.545906   /opt/hostedtoolcache/Python/3.11.16/x64/lib/python3.11/lib-dynload
2026-09-25 05:13:15.595994   /opt/hostedtoolcache/Python/3.11.16/x64/lib/python3.11/site-packages
2026-09-25 05:13:15.646082 [ ERROR ] Error in file '/home/runner/work/engg-robot-testing-framework/engg-robot-testing-framework/resources/auth_keywords.resource' on line 2: Importing library 'playwright_keyword_library.PlaywrightKeywordLibrary' failed: ModuleNotFoundError: No module named 'playwright_keyword_library'
2026-09-25 05:13:15.696166 Traceback (most recent call last):
2026-09-25 05:13:15.746245   None
2026-09-25 05:13:15.796335 PYTHONPATH:
2026-09-25 05:13:15.846418   /opt/hostedtoolcache/Python/3.11.16/x64/bin
2026-09-25 05:13:15.896509   /opt/hostedtoolcache/Python/3.11.16/x64/lib/python311.zip
2026-09-25 05:13:15.946591   /opt/hostedtoolcache/Python/3.11.16/x64/lib/python3.11
2026-09-25 05:13:15.996757   /opt/hostedtoolcache/Python/3.11.16/x64/lib/python3.11/lib-dynload
2026-09-25 05:13:16.046892   /opt/hostedtoolcache/Python/3.11.16/x64/lib/python3.11/site-packages
2026-09-25 05:13:16.097158 [ ERROR ] Error in file '/home/runner/work/engg-robot-testing-framework/engg-robot-testing-framework/resources/common.resource' on line 4: Importing library 'playwright_keyword_library.PlaywrightKeywordLibrary' failed: ModuleNotFoundError: No module named 'playwright_keyword_library'
2026-09-25 05:13:16.147350 Traceback (most recent call last):
2026-09-25 05:13:16.197690   None
2026-09-25 05:13:16.247891 PYTHONPATH:
2026-09-25 05:13:16.298169   /opt/hostedtoolcache/Python/3.11.16/x64/bin
2026-09-25 05:13:16.348357   /opt/hostedtoolcache/Python/3.11.16/x64/lib/python311.zip
2026-09-25 05:13:16.398632   /opt/hostedtoolcache/Python/3.11.16/x64/lib/python3.11
2026-09-25 05:13:16.448843   /opt/hostedtoolcache/Python/3.11.16/x64/lib/python3.11/lib-dynload
2026-09-25 05:13:16.499066   /opt/hostedtoolcache/Python/3.11.16/x64/lib/python3.11/site-packages
2026-09-25 05:13:25.275148 TC01 Register User                                                    | FAIL |
2026-09-25 05:13:25.304847 Setup failed:
2026-09-25 05:13:25.304853 No keyword with name 'Open Browser' found.
2026-09-25 05:13:25.304858 
2026-09-25 05:13:25.304863 Also teardown failed:
2026-09-25 05:13:25.304868 Several failures occurred:
2026-09-25 05:13:25.304872 
2026-09-25 05:13:25.304877 1) No keyword with name 'Register Keyword To Run On Failure' found.
2026-09-25 05:13:25.304882 
2026-09-25 05:13:25.304886 2) No keyword with name 'Close Browser' found. Did you mean:
2026-09-25 05:13:25.304891     common.Close Test Browser
2026-09-25 05:13:25.304895 ------------------------------------------------------------------------------
2026-09-25 05:13:25.304900 Suites.Auth.TC01 register user                                        | FAIL |
2026-09-25 05:13:25.305552 1 test, 0 passed, 1 failed
2026-09-25 05:13:25.305601 ==============================================================================
2026-09-25 05:13:25.305606 Suites.Auth                                                           | FAIL |
2026-09-25 05:13:25.306075 1 test, 0 passed, 1 failed
2026-09-25 05:13:25.306136 ==============================================================================
2026-09-25 05:13:25.306141 Suites                                                                | FAIL |
2026-09-25 05:13:25.306519 1 test, 0 passed, 1 failed
2026-09-25 05:13:25.306580 ==============================================================================
2026-09-25 05:13:25.306585 Output:  /home/runner/work/engg-robot-testing-framework/engg-robot-testing-framework/reports/pabot_results/0/output.xml
