2026-07-26 04:05:50.252792 ==============================================================================
2026-07-26 04:05:50.278431 Suites
2026-07-26 04:05:50.278447 ==============================================================================
2026-07-26 04:05:50.278457 Suites.Auth
2026-07-26 04:05:50.279012 ==============================================================================
2026-07-26 04:05:50.279025 Suites.Auth.TC03 login invalid
2026-07-26 04:05:50.279025 [ ERROR ] Error in file '/home/runner/work/engg-robot-testing-framework/engg-robot-testing-framework/tests/auth/TC03_login_invalid.robot' on line 2: Importing library 'playwright_keyword_library.PlaywrightKeywordLibrary' failed: ModuleNotFoundError: No module named 'playwright_keyword_library'
2026-07-26 04:05:50.291920 ==============================================================================
2026-07-26 04:05:50.291920 Traceback (most recent call last):
2026-07-26 04:05:50.291939   None
2026-07-26 04:05:50.342048 PYTHONPATH:
2026-07-26 04:05:50.392205   /opt/hostedtoolcache/Python/3.11.15/x64/bin
2026-07-26 04:05:50.442313   /opt/hostedtoolcache/Python/3.11.15/x64/lib/python311.zip
2026-07-26 04:05:50.492471   /opt/hostedtoolcache/Python/3.11.15/x64/lib/python3.11
2026-07-26 04:05:50.542589   /opt/hostedtoolcache/Python/3.11.15/x64/lib/python3.11/lib-dynload
2026-07-26 04:05:50.592746   /opt/hostedtoolcache/Python/3.11.15/x64/lib/python3.11/site-packages
2026-07-26 04:05:50.642816 [ ERROR ] Error in file '/home/runner/work/engg-robot-testing-framework/engg-robot-testing-framework/resources/auth_keywords.resource' on line 2: Importing library 'playwright_keyword_library.PlaywrightKeywordLibrary' failed: ModuleNotFoundError: No module named 'playwright_keyword_library'
2026-07-26 04:05:50.692976 Traceback (most recent call last):
2026-07-26 04:05:50.743082   None
2026-07-26 04:05:50.793245 PYTHONPATH:
2026-07-26 04:05:50.843359   /opt/hostedtoolcache/Python/3.11.15/x64/bin
2026-07-26 04:05:50.893508   /opt/hostedtoolcache/Python/3.11.15/x64/lib/python311.zip
2026-07-26 04:05:50.943620   /opt/hostedtoolcache/Python/3.11.15/x64/lib/python3.11
2026-07-26 04:05:50.993788   /opt/hostedtoolcache/Python/3.11.15/x64/lib/python3.11/lib-dynload
2026-07-26 04:05:51.043897   /opt/hostedtoolcache/Python/3.11.15/x64/lib/python3.11/site-packages
2026-07-26 04:05:51.094032 [ ERROR ] Error in file '/home/runner/work/engg-robot-testing-framework/engg-robot-testing-framework/resources/common.resource' on line 4: Importing library 'playwright_keyword_library.PlaywrightKeywordLibrary' failed: ModuleNotFoundError: No module named 'playwright_keyword_library'
2026-07-26 04:05:51.144400 Traceback (most recent call last):
2026-07-26 04:05:51.194564   None
2026-07-26 04:05:51.244747 PYTHONPATH:
2026-07-26 04:05:51.294937   /opt/hostedtoolcache/Python/3.11.15/x64/bin
2026-07-26 04:05:51.345077   /opt/hostedtoolcache/Python/3.11.15/x64/lib/python311.zip
2026-07-26 04:05:51.395244   /opt/hostedtoolcache/Python/3.11.15/x64/lib/python3.11
2026-07-26 04:05:51.445416   /opt/hostedtoolcache/Python/3.11.15/x64/lib/python3.11/lib-dynload
2026-07-26 04:05:51.495574   /opt/hostedtoolcache/Python/3.11.15/x64/lib/python3.11/site-packages
2026-07-26 04:06:00.267297 TC03 Login User With Incorrect Email And Password                     | FAIL |
2026-07-26 04:06:00.299261 Setup failed:
2026-07-26 04:06:00.299273 No keyword with name 'Open Browser' found.
2026-07-26 04:06:00.299281 
2026-07-26 04:06:00.299288 Also teardown failed:
2026-07-26 04:06:00.299295 Several failures occurred:
2026-07-26 04:06:00.299301 
2026-07-26 04:06:00.299308 1) No keyword with name 'Register Keyword To Run On Failure' found.
2026-07-26 04:06:00.299315 
2026-07-26 04:06:00.299321 2) No keyword with name 'Close Browser' found. Did you mean:
2026-07-26 04:06:00.299327     common.Close Test Browser
2026-07-26 04:06:00.299334 ------------------------------------------------------------------------------
2026-07-26 04:06:00.299340 Suites.Auth.TC03 login invalid                                        | FAIL |
2026-07-26 04:06:00.299736 1 test, 0 passed, 1 failed
2026-07-26 04:06:00.299748 ==============================================================================
2026-07-26 04:06:00.299770 Suites.Auth                                                           | FAIL |
2026-07-26 04:06:00.300004 1 test, 0 passed, 1 failed
2026-07-26 04:06:00.300029 ==============================================================================
2026-07-26 04:06:00.300036 Suites                                                                | FAIL |
2026-07-26 04:06:00.300247 1 test, 0 passed, 1 failed
2026-07-26 04:06:00.300271 ==============================================================================
2026-07-26 04:06:00.300278 Output:  /home/runner/work/engg-robot-testing-framework/engg-robot-testing-framework/reports/pabot_results/2/output.xml
