2026-10-03 05:36:07.191202 ==============================================================================
2026-10-03 05:36:07.217821 Suites
2026-10-03 05:36:07.217844 ==============================================================================
2026-10-03 05:36:07.217862 Suites.Cart
2026-10-03 05:36:07.218687 ==============================================================================
2026-10-03 05:36:07.218709 Suites.Cart.TC20 search and verify cart after login :: TC20 - Search Produc...
2026-10-03 05:36:07.218709 [ ERROR ] Error in file '/home/runner/work/engg-robot-testing-framework/engg-robot-testing-framework/tests/cart/TC20_search_and_verify_cart_after_login.robot' on line 3: Importing library 'playwright_keyword_library.PlaywrightKeywordLibrary' failed: ModuleNotFoundError: No module named 'playwright_keyword_library'
2026-10-03 05:36:07.256312 ==============================================================================
2026-10-03 05:36:07.256312 Traceback (most recent call last):
2026-10-03 05:36:07.256336   None
2026-10-03 05:36:07.306473 PYTHONPATH:
2026-10-03 05:36:07.356588   /opt/hostedtoolcache/Python/3.11.16/x64/bin
2026-10-03 05:36:07.406715   /opt/hostedtoolcache/Python/3.11.16/x64/lib/python311.zip
2026-10-03 05:36:07.456859   /opt/hostedtoolcache/Python/3.11.16/x64/lib/python3.11
2026-10-03 05:36:07.506976   /opt/hostedtoolcache/Python/3.11.16/x64/lib/python3.11/lib-dynload
2026-10-03 05:36:07.557089   /opt/hostedtoolcache/Python/3.11.16/x64/lib/python3.11/site-packages
2026-10-03 05:36:07.607243 [ ERROR ] Error in file '/home/runner/work/engg-robot-testing-framework/engg-robot-testing-framework/resources/common.resource' on line 4: Importing library 'playwright_keyword_library.PlaywrightKeywordLibrary' failed: ModuleNotFoundError: No module named 'playwright_keyword_library'
2026-10-03 05:36:07.657383 Traceback (most recent call last):
2026-10-03 05:36:07.707537   None
2026-10-03 05:36:07.757675 PYTHONPATH:
2026-10-03 05:36:07.807835   /opt/hostedtoolcache/Python/3.11.16/x64/bin
2026-10-03 05:36:07.858001   /opt/hostedtoolcache/Python/3.11.16/x64/lib/python311.zip
2026-10-03 05:36:07.908188   /opt/hostedtoolcache/Python/3.11.16/x64/lib/python3.11
2026-10-03 05:36:07.958366   /opt/hostedtoolcache/Python/3.11.16/x64/lib/python3.11/lib-dynload
2026-10-03 05:36:08.008534   /opt/hostedtoolcache/Python/3.11.16/x64/lib/python3.11/site-packages
2026-10-03 05:36:08.058709 [ ERROR ] Error in file '/home/runner/work/engg-robot-testing-framework/engg-robot-testing-framework/resources/product_keywords.resource' on line 2: Importing library 'playwright_keyword_library.PlaywrightKeywordLibrary' failed: ModuleNotFoundError: No module named 'playwright_keyword_library'
2026-10-03 05:36:08.108892 Traceback (most recent call last):
2026-10-03 05:36:08.159060   None
2026-10-03 05:36:08.209246 PYTHONPATH:
2026-10-03 05:36:08.259428   /opt/hostedtoolcache/Python/3.11.16/x64/bin
2026-10-03 05:36:08.309614   /opt/hostedtoolcache/Python/3.11.16/x64/lib/python311.zip
2026-10-03 05:36:08.359790   /opt/hostedtoolcache/Python/3.11.16/x64/lib/python3.11
2026-10-03 05:36:08.409957   /opt/hostedtoolcache/Python/3.11.16/x64/lib/python3.11/lib-dynload
2026-10-03 05:36:08.460131   /opt/hostedtoolcache/Python/3.11.16/x64/lib/python3.11/site-packages
2026-10-03 05:36:08.510309 [ ERROR ] Error in file '/home/runner/work/engg-robot-testing-framework/engg-robot-testing-framework/resources/cart_keywords.resource' on line 2: Importing library 'playwright_keyword_library.PlaywrightKeywordLibrary' failed: ModuleNotFoundError: No module named 'playwright_keyword_library'
2026-10-03 05:36:08.560478 Traceback (most recent call last):
2026-10-03 05:36:08.610644   None
2026-10-03 05:36:08.660826 PYTHONPATH:
2026-10-03 05:36:08.711006   /opt/hostedtoolcache/Python/3.11.16/x64/bin
2026-10-03 05:36:08.761168   /opt/hostedtoolcache/Python/3.11.16/x64/lib/python311.zip
2026-10-03 05:36:08.811352   /opt/hostedtoolcache/Python/3.11.16/x64/lib/python3.11
2026-10-03 05:36:08.861529   /opt/hostedtoolcache/Python/3.11.16/x64/lib/python3.11/lib-dynload
2026-10-03 05:36:08.911734   /opt/hostedtoolcache/Python/3.11.16/x64/lib/python3.11/site-packages
2026-10-03 05:36:08.961958 [ ERROR ] Error in file '/home/runner/work/engg-robot-testing-framework/engg-robot-testing-framework/resources/auth_keywords.resource' on line 2: Importing library 'playwright_keyword_library.PlaywrightKeywordLibrary' failed: ModuleNotFoundError: No module named 'playwright_keyword_library'
2026-10-03 05:36:09.012153 Traceback (most recent call last):
2026-10-03 05:36:09.062357   None
2026-10-03 05:36:09.112561 PYTHONPATH:
2026-10-03 05:36:09.162749   /opt/hostedtoolcache/Python/3.11.16/x64/bin
2026-10-03 05:36:09.212932   /opt/hostedtoolcache/Python/3.11.16/x64/lib/python311.zip
2026-10-03 05:36:09.263110   /opt/hostedtoolcache/Python/3.11.16/x64/lib/python3.11
2026-10-03 05:36:09.313302   /opt/hostedtoolcache/Python/3.11.16/x64/lib/python3.11/lib-dynload
2026-10-03 05:36:09.363478   /opt/hostedtoolcache/Python/3.11.16/x64/lib/python3.11/site-packages
2026-10-03 05:36:17.235046 TC20 Search Products And Verify Cart After Login                      | FAIL |
2026-10-03 05:36:17.268164 Setup failed:
2026-10-03 05:36:17.268184 No keyword with name 'Open Browser' found.
2026-10-03 05:36:17.268198 
2026-10-03 05:36:17.268213 Also teardown failed:
2026-10-03 05:36:17.268227 Several failures occurred:
2026-10-03 05:36:17.268240 
2026-10-03 05:36:17.268254 1) No keyword with name 'Register Keyword To Run On Failure' found.
2026-10-03 05:36:17.268268 
2026-10-03 05:36:17.268279 2) No keyword with name 'Close Browser' found. Did you mean:
2026-10-03 05:36:17.268291     common.Close Test Browser
2026-10-03 05:36:17.268303 ------------------------------------------------------------------------------
2026-10-03 05:36:17.268314 Suites.Cart.TC20 search and verify cart after login :: TC20 - Sear... | FAIL |
2026-10-03 05:36:17.268927 1 test, 0 passed, 1 failed
2026-10-03 05:36:17.269006 ==============================================================================
2026-10-03 05:36:17.269020 Suites.Cart                                                           | FAIL |
2026-10-03 05:36:17.269349 1 test, 0 passed, 1 failed
2026-10-03 05:36:17.269392 ==============================================================================
2026-10-03 05:36:17.269404 Suites                                                                | FAIL |
2026-10-03 05:36:17.269730 1 test, 0 passed, 1 failed
2026-10-03 05:36:17.269786 ==============================================================================
2026-10-03 05:36:17.269797 Output:  /home/runner/work/engg-robot-testing-framework/engg-robot-testing-framework/reports/pabot_results/8/output.xml
