2026-07-02 04:40:01.674042 ==============================================================================
2026-07-02 04:40:01.700768 Suites
2026-07-02 04:40:01.700789 ==============================================================================
2026-07-02 04:40:01.700805 Suites.Cart
2026-07-02 04:40:01.701713 ==============================================================================
2026-07-02 04:40:01.701731 Suites.Cart.TC12 add products to cart :: TC12 - Add Products In Cart
2026-07-02 04:40:01.701731 [ ERROR ] Error in file '/home/runner/work/engg-robot-testing-framework/engg-robot-testing-framework/resources/common.resource' on line 4: Importing library 'playwright_keyword_library.PlaywrightKeywordLibrary' failed: ModuleNotFoundError: No module named 'playwright_keyword_library'
2026-07-02 04:40:01.732991 ==============================================================================
2026-07-02 04:40:01.732991 Traceback (most recent call last):
2026-07-02 04:40:01.733011   None
2026-07-02 04:40:01.783141 PYTHONPATH:
2026-07-02 04:40:01.833298   /opt/hostedtoolcache/Python/3.11.15/x64/bin
2026-07-02 04:40:01.883423   /opt/hostedtoolcache/Python/3.11.15/x64/lib/python311.zip
2026-07-02 04:40:01.933542   /opt/hostedtoolcache/Python/3.11.15/x64/lib/python3.11
2026-07-02 04:40:01.983672   /opt/hostedtoolcache/Python/3.11.15/x64/lib/python3.11/lib-dynload
2026-07-02 04:40:02.033844   /opt/hostedtoolcache/Python/3.11.15/x64/lib/python3.11/site-packages
2026-07-02 04:40:02.084035 [ ERROR ] Error in file '/home/runner/work/engg-robot-testing-framework/engg-robot-testing-framework/resources/product_keywords.resource' on line 2: Importing library 'playwright_keyword_library.PlaywrightKeywordLibrary' failed: ModuleNotFoundError: No module named 'playwright_keyword_library'
2026-07-02 04:40:02.134209 Traceback (most recent call last):
2026-07-02 04:40:02.184392   None
2026-07-02 04:40:02.234557 PYTHONPATH:
2026-07-02 04:40:02.284737   /opt/hostedtoolcache/Python/3.11.15/x64/bin
2026-07-02 04:40:02.334904   /opt/hostedtoolcache/Python/3.11.15/x64/lib/python311.zip
2026-07-02 04:40:02.385101   /opt/hostedtoolcache/Python/3.11.15/x64/lib/python3.11
2026-07-02 04:40:02.435290   /opt/hostedtoolcache/Python/3.11.15/x64/lib/python3.11/lib-dynload
2026-07-02 04:40:02.485484   /opt/hostedtoolcache/Python/3.11.15/x64/lib/python3.11/site-packages
2026-07-02 04:40:02.535684 [ ERROR ] Error in file '/home/runner/work/engg-robot-testing-framework/engg-robot-testing-framework/resources/cart_keywords.resource' on line 2: Importing library 'playwright_keyword_library.PlaywrightKeywordLibrary' failed: ModuleNotFoundError: No module named 'playwright_keyword_library'
2026-07-02 04:40:02.585909 Traceback (most recent call last):
2026-07-02 04:40:02.636099   None
2026-07-02 04:40:02.686266 PYTHONPATH:
2026-07-02 04:40:02.736439   /opt/hostedtoolcache/Python/3.11.15/x64/bin
2026-07-02 04:40:02.786613   /opt/hostedtoolcache/Python/3.11.15/x64/lib/python311.zip
2026-07-02 04:40:02.836762   /opt/hostedtoolcache/Python/3.11.15/x64/lib/python3.11
2026-07-02 04:40:02.886922   /opt/hostedtoolcache/Python/3.11.15/x64/lib/python3.11/lib-dynload
2026-07-02 04:40:02.937096   /opt/hostedtoolcache/Python/3.11.15/x64/lib/python3.11/site-packages
2026-07-02 04:40:11.710171 TC12 Add Products In Cart                                             | FAIL |
2026-07-02 04:40:11.744693 Setup failed:
2026-07-02 04:40:11.744714 No keyword with name 'Open Browser' found.
2026-07-02 04:40:11.744730 
2026-07-02 04:40:11.744743 Also teardown failed:
2026-07-02 04:40:11.744756 Several failures occurred:
2026-07-02 04:40:11.744768 
2026-07-02 04:40:11.744780 1) No keyword with name 'Register Keyword To Run On Failure' found.
2026-07-02 04:40:11.744792 
2026-07-02 04:40:11.744803 2) No keyword with name 'Close Browser' found. Did you mean:
2026-07-02 04:40:11.744815     common.Close Test Browser
2026-07-02 04:40:11.744826 ------------------------------------------------------------------------------
2026-07-02 04:40:11.744838 Suites.Cart.TC12 add products to cart :: TC12 - Add Products In Cart  | FAIL |
2026-07-02 04:40:11.745384 1 test, 0 passed, 1 failed
2026-07-02 04:40:11.745403 ==============================================================================
2026-07-02 04:40:11.745417 Suites.Cart                                                           | FAIL |
2026-07-02 04:40:11.745814 1 test, 0 passed, 1 failed
2026-07-02 04:40:11.745831 ==============================================================================
2026-07-02 04:40:11.745844 Suites                                                                | FAIL |
2026-07-02 04:40:11.746170 1 test, 0 passed, 1 failed
2026-07-02 04:40:11.746197 ==============================================================================
2026-07-02 04:40:11.746276 Output:  /home/runner/work/engg-robot-testing-framework/engg-robot-testing-framework/reports/pabot_results/5/output.xml
