2026-07-15 03:44:51.100850 ==============================================================================
2026-07-15 03:44:51.128801 Suites
2026-07-15 03:44:51.128820 ==============================================================================
2026-07-15 03:44:51.128830 Suites.Auth
2026-07-15 03:44:51.129466 ==============================================================================
2026-07-15 03:44:51.129477 Suites.Auth.TC03 login invalid
2026-07-15 03:44:51.129477 [ ERROR ] Error in file '/home/runner/work/engg-robot-testing-framework/engg-robot-testing-framework/tests/auth/TC03_login_invalid.robot' on line 2: Importing library 'playwright_keyword_library.PlaywrightKeywordLibrary' failed: ModuleNotFoundError: No module named 'playwright_keyword_library'
2026-07-15 03:44:51.142519 ==============================================================================
2026-07-15 03:44:51.142519 Traceback (most recent call last):
2026-07-15 03:44:51.142539   None
2026-07-15 03:44:51.192655 PYTHONPATH:
2026-07-15 03:44:51.242851   /opt/hostedtoolcache/Python/3.11.15/x64/bin
2026-07-15 03:44:51.292971   /opt/hostedtoolcache/Python/3.11.15/x64/lib/python311.zip
2026-07-15 03:44:51.343128   /opt/hostedtoolcache/Python/3.11.15/x64/lib/python3.11
2026-07-15 03:44:51.393247   /opt/hostedtoolcache/Python/3.11.15/x64/lib/python3.11/lib-dynload
2026-07-15 03:44:51.443413   /opt/hostedtoolcache/Python/3.11.15/x64/lib/python3.11/site-packages
2026-07-15 03:44:51.493538 [ ERROR ] Error in file '/home/runner/work/engg-robot-testing-framework/engg-robot-testing-framework/resources/auth_keywords.resource' on line 2: Importing library 'playwright_keyword_library.PlaywrightKeywordLibrary' failed: ModuleNotFoundError: No module named 'playwright_keyword_library'
2026-07-15 03:44:51.543750 Traceback (most recent call last):
2026-07-15 03:44:51.593854   None
2026-07-15 03:44:51.644063 PYTHONPATH:
2026-07-15 03:44:51.694190   /opt/hostedtoolcache/Python/3.11.15/x64/bin
2026-07-15 03:44:51.744367   /opt/hostedtoolcache/Python/3.11.15/x64/lib/python311.zip
2026-07-15 03:44:51.794507   /opt/hostedtoolcache/Python/3.11.15/x64/lib/python3.11
2026-07-15 03:44:51.844724   /opt/hostedtoolcache/Python/3.11.15/x64/lib/python3.11/lib-dynload
2026-07-15 03:44:51.894868   /opt/hostedtoolcache/Python/3.11.15/x64/lib/python3.11/site-packages
2026-07-15 03:44:51.945037 [ ERROR ] Error in file '/home/runner/work/engg-robot-testing-framework/engg-robot-testing-framework/resources/common.resource' on line 4: Importing library 'playwright_keyword_library.PlaywrightKeywordLibrary' failed: ModuleNotFoundError: No module named 'playwright_keyword_library'
2026-07-15 03:44:51.995182 Traceback (most recent call last):
2026-07-15 03:44:52.045404   None
2026-07-15 03:44:52.095534 PYTHONPATH:
2026-07-15 03:44:52.145698   /opt/hostedtoolcache/Python/3.11.15/x64/bin
2026-07-15 03:44:52.195873   /opt/hostedtoolcache/Python/3.11.15/x64/lib/python311.zip
2026-07-15 03:44:52.246054   /opt/hostedtoolcache/Python/3.11.15/x64/lib/python3.11
2026-07-15 03:44:52.296190   /opt/hostedtoolcache/Python/3.11.15/x64/lib/python3.11/lib-dynload
2026-07-15 03:44:52.346410   /opt/hostedtoolcache/Python/3.11.15/x64/lib/python3.11/site-packages
2026-07-15 03:45:01.119109 TC03 Login User With Incorrect Email And Password                     | FAIL |
2026-07-15 03:45:01.149798 Setup failed:
2026-07-15 03:45:01.149817 No keyword with name 'Open Browser' found.
2026-07-15 03:45:01.149828 
2026-07-15 03:45:01.149836 Also teardown failed:
2026-07-15 03:45:01.149844 Several failures occurred:
2026-07-15 03:45:01.149851 
2026-07-15 03:45:01.149863 1) No keyword with name 'Register Keyword To Run On Failure' found.
2026-07-15 03:45:01.149872 
2026-07-15 03:45:01.149880 2) No keyword with name 'Close Browser' found. Did you mean:
2026-07-15 03:45:01.149888     common.Close Test Browser
2026-07-15 03:45:01.149895 ------------------------------------------------------------------------------
2026-07-15 03:45:01.149903 Suites.Auth.TC03 login invalid                                        | FAIL |
2026-07-15 03:45:01.150284 1 test, 0 passed, 1 failed
2026-07-15 03:45:01.150328 ==============================================================================
2026-07-15 03:45:01.150337 Suites.Auth                                                           | FAIL |
2026-07-15 03:45:01.150676 1 test, 0 passed, 1 failed
2026-07-15 03:45:01.150693 ==============================================================================
2026-07-15 03:45:01.150704 Suites                                                                | FAIL |
2026-07-15 03:45:01.150923 1 test, 0 passed, 1 failed
2026-07-15 03:45:01.150972 ==============================================================================
2026-07-15 03:45:01.150981 Output:  /home/runner/work/engg-robot-testing-framework/engg-robot-testing-framework/reports/pabot_results/2/output.xml
