2026-08-17 02:03:40.313477 ==============================================================================
2026-08-17 02:03:40.339908 Suites
2026-08-17 02:03:40.339927 ==============================================================================
2026-08-17 02:03:40.339943 Suites.Auth
2026-08-17 02:03:40.340622 ==============================================================================
2026-08-17 02:03:40.340638 Suites.Auth.TC01 register user
2026-08-17 02:03:40.340638 [ ERROR ] Error in file '/home/runner/work/engg-robot-testing-framework/engg-robot-testing-framework/tests/auth/TC01_register_user.robot' on line 2: Importing library 'playwright_keyword_library.PlaywrightKeywordLibrary' failed: ModuleNotFoundError: No module named 'playwright_keyword_library'
2026-08-17 02:03:40.357199 ==============================================================================
2026-08-17 02:03:40.357199 Traceback (most recent call last):
2026-08-17 02:03:40.357215   None
2026-08-17 02:03:40.407365 PYTHONPATH:
2026-08-17 02:03:40.457486   /opt/hostedtoolcache/Python/3.11.15/x64/bin
2026-08-17 02:03:40.507630   /opt/hostedtoolcache/Python/3.11.15/x64/lib/python311.zip
2026-08-17 02:03:40.557783   /opt/hostedtoolcache/Python/3.11.15/x64/lib/python3.11
2026-08-17 02:03:40.607927   /opt/hostedtoolcache/Python/3.11.15/x64/lib/python3.11/lib-dynload
2026-08-17 02:03:40.658073   /opt/hostedtoolcache/Python/3.11.15/x64/lib/python3.11/site-packages
2026-08-17 02:03:40.708215 [ ERROR ] Error in file '/home/runner/work/engg-robot-testing-framework/engg-robot-testing-framework/resources/auth_keywords.resource' on line 2: Importing library 'playwright_keyword_library.PlaywrightKeywordLibrary' failed: ModuleNotFoundError: No module named 'playwright_keyword_library'
2026-08-17 02:03:40.758361 Traceback (most recent call last):
2026-08-17 02:03:40.808504   None
2026-08-17 02:03:40.858665 PYTHONPATH:
2026-08-17 02:03:40.908824   /opt/hostedtoolcache/Python/3.11.15/x64/bin
2026-08-17 02:03:40.958973   /opt/hostedtoolcache/Python/3.11.15/x64/lib/python311.zip
2026-08-17 02:03:41.009123   /opt/hostedtoolcache/Python/3.11.15/x64/lib/python3.11
2026-08-17 02:03:41.059277   /opt/hostedtoolcache/Python/3.11.15/x64/lib/python3.11/lib-dynload
2026-08-17 02:03:41.109424   /opt/hostedtoolcache/Python/3.11.15/x64/lib/python3.11/site-packages
2026-08-17 02:03:41.159573 [ ERROR ] Error in file '/home/runner/work/engg-robot-testing-framework/engg-robot-testing-framework/resources/common.resource' on line 4: Importing library 'playwright_keyword_library.PlaywrightKeywordLibrary' failed: ModuleNotFoundError: No module named 'playwright_keyword_library'
2026-08-17 02:03:41.209720 Traceback (most recent call last):
2026-08-17 02:03:41.259869   None
2026-08-17 02:03:41.310016 PYTHONPATH:
2026-08-17 02:03:41.360159   /opt/hostedtoolcache/Python/3.11.15/x64/bin
2026-08-17 02:03:41.410329   /opt/hostedtoolcache/Python/3.11.15/x64/lib/python311.zip
2026-08-17 02:03:41.460472   /opt/hostedtoolcache/Python/3.11.15/x64/lib/python3.11
2026-08-17 02:03:41.510620   /opt/hostedtoolcache/Python/3.11.15/x64/lib/python3.11/lib-dynload
2026-08-17 02:03:41.560767   /opt/hostedtoolcache/Python/3.11.15/x64/lib/python3.11/site-packages
2026-08-17 02:03:50.332060 TC01 Register User                                                    | FAIL |
2026-08-17 02:03:50.366744 Setup failed:
2026-08-17 02:03:50.366765 No keyword with name 'Open Browser' found.
2026-08-17 02:03:50.366779 
2026-08-17 02:03:50.366794 Also teardown failed:
2026-08-17 02:03:50.366806 Several failures occurred:
2026-08-17 02:03:50.366819 
2026-08-17 02:03:50.366853 1) No keyword with name 'Register Keyword To Run On Failure' found.
2026-08-17 02:03:50.366864 
2026-08-17 02:03:50.366873 2) No keyword with name 'Close Browser' found. Did you mean:
2026-08-17 02:03:50.366884     common.Close Test Browser
2026-08-17 02:03:50.366893 ------------------------------------------------------------------------------
2026-08-17 02:03:50.366902 Suites.Auth.TC01 register user                                        | FAIL |
2026-08-17 02:03:50.367360 1 test, 0 passed, 1 failed
2026-08-17 02:03:50.367391 ==============================================================================
2026-08-17 02:03:50.367401 Suites.Auth                                                           | FAIL |
2026-08-17 02:03:50.367726 1 test, 0 passed, 1 failed
2026-08-17 02:03:50.367770 ==============================================================================
2026-08-17 02:03:50.367779 Suites                                                                | FAIL |
2026-08-17 02:03:50.368040 1 test, 0 passed, 1 failed
2026-08-17 02:03:50.368093 ==============================================================================
2026-08-17 02:03:50.368104 Output:  /home/runner/work/engg-robot-testing-framework/engg-robot-testing-framework/reports/pabot_results/0/output.xml
