2026-05-18 04:51:46.224927 ==============================================================================
2026-05-18 04:51:46.255805 Suites
2026-05-18 04:51:46.255819 ==============================================================================
2026-05-18 04:51:46.255828 Suites.Auth
2026-05-18 04:51:46.256792 ==============================================================================
2026-05-18 04:51:46.356998 Suites.Auth.TC05 register existing email
2026-05-18 04:51:46.399008 ==============================================================================
2026-05-18 04:53:14.806456 [ WARN ] Native click failed on Delete Account; trying JS click fallback.
2026-05-18 04:53:15.358089 TC05 Register User With Existing Email                                | FAIL |
2026-05-18 04:53:15.372863 Text 'Account Deleted' did not appear in 1 minute.
2026-05-18 04:53:15.372878 ------------------------------------------------------------------------------
2026-05-18 04:53:15.372888 Suites.Auth.TC05 register existing email                              | FAIL |
2026-05-18 04:53:15.373522 1 test, 0 passed, 1 failed
2026-05-18 04:53:15.373566 ==============================================================================
2026-05-18 04:53:15.373578 Suites.Auth                                                           | FAIL |
2026-05-18 04:53:15.373989 1 test, 0 passed, 1 failed
2026-05-18 04:53:15.374035 ==============================================================================
2026-05-18 04:53:15.374044 Suites                                                                | FAIL |
2026-05-18 04:53:15.374356 1 test, 0 passed, 1 failed
2026-05-18 04:53:15.374413 ==============================================================================
2026-05-18 04:53:15.374422 Output:  /home/runner/work/engg-robot-testing-framework/engg-robot-testing-framework/reports/pabot_results/4/output.xml
