2026-07-16 03:47:17.070543 ==============================================================================
2026-07-16 03:47:17.082930 Suites
2026-07-16 03:47:17.082951 ==============================================================================
2026-07-16 03:47:17.082966 Suites.Auth
2026-07-16 03:47:17.083792 ==============================================================================
2026-07-16 03:47:17.083809 Suites.Auth.TC03 login invalid
2026-07-16 03:47:17.083809 [ ERROR ] Error in file '/home/runner/work/engg-robot-testing-framework/engg-robot-testing-framework/tests/auth/TC03_login_invalid.robot' on line 2: Importing library 'playwright_keyword_library.PlaywrightKeywordLibrary' failed: ModuleNotFoundError: No module named 'playwright_keyword_library'
2026-07-16 03:47:17.103415 ==============================================================================
2026-07-16 03:47:17.103415 Traceback (most recent call last):
2026-07-16 03:47:17.103441   None
2026-07-16 03:47:17.153559 PYTHONPATH:
2026-07-16 03:47:17.203674   /opt/hostedtoolcache/Python/3.11.15/x64/bin
2026-07-16 03:47:17.253787   /opt/hostedtoolcache/Python/3.11.15/x64/lib/python311.zip
2026-07-16 03:47:17.303891   /opt/hostedtoolcache/Python/3.11.15/x64/lib/python3.11
2026-07-16 03:47:17.354012   /opt/hostedtoolcache/Python/3.11.15/x64/lib/python3.11/lib-dynload
2026-07-16 03:47:17.404129   /opt/hostedtoolcache/Python/3.11.15/x64/lib/python3.11/site-packages
2026-07-16 03:47:17.454287 [ ERROR ] Error in file '/home/runner/work/engg-robot-testing-framework/engg-robot-testing-framework/resources/auth_keywords.resource' on line 2: Importing library 'playwright_keyword_library.PlaywrightKeywordLibrary' failed: ModuleNotFoundError: No module named 'playwright_keyword_library'
2026-07-16 03:47:17.504395 Traceback (most recent call last):
2026-07-16 03:47:17.554557   None
2026-07-16 03:47:17.604678 PYTHONPATH:
2026-07-16 03:47:17.654839   /opt/hostedtoolcache/Python/3.11.15/x64/bin
2026-07-16 03:47:17.704945   /opt/hostedtoolcache/Python/3.11.15/x64/lib/python311.zip
2026-07-16 03:47:17.755106   /opt/hostedtoolcache/Python/3.11.15/x64/lib/python3.11
2026-07-16 03:47:17.805229   /opt/hostedtoolcache/Python/3.11.15/x64/lib/python3.11/lib-dynload
2026-07-16 03:47:17.855389   /opt/hostedtoolcache/Python/3.11.15/x64/lib/python3.11/site-packages
2026-07-16 03:47:17.905495 [ ERROR ] Error in file '/home/runner/work/engg-robot-testing-framework/engg-robot-testing-framework/resources/common.resource' on line 4: Importing library 'playwright_keyword_library.PlaywrightKeywordLibrary' failed: ModuleNotFoundError: No module named 'playwright_keyword_library'
2026-07-16 03:47:17.955650 Traceback (most recent call last):
2026-07-16 03:47:18.005773   None
2026-07-16 03:47:18.055929 PYTHONPATH:
2026-07-16 03:47:18.106047   /opt/hostedtoolcache/Python/3.11.15/x64/bin
2026-07-16 03:47:18.156193   /opt/hostedtoolcache/Python/3.11.15/x64/lib/python311.zip
2026-07-16 03:47:18.206303   /opt/hostedtoolcache/Python/3.11.15/x64/lib/python3.11
2026-07-16 03:47:18.256444   /opt/hostedtoolcache/Python/3.11.15/x64/lib/python3.11/lib-dynload
2026-07-16 03:47:18.306552   /opt/hostedtoolcache/Python/3.11.15/x64/lib/python3.11/site-packages
2026-07-16 03:47:27.078445 TC03 Login User With Incorrect Email And Password                     | FAIL |
2026-07-16 03:47:27.113361 Setup failed:
2026-07-16 03:47:27.113376 No keyword with name 'Open Browser' found.
2026-07-16 03:47:27.113386 
2026-07-16 03:47:27.113394 Also teardown failed:
2026-07-16 03:47:27.113403 Several failures occurred:
2026-07-16 03:47:27.113411 
2026-07-16 03:47:27.113425 1) No keyword with name 'Register Keyword To Run On Failure' found.
2026-07-16 03:47:27.113435 
2026-07-16 03:47:27.113443 2) No keyword with name 'Close Browser' found. Did you mean:
2026-07-16 03:47:27.113451     common.Close Test Browser
2026-07-16 03:47:27.113459 ------------------------------------------------------------------------------
2026-07-16 03:47:27.113466 Suites.Auth.TC03 login invalid                                        | FAIL |
2026-07-16 03:47:27.114221 1 test, 0 passed, 1 failed
2026-07-16 03:47:27.114308 ==============================================================================
2026-07-16 03:47:27.114319 Suites.Auth                                                           | FAIL |
2026-07-16 03:47:27.114781 1 test, 0 passed, 1 failed
2026-07-16 03:47:27.114794 ==============================================================================
2026-07-16 03:47:27.114802 Suites                                                                | FAIL |
2026-07-16 03:47:27.115306 1 test, 0 passed, 1 failed
2026-07-16 03:47:27.115348 ==============================================================================
2026-07-16 03:47:27.115356 Output:  /home/runner/work/engg-robot-testing-framework/engg-robot-testing-framework/reports/pabot_results/2/output.xml
