2026-06-27 04:35:01.480261 ==============================================================================
2026-06-27 04:35:01.507613 Suites
2026-06-27 04:35:01.507634 ==============================================================================
2026-06-27 04:35:01.507648 Suites.Cart
2026-06-27 04:35:01.508601 ==============================================================================
2026-06-27 04:35:01.508620 Suites.Cart.TC17 remove products from cart :: TC17 - Remove Products From Cart
2026-06-27 04:35:01.508620 [ ERROR ] Error in file '/home/runner/work/engg-robot-testing-framework/engg-robot-testing-framework/resources/common.resource' on line 4: Importing library 'playwright_keyword_library.PlaywrightKeywordLibrary' failed: ModuleNotFoundError: No module named 'playwright_keyword_library'
2026-06-27 04:35:01.540187 ==============================================================================
2026-06-27 04:35:01.540187 Traceback (most recent call last):
2026-06-27 04:35:01.540242   None
2026-06-27 04:35:01.590417 PYTHONPATH:
2026-06-27 04:35:01.640553   /opt/hostedtoolcache/Python/3.11.15/x64/bin
2026-06-27 04:35:01.690701   /opt/hostedtoolcache/Python/3.11.15/x64/lib/python311.zip
2026-06-27 04:35:01.740829   /opt/hostedtoolcache/Python/3.11.15/x64/lib/python3.11
2026-06-27 04:35:01.790956   /opt/hostedtoolcache/Python/3.11.15/x64/lib/python3.11/lib-dynload
2026-06-27 04:35:01.841136   /opt/hostedtoolcache/Python/3.11.15/x64/lib/python3.11/site-packages
2026-06-27 04:35:01.891346 [ ERROR ] Error in file '/home/runner/work/engg-robot-testing-framework/engg-robot-testing-framework/resources/product_keywords.resource' on line 2: Importing library 'playwright_keyword_library.PlaywrightKeywordLibrary' failed: ModuleNotFoundError: No module named 'playwright_keyword_library'
2026-06-27 04:35:01.941533 Traceback (most recent call last):
2026-06-27 04:35:01.991708   None
2026-06-27 04:35:02.041850 PYTHONPATH:
2026-06-27 04:35:02.092041   /opt/hostedtoolcache/Python/3.11.15/x64/bin
2026-06-27 04:35:02.142214   /opt/hostedtoolcache/Python/3.11.15/x64/lib/python311.zip
2026-06-27 04:35:02.192395   /opt/hostedtoolcache/Python/3.11.15/x64/lib/python3.11
2026-06-27 04:35:02.242533   /opt/hostedtoolcache/Python/3.11.15/x64/lib/python3.11/lib-dynload
2026-06-27 04:35:02.292692   /opt/hostedtoolcache/Python/3.11.15/x64/lib/python3.11/site-packages
2026-06-27 04:35:02.342825 [ ERROR ] Error in file '/home/runner/work/engg-robot-testing-framework/engg-robot-testing-framework/resources/cart_keywords.resource' on line 2: Importing library 'playwright_keyword_library.PlaywrightKeywordLibrary' failed: ModuleNotFoundError: No module named 'playwright_keyword_library'
2026-06-27 04:35:02.393016 Traceback (most recent call last):
2026-06-27 04:35:02.443180   None
2026-06-27 04:35:02.493379 PYTHONPATH:
2026-06-27 04:35:02.543525   /opt/hostedtoolcache/Python/3.11.15/x64/bin
2026-06-27 04:35:02.593724   /opt/hostedtoolcache/Python/3.11.15/x64/lib/python311.zip
2026-06-27 04:35:02.643846   /opt/hostedtoolcache/Python/3.11.15/x64/lib/python3.11
2026-06-27 04:35:02.694004   /opt/hostedtoolcache/Python/3.11.15/x64/lib/python3.11/lib-dynload
2026-06-27 04:35:02.744159   /opt/hostedtoolcache/Python/3.11.15/x64/lib/python3.11/site-packages
2026-06-27 04:35:11.518211 TC17 Remove Products From Cart                                        | FAIL |
2026-06-27 04:35:11.551745 Setup failed:
2026-06-27 04:35:11.551762 No keyword with name 'Open Browser' found.
2026-06-27 04:35:11.551776 
2026-06-27 04:35:11.551789 Also teardown failed:
2026-06-27 04:35:11.551801 Several failures occurred:
2026-06-27 04:35:11.551813 
2026-06-27 04:35:11.551824 1) No keyword with name 'Register Keyword To Run On Failure' found.
2026-06-27 04:35:11.551837 
2026-06-27 04:35:11.551851 2) No keyword with name 'Close Browser' found. Did you mean:
2026-06-27 04:35:11.551864     common.Close Test Browser
2026-06-27 04:35:11.551875 ------------------------------------------------------------------------------
2026-06-27 04:35:11.551887 Suites.Cart.TC17 remove products from cart :: TC17 - Remove Produc... | FAIL |
2026-06-27 04:35:11.552393 1 test, 0 passed, 1 failed
2026-06-27 04:35:11.552473 ==============================================================================
2026-06-27 04:35:11.552488 Suites.Cart                                                           | FAIL |
2026-06-27 04:35:11.552839 1 test, 0 passed, 1 failed
2026-06-27 04:35:11.552901 ==============================================================================
2026-06-27 04:35:11.552914 Suites                                                                | FAIL |
2026-06-27 04:35:11.553242 1 test, 0 passed, 1 failed
2026-06-27 04:35:11.553321 ==============================================================================
2026-06-27 04:35:11.553336 Output:  /home/runner/work/engg-robot-testing-framework/engg-robot-testing-framework/reports/pabot_results/7/output.xml
