2026-09-20 05:12:50.145361 ==============================================================================
2026-09-20 05:12:50.165157 Suites
2026-09-20 05:12:50.165177 ==============================================================================
2026-09-20 05:12:50.165191 Suites.Auth
2026-09-20 05:12:50.166138 ==============================================================================
2026-09-20 05:12:50.166160 Suites.Auth.TC04 logout user
2026-09-20 05:12:50.166160 [ ERROR ] Error in file '/home/runner/work/engg-robot-testing-framework/engg-robot-testing-framework/tests/auth/TC04_logout_user.robot' on line 2: Importing library 'playwright_keyword_library.PlaywrightKeywordLibrary' failed: ModuleNotFoundError: No module named 'playwright_keyword_library'
2026-09-20 05:12:50.185045 ==============================================================================
2026-09-20 05:12:50.185045 Traceback (most recent call last):
2026-09-20 05:12:50.185069   None
2026-09-20 05:12:50.235182 PYTHONPATH:
2026-09-20 05:12:50.285296   /opt/hostedtoolcache/Python/3.11.16/x64/bin
2026-09-20 05:12:50.335413   /opt/hostedtoolcache/Python/3.11.16/x64/lib/python311.zip
2026-09-20 05:12:50.385528   /opt/hostedtoolcache/Python/3.11.16/x64/lib/python3.11
2026-09-20 05:12:50.435634   /opt/hostedtoolcache/Python/3.11.16/x64/lib/python3.11/lib-dynload
2026-09-20 05:12:50.485763   /opt/hostedtoolcache/Python/3.11.16/x64/lib/python3.11/site-packages
2026-09-20 05:12:50.535913 [ ERROR ] Error in file '/home/runner/work/engg-robot-testing-framework/engg-robot-testing-framework/resources/auth_keywords.resource' on line 2: Importing library 'playwright_keyword_library.PlaywrightKeywordLibrary' failed: ModuleNotFoundError: No module named 'playwright_keyword_library'
2026-09-20 05:12:50.586068 Traceback (most recent call last):
2026-09-20 05:12:50.636219   None
2026-09-20 05:12:50.686366 PYTHONPATH:
2026-09-20 05:12:50.736521   /opt/hostedtoolcache/Python/3.11.16/x64/bin
2026-09-20 05:12:50.786679   /opt/hostedtoolcache/Python/3.11.16/x64/lib/python311.zip
2026-09-20 05:12:50.836828   /opt/hostedtoolcache/Python/3.11.16/x64/lib/python3.11
2026-09-20 05:12:50.886983   /opt/hostedtoolcache/Python/3.11.16/x64/lib/python3.11/lib-dynload
2026-09-20 05:12:50.937133   /opt/hostedtoolcache/Python/3.11.16/x64/lib/python3.11/site-packages
2026-09-20 05:12:50.987288 [ ERROR ] Error in file '/home/runner/work/engg-robot-testing-framework/engg-robot-testing-framework/resources/common.resource' on line 4: Importing library 'playwright_keyword_library.PlaywrightKeywordLibrary' failed: ModuleNotFoundError: No module named 'playwright_keyword_library'
2026-09-20 05:12:51.037428 Traceback (most recent call last):
2026-09-20 05:12:51.087580   None
2026-09-20 05:12:51.137735 PYTHONPATH:
2026-09-20 05:12:51.187886   /opt/hostedtoolcache/Python/3.11.16/x64/bin
2026-09-20 05:12:51.238039   /opt/hostedtoolcache/Python/3.11.16/x64/lib/python311.zip
2026-09-20 05:12:51.288176   /opt/hostedtoolcache/Python/3.11.16/x64/lib/python3.11
2026-09-20 05:12:51.338312   /opt/hostedtoolcache/Python/3.11.16/x64/lib/python3.11/lib-dynload
2026-09-20 05:12:51.388461   /opt/hostedtoolcache/Python/3.11.16/x64/lib/python3.11/site-packages
2026-09-20 05:13:00.161053 TC04 Logout User                                                      | FAIL |
2026-09-20 05:13:00.195307 Setup failed:
2026-09-20 05:13:00.195326 No keyword with name 'Open Browser' found.
2026-09-20 05:13:00.195340 
2026-09-20 05:13:00.195353 Also teardown failed:
2026-09-20 05:13:00.195367 Several failures occurred:
2026-09-20 05:13:00.195379 
2026-09-20 05:13:00.195391 1) No keyword with name 'Register Keyword To Run On Failure' found.
2026-09-20 05:13:00.195404 
2026-09-20 05:13:00.195415 2) No keyword with name 'Close Browser' found. Did you mean:
2026-09-20 05:13:00.195426     common.Close Test Browser
2026-09-20 05:13:00.195438 ------------------------------------------------------------------------------
2026-09-20 05:13:00.195449 Suites.Auth.TC04 logout user                                          | FAIL |
2026-09-20 05:13:00.195989 1 test, 0 passed, 1 failed
2026-09-20 05:13:00.196065 ==============================================================================
2026-09-20 05:13:00.196081 Suites.Auth                                                           | FAIL |
2026-09-20 05:13:00.196408 1 test, 0 passed, 1 failed
2026-09-20 05:13:00.196484 ==============================================================================
2026-09-20 05:13:00.196500 Suites                                                                | FAIL |
2026-09-20 05:13:00.196814 1 test, 0 passed, 1 failed
2026-09-20 05:13:00.196831 ==============================================================================
2026-09-20 05:13:00.196847 Output:  /home/runner/work/engg-robot-testing-framework/engg-robot-testing-framework/reports/pabot_results/3/output.xml
