2026-09-29 06:00:06.446769 ==============================================================================
2026-09-29 06:00:06.458218 Suites
2026-09-29 06:00:06.458238 ==============================================================================
2026-09-29 06:00:06.458251 Suites.Auth
2026-09-29 06:00:06.458965 ==============================================================================
2026-09-29 06:00:06.459003 Suites.Auth.TC03 login invalid
2026-09-29 06:00:06.459003 [ ERROR ] Error in file '/home/runner/work/engg-robot-testing-framework/engg-robot-testing-framework/tests/auth/TC03_login_invalid.robot' on line 2: Importing library 'playwright_keyword_library.PlaywrightKeywordLibrary' failed: ModuleNotFoundError: No module named 'playwright_keyword_library'
2026-09-29 06:00:06.475652 ==============================================================================
2026-09-29 06:00:06.475652 Traceback (most recent call last):
2026-09-29 06:00:06.475674   None
2026-09-29 06:00:06.525794 PYTHONPATH:
2026-09-29 06:00:06.575955   /opt/hostedtoolcache/Python/3.11.16/x64/bin
2026-09-29 06:00:06.626108   /opt/hostedtoolcache/Python/3.11.16/x64/lib/python311.zip
2026-09-29 06:00:06.676252   /opt/hostedtoolcache/Python/3.11.16/x64/lib/python3.11
2026-09-29 06:00:06.726374   /opt/hostedtoolcache/Python/3.11.16/x64/lib/python3.11/lib-dynload
2026-09-29 06:00:06.776539   /opt/hostedtoolcache/Python/3.11.16/x64/lib/python3.11/site-packages
2026-09-29 06:00:06.826694 [ ERROR ] Error in file '/home/runner/work/engg-robot-testing-framework/engg-robot-testing-framework/resources/auth_keywords.resource' on line 2: Importing library 'playwright_keyword_library.PlaywrightKeywordLibrary' failed: ModuleNotFoundError: No module named 'playwright_keyword_library'
2026-09-29 06:00:06.876857 Traceback (most recent call last):
2026-09-29 06:00:06.927045   None
2026-09-29 06:00:06.977207 PYTHONPATH:
2026-09-29 06:00:07.027365   /opt/hostedtoolcache/Python/3.11.16/x64/bin
2026-09-29 06:00:07.077523   /opt/hostedtoolcache/Python/3.11.16/x64/lib/python311.zip
2026-09-29 06:00:07.127681   /opt/hostedtoolcache/Python/3.11.16/x64/lib/python3.11
2026-09-29 06:00:07.177850   /opt/hostedtoolcache/Python/3.11.16/x64/lib/python3.11/lib-dynload
2026-09-29 06:00:07.228033   /opt/hostedtoolcache/Python/3.11.16/x64/lib/python3.11/site-packages
2026-09-29 06:00:07.278198 [ ERROR ] Error in file '/home/runner/work/engg-robot-testing-framework/engg-robot-testing-framework/resources/common.resource' on line 4: Importing library 'playwright_keyword_library.PlaywrightKeywordLibrary' failed: ModuleNotFoundError: No module named 'playwright_keyword_library'
2026-09-29 06:00:07.328360 Traceback (most recent call last):
2026-09-29 06:00:07.378577   None
2026-09-29 06:00:07.428766 PYTHONPATH:
2026-09-29 06:00:07.479007   /opt/hostedtoolcache/Python/3.11.16/x64/bin
2026-09-29 06:00:07.529151   /opt/hostedtoolcache/Python/3.11.16/x64/lib/python311.zip
2026-09-29 06:00:07.579326   /opt/hostedtoolcache/Python/3.11.16/x64/lib/python3.11
2026-09-29 06:00:07.629484   /opt/hostedtoolcache/Python/3.11.16/x64/lib/python3.11/lib-dynload
2026-09-29 06:00:07.679692   /opt/hostedtoolcache/Python/3.11.16/x64/lib/python3.11/site-packages
2026-09-29 06:00:16.453466 TC03 Login User With Incorrect Email And Password                     | FAIL |
2026-09-29 06:00:16.485005 Setup failed:
2026-09-29 06:00:16.485020 No keyword with name 'Open Browser' found.
2026-09-29 06:00:16.485029 
2026-09-29 06:00:16.485036 Also teardown failed:
2026-09-29 06:00:16.485043 Several failures occurred:
2026-09-29 06:00:16.485050 
2026-09-29 06:00:16.485057 1) No keyword with name 'Register Keyword To Run On Failure' found.
2026-09-29 06:00:16.485064 
2026-09-29 06:00:16.485070 2) No keyword with name 'Close Browser' found. Did you mean:
2026-09-29 06:00:16.485077     common.Close Test Browser
2026-09-29 06:00:16.485083 ------------------------------------------------------------------------------
2026-09-29 06:00:16.485090 Suites.Auth.TC03 login invalid                                        | FAIL |
2026-09-29 06:00:16.485502 1 test, 0 passed, 1 failed
2026-09-29 06:00:16.485514 ==============================================================================
2026-09-29 06:00:16.485522 Suites.Auth                                                           | FAIL |
2026-09-29 06:00:16.485777 1 test, 0 passed, 1 failed
2026-09-29 06:00:16.485824 ==============================================================================
2026-09-29 06:00:16.485831 Suites                                                                | FAIL |
2026-09-29 06:00:16.486056 1 test, 0 passed, 1 failed
2026-09-29 06:00:16.486073 ==============================================================================
2026-09-29 06:00:16.486119 Output:  /home/runner/work/engg-robot-testing-framework/engg-robot-testing-framework/reports/pabot_results/2/output.xml
