2026-08-11 02:35:29.802491 ==============================================================================
2026-08-11 02:35:29.822632 Suites
2026-08-11 02:35:29.822652 ==============================================================================
2026-08-11 02:35:29.822665 Suites.Cart
2026-08-11 02:35:29.823389 ==============================================================================
2026-08-11 02:35:29.823406 Suites.Cart.TC17 remove products from cart :: TC17 - Remove Products From Cart
2026-08-11 02:35:29.823406 [ ERROR ] Error in file '/home/runner/work/engg-robot-testing-framework/engg-robot-testing-framework/resources/common.resource' on line 4: Importing library 'playwright_keyword_library.PlaywrightKeywordLibrary' failed: ModuleNotFoundError: No module named 'playwright_keyword_library'
2026-08-11 02:35:29.850727 ==============================================================================
2026-08-11 02:35:29.850727 Traceback (most recent call last):
2026-08-11 02:35:29.850750   None
2026-08-11 02:35:29.900891 PYTHONPATH:
2026-08-11 02:35:29.951051   /opt/hostedtoolcache/Python/3.11.15/x64/bin
2026-08-11 02:35:30.001203   /opt/hostedtoolcache/Python/3.11.15/x64/lib/python311.zip
2026-08-11 02:35:30.051374   /opt/hostedtoolcache/Python/3.11.15/x64/lib/python3.11
2026-08-11 02:35:30.101583   /opt/hostedtoolcache/Python/3.11.15/x64/lib/python3.11/lib-dynload
2026-08-11 02:35:30.151746   /opt/hostedtoolcache/Python/3.11.15/x64/lib/python3.11/site-packages
2026-08-11 02:35:30.201941 [ ERROR ] Error in file '/home/runner/work/engg-robot-testing-framework/engg-robot-testing-framework/resources/product_keywords.resource' on line 2: Importing library 'playwright_keyword_library.PlaywrightKeywordLibrary' failed: ModuleNotFoundError: No module named 'playwright_keyword_library'
2026-08-11 02:35:30.252120 Traceback (most recent call last):
2026-08-11 02:35:30.302316   None
2026-08-11 02:35:30.352537 PYTHONPATH:
2026-08-11 02:35:30.402736   /opt/hostedtoolcache/Python/3.11.15/x64/bin
2026-08-11 02:35:30.452927   /opt/hostedtoolcache/Python/3.11.15/x64/lib/python311.zip
2026-08-11 02:35:30.503111   /opt/hostedtoolcache/Python/3.11.15/x64/lib/python3.11
2026-08-11 02:35:30.553273   /opt/hostedtoolcache/Python/3.11.15/x64/lib/python3.11/lib-dynload
2026-08-11 02:35:30.603463   /opt/hostedtoolcache/Python/3.11.15/x64/lib/python3.11/site-packages
2026-08-11 02:35:30.653625 [ ERROR ] Error in file '/home/runner/work/engg-robot-testing-framework/engg-robot-testing-framework/resources/cart_keywords.resource' on line 2: Importing library 'playwright_keyword_library.PlaywrightKeywordLibrary' failed: ModuleNotFoundError: No module named 'playwright_keyword_library'
2026-08-11 02:35:30.703809 Traceback (most recent call last):
2026-08-11 02:35:30.754025   None
2026-08-11 02:35:30.804219 PYTHONPATH:
2026-08-11 02:35:30.854455   /opt/hostedtoolcache/Python/3.11.15/x64/bin
2026-08-11 02:35:30.904660   /opt/hostedtoolcache/Python/3.11.15/x64/lib/python311.zip
2026-08-11 02:35:30.954875   /opt/hostedtoolcache/Python/3.11.15/x64/lib/python3.11
2026-08-11 02:35:31.005061   /opt/hostedtoolcache/Python/3.11.15/x64/lib/python3.11/lib-dynload
2026-08-11 02:35:31.055253   /opt/hostedtoolcache/Python/3.11.15/x64/lib/python3.11/site-packages
2026-08-11 02:35:39.828967 TC17 Remove Products From Cart                                        | FAIL |
2026-08-11 02:35:39.862104 Setup failed:
2026-08-11 02:35:39.862117 No keyword with name 'Open Browser' found.
2026-08-11 02:35:39.862126 
2026-08-11 02:35:39.862133 Also teardown failed:
2026-08-11 02:35:39.862140 Several failures occurred:
2026-08-11 02:35:39.862147 
2026-08-11 02:35:39.862155 1) No keyword with name 'Register Keyword To Run On Failure' found.
2026-08-11 02:35:39.862162 
2026-08-11 02:35:39.862169 2) No keyword with name 'Close Browser' found. Did you mean:
2026-08-11 02:35:39.862176     common.Close Test Browser
2026-08-11 02:35:39.862182 ------------------------------------------------------------------------------
2026-08-11 02:35:39.862189 Suites.Cart.TC17 remove products from cart :: TC17 - Remove Produc... | FAIL |
2026-08-11 02:35:39.862879 1 test, 0 passed, 1 failed
2026-08-11 02:35:39.862929 ==============================================================================
2026-08-11 02:35:39.862937 Suites.Cart                                                           | FAIL |
2026-08-11 02:35:39.863359 1 test, 0 passed, 1 failed
2026-08-11 02:35:39.863578 ==============================================================================
2026-08-11 02:35:39.863597 Suites                                                                | FAIL |
2026-08-11 02:35:39.863779 1 test, 0 passed, 1 failed
2026-08-11 02:35:39.863820 ==============================================================================
2026-08-11 02:35:39.863827 Output:  /home/runner/work/engg-robot-testing-framework/engg-robot-testing-framework/reports/pabot_results/7/output.xml
