2026-07-07 04:32:48.915058 ==============================================================================
2026-07-07 04:32:48.927298 Suites
2026-07-07 04:32:48.927318 ==============================================================================
2026-07-07 04:32:48.927332 Suites.Auth
2026-07-07 04:32:48.928054 ==============================================================================
2026-07-07 04:32:48.928070 Suites.Auth.TC04 logout user
2026-07-07 04:32:48.928070 [ ERROR ] Error in file '/home/runner/work/engg-robot-testing-framework/engg-robot-testing-framework/tests/auth/TC04_logout_user.robot' on line 2: Importing library 'playwright_keyword_library.PlaywrightKeywordLibrary' failed: ModuleNotFoundError: No module named 'playwright_keyword_library'
2026-07-07 04:32:48.944717 ==============================================================================
2026-07-07 04:32:48.944717 Traceback (most recent call last):
2026-07-07 04:32:48.944740   None
2026-07-07 04:32:48.994847 PYTHONPATH:
2026-07-07 04:32:49.044987   /opt/hostedtoolcache/Python/3.11.15/x64/bin
2026-07-07 04:32:49.095121   /opt/hostedtoolcache/Python/3.11.15/x64/lib/python311.zip
2026-07-07 04:32:49.145264   /opt/hostedtoolcache/Python/3.11.15/x64/lib/python3.11
2026-07-07 04:32:49.195442   /opt/hostedtoolcache/Python/3.11.15/x64/lib/python3.11/lib-dynload
2026-07-07 04:32:49.245593   /opt/hostedtoolcache/Python/3.11.15/x64/lib/python3.11/site-packages
2026-07-07 04:32:49.295732 [ ERROR ] Error in file '/home/runner/work/engg-robot-testing-framework/engg-robot-testing-framework/resources/auth_keywords.resource' on line 2: Importing library 'playwright_keyword_library.PlaywrightKeywordLibrary' failed: ModuleNotFoundError: No module named 'playwright_keyword_library'
2026-07-07 04:32:49.345872 Traceback (most recent call last):
2026-07-07 04:32:49.396015   None
2026-07-07 04:32:49.446156 PYTHONPATH:
2026-07-07 04:32:49.496300   /opt/hostedtoolcache/Python/3.11.15/x64/bin
2026-07-07 04:32:49.546457   /opt/hostedtoolcache/Python/3.11.15/x64/lib/python311.zip
2026-07-07 04:32:49.596600   /opt/hostedtoolcache/Python/3.11.15/x64/lib/python3.11
2026-07-07 04:32:49.646742   /opt/hostedtoolcache/Python/3.11.15/x64/lib/python3.11/lib-dynload
2026-07-07 04:32:49.696889   /opt/hostedtoolcache/Python/3.11.15/x64/lib/python3.11/site-packages
2026-07-07 04:32:49.747029 [ ERROR ] Error in file '/home/runner/work/engg-robot-testing-framework/engg-robot-testing-framework/resources/common.resource' on line 4: Importing library 'playwright_keyword_library.PlaywrightKeywordLibrary' failed: ModuleNotFoundError: No module named 'playwright_keyword_library'
2026-07-07 04:32:49.797169 Traceback (most recent call last):
2026-07-07 04:32:49.847311   None
2026-07-07 04:32:49.897451 PYTHONPATH:
2026-07-07 04:32:49.947605   /opt/hostedtoolcache/Python/3.11.15/x64/bin
2026-07-07 04:32:49.997744   /opt/hostedtoolcache/Python/3.11.15/x64/lib/python311.zip
2026-07-07 04:32:50.047886   /opt/hostedtoolcache/Python/3.11.15/x64/lib/python3.11
2026-07-07 04:32:50.098023   /opt/hostedtoolcache/Python/3.11.15/x64/lib/python3.11/lib-dynload
2026-07-07 04:32:50.148167   /opt/hostedtoolcache/Python/3.11.15/x64/lib/python3.11/site-packages
2026-07-07 04:32:58.918126 TC04 Logout User                                                      | FAIL |
2026-07-07 04:32:58.953762 Setup failed:
2026-07-07 04:32:58.953779 No keyword with name 'Open Browser' found.
2026-07-07 04:32:58.953792 
2026-07-07 04:32:58.953803 Also teardown failed:
2026-07-07 04:32:58.953815 Several failures occurred:
2026-07-07 04:32:58.953826 
2026-07-07 04:32:58.953838 1) No keyword with name 'Register Keyword To Run On Failure' found.
2026-07-07 04:32:58.953850 
2026-07-07 04:32:58.953860 2) No keyword with name 'Close Browser' found. Did you mean:
2026-07-07 04:32:58.953871     common.Close Test Browser
2026-07-07 04:32:58.953882 ------------------------------------------------------------------------------
2026-07-07 04:32:58.953891 Suites.Auth.TC04 logout user                                          | FAIL |
2026-07-07 04:32:58.954442 1 test, 0 passed, 1 failed
2026-07-07 04:32:58.954463 ==============================================================================
2026-07-07 04:32:58.954521 Suites.Auth                                                           | FAIL |
2026-07-07 04:32:58.954821 1 test, 0 passed, 1 failed
2026-07-07 04:32:58.954841 ==============================================================================
2026-07-07 04:32:58.954890 Suites                                                                | FAIL |
2026-07-07 04:32:58.955137 1 test, 0 passed, 1 failed
2026-07-07 04:32:58.955157 ==============================================================================
2026-07-07 04:32:58.955204 Output:  /home/runner/work/engg-robot-testing-framework/engg-robot-testing-framework/reports/pabot_results/3/output.xml
