2026-09-22 05:15:35.041998 ==============================================================================
2026-09-22 05:15:35.067708 Suites
2026-09-22 05:15:35.067727 ==============================================================================
2026-09-22 05:15:35.067741 Suites.Auth
2026-09-22 05:15:35.068651 ==============================================================================
2026-09-22 05:15:35.068670 Suites.Auth.TC04 logout user
2026-09-22 05:15:35.068670 [ ERROR ] Error in file '/home/runner/work/engg-robot-testing-framework/engg-robot-testing-framework/tests/auth/TC04_logout_user.robot' on line 2: Importing library 'playwright_keyword_library.PlaywrightKeywordLibrary' failed: ModuleNotFoundError: No module named 'playwright_keyword_library'
2026-09-22 05:15:35.088577 ==============================================================================
2026-09-22 05:15:35.088577 Traceback (most recent call last):
2026-09-22 05:15:35.088601   None
2026-09-22 05:15:35.138705 PYTHONPATH:
2026-09-22 05:15:35.188805   /opt/hostedtoolcache/Python/3.11.16/x64/bin
2026-09-22 05:15:35.238921   /opt/hostedtoolcache/Python/3.11.16/x64/lib/python311.zip
2026-09-22 05:15:35.289029   /opt/hostedtoolcache/Python/3.11.16/x64/lib/python3.11
2026-09-22 05:15:35.339147   /opt/hostedtoolcache/Python/3.11.16/x64/lib/python3.11/lib-dynload
2026-09-22 05:15:35.389288   /opt/hostedtoolcache/Python/3.11.16/x64/lib/python3.11/site-packages
2026-09-22 05:15:35.439438 [ ERROR ] Error in file '/home/runner/work/engg-robot-testing-framework/engg-robot-testing-framework/resources/auth_keywords.resource' on line 2: Importing library 'playwright_keyword_library.PlaywrightKeywordLibrary' failed: ModuleNotFoundError: No module named 'playwright_keyword_library'
2026-09-22 05:15:35.489633 Traceback (most recent call last):
2026-09-22 05:15:35.539786   None
2026-09-22 05:15:35.589943 PYTHONPATH:
2026-09-22 05:15:35.640113   /opt/hostedtoolcache/Python/3.11.16/x64/bin
2026-09-22 05:15:35.690272   /opt/hostedtoolcache/Python/3.11.16/x64/lib/python311.zip
2026-09-22 05:15:35.740428   /opt/hostedtoolcache/Python/3.11.16/x64/lib/python3.11
2026-09-22 05:15:35.790580   /opt/hostedtoolcache/Python/3.11.16/x64/lib/python3.11/lib-dynload
2026-09-22 05:15:35.840730   /opt/hostedtoolcache/Python/3.11.16/x64/lib/python3.11/site-packages
2026-09-22 05:15:35.890871 [ ERROR ] Error in file '/home/runner/work/engg-robot-testing-framework/engg-robot-testing-framework/resources/common.resource' on line 4: Importing library 'playwright_keyword_library.PlaywrightKeywordLibrary' failed: ModuleNotFoundError: No module named 'playwright_keyword_library'
2026-09-22 05:15:35.941028 Traceback (most recent call last):
2026-09-22 05:15:35.991143   None
2026-09-22 05:15:36.041295 PYTHONPATH:
2026-09-22 05:15:36.091480   /opt/hostedtoolcache/Python/3.11.16/x64/bin
2026-09-22 05:15:36.141599   /opt/hostedtoolcache/Python/3.11.16/x64/lib/python311.zip
2026-09-22 05:15:36.191824   /opt/hostedtoolcache/Python/3.11.16/x64/lib/python3.11
2026-09-22 05:15:36.241977   /opt/hostedtoolcache/Python/3.11.16/x64/lib/python3.11/lib-dynload
2026-09-22 05:15:36.292154   /opt/hostedtoolcache/Python/3.11.16/x64/lib/python3.11/site-packages
2026-09-22 05:15:45.067825 TC04 Logout User                                                      | FAIL |
2026-09-22 05:15:45.099457 Setup failed:
2026-09-22 05:15:45.099486 No keyword with name 'Open Browser' found.
2026-09-22 05:15:45.099507 
2026-09-22 05:15:45.099525 Also teardown failed:
2026-09-22 05:15:45.099548 Several failures occurred:
2026-09-22 05:15:45.099594 
2026-09-22 05:15:45.099619 1) No keyword with name 'Register Keyword To Run On Failure' found.
2026-09-22 05:15:45.099639 
2026-09-22 05:15:45.099658 2) No keyword with name 'Close Browser' found. Did you mean:
2026-09-22 05:15:45.099677     common.Close Test Browser
2026-09-22 05:15:45.099701 ------------------------------------------------------------------------------
2026-09-22 05:15:45.099783 Suites.Auth.TC04 logout user                                          | FAIL |
2026-09-22 05:15:45.100310 1 test, 0 passed, 1 failed
2026-09-22 05:15:45.100391 ==============================================================================
2026-09-22 05:15:45.100400 Suites.Auth                                                           | FAIL |
2026-09-22 05:15:45.100931 1 test, 0 passed, 1 failed
2026-09-22 05:15:45.100995 ==============================================================================
2026-09-22 05:15:45.101004 Suites                                                                | FAIL |
2026-09-22 05:15:45.101409 1 test, 0 passed, 1 failed
2026-09-22 05:15:45.101473 ==============================================================================
2026-09-22 05:15:45.101485 Output:  /home/runner/work/engg-robot-testing-framework/engg-robot-testing-framework/reports/pabot_results/3/output.xml
