2026-07-31 04:00:29.549130 ==============================================================================
2026-07-31 04:00:29.575349 Suites
2026-07-31 04:00:29.575368 ==============================================================================
2026-07-31 04:00:29.575383 Suites.Cart
2026-07-31 04:00:29.576307 ==============================================================================
2026-07-31 04:00:29.576326 Suites.Cart.TC17 remove products from cart :: TC17 - Remove Products From Cart
2026-07-31 04:00:29.576326 [ ERROR ] Error in file '/home/runner/work/engg-robot-testing-framework/engg-robot-testing-framework/resources/common.resource' on line 4: Importing library 'playwright_keyword_library.PlaywrightKeywordLibrary' failed: ModuleNotFoundError: No module named 'playwright_keyword_library'
2026-07-31 04:00:29.608164 ==============================================================================
2026-07-31 04:00:29.608164 Traceback (most recent call last):
2026-07-31 04:00:29.608187   None
2026-07-31 04:00:29.658333 PYTHONPATH:
2026-07-31 04:00:29.708445   /opt/hostedtoolcache/Python/3.11.15/x64/bin
2026-07-31 04:00:29.758601   /opt/hostedtoolcache/Python/3.11.15/x64/lib/python311.zip
2026-07-31 04:00:29.808714   /opt/hostedtoolcache/Python/3.11.15/x64/lib/python3.11
2026-07-31 04:00:29.858855   /opt/hostedtoolcache/Python/3.11.15/x64/lib/python3.11/lib-dynload
2026-07-31 04:00:29.908986   /opt/hostedtoolcache/Python/3.11.15/x64/lib/python3.11/site-packages
2026-07-31 04:00:29.959137 [ ERROR ] Error in file '/home/runner/work/engg-robot-testing-framework/engg-robot-testing-framework/resources/product_keywords.resource' on line 2: Importing library 'playwright_keyword_library.PlaywrightKeywordLibrary' failed: ModuleNotFoundError: No module named 'playwright_keyword_library'
2026-07-31 04:00:30.009300 Traceback (most recent call last):
2026-07-31 04:00:30.059455   None
2026-07-31 04:00:30.109623 PYTHONPATH:
2026-07-31 04:00:30.159800   /opt/hostedtoolcache/Python/3.11.15/x64/bin
2026-07-31 04:00:30.209964   /opt/hostedtoolcache/Python/3.11.15/x64/lib/python311.zip
2026-07-31 04:00:30.260108   /opt/hostedtoolcache/Python/3.11.15/x64/lib/python3.11
2026-07-31 04:00:30.310259   /opt/hostedtoolcache/Python/3.11.15/x64/lib/python3.11/lib-dynload
2026-07-31 04:00:30.360437   /opt/hostedtoolcache/Python/3.11.15/x64/lib/python3.11/site-packages
2026-07-31 04:00:30.410615 [ ERROR ] Error in file '/home/runner/work/engg-robot-testing-framework/engg-robot-testing-framework/resources/cart_keywords.resource' on line 2: Importing library 'playwright_keyword_library.PlaywrightKeywordLibrary' failed: ModuleNotFoundError: No module named 'playwright_keyword_library'
2026-07-31 04:00:30.460790 Traceback (most recent call last):
2026-07-31 04:00:30.510950   None
2026-07-31 04:00:30.561119 PYTHONPATH:
2026-07-31 04:00:30.611279   /opt/hostedtoolcache/Python/3.11.15/x64/bin
2026-07-31 04:00:30.661450   /opt/hostedtoolcache/Python/3.11.15/x64/lib/python311.zip
2026-07-31 04:00:30.711612   /opt/hostedtoolcache/Python/3.11.15/x64/lib/python3.11
2026-07-31 04:00:30.761749   /opt/hostedtoolcache/Python/3.11.15/x64/lib/python3.11/lib-dynload
2026-07-31 04:00:30.811919   /opt/hostedtoolcache/Python/3.11.15/x64/lib/python3.11/site-packages
2026-07-31 04:00:39.583816 TC17 Remove Products From Cart                                        | FAIL |
2026-07-31 04:00:39.619511 Setup failed:
2026-07-31 04:00:39.619529 No keyword with name 'Open Browser' found.
2026-07-31 04:00:39.619544 
2026-07-31 04:00:39.619558 Also teardown failed:
2026-07-31 04:00:39.619572 Several failures occurred:
2026-07-31 04:00:39.619585 
2026-07-31 04:00:39.619599 1) No keyword with name 'Register Keyword To Run On Failure' found.
2026-07-31 04:00:39.619613 
2026-07-31 04:00:39.619624 2) No keyword with name 'Close Browser' found. Did you mean:
2026-07-31 04:00:39.619636     common.Close Test Browser
2026-07-31 04:00:39.619648 ------------------------------------------------------------------------------
2026-07-31 04:00:39.619660 Suites.Cart.TC17 remove products from cart :: TC17 - Remove Produc... | FAIL |
2026-07-31 04:00:39.620243 1 test, 0 passed, 1 failed
2026-07-31 04:00:39.620260 ==============================================================================
2026-07-31 04:00:39.620272 Suites.Cart                                                           | FAIL |
2026-07-31 04:00:39.620629 1 test, 0 passed, 1 failed
2026-07-31 04:00:39.620645 ==============================================================================
2026-07-31 04:00:39.620659 Suites                                                                | FAIL |
2026-07-31 04:00:39.621018 1 test, 0 passed, 1 failed
2026-07-31 04:00:39.621037 ==============================================================================
2026-07-31 04:00:39.621050 Output:  /home/runner/work/engg-robot-testing-framework/engg-robot-testing-framework/reports/pabot_results/7/output.xml
