2026-08-04 03:49:04.501133 ==============================================================================
2026-08-04 03:49:04.516513 Suites
2026-08-04 03:49:04.516524 ==============================================================================
2026-08-04 03:49:04.516531 Suites.Auth
2026-08-04 03:49:04.517039 ==============================================================================
2026-08-04 03:49:04.517047 Suites.Auth.TC05 register existing email
2026-08-04 03:49:04.517047 [ ERROR ] Error in file '/home/runner/work/engg-robot-testing-framework/engg-robot-testing-framework/tests/auth/TC05_register_existing_email.robot' on line 2: Importing library 'playwright_keyword_library.PlaywrightKeywordLibrary' failed: ModuleNotFoundError: No module named 'playwright_keyword_library'
2026-08-04 03:49:04.528102 ==============================================================================
2026-08-04 03:49:04.528102 Traceback (most recent call last):
2026-08-04 03:49:04.528113   None
2026-08-04 03:49:04.578207 PYTHONPATH:
2026-08-04 03:49:04.628299   /opt/hostedtoolcache/Python/3.11.15/x64/bin
2026-08-04 03:49:04.678396   /opt/hostedtoolcache/Python/3.11.15/x64/lib/python311.zip
2026-08-04 03:49:04.728509   /opt/hostedtoolcache/Python/3.11.15/x64/lib/python3.11
2026-08-04 03:49:04.778614   /opt/hostedtoolcache/Python/3.11.15/x64/lib/python3.11/lib-dynload
2026-08-04 03:49:04.828701   /opt/hostedtoolcache/Python/3.11.15/x64/lib/python3.11/site-packages
2026-08-04 03:49:04.878803 [ ERROR ] Error in file '/home/runner/work/engg-robot-testing-framework/engg-robot-testing-framework/resources/auth_keywords.resource' on line 2: Importing library 'playwright_keyword_library.PlaywrightKeywordLibrary' failed: ModuleNotFoundError: No module named 'playwright_keyword_library'
2026-08-04 03:49:04.928900 Traceback (most recent call last):
2026-08-04 03:49:04.979004   None
2026-08-04 03:49:05.029112 PYTHONPATH:
2026-08-04 03:49:05.079211   /opt/hostedtoolcache/Python/3.11.15/x64/bin
2026-08-04 03:49:05.129316   /opt/hostedtoolcache/Python/3.11.15/x64/lib/python311.zip
2026-08-04 03:49:05.179406   /opt/hostedtoolcache/Python/3.11.15/x64/lib/python3.11
2026-08-04 03:49:05.229521   /opt/hostedtoolcache/Python/3.11.15/x64/lib/python3.11/lib-dynload
2026-08-04 03:49:05.279638   /opt/hostedtoolcache/Python/3.11.15/x64/lib/python3.11/site-packages
2026-08-04 03:49:05.329734 [ ERROR ] Error in file '/home/runner/work/engg-robot-testing-framework/engg-robot-testing-framework/resources/common.resource' on line 4: Importing library 'playwright_keyword_library.PlaywrightKeywordLibrary' failed: ModuleNotFoundError: No module named 'playwright_keyword_library'
2026-08-04 03:49:05.379846 Traceback (most recent call last):
2026-08-04 03:49:05.429934   None
2026-08-04 03:49:05.480042 PYTHONPATH:
2026-08-04 03:49:05.530135   /opt/hostedtoolcache/Python/3.11.15/x64/bin
2026-08-04 03:49:05.580233   /opt/hostedtoolcache/Python/3.11.15/x64/lib/python311.zip
2026-08-04 03:49:05.630323   /opt/hostedtoolcache/Python/3.11.15/x64/lib/python3.11
2026-08-04 03:49:05.680399   /opt/hostedtoolcache/Python/3.11.15/x64/lib/python3.11/lib-dynload
2026-08-04 03:49:05.730495   /opt/hostedtoolcache/Python/3.11.15/x64/lib/python3.11/site-packages
2026-08-04 03:49:14.495604 TC05 Register User With Existing Email                                | FAIL |
2026-08-04 03:49:14.534505 Setup failed:
2026-08-04 03:49:14.534515 No keyword with name 'Open Browser' found.
2026-08-04 03:49:14.534519 
2026-08-04 03:49:14.534523 Also teardown failed:
2026-08-04 03:49:14.534527 Several failures occurred:
2026-08-04 03:49:14.534531 
2026-08-04 03:49:14.534534 1) No keyword with name 'Register Keyword To Run On Failure' found.
2026-08-04 03:49:14.534538 
2026-08-04 03:49:14.534541 2) No keyword with name 'Close Browser' found. Did you mean:
2026-08-04 03:49:14.534545     common.Close Test Browser
2026-08-04 03:49:14.534548 ------------------------------------------------------------------------------
2026-08-04 03:49:14.534552 Suites.Auth.TC05 register existing email                              | FAIL |
2026-08-04 03:49:14.534939 1 test, 0 passed, 1 failed
2026-08-04 03:49:14.534943 ==============================================================================
2026-08-04 03:49:14.534947 Suites.Auth                                                           | FAIL |
2026-08-04 03:49:14.535184 1 test, 0 passed, 1 failed
2026-08-04 03:49:14.535187 ==============================================================================
2026-08-04 03:49:14.535191 Suites                                                                | FAIL |
2026-08-04 03:49:14.535389 1 test, 0 passed, 1 failed
2026-08-04 03:49:14.535446 ==============================================================================
2026-08-04 03:49:14.535450 Output:  /home/runner/work/engg-robot-testing-framework/engg-robot-testing-framework/reports/pabot_results/4/output.xml
