2026-06-12 05:14:03.967852 ==============================================================================
2026-06-12 05:14:03.982074 Suites
2026-06-12 05:14:03.982088 ==============================================================================
2026-06-12 05:14:03.982096 Suites.Auth
2026-06-12 05:14:03.982794 ==============================================================================
2026-06-12 05:14:04.083031 Suites.Auth.TC03 login invalid
2026-06-12 05:14:04.089533 ==============================================================================
2026-06-12 05:14:15.070789 TC03 Login User With Incorrect Email And Password                     | FAIL |
2026-06-12 05:14:15.088904 Setup failed:
2026-06-12 05:14:15.088917 Title should have been 'Automation Exercise' but was 'One moment, please...'.
2026-06-12 05:14:15.088926 ------------------------------------------------------------------------------
2026-06-12 05:14:15.088932 Suites.Auth.TC03 login invalid                                        | FAIL |
2026-06-12 05:14:15.089496 1 test, 0 passed, 1 failed
2026-06-12 05:14:15.089505 ==============================================================================
2026-06-12 05:14:15.089512 Suites.Auth                                                           | FAIL |
2026-06-12 05:14:15.089794 1 test, 0 passed, 1 failed
2026-06-12 05:14:15.089832 ==============================================================================
2026-06-12 05:14:15.089839 Suites                                                                | FAIL |
2026-06-12 05:14:15.090043 1 test, 0 passed, 1 failed
2026-06-12 05:14:15.090082 ==============================================================================
2026-06-12 05:14:15.090089 Output:  /home/runner/work/engg-robot-testing-framework/engg-robot-testing-framework/reports/pabot_results/2/output.xml
