2026-09-22 05:16:06.319769 ==============================================================================
2026-09-22 05:16:06.341168 Suites
2026-09-22 05:16:06.341191 ==============================================================================
2026-09-22 05:16:06.341206 Suites.Cart
2026-09-22 05:16:06.342039 ==============================================================================
2026-09-22 05:16:06.342058 Suites.Cart.TC20 search and verify cart after login :: TC20 - Search Produc...
2026-09-22 05:16:06.342058 [ ERROR ] Error in file '/home/runner/work/engg-robot-testing-framework/engg-robot-testing-framework/tests/cart/TC20_search_and_verify_cart_after_login.robot' on line 3: Importing library 'playwright_keyword_library.PlaywrightKeywordLibrary' failed: ModuleNotFoundError: No module named 'playwright_keyword_library'
2026-09-22 05:16:06.379382 ==============================================================================
2026-09-22 05:16:06.379382 Traceback (most recent call last):
2026-09-22 05:16:06.379412   None
2026-09-22 05:16:06.429533 PYTHONPATH:
2026-09-22 05:16:06.479648   /opt/hostedtoolcache/Python/3.11.16/x64/bin
2026-09-22 05:16:06.529760   /opt/hostedtoolcache/Python/3.11.16/x64/lib/python311.zip
2026-09-22 05:16:06.579876   /opt/hostedtoolcache/Python/3.11.16/x64/lib/python3.11
2026-09-22 05:16:06.629996   /opt/hostedtoolcache/Python/3.11.16/x64/lib/python3.11/lib-dynload
2026-09-22 05:16:06.680107   /opt/hostedtoolcache/Python/3.11.16/x64/lib/python3.11/site-packages
2026-09-22 05:16:06.730270 [ ERROR ] Error in file '/home/runner/work/engg-robot-testing-framework/engg-robot-testing-framework/resources/common.resource' on line 4: Importing library 'playwright_keyword_library.PlaywrightKeywordLibrary' failed: ModuleNotFoundError: No module named 'playwright_keyword_library'
2026-09-22 05:16:06.780386 Traceback (most recent call last):
2026-09-22 05:16:06.830547   None
2026-09-22 05:16:06.880698 PYTHONPATH:
2026-09-22 05:16:06.930861   /opt/hostedtoolcache/Python/3.11.16/x64/bin
2026-09-22 05:16:06.981025   /opt/hostedtoolcache/Python/3.11.16/x64/lib/python311.zip
2026-09-22 05:16:07.031196   /opt/hostedtoolcache/Python/3.11.16/x64/lib/python3.11
2026-09-22 05:16:07.081307   /opt/hostedtoolcache/Python/3.11.16/x64/lib/python3.11/lib-dynload
2026-09-22 05:16:07.131483   /opt/hostedtoolcache/Python/3.11.16/x64/lib/python3.11/site-packages
2026-09-22 05:16:07.181595 [ ERROR ] Error in file '/home/runner/work/engg-robot-testing-framework/engg-robot-testing-framework/resources/product_keywords.resource' on line 2: Importing library 'playwright_keyword_library.PlaywrightKeywordLibrary' failed: ModuleNotFoundError: No module named 'playwright_keyword_library'
2026-09-22 05:16:07.231772 Traceback (most recent call last):
2026-09-22 05:16:07.281901   None
2026-09-22 05:16:07.332044 PYTHONPATH:
2026-09-22 05:16:07.382211   /opt/hostedtoolcache/Python/3.11.16/x64/bin
2026-09-22 05:16:07.432405   /opt/hostedtoolcache/Python/3.11.16/x64/lib/python311.zip
2026-09-22 05:16:07.482541   /opt/hostedtoolcache/Python/3.11.16/x64/lib/python3.11
2026-09-22 05:16:07.532669   /opt/hostedtoolcache/Python/3.11.16/x64/lib/python3.11/lib-dynload
2026-09-22 05:16:07.582785   /opt/hostedtoolcache/Python/3.11.16/x64/lib/python3.11/site-packages
2026-09-22 05:16:07.632951 [ ERROR ] Error in file '/home/runner/work/engg-robot-testing-framework/engg-robot-testing-framework/resources/cart_keywords.resource' on line 2: Importing library 'playwright_keyword_library.PlaywrightKeywordLibrary' failed: ModuleNotFoundError: No module named 'playwright_keyword_library'
2026-09-22 05:16:07.683119 Traceback (most recent call last):
2026-09-22 05:16:07.733307   None
2026-09-22 05:16:07.783473 PYTHONPATH:
2026-09-22 05:16:07.833653   /opt/hostedtoolcache/Python/3.11.16/x64/bin
2026-09-22 05:16:07.883826   /opt/hostedtoolcache/Python/3.11.16/x64/lib/python311.zip
2026-09-22 05:16:07.934020   /opt/hostedtoolcache/Python/3.11.16/x64/lib/python3.11
2026-09-22 05:16:07.984192   /opt/hostedtoolcache/Python/3.11.16/x64/lib/python3.11/lib-dynload
2026-09-22 05:16:08.034374   /opt/hostedtoolcache/Python/3.11.16/x64/lib/python3.11/site-packages
2026-09-22 05:16:08.084536 [ ERROR ] Error in file '/home/runner/work/engg-robot-testing-framework/engg-robot-testing-framework/resources/auth_keywords.resource' on line 2: Importing library 'playwright_keyword_library.PlaywrightKeywordLibrary' failed: ModuleNotFoundError: No module named 'playwright_keyword_library'
2026-09-22 05:16:08.134722 Traceback (most recent call last):
2026-09-22 05:16:08.184893   None
2026-09-22 05:16:08.235095 PYTHONPATH:
2026-09-22 05:16:08.285266   /opt/hostedtoolcache/Python/3.11.16/x64/bin
2026-09-22 05:16:08.335453   /opt/hostedtoolcache/Python/3.11.16/x64/lib/python311.zip
2026-09-22 05:16:08.385605   /opt/hostedtoolcache/Python/3.11.16/x64/lib/python3.11
2026-09-22 05:16:08.435782   /opt/hostedtoolcache/Python/3.11.16/x64/lib/python3.11/lib-dynload
2026-09-22 05:16:08.485954   /opt/hostedtoolcache/Python/3.11.16/x64/lib/python3.11/site-packages
2026-09-22 05:16:16.357101 TC20 Search Products And Verify Cart After Login                      | FAIL |
2026-09-22 05:16:16.391753 Setup failed:
2026-09-22 05:16:16.391763 No keyword with name 'Open Browser' found.
2026-09-22 05:16:16.391770 
2026-09-22 05:16:16.391777 Also teardown failed:
2026-09-22 05:16:16.391784 Several failures occurred:
2026-09-22 05:16:16.391790 
2026-09-22 05:16:16.391797 1) No keyword with name 'Register Keyword To Run On Failure' found.
2026-09-22 05:16:16.391803 
2026-09-22 05:16:16.391810 2) No keyword with name 'Close Browser' found. Did you mean:
2026-09-22 05:16:16.391816     common.Close Test Browser
2026-09-22 05:16:16.391822 ------------------------------------------------------------------------------
2026-09-22 05:16:16.391828 Suites.Cart.TC20 search and verify cart after login :: TC20 - Sear... | FAIL |
2026-09-22 05:16:16.392647 1 test, 0 passed, 1 failed
2026-09-22 05:16:16.392708 ==============================================================================
2026-09-22 05:16:16.392716 Suites.Cart                                                           | FAIL |
2026-09-22 05:16:16.393203 1 test, 0 passed, 1 failed
2026-09-22 05:16:16.393249 ==============================================================================
2026-09-22 05:16:16.393257 Suites                                                                | FAIL |
2026-09-22 05:16:16.393702 1 test, 0 passed, 1 failed
2026-09-22 05:16:16.393758 ==============================================================================
2026-09-22 05:16:16.393766 Output:  /home/runner/work/engg-robot-testing-framework/engg-robot-testing-framework/reports/pabot_results/8/output.xml
