2026-10-09 06:30:18.666585 ==============================================================================
2026-10-09 06:30:18.684045 Suites
2026-10-09 06:30:18.684066 ==============================================================================
2026-10-09 06:30:18.684114 Suites.Cart
2026-10-09 06:30:18.684895 ==============================================================================
2026-10-09 06:30:18.684914 Suites.Cart.TC17 remove products from cart :: TC17 - Remove Products From Cart
2026-10-09 06:30:18.684914 [ ERROR ] Error in file '/home/runner/work/engg-robot-testing-framework/engg-robot-testing-framework/resources/common.resource' on line 4: Importing library 'playwright_keyword_library.PlaywrightKeywordLibrary' failed: ModuleNotFoundError: No module named 'playwright_keyword_library'
2026-10-09 06:30:18.715828 ==============================================================================
2026-10-09 06:30:18.715828 Traceback (most recent call last):
2026-10-09 06:30:18.715853   None
2026-10-09 06:30:18.765978 PYTHONPATH:
2026-10-09 06:30:18.816101   /opt/hostedtoolcache/Python/3.11.17/x64/bin
2026-10-09 06:30:18.866247   /opt/hostedtoolcache/Python/3.11.17/x64/lib/python311.zip
2026-10-09 06:30:18.916408   /opt/hostedtoolcache/Python/3.11.17/x64/lib/python3.11
2026-10-09 06:30:18.966528   /opt/hostedtoolcache/Python/3.11.17/x64/lib/python3.11/lib-dynload
2026-10-09 06:30:19.016690   /opt/hostedtoolcache/Python/3.11.17/x64/lib/python3.11/site-packages
2026-10-09 06:30:19.066854 [ ERROR ] Error in file '/home/runner/work/engg-robot-testing-framework/engg-robot-testing-framework/resources/product_keywords.resource' on line 2: Importing library 'playwright_keyword_library.PlaywrightKeywordLibrary' failed: ModuleNotFoundError: No module named 'playwright_keyword_library'
2026-10-09 06:30:19.117010 Traceback (most recent call last):
2026-10-09 06:30:19.167156   None
2026-10-09 06:30:19.217288 PYTHONPATH:
2026-10-09 06:30:19.267434   /opt/hostedtoolcache/Python/3.11.17/x64/bin
2026-10-09 06:30:19.317573   /opt/hostedtoolcache/Python/3.11.17/x64/lib/python311.zip
2026-10-09 06:30:19.367734   /opt/hostedtoolcache/Python/3.11.17/x64/lib/python3.11
2026-10-09 06:30:19.417874   /opt/hostedtoolcache/Python/3.11.17/x64/lib/python3.11/lib-dynload
2026-10-09 06:30:19.468031   /opt/hostedtoolcache/Python/3.11.17/x64/lib/python3.11/site-packages
2026-10-09 06:30:19.518169 [ ERROR ] Error in file '/home/runner/work/engg-robot-testing-framework/engg-robot-testing-framework/resources/cart_keywords.resource' on line 2: Importing library 'playwright_keyword_library.PlaywrightKeywordLibrary' failed: ModuleNotFoundError: No module named 'playwright_keyword_library'
2026-10-09 06:30:19.568348 Traceback (most recent call last):
2026-10-09 06:30:19.618461   None
2026-10-09 06:30:19.668613 PYTHONPATH:
2026-10-09 06:30:19.718719   /opt/hostedtoolcache/Python/3.11.17/x64/bin
2026-10-09 06:30:19.768857   /opt/hostedtoolcache/Python/3.11.17/x64/lib/python311.zip
2026-10-09 06:30:19.818967   /opt/hostedtoolcache/Python/3.11.17/x64/lib/python3.11
2026-10-09 06:30:19.869107   /opt/hostedtoolcache/Python/3.11.17/x64/lib/python3.11/lib-dynload
2026-10-09 06:30:19.919219   /opt/hostedtoolcache/Python/3.11.17/x64/lib/python3.11/site-packages
2026-10-09 06:30:28.692446 TC17 Remove Products From Cart                                        | FAIL |
2026-10-09 06:30:28.727144 Setup failed:
2026-10-09 06:30:28.727164 No keyword with name 'Open Browser' found.
2026-10-09 06:30:28.727179 
2026-10-09 06:30:28.727194 Also teardown failed:
2026-10-09 06:30:28.727208 Several failures occurred:
2026-10-09 06:30:28.727221 
2026-10-09 06:30:28.727233 1) No keyword with name 'Register Keyword To Run On Failure' found.
2026-10-09 06:30:28.727245 
2026-10-09 06:30:28.727256 2) No keyword with name 'Close Browser' found. Did you mean:
2026-10-09 06:30:28.727268     common.Close Test Browser
2026-10-09 06:30:28.727279 ------------------------------------------------------------------------------
2026-10-09 06:30:28.727291 Suites.Cart.TC17 remove products from cart :: TC17 - Remove Produc... | FAIL |
2026-10-09 06:30:28.727808 1 test, 0 passed, 1 failed
2026-10-09 06:30:28.727826 ==============================================================================
2026-10-09 06:30:28.727839 Suites.Cart                                                           | FAIL |
2026-10-09 06:30:28.729128 1 test, 0 passed, 1 failed
2026-10-09 06:30:28.729144 ==============================================================================
2026-10-09 06:30:28.729156 Suites                                                                | FAIL |
2026-10-09 06:30:28.729169 1 test, 0 passed, 1 failed
2026-10-09 06:30:28.729182 ==============================================================================
2026-10-09 06:30:28.729194 Output:  /home/runner/work/engg-robot-testing-framework/engg-robot-testing-framework/reports/pabot_results/7/output.xml
