2026-07-26 04:06:00.978515 ==============================================================================
2026-07-26 04:06:01.008085 Suites
2026-07-26 04:06:01.008101 ==============================================================================
2026-07-26 04:06:01.008112 Suites.Auth
2026-07-26 04:06:01.008635 ==============================================================================
2026-07-26 04:06:01.008649 Suites.Auth.TC05 register existing email
2026-07-26 04:06:01.008649 [ ERROR ] Error in file '/home/runner/work/engg-robot-testing-framework/engg-robot-testing-framework/tests/auth/TC05_register_existing_email.robot' on line 2: Importing library 'playwright_keyword_library.PlaywrightKeywordLibrary' failed: ModuleNotFoundError: No module named 'playwright_keyword_library'
2026-07-26 04:06:01.021717 ==============================================================================
2026-07-26 04:06:01.021717 Traceback (most recent call last):
2026-07-26 04:06:01.021735   None
2026-07-26 04:06:01.071863 PYTHONPATH:
2026-07-26 04:06:01.122028   /opt/hostedtoolcache/Python/3.11.15/x64/bin
2026-07-26 04:06:01.172177   /opt/hostedtoolcache/Python/3.11.15/x64/lib/python311.zip
2026-07-26 04:06:01.222332   /opt/hostedtoolcache/Python/3.11.15/x64/lib/python3.11
2026-07-26 04:06:01.272486   /opt/hostedtoolcache/Python/3.11.15/x64/lib/python3.11/lib-dynload
2026-07-26 04:06:01.322641   /opt/hostedtoolcache/Python/3.11.15/x64/lib/python3.11/site-packages
2026-07-26 04:06:01.372817 [ ERROR ] Error in file '/home/runner/work/engg-robot-testing-framework/engg-robot-testing-framework/resources/auth_keywords.resource' on line 2: Importing library 'playwright_keyword_library.PlaywrightKeywordLibrary' failed: ModuleNotFoundError: No module named 'playwright_keyword_library'
2026-07-26 04:06:01.422976 Traceback (most recent call last):
2026-07-26 04:06:01.473125   None
2026-07-26 04:06:01.523289 PYTHONPATH:
2026-07-26 04:06:01.573413   /opt/hostedtoolcache/Python/3.11.15/x64/bin
2026-07-26 04:06:01.623571   /opt/hostedtoolcache/Python/3.11.15/x64/lib/python311.zip
2026-07-26 04:06:01.673703   /opt/hostedtoolcache/Python/3.11.15/x64/lib/python3.11
2026-07-26 04:06:01.723861   /opt/hostedtoolcache/Python/3.11.15/x64/lib/python3.11/lib-dynload
2026-07-26 04:06:01.774008   /opt/hostedtoolcache/Python/3.11.15/x64/lib/python3.11/site-packages
2026-07-26 04:06:01.824161 [ ERROR ] Error in file '/home/runner/work/engg-robot-testing-framework/engg-robot-testing-framework/resources/common.resource' on line 4: Importing library 'playwright_keyword_library.PlaywrightKeywordLibrary' failed: ModuleNotFoundError: No module named 'playwright_keyword_library'
2026-07-26 04:06:01.874319 Traceback (most recent call last):
2026-07-26 04:06:01.924473   None
2026-07-26 04:06:01.974606 PYTHONPATH:
2026-07-26 04:06:02.024795   /opt/hostedtoolcache/Python/3.11.15/x64/bin
2026-07-26 04:06:02.074939   /opt/hostedtoolcache/Python/3.11.15/x64/lib/python311.zip
2026-07-26 04:06:02.125104   /opt/hostedtoolcache/Python/3.11.15/x64/lib/python3.11
2026-07-26 04:06:02.175255   /opt/hostedtoolcache/Python/3.11.15/x64/lib/python3.11/lib-dynload
2026-07-26 04:06:02.225420   /opt/hostedtoolcache/Python/3.11.15/x64/lib/python3.11/site-packages
2026-07-26 04:06:10.995044 TC05 Register User With Existing Email                                | FAIL |
2026-07-26 04:06:11.028994 Setup failed:
2026-07-26 04:06:11.029009 No keyword with name 'Open Browser' found.
2026-07-26 04:06:11.029019 
2026-07-26 04:06:11.029029 Also teardown failed:
2026-07-26 04:06:11.029037 Several failures occurred:
2026-07-26 04:06:11.029045 
2026-07-26 04:06:11.029054 1) No keyword with name 'Register Keyword To Run On Failure' found.
2026-07-26 04:06:11.029062 
2026-07-26 04:06:11.029070 2) No keyword with name 'Close Browser' found. Did you mean:
2026-07-26 04:06:11.029078     common.Close Test Browser
2026-07-26 04:06:11.029086 ------------------------------------------------------------------------------
2026-07-26 04:06:11.029094 Suites.Auth.TC05 register existing email                              | FAIL |
2026-07-26 04:06:11.029458 1 test, 0 passed, 1 failed
2026-07-26 04:06:11.029475 ==============================================================================
2026-07-26 04:06:11.029517 Suites.Auth                                                           | FAIL |
2026-07-26 04:06:11.029748 1 test, 0 passed, 1 failed
2026-07-26 04:06:11.029813 ==============================================================================
2026-07-26 04:06:11.029824 Suites                                                                | FAIL |
2026-07-26 04:06:11.030034 1 test, 0 passed, 1 failed
2026-07-26 04:06:11.030046 ==============================================================================
2026-07-26 04:06:11.030055 Output:  /home/runner/work/engg-robot-testing-framework/engg-robot-testing-framework/reports/pabot_results/4/output.xml
